 *** Program HOLE ***
 
 If results of this run are reported or published, please
 cite the publication listed below.
 For the HOLE program:
   Smart, O.S., Goodfellow, J.M., Wallace, B.A. (1993). 
   The pore dimensions of gramicidin A. 
   Biophys. J., 65, 2455-2460.
 
 Originally written by Oliver Smart at Birkbeck College from April 1992.
 Copyright 1993-2005 Oliver Smart
 Copyright 2014-2015 SmartSci Limited.
 Copyright 2016 Oliver Smart.
 
 For help on HOLE suite see  http://www.holeprogram.org/
 
 HOLE release 2.2.005 (07 August 2016) 
 
 usage subject to Apache License, Version 2.0 
 see http://www.apache.org/licenses/LICENSE-2.0 

 Control variables read:

! Input file for Oliver Smart's HOLE program
! written by MDAnalysis.analysis.hole2.HoleAnalysis
! for a Universe
! u = mda.Universe(/afs/crc.nd.edu/user/m/mfarshad/Private/ML-new/traj/host-dcdd
!    /afs/crc.nd.edu/user/m/mfarshad/Private/ML-new/traj/host-dcddc2/host_dcddc2
!   )
! Frame 91

COORD  /tmp/2550296.1.long/tmpt36oihq2.pdb
RADIUS simple2.rad
SPHPDB hole091.sph
SAMPLE 0.200000
ENDRAD 22.000000
IGNORE SOL WAT TIP HOH K   NA  CL
SHORTO 0
RASEED 31415
CPOINT 38.2692556140 35.3533509774 36.3687828161


 WARNING have not found a CVECT record - will try to guess
 Input pdb filename read as:    '/tmp/2550296.1.long/tmpt36oihq2.pdb'
 Input vdW radius file read as: 'simple2.rad'
 point in channel:   38.269  35.353  36.369
 channel vector:   ************************
 sampling distance between planes:    0.200

 graphics conditions:
 binary plot output file name: NONE
 Dot density:    10
 Draw dots?           T
 Draw close contacts? F
 Draw centre line?    T
 Produce spikes rather than dots? F
 Seed for random number generator:     31415 (0 means value set by program)
 Radius above which a result is regarded as an 'end':  22.000
 Pdb format file for sphere centres: hole091.sph

 Monte Carlo conditions:
  no of steps:  1000
  maximum displacement   0.100 angs
  'kT' initial   0.100 angs
 The spherebox and capsule options are turned off.
 (No molqpt card so will not write qpt file of the molecule)
 IGNORE card read so will ignore residue types: SOL WAT TIP HOH K   NA  CL
 no SHORTO card read so will produce full textual output
 As no PEGRAT card was found will not produce PEG polymer exclusion graph
 (No 2DMAPS card specified so will not produce 2D property maps)
 Have not found a CUT card.  Normal calculation using
   Cutoff lists with a cutsize=       1.000
   (if you wish to turn off option use a CUT -1 card)

 Have read     7 bond radius records and
              16 vdW radius records.
 From file: simple2.rad

 Have read   158 atom records.
 From file: /tmp/2550296.1.long/tmpt36oihq2.pdb
 Will not produce graphical output

 Have opened file for pdb format output of sphere centres:  hole091.sph

  Seed integer used by ran # generator on this run      31415

 
 S/R cguess will try to guess CPOINT and/or CVECT
 
 THESE GUESSES MAY WELL BE WRONG!!!!
 Routine relies on having a reasonably symmetric
 channel oriented along x, y or z vector
 YOU ARE STRONGLY ADVISED TO CHECK THE RESULTS
                       WITH MOLECULAR GRAPHICS
 testing points from cpoint in X, Y then Z direction
   point                   pore radius
direction     1
  33.269  35.353  36.369    -0.051
  34.269  35.353  36.369    -0.276
  35.269  35.353  36.369    -0.326
  36.269  35.353  36.369     0.478
  37.269  35.353  36.369     0.790
  38.269  35.353  36.369     1.227
  39.269  35.353  36.369     0.950
  40.269  35.353  36.369     0.719
  41.269  35.353  36.369     0.861
  42.269  35.353  36.369     0.473
  43.269  35.353  36.369    -0.405
 Average pore radius along the line=      0.404
direction     2
  38.269  30.353  36.369    -0.212
  38.269  31.353  36.369    -1.016
  38.269  32.353  36.369    -1.140
  38.269  33.353  36.369    -0.416
  38.269  34.353  36.369     0.506
  38.269  35.353  36.369     1.227
  38.269  36.353  36.369     0.544
  38.269  37.353  36.369     0.013
  38.269  38.353  36.369    -0.603
  38.269  39.353  36.369    -0.864
  38.269  40.353  36.369    -0.581
 Average pore radius along the line=     -0.231
direction     3
  38.269  35.353  31.369     3.717
  38.269  35.353  32.369     3.033
  38.269  35.353  33.369     2.469
  38.269  35.353  34.369     2.075
  38.269  35.353  35.369     1.608
  38.269  35.353  36.369     1.227
  38.269  35.353  37.369     1.107
  38.269  35.353  38.369     0.898
  38.269  35.353  39.369     0.996
  38.269  35.353  40.369     1.391
  38.269  35.353  41.369     1.359
 Average pore radius along the line=      1.807
 Best direction is found to be     3
(1=X,2=Y,3=Z)
 s/r cguess has produced initial values for cpoint &/or cvect:
CPOINT      38.2693     35.3533     36.3688
CVECT        0.0000      0.0000      1.0000
 THESE GUESSES MAY WELL BE WRONG!!!!
 Routine relies on having a reasonably symmetric
 channel oriented along x, y or z vector
 YOU ARE STRONGLY ADVISED TO CHECK THE RESULTS
                       WITH MOLECULAR GRAPHICS
 
 
  Some routines (e.g. conn) need vectors normal to cvect: 
     EAST Zero degrees angle is along vector    1.000   0.000   0.000
     NORTH  90 degrees angle is along vector    0.000  -1.000   0.000
 highest radius point found:
  at point   38.511  35.333  36.369
  closest atom surface    1.399   H42 DCD X    1
  2nd closest surface     1.399   H10 DCD X    1
  found on step  836
 current point:
  at point   38.513  35.337  36.369
  closest atom surface    1.397   H10 DCD X    1
  2nd closest surface     1.399   H42 DCD X    1
  found on step  997
  no. of rejections          378
 stored as     0

 highest radius point found:
  at point   38.500  35.406  36.569
  closest atom surface    1.298   H42 DCD X    1
  2nd closest surface     1.312   H10 DCD X    1
  found on step   35
 current point:
  at point   39.132  36.110  36.569
  closest atom surface    1.227   C6  DCD X    1
  2nd closest surface     1.228   H42 DCD X    1
  found on step  947
  no. of rejections          335
 stored as     1

 highest radius point found:
  at point   38.276  35.207  36.769
  closest atom surface    1.307   H10 DCD X    1
  2nd closest surface     1.308   S4  DCD X    1
  found on step  809
 current point:
  at point   38.283  35.213  36.769
  closest atom surface    1.306   H10 DCD X    1
  2nd closest surface     1.308   H42 DCD X    1
  found on step  974
  no. of rejections          382
 stored as     2

 highest radius point found:
  at point   38.176  35.162  36.969
  closest atom surface    1.292   H42 DCD X    1
  2nd closest surface     1.293   H10 DCD X    1
  found on step  979
  this is also current point
  no. of rejections          389
 stored as     3

 highest radius point found:
  at point   38.074  35.111  37.169
  closest atom surface    1.289   S4  DCD X    1
  2nd closest surface     1.290   C6  DCD X    1
  found on step   51
 current point:
  at point   38.062  35.107  37.169
  closest atom surface    1.289   S4  DCD X    1
  2nd closest surface     1.289   C6  DCD X    1
  found on step  983
  no. of rejections          396
 stored as     4

 highest radius point found:
  at point   37.999  35.106  37.369
  closest atom surface    1.260   C6  DCD X    1
  2nd closest surface     1.260   C42 DCD X    1
  found on step  623
 current point:
  at point   38.009  35.108  37.369
  closest atom surface    1.260   C34 DCD X    1
  2nd closest surface     1.262   C6  DCD X    1
  found on step  959
  no. of rejections          396
 stored as     5

 highest radius point found:
  at point   37.984  35.146  37.569
  closest atom surface    1.223   C34 DCD X    1
  2nd closest surface     1.223   C6  DCD X    1
  found on step  364
 current point:
  at point   37.981  35.139  37.569
  closest atom surface    1.222   C42 DCD X    1
  2nd closest surface     1.222   C34 DCD X    1
  found on step  977
  no. of rejections          398
 stored as     6

 highest radius point found:
  at point   37.954  35.185  37.769
  closest atom surface    1.196   C42 DCD X    1
  2nd closest surface     1.197   C6  DCD X    1
  found on step  516
 current point:
  at point   37.958  35.176  37.769
  closest atom surface    1.195   C42 DCD X    1
  2nd closest surface     1.196   C34 DCD X    1
  found on step  973
  no. of rejections          381
 stored as     7

 highest radius point found:
  at point   37.936  35.224  37.969
  closest atom surface    1.187   C42 DCD X    1
  2nd closest surface     1.188   C34 DCD X    1
  found on step  972
  this is also current point
  no. of rejections          412
 stored as     8

 highest radius point found:
  at point   37.913  35.265  38.169
  closest atom surface    1.190   C6  DCD X    1
  2nd closest surface     1.190   C42 DCD X    1
  found on step  924
  this is also current point
  no. of rejections          400
 stored as     9

 highest radius point found:
  at point   37.892  35.306  38.369
  closest atom surface    1.206   C6  DCD X    1
  2nd closest surface     1.206   C34 DCD X    1
  found on step  867
  this is also current point
  no. of rejections          409
 stored as    10

 highest radius point found:
  at point   37.875  35.331  38.569
  closest atom surface    1.225   C34 DCD X    1
  2nd closest surface     1.225   C56 DCD X    1
  found on step  796
 current point:
  at point   37.873  35.328  38.569
  closest atom surface    1.224   C34 DCD X    1
  2nd closest surface     1.225   C56 DCD X    1
  found on step  950
  no. of rejections          391
 stored as    11

 highest radius point found:
  at point   37.868  35.294  38.769
  closest atom surface    1.216   C56 DCD X    1
  2nd closest surface     1.219   C34 DCD X    1
  found on step    4
 current point:
  at point   37.882  35.315  38.769
  closest atom surface    1.216   C56 DCD X    1
  2nd closest surface     1.216   C34 DCD X    1
  found on step  958
  no. of rejections          392
 stored as    12

 highest radius point found:
  at point   38.123  35.706  38.969
  closest atom surface    1.227   C6  DCD X    1
  2nd closest surface     1.227   C34 DCD X    1
  found on step  998
  this is also current point
  no. of rejections          386
 stored as    13

 highest radius point found:
  at point   38.232  35.868  39.169
  closest atom surface    1.268   C56 DCD X    1
  2nd closest surface     1.268   C34 DCD X    1
  found on step  816
 current point:
  at point   38.243  35.885  39.169
  closest atom surface    1.264   C6  DCD X    1
  2nd closest surface     1.269   C34 DCD X    1
  found on step  994
  no. of rejections          396
 stored as    14

 highest radius point found:
  at point   38.290  35.935  39.369
  closest atom surface    1.302   O22 DCD X    1
  2nd closest surface     1.309   C34 DCD X    1
  found on step   11
 current point:
  at point   37.851  35.177  39.369
  closest atom surface    1.277   C56 DCD X    1
  2nd closest surface     1.278   C34 DCD X    1
  found on step  976
  no. of rejections          399
 stored as    15

 highest radius point found:
  at point   38.559  36.233  39.569
  closest atom surface    1.378   C34 DCD X    1
  2nd closest surface     1.379   H9  DCD X    1
  found on step   24
 current point:
  at point   38.732  36.365  39.569
  closest atom surface    1.367   C34 DCD X    1
  2nd closest surface     1.367   H9  DCD X    1
  found on step  926
  no. of rejections          371
 stored as    16

 highest radius point found:
  at point   38.699  36.423  39.769
  closest atom surface    1.423   C28 DCD X    1
  2nd closest surface     1.424   O22 DCD X    1
  found on step  276
 current point:
  at point   38.696  36.414  39.769
  closest atom surface    1.423   O22 DCD X    1
  2nd closest surface     1.424   C28 DCD X    1
  found on step  935
  no. of rejections          390
 stored as    17

 highest radius point found:
  at point   38.825  36.838  39.969
  closest atom surface    1.444   O22 DCD X    1
  2nd closest surface     1.445   H9  DCD X    1
  found on step  961
  this is also current point
  no. of rejections          394
 stored as    18

 highest radius point found:
  at point   38.934  37.269  40.169
  closest atom surface    1.520   N6  DCD X    1
  2nd closest surface     1.520   O22 DCD X    1
  found on step  829
 current point:
  at point   38.932  37.261  40.169
  closest atom surface    1.518   O22 DCD X    1
  2nd closest surface     1.520   N6  DCD X    1
  found on step  975
  no. of rejections          415
 stored as    19

 highest radius point found:
  at point   39.013  38.069  40.369
  closest atom surface    1.673   H9  DCD X    1
  2nd closest surface     1.674   H12 DCD X    1
  found on step  927
  this is also current point
  no. of rejections          357
 stored as    20

 highest radius point found:
  at point   36.517  45.264  40.569
  closest atom surface    5.226   S1  DCD X    1
  2nd closest surface     5.279   H11 DCD X    1
  found on step  997
  this is also current point
  no. of rejections          229
 stored as    21

 highest radius point found:
  at point   33.751  54.711  40.769
  closest atom surface   13.824   N1  DCD X    1
  2nd closest surface    13.846   H2  DCD X    1
  found on step  999
  this is also current point
  no. of rejections          235
 stored as    22

 highest radius point found:
  at point   31.161  63.818  40.969
  closest atom surface   22.628   N1  DCD X    1
  2nd closest surface    22.634   O7  DCD X    1
  found on step 1000
  this is also current point
  no. of rejections          275
 This is an end! (radius above  22.0 angs)
 highest radius point found:
  at point   38.631  35.402  36.169
  closest atom surface    1.477   H42 DCD X    1
  2nd closest surface     1.477   H10 DCD X    1
  found on step  952
  this is also current point
  no. of rejections          378
 stored as    -1

 highest radius point found:
  at point   38.742  35.459  35.969
  closest atom surface    1.577   H10 DCD X    1
  2nd closest surface     1.577   H42 DCD X    1
  found on step  988
  this is also current point
  no. of rejections          370
 stored as    -2

 highest radius point found:
  at point   38.827  35.513  35.769
  closest atom surface    1.675   H10 DCD X    1
  2nd closest surface     1.676   S2  DCD X    1
  found on step  981
  this is also current point
  no. of rejections          361
 stored as    -3

 highest radius point found:
  at point   40.896  35.900  35.569
  closest atom surface    1.759   H42 DCD X    1
  2nd closest surface     1.761   C34 DCD X    1
  found on step  966
  this is also current point
  no. of rejections          350
 stored as    -4

 highest radius point found:
  at point   40.852  35.769  35.369
  closest atom surface    1.861   S2  DCD X    1
  2nd closest surface     1.861   C34 DCD X    1
  found on step  887
  this is also current point
  no. of rejections          319
 stored as    -5

 highest radius point found:
  at point   40.787  35.629  35.169
  closest atom surface    1.970   C34 DCD X    1
  2nd closest surface     1.970   S2  DCD X    1
  found on step  911
  this is also current point
  no. of rejections          356
 stored as    -6

 highest radius point found:
  at point   40.714  35.487  34.969
  closest atom surface    2.090   C34 DCD X    1
  2nd closest surface     2.091   S2  DCD X    1
  found on step  867
 current point:
  at point   40.718  35.485  34.969
  closest atom surface    2.089   C34 DCD X    1
  2nd closest surface     2.091   C18 DCD X    1
  found on step  988
  no. of rejections          341
 stored as    -7

 highest radius point found:
  at point   40.610  35.334  34.769
  closest atom surface    2.219   C34 DCD X    1
  2nd closest surface     2.220   C18 DCD X    1
  found on step  990
  this is also current point
  no. of rejections          371
 stored as    -8

 highest radius point found:
  at point   40.562  35.289  34.569
  closest atom surface    2.283   S4  DCD X    1
  2nd closest surface     2.284   C18 DCD X    1
  found on step  924
  this is also current point
  no. of rejections          365
 stored as    -9

 highest radius point found:
  at point   40.522  35.254  34.369
  closest atom surface    2.347   S4  DCD X    1
  2nd closest surface     2.348   C18 DCD X    1
  found on step  366
 current point:
  at point   40.522  35.252  34.369
  closest atom surface    2.345   S4  DCD X    1
  2nd closest surface     2.349   C18 DCD X    1
  found on step  939
  no. of rejections          358
 stored as   -10

 highest radius point found:
  at point   40.469  35.226  34.169
  closest atom surface    2.420   S4  DCD X    1
  2nd closest surface     2.420   S2  DCD X    1
  found on step  943
  this is also current point
  no. of rejections          375
 stored as   -11

 highest radius point found:
  at point   40.395  35.192  33.969
  closest atom surface    2.490   S4  DCD X    1
  2nd closest surface     2.493   S2  DCD X    1
  found on step  771
 current point:
  at point   40.396  35.197  33.969
  closest atom surface    2.489   S2  DCD X    1
  2nd closest surface     2.491   C27 DCD X    1
  found on step  924
  no. of rejections          370
 stored as   -12

 highest radius point found:
  at point   40.323  35.161  33.769
  closest atom surface    2.573   S4  DCD X    1
  2nd closest surface     2.573   C27 DCD X    1
  found on step  300
 current point:
  at point   40.315  35.162  33.769
  closest atom surface    2.571   S4  DCD X    1
  2nd closest surface     2.571   S2  DCD X    1
  found on step  980
  no. of rejections          374
 stored as   -13

 highest radius point found:
  at point   40.218  35.134  33.569
  closest atom surface    2.651   C26 DCD X    1
  2nd closest surface     2.651   S2  DCD X    1
  found on step  918
  this is also current point
  no. of rejections          375
 stored as   -14

 highest radius point found:
  at point   40.089  35.099  33.369
  closest atom surface    2.739   S4  DCD X    1
  2nd closest surface     2.740   S2  DCD X    1
  found on step  898
  this is also current point
  no. of rejections          360
 stored as   -15

 highest radius point found:
  at point   39.961  35.067  33.169
  closest atom surface    2.835   S4  DCD X    1
  2nd closest surface     2.836   S2  DCD X    1
  found on step  973
  this is also current point
  no. of rejections          355
 stored as   -16

 highest radius point found:
  at point   39.840  35.039  32.969
  closest atom surface    2.940   S2  DCD X    1
  2nd closest surface     2.942   C26 DCD X    1
  found on step   20
 current point:
  at point   39.833  35.038  32.969
  closest atom surface    2.940   S2  DCD X    1
  2nd closest surface     2.941   S4  DCD X    1
  found on step  980
  no. of rejections          380
 stored as   -17

 highest radius point found:
  at point   39.716  35.006  32.769
  closest atom surface    3.057   S2  DCD X    1
  2nd closest surface     3.057   C26 DCD X    1
  found on step  873
 current point:
  at point   39.719  35.002  32.769
  closest atom surface    3.055   S4  DCD X    1
  2nd closest surface     3.056   C26 DCD X    1
  found on step  966
  no. of rejections          344
 stored as   -18

 highest radius point found:
  at point   39.585  34.974  32.569
  closest atom surface    3.179   S4  DCD X    1
  2nd closest surface     3.180   S2  DCD X    1
  found on step  514
 current point:
  at point   39.582  34.975  32.569
  closest atom surface    3.179   S4  DCD X    1
  2nd closest surface     3.179   S2  DCD X    1
  found on step  940
  no. of rejections          367
 stored as   -19

 highest radius point found:
  at point   39.461  34.945  32.369
  closest atom surface    3.310   S2  DCD X    1
  2nd closest surface     3.311   S4  DCD X    1
  found on step  691
 current point:
  at point   39.469  34.946  32.369
  closest atom surface    3.309   S2  DCD X    1
  2nd closest surface     3.309   C26 DCD X    1
  found on step  972
  no. of rejections          322
 stored as   -20

 highest radius point found:
  at point   39.336  34.912  32.169
  closest atom surface    3.449   S4  DCD X    1
  2nd closest surface     3.449   S2  DCD X    1
  found on step  980
  this is also current point
  no. of rejections          393
 stored as   -21

 highest radius point found:
  at point   39.232  34.959  31.969
  closest atom surface    3.535   S2  DCD X    1
  2nd closest surface     3.535   O19 DCD X    1
  found on step  981
  this is also current point
  no. of rejections          357
 stored as   -22

 highest radius point found:
  at point   39.172  35.014  31.769
  closest atom surface    3.624   S2  DCD X    1
  2nd closest surface     3.624   C26 DCD X    1
  found on step  787
 current point:
  at point   39.160  35.016  31.769
  closest atom surface    3.623   S2  DCD X    1
  2nd closest surface     3.624   O19 DCD X    1
  found on step  998
  no. of rejections          348
 stored as   -23

 highest radius point found:
  at point   36.273  35.904  31.569
  closest atom surface    3.851   S2  DCD X    1
  2nd closest surface     3.853   O15 DCD X    1
  found on step  987
  this is also current point
  no. of rejections          327
 stored as   -24

 highest radius point found:
  at point   35.859  36.274  31.369
  closest atom surface    4.000   S1  DCD X    1
  2nd closest surface     4.000   O21 DCD X    1
  found on step  968
  this is also current point
  no. of rejections          341
 stored as   -25

 highest radius point found:
  at point   35.812  36.309  31.169
  closest atom surface    4.153   S2  DCD X    1
  2nd closest surface     4.154   O21 DCD X    1
  found on step  994
  this is also current point
  no. of rejections          304
 stored as   -26

 highest radius point found:
  at point   35.735  36.368  30.969
  closest atom surface    4.310   S2  DCD X    1
  2nd closest surface     4.310   S1  DCD X    1
  found on step  928
  this is also current point
  no. of rejections          315
 stored as   -27

 highest radius point found:
  at point   35.664  36.418  30.769
  closest atom surface    4.471   O21 DCD X    1
  2nd closest surface     4.471   S1  DCD X    1
  found on step  991
  this is also current point
  no. of rejections          308
 stored as   -28

 highest radius point found:
  at point   35.580  36.477  30.569
  closest atom surface    4.634   S1  DCD X    1
  2nd closest surface     4.634   O21 DCD X    1
  found on step  950
  this is also current point
  no. of rejections          342
 stored as   -29

 highest radius point found:
  at point   35.524  36.519  30.369
  closest atom surface    4.801   O21 DCD X    1
  2nd closest surface     4.801   S1  DCD X    1
  found on step  999
  this is also current point
  no. of rejections          322
 stored as   -30

 highest radius point found:
  at point   35.463  36.565  30.169
  closest atom surface    4.971   S1  DCD X    1
  2nd closest surface     4.971   O21 DCD X    1
  found on step  971
  this is also current point
  no. of rejections          307
 stored as   -31

 highest radius point found:
  at point   35.456  36.557  29.969
  closest atom surface    5.133   S2  DCD X    1
  2nd closest surface     5.133   O21 DCD X    1
  found on step  968
  this is also current point
  no. of rejections          303
 stored as   -32

 highest radius point found:
  at point   35.436  36.562  29.769
  closest atom surface    5.299   O21 DCD X    1
  2nd closest surface     5.299   S2  DCD X    1
  found on step  959
  this is also current point
  no. of rejections          311
 stored as   -33

 highest radius point found:
  at point   35.423  36.559  29.569
  closest atom surface    5.465   O21 DCD X    1
  2nd closest surface     5.465   S2  DCD X    1
  found on step  975
  this is also current point
  no. of rejections          328
 stored as   -34

 highest radius point found:
  at point   35.410  36.562  29.369
  closest atom surface    5.632   S2  DCD X    1
  2nd closest surface     5.634   H3  DCD X    1
  found on step   75
 current point:
  at point   35.421  36.545  29.369
  closest atom surface    5.631   O21 DCD X    1
  2nd closest surface     5.632   S2  DCD X    1
  found on step  962
  no. of rejections          285
 stored as   -35

 highest radius point found:
  at point   35.393  36.560  29.169
  closest atom surface    5.803   S2  DCD X    1
  2nd closest surface     5.803   H3  DCD X    1
  found on step  238
 current point:
  at point   35.397  36.553  29.169
  closest atom surface    5.803   O21 DCD X    1
  2nd closest surface     5.803   S2  DCD X    1
  found on step  901
  no. of rejections          269
 stored as   -36

 highest radius point found:
  at point   35.390  36.547  28.969
  closest atom surface    5.973   S2  DCD X    1
  2nd closest surface     5.974   O21 DCD X    1
  found on step  621
 current point:
  at point   35.382  36.548  28.969
  closest atom surface    5.972   O21 DCD X    1
  2nd closest surface     5.977   S2  DCD X    1
  found on step  981
  no. of rejections          287
 stored as   -37

 highest radius point found:
  at point   35.363  36.557  28.769
  closest atom surface    6.147   H3  DCD X    1
  2nd closest surface     6.148   S2  DCD X    1
  found on step  194
 current point:
  at point   35.370  36.549  28.769
  closest atom surface    6.147   O21 DCD X    1
  2nd closest surface     6.147   S2  DCD X    1
  found on step  886
  no. of rejections          285
 stored as   -38

 highest radius point found:
  at point   35.351  36.552  28.569
  closest atom surface    6.322   O21 DCD X    1
  2nd closest surface     6.322   S2  DCD X    1
  found on step  988
  this is also current point
  no. of rejections          292
 stored as   -39

 highest radius point found:
  at point   35.338  36.553  28.369
  closest atom surface    6.496   S2  DCD X    1
  2nd closest surface     6.498   O21 DCD X    1
  found on step    4
 current point:
  at point   35.347  36.537  28.369
  closest atom surface    6.494   O21 DCD X    1
  2nd closest surface     6.497   S2  DCD X    1
  found on step  943
  no. of rejections          278
 stored as   -40

 highest radius point found:
  at point   35.322  36.549  28.169
  closest atom surface    6.673   S2  DCD X    1
  2nd closest surface     6.673   O21 DCD X    1
  found on step  920
  this is also current point
  no. of rejections          287
 stored as   -41

 highest radius point found:
  at point   35.306  36.549  27.969
  closest atom surface    6.851   S2  DCD X    1
  2nd closest surface     6.851   O21 DCD X    1
  found on step  963
  this is also current point
  no. of rejections          290
 stored as   -42

 highest radius point found:
  at point   35.288  36.552  27.769
  closest atom surface    7.029   S2  DCD X    1
  2nd closest surface     7.030   H3  DCD X    1
  found on step  861
 current point:
  at point   35.293  36.546  27.769
  closest atom surface    7.029   S2  DCD X    1
  2nd closest surface     7.029   O21 DCD X    1
  found on step  998
  no. of rejections          254
 stored as   -43

 highest radius point found:
  at point   35.279  36.561  27.569
  closest atom surface    7.203   S2  DCD X    1
  2nd closest surface     7.207   O1  DCD X    1
  found on step    4
 current point:
  at point   35.273  36.574  27.569
  closest atom surface    7.202   S2  DCD X    1
  2nd closest surface     7.205   O1  DCD X    1
  found on step  991
  no. of rejections          281
 stored as   -44

 highest radius point found:
  at point   35.270  36.577  27.369
  closest atom surface    7.377   S2  DCD X    1
  2nd closest surface     7.377   O1  DCD X    1
  found on step  941
  this is also current point
  no. of rejections          311
 stored as   -45

 highest radius point found:
  at point   35.263  36.596  27.169
  closest atom surface    7.549   S2  DCD X    1
  2nd closest surface     7.550   O1  DCD X    1
  found on step  985
  this is also current point
  no. of rejections          300
 stored as   -46

 highest radius point found:
  at point   35.172  36.799  26.969
  closest atom surface    7.696   O1  DCD X    1
  2nd closest surface     7.697   C24 DCD X    1
  found on step  785
 current point:
  at point   35.170  36.799  26.969
  closest atom surface    7.695   O1  DCD X    1
  2nd closest surface     7.697   H3  DCD X    1
  found on step  922
  no. of rejections          301
 stored as   -47

 highest radius point found:
  at point   35.086  36.892  26.769
  closest atom surface    7.842   O1  DCD X    1
  2nd closest surface     7.843   C24 DCD X    1
  found on step  970
  this is also current point
  no. of rejections          292
 stored as   -48

 highest radius point found:
  at point   34.995  37.001  26.569
  closest atom surface    7.991   O1  DCD X    1
  2nd closest surface     7.996   C24 DCD X    1
  found on step  969
  this is also current point
  no. of rejections          267
 stored as   -49

 highest radius point found:
  at point   34.907  37.149  26.369
  closest atom surface    8.149   C24 DCD X    1
  2nd closest surface     8.150   O1  DCD X    1
  found on step  968
  this is also current point
  no. of rejections          253
 stored as   -50

 highest radius point found:
  at point   34.818  37.280  26.169
  closest atom surface    8.308   C24 DCD X    1
  2nd closest surface     8.310   O1  DCD X    1
  found on step  978
  this is also current point
  no. of rejections          286
 stored as   -51

 highest radius point found:
  at point   34.727  37.408  25.969
  closest atom surface    8.473   H3  DCD X    1
  2nd closest surface     8.473   O1  DCD X    1
  found on step  488
 current point:
  at point   34.729  37.419  25.969
  closest atom surface    8.471   C24 DCD X    1
  2nd closest surface     8.473   H3  DCD X    1
  found on step  950
  no. of rejections          262
 stored as   -52

 highest radius point found:
  at point   34.635  37.535  25.769
  closest atom surface    8.639   H3  DCD X    1
  2nd closest surface     8.640   O1  DCD X    1
  found on step  995
  this is also current point
  no. of rejections          271
 stored as   -53

 highest radius point found:
  at point   34.545  37.656  25.569
  closest atom surface    8.809   O1  DCD X    1
  2nd closest surface     8.810   H3  DCD X    1
  found on step  626
 current point:
  at point   34.549  37.690  25.569
  closest atom surface    8.809   H3  DCD X    1
  2nd closest surface     8.811   C24 DCD X    1
  found on step  962
  no. of rejections          276
 stored as   -54

 highest radius point found:
  at point   34.459  37.746  25.369
  closest atom surface    8.978   O1  DCD X    1
  2nd closest surface     8.979   H1  DCD X    1
  found on step  992
  this is also current point
  no. of rejections          279
 stored as   -55

 highest radius point found:
  at point   34.377  37.798  25.169
  closest atom surface    9.146   O1  DCD X    1
  2nd closest surface     9.148   C24 DCD X    1
  found on step  959
  this is also current point
  no. of rejections          298
 stored as   -56

 highest radius point found:
  at point   34.295  37.861  24.969
  closest atom surface    9.316   O1  DCD X    1
  2nd closest surface     9.317   H1  DCD X    1
  found on step  955
  this is also current point
  no. of rejections          284
 stored as   -57

 highest radius point found:
  at point   34.214  37.917  24.769
  closest atom surface    9.487   C24 DCD X    1
  2nd closest surface     9.488   O1  DCD X    1
  found on step  982
  this is also current point
  no. of rejections          267
 stored as   -58

 highest radius point found:
  at point   34.126  37.975  24.569
  closest atom surface    9.660   O1  DCD X    1
  2nd closest surface     9.663   H1  DCD X    1
  found on step  935
  this is also current point
  no. of rejections          216
 stored as   -59

 highest radius point found:
  at point   34.042  38.042  24.369
  closest atom surface    9.836   H1  DCD X    1
  2nd closest surface     9.836   O1  DCD X    1
  found on step  888
  this is also current point
  no. of rejections          239
 stored as   -60

 highest radius point found:
  at point   33.961  38.094  24.169
  closest atom surface   10.013   O1  DCD X    1
  2nd closest surface    10.014   C24 DCD X    1
  found on step  672
 current point:
  at point   33.963  38.111  24.169
  closest atom surface   10.012   H1  DCD X    1
  2nd closest surface    10.014   C24 DCD X    1
  found on step  984
  no. of rejections          266
 stored as   -61

 highest radius point found:
  at point   33.879  38.150  23.969
  closest atom surface   10.191   C24 DCD X    1
  2nd closest surface    10.191   O1  DCD X    1
  found on step  954
  this is also current point
  no. of rejections          246
 stored as   -62

 highest radius point found:
  at point   33.798  38.217  23.769
  closest atom surface   10.369   N1  DCD X    1
  2nd closest surface    10.370   C24 DCD X    1
  found on step  974
  this is also current point
  no. of rejections          236
 stored as   -63

 highest radius point found:
  at point   33.711  38.257  23.569
  closest atom surface   10.550   O1  DCD X    1
  2nd closest surface    10.550   N1  DCD X    1
  found on step  991
  this is also current point
  no. of rejections          225
 stored as   -64

 highest radius point found:
  at point   33.629  38.309  23.369
  closest atom surface   10.732   N1  DCD X    1
  2nd closest surface    10.732   O1  DCD X    1
  found on step  986
  this is also current point
  no. of rejections          182
 stored as   -65

 highest radius point found:
  at point   33.550  38.365  23.169
  closest atom surface   10.914   N1  DCD X    1
  2nd closest surface    10.915   C24 DCD X    1
  found on step  988
  this is also current point
  no. of rejections          201
 stored as   -66

 highest radius point found:
  at point   33.426  38.421  22.969
  closest atom surface   11.094   O1  DCD X    1
  2nd closest surface    11.094   N1  DCD X    1
  found on step  999
  this is also current point
  no. of rejections          173
 stored as   -67

 highest radius point found:
  at point   33.381  38.459  22.769
  closest atom surface   11.284   N1  DCD X    1
  2nd closest surface    11.284   O1  DCD X    1
  found on step  969
  this is also current point
  no. of rejections          239
 stored as   -68

 highest radius point found:
  at point   33.300  38.506  22.569
  closest atom surface   11.470   N1  DCD X    1
  2nd closest surface    11.471   O1  DCD X    1
  found on step  956
  this is also current point
  no. of rejections          257
 stored as   -69

 highest radius point found:
  at point   33.218  38.555  22.369
  closest atom surface   11.658   O1  DCD X    1
  2nd closest surface    11.658   C24 DCD X    1
  found on step  955
  this is also current point
  no. of rejections          191
 stored as   -70

 highest radius point found:
  at point   33.136  38.612  22.169
  closest atom surface   11.846   N1  DCD X    1
  2nd closest surface    11.846   C24 DCD X    1
  found on step  580
 current point:
  at point   33.124  38.607  22.169
  closest atom surface   11.845   O1  DCD X    1
  2nd closest surface    11.846   N1  DCD X    1
  found on step  978
  no. of rejections          256
 stored as   -71

 highest radius point found:
  at point   28.488  40.471  21.969
  closest atom surface   12.511   N1  DCD X    1
  2nd closest surface    12.520   O1  DCD X    1
  found on step 1000
  this is also current point
  no. of rejections          145
 stored as   -72

 highest radius point found:
  at point   22.720  45.903  21.769
  closest atom surface   15.939   H5  DCD X    1
  2nd closest surface    16.172   C2  DCD X    1
  found on step 1000
  this is also current point
  no. of rejections          156
 stored as   -73

 highest radius point found:
  at point   17.368  54.432  21.569
  closest atom surface   23.324   H5  DCD X    1
  2nd closest surface    23.394   N1  DCD X    1
  found on step  998
  this is also current point
  no. of rejections          224
 This is an end! (radius above  22.0 angs)
 
 N.b. Graph information routine (HOGRAP) differs 
        markedly from previous versions!
       Information now is written from -ve end
       to +ve in one pass
 
 Explanation of the meaning of each column: 
 First column "cenxyz.cvec" is the coordinate in the
   direction of the channel vector i.e. if the channel
   vector is in z (0 0 1) then it is the z coordinate.
 The second column "radius" is the hole pore radius 
   (as defined in the Biophys J 1993) article).
 The third column "cen_line_D" is the distance 
   measured along the pore centre line - with the 
   first point found set to zero. This was the first
   thing that I used to measure the distance along a pore
   but "cenxyz.cvec" is a much better general measure. 
   However, by comparing changes in this distance to changes in '   "cenxyz.cvec" one can get a measure of how straight a 
   channel is.
 The fourth column "sum{s/(area)}" is useful in conductance
   prediction -
   basically it is the sum of the thickness of each slab
   divided by its area. HOLE uses this measure to estimate
   the macroscopic conductance of a channel.
 If any of this worries you one can see the "raw" results
   of a standard hole run by producing a sphpdb file and 
    directly looking at the results.
 cenxyz.cvec      radius  cen_line_D sum{s/(area point sourc
    21.76878    15.93873   -33.98984     0.00013   (sampled)
    21.86878    13.81542   -30.02706     0.00029 (mid-point)
    21.96878    12.51112   -26.06427     0.00050   (sampled)
    22.06878    11.95534   -23.55919     0.00072 (mid-point)
    22.16878    11.84574   -21.05411     0.00094   (sampled)
    22.26878    11.75176   -20.94233     0.00118 (mid-point)
    22.36878    11.65784   -20.83055     0.00141   (sampled)
    22.46878    11.56408   -20.71976     0.00165 (mid-point)
    22.56878    11.47046   -20.60897     0.00189   (sampled)
    22.66878    11.37693   -20.49859     0.00214 (mid-point)
    22.76878    11.28366   -20.38821     0.00239   (sampled)
    22.86878    11.18876   -20.28392     0.00264 (mid-point)
    22.96878    11.09362   -20.17963     0.00290   (sampled)
    23.06878    11.00375   -20.05870     0.00316 (mid-point)
    23.16878    10.91401   -19.93777     0.00343   (sampled)
    23.26878    10.82271   -19.82664     0.00370 (mid-point)
    23.36878    10.73173   -19.71552     0.00398   (sampled)
    23.46878    10.64091   -19.60441     0.00426 (mid-point)
    23.56878    10.55036   -19.49331     0.00454   (sampled)
    23.66878    10.45971   -19.38234     0.00483 (mid-point)
    23.76878    10.36933   -19.27138     0.00513   (sampled)
    23.86878    10.28037   -19.15823     0.00543 (mid-point)
    23.96878    10.19112   -19.04508     0.00574   (sampled)
    24.06878    10.10169   -18.93352     0.00605 (mid-point)
    24.16878    10.01264   -18.82195     0.00637   (sampled)
    24.26878     9.92426   -18.71105     0.00669 (mid-point)
    24.36878     9.83618   -18.60014     0.00702   (sampled)
    24.46878     9.74781   -18.48662     0.00736 (mid-point)
    24.56878     9.65979   -18.37309     0.00770   (sampled)
    24.66878     9.57358   -18.26017     0.00804 (mid-point)
    24.76878     9.48691   -18.14725     0.00840   (sampled)
    24.86878     9.40169   -18.03573     0.00876 (mid-point)
    24.96878     9.31597   -17.92420     0.00912   (sampled)
    25.06878     9.23049   -17.81148     0.00950 (mid-point)
    25.16878     9.14550   -17.69876     0.00988   (sampled)
    25.26878     9.06162   -17.58762     0.01027 (mid-point)
    25.36878     8.97824   -17.47648     0.01066   (sampled)
    25.46878     8.89335   -17.35866     0.01106 (mid-point)
    25.56878     8.80909   -17.24084     0.01147   (sampled)
    25.66878     8.72390   -17.11564     0.01189 (mid-point)
    25.76878     8.63916   -16.99044     0.01232   (sampled)
    25.86878     8.55552   -16.86341     0.01275 (mid-point)
    25.96878     8.47286   -16.73638     0.01320   (sampled)
    26.06878     8.39046   -16.60917     0.01365 (mid-point)
    26.16878     8.30848   -16.48197     0.01411   (sampled)
    26.26878     8.22844   -16.35454     0.01458 (mid-point)
    26.36878     8.14939   -16.22711     0.01506   (sampled)
    26.46878     8.06985   -16.09521     0.01555 (mid-point)
    26.56878     7.99116   -15.96332     0.01605   (sampled)
    26.66878     7.91612   -15.84074     0.01655 (mid-point)
    26.76878     7.84208   -15.71816     0.01707   (sampled)
    26.86878     7.76859   -15.59973     0.01760 (mid-point)
    26.96878     7.69603   -15.48131     0.01814   (sampled)
    27.06878     7.62185   -15.33155     0.01868 (mid-point)
    27.16878     7.54923   -15.18180     0.01924   (sampled)
    27.26878     7.46286   -15.08131     0.01981 (mid-point)
    27.36878     7.37677   -14.98083     0.02040   (sampled)
    27.46878     7.28997   -14.88041     0.02100 (mid-point)
    27.56878     7.20345   -14.77998     0.02161   (sampled)
    27.66878     7.11627   -14.67975     0.02224 (mid-point)
    27.76878     7.02937   -14.57953     0.02288   (sampled)
    27.86878     6.94002   -14.47913     0.02355 (mid-point)
    27.96878     6.85092   -14.37873     0.02422   (sampled)
    28.06878     6.76202   -14.27842     0.02492 (mid-point)
    28.16878     6.67336   -14.17811     0.02563   (sampled)
    28.26878     6.58453   -14.07778     0.02637 (mid-point)
    28.36878     6.49595   -13.97746     0.02712   (sampled)
    28.46878     6.40872   -13.87723     0.02790 (mid-point)
    28.56878     6.32173   -13.77700     0.02869   (sampled)
    28.66878     6.23467   -13.67680     0.02951 (mid-point)
    28.76878     6.14712   -13.57659     0.03036   (sampled)
    28.86878     6.06023   -13.47557     0.03122 (mid-point)
    28.96878     5.97293   -13.37455     0.03212   (sampled)
    29.06878     5.88782   -13.27435     0.03303 (mid-point)
    29.16878     5.80307   -13.17415     0.03398   (sampled)
    29.26878     5.71725   -13.07382     0.03495 (mid-point)
    29.36878     5.63178   -12.97348     0.03596   (sampled)
    29.46878     5.54830   -12.87323     0.03699 (mid-point)
    29.56878     5.46521   -12.77299     0.03806   (sampled)
    29.66878     5.38176   -12.67278     0.03915 (mid-point)
    29.76878     5.29875   -12.57258     0.04029   (sampled)
    29.86878     5.21559   -12.47206     0.04146 (mid-point)
    29.96878     5.13289   -12.37154     0.04267   (sampled)
    30.06878     5.05159   -12.27141     0.04391 (mid-point)
    30.16878     4.97070   -12.17128     0.04520   (sampled)
    30.26878     4.88558   -12.06423     0.04654 (mid-point)
    30.36878     4.80102   -11.95718     0.04792   (sampled)
    30.46878     4.71728   -11.85122     0.04935 (mid-point)
    30.56878     4.63387   -11.74526     0.05083   (sampled)
    30.66878     4.55206   -11.63279     0.05237 (mid-point)
    30.76878     4.47084   -11.52033     0.05396   (sampled)
    30.86878     4.39033   -11.41139     0.05561 (mid-point)
    30.96878     4.31016   -11.30246     0.05732   (sampled)
    31.06878     4.23105   -11.19127     0.05910 (mid-point)
    31.16878     4.15294   -11.08007     0.06095   (sampled)
    31.26878     4.07649   -10.97584     0.06286 (mid-point)
    31.36878     4.00030   -10.87160     0.06485   (sampled)
    31.46878     3.91955   -10.57682     0.06692 (mid-point)
    31.56878     3.85119   -10.28203     0.06907   (sampled)
    31.66878     3.53387    -8.76221     0.07162 (mid-point)
    31.76878     3.62412    -7.24240     0.07404   (sampled)
    31.86878     3.57870    -7.13446     0.07653 (mid-point)
    31.96878     3.53502    -7.02652     0.07907   (sampled)
    32.06878     3.49112    -6.91137     0.08169 (mid-point)
    32.16878     3.44863    -6.79622     0.08436   (sampled)
    32.26878     3.37857    -6.67723     0.08715 (mid-point)
    32.36878     3.30956    -6.55824     0.09006   (sampled)
    32.46878     3.24371    -6.43960     0.09308 (mid-point)
    32.56878     3.17891    -6.32095     0.09623   (sampled)
    32.66878     3.11686    -6.20021     0.09951 (mid-point)
    32.76878     3.05666    -6.07947     0.10292   (sampled)
    32.86878     2.99739    -5.96072     0.10646 (mid-point)
    32.96878     2.94026    -5.84197     0.11014   (sampled)
    33.06878     2.88692    -5.72416     0.11396 (mid-point)
    33.16878     2.83467    -5.60635     0.11792   (sampled)
    33.26878     2.78563    -5.48665     0.12202 (mid-point)
    33.36878     2.73910    -5.36695     0.12627   (sampled)
    33.46878     2.69433    -5.24662     0.13065 (mid-point)
    33.56878     2.65100    -5.12630     0.13518   (sampled)
    33.66878     2.61160    -5.01256     0.13985 (mid-point)
    33.76878     2.57255    -4.89882     0.14466   (sampled)
    33.86878     2.53044    -4.79145     0.14963 (mid-point)
    33.96878     2.49049    -4.68407     0.15476   (sampled)
    34.06878     2.45386    -4.57623     0.16005 (mid-point)
    34.16878     2.41956    -4.46838     0.16548   (sampled)
    34.26878     2.38208    -4.36389     0.17109 (mid-point)
    34.36878     2.34679    -4.25941     0.17687   (sampled)
    34.46878     2.31400    -4.15594     0.18282 (mid-point)
    34.56878     2.28346    -4.05248     0.18892   (sampled)
    34.66878     2.25090    -3.94720     0.19520 (mid-point)
    34.76878     2.21929    -3.84191     0.20167   (sampled)
    34.86878     2.15278    -3.70578     0.20854 (mid-point)
    34.96878     2.08985    -3.56964     0.21582   (sampled)
    35.06878     2.02813    -3.44146     0.22356 (mid-point)
    35.16878     1.96972    -3.31327     0.23177   (sampled)
    35.26878     1.91368    -3.18715     0.24046 (mid-point)
    35.36878     1.86087    -3.06103     0.24965   (sampled)
    35.46878     1.80961    -2.93932     0.25937 (mid-point)
    35.56878     1.75922    -2.81762     0.26966   (sampled)
    35.66878     1.51995    -1.76031     0.28343 (mid-point)
    35.76878     1.67548    -0.70300     0.29477   (sampled)
    35.86878     1.62410    -0.59108     0.30684 (mid-point)
    35.96878     1.57655    -0.47917     0.31965   (sampled)
    36.06878     1.52441    -0.36125     0.33335 (mid-point)
    36.16878     1.47677    -0.24333     0.34794   (sampled)
    36.26878     1.43515    -0.12166     0.36340 (mid-point)
    36.36878     1.39898    -0.00000     0.37966   (sampled)
    36.46878     1.34659     0.10666     0.39721 (mid-point)
    36.56878     1.29797     0.21331     0.41611   (sampled)
    36.66878     1.29799     0.39353     0.43500 (mid-point)
    36.76878     1.30661     0.57374     0.45365   (sampled)
    36.86878     1.29678     0.68772     0.47257 (mid-point)
    36.96878     1.29242     0.80170     0.49163   (sampled)
    37.06878     1.28919     0.91705     0.51078 (mid-point)
    37.16878     1.28942     1.03240     0.52993   (sampled)
    37.26878     1.27329     1.13909     0.54956 (mid-point)
    37.36878     1.26010     1.24578     0.56961   (sampled)
    37.46878     1.24013     1.34815     0.59031 (mid-point)
    37.56878     1.22273     1.45052     0.61160   (sampled)
    37.66878     1.20845     1.55345     0.63339 (mid-point)
    37.76878     1.19591     1.65639     0.65565   (sampled)
    37.86878     1.18977     1.75863     0.67814 (mid-point)
    37.96878     1.18706     1.86088     0.70073   (sampled)
    38.06878     1.18675     1.96363     0.72333 (mid-point)
    38.16878     1.18950     2.06637     0.74582   (sampled)
    38.26878     1.19584     2.16896     0.76808 (mid-point)
    38.36878     1.20562     2.27156     0.78998   (sampled)
    38.46878     1.21364     2.37271     0.81159 (mid-point)
    38.56878     1.22453     2.47387     0.83282   (sampled)
    38.66878     1.21860     2.57556     0.85426 (mid-point)
    38.76878     1.21595     2.67725     0.87578   (sampled)
    38.86878     1.21051     2.93924     0.89751 (mid-point)
    38.96878     1.22694     3.20122     0.91865   (sampled)
    39.06878     1.24439     3.34090     0.93921 (mid-point)
    39.16878     1.26775     3.48058     0.95901   (sampled)
    39.26878     1.28646     3.58990     0.97825 (mid-point)
    39.36878     1.30172     3.69921     0.99703   (sampled)
    39.46878     1.33263     3.92369     1.01496 (mid-point)
    39.56878     1.37775     4.14817     1.03172   (sampled)
    39.66878     1.39807     4.30290     1.04801 (mid-point)
    39.76878     1.42342     4.45763     1.06372   (sampled)
    39.86878     1.42486     4.69636     1.07940 (mid-point)
    39.96878     1.44427     4.93510     1.09466   (sampled)
    40.06878     1.47061     5.17877     1.10938 (mid-point)
    40.16878     1.51991     5.42244     1.12316   (sampled)
    40.26878     1.56443     5.83686     1.13616 (mid-point)
    40.36878     1.67306     6.25127     1.14753   (sampled)
    40.46878     2.53292    10.06049     1.15249 (mid-point)
    40.56878     5.22643    13.86970     1.15366   (sampled)
    40.66878     9.55793    18.79241     1.15401 (mid-point)
    40.76878    13.82372    23.71513     1.15417   (sampled)

 Minimum radius found:      1.187 angstroms.



 For spherical probe approach, The geometric factor
         F= sum(ds/area) along channel is    1.154 angstroms**-1
 This yields a macroscopic predicted molar conductance of:
   (1/rho)*(100/F)= (87/rho) pS,
   where rho is the conductivity of 1M permeant ion in ohm m.
 N.B. this is a macroscopic conductance - an overestimate 
 Empirically corrected conductances currently only available
 With the CAPSULE option (although its not that stable!)
 For 1M KCl rho= 1/12 (ohm m), So Gmacro= 1000 pS/M.
  (TAG      1   Rmin=     1.18675   Gmacro=  1039.70380 Conn_Gmacro=    -1.00000 ).
 HOLE: normal completion
