 *** Program HOLE ***
 
 If results of this run are reported or published, please
 cite the publication listed below.
 For the HOLE program:
   Smart, O.S., Goodfellow, J.M., Wallace, B.A. (1993). 
   The pore dimensions of gramicidin A. 
   Biophys. J., 65, 2455-2460.
 
 Originally written by Oliver Smart at Birkbeck College from April 1992.
 Copyright 1993-2005 Oliver Smart
 Copyright 2014-2015 SmartSci Limited.
 Copyright 2016 Oliver Smart.
 
 For help on HOLE suite see  http://www.holeprogram.org/
 
 HOLE release 2.2.005 (07 August 2016) 
 
 usage subject to Apache License, Version 2.0 
 see http://www.apache.org/licenses/LICENSE-2.0 

 Control variables read:

! Input file for Oliver Smart's HOLE program
! written by MDAnalysis.analysis.hole2.HoleAnalysis
! for a Universe
! u = mda.Universe(/afs/crc.nd.edu/user/m/mfarshad/Private/ML-new/traj/host-dcdd
!    /afs/crc.nd.edu/user/m/mfarshad/Private/ML-new/traj/host-dcddc2/host_dcddc2
!   )
! Frame 14

COORD  /tmp/2550296.1.long/tmp5hgcz45a.pdb
RADIUS simple2.rad
SPHPDB hole014.sph
SAMPLE 0.200000
ENDRAD 22.000000
IGNORE SOL WAT TIP HOH K   NA  CL
SHORTO 0
RASEED 31415
CPOINT 38.1507220208 35.7165021776 36.2561811495


 WARNING have not found a CVECT record - will try to guess
 Input pdb filename read as:    '/tmp/2550296.1.long/tmp5hgcz45a.pdb'
 Input vdW radius file read as: 'simple2.rad'
 point in channel:   38.151  35.717  36.256
 channel vector:   ************************
 sampling distance between planes:    0.200

 graphics conditions:
 binary plot output file name: NONE
 Dot density:    10
 Draw dots?           T
 Draw close contacts? F
 Draw centre line?    T
 Produce spikes rather than dots? F
 Seed for random number generator:     31415 (0 means value set by program)
 Radius above which a result is regarded as an 'end':  22.000
 Pdb format file for sphere centres: hole014.sph

 Monte Carlo conditions:
  no of steps:  1000
  maximum displacement   0.100 angs
  'kT' initial   0.100 angs
 The spherebox and capsule options are turned off.
 (No molqpt card so will not write qpt file of the molecule)
 IGNORE card read so will ignore residue types: SOL WAT TIP HOH K   NA  CL
 no SHORTO card read so will produce full textual output
 As no PEGRAT card was found will not produce PEG polymer exclusion graph
 (No 2DMAPS card specified so will not produce 2D property maps)
 Have not found a CUT card.  Normal calculation using
   Cutoff lists with a cutsize=       1.000
   (if you wish to turn off option use a CUT -1 card)

 Have read     7 bond radius records and
              16 vdW radius records.
 From file: simple2.rad

 Have read   158 atom records.
 From file: /tmp/2550296.1.long/tmp5hgcz45a.pdb
 Will not produce graphical output

 Have opened file for pdb format output of sphere centres:  hole014.sph

  Seed integer used by ran # generator on this run      31415

 
 S/R cguess will try to guess CPOINT and/or CVECT
 
 THESE GUESSES MAY WELL BE WRONG!!!!
 Routine relies on having a reasonably symmetric
 channel oriented along x, y or z vector
 YOU ARE STRONGLY ADVISED TO CHECK THE RESULTS
                       WITH MOLECULAR GRAPHICS
 testing points from cpoint in X, Y then Z direction
   point                   pore radius
direction     1
  33.151  35.717  36.256    -0.322
  34.151  35.717  36.256    -0.166
  35.151  35.717  36.256    -0.274
  36.151  35.717  36.256     0.387
  37.151  35.717  36.256     0.842
  38.151  35.717  36.256     1.232
  39.151  35.717  36.256     1.002
  40.151  35.717  36.256     0.840
  41.151  35.717  36.256     0.995
  42.151  35.717  36.256     0.409
  43.151  35.717  36.256    -0.480
 Average pore radius along the line=      0.406
direction     2
  38.151  30.717  36.256    -0.064
  38.151  31.717  36.256    -0.947
  38.151  32.717  36.256    -1.314
  38.151  33.717  36.256    -0.647
  38.151  34.717  36.256     0.279
  38.151  35.717  36.256     1.232
  38.151  36.717  36.256     0.558
  38.151  37.717  36.256     0.053
  38.151  38.717  36.256    -0.543
  38.151  39.717  36.256    -1.020
  38.151  40.717  36.256    -0.659
 Average pore radius along the line=     -0.279
direction     3
  38.151  35.717  31.256     3.944
  38.151  35.717  32.256     3.271
  38.151  35.717  33.256     2.573
  38.151  35.717  34.256     1.932
  38.151  35.717  35.256     1.465
  38.151  35.717  36.256     1.232
  38.151  35.717  37.256     1.050
  38.151  35.717  38.256     0.839
  38.151  35.717  39.256     0.887
  38.151  35.717  40.256     1.272
  38.151  35.717  41.256     1.444
 Average pore radius along the line=      1.810
 Best direction is found to be     3
(1=X,2=Y,3=Z)
 s/r cguess has produced initial values for cpoint &/or cvect:
CPOINT      38.1507     35.7165     36.2562
CVECT        0.0000      0.0000      1.0000
 THESE GUESSES MAY WELL BE WRONG!!!!
 Routine relies on having a reasonably symmetric
 channel oriented along x, y or z vector
 YOU ARE STRONGLY ADVISED TO CHECK THE RESULTS
                       WITH MOLECULAR GRAPHICS
 
 
  Some routines (e.g. conn) need vectors normal to cvect: 
     EAST Zero degrees angle is along vector    1.000   0.000   0.000
     NORTH  90 degrees angle is along vector    0.000  -1.000   0.000
 highest radius point found:
  at point   39.101  36.485  36.256
  closest atom surface    1.381   H42 DCD X    1
  2nd closest surface     1.386   C6  DCD X    1
  found on step  425
 current point:
  at point   38.550  35.888  36.256
  closest atom surface    1.365   H42 DCD X    1
  2nd closest surface     1.366   H10 DCD X    1
  found on step  997
  no. of rejections          389
 stored as     0

 highest radius point found:
  at point   39.189  36.639  36.456
  closest atom surface    1.310   C6  DCD X    1
  2nd closest surface     1.311   H42 DCD X    1
  found on step  977
  this is also current point
  no. of rejections          352
 stored as     1

 highest radius point found:
  at point   40.094  36.966  36.656
  closest atom surface    1.307   H42 DCD X    1
  2nd closest surface     1.311   S2  DCD X    1
  found on step  976
  this is also current point
  no. of rejections          365
 stored as     2

 highest radius point found:
  at point   39.979  37.048  36.856
  closest atom surface    1.267   H42 DCD X    1
  2nd closest surface     1.273   S2  DCD X    1
  found on step  545
 current point:
  at point   39.957  37.046  36.856
  closest atom surface    1.265   H42 DCD X    1
  2nd closest surface     1.267   S2  DCD X    1
  found on step  987
  no. of rejections          359
 stored as     3

 highest radius point found:
  at point   39.802  37.115  37.056
  closest atom surface    1.241   C7  DCD X    1
  2nd closest surface     1.242   H42 DCD X    1
  found on step  460
 current point:
  at point   39.851  37.115  37.056
  closest atom surface    1.239   H42 DCD X    1
  2nd closest surface     1.241   C7  DCD X    1
  found on step  993
  no. of rejections          396
 stored as     4

 highest radius point found:
  at point   39.510  37.145  37.256
  closest atom surface    1.236   C7  DCD X    1
  2nd closest surface     1.237   H42 DCD X    1
  found on step  963
  this is also current point
  no. of rejections          372
 stored as     5

 highest radius point found:
  at point   39.498  37.185  37.456
  closest atom surface    1.220   C6  DCD X    1
  2nd closest surface     1.220   C7  DCD X    1
  found on step  960
  this is also current point
  no. of rejections          405
 stored as     6

 highest radius point found:
  at point   39.492  37.222  37.656
  closest atom surface    1.220   C6  DCD X    1
  2nd closest surface     1.220   C7  DCD X    1
  found on step  873
  this is also current point
  no. of rejections          397
 stored as     7

 highest radius point found:
  at point   39.491  37.252  37.856
  closest atom surface    1.232   H42 DCD X    1
  2nd closest surface     1.232   H12 DCD X    1
  found on step  953
  this is also current point
  no. of rejections          390
 stored as     8

 highest radius point found:
  at point   39.449  37.257  38.056
  closest atom surface    1.244   H42 DCD X    1
  2nd closest surface     1.245   H12 DCD X    1
  found on step  298
 current point:
  at point   39.473  37.258  38.056
  closest atom surface    1.240   H42 DCD X    1
  2nd closest surface     1.243   H12 DCD X    1
  found on step  996
  no. of rejections          402
 stored as     9

 highest radius point found:
  at point   39.426  37.264  38.256
  closest atom surface    1.272   H42 DCD X    1
  2nd closest surface     1.273   H12 DCD X    1
  found on step  474
 current point:
  at point   39.423  37.264  38.256
  closest atom surface    1.271   H9  DCD X    1
  2nd closest surface     1.272   H12 DCD X    1
  found on step  980
  no. of rejections          415
 stored as    10

 highest radius point found:
  at point   39.424  37.294  38.456
  closest atom surface    1.285   H9  DCD X    1
  2nd closest surface     1.287   C15 DCD X    1
  found on step  779
 current point:
  at point   39.423  37.293  38.456
  closest atom surface    1.285   H9  DCD X    1
  2nd closest surface     1.288   C34 DCD X    1
  found on step  982
  no. of rejections          411
 stored as    11

 highest radius point found:
  at point   39.391  37.312  38.656
  closest atom surface    1.292   C28 DCD X    1
  2nd closest surface     1.293   H9  DCD X    1
  found on step  889
  this is also current point
  no. of rejections          418
 stored as    12

 highest radius point found:
  at point   39.343  37.398  38.856
  closest atom surface    1.277   H9  DCD X    1
  2nd closest surface     1.277   N6  DCD X    1
  found on step  650
 current point:
  at point   39.232  37.205  38.856
  closest atom surface    1.275   C28 DCD X    1
  2nd closest surface     1.276   C34 DCD X    1
  found on step  996
  no. of rejections          352
 stored as    13

 highest radius point found:
  at point   39.084  37.127  39.056
  closest atom surface    1.284   C28 DCD X    1
  2nd closest surface     1.285   H9  DCD X    1
  found on step  835
 current point:
  at point   39.092  37.141  39.056
  closest atom surface    1.283   H9  DCD X    1
  2nd closest surface     1.284   C28 DCD X    1
  found on step  950
  no. of rejections          396
 stored as    14

 highest radius point found:
  at point   38.941  37.050  39.256
  closest atom surface    1.312   C28 DCD X    1
  2nd closest surface     1.316   C34 DCD X    1
  found on step   25
 current point:
  at point   38.160  36.435  39.256
  closest atom surface    1.306   C6  DCD X    1
  2nd closest surface     1.307   C34 DCD X    1
  found on step  881
  no. of rejections          376
 stored as    15

 highest radius point found:
  at point   38.766  36.968  39.456
  closest atom surface    1.378   C34 DCD X    1
  2nd closest surface     1.379   H9  DCD X    1
  found on step  903
  this is also current point
  no. of rejections          358
 stored as    16

 highest radius point found:
  at point   38.615  36.903  39.656
  closest atom surface    1.463   C34 DCD X    1
  2nd closest surface     1.464   H9  DCD X    1
  found on step  841
 current point:
  at point   38.578  36.876  39.656
  closest atom surface    1.462   H9  DCD X    1
  2nd closest surface     1.463   C34 DCD X    1
  found on step  992
  no. of rejections          368
 stored as    17

 highest radius point found:
  at point   38.521  36.832  39.856
  closest atom surface    1.507   C28 DCD X    1
  2nd closest surface     1.519   O22 DCD X    1
  found on step   19
 current point:
  at point   37.767  35.705  39.856
  closest atom surface    1.384   C34 DCD X    1
  2nd closest surface     1.385   N12 DCD X    1
  found on step  885
  no. of rejections          395
 stored as    18

 highest radius point found:
  at point   39.030  38.421  40.056
  closest atom surface    1.562   H9  DCD X    1
  2nd closest surface     1.563   H12 DCD X    1
  found on step  929
  this is also current point
  no. of rejections          361
 stored as    19

 highest radius point found:
  at point   38.965  38.590  40.256
  closest atom surface    1.694   H12 DCD X    1
  2nd closest surface     1.694   H9  DCD X    1
  found on step  973
  this is also current point
  no. of rejections          312
 stored as    20

 highest radius point found:
  at point   38.907  38.773  40.456
  closest atom surface    1.838   O22 DCD X    1
  2nd closest surface     1.840   H12 DCD X    1
  found on step  997
  this is also current point
  no. of rejections          347
 stored as    21

 highest radius point found:
  at point   37.430  42.368  40.656
  closest atom surface    3.017   C7  DCD X    1
  2nd closest surface     3.193   S1  DCD X    1
  found on step  998
  this is also current point
  no. of rejections          291
 stored as    22

 highest radius point found:
  at point   34.933  50.806  40.856
  closest atom surface   10.067   S1  DCD X    1
  2nd closest surface    10.125   O7  DCD X    1
  found on step 1000
  this is also current point
  no. of rejections          226
 stored as    23

 highest radius point found:
  at point   31.849  59.196  41.056
  closest atom surface   18.159   O7  DCD X    1
  2nd closest surface    18.166   H2  DCD X    1
  found on step 1000
  this is also current point
  no. of rejections          265
 stored as    24

 highest radius point found:
  at point   27.980  71.240  41.256
  closest atom surface   30.205   H2  DCD X    1
  2nd closest surface    30.258   O7  DCD X    1
  found on step 1000
  this is also current point
  no. of rejections          259
 This is an end! (radius above  22.0 angs)
 highest radius point found:
  at point   39.041  36.361  36.056
  closest atom surface    1.483   H42 DCD X    1
  2nd closest surface     1.484   C6  DCD X    1
  found on step  995
  this is also current point
  no. of rejections          350
 stored as    -1

 highest radius point found:
  at point   38.979  36.221  35.856
  closest atom surface    1.596   H10 DCD X    1
  2nd closest surface     1.597   S2  DCD X    1
  found on step  999
  this is also current point
  no. of rejections          348
 stored as    -2

 highest radius point found:
  at point   40.569  36.410  35.656
  closest atom surface    1.740   H42 DCD X    1
  2nd closest surface     1.751   H13 DCD X    1
  found on step  987
  this is also current point
  no. of rejections          324
 stored as    -3

 highest radius point found:
  at point   40.600  36.320  35.456
  closest atom surface    1.877   H13 DCD X    1
  2nd closest surface     1.877   H42 DCD X    1
  found on step  999
  this is also current point
  no. of rejections          343
 stored as    -4

 highest radius point found:
  at point   40.475  36.197  35.256
  closest atom surface    1.980   S2  DCD X    1
  2nd closest surface     1.981   H42 DCD X    1
  found on step  910
  this is also current point
  no. of rejections          348
 stored as    -5

 highest radius point found:
  at point   40.357  36.046  35.056
  closest atom surface    2.088   C18 DCD X    1
  2nd closest surface     2.088   S3  DCD X    1
  found on step  981
  this is also current point
  no. of rejections          369
 stored as    -6

 highest radius point found:
  at point   40.309  36.009  34.856
  closest atom surface    2.131   S4  DCD X    1
  2nd closest surface     2.131   C18 DCD X    1
  found on step  450
 current point:
  at point   40.312  36.009  34.856
  closest atom surface    2.128   C18 DCD X    1
  2nd closest surface     2.132   S4  DCD X    1
  found on step  909
  no. of rejections          363
 stored as    -7

 highest radius point found:
  at point   40.257  35.983  34.656
  closest atom surface    2.173   S4  DCD X    1
  2nd closest surface     2.173   C27 DCD X    1
  found on step  925
  this is also current point
  no. of rejections          404
 stored as    -8

 highest radius point found:
  at point   40.180  35.958  34.456
  closest atom surface    2.218   S2  DCD X    1
  2nd closest surface     2.218   S4  DCD X    1
  found on step  991
  this is also current point
  no. of rejections          414
 stored as    -9

 highest radius point found:
  at point   40.106  35.931  34.256
  closest atom surface    2.273   S4  DCD X    1
  2nd closest surface     2.273   C27 DCD X    1
  found on step  961
  this is also current point
  no. of rejections          375
 stored as   -10

 highest radius point found:
  at point   40.036  35.905  34.056
  closest atom surface    2.334   C27 DCD X    1
  2nd closest surface     2.339   S4  DCD X    1
  found on step   92
 current point:
  at point   37.989  35.913  34.056
  closest atom surface    2.231   S4  DCD X    1
  2nd closest surface     2.232   H10 DCD X    1
  found on step  952
  no. of rejections          377
 stored as   -11

 highest radius point found:
  at point   39.955  35.885  33.856
  closest atom surface    2.409   S2  DCD X    1
  2nd closest surface     2.412   C27 DCD X    1
  found on step  989
  this is also current point
  no. of rejections          356
 stored as   -12

 highest radius point found:
  at point   39.869  35.854  33.656
  closest atom surface    2.494   S2  DCD X    1
  2nd closest surface     2.494   S4  DCD X    1
  found on step  993
  this is also current point
  no. of rejections          389
 stored as   -13

 highest radius point found:
  at point   39.807  35.829  33.456
  closest atom surface    2.588   S2  DCD X    1
  2nd closest surface     2.590   C27 DCD X    1
  found on step  975
  this is also current point
  no. of rejections          359
 stored as   -14

 highest radius point found:
  at point   39.732  35.801  33.256
  closest atom surface    2.689   S4  DCD X    1
  2nd closest surface     2.691   S2  DCD X    1
  found on step  972
  this is also current point
  no. of rejections          389
 stored as   -15

 highest radius point found:
  at point   39.651  35.776  33.056
  closest atom surface    2.796   S4  DCD X    1
  2nd closest surface     2.797   S2  DCD X    1
  found on step  930
  this is also current point
  no. of rejections          317
 stored as   -16

 highest radius point found:
  at point   39.580  35.749  32.856
  closest atom surface    2.912   S4  DCD X    1
  2nd closest surface     2.913   S2  DCD X    1
  found on step  972
  this is also current point
  no. of rejections          368
 stored as   -17

 highest radius point found:
  at point   39.452  35.726  32.656
  closest atom surface    3.025   S2  DCD X    1
  2nd closest surface     3.027   S4  DCD X    1
  found on step  833
 current point:
  at point   39.433  35.724  32.656
  closest atom surface    3.024   S4  DCD X    1
  2nd closest surface     3.024   S2  DCD X    1
  found on step  998
  no. of rejections          327
 stored as   -18

 highest radius point found:
  at point   39.330  35.698  32.456
  closest atom surface    3.150   S4  DCD X    1
  2nd closest surface     3.150   S2  DCD X    1
  found on step  992
  this is also current point
  no. of rejections          368
 stored as   -19

 highest radius point found:
  at point   37.899  35.680  32.256
  closest atom surface    3.337   S2  DCD X    1
  2nd closest surface     3.339   S4  DCD X    1
  found on step  971
  this is also current point
  no. of rejections          319
 stored as   -20

 highest radius point found:
  at point   38.029  35.651  32.056
  closest atom surface    3.463   S4  DCD X    1
  2nd closest surface     3.463   S2  DCD X    1
  found on step  994
  this is also current point
  no. of rejections          340
 stored as   -21

 highest radius point found:
  at point   38.145  35.614  31.856
  closest atom surface    3.589   O15 DCD X    1
  2nd closest surface     3.592   S4  DCD X    1
  found on step   46
 current point:
  at point   37.341  35.903  31.856
  closest atom surface    3.548   S2  DCD X    1
  2nd closest surface     3.550   O15 DCD X    1
  found on step  973
  no. of rejections          337
 stored as   -22

 highest radius point found:
  at point   38.265  35.603  31.656
  closest atom surface    3.734   S2  DCD X    1
  2nd closest surface     3.735   O19 DCD X    1
  found on step  858
 current point:
  at point   38.310  35.598  31.656
  closest atom surface    3.734   S4  DCD X    1
  2nd closest surface     3.734   S2  DCD X    1
  found on step  961
  no. of rejections          331
 stored as   -23

 highest radius point found:
  at point   38.583  35.615  31.456
  closest atom surface    3.842   S2  DCD X    1
  2nd closest surface     3.842   O19 DCD X    1
  found on step  237
 current point:
  at point   38.164  35.664  31.456
  closest atom surface    3.838   S2  DCD X    1
  2nd closest surface     3.841   O19 DCD X    1
  found on step  915
  no. of rejections          367
 stored as   -24

 highest radius point found:
  at point   37.981  35.728  31.256
  closest atom surface    3.953   O19 DCD X    1
  2nd closest surface     3.953   O15 DCD X    1
  found on step  254
 current point:
  at point   38.180  35.708  31.256
  closest atom surface    3.946   O19 DCD X    1
  2nd closest surface     3.947   S2  DCD X    1
  found on step  951
  no. of rejections          340
 stored as   -25

 highest radius point found:
  at point   36.131  36.358  31.056
  closest atom surface    4.220   O15 DCD X    1
  2nd closest surface     4.222   S1  DCD X    1
  found on step  610
 current point:
  at point   36.085  36.372  31.056
  closest atom surface    4.219   S1  DCD X    1
  2nd closest surface     4.220   O21 DCD X    1
  found on step  979
  no. of rejections          351
 stored as   -26

 highest radius point found:
  at point   36.062  36.396  30.856
  closest atom surface    4.374   O15 DCD X    1
  2nd closest surface     4.374   S1  DCD X    1
  found on step  923
  this is also current point
  no. of rejections          352
 stored as   -27

 highest radius point found:
  at point   36.031  36.428  30.656
  closest atom surface    4.526   O15 DCD X    1
  2nd closest surface     4.527   S1  DCD X    1
  found on step  817
 current point:
  at point   36.037  36.428  30.656
  closest atom surface    4.526   O15 DCD X    1
  2nd closest surface     4.526   S1  DCD X    1
  found on step  992
  no. of rejections          310
 stored as   -28

 highest radius point found:
  at point   35.983  36.464  30.456
  closest atom surface    4.684   S1  DCD X    1
  2nd closest surface     4.684   O15 DCD X    1
  found on step  923
  this is also current point
  no. of rejections          325
 stored as   -29

 highest radius point found:
  at point   35.957  36.496  30.256
  closest atom surface    4.840   H3  DCD X    1
  2nd closest surface     4.840   S2  DCD X    1
  found on step  922
  this is also current point
  no. of rejections          339
 stored as   -30

 highest radius point found:
  at point   35.958  36.511  30.056
  closest atom surface    4.988   S2  DCD X    1
  2nd closest surface     4.990   O15 DCD X    1
  found on step  991
  this is also current point
  no. of rejections          337
 stored as   -31

 highest radius point found:
  at point   35.954  36.525  29.856
  closest atom surface    5.140   O15 DCD X    1
  2nd closest surface     5.141   S2  DCD X    1
  found on step  993
  this is also current point
  no. of rejections          324
 stored as   -32

 highest radius point found:
  at point   35.950  36.541  29.656
  closest atom surface    5.294   O15 DCD X    1
  2nd closest surface     5.295   S2  DCD X    1
  found on step  839
 current point:
  at point   35.947  36.541  29.656
  closest atom surface    5.294   H3  DCD X    1
  2nd closest surface     5.294   O15 DCD X    1
  found on step  907
  no. of rejections          319
 stored as   -33

 highest radius point found:
  at point   35.946  36.559  29.456
  closest atom surface    5.451   S2  DCD X    1
  2nd closest surface     5.451   O15 DCD X    1
  found on step  997
  this is also current point
  no. of rejections          293
 stored as   -34

 highest radius point found:
  at point   35.944  36.576  29.256
  closest atom surface    5.608   S2  DCD X    1
  2nd closest surface     5.610   H3  DCD X    1
  found on step  973
  this is also current point
  no. of rejections          324
 stored as   -35

 highest radius point found:
  at point   35.941  36.592  29.056
  closest atom surface    5.769   S2  DCD X    1
  2nd closest surface     5.770   O15 DCD X    1
  found on step  998
  this is also current point
  no. of rejections          316
 stored as   -36

 highest radius point found:
  at point   35.936  36.607  28.856
  closest atom surface    5.932   S2  DCD X    1
  2nd closest surface     5.933   O15 DCD X    1
  found on step  985
  this is also current point
  no. of rejections          329
 stored as   -37

 highest radius point found:
  at point   35.931  36.623  28.656
  closest atom surface    6.096   S2  DCD X    1
  2nd closest surface     6.096   O15 DCD X    1
  found on step  983
  this is also current point
  no. of rejections          291
 stored as   -38

 highest radius point found:
  at point   35.926  36.639  28.456
  closest atom surface    6.262   O15 DCD X    1
  2nd closest surface     6.262   S2  DCD X    1
  found on step  810
 current point:
  at point   35.927  36.646  28.456
  closest atom surface    6.259   S2  DCD X    1
  2nd closest surface     6.262   H3  DCD X    1
  found on step  952
  no. of rejections          315
 stored as   -39

 highest radius point found:
  at point   35.920  36.656  28.256
  closest atom surface    6.429   S2  DCD X    1
  2nd closest surface     6.430   O15 DCD X    1
  found on step  937
  this is also current point
  no. of rejections          316
 stored as   -40

 highest radius point found:
  at point   35.906  36.698  28.056
  closest atom surface    6.586   N1  DCD X    1
  2nd closest surface     6.586   O19 DCD X    1
  found on step  951
  this is also current point
  no. of rejections          318
 stored as   -41

 highest radius point found:
  at point   35.871  36.711  27.856
  closest atom surface    6.727   N1  DCD X    1
  2nd closest surface     6.727   O19 DCD X    1
  found on step  975
  this is also current point
  no. of rejections          335
 stored as   -42

 highest radius point found:
  at point   35.799  36.703  27.656
  closest atom surface    6.864   O19 DCD X    1
  2nd closest surface     6.864   N1  DCD X    1
  found on step  968
  this is also current point
  no. of rejections          313
 stored as   -43

 highest radius point found:
  at point   35.727  36.698  27.456
  closest atom surface    6.996   C24 DCD X    1
  2nd closest surface     7.003   N1  DCD X    1
  found on step   56
 current point:
  at point   35.341  36.481  27.456
  closest atom surface    6.950   H3  DCD X    1
  2nd closest surface     6.950   O19 DCD X    1
  found on step  996
  no. of rejections          265
 stored as   -44

 highest radius point found:
  at point   35.637  36.677  27.256
  closest atom surface    7.144   O19 DCD X    1
  2nd closest surface     7.144   N1  DCD X    1
  found on step  902
  this is also current point
  no. of rejections          305
 stored as   -45

 highest radius point found:
  at point   35.550  36.663  27.056
  closest atom surface    7.288   O19 DCD X    1
  2nd closest surface     7.288   N1  DCD X    1
  found on step   49
 current point:
  at point   35.046  36.385  27.056
  closest atom surface    7.236   N1  DCD X    1
  2nd closest surface     7.237   O19 DCD X    1
  found on step  974
  no. of rejections          320
 stored as   -46

 highest radius point found:
  at point   35.475  36.653  26.856
  closest atom surface    7.436   O19 DCD X    1
  2nd closest surface     7.436   N1  DCD X    1
  found on step  682
 current point:
  at point   35.473  36.652  26.856
  closest atom surface    7.435   O19 DCD X    1
  2nd closest surface     7.436   N1  DCD X    1
  found on step  989
  no. of rejections          310
 stored as   -47

 highest radius point found:
  at point   35.394  36.643  26.656
  closest atom surface    7.586   N1  DCD X    1
  2nd closest surface     7.587   C24 DCD X    1
  found on step  953
  this is also current point
  no. of rejections          327
 stored as   -48

 highest radius point found:
  at point   35.309  36.627  26.456
  closest atom surface    7.739   N1  DCD X    1
  2nd closest surface     7.739   O19 DCD X    1
  found on step  448
 current point:
  at point   35.265  36.603  26.456
  closest atom surface    7.734   O19 DCD X    1
  2nd closest surface     7.734   N1  DCD X    1
  found on step  987
  no. of rejections          305
 stored as   -49

 highest radius point found:
  at point   35.232  36.617  26.256
  closest atom surface    7.894   C24 DCD X    1
  2nd closest surface     7.894   N1  DCD X    1
  found on step  914
  this is also current point
  no. of rejections          295
 stored as   -50

 highest radius point found:
  at point   33.919  35.918  26.056
  closest atom surface    8.046   H3  DCD X    1
  2nd closest surface     8.047   O19 DCD X    1
  found on step  987
  this is also current point
  no. of rejections          299
 stored as   -51

 highest radius point found:
  at point   33.827  35.928  25.856
  closest atom surface    8.212   N1  DCD X    1
  2nd closest surface     8.215   O16 DCD X    1
  found on step   72
 current point:
  at point   33.207  35.809  25.856
  closest atom surface    8.188   H3  DCD X    1
  2nd closest surface     8.188   O16 DCD X    1
  found on step  961
  no. of rejections          254
 stored as   -52

 highest radius point found:
  at point   33.935  35.998  25.656
  closest atom surface    8.377   N1  DCD X    1
  2nd closest surface     8.378   O19 DCD X    1
  found on step  559
 current point:
  at point   33.949  36.004  25.656
  closest atom surface    8.377   O19 DCD X    1
  2nd closest surface     8.377   N1  DCD X    1
  found on step  933
  no. of rejections          305
 stored as   -53

 highest radius point found:
  at point   33.987  36.060  25.456
  closest atom surface    8.540   N1  DCD X    1
  2nd closest surface     8.543   O19 DCD X    1
  found on step  282
 current point:
  at point   34.895  36.561  25.456
  closest atom surface    8.536   N1  DCD X    1
  2nd closest surface     8.537   O19 DCD X    1
  found on step  972
  no. of rejections          299
 stored as   -54

 highest radius point found:
  at point   34.016  36.112  25.256
  closest atom surface    8.705   N1  DCD X    1
  2nd closest surface     8.706   O16 DCD X    1
  found on step  595
 current point:
  at point   34.018  36.116  25.256
  closest atom surface    8.704   N1  DCD X    1
  2nd closest surface     8.710   O16 DCD X    1
  found on step  976
  no. of rejections          310
 stored as   -55

 highest radius point found:
  at point   34.081  36.173  25.056
  closest atom surface    8.873   O19 DCD X    1
  2nd closest surface     8.874   N1  DCD X    1
  found on step  989
  this is also current point
  no. of rejections          267
 stored as   -56

 highest radius point found:
  at point   34.174  36.260  24.856
  closest atom surface    9.040   N1  DCD X    1
  2nd closest surface     9.042   O19 DCD X    1
  found on step   69
 current point:
  at point   34.041  36.220  24.856
  closest atom surface    9.033   N1  DCD X    1
  2nd closest surface     9.037   O16 DCD X    1
  found on step  986
  no. of rejections          298
 stored as   -57

 highest radius point found:
  at point   34.177  36.291  24.656
  closest atom surface    9.211   O16 DCD X    1
  2nd closest surface     9.212   O19 DCD X    1
  found on step  194
 current point:
  at point   33.153  36.105  24.656
  closest atom surface    9.158   N1  DCD X    1
  2nd closest surface     9.158   O16 DCD X    1
  found on step  982
  no. of rejections          284
 stored as   -58

 highest radius point found:
  at point   34.283  36.382  24.456
  closest atom surface    9.383   O19 DCD X    1
  2nd closest surface     9.383   N1  DCD X    1
  found on step  653
 current point:
  at point   34.493  36.499  24.456
  closest atom surface    9.382   O19 DCD X    1
  2nd closest surface     9.383   N1  DCD X    1
  found on step  990
  no. of rejections          314
 stored as   -59

 highest radius point found:
  at point   34.414  36.488  24.256
  closest atom surface    9.556   O19 DCD X    1
  2nd closest surface     9.557   N1  DCD X    1
  found on step  956
  this is also current point
  no. of rejections          310
 stored as   -60

 highest radius point found:
  at point   34.324  36.469  24.056
  closest atom surface    9.730   O16 DCD X    1
  2nd closest surface     9.731   O19 DCD X    1
  found on step  982
  this is also current point
  no. of rejections          289
 stored as   -61

 highest radius point found:
  at point   34.258  36.530  23.856
  closest atom surface    9.889   N1  DCD X    1
  2nd closest surface     9.896   C24 DCD X    1
  found on step  175
 current point:
  at point   33.459  36.363  23.856
  closest atom surface    9.838   N1  DCD X    1
  2nd closest surface     9.839   O16 DCD X    1
  found on step  999
  no. of rejections          286
 stored as   -62

 highest radius point found:
  at point   34.191  36.548  23.656
  closest atom surface   10.060   N1  DCD X    1
  2nd closest surface    10.060   C24 DCD X    1
  found on step  951
  this is also current point
  no. of rejections          282
 stored as   -63

 highest radius point found:
  at point   34.082  36.573  23.456
  closest atom surface   10.218   O16 DCD X    1
  2nd closest surface    10.224   N1  DCD X    1
  found on step   23
 current point:
  at point   33.195  36.415  23.456
  closest atom surface   10.177   O16 DCD X    1
  2nd closest surface    10.177   N1  DCD X    1
  found on step  942
  no. of rejections          255
 stored as   -64

 highest radius point found:
  at point   34.051  36.636  23.256
  closest atom surface   10.389   N1  DCD X    1
  2nd closest surface    10.390   C24 DCD X    1
  found on step  574
 current point:
  at point   33.986  36.611  23.256
  closest atom surface   10.388   O16 DCD X    1
  2nd closest surface    10.388   N1  DCD X    1
  found on step  990
  no. of rejections          243
 stored as   -65

 highest radius point found:
  at point   33.973  36.661  23.056
  closest atom surface   10.561   N1  DCD X    1
  2nd closest surface    10.563   O16 DCD X    1
  found on step  970
  this is also current point
  no. of rejections          286
 stored as   -66

 highest radius point found:
  at point   33.906  36.701  22.856
  closest atom surface   10.731   N1  DCD X    1
  2nd closest surface    10.733   C24 DCD X    1
  found on step  992
  this is also current point
  no. of rejections          281
 stored as   -67

 highest radius point found:
  at point   33.835  36.736  22.656
  closest atom surface   10.904   N1  DCD X    1
  2nd closest surface    10.905   O16 DCD X    1
  found on step  961
  this is also current point
  no. of rejections          290
 stored as   -68

 highest radius point found:
  at point   33.762  36.774  22.456
  closest atom surface   11.076   N1  DCD X    1
  2nd closest surface    11.078   O16 DCD X    1
  found on step  984
  this is also current point
  no. of rejections          295
 stored as   -69

 highest radius point found:
  at point   31.775  36.457  22.256
  closest atom surface   11.291   N1  DCD X    1
  2nd closest surface    11.291   O16 DCD X    1
  found on step  955
  this is also current point
  no. of rejections          281
 stored as   -70

 highest radius point found:
  at point   25.661  38.219  22.056
  closest atom surface   12.657   H5  DCD X    1
  2nd closest surface    12.658   H62 DCD X    1
  found on step  998
  this is also current point
  no. of rejections          164
 stored as   -71

 highest radius point found:
  at point   21.207  41.458  21.856
  closest atom surface   14.997   H5  DCD X    1
  2nd closest surface    15.005   C53 DCD X    1
  found on step 1000
  this is also current point
  no. of rejections          200
 stored as   -72

 highest radius point found:
  at point   16.309  46.874  21.656
  closest atom surface   19.672   H5  DCD X    1
  2nd closest surface    19.693   H61 DCD X    1
  found on step  997
  this is also current point
  no. of rejections          215
 stored as   -73

 highest radius point found:
  at point   10.498  53.595  21.456
  closest atom surface   26.863   C52 DCD X    1
  2nd closest surface    26.866   H61 DCD X    1
  found on step  998
  this is also current point
  no. of rejections          225
 This is an end! (radius above  22.0 angs)
 
 N.b. Graph information routine (HOGRAP) differs 
        markedly from previous versions!
       Information now is written from -ve end
       to +ve in one pass
 
 Explanation of the meaning of each column: 
 First column "cenxyz.cvec" is the coordinate in the
   direction of the channel vector i.e. if the channel
   vector is in z (0 0 1) then it is the z coordinate.
 The second column "radius" is the hole pore radius 
   (as defined in the Biophys J 1993) article).
 The third column "cen_line_D" is the distance 
   measured along the pore centre line - with the 
   first point found set to zero. This was the first
   thing that I used to measure the distance along a pore
   but "cenxyz.cvec" is a much better general measure. 
   However, by comparing changes in this distance to changes in '   "cenxyz.cvec" one can get a measure of how straight a 
   channel is.
 The fourth column "sum{s/(area)}" is useful in conductance
   prediction -
   basically it is the sum of the thickness of each slab
   divided by its area. HOLE uses this measure to estimate
   the macroscopic conductance of a channel.
 If any of this worries you one can see the "raw" results
   of a standard hole run by producing a sphpdb file and 
    directly looking at the results.
 cenxyz.cvec      radius  cen_line_D sum{s/(area point sourc
    21.65618    19.67197   -42.51962     0.00008   (sampled)
    21.75618    17.11855   -38.86725     0.00019 (mid-point)
    21.85618    14.99728   -35.21488     0.00033   (sampled)
    21.95618    13.61562   -32.45939     0.00050 (mid-point)
    22.05618    12.65669   -29.70391     0.00070   (sampled)
    22.15618    11.65325   -26.52094     0.00094 (mid-point)
    22.25618    11.29114   -23.33797     0.00119   (sampled)
    22.35618    11.14465   -22.32703     0.00144 (mid-point)
    22.45618    11.07640   -21.31609     0.00170   (sampled)
    22.55618    10.98987   -21.20800     0.00197 (mid-point)
    22.65618    10.90367   -21.09991     0.00223   (sampled)
    22.75618    10.81725   -20.99234     0.00251 (mid-point)
    22.85618    10.73117   -20.88478     0.00278   (sampled)
    22.95618    10.64586   -20.77749     0.00306 (mid-point)
    23.05618    10.56090   -20.67020     0.00335   (sampled)
    23.15618    10.47492   -20.56204     0.00364 (mid-point)
    23.25618    10.38928   -20.45388     0.00393   (sampled)
    23.35618    10.30634   -20.34781     0.00423 (mid-point)
    23.45618    10.21828   -20.24175     0.00454   (sampled)
    23.55618    10.13887   -20.12733     0.00485 (mid-point)
    23.65618    10.05955   -20.01291     0.00516   (sampled)
    23.75618     9.97390   -19.90698     0.00548 (mid-point)
    23.85618     9.88859   -19.80106     0.00581   (sampled)
    23.95618     9.81031   -19.69147     0.00614 (mid-point)
    24.05618     9.73045   -19.58188     0.00647   (sampled)
    24.15618     9.64374   -19.47172     0.00682 (mid-point)
    24.25618     9.55645   -19.36157     0.00717   (sampled)
    24.35618     9.46926   -19.23074     0.00752 (mid-point)
    24.45618     9.38293   -19.09992     0.00788   (sampled)
    24.55618     9.29698   -18.97792     0.00825 (mid-point)
    24.65618     9.21130   -18.85593     0.00863   (sampled)
    24.75618     9.12636   -18.75476     0.00901 (mid-point)
    24.85618     9.03996   -18.65359     0.00940   (sampled)
    24.95618     8.95656   -18.53505     0.00979 (mid-point)
    25.05618     8.87305   -18.41650     0.01020   (sampled)
    25.15618     8.78929   -18.30701     0.01061 (mid-point)
    25.25618     8.70521   -18.19751     0.01103   (sampled)
    25.35618     8.62243   -18.09315     0.01146 (mid-point)
    25.45618     8.54004   -17.98878     0.01189   (sampled)
    25.55618     8.45851   -17.88082     0.01234 (mid-point)
    25.65618     8.37747   -17.77286     0.01279   (sampled)
    25.75618     8.29422   -17.65406     0.01326 (mid-point)
    25.85618     8.21168   -17.53526     0.01373   (sampled)
    25.95618     8.13159   -17.42512     0.01421 (mid-point)
    26.05618     8.04583   -17.31498     0.01470   (sampled)
    26.15618     7.94170   -16.56464     0.01521 (mid-point)
    26.25618     7.89383   -15.81429     0.01572   (sampled)
    26.35618     7.81606   -15.70708     0.01624 (mid-point)
    26.45618     7.73854   -15.59986     0.01677   (sampled)
    26.55618     7.66198   -15.49082     0.01731 (mid-point)
    26.65618     7.58608   -15.38178     0.01786   (sampled)
    26.75618     7.51093   -15.27383     0.01843 (mid-point)
    26.85618     7.43588   -15.16588     0.01900   (sampled)
    26.95618     7.36156   -15.05898     0.01959 (mid-point)
    27.05618     7.28790   -14.95208     0.02019   (sampled)
    27.15618     7.21533   -14.84280     0.02080 (mid-point)
    27.25618     7.14352   -14.73352     0.02143   (sampled)
    27.35618     7.07120   -14.62334     0.02206 (mid-point)
    27.45618     6.99618   -14.51317     0.02271   (sampled)
    27.55618     6.93139   -14.40686     0.02338 (mid-point)
    27.65618     6.86375   -14.30056     0.02405   (sampled)
    27.75618     6.79496   -14.19412     0.02474 (mid-point)
    27.85618     6.72670   -14.08769     0.02544   (sampled)
    27.95618     6.65579   -13.98595     0.02616 (mid-point)
    28.05618     6.58551   -13.88422     0.02690   (sampled)
    28.15618     6.50812   -13.78181     0.02765 (mid-point)
    28.25618     6.42946   -13.67941     0.02842   (sampled)
    28.35618     6.34563   -13.57901     0.02921 (mid-point)
    28.45618     6.26208   -13.47861     0.03002   (sampled)
    28.55618     6.17890   -13.37825     0.03085 (mid-point)
    28.65618     6.09612   -13.27788     0.03171   (sampled)
    28.75618     6.01363   -13.17756     0.03259 (mid-point)
    28.85618     5.93156   -13.07725     0.03350   (sampled)
    28.95618     5.84992   -12.97690     0.03443 (mid-point)
    29.05618     5.76871   -12.87655     0.03538   (sampled)
    29.15618     5.68818   -12.77624     0.03637 (mid-point)
    29.25618     5.60811   -12.67593     0.03738   (sampled)
    29.35618     5.52926   -12.57554     0.03842 (mid-point)
    29.45618     5.45092   -12.47515     0.03949   (sampled)
    29.55618     5.37227   -12.37476     0.04059 (mid-point)
    29.65618     5.29410   -12.27437     0.04173   (sampled)
    29.75618     5.21684   -12.17403     0.04290 (mid-point)
    29.85618     5.14018   -12.07369     0.04410   (sampled)
    29.95618     5.06428   -11.97339     0.04534 (mid-point)
    30.05618     4.98831   -11.87310     0.04662   (sampled)
    30.15618     4.91401   -11.77284     0.04794 (mid-point)
    30.25618     4.84034   -11.67257     0.04930   (sampled)
    30.35618     4.76282   -11.57041     0.05070 (mid-point)
    30.45618     4.68403   -11.46825     0.05216   (sampled)
    30.55618     4.60470   -11.36386     0.05366 (mid-point)
    30.65618     4.52609   -11.25946     0.05521   (sampled)
    30.75618     4.44943   -11.15700     0.05682 (mid-point)
    30.85618     4.37353   -11.05453     0.05848   (sampled)
    30.95618     4.29645   -10.94708     0.06021 (mid-point)
    31.05618     4.22033   -10.83963     0.06199   (sampled)
    31.15618     4.00363    -9.85723     0.06398 (mid-point)
    31.25618     3.95262    -8.87482     0.06602   (sampled)
    31.35618     3.88828    -8.55299     0.06812 (mid-point)
    31.45618     3.84186    -8.23116     0.07028   (sampled)
    31.55618     3.78516    -8.04343     0.07250 (mid-point)
    31.65618     3.73405    -7.85569     0.07478   (sampled)
    31.75618     3.66337    -7.73895     0.07716 (mid-point)
    31.85618     3.58940    -7.62221     0.07963   (sampled)
    31.95618     3.52658    -7.50504     0.08219 (mid-point)
    32.05618     3.46309    -7.38787     0.08484   (sampled)
    32.15618     3.39906    -7.26790     0.08759 (mid-point)
    32.25618     3.33662    -7.14794     0.09045   (sampled)
    32.35618     3.19410    -6.42566     0.09357 (mid-point)
    32.45618     3.14959    -5.70337     0.09678   (sampled)
    32.55618     3.08631    -5.58546     0.10012 (mid-point)
    32.65618     3.02472    -5.46754     0.10360   (sampled)
    32.75618     2.96763    -5.34821     0.10722 (mid-point)
    32.85618     2.91152    -5.22887     0.11097   (sampled)
    32.95618     2.85303    -5.12197     0.11488 (mid-point)
    33.05618     2.79621    -5.01507     0.11895   (sampled)
    33.15618     2.74166    -4.90629     0.12319 (mid-point)
    33.25618     2.68899    -4.79751     0.12759   (sampled)
    33.35618     2.63864    -4.68982     0.13216 (mid-point)
    33.45618     2.58849    -4.58213     0.13691   (sampled)
    33.55618     2.54028    -4.47669     0.14185 (mid-point)
    33.65618     2.49404    -4.37125     0.14696   (sampled)
    33.75618     2.45026    -4.26132     0.15227 (mid-point)
    33.85618     2.40879    -4.15138     0.15775   (sampled)
    33.95618     2.37195    -4.04314     0.16341 (mid-point)
    34.05618     2.33390    -3.93489     0.16925   (sampled)
    34.15618     2.30213    -3.82807     0.17526 (mid-point)
    34.25618     2.27279    -3.72125     0.18142   (sampled)
    34.35618     2.24436    -3.61379     0.18774 (mid-point)
    34.45618     2.21786    -3.50634     0.19421   (sampled)
    34.55618     2.19448    -3.39851     0.20082 (mid-point)
    34.65618     2.17313    -3.29068     0.20756   (sampled)
    34.75618     2.15091    -3.18643     0.21444 (mid-point)
    34.85618     2.13119    -3.08219     0.22145   (sampled)
    34.95618     2.10833    -2.97776     0.22861 (mid-point)
    35.05618     2.08803    -2.87333     0.23591   (sampled)
    35.15618     2.03228    -2.73489     0.24362 (mid-point)
    35.25618     1.98011    -2.59645     0.25174   (sampled)
    35.35618     1.92682    -2.46342     0.26031 (mid-point)
    35.45618     1.87666    -2.33038     0.26935   (sampled)
    35.55618     1.80728    -2.21976     0.27909 (mid-point)
    35.65618     1.73987    -2.10913     0.28961   (sampled)
    35.75618     1.54504    -1.30205     0.30294 (mid-point)
    35.85618     1.59630    -0.49496     0.31544   (sampled)
    35.95618     1.53826    -0.36894     0.32889 (mid-point)
    36.05618     1.48333    -0.24291     0.34335   (sampled)
    36.15618     1.42987    -0.12146     0.35892 (mid-point)
    36.25618     1.38140     0.00000     0.37560   (sampled)
    36.35618     1.34247     0.13364     0.39327 (mid-point)
    36.45618     1.31007     0.26727     0.41181   (sampled)
    36.55618     1.25596     0.75873     0.43199 (mid-point)
    36.65618     1.30711     1.25019     0.45062   (sampled)
    36.75618     1.28374     1.37266     0.46994 (mid-point)
    36.85618     1.26675     1.49514     0.48977   (sampled)
    36.95618     1.25027     1.63268     0.51014 (mid-point)
    37.05618     1.24120     1.77022     0.53080   (sampled)
    37.15618     1.23238     1.94811     0.55176 (mid-point)
    37.25618     1.23623     2.12600     0.57259   (sampled)
    37.35618     1.22666     2.22816     0.59374 (mid-point)
    37.45618     1.22025     2.33032     0.61512   (sampled)
    37.55618     1.21832     2.43208     0.63656 (mid-point)
    37.65618     1.21976     2.53385     0.65796   (sampled)
    37.75618     1.22424     2.63496     0.67920 (mid-point)
    37.85618     1.23159     2.73607     0.70018   (sampled)
    37.95618     1.23552     2.83824     0.72103 (mid-point)
    38.05618     1.24411     2.94041     0.74160   (sampled)
    38.15618     1.25599     3.04114     0.76178 (mid-point)
    38.25618     1.27228     3.14186     0.78144   (sampled)
    38.35618     1.27739     3.24302     0.80095 (mid-point)
    38.45618     1.28534     3.34419     0.82022   (sampled)
    38.55618     1.28690     3.44596     0.83944 (mid-point)
    38.65618     1.29230     3.54774     0.85850   (sampled)
    38.75618     1.28211     3.65931     0.87786 (mid-point)
    38.85618     1.27667     3.77088     0.89739   (sampled)
    38.95618     1.27090     3.98298     0.91710 (mid-point)
    39.05618     1.28444     4.19507     0.93639   (sampled)
    39.15618     1.29554     4.32415     0.95536 (mid-point)
    39.25618     1.31188     4.45322     0.97385   (sampled)
    39.35618     1.34423     4.59222     0.99147 (mid-point)
    39.45618     1.37827     4.73122     1.00822   (sampled)
    39.55618     1.41822     4.86041     1.02405 (mid-point)
    39.65618     1.46308     4.98960     1.03892   (sampled)
    39.75618     1.48408     5.10584     1.05337 (mid-point)
    39.85618     1.50676     5.22208     1.06739   (sampled)
    39.95618     1.43986     6.06250     1.08275 (mid-point)
    40.05618     1.56234     6.90293     1.09579   (sampled)
    40.15618     1.62544     7.03776     1.10783 (mid-point)
    40.25618     1.69365     7.17259     1.11893   (sampled)
    40.35618     1.76408     7.31107     1.12916 (mid-point)
    40.45618     1.83847     7.44955     1.13858   (sampled)
    40.55618     2.07999     9.39558     1.14593 (mid-point)
    40.65618     3.01665    11.34160     1.14943   (sampled)
    40.75618     6.18078    15.74274     1.15027 (mid-point)
    40.85618    10.06745    20.14388     1.15058   (sampled)
    40.95618    14.01958    24.61414     1.15074 (mid-point)
    41.05618    18.15892    29.08440     1.15084   (sampled)

 Minimum radius found:      1.218 angstroms.



 For spherical probe approach, The geometric factor
         F= sum(ds/area) along channel is    1.151 angstroms**-1
 This yields a macroscopic predicted molar conductance of:
   (1/rho)*(100/F)= (87/rho) pS,
   where rho is the conductivity of 1M permeant ion in ohm m.
 N.B. this is a macroscopic conductance - an overestimate 
 Empirically corrected conductances currently only available
 With the CAPSULE option (although its not that stable!)
 For 1M KCl rho= 1/12 (ohm m), So Gmacro= 1000 pS/M.
  (TAG      1   Rmin=     1.21832   Gmacro=  1042.71872 Conn_Gmacro=    -1.00000 ).
 HOLE: normal completion
