 *** Program HOLE ***
 
 If results of this run are reported or published, please
 cite the publication listed below.
 For the HOLE program:
   Smart, O.S., Goodfellow, J.M., Wallace, B.A. (1993). 
   The pore dimensions of gramicidin A. 
   Biophys. J., 65, 2455-2460.
 
 Originally written by Oliver Smart at Birkbeck College from April 1992.
 Copyright 1993-2005 Oliver Smart
 Copyright 2014-2015 SmartSci Limited.
 Copyright 2016 Oliver Smart.
 
 For help on HOLE suite see  http://www.holeprogram.org/
 
 HOLE release 2.2.005 (07 August 2016) 
 
 usage subject to Apache License, Version 2.0 
 see http://www.apache.org/licenses/LICENSE-2.0 

 Control variables read:

! Input file for Oliver Smart's HOLE program
! written by MDAnalysis.analysis.hole2.HoleAnalysis
! for a Universe
! u = mda.Universe(/afs/crc.nd.edu/user/m/mfarshad/Private/ML-new/traj/host-dcdd
!    /afs/crc.nd.edu/user/m/mfarshad/Private/ML-new/traj/host-dcddc2/host_dcddc2
!   )
! Frame 194

COORD  /tmp/2550296.1.long/tmpvhpwktv7.pdb
RADIUS simple2.rad
SPHPDB hole194.sph
SAMPLE 0.200000
ENDRAD 22.000000
IGNORE SOL WAT TIP HOH K   NA  CL
SHORTO 0
RASEED 31415
CPOINT 38.2458960618 35.3388612119 36.2711372617


 WARNING have not found a CVECT record - will try to guess
 Input pdb filename read as:    '/tmp/2550296.1.long/tmpvhpwktv7.pdb'
 Input vdW radius file read as: 'simple2.rad'
 point in channel:   38.246  35.339  36.271
 channel vector:   ************************
 sampling distance between planes:    0.200

 graphics conditions:
 binary plot output file name: NONE
 Dot density:    10
 Draw dots?           T
 Draw close contacts? F
 Draw centre line?    T
 Produce spikes rather than dots? F
 Seed for random number generator:     31415 (0 means value set by program)
 Radius above which a result is regarded as an 'end':  22.000
 Pdb format file for sphere centres: hole194.sph

 Monte Carlo conditions:
  no of steps:  1000
  maximum displacement   0.100 angs
  'kT' initial   0.100 angs
 The spherebox and capsule options are turned off.
 (No molqpt card so will not write qpt file of the molecule)
 IGNORE card read so will ignore residue types: SOL WAT TIP HOH K   NA  CL
 no SHORTO card read so will produce full textual output
 As no PEGRAT card was found will not produce PEG polymer exclusion graph
 (No 2DMAPS card specified so will not produce 2D property maps)
 Have not found a CUT card.  Normal calculation using
   Cutoff lists with a cutsize=       1.000
   (if you wish to turn off option use a CUT -1 card)

 Have read     7 bond radius records and
              16 vdW radius records.
 From file: simple2.rad

 Have read   158 atom records.
 From file: /tmp/2550296.1.long/tmpvhpwktv7.pdb
 Will not produce graphical output

 Have opened file for pdb format output of sphere centres:  hole194.sph

  Seed integer used by ran # generator on this run      31415

 
 S/R cguess will try to guess CPOINT and/or CVECT
 
 THESE GUESSES MAY WELL BE WRONG!!!!
 Routine relies on having a reasonably symmetric
 channel oriented along x, y or z vector
 YOU ARE STRONGLY ADVISED TO CHECK THE RESULTS
                       WITH MOLECULAR GRAPHICS
 testing points from cpoint in X, Y then Z direction
   point                   pore radius
direction     1
  33.246  35.339  36.271    -0.316
  34.246  35.339  36.271    -0.392
  35.246  35.339  36.271    -0.436
  36.246  35.339  36.271     0.398
  37.246  35.339  36.271     0.681
  38.246  35.339  36.271     1.011
  39.246  35.339  36.271     0.971
  40.246  35.339  36.271     0.844
  41.246  35.339  36.271     0.946
  42.246  35.339  36.271     0.697
  43.246  35.339  36.271    -0.209
 Average pore radius along the line=      0.381
direction     2
  38.246  30.339  36.271    -0.022
  38.246  31.339  36.271    -0.760
  38.246  32.339  36.271    -1.352
  38.246  33.339  36.271    -0.859
  38.246  34.339  36.271     0.045
  38.246  35.339  36.271     1.011
  38.246  36.339  36.271     0.440
  38.246  37.339  36.271    -0.081
  38.246  38.339  36.271    -0.753
  38.246  39.339  36.271    -0.918
  38.246  40.339  36.271    -0.558
 Average pore radius along the line=     -0.346
direction     3
  38.246  35.339  31.271     3.643
  38.246  35.339  32.271     2.925
  38.246  35.339  33.271     2.322
  38.246  35.339  34.271     1.712
  38.246  35.339  35.271     1.228
  38.246  35.339  36.271     1.011
  38.246  35.339  37.271     0.908
  38.246  35.339  38.271     0.743
  38.246  35.339  39.271     0.826
  38.246  35.339  40.271     1.233
  38.246  35.339  41.271     1.551
 Average pore radius along the line=      1.646
 Best direction is found to be     3
(1=X,2=Y,3=Z)
 s/r cguess has produced initial values for cpoint &/or cvect:
CPOINT      38.2459     35.3389     36.2711
CVECT        0.0000      0.0000      1.0000
 THESE GUESSES MAY WELL BE WRONG!!!!
 Routine relies on having a reasonably symmetric
 channel oriented along x, y or z vector
 YOU ARE STRONGLY ADVISED TO CHECK THE RESULTS
                       WITH MOLECULAR GRAPHICS
 
 
  Some routines (e.g. conn) need vectors normal to cvect: 
     EAST Zero degrees angle is along vector    1.000   0.000   0.000
     NORTH  90 degrees angle is along vector    0.000  -1.000   0.000
 highest radius point found:
  at point   38.821  35.681  36.271
  closest atom surface    1.280   C6  DCD X    1
  2nd closest surface     1.281   H42 DCD X    1
  found on step  994
  this is also current point
  no. of rejections          392
 stored as     0

 highest radius point found:
  at point   38.630  35.578  36.471
  closest atom surface    1.187   H42 DCD X    1
  2nd closest surface     1.189   C6  DCD X    1
  found on step  721
 current point:
  at point   38.891  35.853  36.471
  closest atom surface    1.173   H42 DCD X    1
  2nd closest surface     1.173   C6  DCD X    1
  found on step  962
  no. of rejections          333
 stored as     1

 highest radius point found:
  at point   38.456  35.486  36.671
  closest atom surface    1.123   S4  DCD X    1
  2nd closest surface     1.123   H42 DCD X    1
  found on step  914
  this is also current point
  no. of rejections          383
 stored as     2

 highest radius point found:
  at point   38.301  35.403  36.871
  closest atom surface    1.083   H42 DCD X    1
  2nd closest surface     1.086   S4  DCD X    1
  found on step  553
 current point:
  at point   38.282  35.401  36.871
  closest atom surface    1.082   C6  DCD X    1
  2nd closest surface     1.088   S4  DCD X    1
  found on step  993
  no. of rejections          361
 stored as     3

 highest radius point found:
  at point   38.154  35.334  37.071
  closest atom surface    1.072   C6  DCD X    1
  2nd closest surface     1.074   H42 DCD X    1
  found on step   29
 current point:
  at point   37.766  35.172  37.071
  closest atom surface    1.047   C6  DCD X    1
  2nd closest surface     1.048   S4  DCD X    1
  found on step  963
  no. of rejections          381
 stored as     4

 highest radius point found:
  at point   38.009  35.252  37.271
  closest atom surface    1.087   C6  DCD X    1
  2nd closest surface     1.091   S4  DCD X    1
  found on step  974
  this is also current point
  no. of rejections          386
 stored as     5

 highest radius point found:
  at point   37.879  35.179  37.471
  closest atom surface    1.123   S4  DCD X    1
  2nd closest surface     1.123   C6  DCD X    1
  found on step  977
  this is also current point
  no. of rejections          389
 stored as     6

 highest radius point found:
  at point   37.850  35.213  37.671
  closest atom surface    1.117   H42 DCD X    1
  2nd closest surface     1.117   C42 DCD X    1
  found on step  989
  this is also current point
  no. of rejections          364
 stored as     7

 highest radius point found:
  at point   37.830  35.263  37.871
  closest atom surface    1.116   C42 DCD X    1
  2nd closest surface     1.119   H42 DCD X    1
  found on step  496
 current point:
  at point   37.833  35.263  37.871
  closest atom surface    1.116   H42 DCD X    1
  2nd closest surface     1.118   C42 DCD X    1
  found on step  922
  no. of rejections          402
 stored as     8

 highest radius point found:
  at point   37.816  35.316  38.071
  closest atom surface    1.136   H42 DCD X    1
  2nd closest surface     1.136   C6  DCD X    1
  found on step  991
  this is also current point
  no. of rejections          388
 stored as     9

 highest radius point found:
  at point   37.798  35.368  38.271
  closest atom surface    1.164   C34 DCD X    1
  2nd closest surface     1.166   C6  DCD X    1
  found on step  820
 current point:
  at point   37.800  35.370  38.271
  closest atom surface    1.163   C34 DCD X    1
  2nd closest surface     1.164   C6  DCD X    1
  found on step  882
  no. of rejections          417
 stored as    10

 highest radius point found:
  at point   37.770  35.424  38.471
  closest atom surface    1.199   C34 DCD X    1
  2nd closest surface     1.201   C6  DCD X    1
  found on step  998
  this is also current point
  no. of rejections          380
 stored as    11

 highest radius point found:
  at point   37.743  35.483  38.671
  closest atom surface    1.249   C6  DCD X    1
  2nd closest surface     1.249   C34 DCD X    1
  found on step  790
 current point:
  at point   37.731  35.479  38.671
  closest atom surface    1.248   C6  DCD X    1
  2nd closest surface     1.249   C42 DCD X    1
  found on step  998
  no. of rejections          390
 stored as    12

 highest radius point found:
  at point   37.706  35.529  38.871
  closest atom surface    1.313   C42 DCD X    1
  2nd closest surface     1.315   C34 DCD X    1
  found on step  995
  this is also current point
  no. of rejections          386
 stored as    13

 highest radius point found:
  at point   37.771  35.676  39.071
  closest atom surface    1.357   C34 DCD X    1
  2nd closest surface     1.357   C6  DCD X    1
  found on step  545
 current point:
  at point   37.725  35.598  39.071
  closest atom surface    1.355   C34 DCD X    1
  2nd closest surface     1.356   C56 DCD X    1
  found on step  918
  no. of rejections          408
 stored as    14

 highest radius point found:
  at point   37.850  35.797  39.271
  closest atom surface    1.392   C34 DCD X    1
  2nd closest surface     1.394   C56 DCD X    1
  found on step  271
 current point:
  at point   37.833  35.766  39.271
  closest atom surface    1.389   C34 DCD X    1
  2nd closest surface     1.392   C56 DCD X    1
  found on step  965
  no. of rejections          397
 stored as    15

 highest radius point found:
  at point   37.929  35.918  39.471
  closest atom surface    1.445   C34 DCD X    1
  2nd closest surface     1.447   C56 DCD X    1
  found on step  861
 current point:
  at point   37.901  35.870  39.471
  closest atom surface    1.440   C56 DCD X    1
  2nd closest surface     1.440   C34 DCD X    1
  found on step  982
  no. of rejections          372
 stored as    16

 highest radius point found:
  at point   38.029  36.062  39.671
  closest atom surface    1.515   C34 DCD X    1
  2nd closest surface     1.523   H9  DCD X    1
  found on step   38
 current point:
  at point   39.026  37.502  39.671
  closest atom surface    1.490   H9  DCD X    1
  2nd closest surface     1.491   H12 DCD X    1
  found on step  975
  no. of rejections          341
 stored as    17

 highest radius point found:
  at point   38.114  36.205  39.871
  closest atom surface    1.614   C34 DCD X    1
  2nd closest surface     1.615   C56 DCD X    1
  found on step  994
  this is also current point
  no. of rejections          392
 stored as    18

 highest radius point found:
  at point   38.216  36.365  40.071
  closest atom surface    1.729   H9  DCD X    1
  2nd closest surface     1.729   C34 DCD X    1
  found on step  886
  this is also current point
  no. of rejections          349
 stored as    19

 highest radius point found:
  at point   38.157  36.243  40.271
  closest atom surface    1.771   O22 DCD X    1
  2nd closest surface     1.774   C28 DCD X    1
  found on step  835
 current point:
  at point   38.146  36.225  40.271
  closest atom surface    1.769   O22 DCD X    1
  2nd closest surface     1.772   C34 DCD X    1
  found on step  998
  no. of rejections          364
 stored as    20

 highest radius point found:
  at point   38.100  36.085  40.471
  closest atom surface    1.814   O22 DCD X    1
  2nd closest surface     1.816   C34 DCD X    1
  found on step  871
 current point:
  at point   38.102  36.090  40.471
  closest atom surface    1.813   O22 DCD X    1
  2nd closest surface     1.815   C28 DCD X    1
  found on step 1000
  no. of rejections          364
 stored as    21

 highest radius point found:
  at point   37.738  35.484  40.671
  closest atom surface    1.881   O22 DCD X    1
  2nd closest surface     1.881   C34 DCD X    1
  found on step  886
  this is also current point
  no. of rejections          361
 stored as    22

 highest radius point found:
  at point   37.761  35.442  40.871
  closest atom surface    1.964   C34 DCD X    1
  2nd closest surface     1.965   O20 DCD X    1
  found on step  976
  this is also current point
  no. of rejections          347
 stored as    23

 highest radius point found:
  at point   37.759  35.403  41.071
  closest atom surface    2.043   O20 DCD X    1
  2nd closest surface     2.043   O11 DCD X    1
  found on step  962
  this is also current point
  no. of rejections          397
 stored as    24

 highest radius point found:
  at point   37.703  35.356  41.271
  closest atom surface    2.094   O11 DCD X    1
  2nd closest surface     2.095   O20 DCD X    1
  found on step  459
 current point:
  at point   37.702  35.355  41.271
  closest atom surface    2.094   O20 DCD X    1
  2nd closest surface     2.095   O11 DCD X    1
  found on step  976
  no. of rejections          381
 stored as    25

 highest radius point found:
  at point   37.646  35.318  41.471
  closest atom surface    2.158   O11 DCD X    1
  2nd closest surface     2.158   O22 DCD X    1
  found on step  875
 current point:
  at point   37.643  35.317  41.471
  closest atom surface    2.157   O22 DCD X    1
  2nd closest surface     2.160   O20 DCD X    1
  found on step  911
  no. of rejections          368
 stored as    26

 highest radius point found:
  at point   37.584  35.269  41.671
  closest atom surface    2.232   O22 DCD X    1
  2nd closest surface     2.233   O20 DCD X    1
  found on step  960
  this is also current point
  no. of rejections          378
 stored as    27

 highest radius point found:
  at point   37.530  35.226  41.871
  closest atom surface    2.316   O22 DCD X    1
  2nd closest surface     2.318   O11 DCD X    1
  found on step  926
  this is also current point
  no. of rejections          359
 stored as    28

 highest radius point found:
  at point   37.473  35.179  42.071
  closest atom surface    2.410   O11 DCD X    1
  2nd closest surface     2.411   O22 DCD X    1
  found on step  955
  this is also current point
  no. of rejections          360
 stored as    29

 highest radius point found:
  at point   38.658  38.243  42.271
  closest atom surface    2.640   N6  DCD X    1
  2nd closest surface     2.651   O22 DCD X    1
  found on step  998
  this is also current point
  no. of rejections          332
 stored as    30

 highest radius point found:
  at point   37.450  43.619  42.471
  closest atom surface    5.201   O9  DCD X    1
  2nd closest surface     5.216   O22 DCD X    1
  found on step 1000
  this is also current point
  no. of rejections          292
 stored as    31

 highest radius point found:
  at point   33.482  52.349  42.671
  closest atom surface   12.644   O7  DCD X    1
  2nd closest surface    12.645   H2  DCD X    1
  found on step 1000
  this is also current point
  no. of rejections          281
 stored as    32

 highest radius point found:
  at point   29.810  62.384  42.871
  closest atom surface   21.955   H2  DCD X    1
  2nd closest surface    22.101   N1  DCD X    1
  found on step 1000
  this is also current point
  no. of rejections          246
 stored as    33

 highest radius point found:
  at point   26.601  73.732  43.071
  closest atom surface   33.207   O7  DCD X    1
  2nd closest surface    33.290   H2  DCD X    1
  found on step  997
  this is also current point
  no. of rejections          253
 This is an end! (radius above  22.0 angs)
 highest radius point found:
  at point   41.069  36.076  36.071
  closest atom surface    1.474   H21 DCD X    1
  2nd closest surface     1.476   C34 DCD X    1
  found on step  898
  this is also current point
  no. of rejections          322
 stored as    -1

 highest radius point found:
  at point   41.199  35.996  35.871
  closest atom surface    1.598   S2  DCD X    1
  2nd closest surface     1.599   C29 DCD X    1
  found on step  816
 current point:
  at point   41.224  36.012  35.871
  closest atom surface    1.598   H33 DCD X    1
  2nd closest surface     1.599   S2  DCD X    1
  found on step  987
  no. of rejections          346
 stored as    -2

 highest radius point found:
  at point   41.170  35.854  35.671
  closest atom surface    1.686   S2  DCD X    1
  2nd closest surface     1.686   C34 DCD X    1
  found on step  942
  this is also current point
  no. of rejections          311
 stored as    -3

 highest radius point found:
  at point   41.066  35.696  35.471
  closest atom surface    1.758   C18 DCD X    1
  2nd closest surface     1.758   C34 DCD X    1
  found on step  956
  this is also current point
  no. of rejections          338
 stored as    -4

 highest radius point found:
  at point   40.955  35.543  35.271
  closest atom surface    1.848   C27 DCD X    1
  2nd closest surface     1.848   S2  DCD X    1
  found on step  937
  this is also current point
  no. of rejections          343
 stored as    -5

 highest radius point found:
  at point   40.854  35.454  35.071
  closest atom surface    1.897   C27 DCD X    1
  2nd closest surface     1.898   S4  DCD X    1
  found on step  914
  this is also current point
  no. of rejections          406
 stored as    -6

 highest radius point found:
  at point   40.777  35.429  34.871
  closest atom surface    1.916   S4  DCD X    1
  2nd closest surface     1.916   C27 DCD X    1
  found on step  926
  this is also current point
  no. of rejections          375
 stored as    -7

 highest radius point found:
  at point   40.702  35.406  34.671
  closest atom surface    1.945   C27 DCD X    1
  2nd closest surface     1.947   S2  DCD X    1
  found on step  793
 current point:
  at point   40.700  35.402  34.671
  closest atom surface    1.943   S4  DCD X    1
  2nd closest surface     1.948   C27 DCD X    1
  found on step  879
  no. of rejections          412
 stored as    -8

 highest radius point found:
  at point   40.627  35.378  34.471
  closest atom surface    1.987   C27 DCD X    1
  2nd closest surface     1.987   S4  DCD X    1
  found on step  963
  this is also current point
  no. of rejections          392
 stored as    -9

 highest radius point found:
  at point   40.549  35.358  34.271
  closest atom surface    2.040   S2  DCD X    1
  2nd closest surface     2.041   C27 DCD X    1
  found on step  977
  this is also current point
  no. of rejections          412
 stored as   -10

 highest radius point found:
  at point   40.474  35.332  34.071
  closest atom surface    2.104   C27 DCD X    1
  2nd closest surface     2.105   S2  DCD X    1
  found on step  961
  this is also current point
  no. of rejections          362
 stored as   -11

 highest radius point found:
  at point   40.397  35.307  33.871
  closest atom surface    2.178   S4  DCD X    1
  2nd closest surface     2.179   S2  DCD X    1
  found on step  161
 current point:
  at point   40.398  35.309  33.871
  closest atom surface    2.178   S2  DCD X    1
  2nd closest surface     2.179   C27 DCD X    1
  found on step  944
  no. of rejections          383
 stored as   -12

 highest radius point found:
  at point   37.155  35.199  33.671
  closest atom surface    2.299   H10 DCD X    1
  2nd closest surface     2.301   S4  DCD X    1
  found on step  974
  this is also current point
  no. of rejections          332
 stored as   -13

 highest radius point found:
  at point   37.255  35.278  33.471
  closest atom surface    2.446   S4  DCD X    1
  2nd closest surface     2.446   O15 DCD X    1
  found on step  948
  this is also current point
  no. of rejections          317
 stored as   -14

 highest radius point found:
  at point   37.287  35.365  33.271
  closest atom surface    2.589   S2  DCD X    1
  2nd closest surface     2.589   H10 DCD X    1
  found on step  832
 current point:
  at point   37.279  35.366  33.271
  closest atom surface    2.587   H10 DCD X    1
  2nd closest surface     2.590   O15 DCD X    1
  found on step  912
  no. of rejections          330
 stored as   -15

 highest radius point found:
  at point   37.096  35.454  33.071
  closest atom surface    2.702   O15 DCD X    1
  2nd closest surface     2.703   S2  DCD X    1
  found on step  958
  this is also current point
  no. of rejections          308
 stored as   -16

 highest radius point found:
  at point   36.891  35.549  32.871
  closest atom surface    2.834   O15 DCD X    1
  2nd closest surface     2.835   S2  DCD X    1
  found on step  848
 current point:
  at point   36.875  35.551  32.871
  closest atom surface    2.834   H10 DCD X    1
  2nd closest surface     2.834   O15 DCD X    1
  found on step  935
  no. of rejections          350
 stored as   -17

 highest radius point found:
  at point   36.646  35.650  32.671
  closest atom surface    2.983   H10 DCD X    1
  2nd closest surface     2.985   O15 DCD X    1
  found on step  942
  this is also current point
  no. of rejections          361
 stored as   -18

 highest radius point found:
  at point   36.606  35.692  32.471
  closest atom surface    3.105   O21 DCD X    1
  2nd closest surface     3.106   O15 DCD X    1
  found on step  808
 current point:
  at point   36.612  35.692  32.471
  closest atom surface    3.104   S2  DCD X    1
  2nd closest surface     3.106   O15 DCD X    1
  found on step  934
  no. of rejections          328
 stored as   -19

 highest radius point found:
  at point   36.577  35.725  32.271
  closest atom surface    3.225   O15 DCD X    1
  2nd closest surface     3.225   S2  DCD X    1
  found on step  936
  this is also current point
  no. of rejections          319
 stored as   -20

 highest radius point found:
  at point   36.520  35.767  32.071
  closest atom surface    3.339   O21 DCD X    1
  2nd closest surface     3.356   S2  DCD X    1
  found on step  347
 current point:
  at point   36.915  35.628  32.071
  closest atom surface    3.262   S2  DCD X    1
  2nd closest surface     3.262   O15 DCD X    1
  found on step  983
  no. of rejections          342
 stored as   -21

 highest radius point found:
  at point   36.509  35.790  31.871
  closest atom surface    3.478   O21 DCD X    1
  2nd closest surface     3.478   O15 DCD X    1
  found on step  503
 current point:
  at point   36.500  35.802  31.871
  closest atom surface    3.477   O21 DCD X    1
  2nd closest surface     3.478   S2  DCD X    1
  found on step  972
  no. of rejections          345
 stored as   -22

 highest radius point found:
  at point   36.467  35.834  31.671
  closest atom surface    3.612   O21 DCD X    1
  2nd closest surface     3.612   S2  DCD X    1
  found on step  878
 current point:
  at point   36.464  35.838  31.671
  closest atom surface    3.611   S2  DCD X    1
  2nd closest surface     3.612   O21 DCD X    1
  found on step  953
  no. of rejections          346
 stored as   -23

 highest radius point found:
  at point   36.425  35.877  31.471
  closest atom surface    3.749   S2  DCD X    1
  2nd closest surface     3.749   O21 DCD X    1
  found on step  947
  this is also current point
  no. of rejections          327
 stored as   -24

 highest radius point found:
  at point   36.412  35.888  31.271
  closest atom surface    3.893   S2  DCD X    1
  2nd closest surface     3.893   O15 DCD X    1
  found on step  844
 current point:
  at point   36.404  35.892  31.271
  closest atom surface    3.891   O21 DCD X    1
  2nd closest surface     3.895   S2  DCD X    1
  found on step  937
  no. of rejections          312
 stored as   -25

 highest radius point found:
  at point   36.375  35.923  31.071
  closest atom surface    4.039   S2  DCD X    1
  2nd closest surface     4.040   O21 DCD X    1
  found on step  976
  this is also current point
  no. of rejections          338
 stored as   -26

 highest radius point found:
  at point   36.349  35.951  30.871
  closest atom surface    4.188   O15 DCD X    1
  2nd closest surface     4.188   S2  DCD X    1
  found on step  975
  this is also current point
  no. of rejections          322
 stored as   -27

 highest radius point found:
  at point   36.303  35.994  30.671
  closest atom surface    4.341   S2  DCD X    1
  2nd closest surface     4.342   O21 DCD X    1
  found on step  195
 current point:
  at point   36.069  36.241  30.671
  closest atom surface    4.340   O21 DCD X    1
  2nd closest surface     4.340   S2  DCD X    1
  found on step  992
  no. of rejections          311
 stored as   -28

 highest radius point found:
  at point   36.018  36.292  30.471
  closest atom surface    4.499   O21 DCD X    1
  2nd closest surface     4.499   S2  DCD X    1
  found on step  990
  this is also current point
  no. of rejections          316
 stored as   -29

 highest radius point found:
  at point   35.976  36.332  30.271
  closest atom surface    4.661   S2  DCD X    1
  2nd closest surface     4.661   O21 DCD X    1
  found on step  883
 current point:
  at point   35.964  36.341  30.271
  closest atom surface    4.660   O21 DCD X    1
  2nd closest surface     4.660   S1  DCD X    1
  found on step  975
  no. of rejections          313
 stored as   -30

 highest radius point found:
  at point   35.929  36.374  30.071
  closest atom surface    4.824   O21 DCD X    1
  2nd closest surface     4.826   S1  DCD X    1
  found on step  989
  this is also current point
  no. of rejections          309
 stored as   -31

 highest radius point found:
  at point   35.880  36.421  29.871
  closest atom surface    4.991   S1  DCD X    1
  2nd closest surface     4.992   O21 DCD X    1
  found on step  948
  this is also current point
  no. of rejections          285
 stored as   -32

 highest radius point found:
  at point   35.848  36.453  29.671
  closest atom surface    5.160   O21 DCD X    1
  2nd closest surface     5.161   S2  DCD X    1
  found on step  418
 current point:
  at point   35.837  36.462  29.671
  closest atom surface    5.160   O21 DCD X    1
  2nd closest surface     5.161   S1  DCD X    1
  found on step  995
  no. of rejections          285
 stored as   -33

 highest radius point found:
  at point   35.847  36.450  29.471
  closest atom surface    5.328   O21 DCD X    1
  2nd closest surface     5.328   S2  DCD X    1
  found on step  441
 current point:
  at point   35.845  36.451  29.471
  closest atom surface    5.328   O21 DCD X    1
  2nd closest surface     5.328   S2  DCD X    1
  found on step  947
  no. of rejections          277
 stored as   -34

 highest radius point found:
  at point   35.851  36.442  29.271
  closest atom surface    5.496   S2  DCD X    1
  2nd closest surface     5.497   O21 DCD X    1
  found on step  678
 current point:
  at point   35.961  36.328  29.271
  closest atom surface    5.487   S2  DCD X    1
  2nd closest surface     5.490   O21 DCD X    1
  found on step 1000
  no. of rejections          295
 stored as   -35

 highest radius point found:
  at point   35.854  36.433  29.071
  closest atom surface    5.666   S2  DCD X    1
  2nd closest surface     5.666   O21 DCD X    1
  found on step  845
 current point:
  at point   35.865  36.420  29.071
  closest atom surface    5.665   O21 DCD X    1
  2nd closest surface     5.666   S2  DCD X    1
  found on step  957
  no. of rejections          288
 stored as   -36

 highest radius point found:
  at point   35.857  36.423  28.871
  closest atom surface    5.837   O21 DCD X    1
  2nd closest surface     5.838   S2  DCD X    1
  found on step  959
  this is also current point
  no. of rejections          317
 stored as   -37

 highest radius point found:
  at point   35.851  36.426  28.671
  closest atom surface    6.011   S2  DCD X    1
  2nd closest surface     6.011   O21 DCD X    1
  found on step  991
  this is also current point
  no. of rejections          284
 stored as   -38

 highest radius point found:
  at point   35.858  36.411  28.471
  closest atom surface    6.184   O21 DCD X    1
  2nd closest surface     6.185   S2  DCD X    1
  found on step  983
  this is also current point
  no. of rejections          279
 stored as   -39

 highest radius point found:
  at point   35.858  36.407  28.271
  closest atom surface    6.360   O21 DCD X    1
  2nd closest surface     6.360   S2  DCD X    1
  found on step  630
 current point:
  at point   35.857  36.407  28.271
  closest atom surface    6.360   O21 DCD X    1
  2nd closest surface     6.361   S2  DCD X    1
  found on step  931
  no. of rejections          313
 stored as   -40

 highest radius point found:
  at point   35.859  36.400  28.071
  closest atom surface    6.537   O21 DCD X    1
  2nd closest surface     6.537   S2  DCD X    1
  found on step  797
 current point:
  at point   35.867  36.392  28.071
  closest atom surface    6.536   S2  DCD X    1
  2nd closest surface     6.536   O21 DCD X    1
  found on step  982
  no. of rejections          290
 stored as   -41

 highest radius point found:
  at point   35.857  36.415  27.871
  closest atom surface    6.709   S2  DCD X    1
  2nd closest surface     6.711   H3  DCD X    1
  found on step  923
  this is also current point
  no. of rejections          271
 stored as   -42

 highest radius point found:
  at point   35.836  36.430  27.671
  closest atom surface    6.876   H3  DCD X    1
  2nd closest surface     6.877   C24 DCD X    1
  found on step  953
  this is also current point
  no. of rejections          327
 stored as   -43

 highest radius point found:
  at point   35.747  36.395  27.471
  closest atom surface    7.025   H3  DCD X    1
  2nd closest surface     7.025   C24 DCD X    1
  found on step  901
  this is also current point
  no. of rejections          292
 stored as   -44

 highest radius point found:
  at point   35.658  36.356  27.271
  closest atom surface    7.177   H3  DCD X    1
  2nd closest surface     7.178   C24 DCD X    1
  found on step  790
 current point:
  at point   35.656  36.358  27.271
  closest atom surface    7.176   H3  DCD X    1
  2nd closest surface     7.179   C24 DCD X    1
  found on step  911
  no. of rejections          286
 stored as   -45

 highest radius point found:
  at point   35.568  36.320  27.071
  closest atom surface    7.332   H3  DCD X    1
  2nd closest surface     7.333   O15 DCD X    1
  found on step  938
  this is also current point
  no. of rejections          291
 stored as   -46

 highest radius point found:
  at point   35.476  36.285  26.871
  closest atom surface    7.489   H3  DCD X    1
  2nd closest surface     7.490   O15 DCD X    1
  found on step  982
  this is also current point
  no. of rejections          297
 stored as   -47

 highest radius point found:
  at point   35.387  36.254  26.671
  closest atom surface    7.649   H3  DCD X    1
  2nd closest surface     7.652   C24 DCD X    1
  found on step  993
  this is also current point
  no. of rejections          278
 stored as   -48

 highest radius point found:
  at point   35.297  36.216  26.471
  closest atom surface    7.813   H3  DCD X    1
  2nd closest surface     7.813   O15 DCD X    1
  found on step  838
 current point:
  at point   35.291  36.212  26.471
  closest atom surface    7.812   O15 DCD X    1
  2nd closest surface     7.812   H3  DCD X    1
  found on step  982
  no. of rejections          276
 stored as   -49

 highest radius point found:
  at point   35.210  36.182  26.271
  closest atom surface    7.978   O15 DCD X    1
  2nd closest surface     7.978   C24 DCD X    1
  found on step    2
 current point:
  at point   35.208  36.188  26.271
  closest atom surface    7.977   H3  DCD X    1
  2nd closest surface     7.979   C24 DCD X    1
  found on step  962
  no. of rejections          285
 stored as   -50

 highest radius point found:
  at point   35.117  36.150  26.071
  closest atom surface    8.146   H3  DCD X    1
  2nd closest surface     8.147   O15 DCD X    1
  found on step  942
  this is also current point
  no. of rejections          281
 stored as   -51

 highest radius point found:
  at point   35.025  36.115  25.871
  closest atom surface    8.316   O21 DCD X    1
  2nd closest surface     8.316   H3  DCD X    1
  found on step  949
  this is also current point
  no. of rejections          264
 stored as   -52

 highest radius point found:
  at point   34.937  36.092  25.671
  closest atom surface    8.486   H3  DCD X    1
  2nd closest surface     8.488   C24 DCD X    1
  found on step  957
  this is also current point
  no. of rejections          238
 stored as   -53

 highest radius point found:
  at point   34.837  36.057  25.471
  closest atom surface    8.658   H3  DCD X    1
  2nd closest surface     8.658   O21 DCD X    1
  found on step  968
  this is also current point
  no. of rejections          300
 stored as   -54

 highest radius point found:
  at point   34.751  36.031  25.271
  closest atom surface    8.834   O21 DCD X    1
  2nd closest surface     8.834   H3  DCD X    1
  found on step  935
  this is also current point
  no. of rejections          269
 stored as   -55

 highest radius point found:
  at point   34.672  36.064  25.071
  closest atom surface    9.002   H3  DCD X    1
  2nd closest surface     9.002   C24 DCD X    1
  found on step  964
  this is also current point
  no. of rejections          301
 stored as   -56

 highest radius point found:
  at point   34.588  36.114  24.871
  closest atom surface    9.167   H3  DCD X    1
  2nd closest surface     9.168   C24 DCD X    1
  found on step  929
  this is also current point
  no. of rejections          268
 stored as   -57

 highest radius point found:
  at point   34.504  36.164  24.671
  closest atom surface    9.335   H3  DCD X    1
  2nd closest surface     9.335   C24 DCD X    1
  found on step  970
  this is also current point
  no. of rejections          241
 stored as   -58

 highest radius point found:
  at point   34.420  36.213  24.471
  closest atom surface    9.505   O16 DCD X    1
  2nd closest surface     9.505   C24 DCD X    1
  found on step  994
  this is also current point
  no. of rejections          284
 stored as   -59

 highest radius point found:
  at point   34.336  36.272  24.271
  closest atom surface    9.675   H3  DCD X    1
  2nd closest surface     9.675   C24 DCD X    1
  found on step  924
  this is also current point
  no. of rejections          282
 stored as   -60

 highest radius point found:
  at point   34.250  36.319  24.071
  closest atom surface    9.849   H3  DCD X    1
  2nd closest surface     9.850   C24 DCD X    1
  found on step  970
  this is also current point
  no. of rejections          272
 stored as   -61

 highest radius point found:
  at point   34.167  36.368  23.871
  closest atom surface   10.024   C24 DCD X    1
  2nd closest surface    10.025   H3  DCD X    1
  found on step  943
  this is also current point
  no. of rejections          237
 stored as   -62

 highest radius point found:
  at point   34.081  36.423  23.671
  closest atom surface   10.201   H3  DCD X    1
  2nd closest surface    10.202   C24 DCD X    1
  found on step  641
 current point:
  at point   34.056  36.410  23.671
  closest atom surface   10.199   H3  DCD X    1
  2nd closest surface    10.200   O16 DCD X    1
  found on step  998
  no. of rejections          286
 stored as   -63

 highest radius point found:
  at point   33.993  36.470  23.471
  closest atom surface   10.379   H3  DCD X    1
  2nd closest surface    10.383   C24 DCD X    1
  found on step  985
  this is also current point
  no. of rejections          257
 stored as   -64

 highest radius point found:
  at point   33.911  36.522  23.271
  closest atom surface   10.559   H3  DCD X    1
  2nd closest surface    10.561   C24 DCD X    1
  found on step  768
 current point:
  at point   33.909  36.522  23.271
  closest atom surface   10.559   H3  DCD X    1
  2nd closest surface    10.562   C24 DCD X    1
  found on step  978
  no. of rejections          253
 stored as   -65

 highest radius point found:
  at point   33.826  36.571  23.071
  closest atom surface   10.741   H3  DCD X    1
  2nd closest surface    10.742   C24 DCD X    1
  found on step  990
  this is also current point
  no. of rejections          288
 stored as   -66

 highest radius point found:
  at point   33.678  36.601  22.871
  closest atom surface   10.918   N1  DCD X    1
  2nd closest surface    10.918   O16 DCD X    1
  found on step  252
 current point:
  at point   33.694  36.609  22.871
  closest atom surface   10.917   N1  DCD X    1
  2nd closest surface    10.921   H3  DCD X    1
  found on step  995
  no. of rejections          229
 stored as   -67

 highest radius point found:
  at point   33.669  36.656  22.671
  closest atom surface   11.095   N1  DCD X    1
  2nd closest surface    11.097   O16 DCD X    1
  found on step  491
 current point:
  at point   33.568  36.634  22.671
  closest atom surface   11.092   N1  DCD X    1
  2nd closest surface    11.093   O16 DCD X    1
  found on step  993
  no. of rejections          256
 stored as   -68

 highest radius point found:
  at point   33.592  36.694  22.471
  closest atom surface   11.271   N1  DCD X    1
  2nd closest surface    11.272   O16 DCD X    1
  found on step   45
 current point:
  at point   33.557  36.687  22.471
  closest atom surface   11.269   N1  DCD X    1
  2nd closest surface    11.271   O16 DCD X    1
  found on step  979
  no. of rejections          256
 stored as   -69

 highest radius point found:
  at point   33.525  36.734  22.271
  closest atom surface   11.448   N1  DCD X    1
  2nd closest surface    11.449   O16 DCD X    1
  found on step  942
  this is also current point
  no. of rejections          200
 stored as   -70

 highest radius point found:
  at point   33.449  36.772  22.071
  closest atom surface   11.626   N1  DCD X    1
  2nd closest surface    11.627   O16 DCD X    1
  found on step   18
 current point:
  at point   33.426  36.765  22.071
  closest atom surface   11.625   O16 DCD X    1
  2nd closest surface    11.626   N1  DCD X    1
  found on step  978
  no. of rejections          249
 stored as   -71

 highest radius point found:
  at point   33.364  36.808  21.871
  closest atom surface   11.805   N1  DCD X    1
  2nd closest surface    11.806   O16 DCD X    1
  found on step  186
 current point:
  at point   33.124  36.759  21.871
  closest atom surface   11.804   N1  DCD X    1
  2nd closest surface    11.804   O16 DCD X    1
  found on step  901
  no. of rejections          280
 stored as   -72

 highest radius point found:
  at point   33.023  36.792  21.671
  closest atom surface   11.986   O16 DCD X    1
  2nd closest surface    11.986   N1  DCD X    1
  found on step  877
 current point:
  at point   33.036  36.796  21.671
  closest atom surface   11.986   N1  DCD X    1
  2nd closest surface    11.986   O16 DCD X    1
  found on step  919
  no. of rejections          237
 stored as   -73

 highest radius point found:
  at point   32.906  36.825  21.471
  closest atom surface   12.169   O1  DCD X    1
  2nd closest surface    12.169   N1  DCD X    1
  found on step  943
  this is also current point
  no. of rejections          232
 stored as   -74

 highest radius point found:
  at point   32.822  36.861  21.271
  closest atom surface   12.353   N1  DCD X    1
  2nd closest surface    12.354   O16 DCD X    1
  found on step  939
  this is also current point
  no. of rejections          240
 stored as   -75

 highest radius point found:
  at point   32.732  36.897  21.071
  closest atom surface   12.539   N1  DCD X    1
  2nd closest surface    12.540   O16 DCD X    1
  found on step  928
  this is also current point
  no. of rejections          221
 stored as   -76

 highest radius point found:
  at point   32.633  36.932  20.871
  closest atom surface   12.725   N1  DCD X    1
  2nd closest surface    12.727   O16 DCD X    1
  found on step  977
  this is also current point
  no. of rejections          193
 stored as   -77

 highest radius point found:
  at point   32.536  36.967  20.671
  closest atom surface   12.913   N1  DCD X    1
  2nd closest surface    12.915   O1  DCD X    1
  found on step  176
 current point:
  at point   32.522  36.966  20.671
  closest atom surface   12.913   O1  DCD X    1
  2nd closest surface    12.913   N1  DCD X    1
  found on step  931
  no. of rejections          226
 stored as   -78

 highest radius point found:
  at point   32.432  36.999  20.471
  closest atom surface   13.102   N1  DCD X    1
  2nd closest surface    13.102   O1  DCD X    1
  found on step  977
  this is also current point
  no. of rejections          214
 stored as   -79

 highest radius point found:
  at point   32.337  37.033  20.271
  closest atom surface   13.292   O1  DCD X    1
  2nd closest surface    13.292   N1  DCD X    1
  found on step  934
  this is also current point
  no. of rejections          227
 stored as   -80

 highest radius point found:
  at point   32.246  37.067  20.071
  closest atom surface   13.482   O16 DCD X    1
  2nd closest surface    13.483   N1  DCD X    1
  found on step  987
  this is also current point
  no. of rejections          185
 stored as   -81

 highest radius point found:
  at point   32.141  37.102  19.871
  closest atom surface   13.673   O1  DCD X    1
  2nd closest surface    13.674   N1  DCD X    1
  found on step 1000
  this is also current point
  no. of rejections          184
 stored as   -82

 highest radius point found:
  at point   32.047  37.140  19.671
  closest atom surface   13.866   O1  DCD X    1
  2nd closest surface    13.866   N1  DCD X    1
  found on step   17
 current point:
  at point   32.050  37.140  19.671
  closest atom surface   13.866   N1  DCD X    1
  2nd closest surface    13.866   O1  DCD X    1
  found on step  998
  no. of rejections          218
 stored as   -83

 highest radius point found:
  at point   31.959  37.170  19.471
  closest atom surface   14.059   O16 DCD X    1
  2nd closest surface    14.059   O1  DCD X    1
  found on step  986
  this is also current point
  no. of rejections          243
 stored as   -84

 highest radius point found:
  at point   30.337  37.917  19.271
  closest atom surface   14.278   N1  DCD X    1
  2nd closest surface    14.280   O1  DCD X    1
  found on step  315
 current point:
  at point   31.845  37.216  19.271
  closest atom surface   14.253   N1  DCD X    1
  2nd closest surface    14.253   O1  DCD X    1
  found on step  952
  no. of rejections          173
 stored as   -85

 highest radius point found:
  at point   28.190  38.429  19.071
  closest atom surface   14.685   H5  DCD X    1
  2nd closest surface    14.733   O1  DCD X    1
  found on step 1000
  this is also current point
  no. of rejections          118
 stored as   -86

 highest radius point found:
  at point   21.162  42.394  18.871
  closest atom surface   17.533   H5  DCD X    1
  2nd closest surface    17.778   C2  DCD X    1
  found on step 1000
  this is also current point
  no. of rejections          157
 stored as   -87

 highest radius point found:
  at point   13.405  47.891  18.671
  closest atom surface   23.917   H5  DCD X    1
  2nd closest surface    23.919   C52 DCD X    1
  found on step 1000
  this is also current point
  no. of rejections          235
 This is an end! (radius above  22.0 angs)
 
 N.b. Graph information routine (HOGRAP) differs 
        markedly from previous versions!
       Information now is written from -ve end
       to +ve in one pass
 
 Explanation of the meaning of each column: 
 First column "cenxyz.cvec" is the coordinate in the
   direction of the channel vector i.e. if the channel
   vector is in z (0 0 1) then it is the z coordinate.
 The second column "radius" is the hole pore radius 
   (as defined in the Biophys J 1993) article).
 The third column "cen_line_D" is the distance 
   measured along the pore centre line - with the 
   first point found set to zero. This was the first
   thing that I used to measure the distance along a pore
   but "cenxyz.cvec" is a much better general measure. 
   However, by comparing changes in this distance to changes in '   "cenxyz.cvec" one can get a measure of how straight a 
   channel is.
 The fourth column "sum{s/(area)}" is useful in conductance
   prediction -
   basically it is the sum of the thickness of each slab
   divided by its area. HOLE uses this measure to estimate
   the macroscopic conductance of a channel.
 If any of this worries you one can see the "raw" results
   of a standard hole run by producing a sphpdb file and 
    directly looking at the results.
 cenxyz.cvec      radius  cen_line_D sum{s/(area point sourc
    18.87113    17.53257   -36.26182     0.00010   (sampled)
    18.97113    15.68676   -32.22585     0.00023 (mid-point)
    19.07113    14.68497   -28.18987     0.00038   (sampled)
    19.17113    14.47020   -27.08160     0.00053 (mid-point)
    19.27113    14.27844   -25.97333     0.00069   (sampled)
    19.37113    14.14413   -25.07512     0.00085 (mid-point)
    19.47113    14.05942   -24.17691     0.00101   (sampled)
    19.57113    13.96262   -24.06652     0.00117 (mid-point)
    19.67113    13.86595   -23.95613     0.00134   (sampled)
    19.77113    13.76948   -23.84400     0.00151 (mid-point)
    19.87113    13.67323   -23.73187     0.00168   (sampled)
    19.97113    13.57780   -23.61759     0.00185 (mid-point)
    20.07113    13.48239   -23.50330     0.00202   (sampled)
    20.17113    13.38703   -23.39206     0.00220 (mid-point)
    20.27113    13.29164   -23.28083     0.00238   (sampled)
    20.37113    13.19670   -23.16894     0.00256 (mid-point)
    20.47113    13.10199   -23.05705     0.00275   (sampled)
    20.57113    13.00724   -22.94311     0.00294 (mid-point)
    20.67113    12.91278   -22.82917     0.00313   (sampled)
    20.77113    12.81888   -22.71675     0.00332 (mid-point)
    20.87113    12.72525   -22.60434     0.00352   (sampled)
    20.97113    12.63179   -22.49131     0.00372 (mid-point)
    21.07113    12.53861   -22.37829     0.00392   (sampled)
    21.17113    12.44590   -22.26717     0.00413 (mid-point)
    21.27113    12.35346   -22.15606     0.00433   (sampled)
    21.37113    12.26114   -22.04614     0.00455 (mid-point)
    21.47113    12.16886   -21.93622     0.00476   (sampled)
    21.57113    12.07738   -21.81920     0.00498 (mid-point)
    21.67113    11.98597   -21.70218     0.00520   (sampled)
    21.77113    11.89457   -21.50463     0.00543 (mid-point)
    21.87113    11.80534   -21.30707     0.00565   (sampled)
    21.97113    11.71554   -21.19683     0.00589 (mid-point)
    22.07113    11.62605   -21.08659     0.00612   (sampled)
    22.17113    11.53684   -20.97787     0.00636 (mid-point)
    22.27113    11.44792   -20.86915     0.00660   (sampled)
    22.37113    11.35909   -20.76182     0.00685 (mid-point)
    22.47113    11.27055   -20.65450     0.00710   (sampled)
    22.57113    11.18239   -20.54575     0.00736 (mid-point)
    22.67113    11.09454   -20.43700     0.00761   (sampled)
    22.77113    11.00621   -20.33320     0.00788 (mid-point)
    22.87113    10.91811   -20.22940     0.00814   (sampled)
    22.97113    10.83033   -20.10398     0.00842 (mid-point)
    23.07113    10.74123   -19.97856     0.00869   (sampled)
    23.17113    10.65016   -19.86733     0.00897 (mid-point)
    23.27113    10.55944   -19.75610     0.00926   (sampled)
    23.37113    10.46919   -19.64484     0.00955 (mid-point)
    23.47113    10.37932   -19.53358     0.00984   (sampled)
    23.57113    10.28983   -19.42190     0.01014 (mid-point)
    23.67113    10.20074   -19.31021     0.01045   (sampled)
    23.77113    10.11246   -19.19799     0.01076 (mid-point)
    23.87113    10.02419   -19.08576     0.01108   (sampled)
    23.97113     9.93661   -18.97470     0.01140 (mid-point)
    24.07113     9.84904   -18.86363     0.01173   (sampled)
    24.17113     9.76197   -18.75226     0.01206 (mid-point)
    24.27113     9.67535   -18.64088     0.01240   (sampled)
    24.37113     9.58993   -18.52855     0.01275 (mid-point)
    24.47113     9.50471   -18.41621     0.01310   (sampled)
    24.57113     9.41985   -18.30495     0.01346 (mid-point)
    24.67113     9.33519   -18.19369     0.01383   (sampled)
    24.77113     9.25101   -18.08248     0.01420 (mid-point)
    24.87113     9.16735   -17.97126     0.01458   (sampled)
    24.97113     9.08433   -17.85991     0.01496 (mid-point)
    25.07113     9.00185   -17.74857     0.01535   (sampled)
    25.17113     8.91783   -17.63966     0.01575 (mid-point)
    25.27113     8.83423   -17.53076     0.01616   (sampled)
    25.37113     8.74608   -17.42123     0.01658 (mid-point)
    25.47113     8.65829   -17.31169     0.01700   (sampled)
    25.57113     8.57196   -17.19854     0.01744 (mid-point)
    25.67113     8.48619   -17.08538     0.01788   (sampled)
    25.77113     8.40066   -16.97552     0.01833 (mid-point)
    25.87113     8.31550   -16.86565     0.01879   (sampled)
    25.97113     8.23043   -16.75408     0.01926 (mid-point)
    26.07113     8.14579   -16.64250     0.01974   (sampled)
    26.17113     8.06186   -16.53112     0.02023 (mid-point)
    26.27113     7.97752   -16.41974     0.02073   (sampled)
    26.37113     7.89500   -16.30936     0.02124 (mid-point)
    26.47113     7.81269   -16.19898     0.02176   (sampled)
    26.57113     7.73057   -16.08761     0.02229 (mid-point)
    26.67113     7.64911   -15.97625     0.02284   (sampled)
    26.77113     7.56867   -15.86584     0.02339 (mid-point)
    26.87113     7.48890   -15.75544     0.02396   (sampled)
    26.97113     7.40999   -15.64399     0.02454 (mid-point)
    27.07113     7.33183   -15.53255     0.02513   (sampled)
    27.17113     7.25415   -15.42136     0.02574 (mid-point)
    27.27113     7.17725   -15.31017     0.02636   (sampled)
    27.37113     7.10058   -15.19890     0.02699 (mid-point)
    27.47113     7.02472   -15.08763     0.02763   (sampled)
    27.57113     6.94991   -14.97688     0.02829 (mid-point)
    27.67113     6.87595   -14.86613     0.02896   (sampled)
    27.77113     6.79310   -14.76534     0.02965 (mid-point)
    27.87113     6.70949   -14.66456     0.03036   (sampled)
    27.97113     6.62303   -14.56425     0.03109 (mid-point)
    28.07113     6.53658   -14.46394     0.03183   (sampled)
    28.17113     6.44820   -14.36387     0.03260 (mid-point)
    28.27113     6.36010   -14.26380     0.03338   (sampled)
    28.37113     6.27210   -14.16378     0.03419 (mid-point)
    28.47113     6.18439   -14.06376     0.03503   (sampled)
    28.57113     6.09763   -13.96342     0.03588 (mid-point)
    28.67113     6.01105   -13.86309     0.03676   (sampled)
    28.77113     5.92409   -13.76303     0.03767 (mid-point)
    28.87113     5.83731   -13.66296     0.03860   (sampled)
    28.97113     5.75164   -13.56282     0.03957 (mid-point)
    29.07113     5.66614   -13.46268     0.04056   (sampled)
    29.17113     5.58089   -13.36256     0.04158 (mid-point)
    29.27113     5.49600   -13.26244     0.04263   (sampled)
    29.37113     5.41179   -13.16235     0.04372 (mid-point)
    29.47113     5.32793   -13.06226     0.04484   (sampled)
    29.57113     5.24397   -12.96225     0.04600 (mid-point)
    29.67113     5.16044   -12.86224     0.04719   (sampled)
    29.77113     5.07576   -12.75976     0.04843 (mid-point)
    29.87113     4.99123   -12.65728     0.04971   (sampled)
    29.97113     4.90747   -12.55170     0.05103 (mid-point)
    30.07113     4.82398   -12.44612     0.05240   (sampled)
    30.17113     4.74213   -12.34128     0.05381 (mid-point)
    30.27113     4.66061   -12.23644     0.05528   (sampled)
    30.37113     4.57954   -12.13227     0.05680 (mid-point)
    30.47113     4.49903   -12.02811     0.05837   (sampled)
    30.57113     4.41658   -11.79898     0.06000 (mid-point)
    30.67113     4.34124   -11.56984     0.06169   (sampled)
    30.77113     4.26426   -11.46499     0.06344 (mid-point)
    30.87113     4.18792   -11.36014     0.06526   (sampled)
    30.97113     4.11335   -11.25836     0.06714 (mid-point)
    31.07113     4.03939   -11.15659     0.06909   (sampled)
    31.17113     3.96588   -11.05339     0.07111 (mid-point)
    31.27113     3.89325   -10.95019     0.07321   (sampled)
    31.37113     3.82071   -10.84981     0.07539 (mid-point)
    31.47113     3.74900   -10.74944     0.07766   (sampled)
    31.57113     3.67981   -10.64506     0.08001 (mid-point)
    31.67113     3.61153   -10.54068     0.08245   (sampled)
    31.77113     3.54415   -10.43614     0.08498 (mid-point)
    31.87113     3.47801   -10.33159     0.08761   (sampled)
    31.97113     3.40789   -10.23078     0.09035 (mid-point)
    32.07113     3.33883   -10.12997     0.09321   (sampled)
    32.17113     3.28144   -10.02382     0.09617 (mid-point)
    32.27113     3.22469    -9.91767     0.09923   (sampled)
    32.37113     3.16440    -9.81527     0.10241 (mid-point)
    32.47113     3.10452    -9.71287     0.10571   (sampled)
    32.57113     3.04469    -9.60878     0.10914 (mid-point)
    32.67113     2.98344    -9.50469     0.11272   (sampled)
    32.77113     2.90676    -9.33868     0.11649 (mid-point)
    32.87113     2.83405    -9.17266     0.12045   (sampled)
    32.97113     2.76611    -9.02170     0.12461 (mid-point)
    33.07113     2.70235    -8.87073     0.12897   (sampled)
    33.17113     2.64398    -8.72577     0.13352 (mid-point)
    33.27113     2.58859    -8.58080     0.13827   (sampled)
    33.37113     2.51691    -8.47057     0.14330 (mid-point)
    33.47113     2.44562    -8.36034     0.14862   (sampled)
    33.57113     2.37199    -8.24186     0.15428 (mid-point)
    33.67113     2.29929    -8.12338     0.16030   (sampled)
    33.77113     1.91609    -6.49841     0.16897 (mid-point)
    33.87113     2.17829    -4.87345     0.17567   (sampled)
    33.97113     2.14067    -4.76562     0.18262 (mid-point)
    34.07113     2.10417    -4.65778     0.18981   (sampled)
    34.17113     2.07102    -4.55025     0.19723 (mid-point)
    34.27113     2.04044    -4.44273     0.20488   (sampled)
    34.37113     2.01229    -4.33488     0.21274 (mid-point)
    34.47113     1.98684    -4.22704     0.22080   (sampled)
    34.57113     1.96423    -4.11930     0.22905 (mid-point)
    34.67113     1.94455    -4.01157     0.23747   (sampled)
    34.77113     1.92894    -3.90420     0.24602 (mid-point)
    34.87113     1.91562    -3.79684     0.25470   (sampled)
    34.97113     1.90527    -3.68892     0.26347 (mid-point)
    35.07113     1.89729    -3.58101     0.27231   (sampled)
    35.17113     1.87083    -3.46046     0.28140 (mid-point)
    35.27113     1.84810    -3.33991     0.29072   (sampled)
    35.37113     1.80147    -3.20220     0.30053 (mid-point)
    35.47113     1.75776    -3.06449     0.31083   (sampled)
    35.57113     1.71989    -2.92686     0.32160 (mid-point)
    35.67113     1.68572    -2.78922     0.33280   (sampled)
    35.77113     1.63997    -2.66595     0.34463 (mid-point)
    35.87113     1.59787    -2.54268     0.35710   (sampled)
    35.97113     1.53796    -2.41693     0.37056 (mid-point)
    36.07113     1.47403    -2.29118     0.38521   (sampled)
    36.17113     1.19831    -1.14559     0.40737 (mid-point)
    36.27113     1.28020    -0.00000     0.42680   (sampled)
    36.37113     1.22962     0.14769     0.44785 (mid-point)
    36.47113     1.18747     0.29538     0.47042   (sampled)
    36.57113     1.15109     0.43563     0.49445 (mid-point)
    36.67113     1.12335     0.57589     0.51967   (sampled)
    36.77113     1.09919     0.70908     0.54602 (mid-point)
    36.87113     1.08326     0.84227     0.57314   (sampled)
    36.97113     1.07459     0.97093     0.60071 (mid-point)
    37.07113     1.07157     1.09958     0.62843   (sampled)
    37.17113     1.07634     1.22989     0.65590 (mid-point)
    37.27113     1.08690     1.36019     0.68285   (sampled)
    37.37113     1.10241     1.48480     0.70904 (mid-point)
    37.47113     1.12277     1.60940     0.73429   (sampled)
    37.57113     1.12004     1.71185     0.75966 (mid-point)
    37.67113     1.11664     1.81430     0.78519   (sampled)
    37.77113     1.11459     1.91788     0.81082 (mid-point)
    37.87113     1.11600     2.02145     0.83637   (sampled)
    37.97113     1.12444     2.12515     0.86155 (mid-point)
    38.07113     1.13606     2.22885     0.88621   (sampled)
    38.17113     1.14924     2.33250     0.91031 (mid-point)
    38.27113     1.16371     2.43614     0.93382   (sampled)
    38.37113     1.17974     2.54096     0.95669 (mid-point)
    38.47113     1.19930     2.64577     0.97882   (sampled)
    38.57113     1.22255     2.75086     1.00012 (mid-point)
    38.67113     1.24886     2.85596     1.02052   (sampled)
    38.77113     1.28054     2.96027     1.03994 (mid-point)
    38.87113     1.31288     3.06458     1.05840   (sampled)
    38.97113     1.33333     3.19295     1.07631 (mid-point)
    39.07113     1.35669     3.32132     1.09360   (sampled)
    39.17113     1.37199     3.44463     1.11051 (mid-point)
    39.27113     1.39191     3.56793     1.12694   (sampled)
    39.37113     1.41642     3.69140     1.14281 (mid-point)
    39.47113     1.44537     3.81488     1.15804   (sampled)
    39.57113     1.47796     3.94783     1.17262 (mid-point)
    39.67113     1.51548     4.08078     1.18648   (sampled)
    39.77113     1.56254     4.21091     1.19951 (mid-point)
    39.87113     1.61386     4.34105     1.21174   (sampled)
    39.97113     1.66912     4.47878     1.22316 (mid-point)
    40.07113     1.72880     4.61652     1.23381   (sampled)
    40.17113     1.75035     4.73722     1.24420 (mid-point)
    40.27113     1.77106     4.85792     1.25435   (sampled)
    40.37113     1.79006     4.98843     1.26428 (mid-point)
    40.47113     1.81387     5.11893     1.27396   (sampled)
    40.57113     1.82848     5.48396     1.28348 (mid-point)
    40.67113     1.88097     5.84898     1.29247   (sampled)
    40.77113     1.92125     5.95172     1.30110 (mid-point)
    40.87113     1.96373     6.05446     1.30935   (sampled)
    40.97113     2.00261     6.15640     1.31729 (mid-point)
    41.07113     2.04295     6.25833     1.32492   (sampled)
    41.17113     2.06703     6.36481     1.33237 (mid-point)
    41.27113     2.09388     6.47129     1.33963   (sampled)
    41.37113     2.12472     6.57704     1.34668 (mid-point)
    41.47113     2.15824     6.68279     1.35351   (sampled)
    41.57113     2.19399     6.79020     1.36012 (mid-point)
    41.67113     2.23215     6.89762     1.36651   (sampled)
    41.77113     2.27307     7.00352     1.37267 (mid-point)
    41.87113     2.31639     7.10942     1.37861   (sampled)
    41.97113     2.36267     7.21599     1.38431 (mid-point)
    42.07113     2.41045     7.32256     1.38979   (sampled)
    42.17113     2.19531     8.96833     1.39639 (mid-point)
    42.27113     2.64021    10.61411     1.40096   (sampled)
    42.37113     3.37183    13.37098     1.40376 (mid-point)
    42.47113     5.20094    16.12785     1.40493   (sampled)
    42.57113     8.91811    20.92342     1.40533 (mid-point)
    42.67113    12.64395    25.71899     1.40553   (sampled)
    42.77113    17.11121    31.06259     1.40564 (mid-point)
    42.87113    21.95528    36.40618     1.40571   (sampled)

 Minimum radius found:      1.072 angstroms.



 For spherical probe approach, The geometric factor
         F= sum(ds/area) along channel is    1.406 angstroms**-1
 This yields a macroscopic predicted molar conductance of:
   (1/rho)*(100/F)= (71/rho) pS,
   where rho is the conductivity of 1M permeant ion in ohm m.
 N.B. this is a macroscopic conductance - an overestimate 
 Empirically corrected conductances currently only available
 With the CAPSULE option (although its not that stable!)
 For 1M KCl rho= 1/12 (ohm m), So Gmacro= 850 pS/M.
  (TAG      1   Rmin=     1.07157   Gmacro=   853.66272 Conn_Gmacro=    -1.00000 ).
 HOLE: normal completion
