 *** Program HOLE ***
 
 If results of this run are reported or published, please
 cite the publication listed below.
 For the HOLE program:
   Smart, O.S., Goodfellow, J.M., Wallace, B.A. (1993). 
   The pore dimensions of gramicidin A. 
   Biophys. J., 65, 2455-2460.
 
 Originally written by Oliver Smart at Birkbeck College from April 1992.
 Copyright 1993-2005 Oliver Smart
 Copyright 2014-2015 SmartSci Limited.
 Copyright 2016 Oliver Smart.
 
 For help on HOLE suite see  http://www.holeprogram.org/
 
 HOLE release 2.2.005 (07 August 2016) 
 
 usage subject to Apache License, Version 2.0 
 see http://www.apache.org/licenses/LICENSE-2.0 

 Control variables read:

! Input file for Oliver Smart's HOLE program
! written by MDAnalysis.analysis.hole2.HoleAnalysis
! for a Universe
! u = mda.Universe(/afs/crc.nd.edu/user/m/mfarshad/Private/ML-new/traj/host-dcdd
!    /afs/crc.nd.edu/user/m/mfarshad/Private/ML-new/traj/host-dcddc2/host_dcddc2
!   )
! Frame 345

COORD  /tmp/2550296.1.long/tmpe93zaynr.pdb
RADIUS simple2.rad
SPHPDB hole345.sph
SAMPLE 0.200000
ENDRAD 22.000000
IGNORE SOL WAT TIP HOH K   NA  CL
SHORTO 0
RASEED 31415
CPOINT 38.1491879572 35.4507751827 36.2104063638


 WARNING have not found a CVECT record - will try to guess
 Input pdb filename read as:    '/tmp/2550296.1.long/tmpe93zaynr.pdb'
 Input vdW radius file read as: 'simple2.rad'
 point in channel:   38.149  35.451  36.210
 channel vector:   ************************
 sampling distance between planes:    0.200

 graphics conditions:
 binary plot output file name: NONE
 Dot density:    10
 Draw dots?           T
 Draw close contacts? F
 Draw centre line?    T
 Produce spikes rather than dots? F
 Seed for random number generator:     31415 (0 means value set by program)
 Radius above which a result is regarded as an 'end':  22.000
 Pdb format file for sphere centres: hole345.sph

 Monte Carlo conditions:
  no of steps:  1000
  maximum displacement   0.100 angs
  'kT' initial   0.100 angs
 The spherebox and capsule options are turned off.
 (No molqpt card so will not write qpt file of the molecule)
 IGNORE card read so will ignore residue types: SOL WAT TIP HOH K   NA  CL
 no SHORTO card read so will produce full textual output
 As no PEGRAT card was found will not produce PEG polymer exclusion graph
 (No 2DMAPS card specified so will not produce 2D property maps)
 Have not found a CUT card.  Normal calculation using
   Cutoff lists with a cutsize=       1.000
   (if you wish to turn off option use a CUT -1 card)

 Have read     7 bond radius records and
              16 vdW radius records.
 From file: simple2.rad

 Have read   158 atom records.
 From file: /tmp/2550296.1.long/tmpe93zaynr.pdb
 Will not produce graphical output

 Have opened file for pdb format output of sphere centres:  hole345.sph

  Seed integer used by ran # generator on this run      31415

 
 S/R cguess will try to guess CPOINT and/or CVECT
 
 THESE GUESSES MAY WELL BE WRONG!!!!
 Routine relies on having a reasonably symmetric
 channel oriented along x, y or z vector
 YOU ARE STRONGLY ADVISED TO CHECK THE RESULTS
                       WITH MOLECULAR GRAPHICS
 testing points from cpoint in X, Y then Z direction
   point                   pore radius
direction     1
  33.149  35.451  36.210    -0.444
  34.149  35.451  36.210    -0.253
  35.149  35.451  36.210    -0.240
  36.149  35.451  36.210     0.420
  37.149  35.451  36.210     0.849
  38.149  35.451  36.210     0.924
  39.149  35.451  36.210     0.894
  40.149  35.451  36.210     0.713
  41.149  35.451  36.210     0.902
  42.149  35.451  36.210     0.454
  43.149  35.451  36.210    -0.464
 Average pore radius along the line=      0.341
direction     2
  38.149  30.451  36.210     0.145
  38.149  31.451  36.210    -0.652
  38.149  32.451  36.210    -1.293
  38.149  33.451  36.210    -0.912
  38.149  34.451  36.210    -0.033
  38.149  35.451  36.210     0.924
  38.149  36.451  36.210     0.666
  38.149  37.451  36.210     0.109
  38.149  38.451  36.210    -0.722
  38.149  39.451  36.210    -1.094
  38.149  40.451  36.210    -0.583
 Average pore radius along the line=     -0.313
direction     3
  38.149  35.451  31.210     3.637
  38.149  35.451  32.210     3.239
  38.149  35.451  33.210     2.441
  38.149  35.451  34.210     1.741
  38.149  35.451  35.210     1.205
  38.149  35.451  36.210     0.924
  38.149  35.451  37.210     0.971
  38.149  35.451  38.210     0.795
  38.149  35.451  39.210     0.880
  38.149  35.451  40.210     1.298
  38.149  35.451  41.210     1.530
 Average pore radius along the line=      1.696
 Best direction is found to be     3
(1=X,2=Y,3=Z)
 s/r cguess has produced initial values for cpoint &/or cvect:
CPOINT      38.1492     35.4508     36.2104
CVECT        0.0000      0.0000      1.0000
 THESE GUESSES MAY WELL BE WRONG!!!!
 Routine relies on having a reasonably symmetric
 channel oriented along x, y or z vector
 YOU ARE STRONGLY ADVISED TO CHECK THE RESULTS
                       WITH MOLECULAR GRAPHICS
 
 
  Some routines (e.g. conn) need vectors normal to cvect: 
     EAST Zero degrees angle is along vector    1.000   0.000   0.000
     NORTH  90 degrees angle is along vector    0.000  -1.000   0.000
 highest radius point found:
  at point   38.686  35.948  36.210
  closest atom surface    1.339   C6  DCD X    1
  2nd closest surface     1.340   H42 DCD X    1
  found on step  968
  this is also current point
  no. of rejections          364
 stored as     0

 highest radius point found:
  at point   38.551  35.857  36.410
  closest atom surface    1.249   C6  DCD X    1
  2nd closest surface     1.249   H42 DCD X    1
  found on step  833
 current point:
  at point   38.545  35.852  36.410
  closest atom surface    1.249   C6  DCD X    1
  2nd closest surface     1.251   H42 DCD X    1
  found on step  966
  no. of rejections          364
 stored as     1

 highest radius point found:
  at point   38.430  35.776  36.610
  closest atom surface    1.179   H42 DCD X    1
  2nd closest surface     1.180   C6  DCD X    1
  found on step  216
 current point:
  at point   38.944  36.326  36.610
  closest atom surface    1.170   C6  DCD X    1
  2nd closest surface     1.170   H42 DCD X    1
  found on step  961
  no. of rejections          368
 stored as     2

 highest radius point found:
  at point   38.314  35.700  36.810
  closest atom surface    1.128   C6  DCD X    1
  2nd closest surface     1.128   S4  DCD X    1
  found on step  846
 current point:
  at point   38.330  35.713  36.810
  closest atom surface    1.126   C6  DCD X    1
  2nd closest surface     1.126   H42 DCD X    1
  found on step  945
  no. of rejections          391
 stored as     3

 highest radius point found:
  at point   38.223  35.632  37.010
  closest atom surface    1.097   H42 DCD X    1
  2nd closest surface     1.098   S4  DCD X    1
  found on step  984
  this is also current point
  no. of rejections          387
 stored as     4

 highest radius point found:
  at point   38.125  35.567  37.210
  closest atom surface    1.087   S4  DCD X    1
  2nd closest surface     1.088   C6  DCD X    1
  found on step  997
  this is also current point
  no. of rejections          371
 stored as     5

 highest radius point found:
  at point   38.043  35.507  37.410
  closest atom surface    1.095   C6  DCD X    1
  2nd closest surface     1.095   S4  DCD X    1
  found on step  936
  this is also current point
  no. of rejections          393
 stored as     6

 highest radius point found:
  at point   37.900  35.423  37.610
  closest atom surface    1.113   C6  DCD X    1
  2nd closest surface     1.114   S4  DCD X    1
  found on step  939
  this is also current point
  no. of rejections          402
 stored as     7

 highest radius point found:
  at point   37.751  35.337  37.810
  closest atom surface    1.154   S4  DCD X    1
  2nd closest surface     1.154   C6  DCD X    1
  found on step  999
  this is also current point
  no. of rejections          396
 stored as     8

 highest radius point found:
  at point   37.677  35.321  38.010
  closest atom surface    1.176   C34 DCD X    1
  2nd closest surface     1.178   C42 DCD X    1
  found on step  994
  this is also current point
  no. of rejections          397
 stored as     9

 highest radius point found:
  at point   37.657  35.362  38.210
  closest atom surface    1.184   C42 DCD X    1
  2nd closest surface     1.185   C6  DCD X    1
  found on step  976
  this is also current point
  no. of rejections          400
 stored as    10

 highest radius point found:
  at point   37.641  35.403  38.410
  closest atom surface    1.207   C6  DCD X    1
  2nd closest surface     1.207   C42 DCD X    1
  found on step  967
  this is also current point
  no. of rejections          406
 stored as    11

 highest radius point found:
  at point   37.623  35.444  38.610
  closest atom surface    1.242   C6  DCD X    1
  2nd closest surface     1.242   C42 DCD X    1
  found on step  981
  this is also current point
  no. of rejections          397
 stored as    12

 highest radius point found:
  at point   37.608  35.484  38.810
  closest atom surface    1.289   C34 DCD X    1
  2nd closest surface     1.291   C6  DCD X    1
  found on step  999
  this is also current point
  no. of rejections          377
 stored as    13

 highest radius point found:
  at point   37.589  35.522  39.010
  closest atom surface    1.347   C56 DCD X    1
  2nd closest surface     1.350   C34 DCD X    1
  found on step  974
  this is also current point
  no. of rejections          383
 stored as    14

 highest radius point found:
  at point   37.598  35.498  39.210
  closest atom surface    1.370   C56 DCD X    1
  2nd closest surface     1.370   C34 DCD X    1
  found on step  980
  this is also current point
  no. of rejections          366
 stored as    15

 highest radius point found:
  at point   37.831  35.869  39.410
  closest atom surface    1.411   C34 DCD X    1
  2nd closest surface     1.412   C56 DCD X    1
  found on step  160
 current point:
  at point   37.823  35.857  39.410
  closest atom surface    1.410   C56 DCD X    1
  2nd closest surface     1.411   C34 DCD X    1
  found on step  999
  no. of rejections          367
 stored as    16

 highest radius point found:
  at point   37.953  36.046  39.610
  closest atom surface    1.480   C6  DCD X    1
  2nd closest surface     1.481   C34 DCD X    1
  found on step  962
  this is also current point
  no. of rejections          383
 stored as    17

 highest radius point found:
  at point   38.043  36.165  39.810
  closest atom surface    1.560   O22 DCD X    1
  2nd closest surface     1.561   C34 DCD X    1
  found on step  987
  this is also current point
  no. of rejections          367
 stored as    18

 highest radius point found:
  at point   38.239  36.360  40.010
  closest atom surface    1.637   H9  DCD X    1
  2nd closest surface     1.638   C34 DCD X    1
  found on step  984
  this is also current point
  no. of rejections          360
 stored as    19

 highest radius point found:
  at point   38.233  36.254  40.210
  closest atom surface    1.667   C34 DCD X    1
  2nd closest surface     1.669   C28 DCD X    1
  found on step  843
 current point:
  at point   38.241  36.285  40.210
  closest atom surface    1.664   O22 DCD X    1
  2nd closest surface     1.666   C28 DCD X    1
  found on step  997
  no. of rejections          363
 stored as    20

 highest radius point found:
  at point   38.139  36.022  40.410
  closest atom surface    1.695   C34 DCD X    1
  2nd closest surface     1.695   O22 DCD X    1
  found on step  992
  this is also current point
  no. of rejections          368
 stored as    21

 highest radius point found:
  at point   37.776  35.415  40.610
  closest atom surface    1.759   O22 DCD X    1
  2nd closest surface     1.759   H41 DCD X    1
  found on step  994
  this is also current point
  no. of rejections          364
 stored as    22

 highest radius point found:
  at point   37.801  35.385  40.810
  closest atom surface    1.827   O22 DCD X    1
  2nd closest surface     1.828   H41 DCD X    1
  found on step  924
  this is also current point
  no. of rejections          371
 stored as    23

 highest radius point found:
  at point   37.788  35.323  41.010
  closest atom surface    1.896   O11 DCD X    1
  2nd closest surface     1.898   O20 DCD X    1
  found on step  672
 current point:
  at point   37.782  35.322  41.010
  closest atom surface    1.893   O20 DCD X    1
  2nd closest surface     1.895   O22 DCD X    1
  found on step  974
  no. of rejections          404
 stored as    24

 highest radius point found:
  at point   37.738  35.272  41.210
  closest atom surface    1.942   O11 DCD X    1
  2nd closest surface     1.943   O20 DCD X    1
  found on step  990
  this is also current point
  no. of rejections          372
 stored as    25

 highest radius point found:
  at point   37.684  35.227  41.410
  closest atom surface    2.000   O20 DCD X    1
  2nd closest surface     2.001   O22 DCD X    1
  found on step  873
 current point:
  at point   37.683  35.227  41.410
  closest atom surface    1.998   O20 DCD X    1
  2nd closest surface     2.000   O22 DCD X    1
  found on step  956
  no. of rejections          363
 stored as    26

 highest radius point found:
  at point   37.637  35.180  41.610
  closest atom surface    2.068   O11 DCD X    1
  2nd closest surface     2.071   O20 DCD X    1
  found on step  380
 current point:
  at point   37.637  35.170  41.610
  closest atom surface    2.066   O20 DCD X    1
  2nd closest surface     2.068   O11 DCD X    1
  found on step  953
  no. of rejections          383
 stored as    27

 highest radius point found:
  at point   37.585  35.136  41.810
  closest atom surface    2.147   O22 DCD X    1
  2nd closest surface     2.148   O11 DCD X    1
  found on step  668
 current point:
  at point   37.586  35.125  41.810
  closest atom surface    2.147   O20 DCD X    1
  2nd closest surface     2.148   O11 DCD X    1
  found on step  988
  no. of rejections          348
 stored as    28

 highest radius point found:
  at point   38.744  39.316  42.010
  closest atom surface    2.670   O22 DCD X    1
  2nd closest surface     2.671   O9  DCD X    1
  found on step  980
  this is also current point
  no. of rejections          357
 stored as    29

 highest radius point found:
  at point   38.149  41.583  42.210
  closest atom surface    3.680   O22 DCD X    1
  2nd closest surface     3.699   O9  DCD X    1
  found on step  988
  this is also current point
  no. of rejections          325
 stored as    30

 highest radius point found:
  at point   35.101  50.118  42.410
  closest atom surface   10.285   O7  DCD X    1
  2nd closest surface    10.320   S1  DCD X    1
  found on step  999
  this is also current point
  no. of rejections          256
 stored as    31

 highest radius point found:
  at point   31.497  58.856  42.610
  closest atom surface   18.519   O7  DCD X    1
  2nd closest surface    18.594   H2  DCD X    1
  found on step  999
  this is also current point
  no. of rejections          285
 stored as    32

 highest radius point found:
  at point   27.745  68.829  42.810
  closest atom surface   28.457   H2  DCD X    1
  2nd closest surface    28.606   O7  DCD X    1
  found on step  998
  this is also current point
  no. of rejections          255
 This is an end! (radius above  22.0 angs)
 highest radius point found:
  at point   38.712  35.970  36.010
  closest atom surface    1.407   S4  DCD X    1
  2nd closest surface     1.408   S2  DCD X    1
  found on step  989
  this is also current point
  no. of rejections          400
 stored as    -1

 highest radius point found:
  at point   39.125  35.936  35.810
  closest atom surface    1.434   S2  DCD X    1
  2nd closest surface     1.434   H42 DCD X    1
  found on step  995
  this is also current point
  no. of rejections          387
 stored as    -2

 highest radius point found:
  at point   40.760  36.186  35.610
  closest atom surface    1.678   H21 DCD X    1
  2nd closest surface     1.679   H42 DCD X    1
  found on step  984
  this is also current point
  no. of rejections          318
 stored as    -3

 highest radius point found:
  at point   40.782  36.077  35.410
  closest atom surface    1.803   C27 DCD X    1
  2nd closest surface     1.803   H42 DCD X    1
  found on step  784
 current point:
  at point   40.782  36.075  35.410
  closest atom surface    1.802   H42 DCD X    1
  2nd closest surface     1.804   C27 DCD X    1
  found on step  999
  no. of rejections          326
 stored as    -4

 highest radius point found:
  at point   40.642  35.929  35.210
  closest atom surface    1.884   H42 DCD X    1
  2nd closest surface     1.885   C27 DCD X    1
  found on step  966
  this is also current point
  no. of rejections          379
 stored as    -5

 highest radius point found:
  at point   40.511  35.800  35.010
  closest atom surface    1.971   C27 DCD X    1
  2nd closest surface     1.972   S4  DCD X    1
  found on step  689
 current point:
  at point   40.514  35.795  35.010
  closest atom surface    1.969   S4  DCD X    1
  2nd closest surface     1.970   C27 DCD X    1
  found on step  991
  no. of rejections          386
 stored as    -6

 highest radius point found:
  at point   40.432  35.777  34.810
  closest atom surface    1.999   C27 DCD X    1
  2nd closest surface     2.000   S2  DCD X    1
  found on step  758
 current point:
  at point   40.429  35.777  34.810
  closest atom surface    1.999   S2  DCD X    1
  2nd closest surface     2.001   S4  DCD X    1
  found on step  948
  no. of rejections          412
 stored as    -7

 highest radius point found:
  at point   40.352  35.748  34.610
  closest atom surface    2.039   C27 DCD X    1
  2nd closest surface     2.039   S4  DCD X    1
  found on step  939
  this is also current point
  no. of rejections          385
 stored as    -8

 highest radius point found:
  at point   40.274  35.722  34.410
  closest atom surface    2.090   C27 DCD X    1
  2nd closest surface     2.090   S4  DCD X    1
  found on step    4
 current point:
  at point   40.259  35.724  34.410
  closest atom surface    2.086   S4  DCD X    1
  2nd closest surface     2.088   S2  DCD X    1
  found on step  960
  no. of rejections          378
 stored as    -9

 highest radius point found:
  at point   40.195  35.695  34.210
  closest atom surface    2.151   S4  DCD X    1
  2nd closest surface     2.152   C27 DCD X    1
  found on step  972
  this is also current point
  no. of rejections          383
 stored as   -10

 highest radius point found:
  at point   40.116  35.679  34.010
  closest atom surface    2.222   S2  DCD X    1
  2nd closest surface     2.222   C27 DCD X    1
  found on step  740
 current point:
  at point   40.094  35.674  34.010
  closest atom surface    2.219   S4  DCD X    1
  2nd closest surface     2.220   S2  DCD X    1
  found on step  930
  no. of rejections          412
 stored as   -11

 highest radius point found:
  at point   40.035  35.650  33.810
  closest atom surface    2.307   S2  DCD X    1
  2nd closest surface     2.307   C27 DCD X    1
  found on step  601
 current point:
  at point   40.037  35.646  33.810
  closest atom surface    2.306   S4  DCD X    1
  2nd closest surface     2.306   C27 DCD X    1
  found on step  983
  no. of rejections          357
 stored as   -12

 highest radius point found:
  at point   39.953  35.625  33.610
  closest atom surface    2.396   S2  DCD X    1
  2nd closest surface     2.399   S4  DCD X    1
  found on step  832
 current point:
  at point   39.959  35.622  33.610
  closest atom surface    2.396   C27 DCD X    1
  2nd closest surface     2.399   S4  DCD X    1
  found on step  956
  no. of rejections          387
 stored as   -13

 highest radius point found:
  at point   39.871  35.599  33.410
  closest atom surface    2.496   S2  DCD X    1
  2nd closest surface     2.497   S4  DCD X    1
  found on step  930
  this is also current point
  no. of rejections          366
 stored as   -14

 highest radius point found:
  at point   39.802  35.574  33.210
  closest atom surface    2.605   C27 DCD X    1
  2nd closest surface     2.606   S2  DCD X    1
  found on step  984
  this is also current point
  no. of rejections          336
 stored as   -15

 highest radius point found:
  at point   39.722  35.548  33.010
  closest atom surface    2.721   S2  DCD X    1
  2nd closest surface     2.722   S4  DCD X    1
  found on step  946
  this is also current point
  no. of rejections          330
 stored as   -16

 highest radius point found:
  at point   37.472  35.578  32.810
  closest atom surface    2.936   O15 DCD X    1
  2nd closest surface     2.937   S2  DCD X    1
  found on step  821
 current point:
  at point   37.481  35.576  32.810
  closest atom surface    2.936   S2  DCD X    1
  2nd closest surface     2.937   O15 DCD X    1
  found on step  959
  no. of rejections          309
 stored as   -17

 highest radius point found:
  at point   36.549  35.917  32.610
  closest atom surface    3.152   S2  DCD X    1
  2nd closest surface     3.152   O15 DCD X    1
  found on step  984
  this is also current point
  no. of rejections          350
 stored as   -18

 highest radius point found:
  at point   36.516  35.949  32.410
  closest atom surface    3.267   S2  DCD X    1
  2nd closest surface     3.267   O21 DCD X    1
  found on step  945
  this is also current point
  no. of rejections          356
 stored as   -19

 highest radius point found:
  at point   36.489  35.977  32.210
  closest atom surface    3.387   S2  DCD X    1
  2nd closest surface     3.387   O15 DCD X    1
  found on step  900
  this is also current point
  no. of rejections          341
 stored as   -20

 highest radius point found:
  at point   36.453  36.011  32.010
  closest atom surface    3.512   S2  DCD X    1
  2nd closest surface     3.512   O21 DCD X    1
  found on step  862
 current point:
  at point   36.460  36.006  32.010
  closest atom surface    3.512   S2  DCD X    1
  2nd closest surface     3.512   O15 DCD X    1
  found on step  924
  no. of rejections          307
 stored as   -21

 highest radius point found:
  at point   36.416  36.047  31.810
  closest atom surface    3.641   S2  DCD X    1
  2nd closest surface     3.641   O21 DCD X    1
  found on step  447
 current point:
  at point   36.435  36.037  31.810
  closest atom surface    3.639   S2  DCD X    1
  2nd closest surface     3.644   O15 DCD X    1
  found on step  958
  no. of rejections          355
 stored as   -22

 highest radius point found:
  at point   36.396  36.066  31.610
  closest atom surface    3.777   O21 DCD X    1
  2nd closest surface     3.777   S2  DCD X    1
  found on step  997
  this is also current point
  no. of rejections          342
 stored as   -23

 highest radius point found:
  at point   36.366  36.096  31.410
  closest atom surface    3.916   S2  DCD X    1
  2nd closest surface     3.916   O21 DCD X    1
  found on step  714
 current point:
  at point   36.364  36.098  31.410
  closest atom surface    3.915   S2  DCD X    1
  2nd closest surface     3.916   O21 DCD X    1
  found on step  977
  no. of rejections          356
 stored as   -24

 highest radius point found:
  at point   36.341  36.122  31.210
  closest atom surface    4.057   S2  DCD X    1
  2nd closest surface     4.058   O15 DCD X    1
  found on step  818
 current point:
  at point   36.338  36.126  31.210
  closest atom surface    4.056   S2  DCD X    1
  2nd closest surface     4.060   O21 DCD X    1
  found on step  929
  no. of rejections          337
 stored as   -25

 highest radius point found:
  at point   36.298  36.159  31.010
  closest atom surface    4.204   O21 DCD X    1
  2nd closest surface     4.204   S2  DCD X    1
  found on step  993
  this is also current point
  no. of rejections          325
 stored as   -26

 highest radius point found:
  at point   36.274  36.183  30.810
  closest atom surface    4.353   S2  DCD X    1
  2nd closest surface     4.354   O21 DCD X    1
  found on step  735
 current point:
  at point   36.266  36.190  30.810
  closest atom surface    4.353   O21 DCD X    1
  2nd closest surface     4.353   S2  DCD X    1
  found on step  975
  no. of rejections          333
 stored as   -27

 highest radius point found:
  at point   36.234  36.221  30.610
  closest atom surface    4.505   S2  DCD X    1
  2nd closest surface     4.506   O21 DCD X    1
  found on step  975
  this is also current point
  no. of rejections          322
 stored as   -28

 highest radius point found:
  at point   36.216  36.237  30.410
  closest atom surface    4.661   O15 DCD X    1
  2nd closest surface     4.661   S2  DCD X    1
  found on step  657
 current point:
  at point   36.211  36.240  30.410
  closest atom surface    4.661   O21 DCD X    1
  2nd closest surface     4.662   S2  DCD X    1
  found on step  967
  no. of rejections          322
 stored as   -29

 highest radius point found:
  at point   36.177  36.272  30.210
  closest atom surface    4.819   O21 DCD X    1
  2nd closest surface     4.820   S2  DCD X    1
  found on step  726
 current point:
  at point   36.160  36.291  30.210
  closest atom surface    4.818   S2  DCD X    1
  2nd closest surface     4.819   O21 DCD X    1
  found on step  962
  no. of rejections          326
 stored as   -30

 highest radius point found:
  at point   36.136  36.311  30.010
  closest atom surface    4.979   S2  DCD X    1
  2nd closest surface     4.979   O21 DCD X    1
  found on step  949
  this is also current point
  no. of rejections          326
 stored as   -31

 highest radius point found:
  at point   36.124  36.321  29.810
  closest atom surface    5.142   O15 DCD X    1
  2nd closest surface     5.142   O21 DCD X    1
  found on step  589
 current point:
  at point   36.013  36.427  29.810
  closest atom surface    5.142   O21 DCD X    1
  2nd closest surface     5.142   S2  DCD X    1
  found on step  943
  no. of rejections          306
 stored as   -32

 highest radius point found:
  at point   35.993  36.445  29.610
  closest atom surface    5.307   O21 DCD X    1
  2nd closest surface     5.308   S2  DCD X    1
  found on step  864
 current point:
  at point   35.989  36.449  29.610
  closest atom surface    5.307   S2  DCD X    1
  2nd closest surface     5.308   O21 DCD X    1
  found on step  995
  no. of rejections          299
 stored as   -33

 highest radius point found:
  at point   35.997  36.440  29.410
  closest atom surface    5.474   O19 DCD X    1
  2nd closest surface     5.474   S2  DCD X    1
  found on step  999
  this is also current point
  no. of rejections          316
 stored as   -34

 highest radius point found:
  at point   35.984  36.496  29.210
  closest atom surface    5.622   H3  DCD X    1
  2nd closest surface     5.624   O19 DCD X    1
  found on step  949
  this is also current point
  no. of rejections          315
 stored as   -35

 highest radius point found:
  at point   35.978  36.552  29.010
  closest atom surface    5.775   H3  DCD X    1
  2nd closest surface     5.775   O19 DCD X    1
  found on step  970
  this is also current point
  no. of rejections          319
 stored as   -36

 highest radius point found:
  at point   35.978  36.609  28.810
  closest atom surface    5.929   O19 DCD X    1
  2nd closest surface     5.930   S2  DCD X    1
  found on step  799
 current point:
  at point   35.973  36.619  28.810
  closest atom surface    5.929   S2  DCD X    1
  2nd closest surface     5.929   H3  DCD X    1
  found on step  988
  no. of rejections          311
 stored as   -37

 highest radius point found:
  at point   35.966  36.669  28.610
  closest atom surface    6.087   S2  DCD X    1
  2nd closest surface     6.088   H3  DCD X    1
  found on step  994
  this is also current point
  no. of rejections          324
 stored as   -38

 highest radius point found:
  at point   35.971  36.721  28.410
  closest atom surface    6.243   O19 DCD X    1
  2nd closest surface     6.244   S2  DCD X    1
  found on step  917
  this is also current point
  no. of rejections          310
 stored as   -39

 highest radius point found:
  at point   35.997  36.776  28.210
  closest atom surface    6.395   S2  DCD X    1
  2nd closest surface     6.395   N1  DCD X    1
  found on step  985
  this is also current point
  no. of rejections          314
 stored as   -40

 highest radius point found:
  at point   36.021  36.826  28.010
  closest atom surface    6.549   N1  DCD X    1
  2nd closest surface     6.549   O19 DCD X    1
  found on step  928
  this is also current point
  no. of rejections          366
 stored as   -41

 highest radius point found:
  at point   35.985  36.842  27.810
  closest atom surface    6.690   N1  DCD X    1
  2nd closest surface     6.690   O19 DCD X    1
  found on step  960
  this is also current point
  no. of rejections          317
 stored as   -42

 highest radius point found:
  at point   35.918  36.840  27.610
  closest atom surface    6.826   O19 DCD X    1
  2nd closest surface     6.826   C24 DCD X    1
  found on step  954
  this is also current point
  no. of rejections          332
 stored as   -43

 highest radius point found:
  at point   35.836  36.831  27.410
  closest atom surface    6.963   O19 DCD X    1
  2nd closest surface     6.964   N1  DCD X    1
  found on step  995
  this is also current point
  no. of rejections          325
 stored as   -44

 highest radius point found:
  at point   35.755  36.831  27.210
  closest atom surface    7.102   N1  DCD X    1
  2nd closest surface     7.107   C24 DCD X    1
  found on step  996
  this is also current point
  no. of rejections          293
 stored as   -45

 highest radius point found:
  at point   35.670  36.812  27.010
  closest atom surface    7.247   N1  DCD X    1
  2nd closest surface     7.247   O19 DCD X    1
  found on step  866
 current point:
  at point   35.674  36.813  27.010
  closest atom surface    7.247   O19 DCD X    1
  2nd closest surface     7.248   N1  DCD X    1
  found on step  938
  no. of rejections          319
 stored as   -46

 highest radius point found:
  at point   35.599  36.808  26.810
  closest atom surface    7.394   O19 DCD X    1
  2nd closest surface     7.395   N1  DCD X    1
  found on step  588
 current point:
  at point   35.601  36.810  26.810
  closest atom surface    7.393   C24 DCD X    1
  2nd closest surface     7.395   N1  DCD X    1
  found on step  996
  no. of rejections          323
 stored as   -47

 highest radius point found:
  at point   35.513  36.795  26.610
  closest atom surface    7.542   O19 DCD X    1
  2nd closest surface     7.543   N1  DCD X    1
  found on step  853
 current point:
  at point   35.508  36.794  26.610
  closest atom surface    7.542   N1  DCD X    1
  2nd closest surface     7.542   O19 DCD X    1
  found on step  910
  no. of rejections          310
 stored as   -48

 highest radius point found:
  at point   35.409  36.782  26.410
  closest atom surface    7.688   N1  DCD X    1
  2nd closest surface     7.696   O19 DCD X    1
  found on step   60
 current point:
  at point   34.761  36.404  26.410
  closest atom surface    7.627   O19 DCD X    1
  2nd closest surface     7.628   N1  DCD X    1
  found on step  977
  no. of rejections          324
 stored as   -49

 highest radius point found:
  at point   35.359  36.784  26.210
  closest atom surface    7.849   N1  DCD X    1
  2nd closest surface     7.850   O19 DCD X    1
  found on step  765
 current point:
  at point   35.361  36.783  26.210
  closest atom surface    7.848   C24 DCD X    1
  2nd closest surface     7.848   O19 DCD X    1
  found on step  979
  no. of rejections          293
 stored as   -50

 highest radius point found:
  at point   35.273  36.787  26.010
  closest atom surface    8.000   N1  DCD X    1
  2nd closest surface     8.011   C24 DCD X    1
  found on step   35
 current point:
  at point   35.088  36.657  26.010
  closest atom surface    7.979   O19 DCD X    1
  2nd closest surface     7.987   N1  DCD X    1
  found on step  997
  no. of rejections          273
 stored as   -51

 highest radius point found:
  at point   35.146  36.750  25.810
  closest atom surface    8.154   N1  DCD X    1
  2nd closest surface     8.167   O19 DCD X    1
  found on step   95
 current point:
  at point   34.272  36.236  25.810
  closest atom surface    8.115   N1  DCD X    1
  2nd closest surface     8.115   O19 DCD X    1
  found on step  894
  no. of rejections          290
 stored as   -52

 highest radius point found:
  at point   35.087  36.743  25.610
  closest atom surface    8.320   N1  DCD X    1
  2nd closest surface     8.324   O19 DCD X    1
  found on step   57
 current point:
  at point   34.334  36.309  25.610
  closest atom surface    8.283   O19 DCD X    1
  2nd closest surface     8.283   N1  DCD X    1
  found on step  952
  no. of rejections          259
 stored as   -53

 highest radius point found:
  at point   35.027  36.745  25.410
  closest atom surface    8.485   N1  DCD X    1
  2nd closest surface     8.488   O19 DCD X    1
  found on step  416
 current point:
  at point   34.245  36.295  25.410
  closest atom surface    8.453   O19 DCD X    1
  2nd closest surface     8.453   N1  DCD X    1
  found on step  952
  no. of rejections          283
 stored as   -54

 highest radius point found:
  at point   34.949  36.741  25.210
  closest atom surface    8.649   N1  DCD X    1
  2nd closest surface     8.655   O19 DCD X    1
  found on step   69
 current point:
  at point   34.092  36.244  25.210
  closest atom surface    8.627   O19 DCD X    1
  2nd closest surface     8.627   N1  DCD X    1
  found on step  989
  no. of rejections          306
 stored as   -55

 highest radius point found:
  at point   34.881  36.734  25.010
  closest atom surface    8.818   N1  DCD X    1
  2nd closest surface     8.818   C24 DCD X    1
  found on step  999
  this is also current point
  no. of rejections          291
 stored as   -56

 highest radius point found:
  at point   34.801  36.725  24.810
  closest atom surface    8.987   N1  DCD X    1
  2nd closest surface     8.987   C24 DCD X    1
  found on step  806
 current point:
  at point   34.795  36.721  24.810
  closest atom surface    8.986   N1  DCD X    1
  2nd closest surface     8.986   O19 DCD X    1
  found on step  952
  no. of rejections          282
 stored as   -57

 highest radius point found:
  at point   34.710  36.710  24.610
  closest atom surface    9.156   N1  DCD X    1
  2nd closest surface     9.156   O19 DCD X    1
  found on step  890
  this is also current point
  no. of rejections          286
 stored as   -58

 highest radius point found:
  at point   33.809  36.229  24.410
  closest atom surface    9.328   O19 DCD X    1
  2nd closest surface     9.329   O1  DCD X    1
  found on step  811
 current point:
  at point   33.830  36.242  24.410
  closest atom surface    9.328   O19 DCD X    1
  2nd closest surface     9.328   N1  DCD X    1
  found on step  999
  no. of rejections          260
 stored as   -59

 highest radius point found:
  at point   33.758  36.240  24.210
  closest atom surface    9.506   N1  DCD X    1
  2nd closest surface     9.507   O1  DCD X    1
  found on step  129
 current point:
  at point   34.547  36.691  24.210
  closest atom surface    9.500   N1  DCD X    1
  2nd closest surface     9.501   O19 DCD X    1
  found on step  956
  no. of rejections          285
 stored as   -60

 highest radius point found:
  at point   33.721  36.265  24.010
  closest atom surface    9.681   N1  DCD X    1
  2nd closest surface     9.690   O19 DCD X    1
  found on step  266
 current point:
  at point   34.465  36.680  24.010
  closest atom surface    9.675   N1  DCD X    1
  2nd closest surface     9.675   O19 DCD X    1
  found on step  965
  no. of rejections          270
 stored as   -61

 highest radius point found:
  at point   33.684  36.271  23.810
  closest atom surface    9.863   N1  DCD X    1
  2nd closest surface     9.863   O19 DCD X    1
  found on step  929
  this is also current point
  no. of rejections          262
 stored as   -62

 highest radius point found:
  at point   33.713  36.326  23.610
  closest atom surface   10.038   N1  DCD X    1
  2nd closest surface    10.039   O16 DCD X    1
  found on step  943
  this is also current point
  no. of rejections          271
 stored as   -63

 highest radius point found:
  at point   33.769  36.393  23.410
  closest atom surface   10.215   N1  DCD X    1
  2nd closest surface    10.215   O19 DCD X    1
  found on step  931
  this is also current point
  no. of rejections          281
 stored as   -64

 highest radius point found:
  at point   33.844  36.474  23.210
  closest atom surface   10.391   N1  DCD X    1
  2nd closest surface    10.392   O19 DCD X    1
  found on step  823
 current point:
  at point   33.817  36.454  23.210
  closest atom surface   10.390   O19 DCD X    1
  2nd closest surface    10.393   O16 DCD X    1
  found on step  982
  no. of rejections          255
 stored as   -65

 highest radius point found:
  at point   33.903  36.543  23.010
  closest atom surface   10.570   N1  DCD X    1
  2nd closest surface    10.570   O19 DCD X    1
  found on step  421
 current point:
  at point   33.937  36.563  23.010
  closest atom surface   10.569   N1  DCD X    1
  2nd closest surface    10.569   O19 DCD X    1
  found on step  966
  no. of rejections          273
 stored as   -66

 highest radius point found:
  at point   33.903  36.580  22.810
  closest atom surface   10.751   O19 DCD X    1
  2nd closest surface    10.751   N1  DCD X    1
  found on step  999
  this is also current point
  no. of rejections          274
 stored as   -67

 highest radius point found:
  at point   33.921  36.635  22.610
  closest atom surface   10.930   O16 DCD X    1
  2nd closest surface    10.930   N1  DCD X    1
  found on step  999
  this is also current point
  no. of rejections          249
 stored as   -68

 highest radius point found:
  at point   33.832  36.683  22.410
  closest atom surface   11.099   N1  DCD X    1
  2nd closest surface    11.113   O16 DCD X    1
  found on step  460
 current point:
  at point   32.904  36.457  22.410
  closest atom surface   11.079   N1  DCD X    1
  2nd closest surface    11.079   O16 DCD X    1
  found on step  967
  no. of rejections          241
 stored as   -69

 highest radius point found:
  at point   33.772  36.709  22.210
  closest atom surface   11.278   N1  DCD X    1
  2nd closest surface    11.280   O16 DCD X    1
  found on step  595
 current point:
  at point   33.771  36.706  22.210
  closest atom surface   11.278   O16 DCD X    1
  2nd closest surface    11.278   N1  DCD X    1
  found on step  962
  no. of rejections          267
 stored as   -70

 highest radius point found:
  at point   33.712  36.747  22.010
  closest atom surface   11.455   N1  DCD X    1
  2nd closest surface    11.455   O16 DCD X    1
  found on step  772
 current point:
  at point   33.637  36.734  22.010
  closest atom surface   11.450   N1  DCD X    1
  2nd closest surface    11.454   O16 DCD X    1
  found on step  935
  no. of rejections          275
 stored as   -71

 highest radius point found:
  at point   33.629  36.771  21.810
  closest atom surface   11.625   O16 DCD X    1
  2nd closest surface    11.634   N1  DCD X    1
  found on step   49
 current point:
  at point   32.557  36.543  21.810
  closest atom surface   11.624   N1  DCD X    1
  2nd closest surface    11.625   O1  DCD X    1
  found on step  996
  no. of rejections          238
 stored as   -72

 highest radius point found:
  at point   32.446  36.565  21.610
  closest atom surface   11.810   O1  DCD X    1
  2nd closest surface    11.810   N1  DCD X    1
  found on step  845
 current point:
  at point   32.446  36.563  21.610
  closest atom surface   11.810   O1  DCD X    1
  2nd closest surface    11.810   O16 DCD X    1
  found on step  997
  no. of rejections          236
 stored as   -73

 highest radius point found:
  at point   32.339  36.590  21.410
  closest atom surface   11.996   O16 DCD X    1
  2nd closest surface    11.996   O1  DCD X    1
  found on step  928
  this is also current point
  no. of rejections          219
 stored as   -74

 highest radius point found:
  at point   32.542  36.690  21.210
  closest atom surface   12.170   O16 DCD X    1
  2nd closest surface    12.170   N1  DCD X    1
  found on step   32
 current point:
  at point   33.399  36.886  21.210
  closest atom surface   12.169   N1  DCD X    1
  2nd closest surface    12.170   O16 DCD X    1
  found on step  937
  no. of rejections          250
 stored as   -75

 highest radius point found:
  at point   32.130  36.650  21.010
  closest atom surface   12.373   N1  DCD X    1
  2nd closest surface    12.373   O16 DCD X    1
  found on step  325
 current point:
  at point   32.341  36.697  21.010
  closest atom surface   12.361   O16 DCD X    1
  2nd closest surface    12.361   N1  DCD X    1
  found on step  999
  no. of rejections          229
 stored as   -76

 highest radius point found:
  at point   32.185  36.728  20.810
  closest atom surface   12.549   N1  DCD X    1
  2nd closest surface    12.561   O16 DCD X    1
  found on step   11
 current point:
  at point   33.155  36.935  20.810
  closest atom surface   12.532   N1  DCD X    1
  2nd closest surface    12.532   O16 DCD X    1
  found on step  983
  no. of rejections          217
 stored as   -77

 highest radius point found:
  at point   31.907  36.702  20.610
  closest atom surface   12.754   O16 DCD X    1
  2nd closest surface    12.754   O1  DCD X    1
  found on step  995
  this is also current point
  no. of rejections          226
 stored as   -78

 highest radius point found:
  at point   31.786  36.729  20.410
  closest atom surface   12.945   O1  DCD X    1
  2nd closest surface    12.948   O16 DCD X    1
  found on step   13
 current point:
  at point   31.748  36.752  20.410
  closest atom surface   12.944   O1  DCD X    1
  2nd closest surface    12.944   N1  DCD X    1
  found on step  987
  no. of rejections          190
 stored as   -79

 highest radius point found:
  at point   26.075  36.721  20.210
  closest atom surface   13.809   H5  DCD X    1
  2nd closest surface    13.813   H62 DCD X    1
  found on step 1000
  this is also current point
  no. of rejections          100
 stored as   -80

 highest radius point found:
  at point   16.229  40.552  20.010
  closest atom surface   17.907   H61 DCD X    1
  2nd closest surface    17.945   C52 DCD X    1
  found on step 1000
  this is also current point
  no. of rejections          163
 stored as   -81

 highest radius point found:
  at point    7.378  43.472  19.810
  closest atom surface   24.202   H61 DCD X    1
  2nd closest surface    24.334   C52 DCD X    1
  found on step  999
  this is also current point
  no. of rejections          212
 This is an end! (radius above  22.0 angs)
 
 N.b. Graph information routine (HOGRAP) differs 
        markedly from previous versions!
       Information now is written from -ve end
       to +ve in one pass
 
 Explanation of the meaning of each column: 
 First column "cenxyz.cvec" is the coordinate in the
   direction of the channel vector i.e. if the channel
   vector is in z (0 0 1) then it is the z coordinate.
 The second column "radius" is the hole pore radius 
   (as defined in the Biophys J 1993) article).
 The third column "cen_line_D" is the distance 
   measured along the pore centre line - with the 
   first point found set to zero. This was the first
   thing that I used to measure the distance along a pore
   but "cenxyz.cvec" is a much better general measure. 
   However, by comparing changes in this distance to changes in '   "cenxyz.cvec" one can get a measure of how straight a 
   channel is.
 The fourth column "sum{s/(area)}" is useful in conductance
   prediction -
   basically it is the sum of the thickness of each slab
   divided by its area. HOLE uses this measure to estimate
   the macroscopic conductance of a channel.
 If any of this worries you one can see the "raw" results
   of a standard hole run by producing a sphpdb file and 
    directly looking at the results.
 cenxyz.cvec      radius  cen_line_D sum{s/(area point sourc
    20.01041    17.90685   -40.09641     0.00010   (sampled)
    20.11041    15.36363   -34.81301     0.00023 (mid-point)
    20.21041    13.80940   -29.52962     0.00040   (sampled)
    20.31041    13.12046   -26.67205     0.00059 (mid-point)
    20.41041    12.94506   -23.81449     0.00078   (sampled)
    20.51041    12.84925   -23.69702     0.00097 (mid-point)
    20.61041    12.75365   -23.57954     0.00116   (sampled)
    20.71041    12.65137   -23.40768     0.00136 (mid-point)
    20.81041    12.54936   -23.23582     0.00157   (sampled)
    20.91041    12.46086   -23.12491     0.00177 (mid-point)
    21.01041    12.37267   -23.01400     0.00198   (sampled)
    21.11041    12.27000   -22.78420     0.00219 (mid-point)
    21.21041    12.17013   -22.55439     0.00240   (sampled)
    21.31041    12.08249   -22.40344     0.00262 (mid-point)
    21.41041    11.99595   -22.25250     0.00284   (sampled)
    21.51041    11.90267   -22.13841     0.00307 (mid-point)
    21.61041    11.80963   -22.02433     0.00330   (sampled)
    21.71041    11.70499   -21.41547     0.00353 (mid-point)
    21.81041    11.62536   -20.80660     0.00376   (sampled)
    21.91041    11.54024   -20.69775     0.00400 (mid-point)
    22.01041    11.45468   -20.58891     0.00425   (sampled)
    22.11041    11.36603   -20.48275     0.00449 (mid-point)
    22.21041    11.27765   -20.37659     0.00474   (sampled)
    22.31041    11.18804   -20.27148     0.00500 (mid-point)
    22.41041    11.09866   -20.16637     0.00526   (sampled)
    22.51041    11.01416   -20.05429     0.00552 (mid-point)
    22.61041    10.92975   -19.94221     0.00578   (sampled)
    22.71041    10.84034   -19.83806     0.00606 (mid-point)
    22.81041    10.75067   -19.73392     0.00633   (sampled)
    22.91041    10.66014   -19.63225     0.00661 (mid-point)
    23.01041    10.56978   -19.53058     0.00690   (sampled)
    23.11041    10.48012   -19.42071     0.00719 (mid-point)
    23.21041    10.39080   -19.31084     0.00748   (sampled)
    23.31041    10.30246   -19.19654     0.00778 (mid-point)
    23.41041    10.21456   -19.08224     0.00809   (sampled)
    23.51041    10.12631   -18.97315     0.00840 (mid-point)
    23.61041    10.03840   -18.86405     0.00871   (sampled)
    23.71041     9.95053   -18.75932     0.00903 (mid-point)
    23.81041     9.86293   -18.65460     0.00936   (sampled)
    23.91041     9.77178   -18.55290     0.00969 (mid-point)
    24.01041     9.68082   -18.45121     0.01003   (sampled)
    24.11041     9.59330   -18.34871     0.01038 (mid-point)
    24.21041     9.50604   -18.24621     0.01073   (sampled)
    24.31041     9.41764   -18.14278     0.01109 (mid-point)
    24.41041     9.32811   -18.03936     0.01146   (sampled)
    24.51041     9.23009   -17.51906     0.01183 (mid-point)
    24.61041     9.15583   -16.99877     0.01221   (sampled)
    24.71041     9.07097   -16.88869     0.01260 (mid-point)
    24.81041     8.98656   -16.77861     0.01299   (sampled)
    24.91041     8.90222   -16.67076     0.01339 (mid-point)
    25.01041     8.81832   -16.56292     0.01380   (sampled)
    25.11041     8.73348   -16.45724     0.01422 (mid-point)
    25.21041     8.64903   -16.35156     0.01464   (sampled)
    25.31041     8.56679   -16.24433     0.01508 (mid-point)
    25.41041     8.48502   -16.13710     0.01552   (sampled)
    25.51041     8.40225   -16.03271     0.01597 (mid-point)
    25.61041     8.31988   -15.92833     0.01643   (sampled)
    25.71041     8.23650   -15.82392     0.01690 (mid-point)
    25.81041     8.15352   -15.71950     0.01738   (sampled)
    25.91041     8.07613   -15.59960     0.01787 (mid-point)
    26.01041     7.99961   -15.47969     0.01836   (sampled)
    26.11041     7.92378   -15.37093     0.01887 (mid-point)
    26.21041     7.84858   -15.26216     0.01939   (sampled)
    26.31041     7.76817   -15.15910     0.01992 (mid-point)
    26.41041     7.68821   -15.05604     0.02045   (sampled)
    26.51041     7.61525   -14.94297     0.02100 (mid-point)
    26.61041     7.54190   -14.82991     0.02156   (sampled)
    26.71041     7.46781   -14.72099     0.02213 (mid-point)
    26.81041     7.39443   -14.61208     0.02272   (sampled)
    26.91041     7.32043   -14.50581     0.02331 (mid-point)
    27.01041     7.24679   -14.39954     0.02392   (sampled)
    27.11041     7.17390   -14.29050     0.02453 (mid-point)
    27.21041     7.10175   -14.18147     0.02517   (sampled)
    27.31041     7.03262   -14.07372     0.02581 (mid-point)
    27.41041     6.96345   -13.96597     0.02647   (sampled)
    27.51041     6.89437   -13.85775     0.02714 (mid-point)
    27.61041     6.82611   -13.74952     0.02782   (sampled)
    27.71041     6.75783   -13.64403     0.02852 (mid-point)
    27.81041     6.69016   -13.53854     0.02923   (sampled)
    27.91041     6.61902   -13.43660     0.02995 (mid-point)
    28.01041     6.54852   -13.33467     0.03070   (sampled)
    28.11041     6.47152   -13.23084     0.03146 (mid-point)
    28.21041     6.39457   -13.12701     0.03223   (sampled)
    28.31041     6.31899   -13.02247     0.03303 (mid-point)
    28.41041     6.24251   -12.91794     0.03385   (sampled)
    28.51041     6.16549   -12.81462     0.03469 (mid-point)
    28.61041     6.08749   -12.71130     0.03554   (sampled)
    28.71041     6.00844   -12.60679     0.03643 (mid-point)
    28.81041     5.92892   -12.50228     0.03733   (sampled)
    28.91041     5.85168   -12.39823     0.03826 (mid-point)
    29.01041     5.77467   -12.29419     0.03922   (sampled)
    29.11041     5.69805   -12.19027     0.04020 (mid-point)
    29.21041     5.62217   -12.08635     0.04120   (sampled)
    29.31041     5.54828   -11.98234     0.04224 (mid-point)
    29.41041     5.47374   -11.87834     0.04330   (sampled)
    29.51041     5.39080   -11.77828     0.04439 (mid-point)
    29.61041     5.30747   -11.67823     0.04552   (sampled)
    29.71041     5.22410   -11.54332     0.04669 (mid-point)
    29.81041     5.14203   -11.40841     0.04789   (sampled)
    29.91041     5.06061   -11.30811     0.04914 (mid-point)
    30.01041     4.97927   -11.20780     0.05042   (sampled)
    30.11041     4.89868   -11.10395     0.05175 (mid-point)
    30.21041     4.81867   -11.00009     0.05312   (sampled)
    30.31041     4.73978   -10.89664     0.05454 (mid-point)
    30.41041     4.66122   -10.79318     0.05600   (sampled)
    30.51041     4.58307   -10.69249     0.05752 (mid-point)
    30.61041     4.50539   -10.59180     0.05908   (sampled)
    30.71041     4.42901   -10.48810     0.06071 (mid-point)
    30.81041     4.35340   -10.38440     0.06239   (sampled)
    30.91041     4.27822   -10.28295     0.06413 (mid-point)
    31.01041     4.20371   -10.18149     0.06593   (sampled)
    31.11041     4.13018   -10.07759     0.06779 (mid-point)
    31.21041     4.05745    -9.97369     0.06973   (sampled)
    31.31041     3.98606    -9.87204     0.07173 (mid-point)
    31.41041     3.91555    -9.77039     0.07381   (sampled)
    31.51041     3.84582    -9.66821     0.07596 (mid-point)
    31.61041     3.77672    -9.56604     0.07819   (sampled)
    31.71041     3.70855    -9.46507     0.08050 (mid-point)
    31.81041     3.64112    -9.36410     0.08291   (sampled)
    31.91041     3.57598    -9.26081     0.08539 (mid-point)
    32.01041     3.51201    -9.15752     0.08798   (sampled)
    32.11041     3.44881    -9.05450     0.09065 (mid-point)
    32.21041     3.38684    -8.95149     0.09343   (sampled)
    32.31041     3.32616    -8.84962     0.09630 (mid-point)
    32.41041     3.26674    -8.74775     0.09929   (sampled)
    32.51041     3.20845    -8.64512     0.10238 (mid-point)
    32.61041     3.15155    -8.54249     0.10558   (sampled)
    32.71041     3.01852    -8.04067     0.10908 (mid-point)
    32.81041     2.93647    -7.53885     0.11277   (sampled)
    32.91041     2.69632    -6.40943     0.11715 (mid-point)
    33.01041     2.72117    -5.28001     0.12145   (sampled)
    33.11041     2.66247    -5.17154     0.12594 (mid-point)
    33.21041     2.60453    -5.06306     0.13063   (sampled)
    33.31041     2.54980    -4.95650     0.13552 (mid-point)
    33.41041     2.49579    -4.84995     0.14063   (sampled)
    33.51041     2.44496    -4.74117     0.14596 (mid-point)
    33.61041     2.39623    -4.63239     0.15150   (sampled)
    33.71041     2.35024    -4.52348     0.15727 (mid-point)
    33.81041     2.30651    -4.41458     0.16325   (sampled)
    33.91041     2.26303    -4.30587     0.16946 (mid-point)
    34.01041     2.22190    -4.19716     0.17591   (sampled)
    34.11041     2.18558    -4.08926     0.18258 (mid-point)
    34.21041     2.15094    -3.98136     0.18946   (sampled)
    34.31041     2.11914    -3.87304     0.19654 (mid-point)
    34.41041     2.08969    -3.76471     0.20383   (sampled)
    34.51041     2.06304    -3.65648     0.21131 (mid-point)
    34.61041     2.03923    -3.54825     0.21897   (sampled)
    34.71041     2.01767    -3.43976     0.22678 (mid-point)
    34.81041     1.99906    -3.33127     0.23475   (sampled)
    34.91041     1.98376    -3.22295     0.24284 (mid-point)
    35.01041     1.97146    -3.11463     0.25103   (sampled)
    35.11041     1.92593    -2.97904     0.25961 (mid-point)
    35.21041     1.88382    -2.84346     0.26858   (sampled)
    35.31041     1.84000    -2.70042     0.27798 (mid-point)
    35.41041     1.80271    -2.55739     0.28778   (sampled)
    35.51041     1.73906    -2.44311     0.29830 (mid-point)
    35.61041     1.67810    -2.32884     0.30960   (sampled)
    35.71041     1.42024    -1.49616     0.32539 (mid-point)
    35.81041     1.43414    -0.66349     0.34086   (sampled)
    35.91041     1.41340    -0.43312     0.35680 (mid-point)
    36.01041     1.40742    -0.20274     0.37287   (sampled)
    36.11041     1.37742    -0.10137     0.38964 (mid-point)
    36.21041     1.33933    -0.00000     0.40739   (sampled)
    36.31041     1.29134     0.12897     0.42648 (mid-point)
    36.41041     1.24893     0.25794     0.44688   (sampled)
    36.51041     1.21077     0.38171     0.46860 (mid-point)
    36.61041     1.17874     0.50549     0.49150   (sampled)
    36.71041     1.15128     0.62714     0.51552 (mid-point)
    36.81041     1.12760     0.74878     0.54055   (sampled)
    36.91041     1.11088     0.86384     0.56635 (mid-point)
    37.01041     1.09746     0.97890     0.59278   (sampled)
    37.11041     1.09010     1.09484     0.61956 (mid-point)
    37.21041     1.08696     1.21078     0.64651   (sampled)
    37.31041     1.08909     1.32295     0.67334 (mid-point)
    37.41041     1.09516     1.43513     0.69988   (sampled)
    37.51041     1.10132     1.56519     0.72612 (mid-point)
    37.61041     1.11318     1.69524     0.75181   (sampled)
    37.71041     1.13063     1.82693     0.77671 (mid-point)
    37.81041     1.15359     1.95863     0.80063   (sampled)
    37.91041     1.16329     2.06558     0.82415 (mid-point)
    38.01041     1.17589     2.17254     0.84717   (sampled)
    38.11041     1.17908     2.27512     0.87007 (mid-point)
    38.21041     1.18405     2.37770     0.89278   (sampled)
    38.31041     1.19378     2.48012     0.91511 (mid-point)
    38.41041     1.20680     2.58254     0.93697   (sampled)
    38.51041     1.22255     2.68500     0.95826 (mid-point)
    38.61041     1.24162     2.78745     0.97891   (sampled)
    38.71041     1.26427     2.88969     0.99883 (mid-point)
    38.81041     1.28859     2.99192     1.01800   (sampled)
    38.91041     1.31765     3.09421     1.03633 (mid-point)
    39.01041     1.34691     3.19650     1.05388   (sampled)
    39.11041     1.35670     3.29735     1.07117 (mid-point)
    39.21041     1.36962     3.39819     1.08814   (sampled)
    39.31041     1.38160     3.63892     1.10481 (mid-point)
    39.41041     1.41067     3.87965     1.12081   (sampled)
    39.51041     1.44265     4.02658     1.13610 (mid-point)
    39.61041     1.48027     4.17351     1.15063   (sampled)
    39.71041     1.51863     4.29845     1.16443 (mid-point)
    39.81041     1.55986     4.42339     1.17751   (sampled)
    39.91041     1.59453     4.59381     1.19003 (mid-point)
    40.01041     1.63747     4.76424     1.20191   (sampled)
    40.11041     1.65053     4.87747     1.21359 (mid-point)
    40.21041     1.66701     4.99070     1.22504   (sampled)
    40.31041     1.67733     5.15100     1.23636 (mid-point)
    40.41041     1.69487     5.31130     1.24744   (sampled)
    40.51041     1.70746     5.67871     1.25836 (mid-point)
    40.61041     1.75937     6.04613     1.26864   (sampled)
    40.71041     1.79192     6.14804     1.27855 (mid-point)
    40.81041     1.82750     6.24995     1.28808   (sampled)
    40.91041     1.86179     6.35493     1.29727 (mid-point)
    41.01041     1.89631     6.45991     1.30612   (sampled)
    41.11041     1.91747     6.56606     1.31478 (mid-point)
    41.21041     1.94164     6.67222     1.32322   (sampled)
    41.31041     1.96977     6.77813     1.33142 (mid-point)
    41.41041     1.99989     6.88404     1.33938   (sampled)
    41.51041     2.03370     6.98958     1.34708 (mid-point)
    41.61041     2.06806     7.09513     1.35452   (sampled)
    41.71041     2.10691     7.20075     1.36169 (mid-point)
    41.81041     2.14745     7.30638     1.36859   (sampled)
    41.91041     1.78918     9.47787     1.37854 (mid-point)
    42.01041     2.67043    11.64936     1.38300   (sampled)
    42.11041     3.05659    12.82553     1.38641 (mid-point)
    42.21041     3.67959    14.00170     1.38876   (sampled)
    42.31041     6.66206    18.53423     1.38948 (mid-point)
    42.41041    10.28467    23.06676     1.38978   (sampled)
    42.51041    14.23279    27.79365     1.38994 (mid-point)
    42.61041    18.51871    32.52054     1.39003   (sampled)

 Minimum radius found:      1.087 angstroms.



 For spherical probe approach, The geometric factor
         F= sum(ds/area) along channel is    1.390 angstroms**-1
 This yields a macroscopic predicted molar conductance of:
   (1/rho)*(100/F)= (72/rho) pS,
   where rho is the conductivity of 1M permeant ion in ohm m.
 N.B. this is a macroscopic conductance - an overestimate 
 Empirically corrected conductances currently only available
 With the CAPSULE option (although its not that stable!)
 For 1M KCl rho= 1/12 (ohm m), So Gmacro= 860 pS/M.
  (TAG      1   Rmin=     1.08696   Gmacro=   863.29190 Conn_Gmacro=    -1.00000 ).
 HOLE: normal completion
