 *** Program HOLE ***
 
 If results of this run are reported or published, please
 cite the publication listed below.
 For the HOLE program:
   Smart, O.S., Goodfellow, J.M., Wallace, B.A. (1993). 
   The pore dimensions of gramicidin A. 
   Biophys. J., 65, 2455-2460.
 
 Originally written by Oliver Smart at Birkbeck College from April 1992.
 Copyright 1993-2005 Oliver Smart
 Copyright 2014-2015 SmartSci Limited.
 Copyright 2016 Oliver Smart.
 
 For help on HOLE suite see  http://www.holeprogram.org/
 
 HOLE release 2.2.005 (07 August 2016) 
 
 usage subject to Apache License, Version 2.0 
 see http://www.apache.org/licenses/LICENSE-2.0 

 Control variables read:

! Input file for Oliver Smart's HOLE program
! written by MDAnalysis.analysis.hole2.HoleAnalysis
! for a Universe
! u = mda.Universe(/afs/crc.nd.edu/user/m/mfarshad/Private/ML-new/traj/host-dcdd
!    /afs/crc.nd.edu/user/m/mfarshad/Private/ML-new/traj/host-dcddc2/host_dcddc2
!   )
! Frame 5

COORD  /tmp/2550296.1.long/tmpsf43l68w.pdb
RADIUS simple2.rad
SPHPDB hole005.sph
SAMPLE 0.200000
ENDRAD 22.000000
IGNORE SOL WAT TIP HOH K   NA  CL
SHORTO 0
RASEED 31415
CPOINT 38.1351669770 35.5792075531 36.2545679189


 WARNING have not found a CVECT record - will try to guess
 Input pdb filename read as:    '/tmp/2550296.1.long/tmpsf43l68w.pdb'
 Input vdW radius file read as: 'simple2.rad'
 point in channel:   38.135  35.579  36.255
 channel vector:   ************************
 sampling distance between planes:    0.200

 graphics conditions:
 binary plot output file name: NONE
 Dot density:    10
 Draw dots?           T
 Draw close contacts? F
 Draw centre line?    T
 Produce spikes rather than dots? F
 Seed for random number generator:     31415 (0 means value set by program)
 Radius above which a result is regarded as an 'end':  22.000
 Pdb format file for sphere centres: hole005.sph

 Monte Carlo conditions:
  no of steps:  1000
  maximum displacement   0.100 angs
  'kT' initial   0.100 angs
 The spherebox and capsule options are turned off.
 (No molqpt card so will not write qpt file of the molecule)
 IGNORE card read so will ignore residue types: SOL WAT TIP HOH K   NA  CL
 no SHORTO card read so will produce full textual output
 As no PEGRAT card was found will not produce PEG polymer exclusion graph
 (No 2DMAPS card specified so will not produce 2D property maps)
 Have not found a CUT card.  Normal calculation using
   Cutoff lists with a cutsize=       1.000
   (if you wish to turn off option use a CUT -1 card)

 Have read     7 bond radius records and
              16 vdW radius records.
 From file: simple2.rad

 Have read   158 atom records.
 From file: /tmp/2550296.1.long/tmpsf43l68w.pdb
 Will not produce graphical output

 Have opened file for pdb format output of sphere centres:  hole005.sph

  Seed integer used by ran # generator on this run      31415

 
 S/R cguess will try to guess CPOINT and/or CVECT
 
 THESE GUESSES MAY WELL BE WRONG!!!!
 Routine relies on having a reasonably symmetric
 channel oriented along x, y or z vector
 YOU ARE STRONGLY ADVISED TO CHECK THE RESULTS
                       WITH MOLECULAR GRAPHICS
 testing points from cpoint in X, Y then Z direction
   point                   pore radius
direction     1
  33.135  35.579  36.255    -0.360
  34.135  35.579  36.255    -0.267
  35.135  35.579  36.255    -0.482
  36.135  35.579  36.255     0.258
  37.135  35.579  36.255     0.923
  38.135  35.579  36.255     1.351
  39.135  35.579  36.255     1.067
  40.135  35.579  36.255     0.866
  41.135  35.579  36.255     1.110
  42.135  35.579  36.255     0.617
  43.135  35.579  36.255    -0.303
 Average pore radius along the line=      0.435
direction     2
  38.135  30.579  36.255    -0.161
  38.135  31.579  36.255    -0.904
  38.135  32.579  36.255    -0.991
  38.135  33.579  36.255    -0.316
  38.135  34.579  36.255     0.580
  38.135  35.579  36.255     1.351
  38.135  36.579  36.255     0.565
  38.135  37.579  36.255    -0.002
  38.135  38.579  36.255    -0.520
  38.135  39.579  36.255    -0.871
  38.135  40.579  36.255    -0.590
 Average pore radius along the line=     -0.169
direction     3
  38.135  35.579  31.255     3.719
  38.135  35.579  32.255     3.039
  38.135  35.579  33.255     2.480
  38.135  35.579  34.255     2.070
  38.135  35.579  35.255     1.553
  38.135  35.579  36.255     1.351
  38.135  35.579  37.255     1.235
  38.135  35.579  38.255     0.992
  38.135  35.579  39.255     1.032
  38.135  35.579  40.255     1.395
  38.135  35.579  41.255     1.407
 Average pore radius along the line=      1.843
 Best direction is found to be     3
(1=X,2=Y,3=Z)
 s/r cguess has produced initial values for cpoint &/or cvect:
CPOINT      38.1352     35.5792     36.2546
CVECT        0.0000      0.0000      1.0000
 THESE GUESSES MAY WELL BE WRONG!!!!
 Routine relies on having a reasonably symmetric
 channel oriented along x, y or z vector
 YOU ARE STRONGLY ADVISED TO CHECK THE RESULTS
                       WITH MOLECULAR GRAPHICS
 
 
  Some routines (e.g. conn) need vectors normal to cvect: 
     EAST Zero degrees angle is along vector    1.000   0.000   0.000
     NORTH  90 degrees angle is along vector    0.000  -1.000   0.000
 highest radius point found:
  at point   38.399  35.590  36.255
  closest atom surface    1.481   C6  DCD X    1
  2nd closest surface     1.481   H42 DCD X    1
  found on step  943
  this is also current point
  no. of rejections          392
 stored as     0

 highest radius point found:
  at point   38.251  35.516  36.455
  closest atom surface    1.428   S4  DCD X    1
  2nd closest surface     1.429   C6  DCD X    1
  found on step  756
 current point:
  at point   38.245  35.515  36.455
  closest atom surface    1.427   C6  DCD X    1
  2nd closest surface     1.428   S4  DCD X    1
  found on step  895
  no. of rejections          358
 stored as     1

 highest radius point found:
  at point   38.140  35.464  36.655
  closest atom surface    1.396   C6  DCD X    1
  2nd closest surface     1.397   S4  DCD X    1
  found on step  779
 current point:
  at point   38.142  35.465  36.655
  closest atom surface    1.396   C6  DCD X    1
  2nd closest surface     1.397   S4  DCD X    1
  found on step  942
  no. of rejections          397
 stored as     2

 highest radius point found:
  at point   38.027  35.410  36.855
  closest atom surface    1.380   S4  DCD X    1
  2nd closest surface     1.381   C6  DCD X    1
  found on step  988
  this is also current point
  no. of rejections          388
 stored as     3

 highest radius point found:
  at point   37.938  35.376  37.055
  closest atom surface    1.376   C42 DCD X    1
  2nd closest surface     1.376   C6  DCD X    1
  found on step  965
  this is also current point
  no. of rejections          406
 stored as     4

 highest radius point found:
  at point   37.936  35.425  37.255
  closest atom surface    1.342   C42 DCD X    1
  2nd closest surface     1.343   H42 DCD X    1
  found on step   56
 current point:
  at point   38.154  35.649  37.255
  closest atom surface    1.253   H42 DCD X    1
  2nd closest surface     1.254   C6  DCD X    1
  found on step  989
  no. of rejections          360
 stored as     5

 highest radius point found:
  at point   37.924  35.481  37.455
  closest atom surface    1.318   C42 DCD X    1
  2nd closest surface     1.320   C34 DCD X    1
  found on step  990
  this is also current point
  no. of rejections          386
 stored as     6

 highest radius point found:
  at point   37.900  35.540  37.655
  closest atom surface    1.298   C42 DCD X    1
  2nd closest surface     1.299   C6  DCD X    1
  found on step  954
  this is also current point
  no. of rejections          394
 stored as     7

 highest radius point found:
  at point   37.876  35.600  37.855
  closest atom surface    1.291   C6  DCD X    1
  2nd closest surface     1.293   C34 DCD X    1
  found on step  919
  this is also current point
  no. of rejections          402
 stored as     8

 highest radius point found:
  at point   37.851  35.657  38.055
  closest atom surface    1.299   C6  DCD X    1
  2nd closest surface     1.300   C34 DCD X    1
  found on step  803
 current point:
  at point   37.854  35.660  38.055
  closest atom surface    1.298   C6  DCD X    1
  2nd closest surface     1.299   C34 DCD X    1
  found on step  986
  no. of rejections          356
 stored as     9

 highest radius point found:
  at point   37.822  35.717  38.255
  closest atom surface    1.317   C6  DCD X    1
  2nd closest surface     1.320   C42 DCD X    1
  found on step  792
 current point:
  at point   37.836  35.721  38.255
  closest atom surface    1.316   C34 DCD X    1
  2nd closest surface     1.320   C6  DCD X    1
  found on step  958
  no. of rejections          376
 stored as    10

 highest radius point found:
  at point   37.801  35.772  38.455
  closest atom surface    1.355   C42 DCD X    1
  2nd closest surface     1.356   C34 DCD X    1
  found on step  900
  this is also current point
  no. of rejections          373
 stored as    11

 highest radius point found:
  at point   37.922  35.962  38.655
  closest atom surface    1.364   C56 DCD X    1
  2nd closest surface     1.365   C6  DCD X    1
  found on step  986
  this is also current point
  no. of rejections          378
 stored as    12

 highest radius point found:
  at point   38.056  36.159  38.855
  closest atom surface    1.394   C56 DCD X    1
  2nd closest surface     1.398   H9  DCD X    1
  found on step  567
 current point:
  at point   38.047  36.141  38.855
  closest atom surface    1.392   C34 DCD X    1
  2nd closest surface     1.393   C56 DCD X    1
  found on step  918
  no. of rejections          380
 stored as    13

 highest radius point found:
  at point   38.156  36.290  39.055
  closest atom surface    1.435   H9  DCD X    1
  2nd closest surface     1.435   C34 DCD X    1
  found on step  967
  this is also current point
  no. of rejections          362
 stored as    14

 highest radius point found:
  at point   38.243  36.416  39.255
  closest atom surface    1.497   H9  DCD X    1
  2nd closest surface     1.498   C34 DCD X    1
  found on step  977
  this is also current point
  no. of rejections          354
 stored as    15

 highest radius point found:
  at point   38.343  36.554  39.455
  closest atom surface    1.580   C34 DCD X    1
  2nd closest surface     1.580   H9  DCD X    1
  found on step  490
 current point:
  at point   38.347  36.557  39.455
  closest atom surface    1.579   C34 DCD X    1
  2nd closest surface     1.580   H9  DCD X    1
  found on step  909
  no. of rejections          337
 stored as    16

 highest radius point found:
  at point   38.399  36.748  39.655
  closest atom surface    1.635   C28 DCD X    1
  2nd closest surface     1.637   C56 DCD X    1
  found on step  650
 current point:
  at point   38.372  36.651  39.655
  closest atom surface    1.632   C56 DCD X    1
  2nd closest surface     1.632   C28 DCD X    1
  found on step  977
  no. of rejections          364
 stored as    17

 highest radius point found:
  at point   38.508  37.151  39.855
  closest atom surface    1.659   C28 DCD X    1
  2nd closest surface     1.667   H9  DCD X    1
  found on step  166
 current point:
  at point   38.746  37.910  39.855
  closest atom surface    1.617   N6  DCD X    1
  2nd closest surface     1.618   H9  DCD X    1
  found on step  991
  no. of rejections          357
 stored as    18

 highest radius point found:
  at point   38.669  38.068  40.055
  closest atom surface    1.735   O22 DCD X    1
  2nd closest surface     1.736   N6  DCD X    1
  found on step  974
  this is also current point
  no. of rejections          428
 stored as    19

 highest radius point found:
  at point   38.691  38.272  40.255
  closest atom surface    1.782   O22 DCD X    1
  2nd closest surface     1.794   N6  DCD X    1
  found on step   11
 current point:
  at point   38.568  37.390  40.255
  closest atom surface    1.695   N6  DCD X    1
  2nd closest surface     1.696   O22 DCD X    1
  found on step  937
  no. of rejections          357
 stored as    20

 highest radius point found:
  at point   38.737  38.576  40.455
  closest atom surface    1.890   O22 DCD X    1
  2nd closest surface     1.891   H12 DCD X    1
  found on step  984
  this is also current point
  no. of rejections          374
 stored as    21

 highest radius point found:
  at point   36.741  44.623  40.655
  closest atom surface    4.744   H11 DCD X    1
  2nd closest surface     4.790   S1  DCD X    1
  found on step 1000
  this is also current point
  no. of rejections          254
 stored as    22

 highest radius point found:
  at point   33.068  53.254  40.855
  closest atom surface   12.675   H2  DCD X    1
  2nd closest surface    12.738   O7  DCD X    1
  found on step 1000
  this is also current point
  no. of rejections          256
 stored as    23

 highest radius point found:
  at point   30.200  61.678  41.055
  closest atom surface   20.786   H2  DCD X    1
  2nd closest surface    20.822   O7  DCD X    1
  found on step 1000
  this is also current point
  no. of rejections          255
 stored as    24

 highest radius point found:
  at point   26.269  73.137  41.255
  closest atom surface   32.463   H2  DCD X    1
  2nd closest surface    32.483   O7  DCD X    1
  found on step 1000
  this is also current point
  no. of rejections          260
 This is an end! (radius above  22.0 angs)
 highest radius point found:
  at point   38.524  35.644  36.055
  closest atom surface    1.553   C6  DCD X    1
  2nd closest surface     1.553   S4  DCD X    1
  found on step  971
  this is also current point
  no. of rejections          362
 stored as    -1

 highest radius point found:
  at point   38.690  35.727  35.855
  closest atom surface    1.644   H42 DCD X    1
  2nd closest surface     1.644   C6  DCD X    1
  found on step   61
 current point:
  at point   38.681  35.716  35.855
  closest atom surface    1.644   H42 DCD X    1
  2nd closest surface     1.646   S4  DCD X    1
  found on step  957
  no. of rejections          346
 stored as    -2

 highest radius point found:
  at point   38.684  35.722  35.655
  closest atom surface    1.701   S4  DCD X    1
  2nd closest surface     1.702   H10 DCD X    1
  found on step   76
 current point:
  at point   38.697  35.723  35.655
  closest atom surface    1.700   S4  DCD X    1
  2nd closest surface     1.702   S2  DCD X    1
  found on step  940
  no. of rejections          371
 stored as    -3

 highest radius point found:
  at point   38.638  35.688  35.455
  closest atom surface    1.732   S4  DCD X    1
  2nd closest surface     1.734   S2  DCD X    1
  found on step  911
  this is also current point
  no. of rejections          382
 stored as    -4

 highest radius point found:
  at point   38.569  35.653  35.255
  closest atom surface    1.774   S4  DCD X    1
  2nd closest surface     1.775   H10 DCD X    1
  found on step  681
 current point:
  at point   38.593  35.655  35.255
  closest atom surface    1.774   S4  DCD X    1
  2nd closest surface     1.775   S2  DCD X    1
  found on step  919
  no. of rejections          397
 stored as    -5

 highest radius point found:
  at point   40.579  35.700  35.055
  closest atom surface    2.027   S2  DCD X    1
  2nd closest surface     2.027   H42 DCD X    1
  found on step  947
  this is also current point
  no. of rejections          327
 stored as    -6

 highest radius point found:
  at point   40.481  35.570  34.855
  closest atom surface    2.133   C18 DCD X    1
  2nd closest surface     2.134   S2  DCD X    1
  found on step  972
  this is also current point
  no. of rejections          368
 stored as    -7

 highest radius point found:
  at point   40.405  35.537  34.655
  closest atom surface    2.171   S2  DCD X    1
  2nd closest surface     2.171   C27 DCD X    1
  found on step  817
 current point:
  at point   40.406  35.535  34.655
  closest atom surface    2.170   C27 DCD X    1
  2nd closest surface     2.171   S4  DCD X    1
  found on step  912
  no. of rejections          381
 stored as    -8

 highest radius point found:
  at point   40.324  35.502  34.455
  closest atom surface    2.217   S4  DCD X    1
  2nd closest surface     2.218   S2  DCD X    1
  found on step  994
  this is also current point
  no. of rejections          399
 stored as    -9

 highest radius point found:
  at point   40.254  35.466  34.255
  closest atom surface    2.276   C27 DCD X    1
  2nd closest surface     2.276   S4  DCD X    1
  found on step  890
 current point:
  at point   40.248  35.469  34.255
  closest atom surface    2.276   S2  DCD X    1
  2nd closest surface     2.276   S4  DCD X    1
  found on step  949
  no. of rejections          377
 stored as   -10

 highest radius point found:
  at point   40.170  35.435  34.055
  closest atom surface    2.343   S4  DCD X    1
  2nd closest surface     2.344   S2  DCD X    1
  found on step  783
 current point:
  at point   40.166  35.433  34.055
  closest atom surface    2.341   S4  DCD X    1
  2nd closest surface     2.344   S2  DCD X    1
  found on step  980
  no. of rejections          385
 stored as   -11

 highest radius point found:
  at point   40.098  35.402  33.855
  closest atom surface    2.422   S2  DCD X    1
  2nd closest surface     2.423   S4  DCD X    1
  found on step  995
  this is also current point
  no. of rejections          362
 stored as   -12

 highest radius point found:
  at point   40.025  35.365  33.655
  closest atom surface    2.508   S4  DCD X    1
  2nd closest surface     2.511   C27 DCD X    1
  found on step  565
 current point:
  at point   39.784  35.369  33.655
  closest atom surface    2.461   S4  DCD X    1
  2nd closest surface     2.462   S2  DCD X    1
  found on step  999
  no. of rejections          356
 stored as   -13

 highest radius point found:
  at point   39.949  35.334  33.455
  closest atom surface    2.605   S4  DCD X    1
  2nd closest surface     2.606   S2  DCD X    1
  found on step  991
  this is also current point
  no. of rejections          369
 stored as   -14

 highest radius point found:
  at point   39.871  35.300  33.255
  closest atom surface    2.708   S4  DCD X    1
  2nd closest surface     2.709   C26 DCD X    1
  found on step  968
  this is also current point
  no. of rejections          380
 stored as   -15

 highest radius point found:
  at point   39.749  35.271  33.055
  closest atom surface    2.805   C26 DCD X    1
  2nd closest surface     2.809   S2  DCD X    1
  found on step  344
 current point:
  at point   39.188  35.269  33.055
  closest atom surface    2.755   S4  DCD X    1
  2nd closest surface     2.760   S2  DCD X    1
  found on step  983
  no. of rejections          354
 stored as   -16

 highest radius point found:
  at point   39.611  35.235  32.855
  closest atom surface    2.923   S2  DCD X    1
  2nd closest surface     2.924   S4  DCD X    1
  found on step  979
  this is also current point
  no. of rejections          351
 stored as   -17

 highest radius point found:
  at point   39.484  35.202  32.655
  closest atom surface    3.045   S2  DCD X    1
  2nd closest surface     3.045   S4  DCD X    1
  found on step  918
  this is also current point
  no. of rejections          344
 stored as   -18

 highest radius point found:
  at point   39.349  35.168  32.455
  closest atom surface    3.174   S4  DCD X    1
  2nd closest surface     3.174   S2  DCD X    1
  found on step    7
 current point:
  at point   39.340  35.168  32.455
  closest atom surface    3.173   S4  DCD X    1
  2nd closest surface     3.174   S2  DCD X    1
  found on step  959
  no. of rejections          350
 stored as   -19

 highest radius point found:
  at point   38.697  35.139  32.255
  closest atom surface    3.314   O19 DCD X    1
  2nd closest surface     3.315   S4  DCD X    1
  found on step  887
  this is also current point
  no. of rejections          352
 stored as   -20

 highest radius point found:
  at point   39.103  35.118  32.055
  closest atom surface    3.443   S2  DCD X    1
  2nd closest surface     3.445   O19 DCD X    1
  found on step  908
  this is also current point
  no. of rejections          397
 stored as   -21

 highest radius point found:
  at point   39.040  35.186  31.855
  closest atom surface    3.516   O19 DCD X    1
  2nd closest surface     3.516   S2  DCD X    1
  found on step  943
  this is also current point
  no. of rejections          364
 stored as   -22

 highest radius point found:
  at point   38.963  35.257  31.655
  closest atom surface    3.594   O19 DCD X    1
  2nd closest surface     3.595   S2  DCD X    1
  found on step  906
  this is also current point
  no. of rejections          369
 stored as   -23

 highest radius point found:
  at point   38.888  35.329  31.455
  closest atom surface    3.681   S2  DCD X    1
  2nd closest surface     3.682   O19 DCD X    1
  found on step  899
  this is also current point
  no. of rejections          376
 stored as   -24

 highest radius point found:
  at point   36.606  35.927  31.255
  closest atom surface    3.937   O21 DCD X    1
  2nd closest surface     3.937   S2  DCD X    1
  found on step  929
  this is also current point
  no. of rejections          337
 stored as   -25

 highest radius point found:
  at point   36.575  35.952  31.055
  closest atom surface    4.077   S2  DCD X    1
  2nd closest surface     4.077   O15 DCD X    1
  found on step  994
  this is also current point
  no. of rejections          333
 stored as   -26

 highest radius point found:
  at point   36.534  35.982  30.855
  closest atom surface    4.222   S2  DCD X    1
  2nd closest surface     4.222   O21 DCD X    1
  found on step  966
  this is also current point
  no. of rejections          345
 stored as   -27

 highest radius point found:
  at point   36.493  36.014  30.655
  closest atom surface    4.369   S2  DCD X    1
  2nd closest surface     4.370   O21 DCD X    1
  found on step  562
 current point:
  at point   36.505  36.006  30.655
  closest atom surface    4.368   S2  DCD X    1
  2nd closest surface     4.370   O15 DCD X    1
  found on step  958
  no. of rejections          330
 stored as   -28

 highest radius point found:
  at point   36.421  36.078  30.455
  closest atom surface    4.515   S2  DCD X    1
  2nd closest surface     4.517   O21 DCD X    1
  found on step  863
 current point:
  at point   36.411  36.087  30.455
  closest atom surface    4.515   S2  DCD X    1
  2nd closest surface     4.515   O21 DCD X    1
  found on step  965
  no. of rejections          313
 stored as   -29

 highest radius point found:
  at point   36.320  36.164  30.255
  closest atom surface    4.664   O21 DCD X    1
  2nd closest surface     4.667   S2  DCD X    1
  found on step  260
 current point:
  at point   36.325  36.168  30.255
  closest atom surface    4.663   S2  DCD X    1
  2nd closest surface     4.668   O21 DCD X    1
  found on step  998
  no. of rejections          306
 stored as   -30

 highest radius point found:
  at point   36.252  36.224  30.055
  closest atom surface    4.820   O21 DCD X    1
  2nd closest surface     4.822   S2  DCD X    1
  found on step  480
 current point:
  at point   36.198  36.280  30.055
  closest atom surface    4.818   O21 DCD X    1
  2nd closest surface     4.818   S2  DCD X    1
  found on step  999
  no. of rejections          320
 stored as   -31

 highest radius point found:
  at point   36.151  36.318  29.855
  closest atom surface    4.979   O21 DCD X    1
  2nd closest surface     4.979   S2  DCD X    1
  found on step  555
 current point:
  at point   35.997  36.473  29.855
  closest atom surface    4.978   O21 DCD X    1
  2nd closest surface     4.978   S2  DCD X    1
  found on step  930
  no. of rejections          318
 stored as   -32

 highest radius point found:
  at point   35.880  36.583  29.655
  closest atom surface    5.144   S2  DCD X    1
  2nd closest surface     5.145   S1  DCD X    1
  found on step  378
 current point:
  at point   35.940  36.519  29.655
  closest atom surface    5.143   S2  DCD X    1
  2nd closest surface     5.144   O21 DCD X    1
  found on step  966
  no. of rejections          285
 stored as   -33

 highest radius point found:
  at point   35.819  36.627  29.455
  closest atom surface    5.314   S1  DCD X    1
  2nd closest surface     5.314   O21 DCD X    1
  found on step  943
  this is also current point
  no. of rejections          315
 stored as   -34

 highest radius point found:
  at point   35.770  36.665  29.255
  closest atom surface    5.485   O21 DCD X    1
  2nd closest surface     5.485   S1  DCD X    1
  found on step  999
  this is also current point
  no. of rejections          296
 stored as   -35

 highest radius point found:
  at point   35.717  36.705  29.055
  closest atom surface    5.658   O21 DCD X    1
  2nd closest surface     5.658   S1  DCD X    1
  found on step  874
 current point:
  at point   35.714  36.709  29.055
  closest atom surface    5.657   S1  DCD X    1
  2nd closest surface     5.658   O21 DCD X    1
  found on step  976
  no. of rejections          292
 stored as   -36

 highest radius point found:
  at point   35.677  36.738  28.855
  closest atom surface    5.833   O21 DCD X    1
  2nd closest surface     5.833   S1  DCD X    1
  found on step  975
  this is also current point
  no. of rejections          304
 stored as   -37

 highest radius point found:
  at point   35.630  36.776  28.655
  closest atom surface    6.009   S2  DCD X    1
  2nd closest surface     6.009   S1  DCD X    1
  found on step  946
  this is also current point
  no. of rejections          305
 stored as   -38

 highest radius point found:
  at point   35.635  36.758  28.455
  closest atom surface    6.182   O21 DCD X    1
  2nd closest surface     6.182   N1  DCD X    1
  found on step  916
  this is also current point
  no. of rejections          329
 stored as   -39

 highest radius point found:
  at point   35.650  36.804  28.255
  closest atom surface    6.332   O19 DCD X    1
  2nd closest surface     6.332   S2  DCD X    1
  found on step  944
  this is also current point
  no. of rejections          288
 stored as   -40

 highest radius point found:
  at point   35.660  36.853  28.055
  closest atom surface    6.482   N1  DCD X    1
  2nd closest surface     6.482   O19 DCD X    1
  found on step  873
 current point:
  at point   35.670  36.859  28.055
  closest atom surface    6.481   S2  DCD X    1
  2nd closest surface     6.484   N1  DCD X    1
  found on step  989
  no. of rejections          292
 stored as   -41

 highest radius point found:
  at point   35.674  36.905  27.855
  closest atom surface    6.635   N1  DCD X    1
  2nd closest surface     6.636   O19 DCD X    1
  found on step  988
  this is also current point
  no. of rejections          338
 stored as   -42

 highest radius point found:
  at point   35.694  36.959  27.655
  closest atom surface    6.792   S2  DCD X    1
  2nd closest surface     6.792   N1  DCD X    1
  found on step  993
  this is also current point
  no. of rejections          310
 stored as   -43

 highest radius point found:
  at point   35.647  36.976  27.455
  closest atom surface    6.937   N1  DCD X    1
  2nd closest surface     6.937   O19 DCD X    1
  found on step  965
  this is also current point
  no. of rejections          290
 stored as   -44

 highest radius point found:
  at point   35.571  36.978  27.255
  closest atom surface    7.077   O19 DCD X    1
  2nd closest surface     7.077   N1  DCD X    1
  found on step  854
 current point:
  at point   35.575  36.981  27.255
  closest atom surface    7.077   C24 DCD X    1
  2nd closest surface     7.078   N1  DCD X    1
  found on step  987
  no. of rejections          343
 stored as   -45

 highest radius point found:
  at point   35.495  36.983  27.055
  closest atom surface    7.220   C24 DCD X    1
  2nd closest surface     7.220   N1  DCD X    1
  found on step  996
  this is also current point
  no. of rejections          336
 stored as   -46

 highest radius point found:
  at point   35.416  36.986  26.855
  closest atom surface    7.365   C24 DCD X    1
  2nd closest surface     7.365   N1  DCD X    1
  found on step  997
  this is also current point
  no. of rejections          333
 stored as   -47

 highest radius point found:
  at point   35.331  36.980  26.655
  closest atom surface    7.514   N1  DCD X    1
  2nd closest surface     7.514   O19 DCD X    1
  found on step  974
  this is also current point
  no. of rejections          308
 stored as   -48

 highest radius point found:
  at point   35.254  36.983  26.455
  closest atom surface    7.665   N1  DCD X    1
  2nd closest surface     7.666   C24 DCD X    1
  found on step  949
  this is also current point
  no. of rejections          331
 stored as   -49

 highest radius point found:
  at point   35.158  36.979  26.255
  closest atom surface    7.815   N1  DCD X    1
  2nd closest surface     7.821   O19 DCD X    1
  found on step   13
 current point:
  at point   34.288  36.505  26.255
  closest atom surface    7.740   O19 DCD X    1
  2nd closest surface     7.741   N1  DCD X    1
  found on step  970
  no. of rejections          306
 stored as   -50

 highest radius point found:
  at point   35.093  36.986  26.055
  closest atom surface    7.973   N1  DCD X    1
  2nd closest surface     7.977   C24 DCD X    1
  found on step   80
 current point:
  at point   35.076  36.972  26.055
  closest atom surface    7.972   N1  DCD X    1
  2nd closest surface     7.973   O19 DCD X    1
  found on step  991
  no. of rejections          331
 stored as   -51

 highest radius point found:
  at point   34.963  36.979  25.855
  closest atom surface    8.119   N1  DCD X    1
  2nd closest surface     8.144   O19 DCD X    1
  found on step   95
 current point:
  at point   34.024  36.449  25.855
  closest atom surface    8.071   O19 DCD X    1
  2nd closest surface     8.071   N1  DCD X    1
  found on step  990
  no. of rejections          293
 stored as   -52

 highest radius point found:
  at point   34.931  36.982  25.655
  closest atom surface    8.292   N1  DCD X    1
  2nd closest surface     8.294   O19 DCD X    1
  found on step  928
  this is also current point
  no. of rejections          306
 stored as   -53

 highest radius point found:
  at point   34.854  36.985  25.455
  closest atom surface    8.454   N1  DCD X    1
  2nd closest surface     8.457   C24 DCD X    1
  found on step  962
  this is also current point
  no. of rejections          288
 stored as   -54

 highest radius point found:
  at point   32.600  35.811  25.255
  closest atom surface    8.701   O19 DCD X    1
  2nd closest surface     8.701   N1  DCD X    1
  found on step  934
  this is also current point
  no. of rejections          295
 stored as   -55

 highest radius point found:
  at point   32.528  35.816  25.055
  closest atom surface    8.880   N1  DCD X    1
  2nd closest surface     8.880   O1  DCD X    1
  found on step  963
  this is also current point
  no. of rejections          271
 stored as   -56

 highest radius point found:
  at point   32.450  35.810  24.855
  closest atom surface    9.059   O1  DCD X    1
  2nd closest surface     9.059   O19 DCD X    1
  found on step  957
  this is also current point
  no. of rejections          178
 stored as   -57

 highest radius point found:
  at point   32.369  35.839  24.655
  closest atom surface    9.237   O16 DCD X    1
  2nd closest surface     9.237   N1  DCD X    1
  found on step  948
  this is also current point
  no. of rejections          219
 stored as   -58

 highest radius point found:
  at point   32.268  35.868  24.455
  closest atom surface    9.411   N1  DCD X    1
  2nd closest surface     9.412   O16 DCD X    1
  found on step  965
  this is also current point
  no. of rejections          258
 stored as   -59

 highest radius point found:
  at point   32.142  35.891  24.255
  closest atom surface    9.588   O1  DCD X    1
  2nd closest surface     9.589   N1  DCD X    1
  found on step  950
  this is also current point
  no. of rejections          232
 stored as   -60

 highest radius point found:
  at point   32.039  35.920  24.055
  closest atom surface    9.767   N1  DCD X    1
  2nd closest surface     9.768   O1  DCD X    1
  found on step  876
 current point:
  at point   32.029  35.916  24.055
  closest atom surface    9.767   O1  DCD X    1
  2nd closest surface     9.769   N1  DCD X    1
  found on step  968
  no. of rejections          262
 stored as   -61

 highest radius point found:
  at point   26.865  36.346  23.855
  closest atom surface   10.283   H62 DCD X    1
  2nd closest surface    10.308   O1  DCD X    1
  found on step 1000
  this is also current point
  no. of rejections          135
 stored as   -62

 highest radius point found:
  at point   21.512  40.814  23.655
  closest atom surface   13.080   C52 DCD X    1
  2nd closest surface    13.114   C53 DCD X    1
  found on step 1000
  this is also current point
  no. of rejections          184
 stored as   -63

 highest radius point found:
  at point   15.405  45.804  23.455
  closest atom surface   18.310   C52 DCD X    1
  2nd closest surface    18.405   H61 DCD X    1
  found on step 1000
  this is also current point
  no. of rejections          222
 stored as   -64

 highest radius point found:
  at point    9.742  53.968  23.255
  closest atom surface   26.750   C52 DCD X    1
  2nd closest surface    26.768   H5  DCD X    1
  found on step  997
  this is also current point
  no. of rejections          213
 This is an end! (radius above  22.0 angs)
 
 N.b. Graph information routine (HOGRAP) differs 
        markedly from previous versions!
       Information now is written from -ve end
       to +ve in one pass
 
 Explanation of the meaning of each column: 
 First column "cenxyz.cvec" is the coordinate in the
   direction of the channel vector i.e. if the channel
   vector is in z (0 0 1) then it is the z coordinate.
 The second column "radius" is the hole pore radius 
   (as defined in the Biophys J 1993) article).
 The third column "cen_line_D" is the distance 
   measured along the pore centre line - with the 
   first point found set to zero. This was the first
   thing that I used to measure the distance along a pore
   but "cenxyz.cvec" is a much better general measure. 
   However, by comparing changes in this distance to changes in '   "cenxyz.cvec" one can get a measure of how straight a 
   channel is.
 The fourth column "sum{s/(area)}" is useful in conductance
   prediction -
   basically it is the sum of the thickness of each slab
   divided by its area. HOLE uses this measure to estimate
   the macroscopic conductance of a channel.
 If any of this worries you one can see the "raw" results
   of a standard hole run by producing a sphpdb file and 
    directly looking at the results.
 cenxyz.cvec      radius  cen_line_D sum{s/(area point sourc
    23.45457    18.30956   -40.65073     0.00009   (sampled)
    23.55457    15.44430   -36.70637     0.00023 (mid-point)
    23.65457    13.07962   -32.76201     0.00041   (sampled)
    23.75457    11.34936   -29.27430     0.00066 (mid-point)
    23.85457    10.28298   -25.78659     0.00096   (sampled)
    23.95457     9.74895   -23.18865     0.00130 (mid-point)
    24.05457     9.76707   -20.59072     0.00163   (sampled)
    24.15457     9.67800   -20.47728     0.00197 (mid-point)
    24.25457     9.58850   -20.36383     0.00232   (sampled)
    24.35457     9.50010   -20.24511     0.00267 (mid-point)
    24.45457     9.41139   -20.12639     0.00303   (sampled)
    24.55457     9.32417   -20.01356     0.00340 (mid-point)
    24.65457     9.23740   -19.90073     0.00377   (sampled)
    24.75457     9.14844   -19.79177     0.00415 (mid-point)
    24.85457     9.05933   -19.68280     0.00454   (sampled)
    24.95457     8.96971   -19.57545     0.00493 (mid-point)
    25.05457     8.88015   -19.46810     0.00534   (sampled)
    25.15457     8.79026   -19.36176     0.00575 (mid-point)
    25.25457     8.70063   -19.25541     0.00617   (sampled)
    25.35457     8.49910   -17.98114     0.00661 (mid-point)
    25.45457     8.45387   -16.70686     0.00705   (sampled)
    25.55457     8.37269   -16.59952     0.00751 (mid-point)
    25.65457     8.29201   -16.49219     0.00797   (sampled)
    25.75457     8.20523   -16.39097     0.00844 (mid-point)
    25.85457     8.11872   -16.28976     0.00893   (sampled)
    25.95457     8.04533   -16.17036     0.00942 (mid-point)
    26.05457     7.97285   -16.05096     0.00992   (sampled)
    26.15457     7.89346   -15.94575     0.01043 (mid-point)
    26.25457     7.81456   -15.84054     0.01095   (sampled)
    26.35457     7.73947   -15.72954     0.01148 (mid-point)
    26.45457     7.66508   -15.61853     0.01202   (sampled)
    26.55457     7.58921   -15.51142     0.01258 (mid-point)
    26.65457     7.51395   -15.40431     0.01314   (sampled)
    26.75457     7.43919   -15.29563     0.01372 (mid-point)
    26.85457     7.36493   -15.18695     0.01430   (sampled)
    26.95457     7.29215   -15.07942     0.01490 (mid-point)
    27.05457     7.22007   -14.97189     0.01551   (sampled)
    27.15457     7.14846   -14.86487     0.01614 (mid-point)
    27.25457     7.07708   -14.75784     0.01677   (sampled)
    27.35457     7.00662   -14.65089     0.01742 (mid-point)
    27.45457     6.93657   -14.54393     0.01808   (sampled)
    27.55457     6.86412   -14.44078     0.01876 (mid-point)
    27.65457     6.79218   -14.33764     0.01945   (sampled)
    27.75457     6.71355   -14.23346     0.02015 (mid-point)
    27.85457     6.63536   -14.12928     0.02088   (sampled)
    27.95457     6.55851   -14.02582     0.02162 (mid-point)
    28.05457     6.48224   -13.92237     0.02237   (sampled)
    28.15457     6.40683   -13.81929     0.02315 (mid-point)
    28.25457     6.33190   -13.71621     0.02394   (sampled)
    28.35457     6.25709   -13.61327     0.02476 (mid-point)
    28.45457     6.18180   -13.51032     0.02559   (sampled)
    28.55457     6.09559   -13.40985     0.02645 (mid-point)
    28.65457     6.00917   -13.30938     0.02733   (sampled)
    28.75457     5.92123   -13.20485     0.02823 (mid-point)
    28.85457     5.83290   -13.10033     0.02917   (sampled)
    28.95457     5.74508   -12.99706     0.03013 (mid-point)
    29.05457     5.65766   -12.89380     0.03113   (sampled)
    29.15457     5.57093   -12.78843     0.03215 (mid-point)
    29.25457     5.48469   -12.68306     0.03321   (sampled)
    29.35457     5.39921   -12.57835     0.03430 (mid-point)
    29.45457     5.31384   -12.47364     0.03543   (sampled)
    29.55457     5.22932   -12.36677     0.03660 (mid-point)
    29.65457     5.14427   -12.25990     0.03780   (sampled)
    29.75457     5.05902   -12.04582     0.03904 (mid-point)
    29.85457     4.97908   -11.83174     0.04033   (sampled)
    29.95457     4.89899   -11.71020     0.04165 (mid-point)
    30.05457     4.82019   -11.58867     0.04302   (sampled)
    30.15457     4.74138   -11.47895     0.04444 (mid-point)
    30.25457     4.66350   -11.36924     0.04590   (sampled)
    30.35457     4.58958   -11.24921     0.04741 (mid-point)
    30.45457     4.51534   -11.12917     0.04897   (sampled)
    30.55457     4.44179   -11.01814     0.05059 (mid-point)
    30.65457     4.36932   -10.90711     0.05226   (sampled)
    30.75457     4.29528   -10.80381     0.05398 (mid-point)
    30.85457     4.22208   -10.70051     0.05577   (sampled)
    30.95457     4.14913   -10.59730     0.05762 (mid-point)
    31.05457     4.07706   -10.49408     0.05953   (sampled)
    31.15457     4.00676   -10.39215     0.06151 (mid-point)
    31.25457     3.93654   -10.29022     0.06357   (sampled)
    31.35457     3.68853    -9.10643     0.06591 (mid-point)
    31.45457     3.68058    -7.92263     0.06826   (sampled)
    31.55457     3.63681    -7.80975     0.07066 (mid-point)
    31.65457     3.59440    -7.69686     0.07313   (sampled)
    31.75457     3.55432    -7.58402     0.07565 (mid-point)
    31.85457     3.51639    -7.47118     0.07822   (sampled)
    31.95457     3.47887    -7.36097     0.08085 (mid-point)
    32.05457     3.44332    -7.25076     0.08354   (sampled)
    32.15457     3.37485    -7.02402     0.08633 (mid-point)
    32.25457     3.31418    -6.79727     0.08923   (sampled)
    32.35457     3.23358    -6.45563     0.09227 (mid-point)
    32.45457     3.17392    -6.11398     0.09543   (sampled)
    32.55457     3.10823    -5.99222     0.09873 (mid-point)
    32.65457     3.04452    -5.87046     0.10216   (sampled)
    32.75457     2.98261    -5.75096     0.10574 (mid-point)
    32.85457     2.92283    -5.63146     0.10947   (sampled)
    32.95457     2.86490    -5.50841     0.11334 (mid-point)
    33.05457     2.80489    -5.38537     0.11739   (sampled)
    33.15457     2.75579    -5.26740     0.12158 (mid-point)
    33.25457     2.70850    -5.14943     0.12592   (sampled)
    33.35457     2.65600    -5.04084     0.13043 (mid-point)
    33.45457     2.60546    -4.93225     0.13512   (sampled)
    33.55457     2.55580    -4.82414     0.13999 (mid-point)
    33.65457     2.50818    -4.71603     0.14505   (sampled)
    33.75457     2.46435    -4.60793     0.15030 (mid-point)
    33.85457     2.42238    -4.49982     0.15572   (sampled)
    33.95457     2.38186    -4.39229     0.16133 (mid-point)
    34.05457     2.34333    -4.28475     0.16713   (sampled)
    34.15457     2.30821    -4.17506     0.17310 (mid-point)
    34.25457     2.27559    -4.06537     0.17925   (sampled)
    34.35457     2.24489    -3.95800     0.18557 (mid-point)
    34.45457     2.21667    -3.85064     0.19204   (sampled)
    34.55457     2.19265    -3.74130     0.19866 (mid-point)
    34.65457     2.17051    -3.63197     0.20542   (sampled)
    34.75457     2.15069    -3.52381     0.21230 (mid-point)
    34.85457     2.13275    -3.41565     0.21930   (sampled)
    34.95457     2.07870    -3.28670     0.22667 (mid-point)
    35.05457     2.02718    -3.15776     0.23441   (sampled)
    35.15457     1.77283    -2.14761     0.24454 (mid-point)
    35.25457     1.77425    -1.13747     0.25465   (sampled)
    35.35457     1.75149    -1.03015     0.26503 (mid-point)
    35.45457     1.73169    -0.92283     0.27564   (sampled)
    35.55457     1.71469    -0.81885     0.28647 (mid-point)
    35.65457     1.70054    -0.71488     0.29748   (sampled)
    35.75457     1.67576    -0.61480     0.30881 (mid-point)
    35.85457     1.64430    -0.51473     0.32058   (sampled)
    35.95457     1.59618    -0.37842     0.33308 (mid-point)
    36.05457     1.55282    -0.24211     0.34628   (sampled)
    36.15457     1.51489    -0.12106     0.36015 (mid-point)
    36.25457     1.48093    -0.00000     0.37466   (sampled)
    36.35457     1.45268     0.12972     0.38975 (mid-point)
    36.45457     1.42761     0.25943     0.40537   (sampled)
    36.55457     1.41009     0.37678     0.42137 (mid-point)
    36.65457     1.39637     0.49412     0.43770   (sampled)
    36.75457     1.38625     0.61213     0.45426 (mid-point)
    36.85457     1.38006     0.73015     0.47098   (sampled)
    36.95457     1.37656     0.84092     0.48777 (mid-point)
    37.05457     1.37561     0.95169     0.50460   (sampled)
    37.15457     1.35742     1.05464     0.52187 (mid-point)
    37.25457     1.34245     1.15758     0.53953   (sampled)
    37.35457     1.32858     1.26156     0.55757 (mid-point)
    37.45457     1.31807     1.36553     0.57589   (sampled)
    37.55457     1.30649     1.47060     0.59454 (mid-point)
    37.65457     1.29837     1.57567     0.61342   (sampled)
    37.75457     1.29315     1.68065     0.63245 (mid-point)
    37.85457     1.29130     1.78563     0.65154   (sampled)
    37.95457     1.29363     1.89037     0.67056 (mid-point)
    38.05457     1.29945     1.99512     0.68941   (sampled)
    38.15457     1.30671     2.10053     0.70806 (mid-point)
    38.25457     1.31745     2.20594     0.72640   (sampled)
    38.35457     1.33516     2.31020     0.74425 (mid-point)
    38.45457     1.35512     2.41446     0.76159   (sampled)
    38.55457     1.35687     2.56536     0.77887 (mid-point)
    38.65457     1.36364     2.71625     0.79599   (sampled)
    38.75457     1.37516     2.87179     0.81282 (mid-point)
    38.85457     1.39410     3.02733     0.82920   (sampled)
    38.95457     1.41305     3.15680     0.84514 (mid-point)
    39.05457     1.43529     3.28628     0.86060   (sampled)
    39.15457     1.46331     3.41222     0.87546 (mid-point)
    39.25457     1.49738     3.53816     0.88966   (sampled)
    39.35457     1.53567     3.66972     0.90316 (mid-point)
    39.45457     1.57958     3.80127     0.91591   (sampled)
    39.55457     1.60595     3.94334     0.92826 (mid-point)
    39.65457     1.63513     4.08541     0.94016   (sampled)
    39.75457     1.63925     4.31686     0.95201 (mid-point)
    39.85457     1.65866     4.54831     0.96358   (sampled)
    39.95457     1.66302     5.02452     0.97509 (mid-point)
    40.05457     1.73542     5.50072     0.98565   (sampled)
    40.15457     1.75556     5.64382     0.99598 (mid-point)
    40.25457     1.78155     5.78692     1.00601   (sampled)
    40.35457     1.83158     5.97021     1.01550 (mid-point)
    40.45457     1.89040     6.15351     1.02441   (sampled)
    40.55457     2.64627     9.33937     1.02895 (mid-point)
    40.65457     4.74410    12.52522     1.03037   (sampled)
    40.75457     8.60599    17.21635     1.03080 (mid-point)
    40.85457    12.67526    21.90749     1.03100   (sampled)
    40.95457    16.63548    26.35772     1.03111 (mid-point)
    41.05457    20.78570    30.80795     1.03118   (sampled)

 Minimum radius found:      1.291 angstroms.



 For spherical probe approach, The geometric factor
         F= sum(ds/area) along channel is    1.031 angstroms**-1
 This yields a macroscopic predicted molar conductance of:
   (1/rho)*(100/F)= (97/rho) pS,
   where rho is the conductivity of 1M permeant ion in ohm m.
 N.B. this is a macroscopic conductance - an overestimate 
 Empirically corrected conductances currently only available
 With the CAPSULE option (although its not that stable!)
 For 1M KCl rho= 1/12 (ohm m), So Gmacro= 1200 pS/M.
  (TAG      1   Rmin=     1.29130   Gmacro=  1163.71071 Conn_Gmacro=    -1.00000 ).
 HOLE: normal completion
