 *** Program HOLE ***
 
 If results of this run are reported or published, please
 cite the publication listed below.
 For the HOLE program:
   Smart, O.S., Goodfellow, J.M., Wallace, B.A. (1993). 
   The pore dimensions of gramicidin A. 
   Biophys. J., 65, 2455-2460.
 
 Originally written by Oliver Smart at Birkbeck College from April 1992.
 Copyright 1993-2005 Oliver Smart
 Copyright 2014-2015 SmartSci Limited.
 Copyright 2016 Oliver Smart.
 
 For help on HOLE suite see  http://www.holeprogram.org/
 
 HOLE release 2.2.005 (07 August 2016) 
 
 usage subject to Apache License, Version 2.0 
 see http://www.apache.org/licenses/LICENSE-2.0 

 Control variables read:

! Input file for Oliver Smart's HOLE program
! written by MDAnalysis.analysis.hole2.HoleAnalysis
! for a Universe
! u = mda.Universe(/afs/crc.nd.edu/user/m/mfarshad/Private/ML-new/traj/host-133/
!    /afs/crc.nd.edu/user/m/mfarshad/Private/ML-new/traj/host-133/host_133.trr
!   )
! Frame 3

COORD  /tmp/2550092.1.long/tmp5dyqf4dd.pdb
RADIUS simple2.rad
SPHPDB hole003.sph
SAMPLE 0.200000
ENDRAD 22.000000
IGNORE SOL WAT TIP HOH K   NA  CL
SHORTO 0
RASEED 31415
CPOINT 49.0345299708 51.1313469379 49.9782320741


 WARNING have not found a CVECT record - will try to guess
 Input pdb filename read as:    '/tmp/2550092.1.long/tmp5dyqf4dd.pdb'
 Input vdW radius file read as: 'simple2.rad'
 point in channel:   49.035  51.131  49.978
 channel vector:   ************************
 sampling distance between planes:    0.200

 graphics conditions:
 binary plot output file name: NONE
 Dot density:    10
 Draw dots?           T
 Draw close contacts? F
 Draw centre line?    T
 Produce spikes rather than dots? F
 Seed for random number generator:     31415 (0 means value set by program)
 Radius above which a result is regarded as an 'end':  22.000
 Pdb format file for sphere centres: hole003.sph

 Monte Carlo conditions:
  no of steps:  1000
  maximum displacement   0.100 angs
  'kT' initial   0.100 angs
 The spherebox and capsule options are turned off.
 (No molqpt card so will not write qpt file of the molecule)
 IGNORE card read so will ignore residue types: SOL WAT TIP HOH K   NA  CL
 no SHORTO card read so will produce full textual output
 As no PEGRAT card was found will not produce PEG polymer exclusion graph
 (No 2DMAPS card specified so will not produce 2D property maps)
 Have not found a CUT card.  Normal calculation using
   Cutoff lists with a cutsize=       1.000
   (if you wish to turn off option use a CUT -1 card)

 Have read     7 bond radius records and
              16 vdW radius records.
 From file: simple2.rad

 Have read   154 atom records.
 From file: /tmp/2550092.1.long/tmp5dyqf4dd.pdb
 Will not produce graphical output

 Have opened file for pdb format output of sphere centres:  hole003.sph

  Seed integer used by ran # generator on this run      31415

 
 S/R cguess will try to guess CPOINT and/or CVECT
 
 THESE GUESSES MAY WELL BE WRONG!!!!
 Routine relies on having a reasonably symmetric
 channel oriented along x, y or z vector
 YOU ARE STRONGLY ADVISED TO CHECK THE RESULTS
                       WITH MOLECULAR GRAPHICS
 testing points from cpoint in X, Y then Z direction
   point                   pore radius
direction     1
  44.035  51.131  49.978    -0.263
  45.035  51.131  49.978    -0.772
  46.035  51.131  49.978    -0.702
  47.035  51.131  49.978    -0.200
  48.035  51.131  49.978     0.762
  49.035  51.131  49.978     0.473
  50.035  51.131  49.978    -0.497
  51.035  51.131  49.978    -1.256
  52.035  51.131  49.978    -0.660
  53.035  51.131  49.978    -0.298
  54.035  51.131  49.978     0.469
 Average pore radius along the line=     -0.268
direction     2
  49.035  46.131  49.978     1.887
  49.035  47.131  49.978     1.445
  49.035  48.131  49.978     1.274
  49.035  49.131  49.978     1.009
  49.035  50.131  49.978     0.538
  49.035  51.131  49.978     0.473
  49.035  52.131  49.978     0.844
  49.035  53.131  49.978     0.713
  49.035  54.131  49.978     0.754
  49.035  55.131  49.978     1.108
  49.035  56.131  49.978     1.354
 Average pore radius along the line=      1.036
direction     3
  49.035  51.131  44.978    -1.235
  49.035  51.131  45.978    -0.452
  49.035  51.131  46.978    -0.428
  49.035  51.131  47.978    -0.185
  49.035  51.131  48.978     0.400
  49.035  51.131  49.978     0.473
  49.035  51.131  50.978     0.755
  49.035  51.131  51.978     0.239
  49.035  51.131  52.978     0.002
  49.035  51.131  53.978    -0.721
  49.035  51.131  54.978    -0.791
 Average pore radius along the line=     -0.177
 Best direction is found to be     2
(1=X,2=Y,3=Z)
 s/r cguess has produced initial values for cpoint &/or cvect:
CPOINT      49.0345     51.1313     49.9782
CVECT        0.0000      1.0000      0.0000
 THESE GUESSES MAY WELL BE WRONG!!!!
 Routine relies on having a reasonably symmetric
 channel oriented along x, y or z vector
 YOU ARE STRONGLY ADVISED TO CHECK THE RESULTS
                       WITH MOLECULAR GRAPHICS
 
 
  Some routines (e.g. conn) need vectors normal to cvect: 
     EAST Zero degrees angle is along vector    1.000   0.000   0.000
     NORTH  90 degrees angle is along vector    0.000   0.000   1.000
 highest radius point found:
  at point   48.336  51.131  49.521
  closest atom surface    1.177   O7  133 X    1
  2nd closest surface     1.177   H84 133 X    1
  found on step  733
 current point:
  at point   48.339  51.131  49.519
  closest atom surface    1.174   O7  133 X    1
  2nd closest surface     1.178   H78 133 X    1
  found on step  963
  no. of rejections          413
 stored as     0

 highest radius point found:
  at point   48.342  51.331  49.474
  closest atom surface    1.204   H84 133 X    1
  2nd closest surface     1.205   H78 133 X    1
  found on step  967
  this is also current point
  no. of rejections          386
 stored as     1

 highest radius point found:
  at point   48.351  51.531  49.434
  closest atom surface    1.249   H78 133 X    1
  2nd closest surface     1.250   H84 133 X    1
  found on step  978
  this is also current point
  no. of rejections          423
 stored as     2

 highest radius point found:
  at point   48.355  51.731  49.389
  closest atom surface    1.310   H84 133 X    1
  2nd closest surface     1.311   H78 133 X    1
  found on step  933
  this is also current point
  no. of rejections          394
 stored as     3

 highest radius point found:
  at point   48.295  51.931  49.258
  closest atom surface    1.369   H84 133 X    1
  2nd closest surface     1.369   H60 133 X    1
  found on step  966
  this is also current point
  no. of rejections          396
 stored as     4

 highest radius point found:
  at point   48.105  52.131  49.029
  closest atom surface    1.399   H60 133 X    1
  2nd closest surface     1.399   H84 133 X    1
  found on step  357
 current point:
  at point   48.366  52.131  49.584
  closest atom surface    1.364   C51 133 X    1
  2nd closest surface     1.365   H60 133 X    1
  found on step  898
  no. of rejections          390
 stored as     5

 highest radius point found:
  at point   48.051  52.331  49.037
  closest atom surface    1.393   H57 133 X    1
  2nd closest surface     1.393   H60 133 X    1
  found on step  633
 current point:
  at point   48.151  52.331  49.264
  closest atom surface    1.356   C51 133 X    1
  2nd closest surface     1.365   H60 133 X    1
  found on step  996
  no. of rejections          393
 stored as     6

 highest radius point found:
  at point   48.008  52.531  49.059
  closest atom surface    1.397   C51 133 X    1
  2nd closest surface     1.398   H60 133 X    1
  found on step  977
  this is also current point
  no. of rejections          376
 stored as     7

 highest radius point found:
  at point   47.959  52.731  49.059
  closest atom surface    1.421   C51 133 X    1
  2nd closest surface     1.422   H60 133 X    1
  found on step  995
  this is also current point
  no. of rejections          359
 stored as     8

 highest radius point found:
  at point   47.911  52.931  49.062
  closest atom surface    1.458   C51 133 X    1
  2nd closest surface     1.460   H57 133 X    1
  found on step  993
  this is also current point
  no. of rejections          372
 stored as     9

 highest radius point found:
  at point   47.875  53.131  49.054
  closest atom surface    1.497   C52 133 X    1
  2nd closest surface     1.498   H57 133 X    1
  found on step  800
 current point:
  at point   47.885  53.131  49.062
  closest atom surface    1.496   C52 133 X    1
  2nd closest surface     1.496   H60 133 X    1
  found on step  960
  no. of rejections          389
 stored as    10

 highest radius point found:
  at point   47.850  53.331  49.035
  closest atom surface    1.539   H57 133 X    1
  2nd closest surface     1.539   C52 133 X    1
  found on step  989
  this is also current point
  no. of rejections          387
 stored as    11

 highest radius point found:
  at point   47.834  53.531  49.019
  closest atom surface    1.595   C52 133 X    1
  2nd closest surface     1.596   H57 133 X    1
  found on step  851
 current point:
  at point   47.833  53.531  49.019
  closest atom surface    1.595   C52 133 X    1
  2nd closest surface     1.596   H57 133 X    1
  found on step  875
  no. of rejections          393
 stored as    12

 highest radius point found:
  at point   47.829  53.731  48.990
  closest atom surface    1.653   H57 133 X    1
  2nd closest surface     1.653   H60 133 X    1
  found on step  778
 current point:
  at point   47.826  53.731  48.991
  closest atom surface    1.652   H86 133 X    1
  2nd closest surface     1.654   H57 133 X    1
  found on step  985
  no. of rejections          374
 stored as    13

 highest radius point found:
  at point   47.828  53.931  48.951
  closest atom surface    1.714   H57 133 X    1
  2nd closest surface     1.716   H60 133 X    1
  found on step  252
 current point:
  at point   47.411  53.931  48.784
  closest atom surface    1.706   H57 133 X    1
  2nd closest surface     1.707   H86 133 X    1
  found on step  953
  no. of rejections          377
 stored as    14

 highest radius point found:
  at point   47.820  54.131  48.914
  closest atom surface    1.792   H57 133 X    1
  2nd closest surface     1.794   H86 133 X    1
  found on step  639
 current point:
  at point   47.363  54.131  48.729
  closest atom surface    1.790   H57 133 X    1
  2nd closest surface     1.790   H86 133 X    1
  found on step  980
  no. of rejections          372
 stored as    15

 highest radius point found:
  at point   47.317  54.331  48.671
  closest atom surface    1.884   H57 133 X    1
  2nd closest surface     1.886   O8  133 X    1
  found on step  619
 current point:
  at point   47.332  54.331  48.679
  closest atom surface    1.884   H57 133 X    1
  2nd closest surface     1.886   H86 133 X    1
  found on step  953
  no. of rejections          348
 stored as    16

 highest radius point found:
  at point   47.287  54.531  48.626
  closest atom surface    1.992   H86 133 X    1
  2nd closest surface     1.993   H57 133 X    1
  found on step  972
  this is also current point
  no. of rejections          363
 stored as    17

 highest radius point found:
  at point   47.255  54.731  48.576
  closest atom surface    2.109   H57 133 X    1
  2nd closest surface     2.110   H86 133 X    1
  found on step  842
 current point:
  at point   47.248  54.731  48.570
  closest atom surface    2.108   H57 133 X    1
  2nd closest surface     2.111   O8  133 X    1
  found on step  986
  no. of rejections          370
 stored as    18

 highest radius point found:
  at point   47.212  54.931  48.536
  closest atom surface    2.224   C34 133 X    1
  2nd closest surface     2.227   H86 133 X    1
  found on step  897
  this is also current point
  no. of rejections          387
 stored as    19

 highest radius point found:
  at point   47.167  55.131  48.502
  closest atom surface    2.345   C34 133 X    1
  2nd closest surface     2.346   H58 133 X    1
  found on step  932
  this is also current point
  no. of rejections          358
 stored as    20

 highest radius point found:
  at point   47.079  55.331  48.498
  closest atom surface    2.436   H58 133 X    1
  2nd closest surface     2.437   O8  133 X    1
  found on step  986
  this is also current point
  no. of rejections          356
 stored as    21

 highest radius point found:
  at point   47.009  55.531  48.509
  closest atom surface    2.540   O8  133 X    1
  2nd closest surface     2.541   H86 133 X    1
  found on step  958
  this is also current point
  no. of rejections          328
 stored as    22

 highest radius point found:
  at point   46.932  55.731  48.511
  closest atom surface    2.652   H58 133 X    1
  2nd closest surface     2.652   O8  133 X    1
  found on step  966
  this is also current point
  no. of rejections          336
 stored as    23

 highest radius point found:
  at point   46.853  55.931  48.512
  closest atom surface    2.770   O8  133 X    1
  2nd closest surface     2.772   H58 133 X    1
  found on step  978
  this is also current point
  no. of rejections          345
 stored as    24

 highest radius point found:
  at point   46.788  56.131  48.526
  closest atom surface    2.898   O8  133 X    1
  2nd closest surface     2.900   H86 133 X    1
  found on step  968
  this is also current point
  no. of rejections          330
 stored as    25

 highest radius point found:
  at point   43.286  56.331  44.957
  closest atom surface    4.823   O3  133 X    1
  2nd closest surface     4.846   H58 133 X    1
  found on step  998
  this is also current point
  no. of rejections          265
 stored as    26

 highest radius point found:
  at point   36.352  56.531  37.499
  closest atom surface   12.464   C23 133 X    1
  2nd closest surface    12.465   H36 133 X    1
  found on step  999
  this is also current point
  no. of rejections          236
 stored as    27

 highest radius point found:
  at point   27.121  56.731  35.056
  closest atom surface   20.496   O3  133 X    1
  2nd closest surface    20.517   H36 133 X    1
  found on step  999
  this is also current point
  no. of rejections          253
 stored as    28

 highest radius point found:
  at point   20.684  56.931  28.987
  closest atom surface   28.450   H39 133 X    1
  2nd closest surface    28.641   C24 133 X    1
  found on step 1000
  this is also current point
  no. of rejections          255
 This is an end! (radius above  22.0 angs)
 highest radius point found:
  at point   48.322  50.931  49.553
  closest atom surface    1.167   H84 133 X    1
  2nd closest surface     1.169   O7  133 X    1
  found on step  131
 current point:
  at point   48.322  50.931  49.548
  closest atom surface    1.166   H78 133 X    1
  2nd closest surface     1.169   H84 133 X    1
  found on step  946
  no. of rejections          414
 stored as    -1

 highest radius point found:
  at point   48.310  50.731  49.594
  closest atom surface    1.173   O7  133 X    1
  2nd closest surface     1.174   H84 133 X    1
  found on step  960
  this is also current point
  no. of rejections          376
 stored as    -2

 highest radius point found:
  at point   48.287  50.531  49.607
  closest atom surface    1.200   H84 133 X    1
  2nd closest surface     1.201   H78 133 X    1
  found on step  941
  this is also current point
  no. of rejections          349
 stored as    -3

 highest radius point found:
  at point   48.278  50.331  49.659
  closest atom surface    1.234   O7  133 X    1
  2nd closest surface     1.243   H84 133 X    1
  found on step   23
 current point:
  at point   48.299  50.331  49.894
  closest atom surface    1.207   H84 133 X    1
  2nd closest surface     1.208   O7  133 X    1
  found on step  955
  no. of rejections          377
 stored as    -4

 highest radius point found:
  at point   48.272  50.131  49.880
  closest atom surface    1.271   O7  133 X    1
  2nd closest surface     1.272   H84 133 X    1
  found on step  968
  this is also current point
  no. of rejections          378
 stored as    -5

 highest radius point found:
  at point   48.365  49.931  49.905
  closest atom surface    1.230   H26 133 X    1
  2nd closest surface     1.232   H47 133 X    1
  found on step  904
  this is also current point
  no. of rejections          404
 stored as    -6

 highest radius point found:
  at point   48.468  49.731  49.934
  closest atom surface    1.202   H47 133 X    1
  2nd closest surface     1.203   O7  133 X    1
  found on step  975
  this is also current point
  no. of rejections          395
 stored as    -7

 highest radius point found:
  at point   48.566  49.531  49.965
  closest atom surface    1.194   O7  133 X    1
  2nd closest surface     1.194   H26 133 X    1
  found on step  934
  this is also current point
  no. of rejections          390
 stored as    -8

 highest radius point found:
  at point   48.658  49.331  49.992
  closest atom surface    1.206   H47 133 X    1
  2nd closest surface     1.206   H26 133 X    1
  found on step  645
 current point:
  at point   48.664  49.331  50.005
  closest atom surface    1.202   H26 133 X    1
  2nd closest surface     1.205   O7  133 X    1
  found on step  929
  no. of rejections          393
 stored as    -9

 highest radius point found:
  at point   48.750  49.131  50.020
  closest atom surface    1.239   H47 133 X    1
  2nd closest surface     1.240   H26 133 X    1
  found on step   86
 current point:
  at point   48.755  49.131  50.029
  closest atom surface    1.237   O7  133 X    1
  2nd closest surface     1.238   H26 133 X    1
  found on step  975
  no. of rejections          401
 stored as   -10

 highest radius point found:
  at point   48.838  48.931  50.052
  closest atom surface    1.287   H75 133 X    1
  2nd closest surface     1.288   H26 133 X    1
  found on step  791
 current point:
  at point   48.837  48.931  50.056
  closest atom surface    1.286   H26 133 X    1
  2nd closest surface     1.287   H75 133 X    1
  found on step  978
  no. of rejections          406
 stored as   -11

 highest radius point found:
  at point   48.885  48.731  50.070
  closest atom surface    1.331   H75 133 X    1
  2nd closest surface     1.332   H26 133 X    1
  found on step  819
 current point:
  at point   48.888  48.731  50.080
  closest atom surface    1.329   H75 133 X    1
  2nd closest surface     1.329   H26 133 X    1
  found on step  983
  no. of rejections          377
 stored as   -12

 highest radius point found:
  at point   48.944  48.531  50.126
  closest atom surface    1.381   H26 133 X    1
  2nd closest surface     1.384   C28 133 X    1
  found on step  546
 current point:
  at point   49.043  48.531  50.408
  closest atom surface    1.330   H26 133 X    1
  2nd closest surface     1.332   H75 133 X    1
  found on step  962
  no. of rejections          391
 stored as   -13

 highest radius point found:
  at point   49.010  48.331  50.185
  closest atom surface    1.450   C28 133 X    1
  2nd closest surface     1.451   H75 133 X    1
  found on step  995
  this is also current point
  no. of rejections          374
 stored as   -14

 highest radius point found:
  at point   51.701  48.131  54.652
  closest atom surface    2.801   C42 133 X    1
  2nd closest surface     2.969   H22 133 X    1
  found on step 1000
  this is also current point
  no. of rejections          318
 stored as   -15

 highest radius point found:
  at point   53.512  47.931  61.880
  closest atom surface    6.394   C3  133 X    1
  2nd closest surface     6.448   H6  133 X    1
  found on step  998
  this is also current point
  no. of rejections          218
 stored as   -16

 highest radius point found:
  at point   51.959  47.731  69.630
  closest atom surface   11.824   H3  133 X    1
  2nd closest surface    11.985   C1  133 X    1
  found on step  998
  this is also current point
  no. of rejections          183
 stored as   -17

 highest radius point found:
  at point   47.946  47.531  80.313
  closest atom surface   22.150   H3  133 X    1
  2nd closest surface    22.386   C1  133 X    1
  found on step  999
  this is also current point
  no. of rejections          231
 This is an end! (radius above  22.0 angs)
 
 N.b. Graph information routine (HOGRAP) differs 
        markedly from previous versions!
       Information now is written from -ve end
       to +ve in one pass
 
 Explanation of the meaning of each column: 
 First column "cenxyz.cvec" is the coordinate in the
   direction of the channel vector i.e. if the channel
   vector is in z (0 0 1) then it is the z coordinate.
 The second column "radius" is the hole pore radius 
   (as defined in the Biophys J 1993) article).
 The third column "cen_line_D" is the distance 
   measured along the pore centre line - with the 
   first point found set to zero. This was the first
   thing that I used to measure the distance along a pore
   but "cenxyz.cvec" is a much better general measure. 
   However, by comparing changes in this distance to changes in '   "cenxyz.cvec" one can get a measure of how straight a 
   channel is.
 The fourth column "sum{s/(area)}" is useful in conductance
   prediction -
   basically it is the sum of the thickness of each slab
   divided by its area. HOLE uses this measure to estimate
   the macroscopic conductance of a channel.
 If any of this worries you one can see the "raw" results
   of a standard hole run by producing a sphpdb file and 
    directly looking at the results.
 cenxyz.cvec      radius  cen_line_D sum{s/(area point sourc
    47.73135    11.82384   -23.67262     0.00023   (sampled)
    47.83135     8.88159   -19.71945     0.00063 (mid-point)
    47.93135     6.39384   -15.76629     0.00141   (sampled)
    48.03135     4.22199   -12.03921     0.00320 (mid-point)
    48.13135     2.80078    -8.31212     0.00725   (sampled)
    48.23135     1.93499    -5.70243     0.01575 (mid-point)
    48.33135     1.44976    -3.09273     0.03090   (sampled)
    48.43135     1.41475    -2.98337     0.04680 (mid-point)
    48.53135     1.38094    -2.87402     0.06349   (sampled)
    48.63135     1.35420    -2.76620     0.08085 (mid-point)
    48.73135     1.33134    -2.65838     0.09881   (sampled)
    48.83135     1.30696    -2.55516     0.11745 (mid-point)
    48.93135     1.28698    -2.45194     0.13666   (sampled)
    49.03135     1.26137    -2.34157     0.15667 (mid-point)
    49.13135     1.23927    -2.23120     0.17740   (sampled)
    49.23135     1.22002    -2.12029     0.19878 (mid-point)
    49.33135     1.20618    -2.00939     0.22066   (sampled)
    49.43135     1.19768    -1.89845     0.24285 (mid-point)
    49.53135     1.19444    -1.78751     0.26516   (sampled)
    49.63135     1.19588    -1.67501     0.28742 (mid-point)
    49.73135     1.20242    -1.56250     0.30944   (sampled)
    49.83135     1.21377    -1.44916     0.33104 (mid-point)
    49.93135     1.23020    -1.33582     0.35207   (sampled)
    50.03135     1.25029    -1.22494     0.37244 (mid-point)
    50.13135     1.27116    -1.11405     0.39214   (sampled)
    50.23135     1.24884    -0.96519     0.41255 (mid-point)
    50.33135     1.23404    -0.81634     0.43345   (sampled)
    50.43135     1.21764    -0.71286     0.45492 (mid-point)
    50.53135     1.19962    -0.60937     0.47704   (sampled)
    50.63135     1.18472    -0.50851     0.49971 (mid-point)
    50.73135     1.17275    -0.40764     0.52286   (sampled)
    50.83135     1.16807    -0.30535     0.54619 (mid-point)
    50.93135     1.16654    -0.20307     0.56958   (sampled)
    51.03135     1.16949    -0.10154     0.59285 (mid-point)
    51.13135     1.17689    -0.00000     0.61583   (sampled)
    51.23135     1.18823     0.10273     0.63838 (mid-point)
    51.33135     1.20402     0.20547     0.66034   (sampled)
    51.43135     1.22480     0.30756     0.68156 (mid-point)
    51.53135     1.24942     0.40964     0.70195   (sampled)
    51.63135     1.27812     0.51212     0.72143 (mid-point)
    51.73135     1.31039     0.61460     0.73997   (sampled)
    51.83135     1.33652     0.73787     0.75779 (mid-point)
    51.93135     1.36878     0.86113     0.77478   (sampled)
    52.03135     1.37705     1.04054     0.79156 (mid-point)
    52.13135     1.39875     1.21995     0.80783   (sampled)
    52.23135     1.39360     1.32355     0.82422 (mid-point)
    52.33135     1.39256     1.42714     0.84064   (sampled)
    52.43135     1.39329     1.52998     0.85703 (mid-point)
    52.53135     1.39743     1.63282     0.87333   (sampled)
    52.63135     1.40771     1.73584     0.88940 (mid-point)
    52.73135     1.42120     1.83887     0.90516   (sampled)
    52.83135     1.43824     1.94161     0.92054 (mid-point)
    52.93135     1.45838     2.04435     0.93551   (sampled)
    53.03135     1.47669     2.14605     0.95011 (mid-point)
    53.13135     1.49729     2.24774     0.96431   (sampled)
    53.23135     1.51650     2.34899     0.97815 (mid-point)
    53.33135     1.53903     2.45024     0.99159   (sampled)
    53.43135     1.56549     2.55087     1.00457 (mid-point)
    53.53135     1.59538     2.65149     1.01708   (sampled)
    53.63135     1.62227     2.75256     1.02918 (mid-point)
    53.73135     1.65254     2.85362     1.04083   (sampled)
    53.83135     1.68166     2.95550     1.05209 (mid-point)
    53.93135     1.71430     3.05738     1.06292   (sampled)
    54.03135     1.75162     3.15921     1.07329 (mid-point)
    54.13135     1.79217     3.26104     1.08320   (sampled)
    54.23135     1.82314     3.55731     1.09278 (mid-point)
    54.33135     1.88436     3.85358     1.10174   (sampled)
    54.43135     1.93753     3.95717     1.11022 (mid-point)
    54.53135     1.99197     4.06076     1.11825   (sampled)
    54.63135     2.04983     4.16515     1.12582 (mid-point)
    54.73135     2.10949     4.26955     1.13297   (sampled)
    54.83135     2.16717     4.37374     1.13975 (mid-point)
    54.93135     2.22449     4.47793     1.14618   (sampled)
    55.03135     2.28406     4.58186     1.15229 (mid-point)
    55.13135     2.34536     4.68579     1.15807   (sampled)
    55.23135     2.38948     4.79493     1.16365 (mid-point)
    55.33135     2.43624     4.90408     1.16901   (sampled)
    55.43135     2.48759     5.01029     1.17415 (mid-point)
    55.53135     2.54046     5.11650     1.17909   (sampled)
    55.63135     2.59528     5.22362     1.18381 (mid-point)
    55.73135     2.65179     5.33073     1.18834   (sampled)
    55.83135     2.71035     5.43816     1.19267 (mid-point)
    55.93135     2.77048     5.54559     1.19682   (sampled)
    56.03135     2.83351     5.65101     1.20078 (mid-point)
    56.13135     2.89810     5.75643     1.20457   (sampled)
    56.23135     3.29412     8.25855     1.20751 (mid-point)
    56.33135     4.82280    10.76067     1.20888   (sampled)
    56.43135     8.18695    15.85367     1.20935 (mid-point)
    56.53135    12.46435    20.94667     1.20956   (sampled)
    56.63135    16.30093    25.72228     1.20967 (mid-point)
    56.73135    20.49604    30.49788     1.20975   (sampled)

 Minimum radius found:      1.167 angstroms.



 For spherical probe approach, The geometric factor
         F= sum(ds/area) along channel is    1.210 angstroms**-1
 This yields a macroscopic predicted molar conductance of:
   (1/rho)*(100/F)= (83/rho) pS,
   where rho is the conductivity of 1M permeant ion in ohm m.
 N.B. this is a macroscopic conductance - an overestimate 
 Empirically corrected conductances currently only available
 With the CAPSULE option (although its not that stable!)
 For 1M KCl rho= 1/12 (ohm m), So Gmacro= 990 pS/M.
  (TAG      1   Rmin=     1.16654   Gmacro=   991.93999 Conn_Gmacro=    -1.00000 ).
 HOLE: normal completion
