 *** Program HOLE ***
 
 If results of this run are reported or published, please
 cite the publication listed below.
 For the HOLE program:
   Smart, O.S., Goodfellow, J.M., Wallace, B.A. (1993). 
   The pore dimensions of gramicidin A. 
   Biophys. J., 65, 2455-2460.
 
 Originally written by Oliver Smart at Birkbeck College from April 1992.
 Copyright 1993-2005 Oliver Smart
 Copyright 2014-2015 SmartSci Limited.
 Copyright 2016 Oliver Smart.
 
 For help on HOLE suite see  http://www.holeprogram.org/
 
 HOLE release 2.2.005 (07 August 2016) 
 
 usage subject to Apache License, Version 2.0 
 see http://www.apache.org/licenses/LICENSE-2.0 

 Control variables read:

! Input file for Oliver Smart's HOLE program
! written by MDAnalysis.analysis.hole2.HoleAnalysis
! for a Universe
! u = mda.Universe(host_4.mol2
!    host_4.trr
!   )
! Frame 59

COORD  /tmp/tmpfuu3ob6p.pdb
RADIUS simple2.rad
SPHPDB hole059.sph
SAMPLE 0.200000
ENDRAD 22.000000
IGNORE SOL WAT TIP HOH K   NA  CL
SHORTO 0
RASEED 31415
CPOINT 38.9627023979 40.1061499914 40.6176421907


 WARNING have not found a CVECT record - will try to guess
 Input pdb filename read as:    '/tmp/tmpfuu3ob6p.pdb'
 Input vdW radius file read as: 'simple2.rad'
 point in channel:   38.963  40.106  40.618
 channel vector:   ************************
 sampling distance between planes:    0.200

 graphics conditions:
 binary plot output file name: NONE
 Dot density:    10
 Draw dots?           T
 Draw close contacts? F
 Draw centre line?    T
 Produce spikes rather than dots? F
 Seed for random number generator:     31415 (0 means value set by program)
 Radius above which a result is regarded as an 'end':  22.000
 Pdb format file for sphere centres: hole059.sph

 Monte Carlo conditions:
  no of steps:  1000
  maximum displacement   0.100 angs
  'kT' initial   0.100 angs
 The spherebox and capsule options are turned off.
 (No molqpt card so will not write qpt file of the molecule)
 IGNORE card read so will ignore residue types: SOL WAT TIP HOH K   NA  CL
 no SHORTO card read so will produce full textual output
 As no PEGRAT card was found will not produce PEG polymer exclusion graph
 (No 2DMAPS card specified so will not produce 2D property maps)
 Have not found a CUT card.  Normal calculation using
   Cutoff lists with a cutsize=       1.000
   (if you wish to turn off option use a CUT -1 card)

 Have read     7 bond radius records and
              16 vdW radius records.
 From file: simple2.rad

 Have read   108 atom records.
 From file: /tmp/tmpfuu3ob6p.pdb
 Will not produce graphical output
 Warning have tried to open file: 'hole059.sph' as NEW but
         this file already exists - old version kept as 'hole059.sph.old'

 Have opened file for pdb format output of sphere centres:  hole059.sph

  Seed integer used by ran # generator on this run      31415

 
 S/R cguess will try to guess CPOINT and/or CVECT
 
 THESE GUESSES MAY WELL BE WRONG!!!!
 Routine relies on having a reasonably symmetric
 channel oriented along x, y or z vector
 YOU ARE STRONGLY ADVISED TO CHECK THE RESULTS
                       WITH MOLECULAR GRAPHICS
 testing points from cpoint in X, Y then Z direction
   point                   pore radius
direction     1
  33.963  40.106  40.618     0.243
  34.963  40.106  40.618     0.549
  35.963  40.106  40.618     1.171
  36.963  40.106  40.618     1.959
  37.963  40.106  40.618     2.009
  38.963  40.106  40.618     1.345
  39.963  40.106  40.618     0.886
  40.963  40.106  40.618     0.539
  41.963  40.106  40.618     0.512
  42.963  40.106  40.618     0.817
  43.963  40.106  40.618     1.336
 Average pore radius along the line=      1.033
direction     2
  38.963  35.106  40.618    -0.938
  38.963  36.106  40.618    -1.248
  38.963  37.106  40.618    -0.392
  38.963  38.106  40.618     0.490
  38.963  39.106  40.618     0.999
  38.963  40.106  40.618     1.345
  38.963  41.106  40.618     0.669
  38.963  42.106  40.618     0.266
  38.963  43.106  40.618     0.057
  38.963  44.106  40.618    -0.390
  38.963  45.106  40.618    -0.569
 Average pore radius along the line=      0.026
direction     3
  38.963  40.106  35.618     2.221
  38.963  40.106  36.618     2.023
  38.963  40.106  37.618     1.889
  38.963  40.106  38.618     1.590
  38.963  40.106  39.618     1.568
  38.963  40.106  40.618     1.345
  38.963  40.106  41.618     1.200
  38.963  40.106  42.618     1.374
  38.963  40.106  43.618     1.823
  38.963  40.106  44.618     2.085
  38.963  40.106  45.618     2.218
 Average pore radius along the line=      1.758
 Best direction is found to be     3
(1=X,2=Y,3=Z)
 s/r cguess has produced initial values for cpoint &/or cvect:
CPOINT      38.9627     40.1061     40.6176
CVECT        0.0000      0.0000      1.0000
 THESE GUESSES MAY WELL BE WRONG!!!!
 Routine relies on having a reasonably symmetric
 channel oriented along x, y or z vector
 YOU ARE STRONGLY ADVISED TO CHECK THE RESULTS
                       WITH MOLECULAR GRAPHICS
 
 
  Some routines (e.g. conn) need vectors normal to cvect: 
     EAST Zero degrees angle is along vector    1.000   0.000   0.000
     NORTH  90 degrees angle is along vector    0.000  -1.000   0.000
 highest radius point found:
  at point   37.486  40.050  40.618
  closest atom surface    2.404   C20 4   X    1
  2nd closest surface     2.404   H28 4   X    1
  found on step  946
  this is also current point
  no. of rejections          386
 stored as     0

 highest radius point found:
  at point   37.529  40.023  40.818
  closest atom surface    2.347   C1  4   X    1
  2nd closest surface     2.348   C20 4   X    1
  found on step  833
 current point:
  at point   37.533  40.017  40.818
  closest atom surface    2.346   H28 4   X    1
  2nd closest surface     2.347   C1  4   X    1
  found on step  919
  no. of rejections          350
 stored as     1

 highest radius point found:
  at point   37.571  39.987  41.018
  closest atom surface    2.300   C20 4   X    1
  2nd closest surface     2.300   H28 4   X    1
  found on step  981
  this is also current point
  no. of rejections          397
 stored as     2

 highest radius point found:
  at point   37.621  39.951  41.218
  closest atom surface    2.266   H28 4   X    1
  2nd closest surface     2.266   C1  4   X    1
  found on step  952
  this is also current point
  no. of rejections          384
 stored as     3

 highest radius point found:
  at point   37.669  39.914  41.418
  closest atom surface    2.241   C1  4   X    1
  2nd closest surface     2.241   H28 4   X    1
  found on step  983
  this is also current point
  no. of rejections          386
 stored as     4

 highest radius point found:
  at point   37.710  39.878  41.618
  closest atom surface    2.229   C1  4   X    1
  2nd closest surface     2.230   C20 4   X    1
  found on step  436
 current point:
  at point   37.716  39.873  41.618
  closest atom surface    2.228   H28 4   X    1
  2nd closest surface     2.228   C1  4   X    1
  found on step  997
  no. of rejections          415
 stored as     5

 highest radius point found:
  at point   37.823  39.787  41.818
  closest atom surface    2.213   C1  4   X    1
  2nd closest surface     2.213   H28 4   X    1
  found on step  970
  this is also current point
  no. of rejections          403
 stored as     6

 highest radius point found:
  at point   38.007  39.641  42.018
  closest atom surface    2.201   C1  4   X    1
  2nd closest surface     2.202   C16 4   X    1
  found on step  994
  this is also current point
  no. of rejections          384
 stored as     7

 highest radius point found:
  at point   38.217  39.469  42.218
  closest atom surface    2.215   C1  4   X    1
  2nd closest surface     2.217   H28 4   X    1
  found on step  850
 current point:
  at point   38.229  39.457  42.218
  closest atom surface    2.214   H28 4   X    1
  2nd closest surface     2.217   C1  4   X    1
  found on step  962
  no. of rejections          368
 stored as     8

 highest radius point found:
  at point   38.370  39.365  42.418
  closest atom surface    2.238   C1  4   X    1
  2nd closest surface     2.238   H41 4   X    1
  found on step  984
  this is also current point
  no. of rejections          396
 stored as     9

 highest radius point found:
  at point   38.483  39.339  42.618
  closest atom surface    2.235   H41 4   X    1
  2nd closest surface     2.235   C16 4   X    1
  found on step  972
  this is also current point
  no. of rejections          397
 stored as    10

 highest radius point found:
  at point   38.600  39.315  42.818
  closest atom surface    2.247   C16 4   X    1
  2nd closest surface     2.247   H41 4   X    1
  found on step  815
 current point:
  at point   38.599  39.310  42.818
  closest atom surface    2.245   H41 4   X    1
  2nd closest surface     2.246   C16 4   X    1
  found on step  944
  no. of rejections          379
 stored as    11

 highest radius point found:
  at point   38.716  39.281  43.018
  closest atom surface    2.271   C16 4   X    1
  2nd closest surface     2.271   H41 4   X    1
  found on step  858
 current point:
  at point   38.716  39.284  43.018
  closest atom surface    2.270   C16 4   X    1
  2nd closest surface     2.273   H41 4   X    1
  found on step  971
  no. of rejections          375
 stored as    12

 highest radius point found:
  at point   38.839  39.256  43.218
  closest atom surface    2.313   H41 4   X    1
  2nd closest surface     2.313   C16 4   X    1
  found on step  940
  this is also current point
  no. of rejections          378
 stored as    13

 highest radius point found:
  at point   38.959  39.221  43.418
  closest atom surface    2.366   C16 4   X    1
  2nd closest surface     2.366   H41 4   X    1
  found on step  141
 current point:
  at point   38.960  39.218  43.418
  closest atom surface    2.364   H41 4   X    1
  2nd closest surface     2.367   C16 4   X    1
  found on step  981
  no. of rejections          389
 stored as    14

 highest radius point found:
  at point   39.074  39.163  43.618
  closest atom surface    2.427   H41 4   X    1
  2nd closest surface     2.427   C16 4   X    1
  found on step  827
 current point:
  at point   39.074  39.161  43.618
  closest atom surface    2.427   H41 4   X    1
  2nd closest surface     2.427   C16 4   X    1
  found on step  979
  no. of rejections          365
 stored as    15

 highest radius point found:
  at point   39.189  39.100  43.818
  closest atom surface    2.500   H1  4   X    1
  2nd closest surface     2.500   C16 4   X    1
  found on step  885
 current point:
  at point   39.190  39.100  43.818
  closest atom surface    2.499   H1  4   X    1
  2nd closest surface     2.501   C16 4   X    1
  found on step  994
  no. of rejections          375
 stored as    16

 highest radius point found:
  at point   39.304  39.033  44.018
  closest atom surface    2.585   C16 4   X    1
  2nd closest surface     2.586   H1  4   X    1
  found on step  982
  this is also current point
  no. of rejections          344
 stored as    17

 highest radius point found:
  at point   39.425  38.962  44.218
  closest atom surface    2.686   H1  4   X    1
  2nd closest surface     2.686   H41 4   X    1
  found on step  924
  this is also current point
  no. of rejections          330
 stored as    18

 highest radius point found:
  at point   39.545  38.895  44.418
  closest atom surface    2.798   H1  4   X    1
  2nd closest surface     2.799   H41 4   X    1
  found on step  905
  this is also current point
  no. of rejections          360
 stored as    19

 highest radius point found:
  at point   39.668  38.826  44.618
  closest atom surface    2.921   H41 4   X    1
  2nd closest surface     2.922   H1  4   X    1
  found on step  952
  this is also current point
  no. of rejections          317
 stored as    20

 highest radius point found:
  at point   39.794  38.757  44.818
  closest atom surface    3.054   H41 4   X    1
  2nd closest surface     3.056   H1  4   X    1
  found on step  933
  this is also current point
  no. of rejections          304
 stored as    21

 highest radius point found:
  at point   39.911  38.682  45.018
  closest atom surface    3.196   C16 4   X    1
  2nd closest surface     3.198   H41 4   X    1
  found on step  859
 current point:
  at point   39.924  38.680  45.018
  closest atom surface    3.195   H41 4   X    1
  2nd closest surface     3.205   H1  4   X    1
  found on step  998
  no. of rejections          291
 stored as    22

 highest radius point found:
  at point   40.045  38.623  45.218
  closest atom surface    3.350   H1  4   X    1
  2nd closest surface     3.351   H41 4   X    1
  found on step  991
  this is also current point
  no. of rejections          253
 stored as    23

 highest radius point found:
  at point   46.134  36.578  45.418
  closest atom surface    5.538   C30 4   X    1
  2nd closest surface     5.935   C31 4   X    1
  found on step 1000
  this is also current point
  no. of rejections          156
 stored as    24

 highest radius point found:
  at point   53.716  36.222  45.618
  closest atom surface   11.372   H47 4   X    1
  2nd closest surface    11.392   N5  4   X    1
  found on step 1000
  this is also current point
  no. of rejections          244
 stored as    25

 highest radius point found:
  at point   62.570  34.660  45.818
  closest atom surface   19.231   H48 4   X    1
  2nd closest surface    19.236   C36 4   X    1
  found on step  999
  this is also current point
  no. of rejections          274
 stored as    26

 highest radius point found:
  at point   73.408  30.184  46.018
  closest atom surface   29.950   H51 4   X    1
  2nd closest surface    30.049   C38 4   X    1
  found on step  998
  this is also current point
  no. of rejections          258
 This is an end! (radius above  22.0 angs)
 highest radius point found:
  at point   37.443  40.076  40.418
  closest atom surface    2.469   H28 4   X    1
  2nd closest surface     2.470   C20 4   X    1
  found on step  302
 current point:
  at point   37.452  40.071  40.418
  closest atom surface    2.467   H28 4   X    1
  2nd closest surface     2.468   C1  4   X    1
  found on step  911
  no. of rejections          389
 stored as    -1

 highest radius point found:
  at point   37.402  40.107  40.218
  closest atom surface    2.544   C1  4   X    1
  2nd closest surface     2.545   C20 4   X    1
  found on step  660
 current point:
  at point   37.400  40.111  40.218
  closest atom surface    2.543   C1  4   X    1
  2nd closest surface     2.544   C20 4   X    1
  found on step  982
  no. of rejections          393
 stored as    -2

 highest radius point found:
  at point   37.365  40.125  40.018
  closest atom surface    2.628   C1  4   X    1
  2nd closest surface     2.629   H28 4   X    1
  found on step  991
  this is also current point
  no. of rejections          374
 stored as    -3

 highest radius point found:
  at point   37.319  40.151  39.818
  closest atom surface    2.720   C20 4   X    1
  2nd closest surface     2.722   C1  4   X    1
  found on step  992
  this is also current point
  no. of rejections          365
 stored as    -4

 highest radius point found:
  at point   37.281  40.171  39.618
  closest atom surface    2.821   C20 4   X    1
  2nd closest surface     2.821   C1  4   X    1
  found on step  985
  this is also current point
  no. of rejections          355
 stored as    -5

 highest radius point found:
  at point   37.225  40.232  39.418
  closest atom surface    2.915   C23 4   X    1
  2nd closest surface     2.918   C20 4   X    1
  found on step  997
  this is also current point
  no. of rejections          394
 stored as    -6

 highest radius point found:
  at point   37.133  40.331  39.218
  closest atom surface    2.999   C2  4   X    1
  2nd closest surface     3.000   C20 4   X    1
  found on step  958
  this is also current point
  no. of rejections          364
 stored as    -7

 highest radius point found:
  at point   36.339  42.215  39.018
  closest atom surface    3.182   C20 4   X    1
  2nd closest surface     3.185   C5  4   X    1
  found on step  994
  this is also current point
  no. of rejections          375
 stored as    -8

 highest radius point found:
  at point   35.352  43.349  38.818
  closest atom surface    3.554   H16 4   X    1
  2nd closest surface     3.556   C20 4   X    1
  found on step  945
  this is also current point
  no. of rejections          309
 stored as    -9

 highest radius point found:
  at point   35.314  43.407  38.618
  closest atom surface    3.726   C20 4   X    1
  2nd closest surface     3.727   H16 4   X    1
  found on step  930
  this is also current point
  no. of rejections          260
 stored as   -10

 highest radius point found:
  at point   32.036  45.137  38.418
  closest atom surface    4.679   C12 4   X    1
  2nd closest surface     4.702   H16 4   X    1
  found on step 1000
  this is also current point
  no. of rejections          207
 stored as   -11

 highest radius point found:
  at point   23.365  47.341  38.218
  closest atom surface   11.482   C12 4   X    1
  2nd closest surface    11.587   H24 4   X    1
  found on step  999
  this is also current point
  no. of rejections          225
 stored as   -12

 highest radius point found:
  at point   15.148  48.932  38.018
  closest atom surface   19.349   C12 4   X    1
  2nd closest surface    19.360   H15 4   X    1
  found on step  997
  this is also current point
  no. of rejections          285
 stored as   -13

 highest radius point found:
  at point    5.200  51.241  37.818
  closest atom surface   29.268   C20 4   X    1
  2nd closest surface    29.270   H15 4   X    1
  found on step  998
  this is also current point
  no. of rejections          274
 This is an end! (radius above  22.0 angs)
 
 N.b. Graph information routine (HOGRAP) differs 
        markedly from previous versions!
       Information now is written from -ve end
       to +ve in one pass
 
 Explanation of the meaning of each column: 
 First column "cenxyz.cvec" is the coordinate in the
   direction of the channel vector i.e. if the channel
   vector is in z (0 0 1) then it is the z coordinate.
 The second column "radius" is the hole pore radius 
   (as defined in the Biophys J 1993) article).
 The third column "cen_line_D" is the distance 
   measured along the pore centre line - with the 
   first point found set to zero. This was the first
   thing that I used to measure the distance along a pore
   but "cenxyz.cvec" is a much better general measure. 
   However, by comparing changes in this distance to changes in '   "cenxyz.cvec" one can get a measure of how straight a 
   channel is.
 The fourth column "sum{s/(area)}" is useful in conductance
   prediction -
   basically it is the sum of the thickness of each slab
   divided by its area. HOLE uses this measure to estimate
   the macroscopic conductance of a channel.
 If any of this worries you one can see the "raw" results
   of a standard hole run by producing a sphpdb file and 
    directly looking at the results.
 cenxyz.cvec      radius  cen_line_D sum{s/(area point sourc
    38.01764    19.34900   -26.30203     0.00009   (sampled)
    38.11764    15.35597   -22.11557     0.00022 (mid-point)
    38.21764    11.48214   -17.92911     0.00046   (sampled)
    38.31764     7.64580   -13.45497     0.00101 (mid-point)
    38.41764     4.67918    -8.98084     0.00246   (sampled)
    38.51764     3.89717    -7.12476     0.00456 (mid-point)
    38.61764     3.72611    -5.26869     0.00685   (sampled)
    38.71764     3.64002    -5.16281     0.00925 (mid-point)
    38.81764     3.55390    -5.05693     0.01177   (sampled)
    38.91764     3.31692    -4.29903     0.01466 (mid-point)
    39.01764     3.18221    -3.54112     0.01781   (sampled)
    39.11764     2.98401    -2.51368     0.02138 (mid-point)
    39.21764     2.99853    -1.48624     0.02492   (sampled)
    39.31764     2.95720    -1.36546     0.02856 (mid-point)
    39.41764     2.91482    -1.24467     0.03231   (sampled)
    39.51764     2.86842    -1.13650     0.03618 (mid-point)
    39.61764     2.82091    -1.02832     0.04018   (sampled)
    39.71764     2.76964    -0.92606     0.04433 (mid-point)
    39.81764     2.72009    -0.82380     0.04863   (sampled)
    39.91764     2.67434    -0.72044     0.05308 (mid-point)
    40.01764     2.62841    -0.61707     0.05769   (sampled)
    40.11764     2.58515    -0.51493     0.06245 (mid-point)
    40.21764     2.54384    -0.41280     0.06737   (sampled)
    40.31764     2.50661    -0.30951     0.07244 (mid-point)
    40.41764     2.46933    -0.20622     0.07766   (sampled)
    40.51764     2.43544    -0.10311     0.08302 (mid-point)
    40.61764     2.40421    -0.00000     0.08853   (sampled)
    40.71764     2.37449     0.10317     0.09417 (mid-point)
    40.81764     2.34668     0.20635     0.09995   (sampled)
    40.91764     2.32278     0.31007     0.10585 (mid-point)
    41.01764     2.30002     0.41379     0.11187   (sampled)
    41.11764     2.28137     0.51834     0.11799 (mid-point)
    41.21764     2.26570     0.62289     0.12419   (sampled)
    41.31764     2.25194     0.72745     0.13047 (mid-point)
    41.41764     2.24080     0.83201     0.13680   (sampled)
    41.51764     2.23362     0.93567     0.14318 (mid-point)
    41.61764     2.22907     1.03932     0.14959   (sampled)
    41.71764     2.21918     1.16271     0.15605 (mid-point)
    41.81764     2.21301     1.28610     0.16255   (sampled)
    41.91764     2.20412     1.44068     0.16911 (mid-point)
    42.01764     2.20111     1.59526     0.17568   (sampled)
    42.11764     2.20440     1.76364     0.18223 (mid-point)
    42.21764     2.21468     1.93201     0.18872   (sampled)
    42.31764     2.22392     2.06823     0.19515 (mid-point)
    42.41764     2.23767     2.20445     0.20151   (sampled)
    42.51764     2.23468     2.32011     0.20788 (mid-point)
    42.61764     2.23517     2.43577     0.21425   (sampled)
    42.71764     2.23906     2.55225     0.22060 (mid-point)
    42.81764     2.24680     2.66873     0.22691   (sampled)
    42.91764     2.25698     2.78568     0.23316 (mid-point)
    43.01764     2.27056     2.90262     0.23933   (sampled)
    43.11764     2.28973     3.02049     0.24540 (mid-point)
    43.21764     2.31254     3.13835     0.25136   (sampled)
    43.31764     2.33746     3.25627     0.25718 (mid-point)
    43.41764     2.36607     3.37420     0.26287   (sampled)
    43.51764     2.39480     3.49334     0.26842 (mid-point)
    43.61764     2.42718     3.61248     0.27382   (sampled)
    43.71764     2.46197     3.73184     0.27907 (mid-point)
    43.81764     2.49951     3.85119     0.28417   (sampled)
    43.91764     2.54086     3.97145     0.28910 (mid-point)
    44.01764     2.58491     4.09170     0.29386   (sampled)
    44.11764     2.63460     4.21389     0.29845 (mid-point)
    44.21764     2.68644     4.33609     0.30286   (sampled)
    44.31764     2.74088     4.45739     0.30710 (mid-point)
    44.41764     2.79841     4.57869     0.31116   (sampled)
    44.51764     2.85851     4.70097     0.31506 (mid-point)
    44.61764     2.92132     4.82324     0.31879   (sampled)
    44.71764     2.98648     4.94636     0.32235 (mid-point)
    44.81764     3.05434     5.06948     0.32577   (sampled)
    44.91764     3.12489     5.19127     0.32903 (mid-point)
    45.01764     3.19607     5.31305     0.33214   (sampled)
    45.11764     3.27331     5.43699     0.33511 (mid-point)
    45.21764     3.35004     5.56094     0.33795   (sampled)
    45.31764     3.77538     8.77419     0.34018 (mid-point)
    45.41764     5.53777    11.98744     0.34122   (sampled)
    45.51764     8.57078    15.78377     0.34165 (mid-point)
    45.61764    11.37242    19.58009     0.34190   (sampled)
    45.71764    15.16204    24.07671     0.34204 (mid-point)
    45.81764    19.23096    28.57332     0.34212   (sampled)

 Minimum radius found:      2.201 angstroms.



 For spherical probe approach, The geometric factor
         F= sum(ds/area) along channel is    0.342 angstroms**-1
 This yields a macroscopic predicted molar conductance of:
   (1/rho)*(100/F)= (290/rho) pS,
   where rho is the conductivity of 1M permeant ion in ohm m.
 N.B. this is a macroscopic conductance - an overestimate 
 Empirically corrected conductances currently only available
 With the CAPSULE option (although its not that stable!)
 For 1M KCl rho= 1/12 (ohm m), So Gmacro= 3500 pS/M.
  (TAG      1   Rmin=     2.20111   Gmacro=  3507.49568 Conn_Gmacro=    -1.00000 ).
 HOLE: normal completion
