 *** Program HOLE ***
 
 If results of this run are reported or published, please
 cite the publication listed below.
 For the HOLE program:
   Smart, O.S., Goodfellow, J.M., Wallace, B.A. (1993). 
   The pore dimensions of gramicidin A. 
   Biophys. J., 65, 2455-2460.
 
 Originally written by Oliver Smart at Birkbeck College from April 1992.
 Copyright 1993-2005 Oliver Smart
 Copyright 2014-2015 SmartSci Limited.
 Copyright 2016 Oliver Smart.
 
 For help on HOLE suite see  http://www.holeprogram.org/
 
 HOLE release 2.2.005 (07 August 2016) 
 
 usage subject to Apache License, Version 2.0 
 see http://www.apache.org/licenses/LICENSE-2.0 

 Control variables read:

! Input file for Oliver Smart's HOLE program
! written by MDAnalysis.analysis.hole2.HoleAnalysis
! for a Universe
! u = mda.Universe(host_davis2water.gro
!    host_davis2water.trr
!   )
! Frame 57

COORD  /tmp/tmpziqrs22j.pdb
RADIUS simple2.rad
SPHPDB hole057.sph
SAMPLE 0.200000
ENDRAD 22.000000
IGNORE SOL WAT TIP HOH K   NA  CL
SHORTO 0
RASEED 31415
CPOINT 60.3143832580 59.6378425515 59.2840832005


 WARNING have not found a CVECT record - will try to guess
 Input pdb filename read as:    '/tmp/tmpziqrs22j.pdb'
 Input vdW radius file read as: 'simple2.rad'
 point in channel:   60.314  59.638  59.284
 channel vector:   ************************
 sampling distance between planes:    0.200

 graphics conditions:
 binary plot output file name: NONE
 Dot density:    10
 Draw dots?           T
 Draw close contacts? F
 Draw centre line?    T
 Produce spikes rather than dots? F
 Seed for random number generator:     31415 (0 means value set by program)
 Radius above which a result is regarded as an 'end':  22.000
 Pdb format file for sphere centres: hole057.sph

 Monte Carlo conditions:
  no of steps:  1000
  maximum displacement   0.100 angs
  'kT' initial   0.100 angs
 The spherebox and capsule options are turned off.
 (No molqpt card so will not write qpt file of the molecule)
 IGNORE card read so will ignore residue types: SOL WAT TIP HOH K   NA  CL
 no SHORTO card read so will produce full textual output
 As no PEGRAT card was found will not produce PEG polymer exclusion graph
 (No 2DMAPS card specified so will not produce 2D property maps)
 Have not found a CUT card.  Normal calculation using
   Cutoff lists with a cutsize=       1.000
   (if you wish to turn off option use a CUT -1 card)

 Have read     7 bond radius records and
              16 vdW radius records.
 From file: simple2.rad

 Have read    92 atom records.
 From file: /tmp/tmpziqrs22j.pdb
 Will not produce graphical output

 Have opened file for pdb format output of sphere centres:  hole057.sph

  Seed integer used by ran # generator on this run      31415

 
 S/R cguess will try to guess CPOINT and/or CVECT
 
 THESE GUESSES MAY WELL BE WRONG!!!!
 Routine relies on having a reasonably symmetric
 channel oriented along x, y or z vector
 YOU ARE STRONGLY ADVISED TO CHECK THE RESULTS
                       WITH MOLECULAR GRAPHICS
 testing points from cpoint in X, Y then Z direction
   point                   pore radius
direction     1
  55.314  59.638  59.284    -0.747
  56.314  59.638  59.284    -1.225
  57.314  59.638  59.284    -0.864
  58.314  59.638  59.284    -0.205
  59.314  59.638  59.284     0.270
  60.314  59.638  59.284     0.896
  61.314  59.638  59.284     1.565
  62.314  59.638  59.284     1.332
  63.314  59.638  59.284     0.940
  64.314  59.638  59.284     0.878
  65.314  59.638  59.284     1.167
 Average pore radius along the line=      0.364
direction     2
  60.314  54.638  59.284     2.106
  60.314  55.638  59.284     2.091
  60.314  56.638  59.284     1.954
  60.314  57.638  59.284     1.537
  60.314  58.638  59.284     1.235
  60.314  59.638  59.284     0.896
  60.314  60.638  59.284     0.543
  60.314  61.638  59.284     0.581
  60.314  62.638  59.284     0.006
  60.314  63.638  59.284    -0.291
  60.314  64.638  59.284    -0.002
 Average pore radius along the line=      0.969
direction     3
  60.314  59.638  54.284     0.752
  60.314  59.638  55.284     0.500
  60.314  59.638  56.284     0.655
  60.314  59.638  57.284     1.154
  60.314  59.638  58.284     1.542
  60.314  59.638  59.284     0.896
  60.314  59.638  60.284     0.500
  60.314  59.638  61.284    -0.214
  60.314  59.638  62.284    -0.858
  60.314  59.638  63.284    -0.725
  60.314  59.638  64.284    -0.480
 Average pore radius along the line=      0.338
 Best direction is found to be     2
(1=X,2=Y,3=Z)
 s/r cguess has produced initial values for cpoint &/or cvect:
CPOINT      60.3144     59.6378     59.2841
CVECT        0.0000      1.0000      0.0000
 THESE GUESSES MAY WELL BE WRONG!!!!
 Routine relies on having a reasonably symmetric
 channel oriented along x, y or z vector
 YOU ARE STRONGLY ADVISED TO CHECK THE RESULTS
                       WITH MOLECULAR GRAPHICS
 
 
  Some routines (e.g. conn) need vectors normal to cvect: 
     EAST Zero degrees angle is along vector    1.000   0.000   0.000
     NORTH  90 degrees angle is along vector    0.000   0.000   1.000
 highest radius point found:
  at point   62.890  59.638  60.344
  closest atom surface    1.926   C14 DAV X    1
  2nd closest surface     1.928   C88 DAV X    1
  found on step  992
  this is also current point
  no. of rejections          372
 stored as     0

 highest radius point found:
  at point   63.032  59.838  60.352
  closest atom surface    1.986   H15 DAV X    1
  2nd closest surface     1.987   C88 DAV X    1
  found on step  922
  this is also current point
  no. of rejections          370
 stored as     1

 highest radius point found:
  at point   63.163  60.038  60.327
  closest atom surface    2.034   C23 DAV X    1
  2nd closest surface     2.034   C88 DAV X    1
  found on step  891
  this is also current point
  no. of rejections          374
 stored as     2

 highest radius point found:
  at point   69.043  60.238  60.067
  closest atom surface    3.719   N9  DAV X    1
  2nd closest surface     3.759   C28 DAV X    1
  found on step 1000
  this is also current point
  no. of rejections          294
 stored as     3

 highest radius point found:
  at point   79.650  60.438  62.408
  closest atom surface   12.893   C28 DAV X    1
  2nd closest surface    12.934   C96 DAV X    1
  found on step  999
  this is also current point
  no. of rejections          262
 stored as     4

 highest radius point found:
  at point   90.079  60.638  63.508
  closest atom surface   22.772   C96 DAV X    1
  2nd closest surface    22.909   C97 DAV X    1
  found on step 1000
  this is also current point
  no. of rejections          272
 This is an end! (radius above  22.0 angs)
 highest radius point found:
  at point   62.759  59.438  60.340
  closest atom surface    1.883   C14 DAV X    1
  2nd closest surface     1.884   C27 DAV X    1
  found on step  934
  this is also current point
  no. of rejections          388
 stored as    -1

 highest radius point found:
  at point   62.622  59.238  60.331
  closest atom surface    1.853   C14 DAV X    1
  2nd closest surface     1.854   C88 DAV X    1
  found on step  977
  this is also current point
  no. of rejections          385
 stored as    -2

 highest radius point found:
  at point   62.491  59.038  60.326
  closest atom surface    1.841   C27 DAV X    1
  2nd closest surface     1.841   C14 DAV X    1
  found on step  867
 current point:
  at point   62.490  59.038  60.328
  closest atom surface    1.839   C14 DAV X    1
  2nd closest surface     1.840   C27 DAV X    1
  found on step  964
  no. of rejections          382
 stored as    -3

 highest radius point found:
  at point   61.234  58.838  59.423
  closest atom surface    1.837   C88 DAV X    1
  2nd closest surface     1.841   C12 DAV X    1
  found on step  610
 current point:
  at point   60.997  58.838  59.087
  closest atom surface    1.825   C88 DAV X    1
  2nd closest surface     1.826   C11 DAV X    1
  found on step  873
  no. of rejections          377
 stored as    -4

 highest radius point found:
  at point   60.782  58.638  58.835
  closest atom surface    1.839   C11 DAV X    1
  2nd closest surface     1.840   C88 DAV X    1
  found on step  797
 current point:
  at point   60.786  58.638  58.840
  closest atom surface    1.839   C11 DAV X    1
  2nd closest surface     1.839   C88 DAV X    1
  found on step  979
  no. of rejections          374
 stored as    -5

 highest radius point found:
  at point   60.681  58.438  58.797
  closest atom surface    1.849   C11 DAV X    1
  2nd closest surface     1.850   C87 DAV X    1
  found on step  993
  this is also current point
  no. of rejections          392
 stored as    -6

 highest radius point found:
  at point   60.545  58.238  58.750
  closest atom surface    1.851   C87 DAV X    1
  2nd closest surface     1.854   C11 DAV X    1
  found on step  265
 current point:
  at point   60.555  58.238  58.769
  closest atom surface    1.850   C87 DAV X    1
  2nd closest surface     1.850   C11 DAV X    1
  found on step  921
  no. of rejections          373
 stored as    -7

 highest radius point found:
  at point   60.393  58.038  58.686
  closest atom surface    1.874   C11 DAV X    1
  2nd closest surface     1.875   C87 DAV X    1
  found on step  960
  this is also current point
  no. of rejections          379
 stored as    -8

 highest radius point found:
  at point   60.250  57.838  58.632
  closest atom surface    1.911   C11 DAV X    1
  2nd closest surface     1.914   C87 DAV X    1
  found on step  948
  this is also current point
  no. of rejections          391
 stored as    -9

 highest radius point found:
  at point   60.107  57.638  58.581
  closest atom surface    1.963   C11 DAV X    1
  2nd closest surface     1.969   C87 DAV X    1
  found on step   75
 current point:
  at point   59.550  57.638  58.113
  closest atom surface    1.947   C10 DAV X    1
  2nd closest surface     1.950   C90 DAV X    1
  found on step  992
  no. of rejections          357
 stored as   -10

 highest radius point found:
  at point   59.693  57.438  58.312
  closest atom surface    2.034   C90 DAV X    1
  2nd closest surface     2.035   C11 DAV X    1
  found on step  703
 current point:
  at point   59.790  57.438  58.388
  closest atom surface    2.031   C11 DAV X    1
  2nd closest surface     2.031   C90 DAV X    1
  found on step  962
  no. of rejections          372
 stored as   -11

 highest radius point found:
  at point   59.685  57.238  58.364
  closest atom surface    2.121   C11 DAV X    1
  2nd closest surface     2.122   C90 DAV X    1
  found on step  544
 current point:
  at point   59.098  57.238  57.698
  closest atom surface    2.090   C10 DAV X    1
  2nd closest surface     2.091   C90 DAV X    1
  found on step  929
  no. of rejections          372
 stored as   -12

 highest radius point found:
  at point   59.678  57.038  58.410
  closest atom surface    2.210   C12 DAV X    1
  2nd closest surface     2.211   C10 DAV X    1
  found on step  960
  this is also current point
  no. of rejections          364
 stored as   -13

 highest radius point found:
  at point   59.579  56.838  58.350
  closest atom surface    2.287   C87 DAV X    1
  2nd closest surface     2.287   C10 DAV X    1
  found on step  480
 current point:
  at point   59.569  56.838  58.336
  closest atom surface    2.287   C10 DAV X    1
  2nd closest surface     2.287   C90 DAV X    1
  found on step  921
  no. of rejections          364
 stored as   -14

 highest radius point found:
  at point   59.467  56.638  58.271
  closest atom surface    2.374   C87 DAV X    1
  2nd closest surface     2.375   C10 DAV X    1
  found on step  167
 current point:
  at point   59.336  56.638  58.120
  closest atom surface    2.363   C10 DAV X    1
  2nd closest surface     2.363   C90 DAV X    1
  found on step  971
  no. of rejections          371
 stored as   -15

 highest radius point found:
  at point   59.261  56.438  58.085
  closest atom surface    2.468   C10 DAV X    1
  2nd closest surface     2.469   C90 DAV X    1
  found on step  999
  this is also current point
  no. of rejections          353
 stored as   -16

 highest radius point found:
  at point   59.110  56.238  58.069
  closest atom surface    2.532   H79 DAV X    1
  2nd closest surface     2.532   C91 DAV X    1
  found on step  961
  this is also current point
  no. of rejections          359
 stored as   -17

 highest radius point found:
  at point   58.996  56.038  58.131
  closest atom surface    2.594   C10 DAV X    1
  2nd closest surface     2.596   H79 DAV X    1
  found on step  970
  this is also current point
  no. of rejections          337
 stored as   -18

 highest radius point found:
  at point   58.888  55.838  58.192
  closest atom surface    2.670   C10 DAV X    1
  2nd closest surface     2.670   H79 DAV X    1
  found on step  990
  this is also current point
  no. of rejections          353
 stored as   -19

 highest radius point found:
  at point   58.776  55.638  58.246
  closest atom surface    2.758   H79 DAV X    1
  2nd closest surface     2.758   C10 DAV X    1
  found on step  994
  this is also current point
  no. of rejections          336
 stored as   -20

 highest radius point found:
  at point   58.671  55.438  58.309
  closest atom surface    2.855   H79 DAV X    1
  2nd closest surface     2.856   C10 DAV X    1
  found on step  925
  this is also current point
  no. of rejections          359
 stored as   -21

 highest radius point found:
  at point   58.565  55.238  58.365
  closest atom surface    2.963   H79 DAV X    1
  2nd closest surface     2.963   C91 DAV X    1
  found on step  939
  this is also current point
  no. of rejections          327
 stored as   -22

 highest radius point found:
  at point   58.480  55.038  58.463
  closest atom surface    3.075   H2  DAV X    1
  2nd closest surface     3.075   C10 DAV X    1
  found on step  974
  this is also current point
  no. of rejections          362
 stored as   -23

 highest radius point found:
  at point   58.406  54.838  58.575
  closest atom surface    3.194   C10 DAV X    1
  2nd closest surface     3.194   H2  DAV X    1
  found on step  939
  this is also current point
  no. of rejections          332
 stored as   -24

 highest radius point found:
  at point   58.335  54.638  58.683
  closest atom surface    3.322   C10 DAV X    1
  2nd closest surface     3.323   H2  DAV X    1
  found on step  896
  this is also current point
  no. of rejections          340
 stored as   -25

 highest radius point found:
  at point   58.260  54.438  58.791
  closest atom surface    3.458   H2  DAV X    1
  2nd closest surface     3.458   C10 DAV X    1
  found on step  881
 current point:
  at point   58.262  54.438  58.795
  closest atom surface    3.458   C10 DAV X    1
  2nd closest surface     3.461   H79 DAV X    1
  found on step  965
  no. of rejections          302
 stored as   -26

 highest radius point found:
  at point   58.191  54.238  58.901
  closest atom surface    3.602   C10 DAV X    1
  2nd closest surface     3.603   H79 DAV X    1
  found on step  949
  this is also current point
  no. of rejections          313
 stored as   -27

 highest radius point found:
  at point   58.113  54.038  58.990
  closest atom surface    3.745   C12 DAV X    1
  2nd closest surface     3.745   H2  DAV X    1
  found on step  899
  this is also current point
  no. of rejections          314
 stored as   -28

 highest radius point found:
  at point   58.049  53.838  59.056
  closest atom surface    3.883   H2  DAV X    1
  2nd closest surface     3.883   H8  DAV X    1
  found on step  985
  this is also current point
  no. of rejections          341
 stored as   -29

 highest radius point found:
  at point   58.019  53.638  59.137
  closest atom surface    4.002   H79 DAV X    1
  2nd closest surface     4.003   O1  DAV X    1
  found on step  950
  this is also current point
  no. of rejections          347
 stored as   -30

 highest radius point found:
  at point   58.007  53.438  59.238
  closest atom surface    4.118   O1  DAV X    1
  2nd closest surface     4.120   H8  DAV X    1
  found on step  966
  this is also current point
  no. of rejections          372
 stored as   -31

 highest radius point found:
  at point   57.999  53.238  59.340
  closest atom surface    4.242   H79 DAV X    1
  2nd closest surface     4.242   O1  DAV X    1
  found on step  972
  this is also current point
  no. of rejections          339
 stored as   -32

 highest radius point found:
  at point   57.989  53.038  59.442
  closest atom surface    4.371   O1  DAV X    1
  2nd closest surface     4.372   H79 DAV X    1
  found on step  426
 current point:
  at point   57.991  53.038  59.443
  closest atom surface    4.371   H79 DAV X    1
  2nd closest surface     4.372   H8  DAV X    1
  found on step  979
  no. of rejections          363
 stored as   -33

 highest radius point found:
  at point   57.979  52.838  59.546
  closest atom surface    4.507   O1  DAV X    1
  2nd closest surface     4.507   H8  DAV X    1
  found on step  985
  this is also current point
  no. of rejections          300
 stored as   -34

 highest radius point found:
  at point   57.973  52.638  59.649
  closest atom surface    4.648   H8  DAV X    1
  2nd closest surface     4.649   H79 DAV X    1
  found on step  977
  this is also current point
  no. of rejections          352
 stored as   -35

 highest radius point found:
  at point   57.965  52.438  59.754
  closest atom surface    4.794   H8  DAV X    1
  2nd closest surface     4.795   O1  DAV X    1
  found on step  955
  this is also current point
  no. of rejections          327
 stored as   -36

 highest radius point found:
  at point   57.957  52.238  59.859
  closest atom surface    4.945   H8  DAV X    1
  2nd closest surface     4.946   O1  DAV X    1
  found on step  959
  this is also current point
  no. of rejections          264
 stored as   -37

 highest radius point found:
  at point   53.356  52.038  66.716
  closest atom surface    7.904   H8  DAV X    1
  2nd closest surface     7.940   O1  DAV X    1
  found on step 1000
  this is also current point
  no. of rejections          200
 stored as   -38

 highest radius point found:
  at point   47.744  51.838  76.337
  closest atom surface   17.442   O2  DAV X    1
  2nd closest surface    17.493   C12 DAV X    1
  found on step 1000
  this is also current point
  no. of rejections          252
 stored as   -39

 highest radius point found:
  at point   39.198  51.638  85.842
  closest atom surface   29.692   O2  DAV X    1
  2nd closest surface    29.692   O1  DAV X    1
  found on step  998
  this is also current point
  no. of rejections          242
 This is an end! (radius above  22.0 angs)
 
 N.b. Graph information routine (HOGRAP) differs 
        markedly from previous versions!
       Information now is written from -ve end
       to +ve in one pass
 
 Explanation of the meaning of each column: 
 First column "cenxyz.cvec" is the coordinate in the
   direction of the channel vector i.e. if the channel
   vector is in z (0 0 1) then it is the z coordinate.
 The second column "radius" is the hole pore radius 
   (as defined in the Biophys J 1993) article).
 The third column "cen_line_D" is the distance 
   measured along the pore centre line - with the 
   first point found set to zero. This was the first
   thing that I used to measure the distance along a pore
   but "cenxyz.cvec" is a much better general measure. 
   However, by comparing changes in this distance to changes in '   "cenxyz.cvec" one can get a measure of how straight a 
   channel is.
 The fourth column "sum{s/(area)}" is useful in conductance
   prediction -
   basically it is the sum of the thickness of each slab
   divided by its area. HOLE uses this measure to estimate
   the macroscopic conductance of a channel.
 If any of this worries you one can see the "raw" results
   of a standard hole run by producing a sphpdb file and 
    directly looking at the results.
 cenxyz.cvec      radius  cen_line_D sum{s/(area point sourc
    51.83784    17.44228   -30.31601     0.00010   (sampled)
    51.93784    12.43733   -24.74615     0.00031 (mid-point)
    52.03784     7.90365   -19.17628     0.00082   (sampled)
    52.13784     5.34441   -15.04616     0.00193 (mid-point)
    52.23784     4.94507   -10.91604     0.00324   (sampled)
    52.33784     4.86906   -10.80311     0.00458 (mid-point)
    52.43784     4.79426   -10.69019     0.00596   (sampled)
    52.53784     4.72068   -10.57727     0.00739 (mid-point)
    52.63784     4.64841   -10.46435     0.00887   (sampled)
    52.73784     4.57716   -10.35185     0.01038 (mid-point)
    52.83784     4.50664   -10.23934     0.01195   (sampled)
    52.93784     4.43839   -10.12645     0.01357 (mid-point)
    53.03784     4.37148   -10.01355     0.01523   (sampled)
    53.13784     4.30621    -9.90113     0.01695 (mid-point)
    53.23784     4.24193    -9.78871     0.01872   (sampled)
    53.33784     4.17953    -9.67649     0.02054 (mid-point)
    53.43784     4.11810    -9.56426     0.02242   (sampled)
    53.53784     4.05986    -9.45191     0.02435 (mid-point)
    53.63784     4.00173    -9.33956     0.02634   (sampled)
    53.73784     3.94223    -9.23073     0.02839 (mid-point)
    53.83784     3.88256    -9.12189     0.03050   (sampled)
    53.93784     3.81299    -9.01178     0.03269 (mid-point)
    54.03784     3.74491    -8.90167     0.03496   (sampled)
    54.13784     3.67483    -8.78546     0.03731 (mid-point)
    54.23784     3.60184    -8.66926     0.03977   (sampled)
    54.33784     3.52916    -8.54997     0.04232 (mid-point)
    54.43784     3.45810    -8.43068     0.04498   (sampled)
    54.53784     3.38930    -8.31116     0.04775 (mid-point)
    54.63784     3.32242    -8.19164     0.05064   (sampled)
    54.73784     3.25700    -8.07243     0.05364 (mid-point)
    54.83784     3.19355    -7.95321     0.05676   (sampled)
    54.93784     3.13287    -7.83273     0.06000 (mid-point)
    55.03784     3.07466    -7.71225     0.06337   (sampled)
    55.13784     3.01801    -7.59317     0.06687 (mid-point)
    55.23784     2.96254    -7.47410     0.07049   (sampled)
    55.33784     2.90748    -7.35743     0.07426 (mid-point)
    55.43784     2.85516    -7.24076     0.07816   (sampled)
    55.53784     2.80496    -7.12347     0.08221 (mid-point)
    55.63784     2.75775    -7.00617     0.08639   (sampled)
    55.73784     2.71248    -6.88863     0.09072 (mid-point)
    55.83784     2.66997    -6.77108     0.09518   (sampled)
    55.93784     2.63081    -6.65328     0.09978 (mid-point)
    56.03784     2.59442    -6.53547     0.10451   (sampled)
    56.13784     2.56215    -6.41634     0.10936 (mid-point)
    56.23784     2.53156    -6.29720     0.11433   (sampled)
    56.33784     2.49904    -6.17170     0.11943 (mid-point)
    56.43784     2.46826    -6.04621     0.12465   (sampled)
    56.53784     2.41849    -5.87502     0.13009 (mid-point)
    56.63784     2.37392    -5.70384     0.13574   (sampled)
    56.73784     2.32895    -5.58267     0.14161 (mid-point)
    56.83784     2.28704    -5.46150     0.14769   (sampled)
    56.93784     2.24771    -5.34595     0.15399 (mid-point)
    57.03784     2.21047    -5.23041     0.16051   (sampled)
    57.13784     2.16612    -5.12777     0.16729 (mid-point)
    57.23784     2.12083    -5.02513     0.17437   (sampled)
    57.33784     2.07679    -4.92172     0.18175 (mid-point)
    57.43784     2.03444    -4.81831     0.18944   (sampled)
    57.53784     1.98993    -4.55225     0.19748 (mid-point)
    57.63784     1.96292    -4.28619     0.20574   (sampled)
    57.73784     1.93506    -4.16062     0.21424 (mid-point)
    57.83784     1.91118    -4.03505     0.22296   (sampled)
    57.93784     1.89053    -3.90905     0.23186 (mid-point)
    58.03784     1.87403    -3.78306     0.24093   (sampled)
    58.13784     1.86067    -3.65333     0.25012 (mid-point)
    58.23784     1.85057    -3.52360     0.25941   (sampled)
    58.33784     1.84813    -3.40057     0.26873 (mid-point)
    58.43784     1.84924    -3.27754     0.27804   (sampled)
    58.53784     1.84250    -3.16393     0.28742 (mid-point)
    58.63784     1.83925    -3.05031     0.29683   (sampled)
    58.73784     1.81837    -2.66602     0.30646 (mid-point)
    58.83784     1.83693    -2.28174     0.31589   (sampled)
    58.93784     1.75554    -1.50133     0.32622 (mid-point)
    59.03784     1.84057    -0.72092     0.33561   (sampled)
    59.13784     1.84526    -0.60141     0.34496 (mid-point)
    59.23784     1.85335    -0.48191     0.35423   (sampled)
    59.33784     1.86616    -0.36057     0.36337 (mid-point)
    59.43784     1.88286    -0.23923     0.37235   (sampled)
    59.53784     1.90280    -0.11961     0.38114 (mid-point)
    59.63784     1.92643     0.00000     0.38972   (sampled)
    59.73784     1.95536     0.12266     0.39804 (mid-point)
    59.83784     1.98615     0.24533     0.40611   (sampled)
    59.93784     2.00873     0.36533     0.41400 (mid-point)
    60.03784     2.03442     0.48533     0.42169   (sampled)
    60.13784     2.29499     3.42995     0.42773 (mid-point)
    60.23784     3.71945     6.37457     0.43003   (sampled)
    60.33784     7.89158    11.80680     0.43054 (mid-point)
    60.43784    12.89303    17.23902     0.43074   (sampled)

 Minimum radius found:      1.756 angstroms.



 For spherical probe approach, The geometric factor
         F= sum(ds/area) along channel is    0.431 angstroms**-1
 This yields a macroscopic predicted molar conductance of:
   (1/rho)*(100/F)= (230/rho) pS,
   where rho is the conductivity of 1M permeant ion in ohm m.
 N.B. this is a macroscopic conductance - an overestimate 
 Empirically corrected conductances currently only available
 With the CAPSULE option (although its not that stable!)
 For 1M KCl rho= 1/12 (ohm m), So Gmacro= 2800 pS/M.
  (TAG      1   Rmin=     1.75554   Gmacro=  2785.92688 Conn_Gmacro=    -1.00000 ).
 HOLE: normal completion
