 *** Program HOLE ***
 
 If results of this run are reported or published, please
 cite the publication listed below.
 For the HOLE program:
   Smart, O.S., Goodfellow, J.M., Wallace, B.A. (1993). 
   The pore dimensions of gramicidin A. 
   Biophys. J., 65, 2455-2460.
 
 Originally written by Oliver Smart at Birkbeck College from April 1992.
 Copyright 1993-2005 Oliver Smart
 Copyright 2014-2015 SmartSci Limited.
 Copyright 2016 Oliver Smart.
 
 For help on HOLE suite see  http://www.holeprogram.org/
 
 HOLE release 2.2.005 (07 August 2016) 
 
 usage subject to Apache License, Version 2.0 
 see http://www.apache.org/licenses/LICENSE-2.0 

 Control variables read:

! Input file for Oliver Smart's HOLE program
! written by MDAnalysis.analysis.hole2.HoleAnalysis
! for a Universe
! u = mda.Universe(/afs/crc.nd.edu/user/m/mfarshad/Private/ML-new/traj/host-172/
!    /afs/crc.nd.edu/user/m/mfarshad/Private/ML-new/traj/host-172/host_172.trr
!   )
! Frame 19

COORD  /tmp/2550127.1.long/tmp6ye40tpv.pdb
RADIUS simple2.rad
SPHPDB hole019.sph
SAMPLE 0.200000
ENDRAD 22.000000
IGNORE SOL WAT TIP HOH K   NA  CL
SHORTO 0
RASEED 31415
CPOINT 39.8285636902 40.0541385905 39.9240109762


 WARNING have not found a CVECT record - will try to guess
 Input pdb filename read as:    '/tmp/2550127.1.long/tmp6ye40tpv.pdb'
 Input vdW radius file read as: 'simple2.rad'
 point in channel:   39.829  40.054  39.924
 channel vector:   ************************
 sampling distance between planes:    0.200

 graphics conditions:
 binary plot output file name: NONE
 Dot density:    10
 Draw dots?           T
 Draw close contacts? F
 Draw centre line?    T
 Produce spikes rather than dots? F
 Seed for random number generator:     31415 (0 means value set by program)
 Radius above which a result is regarded as an 'end':  22.000
 Pdb format file for sphere centres: hole019.sph

 Monte Carlo conditions:
  no of steps:  1000
  maximum displacement   0.100 angs
  'kT' initial   0.100 angs
 The spherebox and capsule options are turned off.
 (No molqpt card so will not write qpt file of the molecule)
 IGNORE card read so will ignore residue types: SOL WAT TIP HOH K   NA  CL
 no SHORTO card read so will produce full textual output
 As no PEGRAT card was found will not produce PEG polymer exclusion graph
 (No 2DMAPS card specified so will not produce 2D property maps)
 Have not found a CUT card.  Normal calculation using
   Cutoff lists with a cutsize=       1.000
   (if you wish to turn off option use a CUT -1 card)

 Have read     7 bond radius records and
              16 vdW radius records.
 From file: simple2.rad

 Have read    75 atom records.
 From file: /tmp/2550127.1.long/tmp6ye40tpv.pdb
 Will not produce graphical output

 Have opened file for pdb format output of sphere centres:  hole019.sph

  Seed integer used by ran # generator on this run      31415

 
 S/R cguess will try to guess CPOINT and/or CVECT
 
 THESE GUESSES MAY WELL BE WRONG!!!!
 Routine relies on having a reasonably symmetric
 channel oriented along x, y or z vector
 YOU ARE STRONGLY ADVISED TO CHECK THE RESULTS
                       WITH MOLECULAR GRAPHICS
 testing points from cpoint in X, Y then Z direction
   point                   pore radius
direction     1
  34.829  40.054  39.924    -0.892
  35.829  40.054  39.924    -1.355
  36.829  40.054  39.924    -0.596
  37.829  40.054  39.924     0.363
  38.829  40.054  39.924     1.348
  39.829  40.054  39.924     1.872
  40.829  40.054  39.924     1.195
  41.829  40.054  39.924     0.541
  42.829  40.054  39.924    -0.273
  43.829  40.054  39.924    -0.829
  44.829  40.054  39.924    -0.784
 Average pore radius along the line=      0.053
direction     2
  39.829  35.054  39.924    -1.116
  39.829  36.054  39.924    -0.981
  39.829  37.054  39.924    -0.221
  39.829  38.054  39.924     0.539
  39.829  39.054  39.924     1.349
  39.829  40.054  39.924     1.872
  39.829  41.054  39.924     1.421
  39.829  42.054  39.924     0.489
  39.829  43.054  39.924    -0.385
  39.829  44.054  39.924    -0.943
  39.829  45.054  39.924    -1.225
 Average pore radius along the line=      0.073
direction     3
  39.829  40.054  34.924     2.043
  39.829  40.054  35.924     1.535
  39.829  40.054  36.924     1.365
  39.829  40.054  37.924     1.362
  39.829  40.054  38.924     1.571
  39.829  40.054  39.924     1.872
  39.829  40.054  40.924     1.988
  39.829  40.054  41.924     1.793
  39.829  40.054  42.924     1.818
  39.829  40.054  43.924     2.095
  39.829  40.054  44.924     2.477
 Average pore radius along the line=      1.811
 Best direction is found to be     3
(1=X,2=Y,3=Z)
 s/r cguess has produced initial values for cpoint &/or cvect:
CPOINT      39.8286     40.0541     39.9240
CVECT        0.0000      0.0000      1.0000
 THESE GUESSES MAY WELL BE WRONG!!!!
 Routine relies on having a reasonably symmetric
 channel oriented along x, y or z vector
 YOU ARE STRONGLY ADVISED TO CHECK THE RESULTS
                       WITH MOLECULAR GRAPHICS
 
 
  Some routines (e.g. conn) need vectors normal to cvect: 
     EAST Zero degrees angle is along vector    1.000   0.000   0.000
     NORTH  90 degrees angle is along vector    0.000  -1.000   0.000
 highest radius point found:
  at point   39.597  40.121  39.924
  closest atom surface    2.077   C8  172 X    1
  2nd closest surface     2.078   C29 172 X    1
  found on step  995
  this is also current point
  no. of rejections          398
 stored as     0

 highest radius point found:
  at point   39.633  40.046  40.124
  closest atom surface    2.093   C8  172 X    1
  2nd closest surface     2.096   C3  172 X    1
  found on step  166
 current point:
  at point   39.641  40.052  40.124
  closest atom surface    2.093   C8  172 X    1
  2nd closest surface     2.094   C29 172 X    1
  found on step  966
  no. of rejections          389
 stored as     1

 highest radius point found:
  at point   39.742  40.039  40.324
  closest atom surface    2.110   C29 172 X    1
  2nd closest surface     2.110   C8  172 X    1
  found on step  820
 current point:
  at point   39.743  40.038  40.324
  closest atom surface    2.109   C29 172 X    1
  2nd closest surface     2.111   C23 172 X    1
  found on step  971
  no. of rejections          382
 stored as     2

 highest radius point found:
  at point   39.953  40.136  40.524
  closest atom surface    2.123   C29 172 X    1
  2nd closest surface     2.125   C23 172 X    1
  found on step  997
  this is also current point
  no. of rejections          407
 stored as     3

 highest radius point found:
  at point   40.176  40.216  40.724
  closest atom surface    2.143   C29 172 X    1
  2nd closest surface     2.144   C9  172 X    1
  found on step  934
  this is also current point
  no. of rejections          365
 stored as     4

 highest radius point found:
  at point   40.349  40.317  40.924
  closest atom surface    2.116   C9  172 X    1
  2nd closest surface     2.118   C13 172 X    1
  found on step  887
  this is also current point
  no. of rejections          372
 stored as     5

 highest radius point found:
  at point   40.393  40.372  41.124
  closest atom surface    2.087   C9  172 X    1
  2nd closest surface     2.088   O5  172 X    1
  found on step  937
  this is also current point
  no. of rejections          372
 stored as     6

 highest radius point found:
  at point   40.436  40.428  41.324
  closest atom surface    2.067   C9  172 X    1
  2nd closest surface     2.069   C13 172 X    1
  found on step  945
  this is also current point
  no. of rejections          398
 stored as     7

 highest radius point found:
  at point   40.470  40.477  41.524
  closest atom surface    2.061   C9  172 X    1
  2nd closest surface     2.061   O5  172 X    1
  found on step  906
  this is also current point
  no. of rejections          367
 stored as     8

 highest radius point found:
  at point   40.513  40.531  41.724
  closest atom surface    2.066   C9  172 X    1
  2nd closest surface     2.066   O5  172 X    1
  found on step  911
  this is also current point
  no. of rejections          367
 stored as     9

 highest radius point found:
  at point   40.566  40.589  41.924
  closest atom surface    2.084   O5  172 X    1
  2nd closest surface     2.085   C9  172 X    1
  found on step  981
  this is also current point
  no. of rejections          400
 stored as    10

 highest radius point found:
  at point   40.610  40.643  42.124
  closest atom surface    2.112   C9  172 X    1
  2nd closest surface     2.113   C13 172 X    1
  found on step  832
 current point:
  at point   40.612  40.644  42.124
  closest atom surface    2.112   C13 172 X    1
  2nd closest surface     2.112   C9  172 X    1
  found on step  962
  no. of rejections          381
 stored as    11

 highest radius point found:
  at point   40.656  40.699  42.324
  closest atom surface    2.150   C13 172 X    1
  2nd closest surface     2.151   C9  172 X    1
  found on step  708
 current point:
  at point   40.648  40.691  42.324
  closest atom surface    2.148   O5  172 X    1
  2nd closest surface     2.153   C9  172 X    1
  found on step  985
  no. of rejections          391
 stored as    12

 highest radius point found:
  at point   40.765  40.738  42.524
  closest atom surface    2.183   O2  172 X    1
  2nd closest surface     2.183   O5  172 X    1
  found on step  939
  this is also current point
  no. of rejections          376
 stored as    13

 highest radius point found:
  at point   40.890  40.776  42.724
  closest atom surface    2.222   O5  172 X    1
  2nd closest surface     2.223   O2  172 X    1
  found on step  963
  this is also current point
  no. of rejections          382
 stored as    14

 highest radius point found:
  at point   41.022  40.816  42.924
  closest atom surface    2.277   O2  172 X    1
  2nd closest surface     2.277   O5  172 X    1
  found on step  740
 current point:
  at point   41.024  40.818  42.924
  closest atom surface    2.276   O2  172 X    1
  2nd closest surface     2.279   C13 172 X    1
  found on step  899
  no. of rejections          396
 stored as    15

 highest radius point found:
  at point   41.085  40.837  43.124
  closest atom surface    2.330   O5  172 X    1
  2nd closest surface     2.332   O2  172 X    1
  found on step  866
  this is also current point
  no. of rejections          397
 stored as    16

 highest radius point found:
  at point   41.147  40.857  43.324
  closest atom surface    2.392   O3  172 X    1
  2nd closest surface     2.392   O5  172 X    1
  found on step  940
  this is also current point
  no. of rejections          404
 stored as    17

 highest radius point found:
  at point   41.197  40.876  43.524
  closest atom surface    2.463   O5  172 X    1
  2nd closest surface     2.464   O3  172 X    1
  found on step  876
  this is also current point
  no. of rejections          389
 stored as    18

 highest radius point found:
  at point   41.249  40.897  43.724
  closest atom surface    2.543   O3  172 X    1
  2nd closest surface     2.545   O2  172 X    1
  found on step  818
 current point:
  at point   41.235  40.892  43.724
  closest atom surface    2.540   O5  172 X    1
  2nd closest surface     2.543   O2  172 X    1
  found on step  970
  no. of rejections          405
 stored as    19

 highest radius point found:
  at point   41.299  40.916  43.924
  closest atom surface    2.632   O3  172 X    1
  2nd closest surface     2.632   O2  172 X    1
  found on step  816
 current point:
  at point   41.299  40.915  43.924
  closest atom surface    2.632   O5  172 X    1
  2nd closest surface     2.633   O3  172 X    1
  found on step  974
  no. of rejections          386
 stored as    20

 highest radius point found:
  at point   41.347  40.934  44.124
  closest atom surface    2.728   O5  172 X    1
  2nd closest surface     2.729   O2  172 X    1
  found on step  884
 current point:
  at point   41.346  40.934  44.124
  closest atom surface    2.728   O2  172 X    1
  2nd closest surface     2.728   O5  172 X    1
  found on step  887
  no. of rejections          387
 stored as    21

 highest radius point found:
  at point   41.404  40.958  44.324
  closest atom surface    2.831   O3  172 X    1
  2nd closest surface     2.831   O2  172 X    1
  found on step  955
  this is also current point
  no. of rejections          375
 stored as    22

 highest radius point found:
  at point   41.457  40.970  44.524
  closest atom surface    2.942   O5  172 X    1
  2nd closest surface     2.943   O3  172 X    1
  found on step  742
 current point:
  at point   41.448  40.970  44.524
  closest atom surface    2.942   O5  172 X    1
  2nd closest surface     2.944   O2  172 X    1
  found on step  988
  no. of rejections          368
 stored as    23

 highest radius point found:
  at point   41.502  40.992  44.724
  closest atom surface    3.061   O2  172 X    1
  2nd closest surface     3.062   O5  172 X    1
  found on step  994
  this is also current point
  no. of rejections          342
 stored as    24

 highest radius point found:
  at point   41.563  41.007  44.924
  closest atom surface    3.182   O5  172 X    1
  2nd closest surface     3.183   O3  172 X    1
  found on step  961
  this is also current point
  no. of rejections          339
 stored as    25

 highest radius point found:
  at point   41.612  41.028  45.124
  closest atom surface    3.313   O5  172 X    1
  2nd closest surface     3.313   O3  172 X    1
  found on step  807
 current point:
  at point   41.617  41.027  45.124
  closest atom surface    3.311   O3  172 X    1
  2nd closest surface     3.313   O5  172 X    1
  found on step  956
  no. of rejections          376
 stored as    26

 highest radius point found:
  at point   41.659  41.052  45.324
  closest atom surface    3.448   O2  172 X    1
  2nd closest surface     3.449   O3  172 X    1
  found on step  660
 current point:
  at point   41.654  41.048  45.324
  closest atom surface    3.447   O2  172 X    1
  2nd closest surface     3.448   O5  172 X    1
  found on step  945
  no. of rejections          366
 stored as    27

 highest radius point found:
  at point   41.709  41.070  45.524
  closest atom surface    3.587   O2  172 X    1
  2nd closest surface     3.589   O3  172 X    1
  found on step  646
 current point:
  at point   41.709  41.070  45.524
  closest atom surface    3.587   O2  172 X    1
  2nd closest surface     3.589   O3  172 X    1
  found on step  946
  no. of rejections          332
 stored as    28

 highest radius point found:
  at point   41.762  41.089  45.724
  closest atom surface    3.731   O2  172 X    1
  2nd closest surface     3.732   O3  172 X    1
  found on step  969
  this is also current point
  no. of rejections          302
 stored as    29

 highest radius point found:
  at point   41.820  41.115  45.924
  closest atom surface    3.875   H18 172 X    1
  2nd closest surface     3.875   O3  172 X    1
  found on step  987
  this is also current point
  no. of rejections          309
 stored as    30

 highest radius point found:
  at point   41.874  41.143  46.124
  closest atom surface    4.023   O3  172 X    1
  2nd closest surface     4.024   H18 172 X    1
  found on step  993
  this is also current point
  no. of rejections          300
 stored as    31

 highest radius point found:
  at point   41.929  41.172  46.324
  closest atom surface    4.175   O3  172 X    1
  2nd closest surface     4.177   O2  172 X    1
  found on step  998
  this is also current point
  no. of rejections          290
 stored as    32

 highest radius point found:
  at point   41.985  41.197  46.524
  closest atom surface    4.331   O3  172 X    1
  2nd closest surface     4.332   H18 172 X    1
  found on step  703
 current point:
  at point   41.985  41.206  46.524
  closest atom surface    4.329   O3  172 X    1
  2nd closest surface     4.329   O2  172 X    1
  found on step  935
  no. of rejections          317
 stored as    33

 highest radius point found:
  at point   42.040  41.223  46.724
  closest atom surface    4.490   O3  172 X    1
  2nd closest surface     4.491   H18 172 X    1
  found on step  994
  this is also current point
  no. of rejections          291
 stored as    34

 highest radius point found:
  at point   42.092  41.253  46.924
  closest atom surface    4.652   O3  172 X    1
  2nd closest surface     4.652   O2  172 X    1
  found on step  984
  this is also current point
  no. of rejections          269
 stored as    35

 highest radius point found:
  at point   42.156  41.292  47.124
  closest atom surface    4.812   O3  172 X    1
  2nd closest surface     4.815   O2  172 X    1
  found on step   10
 current point:
  at point   43.409  40.536  47.124
  closest atom surface    4.720   O4  172 X    1
  2nd closest surface     4.721   O5  172 X    1
  found on step  959
  no. of rejections          253
 stored as    36

 highest radius point found:
  at point   42.232  41.285  47.324
  closest atom surface    4.979   O3  172 X    1
  2nd closest surface     4.982   H18 172 X    1
  found on step  412
 current point:
  at point   42.980  40.811  47.324
  closest atom surface    4.901   O5  172 X    1
  2nd closest surface     4.901   H18 172 X    1
  found on step  978
  no. of rejections          287
 stored as    37

 highest radius point found:
  at point   42.256  41.327  47.524
  closest atom surface    5.154   O3  172 X    1
  2nd closest surface     5.156   H18 172 X    1
  found on step  994
  this is also current point
  no. of rejections          282
 stored as    38

 highest radius point found:
  at point   42.311  41.353  47.724
  closest atom surface    5.326   O3  172 X    1
  2nd closest surface     5.328   O2  172 X    1
  found on step   84
 current point:
  at point   42.321  41.343  47.724
  closest atom surface    5.324   H18 172 X    1
  2nd closest surface     5.325   O3  172 X    1
  found on step  982
  no. of rejections          256
 stored as    39

 highest radius point found:
  at point   42.336  41.388  47.924
  closest atom surface    5.486   O2  172 X    1
  2nd closest surface     5.502   H18 172 X    1
  found on step   74
 current point:
  at point   43.610  40.616  47.924
  closest atom surface    5.448   O4  172 X    1
  2nd closest surface     5.448   O3  172 X    1
  found on step  955
  no. of rejections          243
 stored as    40

 highest radius point found:
  at point   42.416  41.407  48.124
  closest atom surface    5.675   O2  172 X    1
  2nd closest surface     5.676   O3  172 X    1
  found on step  843
 current point:
  at point   42.431  41.395  48.124
  closest atom surface    5.674   O3  172 X    1
  2nd closest surface     5.677   H18 172 X    1
  found on step  995
  no. of rejections          284
 stored as    41

 highest radius point found:
  at point   42.484  41.417  48.324
  closest atom surface    5.852   O3  172 X    1
  2nd closest surface     5.852   H18 172 X    1
  found on step  400
 current point:
  at point   43.699  40.661  48.324
  closest atom surface    5.818   O5  172 X    1
  2nd closest surface     5.818   O3  172 X    1
  found on step  982
  no. of rejections          251
 stored as    42

 highest radius point found:
  at point   42.523  41.454  48.524
  closest atom surface    6.032   O2  172 X    1
  2nd closest surface     6.033   O3  172 X    1
  found on step  569
 current point:
  at point   42.521  41.448  48.524
  closest atom surface    6.032   H18 172 X    1
  2nd closest surface     6.034   O3  172 X    1
  found on step  999
  no. of rejections          277
 stored as    43

 highest radius point found:
  at point   44.556  46.264  48.724
  closest atom surface    6.942   O3  172 X    1
  2nd closest surface     6.982   O2  172 X    1
  found on step  999
  this is also current point
  no. of rejections          154
 stored as    44

 highest radius point found:
  at point   48.626  54.124  48.924
  closest atom surface   13.098   C13 172 X    1
  2nd closest surface    13.172   O3  172 X    1
  found on step  997
  this is also current point
  no. of rejections          216
 stored as    45

 highest radius point found:
  at point   53.330  64.375  49.124
  closest atom surface   23.195   C13 172 X    1
  2nd closest surface    23.352   H9  172 X    1
  found on step 1000
  this is also current point
  no. of rejections          215
 This is an end! (radius above  22.0 angs)
 highest radius point found:
  at point   39.562  40.198  39.724
  closest atom surface    2.071   C29 172 X    1
  2nd closest surface     2.071   C8  172 X    1
  found on step  973
  this is also current point
  no. of rejections          363
 stored as    -1

 highest radius point found:
  at point   39.550  40.299  39.524
  closest atom surface    2.072   C29 172 X    1
  2nd closest surface     2.072   C8  172 X    1
  found on step  972
  this is also current point
  no. of rejections          374
 stored as    -2

 highest radius point found:
  at point   39.508  40.283  39.324
  closest atom surface    2.041   C29 172 X    1
  2nd closest surface     2.041   C33 172 X    1
  found on step  814
 current point:
  at point   39.507  40.285  39.324
  closest atom surface    2.040   C33 172 X    1
  2nd closest surface     2.042   C29 172 X    1
  found on step  988
  no. of rejections          394
 stored as    -3

 highest radius point found:
  at point   39.470  40.263  39.124
  closest atom surface    2.013   C29 172 X    1
  2nd closest surface     2.018   C33 172 X    1
  found on step  999
  this is also current point
  no. of rejections          374
 stored as    -4

 highest radius point found:
  at point   39.423  40.241  38.924
  closest atom surface    2.003   C29 172 X    1
  2nd closest surface     2.003   C4  172 X    1
  found on step  850
 current point:
  at point   39.421  40.240  38.924
  closest atom surface    2.000   C4  172 X    1
  2nd closest surface     2.003   C33 172 X    1
  found on step  967
  no. of rejections          393
 stored as    -5

 highest radius point found:
  at point   39.364  40.238  38.724
  closest atom surface    1.978   O7  172 X    1
  2nd closest surface     1.978   C33 172 X    1
  found on step  828
 current point:
  at point   39.371  40.242  38.724
  closest atom surface    1.976   O7  172 X    1
  2nd closest surface     1.976   C33 172 X    1
  found on step  921
  no. of rejections          422
 stored as    -6

 highest radius point found:
  at point   39.286  40.234  38.524
  closest atom surface    1.960   O7  172 X    1
  2nd closest surface     1.960   C33 172 X    1
  found on step  965
  this is also current point
  no. of rejections          401
 stored as    -7

 highest radius point found:
  at point   39.215  40.234  38.324
  closest atom surface    1.951   C33 172 X    1
  2nd closest surface     1.953   O7  172 X    1
  found on step  347
 current point:
  at point   39.214  40.229  38.324
  closest atom surface    1.950   O7  172 X    1
  2nd closest surface     1.954   C4  172 X    1
  found on step  990
  no. of rejections          377
 stored as    -8

 highest radius point found:
  at point   39.143  40.228  38.124
  closest atom surface    1.955   O7  172 X    1
  2nd closest surface     1.956   C34 172 X    1
  found on step  939
  this is also current point
  no. of rejections          360
 stored as    -9

 highest radius point found:
  at point   39.069  40.217  37.924
  closest atom surface    1.968   O7  172 X    1
  2nd closest surface     1.968   C34 172 X    1
  found on step  987
  this is also current point
  no. of rejections          376
 stored as   -10

 highest radius point found:
  at point   38.991  40.200  37.724
  closest atom surface    1.992   O7  172 X    1
  2nd closest surface     1.993   C34 172 X    1
  found on step  892
  this is also current point
  no. of rejections          408
 stored as   -11

 highest radius point found:
  at point   38.913  40.184  37.524
  closest atom surface    2.028   O7  172 X    1
  2nd closest surface     2.030   C34 172 X    1
  found on step  840
 current point:
  at point   38.920  40.186  37.524
  closest atom surface    2.025   O7  172 X    1
  2nd closest surface     2.032   C34 172 X    1
  found on step  947
  no. of rejections          392
 stored as   -12

 highest radius point found:
  at point   38.837  40.169  37.324
  closest atom surface    2.076   O7  172 X    1
  2nd closest surface     2.077   C4  172 X    1
  found on step  974
  this is also current point
  no. of rejections          387
 stored as   -13

 highest radius point found:
  at point   38.781  40.171  37.124
  closest atom surface    2.133   O7  172 X    1
  2nd closest surface     2.133   C34 172 X    1
  found on step  980
  this is also current point
  no. of rejections          370
 stored as   -14

 highest radius point found:
  at point   38.735  40.180  36.924
  closest atom surface    2.197   O7  172 X    1
  2nd closest surface     2.198   C34 172 X    1
  found on step  976
  this is also current point
  no. of rejections          376
 stored as   -15

 highest radius point found:
  at point   38.689  40.166  36.724
  closest atom surface    2.254   O1  172 X    1
  2nd closest surface     2.254   O9  172 X    1
  found on step  715
 current point:
  at point   38.708  40.184  36.724
  closest atom surface    2.253   O7  172 X    1
  2nd closest surface     2.254   O9  172 X    1
  found on step  920
  no. of rejections          384
 stored as   -16

 highest radius point found:
  at point   38.748  40.236  36.524
  closest atom surface    2.303   O7  172 X    1
  2nd closest surface     2.304   O9  172 X    1
  found on step  466
 current point:
  at point   38.792  40.282  36.524
  closest atom surface    2.302   O9  172 X    1
  2nd closest surface     2.302   O7  172 X    1
  found on step  900
  no. of rejections          364
 stored as   -17

 highest radius point found:
  at point   38.605  40.104  36.324
  closest atom surface    2.374   O9  172 X    1
  2nd closest surface     2.375   O1  172 X    1
  found on step  906
  this is also current point
  no. of rejections          377
 stored as   -18

 highest radius point found:
  at point   38.564  40.073  36.124
  closest atom surface    2.449   O7  172 X    1
  2nd closest surface     2.449   O9  172 X    1
  found on step  651
 current point:
  at point   38.567  40.077  36.124
  closest atom surface    2.448   O9  172 X    1
  2nd closest surface     2.449   O7  172 X    1
  found on step  953
  no. of rejections          390
 stored as   -19

 highest radius point found:
  at point   38.590  40.142  35.924
  closest atom surface    2.505   O9  172 X    1
  2nd closest surface     2.510   H24 172 X    1
  found on step    9
 current point:
  at point   38.777  40.356  35.924
  closest atom surface    2.477   H24 172 X    1
  2nd closest surface     2.481   O9  172 X    1
  found on step  998
  no. of rejections          346
 stored as   -20

 highest radius point found:
  at point   38.459  40.012  35.724
  closest atom surface    2.612   H24 172 X    1
  2nd closest surface     2.613   O9  172 X    1
  found on step  976
  this is also current point
  no. of rejections          370
 stored as   -21

 highest radius point found:
  at point   38.403  39.977  35.524
  closest atom surface    2.708   O1  172 X    1
  2nd closest surface     2.708   O9  172 X    1
  found on step  515
 current point:
  at point   38.404  39.975  35.524
  closest atom surface    2.707   O1  172 X    1
  2nd closest surface     2.707   H24 172 X    1
  found on step  986
  no. of rejections          373
 stored as   -22

 highest radius point found:
  at point   38.354  39.945  35.324
  closest atom surface    2.812   H24 172 X    1
  2nd closest surface     2.812   O1  172 X    1
  found on step  953
  this is also current point
  no. of rejections          357
 stored as   -23

 highest radius point found:
  at point   38.306  39.914  35.124
  closest atom surface    2.922   H24 172 X    1
  2nd closest surface     2.924   O1  172 X    1
  found on step  871
  this is also current point
  no. of rejections          380
 stored as   -24

 highest radius point found:
  at point   38.257  39.886  34.924
  closest atom surface    3.041   H24 172 X    1
  2nd closest surface     3.041   O9  172 X    1
  found on step  973
  this is also current point
  no. of rejections          375
 stored as   -25

 highest radius point found:
  at point   38.206  39.852  34.724
  closest atom surface    3.166   O9  172 X    1
  2nd closest surface     3.166   O1  172 X    1
  found on step  975
  this is also current point
  no. of rejections          357
 stored as   -26

 highest radius point found:
  at point   38.163  39.828  34.524
  closest atom surface    3.294   O9  172 X    1
  2nd closest surface     3.297   H24 172 X    1
  found on step  987
  this is also current point
  no. of rejections          337
 stored as   -27

 highest radius point found:
  at point   38.112  39.787  34.324
  closest atom surface    3.432   H24 172 X    1
  2nd closest surface     3.432   O1  172 X    1
  found on step  576
 current point:
  at point   38.107  39.789  34.324
  closest atom surface    3.431   O9  172 X    1
  2nd closest surface     3.431   O1  172 X    1
  found on step  988
  no. of rejections          345
 stored as   -28

 highest radius point found:
  at point   38.064  39.759  34.124
  closest atom surface    3.573   O9  172 X    1
  2nd closest surface     3.574   O1  172 X    1
  found on step  978
  this is also current point
  no. of rejections          291
 stored as   -29

 highest radius point found:
  at point   38.020  39.726  33.924
  closest atom surface    3.719   H24 172 X    1
  2nd closest surface     3.719   O1  172 X    1
  found on step  897
  this is also current point
  no. of rejections          345
 stored as   -30

 highest radius point found:
  at point   37.975  39.695  33.724
  closest atom surface    3.869   O1  172 X    1
  2nd closest surface     3.869   O9  172 X    1
  found on step  846
 current point:
  at point   37.969  39.695  33.724
  closest atom surface    3.867   O1  172 X    1
  2nd closest surface     3.867   O9  172 X    1
  found on step  992
  no. of rejections          331
 stored as   -31

 highest radius point found:
  at point   37.926  39.660  33.524
  closest atom surface    4.020   O1  172 X    1
  2nd closest surface     4.023   O9  172 X    1
  found on step  992
  this is also current point
  no. of rejections          334
 stored as   -32

 highest radius point found:
  at point   37.883  39.633  33.324
  closest atom surface    4.178   O9  172 X    1
  2nd closest surface     4.179   O1  172 X    1
  found on step  974
  this is also current point
  no. of rejections          284
 stored as   -33

 highest radius point found:
  at point   37.838  39.599  33.124
  closest atom surface    4.338   O1  172 X    1
  2nd closest surface     4.339   O9  172 X    1
  found on step  988
  this is also current point
  no. of rejections          312
 stored as   -34

 highest radius point found:
  at point   37.801  39.565  32.924
  closest atom surface    4.500   H24 172 X    1
  2nd closest surface     4.501   O1  172 X    1
  found on step  965
  this is also current point
  no. of rejections          268
 stored as   -35

 highest radius point found:
  at point   37.754  39.539  32.724
  closest atom surface    4.667   O9  172 X    1
  2nd closest surface     4.667   O1  172 X    1
  found on step  985
  this is also current point
  no. of rejections          280
 stored as   -36

 highest radius point found:
  at point   32.633  39.211  32.524
  closest atom surface    5.653   O1  172 X    1
  2nd closest surface     5.704   O9  172 X    1
  found on step 1000
  this is also current point
  no. of rejections          221
 stored as   -37

 highest radius point found:
  at point   22.928  37.297  32.324
  closest atom surface   13.016   C4  172 X    1
  2nd closest surface    13.195   O1  172 X    1
  found on step 1000
  this is also current point
  no. of rejections          228
 stored as   -38

 highest radius point found:
  at point   11.928  35.151  32.124
  closest atom surface   23.452   C4  172 X    1
  2nd closest surface    23.664   C3  172 X    1
  found on step  999
  this is also current point
  no. of rejections          236
 This is an end! (radius above  22.0 angs)
 
 N.b. Graph information routine (HOGRAP) differs 
        markedly from previous versions!
       Information now is written from -ve end
       to +ve in one pass
 
 Explanation of the meaning of each column: 
 First column "cenxyz.cvec" is the coordinate in the
   direction of the channel vector i.e. if the channel
   vector is in z (0 0 1) then it is the z coordinate.
 The second column "radius" is the hole pore radius 
   (as defined in the Biophys J 1993) article).
 The third column "cen_line_D" is the distance 
   measured along the pore centre line - with the 
   first point found set to zero. This was the first
   thing that I used to measure the distance along a pore
   but "cenxyz.cvec" is a much better general measure. 
   However, by comparing changes in this distance to changes in '   "cenxyz.cvec" one can get a measure of how straight a 
   channel is.
 The fourth column "sum{s/(area)}" is useful in conductance
   prediction -
   basically it is the sum of the thickness of each slab
   divided by its area. HOLE uses this measure to estimate
   the macroscopic conductance of a channel.
 If any of this worries you one can see the "raw" results
   of a standard hole run by producing a sphpdb file and 
    directly looking at the results.
 cenxyz.cvec      radius  cen_line_D sum{s/(area point sourc
    32.32401    13.01583   -22.72187     0.00019   (sampled)
    32.42401     8.90892   -17.77470     0.00059 (mid-point)
    32.52401     5.65286   -12.82753     0.00159   (sampled)
    32.62401     4.67678   -10.26008     0.00304 (mid-point)
    32.72401     4.66709    -7.69264     0.00450   (sampled)
    32.82401     4.58377    -7.58911     0.00602 (mid-point)
    32.92401     4.49956    -7.48558     0.00759   (sampled)
    33.02401     4.41887    -7.38240     0.00922 (mid-point)
    33.12401     4.33755    -7.27922     0.01091   (sampled)
    33.22401     4.25772    -7.17534     0.01267 (mid-point)
    33.32401     4.17813    -7.07146     0.01449   (sampled)
    33.42401     4.09887    -6.96832     0.01638 (mid-point)
    33.52401     4.01983    -6.86518     0.01835   (sampled)
    33.62401     3.94388    -6.76081     0.02040 (mid-point)
    33.72401     3.86886    -6.65644     0.02253   (sampled)
    33.82401     3.79365    -6.55270     0.02474 (mid-point)
    33.92401     3.71938    -6.44895     0.02704   (sampled)
    34.02401     3.64584    -6.34525     0.02944 (mid-point)
    34.12401     3.57305    -6.24155     0.03193   (sampled)
    34.22401     3.50265    -6.13773     0.03452 (mid-point)
    34.32401     3.43213    -6.03392     0.03723   (sampled)
    34.42401     3.36358    -5.92880     0.04004 (mid-point)
    34.52401     3.29405    -5.82369     0.04297   (sampled)
    34.62401     3.22945    -5.72068     0.04602 (mid-point)
    34.72401     3.16620    -5.61767     0.04920   (sampled)
    34.82401     3.10289    -5.51312     0.05251 (mid-point)
    34.92401     3.04097    -5.40856     0.05595   (sampled)
    35.02401     2.98035    -5.30463     0.05953 (mid-point)
    35.12401     2.92155    -5.20070     0.06326   (sampled)
    35.22401     2.86561    -5.09668     0.06714 (mid-point)
    35.32401     2.81169    -4.99265     0.07116   (sampled)
    35.42401     2.75903    -4.88842     0.07534 (mid-point)
    35.52401     2.70790    -4.78419     0.07969   (sampled)
    35.62401     2.65925    -4.67893     0.08419 (mid-point)
    35.72401     2.61245    -4.57368     0.08885   (sampled)
    35.82401     2.55674    -4.43771     0.09372 (mid-point)
    35.92401     2.50459    -4.30174     0.09879   (sampled)
    36.02401     2.47568    -4.19527     0.10399 (mid-point)
    36.12401     2.44872    -4.08879     0.10930   (sampled)
    36.22401     2.41051    -3.98552     0.11477 (mid-point)
    36.32401     2.37397    -3.88225     0.12042   (sampled)
    36.42401     2.33682    -3.74291     0.12625 (mid-point)
    36.52401     2.30287    -3.60357     0.13225   (sampled)
    36.62401     2.27761    -3.49357     0.13839 (mid-point)
    36.72401     2.25388    -3.38358     0.14466   (sampled)
    36.82401     2.22497    -3.28073     0.15109 (mid-point)
    36.92401     2.19715    -3.17788     0.15768   (sampled)
    37.02401     2.16371    -3.07514     0.16448 (mid-point)
    37.12401     2.13277    -2.97240     0.17148   (sampled)
    37.22401     2.10318    -2.86853     0.17867 (mid-point)
    37.32401     2.07624    -2.76466     0.18606   (sampled)
    37.42401     2.05064    -2.65745     0.19363 (mid-point)
    37.52401     2.02798    -2.55023     0.20137   (sampled)
    37.62401     2.00824    -2.44268     0.20926 (mid-point)
    37.72401     1.99157    -2.33512     0.21728   (sampled)
    37.82401     1.97804    -2.22743     0.22542 (mid-point)
    37.92401     1.96767    -2.11974     0.23364   (sampled)
    38.02401     1.95984    -2.01295     0.24193 (mid-point)
    38.12401     1.95516    -1.90615     0.25025   (sampled)
    38.22401     1.95254    -1.79990     0.25860 (mid-point)
    38.32401     1.95150    -1.69364     0.26696   (sampled)
    38.42401     1.95421    -1.58749     0.27530 (mid-point)
    38.52401     1.95954    -1.48134     0.28359   (sampled)
    38.62401     1.96700    -1.37400     0.29181 (mid-point)
    38.72401     1.97762    -1.26667     0.29995   (sampled)
    38.82401     1.98947    -1.16235     0.30800 (mid-point)
    38.92401     2.00267    -1.05804     0.31593   (sampled)
    39.02401     2.00654    -0.95468     0.32384 (mid-point)
    39.12401     2.01317    -0.85133     0.33169   (sampled)
    39.22401     2.02553    -0.74910     0.33945 (mid-point)
    39.32401     2.04054    -0.64687     0.34710   (sampled)
    39.42401     2.05501    -0.54431     0.35463 (mid-point)
    39.52401     2.07211    -0.44174     0.36205   (sampled)
    39.62401     2.06987    -0.32945     0.36948 (mid-point)
    39.72401     2.07085    -0.21716     0.37690   (sampled)
    39.82401     2.07231    -0.10858     0.38431 (mid-point)
    39.92401     2.07668    -0.00000     0.39169   (sampled)
    40.02401     2.08350     0.10826     0.39902 (mid-point)
    40.12401     2.09328     0.21652     0.40629   (sampled)
    40.22401     2.10024     0.33042     0.41350 (mid-point)
    40.32401     2.11010     0.44432     0.42065   (sampled)
    40.42401     2.11369     0.59727     0.42778 (mid-point)
    40.52401     2.12316     0.75023     0.43484   (sampled)
    40.62401     2.13021     0.90523     0.44185 (mid-point)
    40.72401     2.14327     1.06024     0.44878   (sampled)
    40.82401     2.12748     1.20201     0.45582 (mid-point)
    40.92401     2.11627     1.34378     0.46292   (sampled)
    41.02401     2.10023     1.44974     0.47014 (mid-point)
    41.12401     2.08697     1.55571     0.47745   (sampled)
    41.22401     2.07574     1.66170     0.48484 (mid-point)
    41.32401     2.06734     1.76770     0.49228   (sampled)
    41.42401     2.06272     1.87216     0.49976 (mid-point)
    41.52401     2.06089     1.97661     0.50726   (sampled)
    41.62401     2.06187     2.08246     0.51475 (mid-point)
    41.72401     2.06581     2.18830     0.52221   (sampled)
    41.82401     2.07341     2.29563     0.52961 (mid-point)
    41.92401     2.08402     2.40296     0.53694   (sampled)
    42.02401     2.09702     2.50892     0.54418 (mid-point)
    42.12401     2.11223     2.61488     0.55131   (sampled)
    42.22401     2.12992     2.72116     0.55833 (mid-point)
    42.32401     2.14967     2.82745     0.56522   (sampled)
    42.42401     2.16545     2.94311     0.57200 (mid-point)
    42.52401     2.18332     3.05878     0.57868   (sampled)
    42.62401     2.20108     3.17818     0.58525 (mid-point)
    42.72401     2.22239     3.29758     0.59170   (sampled)
    42.82401     2.24802     3.41900     0.59800 (mid-point)
    42.92401     2.27714     3.54041     0.60413   (sampled)
    43.02401     2.30221     3.64583     0.61014 (mid-point)
    43.12401     2.32982     3.75125     0.61600   (sampled)
    43.22401     2.35954     3.85636     0.62172 (mid-point)
    43.32401     2.39166     3.96147     0.62729   (sampled)
    43.42401     2.42631     4.06501     0.63269 (mid-point)
    43.52401     2.46317     4.16855     0.63794   (sampled)
    43.62401     2.50197     4.27239     0.64302 (mid-point)
    43.72401     2.54264     4.37622     0.64795   (sampled)
    43.82401     2.58640     4.47974     0.65271 (mid-point)
    43.92401     2.63222     4.58326     0.65730   (sampled)
    44.02401     2.67968     4.68652     0.66173 (mid-point)
    44.12401     2.72841     4.78979     0.66601   (sampled)
    44.22401     2.77901     4.89442     0.67013 (mid-point)
    44.32401     2.83050     4.99905     0.67410   (sampled)
    44.42401     2.88593     5.10267     0.67793 (mid-point)
    44.52401     2.94230     5.20630     0.68160   (sampled)
    44.62401     3.00146     5.30942     0.68514 (mid-point)
    44.72401     3.06067     5.41255     0.68853   (sampled)
    44.82401     3.12134     5.51728     0.69180 (mid-point)
    44.92401     3.18208     5.62201     0.69495   (sampled)
    45.02401     3.24688     5.72558     0.69796 (mid-point)
    45.12401     3.31300     5.82915     0.70086   (sampled)
    45.22401     3.38027     5.93258     0.70365 (mid-point)
    45.32401     3.44772     6.03601     0.70633   (sampled)
    45.42401     3.51688     6.13947     0.70890 (mid-point)
    45.52401     3.58716     6.24294     0.71138   (sampled)
    45.62401     3.65842     6.34679     0.71375 (mid-point)
    45.72401     3.73075     6.45064     0.71604   (sampled)
    45.82401     3.80268     6.55562     0.71824 (mid-point)
    45.92401     3.87480     6.66059     0.72036   (sampled)
    46.02401     3.94869     6.76517     0.72240 (mid-point)
    46.12401     4.02340     6.86975     0.72437   (sampled)
    46.22401     4.09891     6.97441     0.72626 (mid-point)
    46.32401     4.17532     7.07908     0.72809   (sampled)
    46.42401     4.25272     7.18369     0.72985 (mid-point)
    46.52401     4.33094     7.28829     0.73155   (sampled)
    46.62401     4.41020     7.39271     0.73318 (mid-point)
    46.72401     4.49021     7.49714     0.73476   (sampled)
    46.82401     4.57088     7.60160     0.73629 (mid-point)
    46.92401     4.65225     7.70605     0.73776   (sampled)
    47.02401     4.73178     7.81273     0.73918 (mid-point)
    47.12401     4.81210     7.91941     0.74055   (sampled)
    47.22401     4.89498     8.02657     0.74188 (mid-point)
    47.32401     4.97856     8.13374     0.74317   (sampled)
    47.42401     5.06624     8.23661     0.74441 (mid-point)
    47.52401     5.15434     8.33948     0.74560   (sampled)
    47.62401     5.23980     8.44405     0.74676 (mid-point)
    47.72401     5.32578     8.54863     0.74789   (sampled)
    47.82401     5.40694     8.65094     0.74897 (mid-point)
    47.92401     5.48606     8.75325     0.75003   (sampled)
    48.02401     5.58038     8.86137     0.75105 (mid-point)
    48.12401     5.67507     8.96949     0.75204   (sampled)
    48.22401     5.76347     9.07521     0.75300 (mid-point)
    48.32401     5.85186     9.18093     0.75393   (sampled)
    48.42401     5.94204     9.28450     0.75483 (mid-point)
    48.52401     6.03243     9.38806     0.75571   (sampled)
    48.62401     6.06965    12.00097     0.75657 (mid-point)
    48.72401     6.94179    14.61388     0.75723   (sampled)
    48.82401     9.62652    19.04061     0.75757 (mid-point)
    48.92401    13.09821    23.46734     0.75776   (sampled)

 Minimum radius found:      1.951 angstroms.



 For spherical probe approach, The geometric factor
         F= sum(ds/area) along channel is    0.758 angstroms**-1
 This yields a macroscopic predicted molar conductance of:
   (1/rho)*(100/F)= (130/rho) pS,
   where rho is the conductivity of 1M permeant ion in ohm m.
 N.B. this is a macroscopic conductance - an overestimate 
 Empirically corrected conductances currently only available
 With the CAPSULE option (although its not that stable!)
 For 1M KCl rho= 1/12 (ohm m), So Gmacro= 1600 pS/M.
  (TAG      1   Rmin=     1.95150   Gmacro=  1583.61433 Conn_Gmacro=    -1.00000 ).
 HOLE: normal completion
