 *** Program HOLE ***
 
 If results of this run are reported or published, please
 cite the publication listed below.
 For the HOLE program:
   Smart, O.S., Goodfellow, J.M., Wallace, B.A. (1993). 
   The pore dimensions of gramicidin A. 
   Biophys. J., 65, 2455-2460.
 
 Originally written by Oliver Smart at Birkbeck College from April 1992.
 Copyright 1993-2005 Oliver Smart
 Copyright 2014-2015 SmartSci Limited.
 Copyright 2016 Oliver Smart.
 
 For help on HOLE suite see  http://www.holeprogram.org/
 
 HOLE release 2.2.005 (07 August 2016) 
 
 usage subject to Apache License, Version 2.0 
 see http://www.apache.org/licenses/LICENSE-2.0 

 Control variables read:

! Input file for Oliver Smart's HOLE program
! written by MDAnalysis.analysis.hole2.HoleAnalysis
! for a Universe
! u = mda.Universe(/afs/crc.nd.edu/user/m/mfarshad/Private/ML-new/traj/host-dcbz
!    /afs/crc.nd.edu/user/m/mfarshad/Private/ML-new/traj/host-dcbzdb1/host_dcbzd
!   )
! Frame 213

COORD  /tmp/2550293.1.long/tmpsmnbak5w.pdb
RADIUS simple2.rad
SPHPDB hole213.sph
SAMPLE 0.200000
ENDRAD 22.000000
IGNORE SOL WAT TIP HOH K   NA  CL
SHORTO 0
RASEED 31415
CPOINT 39.5016678030 40.1517550837 39.7119081020


 WARNING have not found a CVECT record - will try to guess
 Input pdb filename read as:    '/tmp/2550293.1.long/tmpsmnbak5w.pdb'
 Input vdW radius file read as: 'simple2.rad'
 point in channel:   39.502  40.152  39.712
 channel vector:   ************************
 sampling distance between planes:    0.200

 graphics conditions:
 binary plot output file name: NONE
 Dot density:    10
 Draw dots?           T
 Draw close contacts? F
 Draw centre line?    T
 Produce spikes rather than dots? F
 Seed for random number generator:     31415 (0 means value set by program)
 Radius above which a result is regarded as an 'end':  22.000
 Pdb format file for sphere centres: hole213.sph

 Monte Carlo conditions:
  no of steps:  1000
  maximum displacement   0.100 angs
  'kT' initial   0.100 angs
 The spherebox and capsule options are turned off.
 (No molqpt card so will not write qpt file of the molecule)
 IGNORE card read so will ignore residue types: SOL WAT TIP HOH K   NA  CL
 no SHORTO card read so will produce full textual output
 As no PEGRAT card was found will not produce PEG polymer exclusion graph
 (No 2DMAPS card specified so will not produce 2D property maps)
 Have not found a CUT card.  Normal calculation using
   Cutoff lists with a cutsize=       1.000
   (if you wish to turn off option use a CUT -1 card)

 Have read     7 bond radius records and
              16 vdW radius records.
 From file: simple2.rad

 Have read   176 atom records.
 From file: /tmp/2550293.1.long/tmpsmnbak5w.pdb
 Will not produce graphical output

 Have opened file for pdb format output of sphere centres:  hole213.sph

  Seed integer used by ran # generator on this run      31415

 
 S/R cguess will try to guess CPOINT and/or CVECT
 
 THESE GUESSES MAY WELL BE WRONG!!!!
 Routine relies on having a reasonably symmetric
 channel oriented along x, y or z vector
 YOU ARE STRONGLY ADVISED TO CHECK THE RESULTS
                       WITH MOLECULAR GRAPHICS
 testing points from cpoint in X, Y then Z direction
   point                   pore radius
direction     1
  34.502  40.152  39.712    -0.086
  35.502  40.152  39.712    -0.964
  36.502  40.152  39.712    -1.512
  37.502  40.152  39.712    -0.649
  38.502  40.152  39.712     0.181
  39.502  40.152  39.712     1.007
  40.502  40.152  39.712     1.270
  41.502  40.152  39.712     0.583
  42.502  40.152  39.712    -0.409
  43.502  40.152  39.712    -1.341
  44.502  40.152  39.712    -1.250
 Average pore radius along the line=     -0.288
direction     2
  39.502  35.152  39.712    -0.331
  39.502  36.152  39.712     0.479
  39.502  37.152  39.712     1.391
  39.502  38.152  39.712     1.513
  39.502  39.152  39.712     1.124
  39.502  40.152  39.712     1.007
  39.502  41.152  39.712     0.089
  39.502  42.152  39.712    -0.686
  39.502  43.152  39.712    -0.875
  39.502  44.152  39.712    -0.254
  39.502  45.152  39.712     0.275
 Average pore radius along the line=      0.340
direction     3
  39.502  40.152  34.712     0.574
  39.502  40.152  35.712     0.451
  39.502  40.152  36.712     0.718
  39.502  40.152  37.712     1.282
  39.502  40.152  38.712     1.367
  39.502  40.152  39.712     1.007
  39.502  40.152  40.712     0.564
  39.502  40.152  41.712     0.432
  39.502  40.152  42.712     0.522
  39.502  40.152  43.712    -0.048
  39.502  40.152  44.712    -0.073
 Average pore radius along the line=      0.618
 Best direction is found to be     3
(1=X,2=Y,3=Z)
 s/r cguess has produced initial values for cpoint &/or cvect:
CPOINT      39.5017     40.1518     39.7119
CVECT        0.0000      0.0000      1.0000
 THESE GUESSES MAY WELL BE WRONG!!!!
 Routine relies on having a reasonably symmetric
 channel oriented along x, y or z vector
 YOU ARE STRONGLY ADVISED TO CHECK THE RESULTS
                       WITH MOLECULAR GRAPHICS
 
 
  Some routines (e.g. conn) need vectors normal to cvect: 
     EAST Zero degrees angle is along vector    1.000   0.000   0.000
     NORTH  90 degrees angle is along vector    0.000  -1.000   0.000
 highest radius point found:
  at point   40.373  38.623  39.712
  closest atom surface    2.052   C29 DCB X    1
  2nd closest surface     2.053   C7  DCB X    1
  found on step  880
 current point:
  at point   40.373  38.628  39.712
  closest atom surface    2.052   O12 DCB X    1
  2nd closest surface     2.052   C7  DCB X    1
  found on step  928
  no. of rejections          393
 stored as     0

 highest radius point found:
  at point   40.418  38.596  39.912
  closest atom surface    2.042   O12 DCB X    1
  2nd closest surface     2.048   C7  DCB X    1
  found on step  386
 current point:
  at point   40.065  37.970  39.912
  closest atom surface    1.999   C29 DCB X    1
  2nd closest surface     1.999   C7  DCB X    1
  found on step  948
  no. of rejections          391
 stored as     1

 highest radius point found:
  at point   40.454  38.510  40.112
  closest atom surface    2.061   C29 DCB X    1
  2nd closest surface     2.063   C7  DCB X    1
  found on step  959
  this is also current point
  no. of rejections          371
 stored as     2

 highest radius point found:
  at point   40.505  38.472  40.312
  closest atom surface    2.086   C29 DCB X    1
  2nd closest surface     2.087   O12 DCB X    1
  found on step  955
  this is also current point
  no. of rejections          368
 stored as     3

 highest radius point found:
  at point   40.546  38.418  40.512
  closest atom surface    2.119   C29 DCB X    1
  2nd closest surface     2.122   C7  DCB X    1
  found on step  994
  this is also current point
  no. of rejections          385
 stored as     4

 highest radius point found:
  at point   40.592  38.383  40.712
  closest atom surface    2.159   C28 DCB X    1
  2nd closest surface     2.163   O12 DCB X    1
  found on step  479
 current point:
  at point   40.544  38.294  40.712
  closest atom surface    2.154   C7  DCB X    1
  2nd closest surface     2.154   C29 DCB X    1
  found on step  978
  no. of rejections          381
 stored as     5

 highest radius point found:
  at point   40.596  38.258  40.912
  closest atom surface    2.210   C28 DCB X    1
  2nd closest surface     2.211   C7  DCB X    1
  found on step   10
 current point:
  at point   40.601  38.272  40.912
  closest atom surface    2.210   C28 DCB X    1
  2nd closest surface     2.210   C7  DCB X    1
  found on step  979
  no. of rejections          368
 stored as     6

 highest radius point found:
  at point   40.617  38.182  41.112
  closest atom surface    2.267   C7  DCB X    1
  2nd closest surface     2.271   C28 DCB X    1
  found on step  745
 current point:
  at point   40.625  38.192  41.112
  closest atom surface    2.267   C28 DCB X    1
  2nd closest surface     2.270   C7  DCB X    1
  found on step  988
  no. of rejections          360
 stored as     7

 highest radius point found:
  at point   40.629  38.064  41.312
  closest atom surface    2.343   C7  DCB X    1
  2nd closest surface     2.343   C28 DCB X    1
  found on step  978
  this is also current point
  no. of rejections          344
 stored as     8

 highest radius point found:
  at point   40.640  37.955  41.512
  closest atom surface    2.422   C29 DCB X    1
  2nd closest surface     2.425   C7  DCB X    1
  found on step  984
  this is also current point
  no. of rejections          338
 stored as     9

 highest radius point found:
  at point   40.663  37.875  41.712
  closest atom surface    2.515   C7  DCB X    1
  2nd closest surface     2.516   C28 DCB X    1
  found on step  798
 current point:
  at point   40.650  37.851  41.712
  closest atom surface    2.512   S3  DCB X    1
  2nd closest surface     2.514   C7  DCB X    1
  found on step  990
  no. of rejections          413
 stored as    10

 highest radius point found:
  at point   40.759  37.790  41.912
  closest atom surface    2.558   C28 DCB X    1
  2nd closest surface     2.559   H10 DCB X    1
  found on step  701
 current point:
  at point   40.757  37.790  41.912
  closest atom surface    2.557   H10 DCB X    1
  2nd closest surface     2.559   C28 DCB X    1
  found on step  918
  no. of rejections          363
 stored as    11

 highest radius point found:
  at point   40.884  37.683  42.112
  closest atom surface    2.590   C28 DCB X    1
  2nd closest surface     2.590   H10 DCB X    1
  found on step  624
 current point:
  at point   40.883  37.677  42.112
  closest atom surface    2.590   C28 DCB X    1
  2nd closest surface     2.594   H10 DCB X    1
  found on step  994
  no. of rejections          355
 stored as    12

 highest radius point found:
  at point   41.000  37.569  42.312
  closest atom surface    2.639   S3  DCB X    1
  2nd closest surface     2.640   H10 DCB X    1
  found on step  887
  this is also current point
  no. of rejections          339
 stored as    13

 highest radius point found:
  at point   41.125  37.467  42.512
  closest atom surface    2.703   C28 DCB X    1
  2nd closest surface     2.704   H10 DCB X    1
  found on step  934
  this is also current point
  no. of rejections          354
 stored as    14

 highest radius point found:
  at point   41.244  37.363  42.712
  closest atom surface    2.780   S3  DCB X    1
  2nd closest surface     2.781   C28 DCB X    1
  found on step  715
 current point:
  at point   41.244  37.363  42.712
  closest atom surface    2.780   C28 DCB X    1
  2nd closest surface     2.781   S3  DCB X    1
  found on step  939
  no. of rejections          359
 stored as    15

 highest radius point found:
  at point   41.363  37.270  42.912
  closest atom surface    2.869   H10 DCB X    1
  2nd closest surface     2.869   H32 DCB X    1
  found on step  443
 current point:
  at point   41.357  37.264  42.912
  closest atom surface    2.868   S3  DCB X    1
  2nd closest surface     2.869   H10 DCB X    1
  found on step  932
  no. of rejections          360
 stored as    16

 highest radius point found:
  at point   41.471  37.170  43.112
  closest atom surface    2.962   H32 DCB X    1
  2nd closest surface     2.966   H10 DCB X    1
  found on step  959
  this is also current point
  no. of rejections          324
 stored as    17

 highest radius point found:
  at point   41.576  37.065  43.312
  closest atom surface    3.070   H32 DCB X    1
  2nd closest surface     3.071   S3  DCB X    1
  found on step  318
 current point:
  at point   41.591  37.042  43.312
  closest atom surface    3.065   H32 DCB X    1
  2nd closest surface     3.066   S3  DCB X    1
  found on step  913
  no. of rejections          344
 stored as    18

 highest radius point found:
  at point   41.678  36.974  43.512
  closest atom surface    3.187   S3  DCB X    1
  2nd closest surface     3.187   H10 DCB X    1
  found on step  962
  this is also current point
  no. of rejections          344
 stored as    19

 highest radius point found:
  at point   44.707  33.129  43.712
  closest atom surface    4.264   S4  DCB X    1
  2nd closest surface     4.301   C29 DCB X    1
  found on step  999
  this is also current point
  no. of rejections          222
 stored as    20

 highest radius point found:
  at point   50.464  25.984  43.912
  closest atom surface   11.024   H40 DCB X    1
  2nd closest surface    11.045   S4  DCB X    1
  found on step 1000
  this is also current point
  no. of rejections          262
 stored as    21

 highest radius point found:
  at point   55.724  17.718  44.112
  closest atom surface   20.030   S4  DCB X    1
  2nd closest surface    20.038   N10 DCB X    1
  found on step 1000
  this is also current point
  no. of rejections          268
 stored as    22

 highest radius point found:
  at point   61.351   8.735  44.312
  closest atom surface   30.274   S4  DCB X    1
  2nd closest surface    30.305   N10 DCB X    1
  found on step 1000
  this is also current point
  no. of rejections          250
 This is an end! (radius above  22.0 angs)
 highest radius point found:
  at point   40.328  38.674  39.512
  closest atom surface    2.064   C7  DCB X    1
  2nd closest surface     2.064   C29 DCB X    1
  found on step  900
  this is also current point
  no. of rejections          384
 stored as    -1

 highest radius point found:
  at point   40.283  38.720  39.312
  closest atom surface    2.086   C29 DCB X    1
  2nd closest surface     2.086   C7  DCB X    1
  found on step  938
  this is also current point
  no. of rejections          389
 stored as    -2

 highest radius point found:
  at point   40.247  38.783  39.112
  closest atom surface    2.120   O12 DCB X    1
  2nd closest surface     2.122   C7  DCB X    1
  found on step  643
 current point:
  at point   40.236  38.765  39.112
  closest atom surface    2.118   C7  DCB X    1
  2nd closest surface     2.119   C29 DCB X    1
  found on step  984
  no. of rejections          387
 stored as    -3

 highest radius point found:
  at point   40.204  38.836  38.912
  closest atom surface    2.167   C7  DCB X    1
  2nd closest surface     2.167   O12 DCB X    1
  found on step  915
  this is also current point
  no. of rejections          400
 stored as    -4

 highest radius point found:
  at point   40.169  38.887  38.712
  closest atom surface    2.216   C8  DCB X    1
  2nd closest surface     2.217   C29 DCB X    1
  found on step  968
  this is also current point
  no. of rejections          390
 stored as    -5

 highest radius point found:
  at point   40.170  38.935  38.512
  closest atom surface    2.245   C8  DCB X    1
  2nd closest surface     2.246   O12 DCB X    1
  found on step  700
 current point:
  at point   40.166  38.925  38.512
  closest atom surface    2.243   C8  DCB X    1
  2nd closest surface     2.244   C29 DCB X    1
  found on step  937
  no. of rejections          416
 stored as    -6

 highest radius point found:
  at point   40.173  38.987  38.312
  closest atom surface    2.283   O12 DCB X    1
  2nd closest surface     2.284   C8  DCB X    1
  found on step  971
  this is also current point
  no. of rejections          408
 stored as    -7

 highest radius point found:
  at point   40.174  39.034  38.112
  closest atom surface    2.332   C8  DCB X    1
  2nd closest surface     2.333   O12 DCB X    1
  found on step  973
  this is also current point
  no. of rejections          381
 stored as    -8

 highest radius point found:
  at point   40.176  39.078  37.912
  closest atom surface    2.392   C8  DCB X    1
  2nd closest surface     2.393   O12 DCB X    1
  found on step  922
  this is also current point
  no. of rejections          383
 stored as    -9

 highest radius point found:
  at point   40.046  38.885  37.712
  closest atom surface    2.399   C29 DCB X    1
  2nd closest surface     2.401   C8  DCB X    1
  found on step  966
  this is also current point
  no. of rejections          370
 stored as   -10

 highest radius point found:
  at point   39.911  38.689  37.512
  closest atom surface    2.428   C29 DCB X    1
  2nd closest surface     2.429   C8  DCB X    1
  found on step  919
  this is also current point
  no. of rejections          365
 stored as   -11

 highest radius point found:
  at point   39.769  38.481  37.312
  closest atom surface    2.478   C8  DCB X    1
  2nd closest surface     2.479   C29 DCB X    1
  found on step  944
  this is also current point
  no. of rejections          366
 stored as   -12

 highest radius point found:
  at point   39.447  37.947  37.112
  closest atom surface    2.561   C8  DCB X    1
  2nd closest surface     2.561   C29 DCB X    1
  found on step  837
 current point:
  at point   39.452  37.955  37.112
  closest atom surface    2.560   C29 DCB X    1
  2nd closest surface     2.561   C8  DCB X    1
  found on step 1000
  no. of rejections          383
 stored as   -13

 highest radius point found:
  at point   39.477  38.108  36.912
  closest atom surface    2.615   H23 DCB X    1
  2nd closest surface     2.616   S8  DCB X    1
  found on step  869
 current point:
  at point   39.511  38.116  36.912
  closest atom surface    2.614   H23 DCB X    1
  2nd closest surface     2.615   S8  DCB X    1
  found on step  974
  no. of rejections          376
 stored as   -14

 highest radius point found:
  at point   39.253  38.054  36.712
  closest atom surface    2.557   H23 DCB X    1
  2nd closest surface     2.572   S8  DCB X    1
  found on step  102
 current point:
  at point   39.779  38.194  36.712
  closest atom surface    2.547   S8  DCB X    1
  2nd closest surface     2.547   C29 DCB X    1
  found on step  977
  no. of rejections          400
 stored as   -15

 highest radius point found:
  at point   39.083  38.028  36.512
  closest atom surface    2.528   H23 DCB X    1
  2nd closest surface     2.528   S8  DCB X    1
  found on step  983
  this is also current point
  no. of rejections          405
 stored as   -16

 highest radius point found:
  at point   38.924  37.998  36.312
  closest atom surface    2.502   S8  DCB X    1
  2nd closest surface     2.510   H23 DCB X    1
  found on step  113
 current point:
  at point   39.366  38.109  36.312
  closest atom surface    2.448   H23 DCB X    1
  2nd closest surface     2.449   S8  DCB X    1
  found on step  976
  no. of rejections          387
 stored as   -17

 highest radius point found:
  at point   38.766  37.959  36.112
  closest atom surface    2.502   S8  DCB X    1
  2nd closest surface     2.503   H23 DCB X    1
  found on step  900
  this is also current point
  no. of rejections          369
 stored as   -18

 highest radius point found:
  at point   38.915  38.011  35.912
  closest atom surface    2.436   H25 DCB X    1
  2nd closest surface     2.437   S8  DCB X    1
  found on step  971
  this is also current point
  no. of rejections          399
 stored as   -19

 highest radius point found:
  at point   38.967  38.091  35.712
  closest atom surface    2.346   H25 DCB X    1
  2nd closest surface     2.347   O9  DCB X    1
  found on step  622
 current point:
  at point   38.961  38.092  35.712
  closest atom surface    2.346   H25 DCB X    1
  2nd closest surface     2.346   S8  DCB X    1
  found on step  999
  no. of rejections          346
 stored as   -20

 highest radius point found:
  at point   37.596  38.158  35.512
  closest atom surface    2.374   H16 DCB X    1
  2nd closest surface     2.374   S8  DCB X    1
  found on step  955
  this is also current point
  no. of rejections          367
 stored as   -21

 highest radius point found:
  at point   37.262  38.216  35.312
  closest atom surface    2.408   N3  DCB X    1
  2nd closest surface     2.409   H25 DCB X    1
  found on step  982
  this is also current point
  no. of rejections          351
 stored as   -22

 highest radius point found:
  at point   36.970  38.276  35.112
  closest atom surface    2.464   N3  DCB X    1
  2nd closest surface     2.464   H25 DCB X    1
  found on step  993
  this is also current point
  no. of rejections          290
 stored as   -23

 highest radius point found:
  at point   32.525  37.107  34.912
  closest atom surface    3.343   C13 DCB X    1
  2nd closest surface     3.347   O20 DCB X    1
  found on step  996
  this is also current point
  no. of rejections          230
 stored as   -24

 highest radius point found:
  at point   25.927  31.396  34.712
  closest atom surface    8.930   C11 DCB X    1
  2nd closest surface     8.984   N5  DCB X    1
  found on step 1000
  this is also current point
  no. of rejections          244
 stored as   -25

 highest radius point found:
  at point   17.277  25.498  34.512
  closest atom surface   18.560   O20 DCB X    1
  2nd closest surface    18.567   C11 DCB X    1
  found on step  999
  this is also current point
  no. of rejections          265
 stored as   -26

 highest radius point found:
  at point    8.088  17.025  34.312
  closest atom surface   30.599   C11 DCB X    1
  2nd closest surface    30.608   H15 DCB X    1
  found on step  999
  this is also current point
  no. of rejections          234
 This is an end! (radius above  22.0 angs)
 
 N.b. Graph information routine (HOGRAP) differs 
        markedly from previous versions!
       Information now is written from -ve end
       to +ve in one pass
 
 Explanation of the meaning of each column: 
 First column "cenxyz.cvec" is the coordinate in the
   direction of the channel vector i.e. if the channel
   vector is in z (0 0 1) then it is the z coordinate.
 The second column "radius" is the hole pore radius 
   (as defined in the Biophys J 1993) article).
 The third column "cen_line_D" is the distance 
   measured along the pore centre line - with the 
   first point found set to zero. This was the first
   thing that I used to measure the distance along a pore
   but "cenxyz.cvec" is a much better general measure. 
   However, by comparing changes in this distance to changes in '   "cenxyz.cvec" one can get a measure of how straight a 
   channel is.
 The fourth column "sum{s/(area)}" is useful in conductance
   prediction -
   basically it is the sum of the thickness of each slab
   divided by its area. HOLE uses this measure to estimate
   the macroscopic conductance of a channel.
 If any of this worries you one can see the "raw" results
   of a standard hole run by producing a sphpdb file and 
    directly looking at the results.
 cenxyz.cvec      radius  cen_line_D sum{s/(area point sourc
    34.51191    18.56042   -31.23139     0.00009   (sampled)
    34.61191    13.61339   -25.99572     0.00026 (mid-point)
    34.71191     8.92984   -20.76005     0.00066   (sampled)
    34.81191     5.42830   -16.39559     0.00174 (mid-point)
    34.91191     3.34276   -12.03113     0.00459   (sampled)
    35.01191     2.42126    -9.73089     0.01002 (mid-point)
    35.11191     2.46404    -7.43065     0.01526   (sampled)
    35.21191     2.43184    -7.25110     0.02065 (mid-point)
    35.31191     2.40793    -7.07155     0.02614   (sampled)
    35.41191     2.38818    -6.87484     0.03172 (mid-point)
    35.51191     2.37417    -6.67813     0.03737   (sampled)
    35.61191     2.29023    -5.98482     0.04343 (mid-point)
    35.71191     2.34569    -5.29150     0.04922   (sampled)
    35.81191     2.38951    -5.18065     0.05479 (mid-point)
    35.91191     2.43634    -5.06981     0.06016   (sampled)
    36.01191     2.46748    -4.94229     0.06538 (mid-point)
    36.11191     2.50150    -4.81476     0.07047   (sampled)
    36.21191     2.50015    -4.68577     0.07556 (mid-point)
    36.31191     2.50249    -4.55678     0.08065   (sampled)
    36.41191     2.51325    -4.42799     0.08569 (mid-point)
    36.51191     2.52762    -4.29921     0.09067   (sampled)
    36.61191     2.54006    -4.16749     0.09560 (mid-point)
    36.71191     2.55735    -4.03577     0.10047   (sampled)
    36.81191     2.58319    -3.88304     0.10524 (mid-point)
    36.91191     2.61530    -3.73030     0.10989   (sampled)
    37.01191     2.58839    -3.60110     0.11464 (mid-point)
    37.11191     2.56109    -3.47190     0.11950   (sampled)
    37.21191     2.50729    -3.14445     0.12456 (mid-point)
    37.31191     2.47767    -2.81699     0.12975   (sampled)
    37.41191     2.45017    -2.65631     0.13505 (mid-point)
    37.51191     2.42842    -2.49563     0.14044   (sampled)
    37.61191     2.41102    -2.34016     0.14592 (mid-point)
    37.71191     2.39924    -2.18469     0.15145   (sampled)
    37.81191     2.39334    -2.03108     0.15701 (mid-point)
    37.91191     2.39174    -1.87747     0.16257   (sampled)
    38.01191     2.36097    -1.77505     0.16828 (mid-point)
    38.11191     2.33249    -1.67263     0.17413   (sampled)
    38.21191     2.30666    -1.56991     0.18012 (mid-point)
    38.31191     2.28303    -1.46718     0.18622   (sampled)
    38.41191     2.26305    -1.36383     0.19244 (mid-point)
    38.51191     2.24502    -1.26048     0.19875   (sampled)
    38.61191     2.22936    -1.15760     0.20516 (mid-point)
    38.71191     2.21625    -1.05472     0.21164   (sampled)
    38.81191     2.19067    -0.95000     0.21827 (mid-point)
    38.91191     2.16652    -0.84528     0.22505   (sampled)
    39.01191     2.14208    -0.73976     0.23199 (mid-point)
    39.11191     2.12041    -0.63423     0.23907   (sampled)
    39.21191     2.10252    -0.52779     0.24627 (mid-point)
    39.31191     2.08577    -0.42134     0.25359   (sampled)
    39.41191     2.07344    -0.31621     0.26099 (mid-point)
    39.51191     2.06369    -0.21108     0.26847   (sampled)
    39.61191     2.05683    -0.10554     0.27599 (mid-point)
    39.71191     2.05211     0.00000     0.28355   (sampled)
    39.81191     2.04700     0.10345     0.29114 (mid-point)
    39.91191     2.04225     0.20690     0.29878   (sampled)
    40.01191     2.05398     0.31700     0.30632 (mid-point)
    40.11191     2.06116     0.42710     0.31381   (sampled)
    40.21191     2.07199     0.53209     0.32123 (mid-point)
    40.31191     2.08560     0.63708     0.32855   (sampled)
    40.41191     2.10095     0.74267     0.33576 (mid-point)
    40.51191     2.11906     0.84825     0.34285   (sampled)
    40.61191     2.14116     0.95233     0.34979 (mid-point)
    40.71191     2.15871     1.05641     0.35662   (sampled)
    40.81191     2.18292     1.17441     0.36330 (mid-point)
    40.91191     2.21042     1.29241     0.36981   (sampled)
    41.01191     2.23791     1.39995     0.37617 (mid-point)
    41.11191     2.26720     1.50749     0.38236   (sampled)
    41.21191     2.30341     1.62372     0.38836 (mid-point)
    41.31191     2.34253     1.73994     0.39416   (sampled)
    41.41191     2.38129     1.85385     0.39978 (mid-point)
    41.51191     2.42249     1.96776     0.40520   (sampled)
    41.61191     2.46842     2.07619     0.41042 (mid-point)
    41.71191     2.51492     2.18461     0.41546   (sampled)
    41.81191     2.53515     2.30340     0.42041 (mid-point)
    41.91191     2.55784     2.42218     0.42528   (sampled)
    42.01191     2.57195     2.55148     0.43009 (mid-point)
    42.11191     2.58979     2.68078     0.43483   (sampled)
    42.21191     2.61274     2.80979     0.43950 (mid-point)
    42.31191     2.63897     2.93880     0.44407   (sampled)
    42.41191     2.66963     3.06716     0.44853 (mid-point)
    42.51191     2.70285     3.19551     0.45289   (sampled)
    42.61191     2.74024     3.32306     0.45713 (mid-point)
    42.71191     2.78048     3.45061     0.46125   (sampled)
    42.81191     2.82371     3.57598     0.46524 (mid-point)
    42.91191     2.86867     3.70134     0.46911   (sampled)
    43.01191     2.91383     3.82547     0.47286 (mid-point)
    43.11191     2.96196     3.94961     0.47648   (sampled)
    43.21191     3.01466     4.07420     0.47999 (mid-point)
    43.31191     3.07048     4.19880     0.48336   (sampled)
    43.41191     3.12819     4.31980     0.48662 (mid-point)
    43.51191     3.18735     4.44081     0.48975   (sampled)
    43.61191     3.29857     6.89026     0.49267 (mid-point)
    43.71191     4.26384     9.33971     0.49443   (sampled)
    43.81191     7.14581    13.92862     0.49505 (mid-point)
    43.91191    11.02413    18.51752     0.49531   (sampled)
    44.01191    15.42831    23.41744     0.49544 (mid-point)
    44.11191    20.03040    28.31737     0.49552   (sampled)

 Minimum radius found:      2.042 angstroms.



 For spherical probe approach, The geometric factor
         F= sum(ds/area) along channel is    0.496 angstroms**-1
 This yields a macroscopic predicted molar conductance of:
   (1/rho)*(100/F)= (200/rho) pS,
   where rho is the conductivity of 1M permeant ion in ohm m.
 N.B. this is a macroscopic conductance - an overestimate 
 Empirically corrected conductances currently only available
 With the CAPSULE option (although its not that stable!)
 For 1M KCl rho= 1/12 (ohm m), So Gmacro= 2400 pS/M.
  (TAG      1   Rmin=     2.04225   Gmacro=  2421.68155 Conn_Gmacro=    -1.00000 ).
 HOLE: normal completion
