 *** Program HOLE ***
 
 If results of this run are reported or published, please
 cite the publication listed below.
 For the HOLE program:
   Smart, O.S., Goodfellow, J.M., Wallace, B.A. (1993). 
   The pore dimensions of gramicidin A. 
   Biophys. J., 65, 2455-2460.
 
 Originally written by Oliver Smart at Birkbeck College from April 1992.
 Copyright 1993-2005 Oliver Smart
 Copyright 2014-2015 SmartSci Limited.
 Copyright 2016 Oliver Smart.
 
 For help on HOLE suite see  http://www.holeprogram.org/
 
 HOLE release 2.2.005 (07 August 2016) 
 
 usage subject to Apache License, Version 2.0 
 see http://www.apache.org/licenses/LICENSE-2.0 

 Control variables read:

! Input file for Oliver Smart's HOLE program
! written by MDAnalysis.analysis.hole2.HoleAnalysis
! for a Universe
! u = mda.Universe(/afs/crc.nd.edu/user/m/mfarshad/Private/ML-new/traj/host-dcbz
!    /afs/crc.nd.edu/user/m/mfarshad/Private/ML-new/traj/host-dcbzdb1/host_dcbzd
!   )
! Frame 9

COORD  /tmp/2550293.1.long/tmpwqxw7x9c.pdb
RADIUS simple2.rad
SPHPDB hole009.sph
SAMPLE 0.200000
ENDRAD 22.000000
IGNORE SOL WAT TIP HOH K   NA  CL
SHORTO 0
RASEED 31415
CPOINT 39.1450963237 39.9149118770 40.3668570627


 WARNING have not found a CVECT record - will try to guess
 Input pdb filename read as:    '/tmp/2550293.1.long/tmpwqxw7x9c.pdb'
 Input vdW radius file read as: 'simple2.rad'
 point in channel:   39.145  39.915  40.367
 channel vector:   ************************
 sampling distance between planes:    0.200

 graphics conditions:
 binary plot output file name: NONE
 Dot density:    10
 Draw dots?           T
 Draw close contacts? F
 Draw centre line?    T
 Produce spikes rather than dots? F
 Seed for random number generator:     31415 (0 means value set by program)
 Radius above which a result is regarded as an 'end':  22.000
 Pdb format file for sphere centres: hole009.sph

 Monte Carlo conditions:
  no of steps:  1000
  maximum displacement   0.100 angs
  'kT' initial   0.100 angs
 The spherebox and capsule options are turned off.
 (No molqpt card so will not write qpt file of the molecule)
 IGNORE card read so will ignore residue types: SOL WAT TIP HOH K   NA  CL
 no SHORTO card read so will produce full textual output
 As no PEGRAT card was found will not produce PEG polymer exclusion graph
 (No 2DMAPS card specified so will not produce 2D property maps)
 Have not found a CUT card.  Normal calculation using
   Cutoff lists with a cutsize=       1.000
   (if you wish to turn off option use a CUT -1 card)

 Have read     7 bond radius records and
              16 vdW radius records.
 From file: simple2.rad

 Have read   176 atom records.
 From file: /tmp/2550293.1.long/tmpwqxw7x9c.pdb
 Will not produce graphical output

 Have opened file for pdb format output of sphere centres:  hole009.sph

  Seed integer used by ran # generator on this run      31415

 
 S/R cguess will try to guess CPOINT and/or CVECT
 
 THESE GUESSES MAY WELL BE WRONG!!!!
 Routine relies on having a reasonably symmetric
 channel oriented along x, y or z vector
 YOU ARE STRONGLY ADVISED TO CHECK THE RESULTS
                       WITH MOLECULAR GRAPHICS
 testing points from cpoint in X, Y then Z direction
   point                   pore radius
direction     1
  34.145  39.915  40.367     1.896
  35.145  39.915  40.367     1.417
  36.145  39.915  40.367     1.102
  37.145  39.915  40.367     1.054
  38.145  39.915  40.367     1.190
  39.145  39.915  40.367     1.256
  40.145  39.915  40.367     0.992
  41.145  39.915  40.367     0.947
  42.145  39.915  40.367     0.182
  43.145  39.915  40.367    -0.329
  44.145  39.915  40.367    -0.656
 Average pore radius along the line=      0.823
direction     2
  39.145  34.915  40.367     0.537
  39.145  35.915  40.367     0.756
  39.145  36.915  40.367     1.316
  39.145  37.915  40.367     1.775
  39.145  38.915  40.367     1.511
  39.145  39.915  40.367     1.256
  39.145  40.915  40.367     0.490
  39.145  41.915  40.367    -0.032
  39.145  42.915  40.367    -0.282
  39.145  43.915  40.367    -0.934
  39.145  44.915  40.367    -0.850
 Average pore radius along the line=      0.504
direction     3
  39.145  39.915  35.367    -0.487
  39.145  39.915  36.367    -0.856
  39.145  39.915  37.367    -0.938
  39.145  39.915  38.367    -0.214
  39.145  39.915  39.367     0.546
  39.145  39.915  40.367     1.256
  39.145  39.915  41.367     1.042
  39.145  39.915  42.367     1.100
  39.145  39.915  43.367     0.730
  39.145  39.915  44.367     0.406
  39.145  39.915  45.367    -0.566
 Average pore radius along the line=      0.184
 Best direction is found to be     1
(1=X,2=Y,3=Z)
 s/r cguess has produced initial values for cpoint &/or cvect:
CPOINT      39.1451     39.9149     40.3669
CVECT        1.0000      0.0000      0.0000
 THESE GUESSES MAY WELL BE WRONG!!!!
 Routine relies on having a reasonably symmetric
 channel oriented along x, y or z vector
 YOU ARE STRONGLY ADVISED TO CHECK THE RESULTS
                       WITH MOLECULAR GRAPHICS
 
 
  Some routines (e.g. conn) need vectors normal to cvect: 
     EAST Zero degrees angle is along vector    0.000   1.000   0.000
     NORTH  90 degrees angle is along vector    0.000   0.000  -1.000
 highest radius point found:
  at point   39.145  38.140  41.521
  closest atom surface    2.697   C7  DCB X    1
  2nd closest surface     2.699   C25 DCB X    1
  found on step  945
  this is also current point
  no. of rejections          367
 stored as     0

 highest radius point found:
  at point   39.345  38.092  41.371
  closest atom surface    2.690   N13 DCB X    1
  2nd closest surface     2.691   C25 DCB X    1
  found on step  817
 current point:
  at point   39.345  38.087  41.370
  closest atom surface    2.688   N13 DCB X    1
  2nd closest surface     2.690   C25 DCB X    1
  found on step  954
  no. of rejections          376
 stored as     1

 highest radius point found:
  at point   39.545  38.087  41.307
  closest atom surface    2.656   C29 DCB X    1
  2nd closest surface     2.656   C7  DCB X    1
  found on step  506
 current point:
  at point   39.545  38.082  41.305
  closest atom surface    2.655   C29 DCB X    1
  2nd closest surface     2.656   N13 DCB X    1
  found on step  972
  no. of rejections          393
 stored as     2

 highest radius point found:
  at point   39.745  38.082  41.251
  closest atom surface    2.628   N13 DCB X    1
  2nd closest surface     2.629   C29 DCB X    1
  found on step  805
 current point:
  at point   39.745  38.068  41.246
  closest atom surface    2.624   N13 DCB X    1
  2nd closest surface     2.627   C29 DCB X    1
  found on step  954
  no. of rejections          397
 stored as     3

 highest radius point found:
  at point   39.945  38.079  41.196
  closest atom surface    2.609   N13 DCB X    1
  2nd closest surface     2.610   C7  DCB X    1
  found on step  962
  this is also current point
  no. of rejections          410
 stored as     4

 highest radius point found:
  at point   40.145  37.970  41.087
  closest atom surface    2.580   N13 DCB X    1
  2nd closest surface     2.580   C29 DCB X    1
  found on step  855
  this is also current point
  no. of rejections          376
 stored as     5

 highest radius point found:
  at point   40.345  37.790  40.947
  closest atom surface    2.554   N13 DCB X    1
  2nd closest surface     2.554   C29 DCB X    1
  found on step  993
  this is also current point
  no. of rejections          387
 stored as     6

 highest radius point found:
  at point   40.545  37.649  40.853
  closest atom surface    2.526   H16 DCB X    1
  2nd closest surface     2.528   C28 DCB X    1
  found on step  998
  this is also current point
  no. of rejections          367
 stored as     7

 highest radius point found:
  at point   40.745  37.512  40.753
  closest atom surface    2.505   H51 DCB X    1
  2nd closest surface     2.508   C28 DCB X    1
  found on step  981
  this is also current point
  no. of rejections          356
 stored as     8

 highest radius point found:
  at point   40.945  37.397  40.648
  closest atom surface    2.493   H51 DCB X    1
  2nd closest surface     2.497   C28 DCB X    1
  found on step  210
 current point:
  at point   40.945  37.008  40.525
  closest atom surface    2.429   H51 DCB X    1
  2nd closest surface     2.431   C28 DCB X    1
  found on step  906
  no. of rejections          389
 stored as     9

 highest radius point found:
  at point   41.145  37.288  40.545
  closest atom surface    2.500   H51 DCB X    1
  2nd closest surface     2.501   H16 DCB X    1
  found on step  858
 current point:
  at point   41.145  37.282  40.542
  closest atom surface    2.499   H51 DCB X    1
  2nd closest surface     2.500   C28 DCB X    1
  found on step  970
  no. of rejections          393
 stored as    10

 highest radius point found:
  at point   41.345  37.176  40.442
  closest atom surface    2.522   C28 DCB X    1
  2nd closest surface     2.522   H51 DCB X    1
  found on step  885
  this is also current point
  no. of rejections          385
 stored as    11

 highest radius point found:
  at point   41.545  35.959  40.025
  closest atom surface    2.607   H51 DCB X    1
  2nd closest surface     2.607   O12 DCB X    1
  found on step  987
  this is also current point
  no. of rejections          381
 stored as    12

 highest radius point found:
  at point   41.745  35.752  39.905
  closest atom surface    2.718   O12 DCB X    1
  2nd closest surface     2.718   C28 DCB X    1
  found on step 1000
  this is also current point
  no. of rejections          284
 stored as    13

 highest radius point found:
  at point   41.945  35.549  39.791
  closest atom surface    2.848   C28 DCB X    1
  2nd closest surface     2.849   H51 DCB X    1
  found on step  330
 current point:
  at point   41.945  34.946  39.883
  closest atom surface    2.825   H51 DCB X    1
  2nd closest surface     2.825   O12 DCB X    1
  found on step  952
  no. of rejections          294
 stored as    14

 highest radius point found:
  at point   42.145  35.328  39.680
  closest atom surface    2.996   H51 DCB X    1
  2nd closest surface     2.996   O12 DCB X    1
  found on step  570
 current point:
  at point   42.145  35.054  39.726
  closest atom surface    2.984   C30 DCB X    1
  2nd closest surface     2.984   H51 DCB X    1
  found on step  896
  no. of rejections          326
 stored as    15

 highest radius point found:
  at point   42.345  34.909  39.644
  closest atom surface    3.120   C30 DCB X    1
  2nd closest surface     3.120   H51 DCB X    1
  found on step  754
 current point:
  at point   42.345  34.938  39.639
  closest atom surface    3.120   C30 DCB X    1
  2nd closest surface     3.121   H51 DCB X    1
  found on step  987
  no. of rejections          306
 stored as    16

 highest radius point found:
  at point   42.545  34.811  39.524
  closest atom surface    3.253   O5  DCB X    1
  2nd closest surface     3.254   C30 DCB X    1
  found on step  262
 current point:
  at point   42.545  34.799  39.519
  closest atom surface    3.251   C30 DCB X    1
  2nd closest surface     3.254   C41 DCB X    1
  found on step  986
  no. of rejections          350
 stored as    17

 highest radius point found:
  at point   42.745  34.514  39.353
  closest atom surface    3.379   C30 DCB X    1
  2nd closest surface     3.379   C41 DCB X    1
  found on step  966
  this is also current point
  no. of rejections          357
 stored as    18

 highest radius point found:
  at point   42.945  34.347  39.293
  closest atom surface    3.460   C41 DCB X    1
  2nd closest surface     3.460   O5  DCB X    1
  found on step  874
  this is also current point
  no. of rejections          389
 stored as    19

 highest radius point found:
  at point   43.145  34.244  39.302
  closest atom surface    3.506   C41 DCB X    1
  2nd closest surface     3.508   O15 DCB X    1
  found on step  542
 current point:
  at point   43.145  34.245  39.279
  closest atom surface    3.500   O15 DCB X    1
  2nd closest surface     3.501   O5  DCB X    1
  found on step  975
  no. of rejections          384
 stored as    20

 highest radius point found:
  at point   43.345  34.170  39.333
  closest atom surface    3.547   O5  DCB X    1
  2nd closest surface     3.548   O15 DCB X    1
  found on step  846
 current point:
  at point   43.345  34.166  39.335
  closest atom surface    3.545   C41 DCB X    1
  2nd closest surface     3.546   O15 DCB X    1
  found on step  964
  no. of rejections          399
 stored as    21

 highest radius point found:
  at point   43.545  34.097  39.364
  closest atom surface    3.594   O5  DCB X    1
  2nd closest surface     3.597   O15 DCB X    1
  found on step  997
  this is also current point
  no. of rejections          381
 stored as    22

 highest radius point found:
  at point   43.745  34.018  39.399
  closest atom surface    3.651   C41 DCB X    1
  2nd closest surface     3.652   O15 DCB X    1
  found on step  941
  this is also current point
  no. of rejections          359
 stored as    23

 highest radius point found:
  at point   43.945  33.944  39.429
  closest atom surface    3.716   O15 DCB X    1
  2nd closest surface     3.717   O5  DCB X    1
  found on step  703
 current point:
  at point   43.945  33.939  39.433
  closest atom surface    3.714   O15 DCB X    1
  2nd closest surface     3.714   C41 DCB X    1
  found on step  965
  no. of rejections          395
 stored as    24

 highest radius point found:
  at point   44.145  33.871  39.460
  closest atom surface    3.788   O5  DCB X    1
  2nd closest surface     3.789   O15 DCB X    1
  found on step  497
 current point:
  at point   44.145  33.874  39.467
  closest atom surface    3.787   C41 DCB X    1
  2nd closest surface     3.787   O5  DCB X    1
  found on step  995
  no. of rejections          377
 stored as    25

 highest radius point found:
  at point   44.345  33.796  39.494
  closest atom surface    3.868   O5  DCB X    1
  2nd closest surface     3.869   C41 DCB X    1
  found on step  991
  this is also current point
  no. of rejections          378
 stored as    26

 highest radius point found:
  at point   44.545  33.718  39.525
  closest atom surface    3.954   O15 DCB X    1
  2nd closest surface     3.956   C41 DCB X    1
  found on step  952
  this is also current point
  no. of rejections          421
 stored as    27

 highest radius point found:
  at point   44.745  33.646  39.555
  closest atom surface    4.049   O5  DCB X    1
  2nd closest surface     4.049   O15 DCB X    1
  found on step  866
 current point:
  at point   44.745  33.646  39.559
  closest atom surface    4.049   C41 DCB X    1
  2nd closest surface     4.050   O15 DCB X    1
  found on step  936
  no. of rejections          368
 stored as    28

 highest radius point found:
  at point   44.945  33.570  39.588
  closest atom surface    4.149   O15 DCB X    1
  2nd closest surface     4.150   C41 DCB X    1
  found on step  401
 current point:
  at point   44.945  33.569  39.589
  closest atom surface    4.149   O15 DCB X    1
  2nd closest surface     4.149   C41 DCB X    1
  found on step  923
  no. of rejections          354
 stored as    29

 highest radius point found:
  at point   45.145  33.495  39.620
  closest atom surface    4.256   O15 DCB X    1
  2nd closest surface     4.256   C41 DCB X    1
  found on step  996
  this is also current point
  no. of rejections          375
 stored as    30

 highest radius point found:
  at point   45.345  33.420  39.652
  closest atom surface    4.367   C41 DCB X    1
  2nd closest surface     4.368   O15 DCB X    1
  found on step 1000
  this is also current point
  no. of rejections          340
 stored as    31

 highest radius point found:
  at point   45.545  33.347  39.680
  closest atom surface    4.485   O5  DCB X    1
  2nd closest surface     4.486   O15 DCB X    1
  found on step  671
 current point:
  at point   45.545  33.343  39.681
  closest atom surface    4.484   O15 DCB X    1
  2nd closest surface     4.485   C41 DCB X    1
  found on step  998
  no. of rejections          358
 stored as    32

 highest radius point found:
  at point   45.745  33.269  39.713
  closest atom surface    4.607   C41 DCB X    1
  2nd closest surface     4.608   O15 DCB X    1
  found on step  798
 current point:
  at point   45.745  33.271  39.708
  closest atom surface    4.607   O15 DCB X    1
  2nd closest surface     4.607   O5  DCB X    1
  found on step  969
  no. of rejections          329
 stored as    33

 highest radius point found:
  at point   45.945  33.198  39.740
  closest atom surface    4.734   O5  DCB X    1
  2nd closest surface     4.736   O15 DCB X    1
  found on step  944
  this is also current point
  no. of rejections          338
 stored as    34

 highest radius point found:
  at point   46.145  33.123  39.774
  closest atom surface    4.867   C41 DCB X    1
  2nd closest surface     4.867   O5  DCB X    1
  found on step  801
 current point:
  at point   46.145  33.114  39.776
  closest atom surface    4.865   C41 DCB X    1
  2nd closest surface     4.866   O15 DCB X    1
  found on step  960
  no. of rejections          325
 stored as    35

 highest radius point found:
  at point   46.345  33.047  39.801
  closest atom surface    5.004   O15 DCB X    1
  2nd closest surface     5.004   O5  DCB X    1
  found on step  998
  this is also current point
  no. of rejections          341
 stored as    36

 highest radius point found:
  at point   46.545  32.970  39.830
  closest atom surface    5.143   O15 DCB X    1
  2nd closest surface     5.146   C41 DCB X    1
  found on step  922
  this is also current point
  no. of rejections          321
 stored as    37

 highest radius point found:
  at point   46.745  32.899  39.861
  closest atom surface    5.288   O5  DCB X    1
  2nd closest surface     5.289   C41 DCB X    1
  found on step  987
  this is also current point
  no. of rejections          358
 stored as    38

 highest radius point found:
  at point   46.945  32.823  39.887
  closest atom surface    5.436   O15 DCB X    1
  2nd closest surface     5.436   O5  DCB X    1
  found on step  925
  this is also current point
  no. of rejections          332
 stored as    39

 highest radius point found:
  at point   47.145  32.745  39.908
  closest atom surface    5.583   H49 DCB X    1
  2nd closest surface     5.583   O15 DCB X    1
  found on step  923
  this is also current point
  no. of rejections          325
 stored as    40

 highest radius point found:
  at point   47.345  32.674  39.921
  closest atom surface    5.733   O5  DCB X    1
  2nd closest surface     5.734   O15 DCB X    1
  found on step  951
  this is also current point
  no. of rejections          297
 stored as    41

 highest radius point found:
  at point   47.545  32.596  39.939
  closest atom surface    5.886   H49 DCB X    1
  2nd closest surface     5.886   O15 DCB X    1
  found on step  912
  this is also current point
  no. of rejections          316
 stored as    42

 highest radius point found:
  at point   47.745  32.525  39.952
  closest atom surface    6.042   O15 DCB X    1
  2nd closest surface     6.042   O5  DCB X    1
  found on step  988
  this is also current point
  no. of rejections          320
 stored as    43

 highest radius point found:
  at point   47.945  32.442  39.971
  closest atom surface    6.200   O15 DCB X    1
  2nd closest surface     6.202   H49 DCB X    1
  found on step  975
  this is also current point
  no. of rejections          319
 stored as    44

 highest radius point found:
  at point   48.145  32.363  39.992
  closest atom surface    6.361   O15 DCB X    1
  2nd closest surface     6.362   H49 DCB X    1
  found on step  784
 current point:
  at point   48.145  32.359  39.995
  closest atom surface    6.360   H49 DCB X    1
  2nd closest surface     6.361   O15 DCB X    1
  found on step  917
  no. of rejections          301
 stored as    45

 highest radius point found:
  at point   48.345  32.298  40.006
  closest atom surface    6.527   H49 DCB X    1
  2nd closest surface     6.527   O15 DCB X    1
  found on step  999
  this is also current point
  no. of rejections          324
 stored as    46

 highest radius point found:
  at point   48.545  32.228  40.022
  closest atom surface    6.693   H49 DCB X    1
  2nd closest surface     6.694   O5  DCB X    1
  found on step 1000
  this is also current point
  no. of rejections          273
 stored as    47

 highest radius point found:
  at point   48.745  28.400  41.792
  closest atom surface    7.427   O15 DCB X    1
  2nd closest surface     7.447   H49 DCB X    1
  found on step 1000
  this is also current point
  no. of rejections          249
 stored as    48

 highest radius point found:
  at point   48.945  22.398  43.863
  closest atom surface   11.071   N12 DCB X    1
  2nd closest surface    11.109   O15 DCB X    1
  found on step  988
  this is also current point
  no. of rejections          234
 stored as    49

 highest radius point found:
  at point   49.145  12.199  47.179
  closest atom surface   20.055   N12 DCB X    1
  2nd closest surface    20.075   C35 DCB X    1
  found on step  999
  this is also current point
  no. of rejections          233
 stored as    50

 highest radius point found:
  at point   49.345   0.915  50.476
  closest atom surface   30.823   O14 DCB X    1
  2nd closest surface    30.951   C35 DCB X    1
  found on step 1000
  this is also current point
  no. of rejections          247
 This is an end! (radius above  22.0 angs)
 highest radius point found:
  at point   38.945  38.182  41.670
  closest atom surface    2.721   C7  DCB X    1
  2nd closest surface     2.721   N13 DCB X    1
  found on step  470
 current point:
  at point   38.945  38.182  41.669
  closest atom surface    2.720   C25 DCB X    1
  2nd closest surface     2.720   C7  DCB X    1
  found on step  984
  no. of rejections          379
 stored as    -1

 highest radius point found:
  at point   38.745  38.235  41.808
  closest atom surface    2.744   C43 DCB X    1
  2nd closest surface     2.746   C25 DCB X    1
  found on step  986
  this is also current point
  no. of rejections          382
 stored as    -2

 highest radius point found:
  at point   38.545  38.315  41.924
  closest atom surface    2.759   C43 DCB X    1
  2nd closest surface     2.759   C25 DCB X    1
  found on step  815
 current point:
  at point   38.545  38.315  41.925
  closest atom surface    2.759   C43 DCB X    1
  2nd closest surface     2.760   C7  DCB X    1
  found on step  982
  no. of rejections          389
 stored as    -3

 highest radius point found:
  at point   38.345  38.387  42.035
  closest atom surface    2.783   C25 DCB X    1
  2nd closest surface     2.784   C43 DCB X    1
  found on step  342
 current point:
  at point   38.345  38.389  42.037
  closest atom surface    2.783   O4  DCB X    1
  2nd closest surface     2.784   C43 DCB X    1
  found on step  996
  no. of rejections          402
 stored as    -4

 highest radius point found:
  at point   38.145  38.429  42.128
  closest atom surface    2.802   O4  DCB X    1
  2nd closest surface     2.803   C43 DCB X    1
  found on step  259
 current point:
  at point   38.145  38.431  42.129
  closest atom surface    2.800   O4  DCB X    1
  2nd closest surface     2.804   C43 DCB X    1
  found on step  992
  no. of rejections          410
 stored as    -5

 highest radius point found:
  at point   37.945  38.427  42.190
  closest atom surface    2.810   C25 DCB X    1
  2nd closest surface     2.810   C43 DCB X    1
  found on step  994
  this is also current point
  no. of rejections          416
 stored as    -6

 highest radius point found:
  at point   37.745  38.409  42.243
  closest atom surface    2.816   C46 DCB X    1
  2nd closest surface     2.817   C43 DCB X    1
  found on step  621
 current point:
  at point   37.745  38.431  42.240
  closest atom surface    2.812   C25 DCB X    1
  2nd closest surface     2.814   C46 DCB X    1
  found on step  886
  no. of rejections          426
 stored as    -7

 highest radius point found:
  at point   37.545  38.363  42.279
  closest atom surface    2.818   C43 DCB X    1
  2nd closest surface     2.820   C25 DCB X    1
  found on step  177
 current point:
  at point   37.545  38.367  42.277
  closest atom surface    2.818   H64 DCB X    1
  2nd closest surface     2.818   C25 DCB X    1
  found on step  990
  no. of rejections          384
 stored as    -8

 highest radius point found:
  at point   37.345  38.294  42.295
  closest atom surface    2.815   C25 DCB X    1
  2nd closest surface     2.817   H64 DCB X    1
  found on step  935
  this is also current point
  no. of rejections          399
 stored as    -9

 highest radius point found:
  at point   37.145  38.224  42.324
  closest atom surface    2.821   H64 DCB X    1
  2nd closest surface     2.821   C43 DCB X    1
  found on step  501
 current point:
  at point   37.145  38.217  42.312
  closest atom surface    2.821   C43 DCB X    1
  2nd closest surface     2.823   C25 DCB X    1
  found on step  958
  no. of rejections          380
 stored as   -10

 highest radius point found:
  at point   36.945  38.155  42.337
  closest atom surface    2.843   C43 DCB X    1
  2nd closest surface     2.843   H64 DCB X    1
  found on step  853
 current point:
  at point   36.945  38.155  42.340
  closest atom surface    2.841   C43 DCB X    1
  2nd closest surface     2.842   H64 DCB X    1
  found on step  943
  no. of rejections          402
 stored as   -11

 highest radius point found:
  at point   36.745  38.088  42.358
  closest atom surface    2.871   C43 DCB X    1
  2nd closest surface     2.871   H64 DCB X    1
  found on step  995
  this is also current point
  no. of rejections          378
 stored as   -12

 highest radius point found:
  at point   36.545  38.044  42.367
  closest atom surface    2.890   C37 DCB X    1
  2nd closest surface     2.893   H64 DCB X    1
  found on step   17
 current point:
  at point   36.545  38.051  42.360
  closest atom surface    2.886   C25 DCB X    1
  2nd closest surface     2.890   H64 DCB X    1
  found on step  948
  no. of rejections          407
 stored as   -13

 highest radius point found:
  at point   36.345  38.047  42.350
  closest atom surface    2.889   C37 DCB X    1
  2nd closest surface     2.892   C25 DCB X    1
  found on step  634
 current point:
  at point   36.345  38.045  42.365
  closest atom surface    2.888   C37 DCB X    1
  2nd closest surface     2.888   H64 DCB X    1
  found on step  979
  no. of rejections          394
 stored as   -14

 highest radius point found:
  at point   36.145  38.049  42.341
  closest atom surface    2.895   C37 DCB X    1
  2nd closest surface     2.899   H64 DCB X    1
  found on step  275
 current point:
  at point   36.145  37.998  42.576
  closest atom surface    2.866   H64 DCB X    1
  2nd closest surface     2.866   C37 DCB X    1
  found on step  985
  no. of rejections          377
 stored as   -15

 highest radius point found:
  at point   35.945  38.053  42.332
  closest atom surface    2.912   C37 DCB X    1
  2nd closest surface     2.914   H64 DCB X    1
  found on step  981
  this is also current point
  no. of rejections          368
 stored as   -16

 highest radius point found:
  at point   35.745  38.062  42.308
  closest atom surface    2.941   H64 DCB X    1
  2nd closest surface     2.941   C37 DCB X    1
  found on step  940
  this is also current point
  no. of rejections          396
 stored as   -17

 highest radius point found:
  at point   35.545  38.067  42.300
  closest atom surface    2.975   H64 DCB X    1
  2nd closest surface     2.976   C37 DCB X    1
  found on step  946
  this is also current point
  no. of rejections          353
 stored as   -18

 highest radius point found:
  at point   35.345  38.067  42.300
  closest atom surface    3.014   C37 DCB X    1
  2nd closest surface     3.021   H64 DCB X    1
  found on step    1
 current point:
  at point   35.345  37.981  43.032
  closest atom surface    2.891   H64 DCB X    1
  2nd closest surface     2.895   C38 DCB X    1
  found on step  993
  no. of rejections          404
 stored as   -19

 highest radius point found:
  at point   35.145  38.080  42.275
  closest atom surface    3.071   C37 DCB X    1
  2nd closest surface     3.072   H64 DCB X    1
  found on step  971
  this is also current point
  no. of rejections          392
 stored as   -20

 highest radius point found:
  at point   34.945  38.085  42.281
  closest atom surface    3.130   C37 DCB X    1
  2nd closest surface     3.130   H64 DCB X    1
  found on step  913
  this is also current point
  no. of rejections          388
 stored as   -21

 highest radius point found:
  at point   34.745  38.096  42.257
  closest atom surface    3.200   C37 DCB X    1
  2nd closest surface     3.201   H64 DCB X    1
  found on step  626
 current point:
  at point   34.745  38.096  42.253
  closest atom surface    3.199   C25 DCB X    1
  2nd closest surface     3.199   C37 DCB X    1
  found on step  996
  no. of rejections          381
 stored as   -22

 highest radius point found:
  at point   34.545  38.105  42.255
  closest atom surface    3.275   C37 DCB X    1
  2nd closest surface     3.276   H64 DCB X    1
  found on step  922
  this is also current point
  no. of rejections          409
 stored as   -23

 highest radius point found:
  at point   34.345  38.115  42.248
  closest atom surface    3.358   H64 DCB X    1
  2nd closest surface     3.359   C37 DCB X    1
  found on step  944
  this is also current point
  no. of rejections          381
 stored as   -24

 highest radius point found:
  at point   34.145  38.127  42.234
  closest atom surface    3.449   H64 DCB X    1
  2nd closest surface     3.449   C55 DCB X    1
  found on step  347
 current point:
  at point   34.145  38.127  42.235
  closest atom surface    3.449   H64 DCB X    1
  2nd closest surface     3.449   C55 DCB X    1
  found on step  981
  no. of rejections          373
 stored as   -25

 highest radius point found:
  at point   33.945  38.146  42.201
  closest atom surface    3.522   C25 DCB X    1
  2nd closest surface     3.523   O16 DCB X    1
  found on step  645
 current point:
  at point   33.945  38.146  42.204
  closest atom surface    3.521   O16 DCB X    1
  2nd closest surface     3.524   C25 DCB X    1
  found on step  998
  no. of rejections          362
 stored as   -26

 highest radius point found:
  at point   33.745  38.180  42.178
  closest atom surface    3.597   C55 DCB X    1
  2nd closest surface     3.598   O16 DCB X    1
  found on step  980
  this is also current point
  no. of rejections          366
 stored as   -27

 highest radius point found:
  at point   33.545  38.209  42.140
  closest atom surface    3.681   C55 DCB X    1
  2nd closest surface     3.681   O16 DCB X    1
  found on step  906
  this is also current point
  no. of rejections          376
 stored as   -28

 highest radius point found:
  at point   33.345  38.240  42.099
  closest atom surface    3.771   C25 DCB X    1
  2nd closest surface     3.771   C55 DCB X    1
  found on step  911
  this is also current point
  no. of rejections          348
 stored as   -29

 highest radius point found:
  at point   33.145  38.270  42.065
  closest atom surface    3.865   C55 DCB X    1
  2nd closest surface     3.866   C25 DCB X    1
  found on step  991
  this is also current point
  no. of rejections          347
 stored as   -30

 highest radius point found:
  at point   32.945  38.299  42.030
  closest atom surface    3.967   C55 DCB X    1
  2nd closest surface     3.967   C25 DCB X    1
  found on step  977
  this is also current point
  no. of rejections          358
 stored as   -31

 highest radius point found:
  at point   32.745  38.317  41.982
  closest atom surface    4.061   C56 DCB X    1
  2nd closest surface     4.061   H30 DCB X    1
  found on step  822
 current point:
  at point   32.745  38.315  42.001
  closest atom surface    4.059   O16 DCB X    1
  2nd closest surface     4.060   C56 DCB X    1
  found on step  918
  no. of rejections          370
 stored as   -32

 highest radius point found:
  at point   32.545  38.326  41.946
  closest atom surface    4.160   C56 DCB X    1
  2nd closest surface     4.160   O16 DCB X    1
  found on step  989
  this is also current point
  no. of rejections          356
 stored as   -33

 highest radius point found:
  at point   32.345  38.336  41.909
  closest atom surface    4.261   O16 DCB X    1
  2nd closest surface     4.263   C56 DCB X    1
  found on step  116
 current point:
  at point   32.345  38.338  41.916
  closest atom surface    4.260   C56 DCB X    1
  2nd closest surface     4.261   O16 DCB X    1
  found on step  955
  no. of rejections          370
 stored as   -34

 highest radius point found:
  at point   32.145  38.347  41.867
  closest atom surface    4.369   O16 DCB X    1
  2nd closest surface     4.371   C56 DCB X    1
  found on step  911
  this is also current point
  no. of rejections          384
 stored as   -35

 highest radius point found:
  at point   31.945  38.360  41.830
  closest atom surface    4.483   O16 DCB X    1
  2nd closest surface     4.483   C56 DCB X    1
  found on step  928
  this is also current point
  no. of rejections          350
 stored as   -36

 highest radius point found:
  at point   31.745  38.370  41.784
  closest atom surface    4.601   C56 DCB X    1
  2nd closest surface     4.601   O16 DCB X    1
  found on step  999
  this is also current point
  no. of rejections          341
 stored as   -37

 highest radius point found:
  at point   31.545  38.380  41.738
  closest atom surface    4.723   H30 DCB X    1
  2nd closest surface     4.724   O16 DCB X    1
  found on step  998
  this is also current point
  no. of rejections          353
 stored as   -38

 highest radius point found:
  at point   31.345  38.389  41.697
  closest atom surface    4.848   O16 DCB X    1
  2nd closest surface     4.850   H30 DCB X    1
  found on step  497
 current point:
  at point   31.345  38.395  41.732
  closest atom surface    4.841   O16 DCB X    1
  2nd closest surface     4.843   C56 DCB X    1
  found on step  988
  no. of rejections          338
 stored as   -39

 highest radius point found:
  at point   31.145  38.402  41.652
  closest atom surface    4.980   H30 DCB X    1
  2nd closest surface     4.980   O16 DCB X    1
  found on step  933
  this is also current point
  no. of rejections          353
 stored as   -40

 highest radius point found:
  at point   30.945  38.412  41.608
  closest atom surface    5.114   O16 DCB X    1
  2nd closest surface     5.115   C56 DCB X    1
  found on step  970
  this is also current point
  no. of rejections          333
 stored as   -41

 highest radius point found:
  at point   30.745  38.422  41.562
  closest atom surface    5.252   H30 DCB X    1
  2nd closest surface     5.252   C56 DCB X    1
  found on step  909
  this is also current point
  no. of rejections          335
 stored as   -42

 highest radius point found:
  at point   30.545  38.433  41.519
  closest atom surface    5.393   C56 DCB X    1
  2nd closest surface     5.393   O16 DCB X    1
  found on step  970
  this is also current point
  no. of rejections          336
 stored as   -43

 highest radius point found:
  at point   30.345  38.442  41.472
  closest atom surface    5.537   C56 DCB X    1
  2nd closest surface     5.538   O16 DCB X    1
  found on step  963
  this is also current point
  no. of rejections          325
 stored as   -44

 highest radius point found:
  at point   30.145  38.452  41.424
  closest atom surface    5.685   H30 DCB X    1
  2nd closest surface     5.685   O16 DCB X    1
  found on step  976
  this is also current point
  no. of rejections          335
 stored as   -45

 highest radius point found:
  at point   29.945  38.463  41.377
  closest atom surface    5.834   C56 DCB X    1
  2nd closest surface     5.835   H30 DCB X    1
  found on step  791
 current point:
  at point   29.945  38.466  41.385
  closest atom surface    5.831   C56 DCB X    1
  2nd closest surface     5.836   O16 DCB X    1
  found on step  999
  no. of rejections          300
 stored as   -46

 highest radius point found:
  at point   29.745  38.470  41.327
  closest atom surface    5.987   H30 DCB X    1
  2nd closest surface     5.988   O16 DCB X    1
  found on step  783
 current point:
  at point   29.745  38.461  41.317
  closest atom surface    5.983   H30 DCB X    1
  2nd closest surface     5.985   O16 DCB X    1
  found on step  943
  no. of rejections          315
 stored as   -47

 highest radius point found:
  at point   29.545  38.485  41.333
  closest atom surface    6.130   O16 DCB X    1
  2nd closest surface     6.132   C56 DCB X    1
  found on step  964
  this is also current point
  no. of rejections          330
 stored as   -48

 highest radius point found:
  at point   29.345  38.503  41.346
  closest atom surface    6.275   C56 DCB X    1
  2nd closest surface     6.275   O16 DCB X    1
  found on step  857
 current point:
  at point   29.345  38.501  41.346
  closest atom surface    6.273   O16 DCB X    1
  2nd closest surface     6.276   O8  DCB X    1
  found on step  925
  no. of rejections          335
 stored as   -49

 highest radius point found:
  at point   29.145  38.521  41.357
  closest atom surface    6.419   O8  DCB X    1
  2nd closest surface     6.420   C56 DCB X    1
  found on step  940
  this is also current point
  no. of rejections          317
 stored as   -50

 highest radius point found:
  at point   28.945  38.536  41.372
  closest atom surface    6.567   O8  DCB X    1
  2nd closest surface     6.569   C56 DCB X    1
  found on step  435
 current point:
  at point   28.945  38.532  41.373
  closest atom surface    6.567   O16 DCB X    1
  2nd closest surface     6.567   O8  DCB X    1
  found on step  929
  no. of rejections          334
 stored as   -51

 highest radius point found:
  at point   28.745  38.549  41.392
  closest atom surface    6.716   O16 DCB X    1
  2nd closest surface     6.720   C56 DCB X    1
  found on step  779
 current point:
  at point   28.745  38.549  41.395
  closest atom surface    6.715   O16 DCB X    1
  2nd closest surface     6.719   C56 DCB X    1
  found on step  994
  no. of rejections          344
 stored as   -52

 highest radius point found:
  at point   28.545  38.569  41.409
  closest atom surface    6.869   O16 DCB X    1
  2nd closest surface     6.870   C56 DCB X    1
  found on step  995
  this is also current point
  no. of rejections          328
 stored as   -53

 highest radius point found:
  at point   28.345  38.585  41.429
  closest atom surface    7.023   O16 DCB X    1
  2nd closest surface     7.023   C56 DCB X    1
  found on step  938
  this is also current point
  no. of rejections          362
 stored as   -54

 highest radius point found:
  at point   28.145  38.600  41.436
  closest atom surface    7.180   O16 DCB X    1
  2nd closest surface     7.181   C56 DCB X    1
  found on step  952
  this is also current point
  no. of rejections          330
 stored as   -55

 highest radius point found:
  at point   27.945  38.617  41.449
  closest atom surface    7.339   O16 DCB X    1
  2nd closest surface     7.339   C56 DCB X    1
  found on step  869
 current point:
  at point   27.945  38.617  41.448
  closest atom surface    7.338   O16 DCB X    1
  2nd closest surface     7.339   C56 DCB X    1
  found on step  954
  no. of rejections          320
 stored as   -56

 highest radius point found:
  at point   27.745  38.633  41.461
  closest atom surface    7.498   O8  DCB X    1
  2nd closest surface     7.498   O16 DCB X    1
  found on step  441
 current point:
  at point   27.745  38.635  41.461
  closest atom surface    7.498   C56 DCB X    1
  2nd closest surface     7.498   O8  DCB X    1
  found on step  969
  no. of rejections          322
 stored as   -57

 highest radius point found:
  at point   27.545  38.636  41.471
  closest atom surface    7.653   O16 DCB X    1
  2nd closest surface     7.654   O8  DCB X    1
  found on step  270
 current point:
  at point   27.545  38.761  42.487
  closest atom surface    7.535   C56 DCB X    1
  2nd closest surface     7.535   O16 DCB X    1
  found on step  999
  no. of rejections          306
 stored as   -58

 highest radius point found:
  at point   27.345  38.669  41.492
  closest atom surface    7.820   C56 DCB X    1
  2nd closest surface     7.824   O16 DCB X    1
  found on step  459
 current point:
  at point   27.345  38.669  41.495
  closest atom surface    7.820   C56 DCB X    1
  2nd closest surface     7.823   O16 DCB X    1
  found on step  929
  no. of rejections          306
 stored as   -59

 highest radius point found:
  at point   27.145  38.685  41.503
  closest atom surface    7.985   C56 DCB X    1
  2nd closest surface     7.986   O8  DCB X    1
  found on step  235
 current point:
  at point   27.145  38.685  41.523
  closest atom surface    7.983   C56 DCB X    1
  2nd closest surface     7.984   O16 DCB X    1
  found on step  991
  no. of rejections          307
 stored as   -60

 highest radius point found:
  at point   26.945  38.698  41.520
  closest atom surface    8.151   C56 DCB X    1
  2nd closest surface     8.152   O16 DCB X    1
  found on step  182
 current point:
  at point   26.945  38.702  41.523
  closest atom surface    8.149   C56 DCB X    1
  2nd closest surface     8.154   O16 DCB X    1
  found on step  974
  no. of rejections          312
 stored as   -61

 highest radius point found:
  at point   26.745  38.713  41.535
  closest atom surface    8.318   O16 DCB X    1
  2nd closest surface     8.318   C56 DCB X    1
  found on step  944
  this is also current point
  no. of rejections          280
 stored as   -62

 highest radius point found:
  at point   26.545  38.733  41.548
  closest atom surface    8.485   C56 DCB X    1
  2nd closest surface     8.486   O8  DCB X    1
  found on step  832
 current point:
  at point   26.545  38.730  41.558
  closest atom surface    8.485   O16 DCB X    1
  2nd closest surface     8.485   C56 DCB X    1
  found on step  935
  no. of rejections          296
 stored as   -63

 highest radius point found:
  at point   26.345  38.747  41.563
  closest atom surface    8.655   C56 DCB X    1
  2nd closest surface     8.656   O8  DCB X    1
  found on step  958
  this is also current point
  no. of rejections          294
 stored as   -64

 highest radius point found:
  at point   26.145  38.762  41.578
  closest atom surface    8.826   O16 DCB X    1
  2nd closest surface     8.826   C56 DCB X    1
  found on step 1000
  this is also current point
  no. of rejections          307
 stored as   -65

 highest radius point found:
  at point   25.945  38.779  41.590
  closest atom surface    8.996   O8  DCB X    1
  2nd closest surface     8.997   C56 DCB X    1
  found on step  954
  this is also current point
  no. of rejections          285
 stored as   -66

 highest radius point found:
  at point   25.745  39.147  44.881
  closest atom surface    9.212   C56 DCB X    1
  2nd closest surface     9.212   O16 DCB X    1
  found on step  999
  this is also current point
  no. of rejections          255
 stored as   -67

 highest radius point found:
  at point   25.545  38.547  49.771
  closest atom surface   10.608   O16 DCB X    1
  2nd closest surface    10.615   O23 DCB X    1
  found on step  995
  this is also current point
  no. of rejections          252
 stored as   -68

 highest radius point found:
  at point   25.345  36.228  58.950
  closest atom surface   15.830   S8  DCB X    1
  2nd closest surface    16.045   O23 DCB X    1
  found on step 1000
  this is also current point
  no. of rejections          194
 stored as   -69

 highest radius point found:
  at point   25.145  33.571  68.080
  closest atom surface   23.020   S8  DCB X    1
  2nd closest surface    23.333   S7  DCB X    1
  found on step 1000
  this is also current point
  no. of rejections          247
 This is an end! (radius above  22.0 angs)
 
 N.b. Graph information routine (HOGRAP) differs 
        markedly from previous versions!
       Information now is written from -ve end
       to +ve in one pass
 
 Explanation of the meaning of each column: 
 First column "cenxyz.cvec" is the coordinate in the
   direction of the channel vector i.e. if the channel
   vector is in z (0 0 1) then it is the z coordinate.
 The second column "radius" is the hole pore radius 
   (as defined in the Biophys J 1993) article).
 The third column "cen_line_D" is the distance 
   measured along the pore centre line - with the 
   first point found set to zero. This was the first
   thing that I used to measure the distance along a pore
   but "cenxyz.cvec" is a much better general measure. 
   However, by comparing changes in this distance to changes in '   "cenxyz.cvec" one can get a measure of how straight a 
   channel is.
 The fourth column "sum{s/(area)}" is useful in conductance
   prediction -
   basically it is the sum of the thickness of each slab
   divided by its area. HOLE uses this measure to estimate
   the macroscopic conductance of a channel.
 If any of this worries you one can see the "raw" results
   of a standard hole run by producing a sphpdb file and 
    directly looking at the results.
 cenxyz.cvec      radius  cen_line_D sum{s/(area point sourc
    25.34510    15.82994   -31.35235     0.00013   (sampled)
    25.44510    12.81919   -26.61756     0.00032 (mid-point)
    25.54510    10.60762   -21.88277     0.00060   (sampled)
    25.64510     9.66546   -19.41753     0.00094 (mid-point)
    25.74510     9.21199   -16.95230     0.00132   (sampled)
    25.84510     8.97715   -15.29353     0.00171 (mid-point)
    25.94510     8.99624   -13.63476     0.00211   (sampled)
    26.04510     8.91104   -13.53420     0.00251 (mid-point)
    26.14510     8.82565   -13.43364     0.00292   (sampled)
    26.24510     8.74014   -13.33310     0.00333 (mid-point)
    26.34510     8.65477   -13.23257     0.00376   (sampled)
    26.44510     8.56970   -13.13201     0.00419 (mid-point)
    26.54510     8.48490   -13.03145     0.00463   (sampled)
    26.64510     8.40151   -12.93076     0.00509 (mid-point)
    26.74510     8.31812   -12.83008     0.00555   (sampled)
    26.84510     8.23479   -12.72950     0.00601 (mid-point)
    26.94510     8.15146   -12.62893     0.00649   (sampled)
    27.04510     8.06787   -12.52839     0.00698 (mid-point)
    27.14510     7.98460   -12.42784     0.00748   (sampled)
    27.24510     7.90226   -12.32736     0.00799 (mid-point)
    27.34510     7.82027   -12.22687     0.00851   (sampled)
    27.44510     7.73833   -12.12496     0.00904 (mid-point)
    27.54510     7.65330   -12.02305     0.00959   (sampled)
    27.64510     7.57555   -11.92292     0.01014 (mid-point)
    27.74510     7.49784   -11.82279     0.01071   (sampled)
    27.84510     7.41826   -11.72229     0.01129 (mid-point)
    27.94510     7.33854   -11.62179     0.01188   (sampled)
    28.04510     7.25884   -11.52119     0.01248 (mid-point)
    28.14510     7.17956   -11.42060     0.01310   (sampled)
    28.24510     7.10084   -11.32029     0.01373 (mid-point)
    28.34510     7.02256   -11.21997     0.01438   (sampled)
    28.44510     6.94577   -11.11914     0.01504 (mid-point)
    28.54510     6.86947   -11.01831     0.01571   (sampled)
    28.64510     6.79254   -10.91749     0.01640 (mid-point)
    28.74510     6.71611   -10.81667     0.01711   (sampled)
    28.84510     6.64247   -10.71594     0.01783 (mid-point)
    28.94510     6.56703   -10.61522     0.01857   (sampled)
    29.04510     6.49293   -10.51466     0.01932 (mid-point)
    29.14510     6.41939   -10.41410     0.02009   (sampled)
    29.24510     6.34704   -10.31355     0.02088 (mid-point)
    29.34510     6.27462   -10.21300     0.02169   (sampled)
    29.44510     6.20221   -10.11238     0.02252 (mid-point)
    29.54510     6.13010   -10.01177     0.02337   (sampled)
    29.64510     6.05857    -9.91145     0.02423 (mid-point)
    29.74510     5.98675    -9.81113     0.02512   (sampled)
    29.84510     5.91040    -9.70801     0.02603 (mid-point)
    29.94510     5.83408    -9.60489     0.02697   (sampled)
    30.04510     5.75929    -9.50208     0.02793 (mid-point)
    30.14510     5.68454    -9.39927     0.02891   (sampled)
    30.24510     5.61094    -9.29626     0.02992 (mid-point)
    30.34510     5.53732    -9.19325     0.03096   (sampled)
    30.44510     5.46465    -9.09042     0.03203 (mid-point)
    30.54510     5.39270    -8.98759     0.03312   (sampled)
    30.64510     5.32218    -8.88522     0.03425 (mid-point)
    30.74510     5.25160    -8.78285     0.03540   (sampled)
    30.84510     5.18265    -8.68005     0.03659 (mid-point)
    30.94510     5.11437    -8.57725     0.03780   (sampled)
    31.04510     5.04684    -8.47475     0.03905 (mid-point)
    31.14510     4.98002    -8.37226     0.04034   (sampled)
    31.24510     4.91386    -8.26959     0.04165 (mid-point)
    31.34510     4.84831    -8.16692     0.04301   (sampled)
    31.44510     4.78543    -8.06471     0.04440 (mid-point)
    31.54510     4.72260    -7.96249     0.04583   (sampled)
    31.64510     4.66175    -7.85976     0.04729 (mid-point)
    31.74510     4.60099    -7.75704     0.04879   (sampled)
    31.84510     4.54119    -7.65435     0.05034 (mid-point)
    31.94510     4.48251    -7.55167     0.05192   (sampled)
    32.04510     4.42534    -7.44970     0.05355 (mid-point)
    32.14510     4.36936    -7.34774     0.05521   (sampled)
    32.24510     4.31478    -7.24543     0.05692 (mid-point)
    32.34510     4.26147    -7.14312     0.05868   (sampled)
    32.44510     4.21017    -7.04129     0.06047 (mid-point)
    32.54510     4.15992    -6.93946     0.06231   (sampled)
    32.64510     4.10963    -6.83776     0.06420 (mid-point)
    32.74510     4.06066    -6.73606     0.06613   (sampled)
    32.84510     4.01477    -6.63285     0.06810 (mid-point)
    32.94510     3.96656    -6.52965     0.07012   (sampled)
    33.04510     3.91531    -6.42707     0.07220 (mid-point)
    33.14510     3.86545    -6.32449     0.07433   (sampled)
    33.24510     3.81746    -6.22196     0.07652 (mid-point)
    33.34510     3.77059    -6.11942     0.07875   (sampled)
    33.44510     3.72508    -6.01624     0.08105 (mid-point)
    33.54510     3.68078    -5.91307     0.08340   (sampled)
    33.64510     3.63807    -5.81016     0.08580 (mid-point)
    33.74510     3.59698    -5.70725     0.08826   (sampled)
    33.84510     3.55945    -5.60519     0.09078 (mid-point)
    33.94510     3.52151    -5.50313     0.09334   (sampled)
    34.04510     3.48462    -5.40131     0.09596 (mid-point)
    34.14510     3.44880    -5.29949     0.09864   (sampled)
    34.24510     3.40251    -5.19906     0.10139 (mid-point)
    34.34510     3.35804    -5.09863     0.10421   (sampled)
    34.44510     3.31596    -4.99846     0.10711 (mid-point)
    34.54510     3.27517    -4.89828     0.11007   (sampled)
    34.64510     3.23661    -4.79819     0.11311 (mid-point)
    34.74510     3.19974    -4.69810     0.11622   (sampled)
    34.84510     3.16377    -4.59718     0.11940 (mid-point)
    34.94510     3.12959    -4.49626     0.12265   (sampled)
    35.04510     3.09945    -4.39619     0.12597 (mid-point)
    35.14510     3.07116    -4.29611     0.12934   (sampled)
    35.24510     3.04142    -4.19514     0.13278 (mid-point)
    35.34510     3.01360    -4.09417     0.13629   (sampled)
    35.44510     2.99358    -3.99417     0.13984 (mid-point)
    35.54510     2.97521    -3.89417     0.14343   (sampled)
    35.64510     2.95688    -3.79407     0.14707 (mid-point)
    35.74510     2.94100    -3.69396     0.15076   (sampled)
    35.84510     2.92577    -3.59312     0.15447 (mid-point)
    35.94510     2.91245    -3.49227     0.15823   (sampled)
    36.04510     2.90273    -3.39214     0.16200 (mid-point)
    36.14510     2.89510    -3.29201     0.16580   (sampled)
    36.24510     2.89080    -3.19192     0.16961 (mid-point)
    36.34510     2.88861    -3.09182     0.17343   (sampled)
    36.44510     2.88831    -2.99144     0.17724 (mid-point)
    36.54510     2.89013    -2.89105     0.18105   (sampled)
    36.64510     2.88059    -2.78856     0.18489 (mid-point)
    36.74510     2.87054    -2.68607     0.18875   (sampled)
    36.84510     2.85539    -2.58003     0.19266 (mid-point)
    36.94510     2.84260    -2.47399     0.19659   (sampled)
    37.04510     2.83059    -2.36802     0.20057 (mid-point)
    37.14510     2.82123    -2.26205     0.20457   (sampled)
    37.24510     2.81782    -2.15517     0.20858 (mid-point)
    37.34510     2.81535    -2.04829     0.21259   (sampled)
    37.44510     2.81648    -1.94210     0.21660 (mid-point)
    37.54510     2.81837    -1.83592     0.22061   (sampled)
    37.64510     2.81637    -1.73188     0.22462 (mid-point)
    37.74510     2.81571    -1.62783     0.22864   (sampled)
    37.84510     2.81218    -1.52392     0.23266 (mid-point)
    37.94510     2.80993    -1.42000     0.23670   (sampled)
    38.04510     2.80524    -1.31535     0.24074 (mid-point)
    38.14510     2.80205    -1.21070     0.24479   (sampled)
    38.24510     2.79183    -1.09828     0.24888 (mid-point)
    38.34510     2.78300    -0.98586     0.25299   (sampled)
    38.44510     2.76966    -0.86586     0.25714 (mid-point)
    38.54510     2.75924    -0.74587     0.26132   (sampled)
    38.64510     2.75010    -0.62389     0.26553 (mid-point)
    38.74510     2.74418    -0.50192     0.26975   (sampled)
    38.84510     2.73146    -0.37743     0.27402 (mid-point)
    38.94510     2.72051    -0.25295     0.27832   (sampled)
    39.04510     2.70697    -0.12647     0.28267 (mid-point)
    39.14510     2.69690     0.00000     0.28704   (sampled)
    39.24510     2.69283     0.12720     0.29143 (mid-point)
    39.34510     2.69021     0.25440     0.29583   (sampled)
    39.44510     2.67247     0.35942     0.30029 (mid-point)
    39.54510     2.65629     0.46444     0.30480   (sampled)
    39.64510     2.64122     0.56832     0.30936 (mid-point)
    39.74510     2.62767     0.67219     0.31397   (sampled)
    39.84510     2.61721     0.77595     0.31862 (mid-point)
    39.94510     2.60919     0.87972     0.32329   (sampled)
    40.04510     2.59286     1.00599     0.32803 (mid-point)
    40.14510     2.58015     1.13226     0.33281   (sampled)
    40.24510     2.56445     1.28391     0.33765 (mid-point)
    40.34510     2.55405     1.43556     0.34253   (sampled)
    40.44510     2.53912     1.56657     0.34747 (mid-point)
    40.54510     2.52578     1.69758     0.35246   (sampled)
    40.64510     2.51596     1.82874     0.35748 (mid-point)
    40.74510     2.50545     1.95989     0.36256   (sampled)
    40.84510     2.49685     2.08687     0.36766 (mid-point)
    40.94510     2.49285     2.21386     0.37278   (sampled)
    41.04510     2.49405     2.33865     0.37790 (mid-point)
    41.14510     2.49971     2.46345     0.38300   (sampled)
    41.24510     2.50876     2.58914     0.38805 (mid-point)
    41.34510     2.52216     2.71483     0.39306   (sampled)
    41.44510     2.50480     3.36592     0.39813 (mid-point)
    41.54510     2.60675     4.01702     0.40281   (sampled)
    41.64510     2.66012     4.17276     0.40731 (mid-point)
    41.74510     2.71795     4.32851     0.41162   (sampled)
    41.84510     2.78112     4.48211     0.41574 (mid-point)
    41.94510     2.84828     4.63570     0.41966   (sampled)
    42.04510     2.91964     4.79474     0.42339 (mid-point)
    42.14510     2.99558     4.95377     0.42694   (sampled)
    42.24510     3.05174     5.18637     0.43036 (mid-point)
    42.34510     3.12012     5.41896     0.43363   (sampled)
    42.44510     3.18574     5.54553     0.43677 (mid-point)
    42.54510     3.25320     5.67209     0.43977   (sampled)
    42.64510     3.31270     5.87077     0.44267 (mid-point)
    42.74510     3.37863     6.06945     0.44546   (sampled)
    42.84510     3.41765     6.20302     0.44819 (mid-point)
    42.94510     3.45962     6.33659     0.45085   (sampled)
    43.04510     3.48162     6.44921     0.45347 (mid-point)
    43.14510     3.50589     6.56183     0.45606   (sampled)
    43.24510     3.52591     6.66949     0.45862 (mid-point)
    43.34510     3.54732     6.77715     0.46115   (sampled)
    43.44510     3.56941     6.88479     0.46365 (mid-point)
    43.54510     3.59361     6.99243     0.46612   (sampled)
    43.64510     3.62298     7.10127     0.46854 (mid-point)
    43.74510     3.65141     7.21012     0.47093   (sampled)
    43.84510     3.68289     7.31777     0.47328 (mid-point)
    43.94510     3.71600     7.42541     0.47558   (sampled)
    44.04510     3.75155     7.53301     0.47784 (mid-point)
    44.14510     3.78768     7.64060     0.48006   (sampled)
    44.24510     3.82712     7.74877     0.48223 (mid-point)
    44.34510     3.86839     7.85693     0.48436   (sampled)
    44.44510     3.91109     7.96543     0.48644 (mid-point)
    44.54510     3.95414     8.07393     0.48848   (sampled)
    44.64510     4.00086     8.18129     0.49047 (mid-point)
    44.74510     4.04893     8.28864     0.49241   (sampled)
    44.84510     4.09840     8.39684     0.49430 (mid-point)
    44.94510     4.14918     8.50504     0.49615   (sampled)
    45.04510     4.20170     8.61295     0.49796 (mid-point)
    45.14510     4.25572     8.72086     0.49971   (sampled)
    45.24510     4.31051     8.82895     0.50143 (mid-point)
    45.34510     4.36654     8.93705     0.50310   (sampled)
    45.44510     4.42570     9.04436     0.50472 (mid-point)
    45.54510     4.48457     9.15168     0.50630   (sampled)
    45.64510     4.54606     9.26021     0.50784 (mid-point)
    45.74510     4.60726     9.36874     0.50934   (sampled)
    45.84510     4.67133     9.47578     0.51080 (mid-point)
    45.94510     4.73404     9.58281     0.51222   (sampled)
    46.04510     4.80016     9.69091     0.51360 (mid-point)
    46.14510     4.86658     9.79900     0.51495   (sampled)
    46.24510     4.93526     9.90692     0.51625 (mid-point)
    46.34510     5.00409    10.01484     0.51753   (sampled)
    46.44510     5.07328    10.12288     0.51876 (mid-point)
    46.54510     5.14349    10.23091     0.51997   (sampled)
    46.64510     5.21630    10.33828     0.52114 (mid-point)
    46.74510     5.28815    10.44564     0.52227   (sampled)
    46.84510     5.36169    10.55344     0.52338 (mid-point)
    46.94510     5.43575    10.66123     0.52446   (sampled)
    47.04510     5.50904    10.76907     0.52551 (mid-point)
    47.14510     5.58309    10.87692     0.52653   (sampled)
    47.24510     5.65808    10.98313     0.52752 (mid-point)
    47.34510     5.73311    11.08933     0.52849   (sampled)
    47.44510     5.80966    11.19706     0.52943 (mid-point)
    47.54510     5.88618    11.30479     0.53035   (sampled)
    47.64510     5.96393    11.41116     0.53125 (mid-point)
    47.74510     6.04220    11.51753     0.53212   (sampled)
    47.84510     6.12052    11.62621     0.53297 (mid-point)
    47.94510     6.19956    11.73489     0.53380   (sampled)
    48.04510     6.28000    11.84296     0.53460 (mid-point)
    48.14510     6.36110    11.95104     0.53539   (sampled)
    48.24510     6.44382    12.05635     0.53616 (mid-point)
    48.34510     6.52667    12.16167     0.53690   (sampled)
    48.44510     6.60956    12.26799     0.53763 (mid-point)
    48.54510     6.69303    12.37431     0.53834   (sampled)
    48.64510     6.79838    14.48497     0.53903 (mid-point)
    48.74510     7.42670    16.59562     0.53961   (sampled)
    48.84510     8.95664    19.77224     0.54001 (mid-point)
    48.94510    11.07082    22.94887     0.54027   (sampled)
    49.04510    15.31328    28.31181     0.54040 (mid-point)
    49.14510    20.05504    33.67476     0.54048   (sampled)

 Minimum radius found:      2.493 angstroms.



 For spherical probe approach, The geometric factor
         F= sum(ds/area) along channel is    0.540 angstroms**-1
 This yields a macroscopic predicted molar conductance of:
   (1/rho)*(100/F)= (190/rho) pS,
   where rho is the conductivity of 1M permeant ion in ohm m.
 N.B. this is a macroscopic conductance - an overestimate 
 Empirically corrected conductances currently only available
 With the CAPSULE option (although its not that stable!)
 For 1M KCl rho= 1/12 (ohm m), So Gmacro= 2200 pS/M.
  (TAG      1   Rmin=     2.49285   Gmacro=  2220.24323 Conn_Gmacro=    -1.00000 ).
 HOLE: normal completion
