 *** Program HOLE ***
 
 If results of this run are reported or published, please
 cite the publication listed below.
 For the HOLE program:
   Smart, O.S., Goodfellow, J.M., Wallace, B.A. (1993). 
   The pore dimensions of gramicidin A. 
   Biophys. J., 65, 2455-2460.
 
 Originally written by Oliver Smart at Birkbeck College from April 1992.
 Copyright 1993-2005 Oliver Smart
 Copyright 2014-2015 SmartSci Limited.
 Copyright 2016 Oliver Smart.
 
 For help on HOLE suite see  http://www.holeprogram.org/
 
 HOLE release 2.2.005 (07 August 2016) 
 
 usage subject to Apache License, Version 2.0 
 see http://www.apache.org/licenses/LICENSE-2.0 

 Control variables read:

! Input file for Oliver Smart's HOLE program
! written by MDAnalysis.analysis.hole2.HoleAnalysis
! for a Universe
! u = mda.Universe(/afs/crc.nd.edu/user/m/mfarshad/Private/ML-new/traj/host-dcbz
!    /afs/crc.nd.edu/user/m/mfarshad/Private/ML-new/traj/host-dcbzdb1/host_dcbzd
!   )
! Frame 248

COORD  /tmp/2550293.1.long/tmpb8eh3kkw.pdb
RADIUS simple2.rad
SPHPDB hole248.sph
SAMPLE 0.200000
ENDRAD 22.000000
IGNORE SOL WAT TIP HOH K   NA  CL
SHORTO 0
RASEED 31415
CPOINT 40.5460346395 40.5303170031 41.3347439766


 WARNING have not found a CVECT record - will try to guess
 Input pdb filename read as:    '/tmp/2550293.1.long/tmpb8eh3kkw.pdb'
 Input vdW radius file read as: 'simple2.rad'
 point in channel:   40.546  40.530  41.335
 channel vector:   ************************
 sampling distance between planes:    0.200

 graphics conditions:
 binary plot output file name: NONE
 Dot density:    10
 Draw dots?           T
 Draw close contacts? F
 Draw centre line?    T
 Produce spikes rather than dots? F
 Seed for random number generator:     31415 (0 means value set by program)
 Radius above which a result is regarded as an 'end':  22.000
 Pdb format file for sphere centres: hole248.sph

 Monte Carlo conditions:
  no of steps:  1000
  maximum displacement   0.100 angs
  'kT' initial   0.100 angs
 The spherebox and capsule options are turned off.
 (No molqpt card so will not write qpt file of the molecule)
 IGNORE card read so will ignore residue types: SOL WAT TIP HOH K   NA  CL
 no SHORTO card read so will produce full textual output
 As no PEGRAT card was found will not produce PEG polymer exclusion graph
 (No 2DMAPS card specified so will not produce 2D property maps)
 Have not found a CUT card.  Normal calculation using
   Cutoff lists with a cutsize=       1.000
   (if you wish to turn off option use a CUT -1 card)

 Have read     7 bond radius records and
              16 vdW radius records.
 From file: simple2.rad

 Have read   176 atom records.
 From file: /tmp/2550293.1.long/tmpb8eh3kkw.pdb
 Will not produce graphical output

 Have opened file for pdb format output of sphere centres:  hole248.sph

  Seed integer used by ran # generator on this run      31415

 
 S/R cguess will try to guess CPOINT and/or CVECT
 
 THESE GUESSES MAY WELL BE WRONG!!!!
 Routine relies on having a reasonably symmetric
 channel oriented along x, y or z vector
 YOU ARE STRONGLY ADVISED TO CHECK THE RESULTS
                       WITH MOLECULAR GRAPHICS
 testing points from cpoint in X, Y then Z direction
   point                   pore radius
direction     1
  35.546  40.530  41.335    -1.374
  36.546  40.530  41.335    -1.133
  37.546  40.530  41.335    -0.176
  38.546  40.530  41.335     0.288
  39.546  40.530  41.335     0.149
  40.546  40.530  41.335     0.478
  41.546  40.530  41.335     0.355
  42.546  40.530  41.335    -0.006
  43.546  40.530  41.335     0.087
  44.546  40.530  41.335    -0.417
  45.546  40.530  41.335    -0.592
 Average pore radius along the line=     -0.213
direction     2
  40.546  35.530  41.335     0.474
  40.546  36.530  41.335     0.272
  40.546  37.530  41.335    -0.270
  40.546  38.530  41.335    -0.637
  40.546  39.530  41.335    -0.286
  40.546  40.530  41.335     0.478
  40.546  41.530  41.335     1.342
  40.546  42.530  41.335     2.094
  40.546  43.530  41.335     2.258
  40.546  44.530  41.335     1.384
  40.546  45.530  41.335     0.617
 Average pore radius along the line=      0.703
direction     3
  40.546  40.530  36.335    -0.596
  40.546  40.530  37.335    -0.349
  40.546  40.530  38.335    -0.167
  40.546  40.530  39.335    -0.324
  40.546  40.530  40.335     0.172
  40.546  40.530  41.335     0.478
  40.546  40.530  42.335     0.650
  40.546  40.530  43.335     0.610
  40.546  40.530  44.335     0.953
  40.546  40.530  45.335     1.399
  40.546  40.530  46.335     1.414
 Average pore radius along the line=      0.385
 Best direction is found to be     2
(1=X,2=Y,3=Z)
 s/r cguess has produced initial values for cpoint &/or cvect:
CPOINT      40.5460     40.5303     41.3347
CVECT        0.0000      1.0000      0.0000
 THESE GUESSES MAY WELL BE WRONG!!!!
 Routine relies on having a reasonably symmetric
 channel oriented along x, y or z vector
 YOU ARE STRONGLY ADVISED TO CHECK THE RESULTS
                       WITH MOLECULAR GRAPHICS
 
 
  Some routines (e.g. conn) need vectors normal to cvect: 
     EAST Zero degrees angle is along vector    1.000   0.000   0.000
     NORTH  90 degrees angle is along vector    0.000   0.000   1.000
 highest radius point found:
  at point   42.263  40.530  46.587
  closest atom surface    2.627   C6  DCB X    1
  2nd closest surface     2.661   O12 DCB X    1
  found on step  994
  this is also current point
  no. of rejections          286
 stored as     0

 highest radius point found:
  at point   45.993  40.730  54.516
  closest atom surface    9.408   H32 DCB X    1
  2nd closest surface     9.427   O1  DCB X    1
  found on step  998
  this is also current point
  no. of rejections          224
 stored as     1

 highest radius point found:
  at point   49.151  40.930  63.996
  closest atom surface   18.513   O1  DCB X    1
  2nd closest surface    18.820   O24 DCB X    1
  found on step  997
  this is also current point
  no. of rejections          264
 stored as     2

 highest radius point found:
  at point   51.132  41.130  75.766
  closest atom surface   30.130   O1  DCB X    1
  2nd closest surface    30.250   O24 DCB X    1
  found on step  999
  this is also current point
  no. of rejections          216
 This is an end! (radius above  22.0 angs)
 highest radius point found:
  at point   45.932  40.330  55.499
  closest atom surface   10.059   O24 DCB X    1
  2nd closest surface    10.072   O1  DCB X    1
  found on step  999
  this is also current point
  no. of rejections          227
 stored as    -1

 highest radius point found:
  at point   49.001  40.130  65.725
  closest atom surface   19.900   O1  DCB X    1
  2nd closest surface    20.111   O24 DCB X    1
  found on step 1000
  this is also current point
  no. of rejections          264
 stored as    -2

 highest radius point found:
  at point   49.821  39.930  77.261
  closest atom surface   31.075   O24 DCB X    1
  2nd closest surface    31.161   O1  DCB X    1
  found on step  999
  this is also current point
  no. of rejections          252
 This is an end! (radius above  22.0 angs)
 
 N.b. Graph information routine (HOGRAP) differs 
        markedly from previous versions!
       Information now is written from -ve end
       to +ve in one pass
 
 Explanation of the meaning of each column: 
 First column "cenxyz.cvec" is the coordinate in the
   direction of the channel vector i.e. if the channel
   vector is in z (0 0 1) then it is the z coordinate.
 The second column "radius" is the hole pore radius 
   (as defined in the Biophys J 1993) article).
 The third column "cen_line_D" is the distance 
   measured along the pore centre line - with the 
   first point found set to zero. This was the first
   thing that I used to measure the distance along a pore
   but "cenxyz.cvec" is a much better general measure. 
   However, by comparing changes in this distance to changes in '   "cenxyz.cvec" one can get a measure of how straight a 
   channel is.
 The fourth column "sum{s/(area)}" is useful in conductance
   prediction -
   basically it is the sum of the thickness of each slab
   divided by its area. HOLE uses this measure to estimate
   the macroscopic conductance of a channel.
 If any of this worries you one can see the "raw" results
   of a standard hole run by producing a sphpdb file and 
    directly looking at the results.
 cenxyz.cvec      radius  cen_line_D sum{s/(area point sourc
    40.13032    19.90045   -20.31825     0.00008   (sampled)
    40.23032    14.85495   -14.97916     0.00022 (mid-point)
    40.33032    10.05865    -9.64008     0.00054   (sampled)
    40.43032     5.97370    -4.82004     0.00143 (mid-point)
    40.53032     2.62712     0.00000     0.00604   (sampled)
    40.63032     5.56541     4.38238     0.00707 (mid-point)
    40.73032     9.40849     8.76476     0.00743   (sampled)
    40.83032    13.83055    13.76193     0.00760 (mid-point)
    40.93032    18.51306    18.75911     0.00769   (sampled)

 Minimum radius found:      2.627 angstroms.



 For spherical probe approach, The geometric factor
         F= sum(ds/area) along channel is    0.008 angstroms**-1
 This yields a macroscopic predicted molar conductance of:
   (1/rho)*(100/F)= (13000/rho) pS,
   where rho is the conductivity of 1M permeant ion in ohm m.
 N.B. this is a macroscopic conductance - an overestimate 
 Empirically corrected conductances currently only available
 With the CAPSULE option (although its not that stable!)
 For 1M KCl rho= 1/12 (ohm m), So Gmacro= 160000 pS/M.
  (TAG      1   Rmin=     2.62712   Gmacro=156050.90397 Conn_Gmacro=    -1.00000 ).
 HOLE: normal completion
