 *** Program HOLE ***
 
 If results of this run are reported or published, please
 cite the publication listed below.
 For the HOLE program:
   Smart, O.S., Goodfellow, J.M., Wallace, B.A. (1993). 
   The pore dimensions of gramicidin A. 
   Biophys. J., 65, 2455-2460.
 
 Originally written by Oliver Smart at Birkbeck College from April 1992.
 Copyright 1993-2005 Oliver Smart
 Copyright 2014-2015 SmartSci Limited.
 Copyright 2016 Oliver Smart.
 
 For help on HOLE suite see  http://www.holeprogram.org/
 
 HOLE release 2.2.005 (07 August 2016) 
 
 usage subject to Apache License, Version 2.0 
 see http://www.apache.org/licenses/LICENSE-2.0 

 Control variables read:

! Input file for Oliver Smart's HOLE program
! written by MDAnalysis.analysis.hole2.HoleAnalysis
! for a Universe
! u = mda.Universe(/afs/crc.nd.edu/user/m/mfarshad/Private/ML-new/traj/host-T1+2
!    /afs/crc.nd.edu/user/m/mfarshad/Private/ML-new/traj/host-T1+2+HB/host_T1+2+
!   )
! Frame 69

COORD  /tmp/2550321.1.long/tmptinjt23m.pdb
RADIUS simple2.rad
SPHPDB hole069.sph
SAMPLE 0.200000
ENDRAD 22.000000
IGNORE SOL WAT TIP HOH K   NA  CL
SHORTO 0
RASEED 31415
CPOINT 41.1580992937 40.4260682662 40.2445043325


 WARNING have not found a CVECT record - will try to guess
 Input pdb filename read as:    '/tmp/2550321.1.long/tmptinjt23m.pdb'
 Input vdW radius file read as: 'simple2.rad'
 point in channel:   41.158  40.426  40.245
 channel vector:   ************************
 sampling distance between planes:    0.200

 graphics conditions:
 binary plot output file name: NONE
 Dot density:    10
 Draw dots?           T
 Draw close contacts? F
 Draw centre line?    T
 Produce spikes rather than dots? F
 Seed for random number generator:     31415 (0 means value set by program)
 Radius above which a result is regarded as an 'end':  22.000
 Pdb format file for sphere centres: hole069.sph

 Monte Carlo conditions:
  no of steps:  1000
  maximum displacement   0.100 angs
  'kT' initial   0.100 angs
 The spherebox and capsule options are turned off.
 (No molqpt card so will not write qpt file of the molecule)
 IGNORE card read so will ignore residue types: SOL WAT TIP HOH K   NA  CL
 no SHORTO card read so will produce full textual output
 As no PEGRAT card was found will not produce PEG polymer exclusion graph
 (No 2DMAPS card specified so will not produce 2D property maps)
 Have not found a CUT card.  Normal calculation using
   Cutoff lists with a cutsize=       1.000
   (if you wish to turn off option use a CUT -1 card)

 Have read     7 bond radius records and
              16 vdW radius records.
 From file: simple2.rad

 Have read    96 atom records.
 From file: /tmp/2550321.1.long/tmptinjt23m.pdb
 Will not produce graphical output

 Have opened file for pdb format output of sphere centres:  hole069.sph

  Seed integer used by ran # generator on this run      31415

 
 S/R cguess will try to guess CPOINT and/or CVECT
 
 THESE GUESSES MAY WELL BE WRONG!!!!
 Routine relies on having a reasonably symmetric
 channel oriented along x, y or z vector
 YOU ARE STRONGLY ADVISED TO CHECK THE RESULTS
                       WITH MOLECULAR GRAPHICS
 testing points from cpoint in X, Y then Z direction
   point                   pore radius
direction     1
  36.158  40.426  40.245    -1.027
  37.158  40.426  40.245    -0.262
  38.158  40.426  40.245     0.600
  39.158  40.426  40.245     1.203
  40.158  40.426  40.245     1.830
  41.158  40.426  40.245     1.363
  42.158  40.426  40.245     0.799
  43.158  40.426  40.245     0.521
  44.158  40.426  40.245     0.382
  45.158  40.426  40.245     0.250
  46.158  40.426  40.245     0.524
 Average pore radius along the line=      0.562
direction     2
  41.158  35.426  40.245    -1.489
  41.158  36.426  40.245    -0.798
  41.158  37.426  40.245     0.185
  41.158  38.426  40.245     0.775
  41.158  39.426  40.245     1.439
  41.158  40.426  40.245     1.363
  41.158  41.426  40.245     1.145
  41.158  42.426  40.245     0.821
  41.158  43.426  40.245     0.463
  41.158  44.426  40.245     0.401
  41.158  45.426  40.245     0.713
 Average pore radius along the line=      0.456
direction     3
  41.158  40.426  35.245     0.954
  41.158  40.426  36.245     0.469
  41.158  40.426  37.245     0.337
  41.158  40.426  38.245     0.614
  41.158  40.426  39.245     1.194
  41.158  40.426  40.245     1.363
  41.158  40.426  41.245     0.813
  41.158  40.426  42.245     0.552
  41.158  40.426  43.245     0.667
  41.158  40.426  44.245     0.916
  41.158  40.426  45.245     1.040
 Average pore radius along the line=      0.811
 Best direction is found to be     3
(1=X,2=Y,3=Z)
 s/r cguess has produced initial values for cpoint &/or cvect:
CPOINT      41.1581     40.4261     40.2445
CVECT        0.0000      0.0000      1.0000
 THESE GUESSES MAY WELL BE WRONG!!!!
 Routine relies on having a reasonably symmetric
 channel oriented along x, y or z vector
 YOU ARE STRONGLY ADVISED TO CHECK THE RESULTS
                       WITH MOLECULAR GRAPHICS
 
 
  Some routines (e.g. conn) need vectors normal to cvect: 
     EAST Zero degrees angle is along vector    1.000   0.000   0.000
     NORTH  90 degrees angle is along vector    0.000  -1.000   0.000
 highest radius point found:
  at point   40.200  39.891  40.245
  closest atom surface    2.255   S3  URE X    1
  2nd closest surface     2.258   C3  URE X    1
  found on step  888
  this is also current point
  no. of rejections          371
 stored as     0

 highest radius point found:
  at point   40.187  39.849  40.445
  closest atom surface    2.182   S3  URE X    1
  2nd closest surface     2.182   C19 URE X    1
  found on step  832
 current point:
  at point   40.188  39.849  40.445
  closest atom surface    2.182   S3  URE X    1
  2nd closest surface     2.183   C19 URE X    1
  found on step  991
  no. of rejections          402
 stored as     1

 highest radius point found:
  at point   40.193  39.797  40.645
  closest atom surface    2.109   S3  URE X    1
  2nd closest surface     2.111   C19 URE X    1
  found on step  976
  this is also current point
  no. of rejections          389
 stored as     2

 highest radius point found:
  at point   40.198  39.743  40.845
  closest atom surface    2.046   S3  URE X    1
  2nd closest surface     2.049   C19 URE X    1
  found on step  687
 current point:
  at point   40.193  39.741  40.845
  closest atom surface    2.046   C3  URE X    1
  2nd closest surface     2.047   C19 URE X    1
  found on step  956
  no. of rejections          383
 stored as     3

 highest radius point found:
  at point   40.198  39.688  41.045
  closest atom surface    1.995   C3  URE X    1
  2nd closest surface     1.995   C19 URE X    1
  found on step  910
  this is also current point
  no. of rejections          387
 stored as     4

 highest radius point found:
  at point   40.202  39.633  41.245
  closest atom surface    1.951   C3  URE X    1
  2nd closest surface     1.955   C19 URE X    1
  found on step  948
  this is also current point
  no. of rejections          381
 stored as     5

 highest radius point found:
  at point   40.206  39.582  41.445
  closest atom surface    1.922   C19 URE X    1
  2nd closest surface     1.922   C3  URE X    1
  found on step  978
  this is also current point
  no. of rejections          392
 stored as     6

 highest radius point found:
  at point   40.212  39.526  41.645
  closest atom surface    1.900   C3  URE X    1
  2nd closest surface     1.903   S3  URE X    1
  found on step  917
  this is also current point
  no. of rejections          411
 stored as     7

 highest radius point found:
  at point   40.212  39.475  41.845
  closest atom surface    1.893   C3  URE X    1
  2nd closest surface     1.893   C19 URE X    1
  found on step  995
  this is also current point
  no. of rejections          394
 stored as     8

 highest radius point found:
  at point   40.217  39.420  42.045
  closest atom surface    1.895   C3  URE X    1
  2nd closest surface     1.895   H4  URE X    1
  found on step  957
  this is also current point
  no. of rejections          424
 stored as     9

 highest radius point found:
  at point   40.225  39.386  42.245
  closest atom surface    1.893   H4  URE X    1
  2nd closest surface     1.893   S3  URE X    1
  found on step  939
  this is also current point
  no. of rejections          378
 stored as    10

 highest radius point found:
  at point   40.227  39.355  42.445
  closest atom surface    1.905   H4  URE X    1
  2nd closest surface     1.905   S3  URE X    1
  found on step  941
  this is also current point
  no. of rejections          384
 stored as    11

 highest radius point found:
  at point   40.229  39.318  42.645
  closest atom surface    1.927   H4  URE X    1
  2nd closest surface     1.929   C19 URE X    1
  found on step  431
 current point:
  at point   40.234  39.321  42.645
  closest atom surface    1.924   S3  URE X    1
  2nd closest surface     1.930   C19 URE X    1
  found on step  978
  no. of rejections          405
 stored as    12

 highest radius point found:
  at point   40.235  39.281  42.845
  closest atom surface    1.963   S3  URE X    1
  2nd closest surface     1.963   H4  URE X    1
  found on step  994
  this is also current point
  no. of rejections          383
 stored as    13

 highest radius point found:
  at point   40.237  39.244  43.045
  closest atom surface    2.008   S3  URE X    1
  2nd closest surface     2.008   C19 URE X    1
  found on step  951
  this is also current point
  no. of rejections          401
 stored as    14

 highest radius point found:
  at point   40.235  39.199  43.245
  closest atom surface    2.066   H4  URE X    1
  2nd closest surface     2.066   C19 URE X    1
  found on step  266
 current point:
  at point   40.226  39.196  43.245
  closest atom surface    2.061   H4  URE X    1
  2nd closest surface     2.063   C19 URE X    1
  found on step  981
  no. of rejections          394
 stored as    15

 highest radius point found:
  at point   40.318  39.105  43.445
  closest atom surface    2.108   O4  URE X    1
  2nd closest surface     2.108   H4  URE X    1
  found on step  922
  this is also current point
  no. of rejections          372
 stored as    16

 highest radius point found:
  at point   40.399  39.006  43.645
  closest atom surface    2.164   H4  URE X    1
  2nd closest surface     2.165   S3  URE X    1
  found on step  988
  this is also current point
  no. of rejections          368
 stored as    17

 highest radius point found:
  at point   40.482  38.904  43.845
  closest atom surface    2.233   S3  URE X    1
  2nd closest surface     2.234   H4  URE X    1
  found on step  984
  this is also current point
  no. of rejections          379
 stored as    18

 highest radius point found:
  at point   40.552  38.801  44.045
  closest atom surface    2.316   H4  URE X    1
  2nd closest surface     2.323   S3  URE X    1
  found on step  999
  this is also current point
  no. of rejections          372
 stored as    19

 highest radius point found:
  at point   40.521  38.711  44.245
  closest atom surface    2.394   H4  URE X    1
  2nd closest surface     2.396   O4  URE X    1
  found on step  979
  this is also current point
  no. of rejections          355
 stored as    20

 highest radius point found:
  at point   40.476  38.617  44.445
  closest atom surface    2.479   H4  URE X    1
  2nd closest surface     2.480   O4  URE X    1
  found on step  726
 current point:
  at point   40.480  38.616  44.445
  closest atom surface    2.478   H12 URE X    1
  2nd closest surface     2.479   H4  URE X    1
  found on step  971
  no. of rejections          393
 stored as    21

 highest radius point found:
  at point   40.431  38.523  44.645
  closest atom surface    2.574   S   URE X    1
  2nd closest surface     2.575   O4  URE X    1
  found on step  955
  this is also current point
  no. of rejections          363
 stored as    22

 highest radius point found:
  at point   40.410  38.453  44.845
  closest atom surface    2.652   S   URE X    1
  2nd closest surface     2.654   H12 URE X    1
  found on step  811
 current point:
  at point   40.412  38.444  44.845
  closest atom surface    2.652   S   URE X    1
  2nd closest surface     2.653   H12 URE X    1
  found on step  935
  no. of rejections          396
 stored as    23

 highest radius point found:
  at point   40.340  38.417  45.045
  closest atom surface    2.710   S   URE X    1
  2nd closest surface     2.711   O4  URE X    1
  found on step  956
  this is also current point
  no. of rejections          398
 stored as    24

 highest radius point found:
  at point   40.267  38.374  45.245
  closest atom surface    2.772   S   URE X    1
  2nd closest surface     2.774   O14 URE X    1
  found on step  972
  this is also current point
  no. of rejections          361
 stored as    25

 highest radius point found:
  at point   40.195  38.342  45.445
  closest atom surface    2.847   O14 URE X    1
  2nd closest surface     2.847   S   URE X    1
  found on step  852
 current point:
  at point   40.194  38.345  45.445
  closest atom surface    2.846   S   URE X    1
  2nd closest surface     2.849   O4  URE X    1
  found on step  991
  no. of rejections          369
 stored as    26

 highest radius point found:
  at point   40.122  38.312  45.645
  closest atom surface    2.928   O4  URE X    1
  2nd closest surface     2.929   S   URE X    1
  found on step  947
  this is also current point
  no. of rejections          357
 stored as    27

 highest radius point found:
  at point   40.051  38.272  45.845
  closest atom surface    3.018   O14 URE X    1
  2nd closest surface     3.019   S   URE X    1
  found on step  584
 current point:
  at point   40.050  38.270  45.845
  closest atom surface    3.018   S   URE X    1
  2nd closest surface     3.018   O14 URE X    1
  found on step  995
  no. of rejections          360
 stored as    28

 highest radius point found:
  at point   39.978  38.236  46.045
  closest atom surface    3.116   O14 URE X    1
  2nd closest surface     3.116   S   URE X    1
  found on step  962
  this is also current point
  no. of rejections          372
 stored as    29

 highest radius point found:
  at point   39.906  38.202  46.245
  closest atom surface    3.220   S   URE X    1
  2nd closest surface     3.221   O14 URE X    1
  found on step  980
  this is also current point
  no. of rejections          377
 stored as    30

 highest radius point found:
  at point   39.832  38.174  46.445
  closest atom surface    3.332   O4  URE X    1
  2nd closest surface     3.332   S   URE X    1
  found on step  999
  this is also current point
  no. of rejections          366
 stored as    31

 highest radius point found:
  at point   39.766  38.140  46.645
  closest atom surface    3.450   O4  URE X    1
  2nd closest surface     3.451   O14 URE X    1
  found on step  416
 current point:
  at point   39.761  38.123  46.645
  closest atom surface    3.447   S   URE X    1
  2nd closest surface     3.450   O14 URE X    1
  found on step  986
  no. of rejections          322
 stored as    32

 highest radius point found:
  at point   39.693  38.105  46.845
  closest atom surface    3.575   S   URE X    1
  2nd closest surface     3.575   O4  URE X    1
  found on step  985
  this is also current point
  no. of rejections          338
 stored as    33

 highest radius point found:
  at point   39.625  38.071  47.045
  closest atom surface    3.705   O14 URE X    1
  2nd closest surface     3.705   O4  URE X    1
  found on step  959
  this is also current point
  no. of rejections          330
 stored as    34

 highest radius point found:
  at point   39.553  38.040  47.245
  closest atom surface    3.839   O4  URE X    1
  2nd closest surface     3.840   S   URE X    1
  found on step  716
 current point:
  at point   39.554  38.028  47.245
  closest atom surface    3.838   O14 URE X    1
  2nd closest surface     3.839   S   URE X    1
  found on step  977
  no. of rejections          327
 stored as    35

 highest radius point found:
  at point   39.483  38.005  47.445
  closest atom surface    3.980   S   URE X    1
  2nd closest surface     3.980   O4  URE X    1
  found on step  973
  this is also current point
  no. of rejections          309
 stored as    36

 highest radius point found:
  at point   39.395  37.926  47.645
  closest atom surface    4.111   S   URE X    1
  2nd closest surface     4.130   O14 URE X    1
  found on step   13
 current point:
  at point   39.241  36.253  47.645
  closest atom surface    4.102   O16 URE X    1
  2nd closest surface     4.102   O14 URE X    1
  found on step  980
  no. of rejections          248
 stored as    37

 highest radius point found:
  at point   39.341  37.930  47.845
  closest atom surface    4.270   S   URE X    1
  2nd closest surface     4.274   O14 URE X    1
  found on step  994
  this is also current point
  no. of rejections          324
 stored as    38

 highest radius point found:
  at point   39.270  37.879  48.045
  closest atom surface    4.420   S   URE X    1
  2nd closest surface     4.424   O14 URE X    1
  found on step  997
  this is also current point
  no. of rejections          325
 stored as    39

 highest radius point found:
  at point   39.206  37.871  48.245
  closest atom surface    4.579   S   URE X    1
  2nd closest surface     4.580   O14 URE X    1
  found on step  935
  this is also current point
  no. of rejections          336
 stored as    40

 highest radius point found:
  at point   39.138  37.839  48.445
  closest atom surface    4.739   O14 URE X    1
  2nd closest surface     4.739   S   URE X    1
  found on step  811
 current point:
  at point   39.137  37.830  48.445
  closest atom surface    4.737   O14 URE X    1
  2nd closest surface     4.738   S   URE X    1
  found on step  911
  no. of rejections          309
 stored as    41

 highest radius point found:
  at point   39.071  37.806  48.645
  closest atom surface    4.899   O14 URE X    1
  2nd closest surface     4.901   S   URE X    1
  found on step  759
 current point:
  at point   39.066  37.802  48.645
  closest atom surface    4.899   S   URE X    1
  2nd closest surface     4.902   O14 URE X    1
  found on step  983
  no. of rejections          300
 stored as    42

 highest radius point found:
  at point   38.642  35.533  48.845
  closest atom surface    5.165   S   URE X    1
  2nd closest surface     5.170   S1  URE X    1
  found on step  786
 current point:
  at point   38.373  34.886  48.845
  closest atom surface    5.162   S1  URE X    1
  2nd closest surface     5.168   O16 URE X    1
  found on step  999
  no. of rejections          242
 stored as    43

 highest radius point found:
  at point   38.579  35.442  49.045
  closest atom surface    5.359   S1  URE X    1
  2nd closest surface     5.359   S   URE X    1
  found on step  897
  this is also current point
  no. of rejections          275
 stored as    44

 highest radius point found:
  at point   36.263  30.903  49.245
  closest atom surface    6.846   O17 URE X    1
  2nd closest surface     6.887   S1  URE X    1
  found on step 1000
  this is also current point
  no. of rejections          170
 stored as    45

 highest radius point found:
  at point   30.020  25.286  49.445
  closest atom surface   12.802   O17 URE X    1
  2nd closest surface    12.847   S1  URE X    1
  found on step 1000
  this is also current point
  no. of rejections          228
 stored as    46

 highest radius point found:
  at point   22.479  16.199  49.645
  closest atom surface   23.503   O17 URE X    1
  2nd closest surface    23.738   S1  URE X    1
  found on step  999
  this is also current point
  no. of rejections          248
 This is an end! (radius above  22.0 angs)
 highest radius point found:
  at point   40.126  39.884  40.045
  closest atom surface    2.271   S4  URE X    1
  2nd closest surface     2.273   C3  URE X    1
  found on step  907
  this is also current point
  no. of rejections          403
 stored as    -1

 highest radius point found:
  at point   39.903  39.833  39.845
  closest atom surface    2.229   C3  URE X    1
  2nd closest surface     2.231   S4  URE X    1
  found on step  855
 current point:
  at point   39.900  39.834  39.845
  closest atom surface    2.228   C20 URE X    1
  2nd closest surface     2.229   C3  URE X    1
  found on step  922
  no. of rejections          386
 stored as    -2

 highest radius point found:
  at point   39.696  39.780  39.645
  closest atom surface    2.207   C3  URE X    1
  2nd closest surface     2.207   S4  URE X    1
  found on step  939
  this is also current point
  no. of rejections          366
 stored as    -3

 highest radius point found:
  at point   39.534  39.717  39.445
  closest atom surface    2.194   H3  URE X    1
  2nd closest surface     2.194   S4  URE X    1
  found on step  522
 current point:
  at point   39.546  39.713  39.445
  closest atom surface    2.192   S4  URE X    1
  2nd closest surface     2.193   H3  URE X    1
  found on step  993
  no. of rejections          380
 stored as    -4

 highest radius point found:
  at point   39.383  39.675  39.245
  closest atom surface    2.177   S4  URE X    1
  2nd closest surface     2.179   H3  URE X    1
  found on step  379
 current point:
  at point   39.380  39.673  39.245
  closest atom surface    2.176   H3  URE X    1
  2nd closest surface     2.179   N5  URE X    1
  found on step  973
  no. of rejections          390
 stored as    -5

 highest radius point found:
  at point   39.268  39.615  39.045
  closest atom surface    2.170   H3  URE X    1
  2nd closest surface     2.171   N5  URE X    1
  found on step  978
  this is also current point
  no. of rejections          365
 stored as    -6

 highest radius point found:
  at point   39.157  39.557  38.845
  closest atom surface    2.179   S4  URE X    1
  2nd closest surface     2.179   N5  URE X    1
  found on step  725
 current point:
  at point   39.168  39.551  38.845
  closest atom surface    2.178   H3  URE X    1
  2nd closest surface     2.178   S4  URE X    1
  found on step  995
  no. of rejections          380
 stored as    -7

 highest radius point found:
  at point   39.053  39.488  38.645
  closest atom surface    2.202   S4  URE X    1
  2nd closest surface     2.203   H3  URE X    1
  found on step  956
  this is also current point
  no. of rejections          364
 stored as    -8

 highest radius point found:
  at point   38.937  39.427  38.445
  closest atom surface    2.240   S4  URE X    1
  2nd closest surface     2.241   N5  URE X    1
  found on step  979
  this is also current point
  no. of rejections          377
 stored as    -9

 highest radius point found:
  at point   38.831  39.353  38.245
  closest atom surface    2.295   S4  URE X    1
  2nd closest surface     2.295   H3  URE X    1
  found on step  913
  this is also current point
  no. of rejections          381
 stored as   -10

 highest radius point found:
  at point   38.799  39.265  38.045
  closest atom surface    2.332   H2  URE X    1
  2nd closest surface     2.332   S4  URE X    1
  found on step  924
  this is also current point
  no. of rejections          379
 stored as   -11

 highest radius point found:
  at point   38.810  39.143  37.845
  closest atom surface    2.385   H3  URE X    1
  2nd closest surface     2.386   S4  URE X    1
  found on step  974
  this is also current point
  no. of rejections          355
 stored as   -12

 highest radius point found:
  at point   38.800  39.035  37.645
  closest atom surface    2.448   H2  URE X    1
  2nd closest surface     2.449   H3  URE X    1
  found on step  944
  this is also current point
  no. of rejections          385
 stored as   -13

 highest radius point found:
  at point   38.743  38.969  37.445
  closest atom surface    2.513   H2  URE X    1
  2nd closest surface     2.513   S4  URE X    1
  found on step   81
 current point:
  at point   38.745  38.969  37.445
  closest atom surface    2.513   S4  URE X    1
  2nd closest surface     2.513   O2  URE X    1
  found on step  975
  no. of rejections          382
 stored as   -14

 highest radius point found:
  at point   38.632  38.949  37.245
  closest atom surface    2.576   H2  URE X    1
  2nd closest surface     2.578   S4  URE X    1
  found on step  985
  this is also current point
  no. of rejections          359
 stored as   -15

 highest radius point found:
  at point   38.541  38.914  37.045
  closest atom surface    2.653   O2  URE X    1
  2nd closest surface     2.654   S4  URE X    1
  found on step 1000
  this is also current point
  no. of rejections          355
 stored as   -16

 highest radius point found:
  at point   38.426  38.891  36.845
  closest atom surface    2.743   H2  URE X    1
  2nd closest surface     2.743   S4  URE X    1
  found on step  840
 current point:
  at point   38.423  38.895  36.845
  closest atom surface    2.742   S4  URE X    1
  2nd closest surface     2.743   H2  URE X    1
  found on step  965
  no. of rejections          355
 stored as   -17

 highest radius point found:
  at point   38.319  38.864  36.645
  closest atom surface    2.841   S4  URE X    1
  2nd closest surface     2.842   H2  URE X    1
  found on step 1000
  this is also current point
  no. of rejections          344
 stored as   -18

 highest radius point found:
  at point   38.208  38.834  36.445
  closest atom surface    2.950   H2  URE X    1
  2nd closest surface     2.952   S4  URE X    1
  found on step  974
  this is also current point
  no. of rejections          352
 stored as   -19

 highest radius point found:
  at point   38.150  38.801  36.245
  closest atom surface    3.041   S4  URE X    1
  2nd closest surface     3.041   O2  URE X    1
  found on step 1000
  this is also current point
  no. of rejections          381
 stored as   -20

 highest radius point found:
  at point   38.123  38.769  36.045
  closest atom surface    3.113   O2  URE X    1
  2nd closest surface     3.113   O   URE X    1
  found on step  930
  this is also current point
  no. of rejections          353
 stored as   -21

 highest radius point found:
  at point   38.097  38.748  35.845
  closest atom surface    3.194   S4  URE X    1
  2nd closest surface     3.194   O   URE X    1
  found on step  904
  this is also current point
  no. of rejections          372
 stored as   -22

 highest radius point found:
  at point   38.071  38.721  35.645
  closest atom surface    3.280   S4  URE X    1
  2nd closest surface     3.281   O   URE X    1
  found on step  515
 current point:
  at point   38.071  38.714  35.645
  closest atom surface    3.280   O   URE X    1
  2nd closest surface     3.282   O2  URE X    1
  found on step  932
  no. of rejections          389
 stored as   -23

 highest radius point found:
  at point   38.048  38.687  35.445
  closest atom surface    3.375   O2  URE X    1
  2nd closest surface     3.375   O   URE X    1
  found on step  951
  this is also current point
  no. of rejections          392
 stored as   -24

 highest radius point found:
  at point   38.023  38.659  35.245
  closest atom surface    3.475   S4  URE X    1
  2nd closest surface     3.476   O2  URE X    1
  found on step  922
  this is also current point
  no. of rejections          362
 stored as   -25

 highest radius point found:
  at point   37.996  38.630  35.045
  closest atom surface    3.581   S4  URE X    1
  2nd closest surface     3.581   O   URE X    1
  found on step  965
  this is also current point
  no. of rejections          343
 stored as   -26

 highest radius point found:
  at point   37.970  38.596  34.845
  closest atom surface    3.692   O2  URE X    1
  2nd closest surface     3.692   O   URE X    1
  found on step  968
  this is also current point
  no. of rejections          389
 stored as   -27

 highest radius point found:
  at point   37.947  38.570  34.645
  closest atom surface    3.808   S4  URE X    1
  2nd closest surface     3.809   O2  URE X    1
  found on step  952
  this is also current point
  no. of rejections          339
 stored as   -28

 highest radius point found:
  at point   37.919  38.538  34.445
  closest atom surface    3.931   O   URE X    1
  2nd closest surface     3.931   O2  URE X    1
  found on step  971
  this is also current point
  no. of rejections          339
 stored as   -29

 highest radius point found:
  at point   37.893  38.505  34.245
  closest atom surface    4.056   O2  URE X    1
  2nd closest surface     4.057   O   URE X    1
  found on step  991
  this is also current point
  no. of rejections          340
 stored as   -30

 highest radius point found:
  at point   37.867  38.476  34.045
  closest atom surface    4.188   O2  URE X    1
  2nd closest surface     4.188   O   URE X    1
  found on step  996
  this is also current point
  no. of rejections          333
 stored as   -31

 highest radius point found:
  at point   37.840  38.444  33.845
  closest atom surface    4.322   O2  URE X    1
  2nd closest surface     4.322   O   URE X    1
  found on step  973
  this is also current point
  no. of rejections          348
 stored as   -32

 highest radius point found:
  at point   37.812  38.418  33.645
  closest atom surface    4.460   O   URE X    1
  2nd closest surface     4.461   S4  URE X    1
  found on step    2
 current point:
  at point   37.811  38.420  33.645
  closest atom surface    4.460   O   URE X    1
  2nd closest surface     4.460   S4  URE X    1
  found on step  948
  no. of rejections          327
 stored as   -33

 highest radius point found:
  at point   37.789  38.382  33.445
  closest atom surface    4.602   O2  URE X    1
  2nd closest surface     4.604   O   URE X    1
  found on step  949
  this is also current point
  no. of rejections          325
 stored as   -34

 highest radius point found:
  at point   37.760  38.356  33.245
  closest atom surface    4.748   S4  URE X    1
  2nd closest surface     4.748   O   URE X    1
  found on step  852
 current point:
  at point   37.761  38.349  33.245
  closest atom surface    4.748   O   URE X    1
  2nd closest surface     4.748   O2  URE X    1
  found on step  959
  no. of rejections          324
 stored as   -35

 highest radius point found:
  at point   37.736  38.321  33.045
  closest atom surface    4.897   O2  URE X    1
  2nd closest surface     4.897   O   URE X    1
  found on step  981
  this is also current point
  no. of rejections          325
 stored as   -36

 highest radius point found:
  at point   37.709  38.289  32.845
  closest atom surface    5.048   O   URE X    1
  2nd closest surface     5.049   O2  URE X    1
  found on step  934
  this is also current point
  no. of rejections          324
 stored as   -37

 highest radius point found:
  at point   37.678  38.252  32.645
  closest atom surface    5.200   O6  URE X    1
  2nd closest surface     5.200   O   URE X    1
  found on step  968
  this is also current point
  no. of rejections          330
 stored as   -38

 highest radius point found:
  at point   37.633  38.164  32.445
  closest atom surface    5.344   O6  URE X    1
  2nd closest surface     5.346   O   URE X    1
  found on step  819
 current point:
  at point   37.627  38.193  32.445
  closest atom surface    5.343   O6  URE X    1
  2nd closest surface     5.344   O   URE X    1
  found on step  942
  no. of rejections          292
 stored as   -39

 highest radius point found:
  at point   37.587  38.068  32.245
  closest atom surface    5.494   O2  URE X    1
  2nd closest surface     5.496   O   URE X    1
  found on step  116
 current point:
  at point   37.581  38.108  32.245
  closest atom surface    5.493   O   URE X    1
  2nd closest surface     5.493   O6  URE X    1
  found on step  935
  no. of rejections          286
 stored as   -40

 highest radius point found:
  at point   37.533  38.024  32.045
  closest atom surface    5.645   O   URE X    1
  2nd closest surface     5.647   O6  URE X    1
  found on step  195
 current point:
  at point   36.929  36.245  32.045
  closest atom surface    5.604   O2  URE X    1
  2nd closest surface     5.606   O   URE X    1
  found on step  997
  no. of rejections          279
 stored as   -41

 highest radius point found:
  at point   37.476  37.993  31.845
  closest atom surface    5.796   O   URE X    1
  2nd closest surface     5.800   O6  URE X    1
  found on step   78
 current point:
  at point   37.074  36.715  31.845
  closest atom surface    5.741   O   URE X    1
  2nd closest surface     5.745   O2  URE X    1
  found on step  989
  no. of rejections          267
 stored as   -42

 highest radius point found:
  at point   37.450  37.810  31.645
  closest atom surface    5.965   O6  URE X    1
  2nd closest surface     5.966   O2  URE X    1
  found on step  975
  this is also current point
  no. of rejections          296
 stored as   -43

 highest radius point found:
  at point   37.402  37.721  31.445
  closest atom surface    6.129   O   URE X    1
  2nd closest surface     6.129   O2  URE X    1
  found on step  957
  this is also current point
  no. of rejections          302
 stored as   -44

 highest radius point found:
  at point   37.355  37.633  31.245
  closest atom surface    6.295   O   URE X    1
  2nd closest surface     6.296   O2  URE X    1
  found on step  981
  this is also current point
  no. of rejections          294
 stored as   -45

 highest radius point found:
  at point   36.781  36.052  31.045
  closest atom surface    6.500   O   URE X    1
  2nd closest surface     6.502   O2  URE X    1
  found on step  992
  this is also current point
  no. of rejections          294
 stored as   -46

 highest radius point found:
  at point   35.469  32.431  30.845
  closest atom surface    7.921   O   URE X    1
  2nd closest surface     7.937   O2  URE X    1
  found on step 1000
  this is also current point
  no. of rejections          233
 stored as   -47

 highest radius point found:
  at point   31.484  23.973  30.645
  closest atom surface   14.644   O17 URE X    1
  2nd closest surface    14.659   O   URE X    1
  found on step 1000
  this is also current point
  no. of rejections          202
 stored as   -48

 highest radius point found:
  at point   26.434  17.383  30.445
  closest atom surface   21.529   O17 URE X    1
  2nd closest surface    21.798   O   URE X    1
  found on step 1000
  this is also current point
  no. of rejections          246
 stored as   -49

 highest radius point found:
  at point   18.684   8.783  30.245
  closest atom surface   32.192   O17 URE X    1
  2nd closest surface    32.425   O   URE X    1
  found on step  998
  this is also current point
  no. of rejections          259
 This is an end! (radius above  22.0 angs)
 
 N.b. Graph information routine (HOGRAP) differs 
        markedly from previous versions!
       Information now is written from -ve end
       to +ve in one pass
 
 Explanation of the meaning of each column: 
 First column "cenxyz.cvec" is the coordinate in the
   direction of the channel vector i.e. if the channel
   vector is in z (0 0 1) then it is the z coordinate.
 The second column "radius" is the hole pore radius 
   (as defined in the Biophys J 1993) article).
 The third column "cen_line_D" is the distance 
   measured along the pore centre line - with the 
   first point found set to zero. This was the first
   thing that I used to measure the distance along a pore
   but "cenxyz.cvec" is a much better general measure. 
   However, by comparing changes in this distance to changes in '   "cenxyz.cvec" one can get a measure of how straight a 
   channel is.
 The fourth column "sum{s/(area)}" is useful in conductance
   prediction -
   basically it is the sum of the thickness of each slab
   divided by its area. HOLE uses this measure to estimate
   the macroscopic conductance of a channel.
 If any of this worries you one can see the "raw" results
   of a standard hole run by producing a sphpdb file and 
    directly looking at the results.
 cenxyz.cvec      radius  cen_line_D sum{s/(area point sourc
    30.44451    21.52925   -33.24243     0.00007   (sampled)
    30.54451    17.94952   -29.09012     0.00017 (mid-point)
    30.64451    14.64379   -24.93781     0.00032   (sampled)
    30.74451    10.87745   -20.26198     0.00058 (mid-point)
    30.84451     7.92093   -15.58616     0.00109   (sampled)
    30.94451     7.02722   -13.65774     0.00174 (mid-point)
    31.04451     6.50005   -11.72933     0.00249   (sampled)
    31.14451     6.35347   -10.88230     0.00328 (mid-point)
    31.24451     6.29497   -10.03527     0.00408   (sampled)
    31.34451     6.21168    -9.92357     0.00491 (mid-point)
    31.44451     6.12909    -9.81186     0.00575   (sampled)
    31.54451     6.04695    -9.69987     0.00662 (mid-point)
    31.64451     5.96538    -9.58787     0.00752   (sampled)
    31.74451     5.88049    -9.45177     0.00844 (mid-point)
    31.84451     5.79605    -9.31566     0.00939   (sampled)
    31.94451     5.72015    -9.21053     0.01036 (mid-point)
    32.04451     5.64497    -9.10539     0.01136   (sampled)
    32.14451     5.56986    -8.99946     0.01239 (mid-point)
    32.24451     5.49416    -8.89352     0.01344   (sampled)
    32.34451     5.41983    -8.78022     0.01452 (mid-point)
    32.44451     5.34439    -8.66691     0.01564   (sampled)
    32.54451     5.27153    -8.55546     0.01678 (mid-point)
    32.64451     5.19970    -8.44402     0.01796   (sampled)
    32.74451     5.12372    -8.34115     0.01917 (mid-point)
    32.84451     5.04814    -8.23828     0.02042   (sampled)
    32.94451     4.97230    -8.13612     0.02171 (mid-point)
    33.04451     4.89715    -8.03396     0.02304   (sampled)
    33.14451     4.82207    -7.93172     0.02441 (mid-point)
    33.24451     4.74763    -7.82948     0.02582   (sampled)
    33.34451     4.67539    -7.72757     0.02727 (mid-point)
    33.44451     4.60195    -7.62566     0.02878   (sampled)
    33.54451     4.53145    -7.52342     0.03033 (mid-point)
    33.64451     4.45986    -7.42118     0.03193   (sampled)
    33.74451     4.39056    -7.31939     0.03358 (mid-point)
    33.84451     4.32207    -7.21761     0.03528   (sampled)
    33.94451     4.25443    -7.11546     0.03704 (mid-point)
    34.04451     4.18779    -7.01332     0.03886   (sampled)
    34.14451     4.12157    -6.91140     0.04073 (mid-point)
    34.24451     4.05641    -6.80949     0.04266   (sampled)
    34.34451     3.99314    -6.70736     0.04466 (mid-point)
    34.44451     3.93098    -6.60524     0.04672   (sampled)
    34.54451     3.86946    -6.50294     0.04885 (mid-point)
    34.64451     3.80782    -6.40064     0.05104   (sampled)
    34.74451     3.74978    -6.29918     0.05331 (mid-point)
    34.84451     3.69170    -6.19771     0.05564   (sampled)
    34.94451     3.63584    -6.09542     0.05805 (mid-point)
    35.04451     3.58100    -5.99313     0.06053   (sampled)
    35.14451     3.52734    -5.89122     0.06309 (mid-point)
    35.24451     3.47506    -5.78931     0.06573   (sampled)
    35.34451     3.42468    -5.68757     0.06844 (mid-point)
    35.44451     3.37527    -5.58582     0.07123   (sampled)
    35.54451     3.32730    -5.48370     0.07411 (mid-point)
    35.64451     3.27982    -5.38159     0.07707   (sampled)
    35.74451     3.23590    -5.27986     0.08011 (mid-point)
    35.84451     3.19359    -5.17812     0.08323   (sampled)
    35.94451     3.15278    -5.07672     0.08643 (mid-point)
    36.04451     3.11254    -4.97532     0.08972   (sampled)
    36.14451     3.07583    -4.87313     0.09308 (mid-point)
    36.24451     3.04093    -4.77093     0.09652   (sampled)
    36.34451     2.99542    -4.66556     0.10007 (mid-point)
    36.44451     2.94976    -4.56018     0.10373   (sampled)
    36.54451     2.89454    -4.44487     0.10753 (mid-point)
    36.64451     2.84122    -4.32956     0.11147   (sampled)
    36.74451     2.79098    -4.21521     0.11556 (mid-point)
    36.84451     2.74277    -4.10087     0.11979   (sampled)
    36.94451     2.69751    -3.98505     0.12416 (mid-point)
    37.04451     2.65335    -3.86922     0.12869   (sampled)
    37.14451     2.61494    -3.75791     0.13334 (mid-point)
    37.24451     2.57601    -3.64660     0.13814   (sampled)
    37.34451     2.54269    -3.53184     0.14306 (mid-point)
    37.44451     2.51281    -3.41709     0.14810   (sampled)
    37.54451     2.47907    -3.30803     0.15328 (mid-point)
    37.64451     2.44846    -3.19898     0.15859   (sampled)
    37.74451     2.41505    -3.08529     0.16405 (mid-point)
    37.84451     2.38472    -2.97160     0.16965   (sampled)
    37.94451     2.35698    -2.85423     0.17538 (mid-point)
    38.04451     2.33190    -2.73686     0.18123   (sampled)
    38.14451     2.31209    -2.62657     0.18718 (mid-point)
    38.24451     2.29496    -2.51628     0.19323   (sampled)
    38.34451     2.26595    -2.39727     0.19943 (mid-point)
    38.44451     2.24008    -2.27827     0.20577   (sampled)
    38.54451     2.21953    -2.15848     0.21223 (mid-point)
    38.64451     2.20230    -2.03869     0.21879   (sampled)
    38.74451     2.18908    -1.92104     0.22544 (mid-point)
    38.84451     2.17913    -1.80339     0.23214   (sampled)
    38.94451     2.17348    -1.68549     0.23888 (mid-point)
    39.04451     2.17039    -1.56758     0.24564   (sampled)
    39.14451     2.17228    -1.44815     0.25238 (mid-point)
    39.24451     2.17726    -1.32873     0.25910   (sampled)
    39.34451     2.18377    -1.20180     0.26577 (mid-point)
    39.44451     2.19390    -1.07488     0.27238   (sampled)
    39.54451     2.19863    -0.94232     0.27897 (mid-point)
    39.64451     2.20653    -0.80976     0.28551   (sampled)
    39.74451     2.21495    -0.66349     0.29199 (mid-point)
    39.84451     2.22860    -0.51722     0.29840   (sampled)
    39.94451     2.24814    -0.36518     0.30470 (mid-point)
    40.04451     2.27111    -0.21314     0.31087   (sampled)
    40.14451     2.26402    -0.10657     0.31708 (mid-point)
    40.24451     2.25458     0.00000     0.32334   (sampled)
    40.34451     2.21724     0.10239     0.32982 (mid-point)
    40.44451     2.18207     0.20478     0.33650   (sampled)
    40.54451     2.14418     0.30819     0.34343 (mid-point)
    40.64451     2.10855     0.41160     0.35059   (sampled)
    40.74451     2.07616     0.51515     0.35797 (mid-point)
    40.84451     2.04617     0.61870     0.36557   (sampled)
    40.94451     2.02044     0.72236     0.37337 (mid-point)
    41.04451     1.99451     0.82603     0.38137   (sampled)
    41.14451     1.97134     0.92981     0.38956 (mid-point)
    41.24451     1.95085     1.03360     0.39793   (sampled)
    41.34451     1.93527     1.13678     0.40643 (mid-point)
    41.44451     1.92174     1.23996     0.41505   (sampled)
    41.54451     1.91005     1.34390     0.42377 (mid-point)
    41.64451     1.90049     1.44785     0.43258   (sampled)
    41.74451     1.89520     1.55110     0.44145 (mid-point)
    41.84451     1.89274     1.65436     0.45033   (sampled)
    41.94451     1.89239     1.75807     0.45922 (mid-point)
    42.04451     1.89491     1.86177     0.46809   (sampled)
    42.14451     1.89230     1.96325     0.47697 (mid-point)
    42.24451     1.89284     2.06473     0.48586   (sampled)
    42.34451     1.89726     2.16598     0.49470 (mid-point)
    42.44451     1.90520     2.26724     0.50347   (sampled)
    42.54451     1.91457     2.36888     0.51215 (mid-point)
    42.64451     1.92746     2.47052     0.52072   (sampled)
    42.74451     1.94342     2.57232     0.52915 (mid-point)
    42.84451     1.96273     2.67411     0.53741   (sampled)
    42.94451     1.98417     2.77581     0.54550 (mid-point)
    43.04451     2.00809     2.87750     0.55339   (sampled)
    43.14451     2.03581     2.98000     0.56107 (mid-point)
    43.24451     2.06553     3.08251     0.56853   (sampled)
    43.34451     2.08473     3.20044     0.57586 (mid-point)
    43.44451     2.10787     3.31838     0.58302   (sampled)
    43.54451     2.13388     3.43705     0.59001 (mid-point)
    43.64451     2.16373     3.55572     0.59681   (sampled)
    43.74451     2.19705     3.67525     0.60341 (mid-point)
    43.84451     2.23293     3.79478     0.60979   (sampled)
    43.94451     2.27353     3.91273     0.61595 (mid-point)
    44.04451     2.31635     4.03068     0.62188   (sampled)
    44.14451     2.35367     4.14149     0.62763 (mid-point)
    44.24451     2.39421     4.25229     0.63318   (sampled)
    44.34451     2.43505     4.36506     0.63855 (mid-point)
    44.44451     2.47907     4.47782     0.64373   (sampled)
    44.54451     2.52611     4.59061     0.64872 (mid-point)
    44.64451     2.57406     4.70340     0.65352   (sampled)
    44.74451     2.61219     4.80986     0.65818 (mid-point)
    44.84451     2.65246     4.91631     0.66271   (sampled)
    44.94451     2.67985     5.02379     0.66714 (mid-point)
    45.04451     2.70954     5.13126     0.67148   (sampled)
    45.14451     2.73977     5.23984     0.67572 (mid-point)
    45.24451     2.77228     5.34841     0.67986   (sampled)
    45.34451     2.80859     5.45582     0.68389 (mid-point)
    45.44451     2.84686     5.56323     0.68782   (sampled)
    45.54451     2.88711     5.67080     0.69164 (mid-point)
    45.64451     2.92760     5.77836     0.69535   (sampled)
    45.74451     2.97297     5.88640     0.69896 (mid-point)
    45.84451     3.01809     5.99445     0.70245   (sampled)
    45.94451     3.06585     6.10235     0.70584 (mid-point)
    46.04451     3.11557     6.21025     0.70912   (sampled)
    46.14451     3.16719     6.31790     0.71229 (mid-point)
    46.24451     3.22043     6.42554     0.71536   (sampled)
    46.34451     3.27530     6.53306     0.71833 (mid-point)
    46.44451     3.33165     6.64058     0.72119   (sampled)
    46.54451     3.39003     6.74730     0.72396 (mid-point)
    46.64451     3.44996     6.85403     0.72664   (sampled)
    46.74451     3.51183     6.96194     0.72922 (mid-point)
    46.84451     3.57510     7.06986     0.73171   (sampled)
    46.94451     3.63965     7.17688     0.73411 (mid-point)
    47.04451     3.70515     7.28390     0.73643   (sampled)
    47.14451     3.77134     7.39122     0.73867 (mid-point)
    47.24451     3.83852     7.49854     0.74083   (sampled)
    47.34451     3.90848     7.60596     0.74291 (mid-point)
    47.44451     3.97957     7.71339     0.74492   (sampled)
    47.54451     4.04440     7.82962     0.74687 (mid-point)
    47.64451     4.11076     7.94585     0.74875   (sampled)
    47.74451     4.19000     8.04935     0.75056 (mid-point)
    47.84451     4.26994     8.15284     0.75231   (sampled)
    47.94451     4.34429     8.26200     0.75400 (mid-point)
    48.04451     4.41963     8.37115     0.75563   (sampled)
    48.14451     4.49914     8.47624     0.75720 (mid-point)
    48.24451     4.57937     8.58133     0.75872   (sampled)
    48.34451     4.65863     8.68811     0.76018 (mid-point)
    48.44451     4.73856     8.79488     0.76160   (sampled)
    48.54451     4.81861     8.90176     0.76297 (mid-point)
    48.64451     4.89942     9.00863     0.76430   (sampled)
    48.74451     4.93791    10.16934     0.76560 (mid-point)
    48.84451     5.16537    11.33004     0.76680   (sampled)
    48.94451     5.26206    11.44443     0.76795 (mid-point)
    49.04451     5.35882    11.55882     0.76906   (sampled)
    49.14451     5.74990    14.10864     0.77002 (mid-point)
    49.24451     6.84583    16.65846     0.77070   (sampled)
    49.34451     9.43528    20.85861     0.77105 (mid-point)
    49.44451    12.80235    25.05876     0.77125   (sampled)

 Minimum radius found:      1.892 angstroms.



 For spherical probe approach, The geometric factor
         F= sum(ds/area) along channel is    0.771 angstroms**-1
 This yields a macroscopic predicted molar conductance of:
   (1/rho)*(100/F)= (130/rho) pS,
   where rho is the conductivity of 1M permeant ion in ohm m.
 N.B. this is a macroscopic conductance - an overestimate 
 Empirically corrected conductances currently only available
 With the CAPSULE option (although its not that stable!)
 For 1M KCl rho= 1/12 (ohm m), So Gmacro= 1600 pS/M.
  (TAG      1   Rmin=     1.89230   Gmacro=  1555.91805 Conn_Gmacro=    -1.00000 ).
 HOLE: normal completion
