 *** Program HOLE ***
 
 If results of this run are reported or published, please
 cite the publication listed below.
 For the HOLE program:
   Smart, O.S., Goodfellow, J.M., Wallace, B.A. (1993). 
   The pore dimensions of gramicidin A. 
   Biophys. J., 65, 2455-2460.
 
 Originally written by Oliver Smart at Birkbeck College from April 1992.
 Copyright 1993-2005 Oliver Smart
 Copyright 2014-2015 SmartSci Limited.
 Copyright 2016 Oliver Smart.
 
 For help on HOLE suite see  http://www.holeprogram.org/
 
 HOLE release 2.2.005 (07 August 2016) 
 
 usage subject to Apache License, Version 2.0 
 see http://www.apache.org/licenses/LICENSE-2.0 

 Control variables read:

! Input file for Oliver Smart's HOLE program
! written by MDAnalysis.analysis.hole2.HoleAnalysis
! for a Universe
! u = mda.Universe(/afs/crc.nd.edu/user/m/mfarshad/Private/ML-new/traj/host-A1+3
!    /afs/crc.nd.edu/user/m/mfarshad/Private/ML-new/traj/host-A1+3/host_A1+3.trr
!   )
! Frame 35

COORD  /tmp/2550248.1.long/tmprdz_3hvz.pdb
RADIUS simple2.rad
SPHPDB hole035.sph
SAMPLE 0.200000
ENDRAD 22.000000
IGNORE SOL WAT TIP HOH K   NA  CL
SHORTO 0
RASEED 31415
CPOINT 40.5406823688 40.0718578762 40.1637639734


 WARNING have not found a CVECT record - will try to guess
 Input pdb filename read as:    '/tmp/2550248.1.long/tmprdz_3hvz.pdb'
 Input vdW radius file read as: 'simple2.rad'
 point in channel:   40.541  40.072  40.164
 channel vector:   ************************
 sampling distance between planes:    0.200

 graphics conditions:
 binary plot output file name: NONE
 Dot density:    10
 Draw dots?           T
 Draw close contacts? F
 Draw centre line?    T
 Produce spikes rather than dots? F
 Seed for random number generator:     31415 (0 means value set by program)
 Radius above which a result is regarded as an 'end':  22.000
 Pdb format file for sphere centres: hole035.sph

 Monte Carlo conditions:
  no of steps:  1000
  maximum displacement   0.100 angs
  'kT' initial   0.100 angs
 The spherebox and capsule options are turned off.
 (No molqpt card so will not write qpt file of the molecule)
 IGNORE card read so will ignore residue types: SOL WAT TIP HOH K   NA  CL
 no SHORTO card read so will produce full textual output
 As no PEGRAT card was found will not produce PEG polymer exclusion graph
 (No 2DMAPS card specified so will not produce 2D property maps)
 Have not found a CUT card.  Normal calculation using
   Cutoff lists with a cutsize=       1.000
   (if you wish to turn off option use a CUT -1 card)

 Have read     7 bond radius records and
              16 vdW radius records.
 From file: simple2.rad

 Have read   144 atom records.
 From file: /tmp/2550248.1.long/tmprdz_3hvz.pdb
 Will not produce graphical output

 Have opened file for pdb format output of sphere centres:  hole035.sph

  Seed integer used by ran # generator on this run      31415

 
 S/R cguess will try to guess CPOINT and/or CVECT
 
 THESE GUESSES MAY WELL BE WRONG!!!!
 Routine relies on having a reasonably symmetric
 channel oriented along x, y or z vector
 YOU ARE STRONGLY ADVISED TO CHECK THE RESULTS
                       WITH MOLECULAR GRAPHICS
 testing points from cpoint in X, Y then Z direction
   point                   pore radius
direction     1
  35.541  40.072  40.164    -1.110
  36.541  40.072  40.164    -0.450
  37.541  40.072  40.164     0.413
  38.541  40.072  40.164     1.070
  39.541  40.072  40.164     1.732
  40.541  40.072  40.164     1.925
  41.541  40.072  40.164     1.832
  42.541  40.072  40.164     1.272
  43.541  40.072  40.164     0.833
  44.541  40.072  40.164    -0.133
  45.541  40.072  40.164    -0.919
 Average pore radius along the line=      0.588
direction     2
  40.541  35.072  40.164    -0.296
  40.541  36.072  40.164    -0.487
  40.541  37.072  40.164    -0.191
  40.541  38.072  40.164     0.527
  40.541  39.072  40.164     1.397
  40.541  40.072  40.164     1.925
  40.541  41.072  40.164     0.975
  40.541  42.072  40.164     0.072
  40.541  43.072  40.164    -0.681
  40.541  44.072  40.164    -0.912
  40.541  45.072  40.164    -0.873
 Average pore radius along the line=      0.132
direction     3
  40.541  40.072  35.164     0.245
  40.541  40.072  36.164     0.156
  40.541  40.072  37.164     0.484
  40.541  40.072  38.164     1.252
  40.541  40.072  39.164     1.992
  40.541  40.072  40.164     1.925
  40.541  40.072  41.164     1.815
  40.541  40.072  42.164     1.759
  40.541  40.072  43.164     0.868
  40.541  40.072  44.164    -0.010
  40.541  40.072  45.164    -0.673
 Average pore radius along the line=      0.892
 Best direction is found to be     3
(1=X,2=Y,3=Z)
 s/r cguess has produced initial values for cpoint &/or cvect:
CPOINT      40.5407     40.0719     40.1638
CVECT        0.0000      0.0000      1.0000
 THESE GUESSES MAY WELL BE WRONG!!!!
 Routine relies on having a reasonably symmetric
 channel oriented along x, y or z vector
 YOU ARE STRONGLY ADVISED TO CHECK THE RESULTS
                       WITH MOLECULAR GRAPHICS
 
 
  Some routines (e.g. conn) need vectors normal to cvect: 
     EAST Zero degrees angle is along vector    1.000   0.000   0.000
     NORTH  90 degrees angle is along vector    0.000  -1.000   0.000
 highest radius point found:
  at point   40.072  39.750  40.164
  closest atom surface    2.203   C30 URE X    1
  2nd closest surface     2.203   C10 URE X    1
  found on step  767
 current point:
  at point   40.075  39.750  40.164
  closest atom surface    2.202   C10 URE X    1
  2nd closest surface     2.203   S5  URE X    1
  found on step  910
  no. of rejections          401
 stored as     0

 highest radius point found:
  at point   40.174  39.740  40.364
  closest atom surface    2.176   C30 URE X    1
  2nd closest surface     2.177   S5  URE X    1
  found on step  945
  this is also current point
  no. of rejections          378
 stored as     1

 highest radius point found:
  at point   40.280  39.730  40.564
  closest atom surface    2.161   S5  URE X    1
  2nd closest surface     2.164   C10 URE X    1
  found on step  990
  this is also current point
  no. of rejections          374
 stored as     2

 highest radius point found:
  at point   40.394  39.721  40.764
  closest atom surface    2.159   C10 URE X    1
  2nd closest surface     2.159   S5  URE X    1
  found on step  617
 current point:
  at point   40.384  39.716  40.764
  closest atom surface    2.159   C10 URE X    1
  2nd closest surface     2.163   S5  URE X    1
  found on step  953
  no. of rejections          370
 stored as     3

 highest radius point found:
  at point   40.476  39.699  40.964
  closest atom surface    2.169   C10 URE X    1
  2nd closest surface     2.170   C30 URE X    1
  found on step  663
 current point:
  at point   40.520  39.715  40.964
  closest atom surface    2.168   S5  URE X    1
  2nd closest surface     2.168   C10 URE X    1
  found on step  965
  no. of rejections          396
 stored as     4

 highest radius point found:
  at point   40.593  39.696  41.164
  closest atom surface    2.194   S5  URE X    1
  2nd closest surface     2.195   C10 URE X    1
  found on step  605
 current point:
  at point   40.598  39.697  41.164
  closest atom surface    2.194   C10 URE X    1
  2nd closest surface     2.194   S5  URE X    1
  found on step  893
  no. of rejections          389
 stored as     5

 highest radius point found:
  at point   40.671  39.695  41.364
  closest atom surface    2.215   C9  URE X    1
  2nd closest surface     2.216   S5  URE X    1
  found on step  965
  this is also current point
  no. of rejections          405
 stored as     6

 highest radius point found:
  at point   40.749  39.710  41.564
  closest atom surface    2.231   C9  URE X    1
  2nd closest surface     2.231   S5  URE X    1
  found on step   67
 current point:
  at point   40.746  39.706  41.564
  closest atom surface    2.229   C9  URE X    1
  2nd closest surface     2.234   C30 URE X    1
  found on step  994
  no. of rejections          421
 stored as     7

 highest radius point found:
  at point   40.793  39.689  41.764
  closest atom surface    2.240   C52 URE X    1
  2nd closest surface     2.242   C30 URE X    1
  found on step  977
  this is also current point
  no. of rejections          368
 stored as     8

 highest radius point found:
  at point   40.705  39.471  41.964
  closest atom surface    2.185   C30 URE X    1
  2nd closest surface     2.185   C9  URE X    1
  found on step  979
  this is also current point
  no. of rejections          331
 stored as     9

 highest radius point found:
  at point   40.597  39.208  42.164
  closest atom surface    2.125   C51 URE X    1
  2nd closest surface     2.127   C9  URE X    1
  found on step  871
 current point:
  at point   40.600  39.211  42.164
  closest atom surface    2.124   C51 URE X    1
  2nd closest surface     2.128   C9  URE X    1
  found on step  922
  no. of rejections          345
 stored as    10

 highest radius point found:
  at point   40.509  38.993  42.364
  closest atom surface    2.039   C29 URE X    1
  2nd closest surface     2.041   N5  URE X    1
  found on step  982
  this is also current point
  no. of rejections          378
 stored as    11

 highest radius point found:
  at point   40.412  38.832  42.564
  closest atom surface    1.951   N5  URE X    1
  2nd closest surface     1.952   C29 URE X    1
  found on step  990
  this is also current point
  no. of rejections          351
 stored as    12

 highest radius point found:
  at point   40.286  38.760  42.764
  closest atom surface    1.824   O1  URE X    1
  2nd closest surface     1.824   C51 URE X    1
  found on step  913
  this is also current point
  no. of rejections          342
 stored as    13

 highest radius point found:
  at point   40.130  38.685  42.964
  closest atom surface    1.708   C51 URE X    1
  2nd closest surface     1.712   O1  URE X    1
  found on step  798
 current point:
  at point   40.158  38.691  42.964
  closest atom surface    1.705   C51 URE X    1
  2nd closest surface     1.706   O1  URE X    1
  found on step  985
  no. of rejections          368
 stored as    14

 highest radius point found:
  at point   39.983  38.606  43.164
  closest atom surface    1.611   O1  URE X    1
  2nd closest surface     1.611   C51 URE X    1
  found on step  918
  this is also current point
  no. of rejections          372
 stored as    15

 highest radius point found:
  at point   39.839  38.530  43.364
  closest atom surface    1.529   C51 URE X    1
  2nd closest surface     1.529   O1  URE X    1
  found on step  984
  this is also current point
  no. of rejections          354
 stored as    16

 highest radius point found:
  at point   39.694  38.455  43.564
  closest atom surface    1.465   C51 URE X    1
  2nd closest surface     1.465   C29 URE X    1
  found on step  858
 current point:
  at point   39.701  38.455  43.564
  closest atom surface    1.463   O1  URE X    1
  2nd closest surface     1.463   C51 URE X    1
  found on step  994
  no. of rejections          362
 stored as    17

 highest radius point found:
  at point   39.550  38.377  43.764
  closest atom surface    1.420   C29 URE X    1
  2nd closest surface     1.421   C51 URE X    1
  found on step  963
  this is also current point
  no. of rejections          393
 stored as    18

 highest radius point found:
  at point   39.409  38.298  43.964
  closest atom surface    1.398   O1  URE X    1
  2nd closest surface     1.398   C51 URE X    1
  found on step  928
  this is also current point
  no. of rejections          390
 stored as    19

 highest radius point found:
  at point   39.281  38.222  44.164
  closest atom surface    1.385   H24 URE X    1
  2nd closest surface     1.387   O1  URE X    1
  found on step  791
 current point:
  at point   39.283  38.221  44.164
  closest atom surface    1.385   O1  URE X    1
  2nd closest surface     1.387   H24 URE X    1
  found on step  944
  no. of rejections          379
 stored as    20

 highest radius point found:
  at point   39.180  38.157  44.364
  closest atom surface    1.383   H24 URE X    1
  2nd closest surface     1.384   O1  URE X    1
  found on step  920
  this is also current point
  no. of rejections          392
 stored as    21

 highest radius point found:
  at point   36.051  32.225  44.564
  closest atom surface    4.918   O4  URE X    1
  2nd closest surface     4.948   O13 URE X    1
  found on step  998
  this is also current point
  no. of rejections          294
 stored as    22

 highest radius point found:
  at point   37.764  22.522  44.764
  closest atom surface   11.739   O13 URE X    1
  2nd closest surface    11.904   O   URE X    1
  found on step 1000
  this is also current point
  no. of rejections          245
 stored as    23

 highest radius point found:
  at point   39.240  13.205  44.964
  closest atom surface   20.496   O13 URE X    1
  2nd closest surface    20.547   O   URE X    1
  found on step  998
  this is also current point
  no. of rejections          285
 stored as    24

 highest radius point found:
  at point   39.939   3.066  45.164
  closest atom surface   30.261   O13 URE X    1
  2nd closest surface    30.525   O   URE X    1
  found on step 1000
  this is also current point
  no. of rejections          278
 This is an end! (radius above  22.0 angs)
 highest radius point found:
  at point   39.972  39.761  39.964
  closest atom surface    2.241   S5  URE X    1
  2nd closest surface     2.241   C10 URE X    1
  found on step  951
  this is also current point
  no. of rejections          378
 stored as    -1

 highest radius point found:
  at point   39.852  39.793  39.764
  closest atom surface    2.271   S5  URE X    1
  2nd closest surface     2.272   C11 URE X    1
  found on step  929
  this is also current point
  no. of rejections          389
 stored as    -2

 highest radius point found:
  at point   39.712  39.828  39.564
  closest atom surface    2.307   C30 URE X    1
  2nd closest surface     2.307   C11 URE X    1
  found on step  954
  this is also current point
  no. of rejections          376
 stored as    -3

 highest radius point found:
  at point   39.581  39.871  39.364
  closest atom surface    2.357   C30 URE X    1
  2nd closest surface     2.358   S5  URE X    1
  found on step  973
  this is also current point
  no. of rejections          402
 stored as    -4

 highest radius point found:
  at point   39.341  40.021  39.164
  closest atom surface    2.338   S5  URE X    1
  2nd closest surface     2.338   C30 URE X    1
  found on step  832
 current point:
  at point   39.339  40.012  39.164
  closest atom surface    2.338   H15 URE X    1
  2nd closest surface     2.339   C30 URE X    1
  found on step  896
  no. of rejections          345
 stored as    -5

 highest radius point found:
  at point   39.243  40.210  38.964
  closest atom surface    2.273   H15 URE X    1
  2nd closest surface     2.285   S5  URE X    1
  found on step  626
 current point:
  at point   39.206  40.111  38.964
  closest atom surface    2.250   H15 URE X    1
  2nd closest surface     2.272   C32 URE X    1
  found on step 1000
  no. of rejections          290
 stored as    -6

 highest radius point found:
  at point   39.156  40.409  38.764
  closest atom surface    2.230   N3  URE X    1
  2nd closest surface     2.231   H15 URE X    1
  found on step  951
  this is also current point
  no. of rejections          357
 stored as    -7

 highest radius point found:
  at point   39.250  40.608  38.564
  closest atom surface    2.139   H33 URE X    1
  2nd closest surface     2.139   H15 URE X    1
  found on step  226
 current point:
  at point   38.890  40.255  38.564
  closest atom surface    2.133   H15 URE X    1
  2nd closest surface     2.133   N3  URE X    1
  found on step  959
  no. of rejections          369
 stored as    -8

 highest radius point found:
  at point   38.629  40.059  38.364
  closest atom surface    2.057   H15 URE X    1
  2nd closest surface     2.059   C32 URE X    1
  found on step  975
  this is also current point
  no. of rejections          357
 stored as    -9

 highest radius point found:
  at point   38.416  39.912  38.164
  closest atom surface    2.009   H31 URE X    1
  2nd closest surface     2.010   H15 URE X    1
  found on step  778
 current point:
  at point   38.411  39.911  38.164
  closest atom surface    2.007   H31 URE X    1
  2nd closest surface     2.008   H17 URE X    1
  found on step  985
  no. of rejections          371
 stored as   -10

 highest radius point found:
  at point   38.414  39.997  37.964
  closest atom surface    1.914   H31 URE X    1
  2nd closest surface     1.915   H17 URE X    1
  found on step  988
  this is also current point
  no. of rejections          365
 stored as   -11

 highest radius point found:
  at point   38.418  40.081  37.764
  closest atom surface    1.833   H15 URE X    1
  2nd closest surface     1.834   H17 URE X    1
  found on step  941
  this is also current point
  no. of rejections          343
 stored as   -12

 highest radius point found:
  at point   39.117  40.951  37.564
  closest atom surface    1.795   H15 URE X    1
  2nd closest surface     1.795   H31 URE X    1
  found on step  973
  this is also current point
  no. of rejections          380
 stored as   -13

 highest radius point found:
  at point   41.524  41.974  37.364
  closest atom surface    2.216   C14 URE X    1
  2nd closest surface     2.216   H33 URE X    1
  found on step  967
  this is also current point
  no. of rejections          369
 stored as   -14

 highest radius point found:
  at point   41.578  42.115  37.164
  closest atom surface    2.239   H33 URE X    1
  2nd closest surface     2.239   O8  URE X    1
  found on step  930
  this is also current point
  no. of rejections          386
 stored as   -15

 highest radius point found:
  at point   41.630  42.256  36.964
  closest atom surface    2.280   H33 URE X    1
  2nd closest surface     2.280   O8  URE X    1
  found on step  919
  this is also current point
  no. of rejections          361
 stored as   -16

 highest radius point found:
  at point   41.680  42.399  36.764
  closest atom surface    2.335   O8  URE X    1
  2nd closest surface     2.336   H33 URE X    1
  found on step  702
 current point:
  at point   41.679  42.403  36.764
  closest atom surface    2.334   O8  URE X    1
  2nd closest surface     2.334   H33 URE X    1
  found on step  948
  no. of rejections          370
 stored as   -17

 highest radius point found:
  at point   41.730  42.542  36.564
  closest atom surface    2.405   O8  URE X    1
  2nd closest surface     2.411   H33 URE X    1
  found on step  982
  this is also current point
  no. of rejections          378
 stored as   -18

 highest radius point found:
  at point   41.769  42.741  36.364
  closest atom surface    2.476   C15 URE X    1
  2nd closest surface     2.476   H33 URE X    1
  found on step  708
 current point:
  at point   41.769  42.743  36.364
  closest atom surface    2.475   O8  URE X    1
  2nd closest surface     2.476   H33 URE X    1
  found on step  931
  no. of rejections          370
 stored as   -19

 highest radius point found:
  at point   41.888  42.950  36.164
  closest atom surface    2.526   C15 URE X    1
  2nd closest surface     2.526   O8  URE X    1
  found on step  963
  this is also current point
  no. of rejections          364
 stored as   -20

 highest radius point found:
  at point   42.026  43.167  35.964
  closest atom surface    2.590   O8  URE X    1
  2nd closest surface     2.591   O10 URE X    1
  found on step  791
 current point:
  at point   42.029  43.161  35.964
  closest atom surface    2.589   C15 URE X    1
  2nd closest surface     2.590   O8  URE X    1
  found on step 1000
  no. of rejections          328
 stored as   -21

 highest radius point found:
  at point   42.149  43.353  35.764
  closest atom surface    2.666   O9  URE X    1
  2nd closest surface     2.666   C15 URE X    1
  found on step  982
  this is also current point
  no. of rejections          349
 stored as   -22

 highest radius point found:
  at point   42.223  43.485  35.564
  closest atom surface    2.721   O9  URE X    1
  2nd closest surface     2.722   C15 URE X    1
  found on step  947
  this is also current point
  no. of rejections          371
 stored as   -23

 highest radius point found:
  at point   42.295  43.614  35.364
  closest atom surface    2.789   C15 URE X    1
  2nd closest surface     2.791   O9  URE X    1
  found on step  974
  this is also current point
  no. of rejections          367
 stored as   -24

 highest radius point found:
  at point   42.372  43.747  35.164
  closest atom surface    2.870   C15 URE X    1
  2nd closest surface     2.870   O9  URE X    1
  found on step  907
  this is also current point
  no. of rejections          344
 stored as   -25

 highest radius point found:
  at point   42.445  43.879  34.964
  closest atom surface    2.963   C15 URE X    1
  2nd closest surface     2.964   O9  URE X    1
  found on step  963
  this is also current point
  no. of rejections          368
 stored as   -26

 highest radius point found:
  at point   42.519  44.011  34.764
  closest atom surface    3.068   C15 URE X    1
  2nd closest surface     3.068   O9  URE X    1
  found on step  937
  this is also current point
  no. of rejections          338
 stored as   -27

 highest radius point found:
  at point   42.583  44.172  34.564
  closest atom surface    3.173   O9  URE X    1
  2nd closest surface     3.175   C16 URE X    1
  found on step  487
 current point:
  at point   42.583  44.173  34.564
  closest atom surface    3.173   O9  URE X    1
  2nd closest surface     3.176   C16 URE X    1
  found on step  971
  no. of rejections          308
 stored as   -28

 highest radius point found:
  at point   42.640  44.342  34.364
  closest atom surface    3.288   C16 URE X    1
  2nd closest surface     3.288   O9  URE X    1
  found on step  985
  this is also current point
  no. of rejections          291
 stored as   -29

 highest radius point found:
  at point   42.704  44.518  34.164
  closest atom surface    3.412   O9  URE X    1
  2nd closest surface     3.413   C16 URE X    1
  found on step  751
 current point:
  at point   42.696  44.512  34.164
  closest atom surface    3.412   C16 URE X    1
  2nd closest surface     3.415   O9  URE X    1
  found on step  984
  no. of rejections          292
 stored as   -30

 highest radius point found:
  at point   42.752  44.687  33.964
  closest atom surface    3.550   O10 URE X    1
  2nd closest surface     3.551   C16 URE X    1
  found on step  929
  this is also current point
  no. of rejections          299
 stored as   -31

 highest radius point found:
  at point   49.425  50.230  33.764
  closest atom surface    7.461   O9  URE X    1
  2nd closest surface     8.146   C61 URE X    1
  found on step 1000
  this is also current point
  no. of rejections          147
 stored as   -32

 highest radius point found:
  at point   55.273  57.847  33.564
  closest atom surface   16.061   O9  URE X    1
  2nd closest surface    16.650   C61 URE X    1
  found on step  999
  this is also current point
  no. of rejections          243
 stored as   -33

 highest radius point found:
  at point   60.842  66.734  33.364
  closest atom surface   26.096   O9  URE X    1
  2nd closest surface    26.650   C61 URE X    1
  found on step 1000
  this is also current point
  no. of rejections          262
 This is an end! (radius above  22.0 angs)
 
 N.b. Graph information routine (HOGRAP) differs 
        markedly from previous versions!
       Information now is written from -ve end
       to +ve in one pass
 
 Explanation of the meaning of each column: 
 First column "cenxyz.cvec" is the coordinate in the
   direction of the channel vector i.e. if the channel
   vector is in z (0 0 1) then it is the z coordinate.
 The second column "radius" is the hole pore radius 
   (as defined in the Biophys J 1993) article).
 The third column "cen_line_D" is the distance 
   measured along the pore centre line - with the 
   first point found set to zero. This was the first
   thing that I used to measure the distance along a pore
   but "cenxyz.cvec" is a much better general measure. 
   However, by comparing changes in this distance to changes in '   "cenxyz.cvec" one can get a measure of how straight a 
   channel is.
 The fourth column "sum{s/(area)}" is useful in conductance
   prediction -
   basically it is the sum of the thickness of each slab
   divided by its area. HOLE uses this measure to estimate
   the macroscopic conductance of a channel.
 If any of this worries you one can see the "raw" results
   of a standard hole run by producing a sphpdb file and 
    directly looking at the results.
 cenxyz.cvec      radius  cen_line_D sum{s/(area point sourc
    33.56376    16.06058   -30.38518     0.00012   (sampled)
    33.66376    11.58906   -25.58241     0.00036 (mid-point)
    33.76376     7.46120   -20.77965     0.00093   (sampled)
    33.86376     4.36756   -16.44148     0.00260 (mid-point)
    33.96376     3.55022   -12.10330     0.00513   (sampled)
    34.06376     3.48018   -11.96996     0.00775 (mid-point)
    34.16376     3.41217   -11.83661     0.01049   (sampled)
    34.26376     3.34858   -11.69980     0.01333 (mid-point)
    34.36376     3.28763   -11.56299     0.01627   (sampled)
    34.46376     3.22902   -11.42863     0.01933 (mid-point)
    34.56376     3.17310   -11.29428     0.02249   (sampled)
    34.66376     3.11903   -11.16182     0.02576 (mid-point)
    34.76376     3.06783   -11.02936     0.02914   (sampled)
    34.86376     3.01431   -10.90395     0.03264 (mid-point)
    34.96376     2.96345   -10.77855     0.03627   (sampled)
    35.06376     2.91541   -10.65337     0.04001 (mid-point)
    35.16376     2.87019   -10.52820     0.04388   (sampled)
    35.26376     2.82811   -10.40211     0.04786 (mid-point)
    35.36376     2.78908   -10.27602     0.05195   (sampled)
    35.46376     2.75397   -10.15152     0.05615 (mid-point)
    35.56376     2.72098   -10.02701     0.06045   (sampled)
    35.66376     2.69190    -9.90175     0.06484 (mid-point)
    35.76376     2.66626    -9.77650     0.06932   (sampled)
    35.86376     2.62650    -9.62697     0.07393 (mid-point)
    35.96376     2.58971    -9.47745     0.07868   (sampled)
    36.06376     2.55490    -9.31457     0.08355 (mid-point)
    36.16376     2.52593    -9.15170     0.08854   (sampled)
    36.26376     2.49825    -8.99485     0.09364 (mid-point)
    36.36376     2.47609    -8.83800     0.09883   (sampled)
    36.46376     2.43847    -8.69577     0.10419 (mid-point)
    36.56376     2.40519    -8.55353     0.10969   (sampled)
    36.66376     2.36834    -8.42808     0.11536 (mid-point)
    36.76376     2.33510    -8.30262     0.12120   (sampled)
    36.86376     2.30552    -8.17711     0.12719 (mid-point)
    36.96376     2.27957    -8.05161     0.13332   (sampled)
    37.06376     2.25710    -7.92662     0.13956 (mid-point)
    37.16376     2.23929    -7.80163     0.14591   (sampled)
    37.26376     2.22525    -7.67639     0.15234 (mid-point)
    37.36376     2.21593    -7.55115     0.15882   (sampled)
    37.46376     1.71337    -6.23944     0.16966 (mid-point)
    37.56376     1.79470    -4.92774     0.17955   (sampled)
    37.66376     1.75627    -4.36097     0.18987 (mid-point)
    37.76376     1.83304    -3.79420     0.19934   (sampled)
    37.86376     1.87264    -3.68566     0.20842 (mid-point)
    37.96376     1.91441    -3.57711     0.21710   (sampled)
    38.06376     1.96010    -3.46846     0.22539 (mid-point)
    38.16376     2.00903    -3.35982     0.23327   (sampled)
    38.26376     2.02879    -3.19606     0.24101 (mid-point)
    38.36376     2.05661    -3.03229     0.24853   (sampled)
    38.46376     2.06854    -2.60611     0.25597 (mid-point)
    38.56376     2.13858    -2.17993     0.26293   (sampled)
    38.66376     2.18161    -2.03138     0.26962 (mid-point)
    38.76376     2.23045    -1.88283     0.27602   (sampled)
    38.86376     2.24853    -1.73522     0.28231 (mid-point)
    38.96376     2.27297    -1.58760     0.28848   (sampled)
    39.06376     2.30363    -1.44165     0.29447 (mid-point)
    39.16376     2.33831    -1.29569     0.30030   (sampled)
    39.26376     2.34433    -1.12229     0.30609 (mid-point)
    39.36376     2.35741    -0.94889     0.31181   (sampled)
    39.46376     2.33068    -0.82735     0.31767 (mid-point)
    39.56376     2.30733    -0.70582     0.32365   (sampled)
    39.66376     2.28769    -0.58272     0.32974 (mid-point)
    39.76376     2.27136    -0.45962     0.33591   (sampled)
    39.86376     2.25457    -0.34195     0.34217 (mid-point)
    39.96376     2.24098    -0.22428     0.34851   (sampled)
    40.06376     2.22078    -0.11214     0.35496 (mid-point)
    40.16376     2.20260    -0.00000     0.36152   (sampled)
    40.26376     2.18769     0.11232     0.36817 (mid-point)
    40.36376     2.17587     0.22464     0.37490   (sampled)
    40.46376     2.16763     0.33798     0.38167 (mid-point)
    40.56376     2.16149     0.45133     0.38848   (sampled)
    40.66376     2.15886     0.56647     0.39531 (mid-point)
    40.76376     2.15940     0.68160     0.40214   (sampled)
    40.86376     2.16249     0.79015     0.40895 (mid-point)
    40.96376     2.16852     0.89869     0.41572   (sampled)
    41.06376     2.18001     1.01450     0.42241 (mid-point)
    41.16376     2.19438     1.13031     0.42902   (sampled)
    41.26376     2.20384     1.23767     0.43558 (mid-point)
    41.36376     2.21549     1.34503     0.44206   (sampled)
    41.46376     2.22185     1.45268     0.44851 (mid-point)
    41.56376     2.23103     1.56032     0.45491   (sampled)
    41.66376     2.23683     1.66327     0.46127 (mid-point)
    41.76376     2.24038     1.76623     0.46761   (sampled)
    41.86376     2.21051     1.92052     0.47412 (mid-point)
    41.96376     2.18510     2.07482     0.48079   (sampled)
    42.06376     2.15257     2.24845     0.48766 (mid-point)
    42.16376     2.12500     2.42209     0.49471   (sampled)
    42.26376     2.08150     2.57536     0.50206 (mid-point)
    42.36376     2.03904     2.72862     0.50971   (sampled)
    42.46376     1.99318     2.86591     0.51772 (mid-point)
    42.56376     1.95131     3.00320     0.52608   (sampled)
    42.66376     1.88725     3.12680     0.53502 (mid-point)
    42.76376     1.82393     3.25040     0.54459   (sampled)
    42.86376     1.76413     3.38244     0.55482 (mid-point)
    42.96376     1.70800     3.51449     0.56573   (sampled)
    43.06376     1.65739     3.64473     0.57732 (mid-point)
    43.16376     1.61088     3.77498     0.58958   (sampled)
    43.26376     1.56760     3.90397     0.60254 (mid-point)
    43.36377     1.52877     4.03296     0.61616   (sampled)
    43.46377     1.49439     4.16207     0.63041 (mid-point)
    43.56377     1.46469     4.29118     0.64525   (sampled)
    43.66377     1.44007     4.42037     0.66060 (mid-point)
    43.76377     1.42019     4.54956     0.67638   (sampled)
    43.86377     1.40683     4.67808     0.69246 (mid-point)
    43.96377     1.39755     4.80660     0.70876   (sampled)
    44.06377     1.38954     4.93127     0.72524 (mid-point)
    44.16377     1.38498     5.05593     0.74184   (sampled)
    44.26377     1.38131     5.17266     0.75852 (mid-point)
    44.36377     1.38336     5.28938     0.77515   (sampled)
    44.46377     2.24924     8.64396     0.78145 (mid-point)
    44.56377     4.91799    11.99853     0.78276   (sampled)
    44.66377     7.68355    16.92620     0.78330 (mid-point)
    44.76377    11.73873    21.85386     0.78353   (sampled)
    44.86377    16.03031    26.57129     0.78366 (mid-point)
    44.96377    20.49581    31.28873     0.78373   (sampled)

 Minimum radius found:      1.381 angstroms.



 For spherical probe approach, The geometric factor
         F= sum(ds/area) along channel is    0.784 angstroms**-1
 This yields a macroscopic predicted molar conductance of:
   (1/rho)*(100/F)= (130/rho) pS,
   where rho is the conductivity of 1M permeant ion in ohm m.
 N.B. this is a macroscopic conductance - an overestimate 
 Empirically corrected conductances currently only available
 With the CAPSULE option (although its not that stable!)
 For 1M KCl rho= 1/12 (ohm m), So Gmacro= 1500 pS/M.
  (TAG      1   Rmin=     1.38131   Gmacro=  1531.13740 Conn_Gmacro=    -1.00000 ).
 HOLE: normal completion
