 *** Program HOLE ***
 
 If results of this run are reported or published, please
 cite the publication listed below.
 For the HOLE program:
   Smart, O.S., Goodfellow, J.M., Wallace, B.A. (1993). 
   The pore dimensions of gramicidin A. 
   Biophys. J., 65, 2455-2460.
 
 Originally written by Oliver Smart at Birkbeck College from April 1992.
 Copyright 1993-2005 Oliver Smart
 Copyright 2014-2015 SmartSci Limited.
 Copyright 2016 Oliver Smart.
 
 For help on HOLE suite see  http://www.holeprogram.org/
 
 HOLE release 2.2.005 (07 August 2016) 
 
 usage subject to Apache License, Version 2.0 
 see http://www.apache.org/licenses/LICENSE-2.0 

 Control variables read:

! Input file for Oliver Smart's HOLE program
! written by MDAnalysis.analysis.hole2.HoleAnalysis
! for a Universe
! u = mda.Universe(/afs/crc.nd.edu/user/m/mfarshad/Private/ML-new/traj/host-189/
!    /afs/crc.nd.edu/user/m/mfarshad/Private/ML-new/traj/host-189/host_189.trr
!   )
! Frame 10

COORD  /tmp/2550145.1.long/tmp86svqxos.pdb
RADIUS simple2.rad
SPHPDB hole010.sph
SAMPLE 0.200000
ENDRAD 22.000000
IGNORE SOL WAT TIP HOH K   NA  CL
SHORTO 0
RASEED 31415
CPOINT 40.2522565090 40.6173554045 39.2017599742


 WARNING have not found a CVECT record - will try to guess
 Input pdb filename read as:    '/tmp/2550145.1.long/tmp86svqxos.pdb'
 Input vdW radius file read as: 'simple2.rad'
 point in channel:   40.252  40.617  39.202
 channel vector:   ************************
 sampling distance between planes:    0.200

 graphics conditions:
 binary plot output file name: NONE
 Dot density:    10
 Draw dots?           T
 Draw close contacts? F
 Draw centre line?    T
 Produce spikes rather than dots? F
 Seed for random number generator:     31415 (0 means value set by program)
 Radius above which a result is regarded as an 'end':  22.000
 Pdb format file for sphere centres: hole010.sph

 Monte Carlo conditions:
  no of steps:  1000
  maximum displacement   0.100 angs
  'kT' initial   0.100 angs
 The spherebox and capsule options are turned off.
 (No molqpt card so will not write qpt file of the molecule)
 IGNORE card read so will ignore residue types: SOL WAT TIP HOH K   NA  CL
 no SHORTO card read so will produce full textual output
 As no PEGRAT card was found will not produce PEG polymer exclusion graph
 (No 2DMAPS card specified so will not produce 2D property maps)
 Have not found a CUT card.  Normal calculation using
   Cutoff lists with a cutsize=       1.000
   (if you wish to turn off option use a CUT -1 card)

 Have read     7 bond radius records and
              16 vdW radius records.
 From file: simple2.rad

 Have read   132 atom records.
 From file: /tmp/2550145.1.long/tmp86svqxos.pdb
 Will not produce graphical output

 Have opened file for pdb format output of sphere centres:  hole010.sph

  Seed integer used by ran # generator on this run      31415

 
 S/R cguess will try to guess CPOINT and/or CVECT
 
 THESE GUESSES MAY WELL BE WRONG!!!!
 Routine relies on having a reasonably symmetric
 channel oriented along x, y or z vector
 YOU ARE STRONGLY ADVISED TO CHECK THE RESULTS
                       WITH MOLECULAR GRAPHICS
 testing points from cpoint in X, Y then Z direction
   point                   pore radius
direction     1
  35.252  40.617  39.202    -1.006
  36.252  40.617  39.202    -0.490
  37.252  40.617  39.202     0.384
  38.252  40.617  39.202     1.298
  39.252  40.617  39.202     1.846
  40.252  40.617  39.202     1.919
  41.252  40.617  39.202     1.054
  42.252  40.617  39.202     0.308
  43.252  40.617  39.202    -0.152
  44.252  40.617  39.202    -0.232
  45.252  40.617  39.202     0.374
 Average pore radius along the line=      0.482
direction     2
  40.252  35.617  39.202     2.196
  40.252  36.617  39.202     2.045
  40.252  37.617  39.202     2.147
  40.252  38.617  39.202     2.354
  40.252  39.617  39.202     2.153
  40.252  40.617  39.202     1.919
  40.252  41.617  39.202     1.114
  40.252  42.617  39.202     0.394
  40.252  43.617  39.202    -0.037
  40.252  44.617  39.202     0.031
  40.252  45.617  39.202     0.556
 Average pore radius along the line=      1.352
direction     3
  40.252  40.617  34.202    -0.773
  40.252  40.617  35.202     0.021
  40.252  40.617  36.202     0.951
  40.252  40.617  37.202     1.468
  40.252  40.617  38.202     1.615
  40.252  40.617  39.202     1.919
  40.252  40.617  40.202     1.607
  40.252  40.617  41.202     0.744
  40.252  40.617  42.202     0.023
  40.252  40.617  43.202    -0.338
  40.252  40.617  44.202    -0.788
 Average pore radius along the line=      0.586
 Best direction is found to be     2
(1=X,2=Y,3=Z)
 s/r cguess has produced initial values for cpoint &/or cvect:
CPOINT      40.2523     40.6174     39.2018
CVECT        0.0000      1.0000      0.0000
 THESE GUESSES MAY WELL BE WRONG!!!!
 Routine relies on having a reasonably symmetric
 channel oriented along x, y or z vector
 YOU ARE STRONGLY ADVISED TO CHECK THE RESULTS
                       WITH MOLECULAR GRAPHICS
 
 
  Some routines (e.g. conn) need vectors normal to cvect: 
     EAST Zero degrees angle is along vector    1.000   0.000   0.000
     NORTH  90 degrees angle is along vector    0.000   0.000   1.000
 highest radius point found:
  at point   39.653  40.617  38.420
  closest atom surface    2.241   C7  189 X    1
  2nd closest surface     2.241   C35 189 X    1
  found on step  842
 current point:
  at point   39.651  40.617  38.421
  closest atom surface    2.240   C7  189 X    1
  2nd closest surface     2.240   C19 189 X    1
  found on step  965
  no. of rejections          363
 stored as     0

 highest radius point found:
  at point   39.633  40.817  38.201
  closest atom surface    2.204   C19 189 X    1
  2nd closest surface     2.207   C7  189 X    1
  found on step  840
 current point:
  at point   39.638  40.817  38.202
  closest atom surface    2.202   C35 189 X    1
  2nd closest surface     2.207   C7  189 X    1
  found on step  976
  no. of rejections          368
 stored as     1

 highest radius point found:
  at point   39.616  41.017  37.986
  closest atom surface    2.192   C19 189 X    1
  2nd closest surface     2.192   C35 189 X    1
  found on step  648
 current point:
  at point   39.618  41.017  37.987
  closest atom surface    2.190   C35 189 X    1
  2nd closest surface     2.192   C7  189 X    1
  found on step  889
  no. of rejections          403
 stored as     2

 highest radius point found:
  at point   39.598  41.217  37.769
  closest atom surface    2.199   C19 189 X    1
  2nd closest surface     2.200   C35 189 X    1
  found on step  922
  this is also current point
  no. of rejections          380
 stored as     3

 highest radius point found:
  at point   39.542  41.417  37.583
  closest atom surface    2.204   C19 189 X    1
  2nd closest surface     2.204   C7  189 X    1
  found on step  931
  this is also current point
  no. of rejections          395
 stored as     4

 highest radius point found:
  at point   39.439  41.617  37.398
  closest atom surface    2.164   C8  189 X    1
  2nd closest surface     2.165   C32 189 X    1
  found on step   73
 current point:
  at point   39.443  41.617  37.400
  closest atom surface    2.163   C32 189 X    1
  2nd closest surface     2.163   C8  189 X    1
  found on step  944
  no. of rejections          403
 stored as     5

 highest radius point found:
  at point   39.385  41.817  37.271
  closest atom surface    2.107   C8  189 X    1
  2nd closest surface     2.107   C32 189 X    1
  found on step  999
  this is also current point
  no. of rejections          389
 stored as     6

 highest radius point found:
  at point   39.333  42.017  37.148
  closest atom surface    2.063   C8  189 X    1
  2nd closest surface     2.063   C32 189 X    1
  found on step  593
 current point:
  at point   39.334  42.017  37.146
  closest atom surface    2.062   C32 189 X    1
  2nd closest surface     2.063   C57 189 X    1
  found on step  975
  no. of rejections          395
 stored as     7

 highest radius point found:
  at point   39.282  42.217  37.024
  closest atom surface    2.033   C32 189 X    1
  2nd closest surface     2.033   C8  189 X    1
  found on step  963
  this is also current point
  no. of rejections          355
 stored as     8

 highest radius point found:
  at point   39.247  42.417  36.931
  closest atom surface    1.998   C8  189 X    1
  2nd closest surface     2.015   C32 189 X    1
  found on step   24
 current point:
  at point   38.709  42.417  36.794
  closest atom surface    1.988   C8  189 X    1
  2nd closest surface     1.989   C57 189 X    1
  found on step  984
  no. of rejections          366
 stored as     9

 highest radius point found:
  at point   39.081  42.617  36.756
  closest atom surface    2.010   C57 189 X    1
  2nd closest surface     2.010   C8  189 X    1
  found on step  989
  this is also current point
  no. of rejections          382
 stored as    10

 highest radius point found:
  at point   39.122  42.817  36.652
  closest atom surface    2.033   C8  189 X    1
  2nd closest surface     2.035   C57 189 X    1
  found on step  987
  this is also current point
  no. of rejections          358
 stored as    11

 highest radius point found:
  at point   39.066  43.017  36.527
  closest atom surface    2.064   C8  189 X    1
  2nd closest surface     2.064   C57 189 X    1
  found on step  863
 current point:
  at point   39.073  43.017  36.528
  closest atom surface    2.063   C32 189 X    1
  2nd closest surface     2.064   C57 189 X    1
  found on step  978
  no. of rejections          400
 stored as    12

 highest radius point found:
  at point   39.061  43.217  36.447
  closest atom surface    2.079   C28 189 X    1
  2nd closest surface     2.079   C8  189 X    1
  found on step  104
 current point:
  at point   38.072  43.217  36.412
  closest atom surface    1.985   C26 189 X    1
  2nd closest surface     1.987   C8  189 X    1
  found on step  994
  no. of rejections          378
 stored as    13

 highest radius point found:
  at point   39.087  43.417  36.408
  closest atom surface    2.072   C28 189 X    1
  2nd closest surface     2.074   C8  189 X    1
  found on step  479
 current point:
  at point   38.834  43.417  36.357
  closest atom surface    2.067   C8  189 X    1
  2nd closest surface     2.068   C28 189 X    1
  found on step  942
  no. of rejections          377
 stored as    14

 highest radius point found:
  at point   39.069  43.617  36.363
  closest atom surface    2.070   H6  189 X    1
  2nd closest surface     2.076   C8  189 X    1
  found on step  601
 current point:
  at point   38.922  43.617  36.323
  closest atom surface    2.063   H6  189 X    1
  2nd closest surface     2.064   C28 189 X    1
  found on step  976
  no. of rejections          374
 stored as    15

 highest radius point found:
  at point   39.177  43.817  36.326
  closest atom surface    2.080   H6  189 X    1
  2nd closest surface     2.081   C33 189 X    1
  found on step  431
 current point:
  at point   39.062  43.817  36.296
  closest atom surface    2.069   H6  189 X    1
  2nd closest surface     2.070   C28 189 X    1
  found on step  999
  no. of rejections          386
 stored as    16

 highest radius point found:
  at point   39.204  44.017  36.272
  closest atom surface    2.092   H6  189 X    1
  2nd closest surface     2.093   C33 189 X    1
  found on step  993
  this is also current point
  no. of rejections          379
 stored as    17

 highest radius point found:
  at point   35.483  44.217  35.769
  closest atom surface    2.476   O1  189 X    1
  2nd closest surface     2.476   C26 189 X    1
  found on step  989
  this is also current point
  no. of rejections          352
 stored as    18

 highest radius point found:
  at point   26.518  44.417  32.081
  closest atom surface    9.333   H19 189 X    1
  2nd closest surface     9.447   C14 189 X    1
  found on step  999
  this is also current point
  no. of rejections          263
 stored as    19

 highest radius point found:
  at point   19.373  44.617  27.542
  closest atom surface   17.138   C14 189 X    1
  2nd closest surface    17.170   H19 189 X    1
  found on step  999
  this is also current point
  no. of rejections          279
 stored as    20

 highest radius point found:
  at point   10.086  44.817  21.219
  closest atom surface   28.052   C14 189 X    1
  2nd closest surface    28.055   H19 189 X    1
  found on step  998
  this is also current point
  no. of rejections          258
 This is an end! (radius above  22.0 angs)
 highest radius point found:
  at point   39.682  40.417  38.646
  closest atom surface    2.289   C35 189 X    1
  2nd closest surface     2.289   C18 189 X    1
  found on step  983
  this is also current point
  no. of rejections          378
 stored as    -1

 highest radius point found:
  at point   39.749  40.217  38.936
  closest atom surface    2.342   C7  189 X    1
  2nd closest surface     2.343   C35 189 X    1
  found on step  993
  this is also current point
  no. of rejections          333
 stored as    -2

 highest radius point found:
  at point   39.812  40.017  39.214
  closest atom surface    2.424   C18 189 X    1
  2nd closest surface     2.425   C35 189 X    1
  found on step  645
 current point:
  at point   39.814  40.017  39.216
  closest atom surface    2.424   C35 189 X    1
  2nd closest surface     2.425   C7  189 X    1
  found on step  991
  no. of rejections          397
 stored as    -3

 highest radius point found:
  at point   39.867  39.817  39.231
  closest atom surface    2.434   C35 189 X    1
  2nd closest surface     2.435   C23 189 X    1
  found on step  976
  this is also current point
  no. of rejections          379
 stored as    -4

 highest radius point found:
  at point   39.951  39.617  39.211
  closest atom surface    2.411   C23 189 X    1
  2nd closest surface     2.414   C35 189 X    1
  found on step 1000
  this is also current point
  no. of rejections          373
 stored as    -5

 highest radius point found:
  at point   40.042  39.417  39.196
  closest atom surface    2.400   C67 189 X    1
  2nd closest surface     2.402   C35 189 X    1
  found on step  985
  this is also current point
  no. of rejections          394
 stored as    -6

 highest radius point found:
  at point   40.126  39.217  39.171
  closest atom surface    2.402   C23 189 X    1
  2nd closest surface     2.402   C35 189 X    1
  found on step  865
 current point:
  at point   40.126  39.217  39.170
  closest atom surface    2.402   C35 189 X    1
  2nd closest surface     2.402   C23 189 X    1
  found on step  956
  no. of rejections          382
 stored as    -7

 highest radius point found:
  at point   40.213  39.017  39.154
  closest atom surface    2.414   C67 189 X    1
  2nd closest surface     2.414   C23 189 X    1
  found on step  840
 current point:
  at point   40.214  39.017  39.150
  closest atom surface    2.413   C35 189 X    1
  2nd closest surface     2.415   C23 189 X    1
  found on step  995
  no. of rejections          413
 stored as    -8

 highest radius point found:
  at point   40.301  38.817  39.134
  closest atom surface    2.435   C67 189 X    1
  2nd closest surface     2.437   C35 189 X    1
  found on step  919
  this is also current point
  no. of rejections          396
 stored as    -9

 highest radius point found:
  at point   40.317  38.617  39.173
  closest atom surface    2.412   C23 189 X    1
  2nd closest surface     2.418   C67 189 X    1
  found on step  951
  this is also current point
  no. of rejections          378
 stored as   -10

 highest radius point found:
  at point   40.337  38.417  39.219
  closest atom surface    2.401   C23 189 X    1
  2nd closest surface     2.404   C38 189 X    1
  found on step  989
  this is also current point
  no. of rejections          378
 stored as   -11

 highest radius point found:
  at point   40.356  38.217  39.261
  closest atom surface    2.397   C23 189 X    1
  2nd closest surface     2.399   C38 189 X    1
  found on step  829
 current point:
  at point   40.356  38.217  39.256
  closest atom surface    2.396   C23 189 X    1
  2nd closest surface     2.396   C38 189 X    1
  found on step  959
  no. of rejections          378
 stored as   -12

 highest radius point found:
  at point   40.378  38.017  39.308
  closest atom surface    2.403   C38 189 X    1
  2nd closest surface     2.404   C22 189 X    1
  found on step  832
 current point:
  at point   40.379  38.017  39.314
  closest atom surface    2.403   C67 189 X    1
  2nd closest surface     2.405   C38 189 X    1
  found on step  968
  no. of rejections          392
 stored as   -13

 highest radius point found:
  at point   40.419  37.817  39.365
  closest atom surface    2.405   C38 189 X    1
  2nd closest surface     2.405   C22 189 X    1
  found on step  820
 current point:
  at point   40.413  37.817  39.368
  closest atom surface    2.402   C22 189 X    1
  2nd closest surface     2.409   C67 189 X    1
  found on step  928
  no. of rejections          401
 stored as   -14

 highest radius point found:
  at point   40.464  37.617  39.430
  closest atom surface    2.417   C67 189 X    1
  2nd closest surface     2.418   C38 189 X    1
  found on step  854
  this is also current point
  no. of rejections          392
 stored as   -15

 highest radius point found:
  at point   40.502  37.417  39.486
  closest atom surface    2.442   C22 189 X    1
  2nd closest surface     2.443   C38 189 X    1
  found on step  681
 current point:
  at point   40.503  37.417  39.485
  closest atom surface    2.441   C38 189 X    1
  2nd closest surface     2.444   C22 189 X    1
  found on step  981
  no. of rejections          371
 stored as   -16

 highest radius point found:
  at point   40.543  37.217  39.544
  closest atom surface    2.476   C38 189 X    1
  2nd closest surface     2.476   C22 189 X    1
  found on step  870
  this is also current point
  no. of rejections          392
 stored as   -17

 highest radius point found:
  at point   40.583  37.017  39.581
  closest atom surface    2.509   C22 189 X    1
  2nd closest surface     2.509   H51 189 X    1
  found on step  975
  this is also current point
  no. of rejections          405
 stored as   -18

 highest radius point found:
  at point   40.625  36.817  39.613
  closest atom surface    2.550   C38 189 X    1
  2nd closest surface     2.551   C22 189 X    1
  found on step  938
  this is also current point
  no. of rejections          386
 stored as   -19

 highest radius point found:
  at point   40.663  36.617  39.653
  closest atom surface    2.602   H51 189 X    1
  2nd closest surface     2.603   C22 189 X    1
  found on step  921
  this is also current point
  no. of rejections          378
 stored as   -20

 highest radius point found:
  at point   40.703  36.417  39.687
  closest atom surface    2.662   C22 189 X    1
  2nd closest surface     2.666   C38 189 X    1
  found on step  949
  this is also current point
  no. of rejections          374
 stored as   -21

 highest radius point found:
  at point   40.745  36.217  39.722
  closest atom surface    2.733   C38 189 X    1
  2nd closest surface     2.733   C22 189 X    1
  found on step  947
  this is also current point
  no. of rejections          366
 stored as   -22

 highest radius point found:
  at point   40.788  36.017  39.770
  closest atom surface    2.815   H51 189 X    1
  2nd closest surface     2.815   C38 189 X    1
  found on step  967
  this is also current point
  no. of rejections          379
 stored as   -23

 highest radius point found:
  at point   40.828  35.817  39.812
  closest atom surface    2.902   H51 189 X    1
  2nd closest surface     2.903   C38 189 X    1
  found on step  975
  this is also current point
  no. of rejections          382
 stored as   -24

 highest radius point found:
  at point   40.866  35.617  39.855
  closest atom surface    2.999   C22 189 X    1
  2nd closest surface     2.999   H51 189 X    1
  found on step  950
  this is also current point
  no. of rejections          369
 stored as   -25

 highest radius point found:
  at point   40.912  35.417  39.899
  closest atom surface    3.101   C38 189 X    1
  2nd closest surface     3.102   H51 189 X    1
  found on step  974
  this is also current point
  no. of rejections          368
 stored as   -26

 highest radius point found:
  at point   40.955  35.217  39.947
  closest atom surface    3.212   H51 189 X    1
  2nd closest surface     3.212   C38 189 X    1
  found on step  918
  this is also current point
  no. of rejections          361
 stored as   -27

 highest radius point found:
  at point   40.989  35.017  39.988
  closest atom surface    3.329   C22 189 X    1
  2nd closest surface     3.331   C38 189 X    1
  found on step  956
  this is also current point
  no. of rejections          364
 stored as   -28

 highest radius point found:
  at point   41.037  34.817  40.041
  closest atom surface    3.452   H51 189 X    1
  2nd closest surface     3.453   C38 189 X    1
  found on step  954
  this is also current point
  no. of rejections          327
 stored as   -29

 highest radius point found:
  at point   41.069  34.617  40.087
  closest atom surface    3.581   C22 189 X    1
  2nd closest surface     3.583   H51 189 X    1
  found on step  788
 current point:
  at point   41.077  34.617  40.091
  closest atom surface    3.581   H51 189 X    1
  2nd closest surface     3.583   C38 189 X    1
  found on step  998
  no. of rejections          336
 stored as   -30

 highest radius point found:
  at point   41.114  34.417  40.136
  closest atom surface    3.718   C38 189 X    1
  2nd closest surface     3.718   C22 189 X    1
  found on step  951
  this is also current point
  no. of rejections          336
 stored as   -31

 highest radius point found:
  at point   41.155  34.217  40.186
  closest atom surface    3.857   H51 189 X    1
  2nd closest surface     3.857   C38 189 X    1
  found on step  952
  this is also current point
  no. of rejections          335
 stored as   -32

 highest radius point found:
  at point   41.194  34.017  40.233
  closest atom surface    3.999   C22 189 X    1
  2nd closest surface     4.000   C38 189 X    1
  found on step  247
 current point:
  at point   40.893  34.017  40.493
  closest atom surface    3.870   H51 189 X    1
  2nd closest surface     3.887   C22 189 X    1
  found on step 1000
  no. of rejections          254
 stored as   -33

 highest radius point found:
  at point   41.239  33.817  40.289
  closest atom surface    4.149   C38 189 X    1
  2nd closest surface     4.149   H51 189 X    1
  found on step  962
  this is also current point
  no. of rejections          305
 stored as   -34

 highest radius point found:
  at point   41.278  33.617  40.338
  closest atom surface    4.300   C38 189 X    1
  2nd closest surface     4.301   C22 189 X    1
  found on step  968
  this is also current point
  no. of rejections          315
 stored as   -35

 highest radius point found:
  at point   41.331  33.417  40.399
  closest atom surface    4.455   H51 189 X    1
  2nd closest surface     4.455   C38 189 X    1
  found on step  523
 current point:
  at point   41.331  33.417  40.406
  closest atom surface    4.452   H51 189 X    1
  2nd closest surface     4.458   C38 189 X    1
  found on step  992
  no. of rejections          304
 stored as   -36

 highest radius point found:
  at point   41.364  33.217  40.449
  closest atom surface    4.615   H51 189 X    1
  2nd closest surface     4.616   C38 189 X    1
  found on step  743
 current point:
  at point   41.360  33.217  40.446
  closest atom surface    4.615   C22 189 X    1
  2nd closest surface     4.616   C38 189 X    1
  found on step  986
  no. of rejections          298
 stored as   -37

 highest radius point found:
  at point   41.422  33.017  40.497
  closest atom surface    4.761   H29 189 X    1
  2nd closest surface     4.769   C38 189 X    1
  found on step  117
 current point:
  at point   42.123  33.017  40.910
  closest atom surface    4.724   C38 189 X    1
  2nd closest surface     4.724   H51 189 X    1
  found on step  927
  no. of rejections          279
 stored as   -38

 highest radius point found:
  at point   41.437  32.817  40.573
  closest atom surface    4.936   H51 189 X    1
  2nd closest surface     4.941   H29 189 X    1
  found on step  151
 current point:
  at point   42.320  32.817  41.057
  closest atom surface    4.904   C38 189 X    1
  2nd closest surface     4.904   H51 189 X    1
  found on step  971
  no. of rejections          288
 stored as   -39

 highest radius point found:
  at point   41.463  32.617  40.628
  closest atom surface    5.103   H51 189 X    1
  2nd closest surface     5.104   C22 189 X    1
  found on step  957
  this is also current point
  no. of rejections          292
 stored as   -40

 highest radius point found:
  at point   41.612  32.417  40.753
  closest atom surface    5.260   H51 189 X    1
  2nd closest surface     5.269   H29 189 X    1
  found on step   52
 current point:
  at point   42.115  32.417  41.002
  closest atom surface    5.252   H51 189 X    1
  2nd closest surface     5.252   H29 189 X    1
  found on step  979
  no. of rejections          299
 stored as   -41

 highest radius point found:
  at point   43.777  32.217  44.829
  closest atom surface    5.873   O3  189 X    1
  2nd closest surface     5.887   C67 189 X    1
  found on step  997
  this is also current point
  no. of rejections          245
 stored as   -42

 highest radius point found:
  at point   44.895  32.017  53.104
  closest atom surface   10.912   O3  189 X    1
  2nd closest surface    10.925   C67 189 X    1
  found on step  997
  this is also current point
  no. of rejections          204
 stored as   -43

 highest radius point found:
  at point   47.373  31.817  62.834
  closest atom surface   19.616   O3  189 X    1
  2nd closest surface    19.718   C65 189 X    1
  found on step  999
  this is also current point
  no. of rejections          256
 stored as   -44

 highest radius point found:
  at point   49.441  31.617  71.834
  closest atom surface   28.247   H46 189 X    1
  2nd closest surface    28.358   C65 189 X    1
  found on step 1000
  this is also current point
  no. of rejections          253
 This is an end! (radius above  22.0 angs)
 
 N.b. Graph information routine (HOGRAP) differs 
        markedly from previous versions!
       Information now is written from -ve end
       to +ve in one pass
 
 Explanation of the meaning of each column: 
 First column "cenxyz.cvec" is the coordinate in the
   direction of the channel vector i.e. if the channel
   vector is in z (0 0 1) then it is the z coordinate.
 The second column "radius" is the hole pore radius 
   (as defined in the Biophys J 1993) article).
 The third column "cen_line_D" is the distance 
   measured along the pore centre line - with the 
   first point found set to zero. This was the first
   thing that I used to measure the distance along a pore
   but "cenxyz.cvec" is a much better general measure. 
   However, by comparing changes in this distance to changes in '   "cenxyz.cvec" one can get a measure of how straight a 
   channel is.
 The fourth column "sum{s/(area)}" is useful in conductance
   prediction -
   basically it is the sum of the thickness of each slab
   divided by its area. HOLE uses this measure to estimate
   the macroscopic conductance of a channel.
 If any of this worries you one can see the "raw" results
   of a standard hole run by producing a sphpdb file and 
    directly looking at the results.
 cenxyz.cvec      radius  cen_line_D sum{s/(area point sourc
    31.81736    19.61601   -32.10262     0.00008   (sampled)
    31.91736    15.07727   -27.08100     0.00022 (mid-point)
    32.01736    10.91159   -22.05938     0.00049   (sampled)
    32.11736     7.82374   -17.88311     0.00101 (mid-point)
    32.21736     5.87280   -13.70684     0.00193   (sampled)
    32.31736     5.21195   -11.39730     0.00310 (mid-point)
    32.41736     5.25984    -9.08775     0.00426   (sampled)
    32.51736     5.18046    -8.94821     0.00544 (mid-point)
    32.61736     5.10324    -8.80866     0.00666   (sampled)
    32.71736     5.01938    -8.70422     0.00793 (mid-point)
    32.81736     4.93618    -8.59978     0.00923   (sampled)
    32.91736     4.85024    -8.49245     0.01059 (mid-point)
    33.01736     4.76052    -8.38512     0.01199   (sampled)
    33.11736     4.68868    -8.27833     0.01344 (mid-point)
    33.21736     4.61547    -8.17155     0.01493   (sampled)
    33.31736     4.53491    -8.06717     0.01648 (mid-point)
    33.41736     4.45516    -7.96280     0.01808   (sampled)
    33.51736     4.37737    -7.85495     0.01975 (mid-point)
    33.61736     4.30039    -7.74710     0.02147   (sampled)
    33.71736     4.22403    -7.64228     0.02325 (mid-point)
    33.81736     4.14853    -7.53747     0.02510   (sampled)
    33.91736     4.07390    -7.43123     0.02702 (mid-point)
    34.01736     3.99859    -7.32500     0.02901   (sampled)
    34.11736     3.92757    -7.22039     0.03107 (mid-point)
    34.21736     3.85729    -7.11578     0.03321   (sampled)
    34.31736     3.78703    -7.01061     0.03543 (mid-point)
    34.41736     3.71790    -6.90545     0.03773   (sampled)
    34.51736     3.64915    -6.80019     0.04012 (mid-point)
    34.61736     3.58142    -6.69493     0.04261   (sampled)
    34.71736     3.51712    -6.59109     0.04518 (mid-point)
    34.81736     3.45248    -6.48725     0.04785   (sampled)
    34.91736     3.39119    -6.38105     0.05062 (mid-point)
    35.01736     3.32910    -6.27485     0.05349   (sampled)
    35.11736     3.27094    -6.17126     0.05647 (mid-point)
    35.21736     3.21180    -6.06768     0.05955   (sampled)
    35.31736     3.15603    -5.96278     0.06275 (mid-point)
    35.41736     3.10141    -5.85788     0.06606   (sampled)
    35.51736     3.04951    -5.75285     0.06948 (mid-point)
    35.61736     2.99867    -5.64783     0.07302   (sampled)
    35.71736     2.94938    -5.54388     0.07668 (mid-point)
    35.81736     2.90213    -5.43992     0.08046   (sampled)
    35.91736     2.85716    -5.33568     0.08436 (mid-point)
    36.01736     2.81451    -5.23145     0.08837   (sampled)
    36.11736     2.77273    -5.12642     0.09252 (mid-point)
    36.21736     2.73266    -5.02140     0.09678   (sampled)
    36.31736     2.69646    -4.91773     0.10116 (mid-point)
    36.41736     2.66224    -4.81406     0.10565   (sampled)
    36.51736     2.63131    -4.71063     0.11024 (mid-point)
    36.61736     2.60246    -4.60720     0.11494   (sampled)
    36.71736     2.57579    -4.50351     0.11974 (mid-point)
    36.81736     2.54999    -4.39983     0.12464   (sampled)
    36.91736     2.52887    -4.29643     0.12961 (mid-point)
    37.01736     2.50935    -4.19304     0.13467   (sampled)
    37.11736     2.49151    -4.08937     0.13980 (mid-point)
    37.21736     2.47607    -3.98570     0.14499   (sampled)
    37.31736     2.45799    -3.87947     0.15026 (mid-point)
    37.41736     2.44245    -3.77324     0.15559   (sampled)
    37.51736     2.42901    -3.66772     0.16099 (mid-point)
    37.61736     2.41748    -3.56221     0.16643   (sampled)
    37.71736     2.41010    -3.45470     0.17191 (mid-point)
    37.81736     2.40511    -3.34718     0.17742   (sampled)
    37.91736     2.40274    -3.24116     0.18293 (mid-point)
    38.01736     2.40301    -3.13513     0.18844   (sampled)
    38.11736     2.39978    -3.03191     0.19397 (mid-point)
    38.21736     2.39705    -2.92869     0.19951   (sampled)
    38.31736     2.39762    -2.82602     0.20505 (mid-point)
    38.41736     2.40067    -2.72336     0.21057   (sampled)
    38.51736     2.40533    -2.62031     0.21607 (mid-point)
    38.61736     2.41247    -2.51726     0.22154   (sampled)
    38.71736     2.42402    -2.41502     0.22696 (mid-point)
    38.81736     2.43546    -2.31277     0.23233   (sampled)
    38.91736     2.42320    -2.20318     0.23775 (mid-point)
    39.01736     2.41371    -2.09359     0.24321   (sampled)
    39.11736     2.40673    -1.98421     0.24871 (mid-point)
    39.21736     2.40203    -1.87484     0.25422   (sampled)
    39.31736     2.40065    -1.76561     0.25975 (mid-point)
    39.41736     2.40024    -1.65638     0.26527   (sampled)
    39.51736     2.40617    -1.54636     0.27077 (mid-point)
    39.61736     2.41097    -1.43635     0.27624   (sampled)
    39.71736     2.42154    -1.32731     0.28167 (mid-point)
    39.81736     2.43441    -1.21827     0.28704   (sampled)
    39.91736     2.42823    -1.11425     0.29244 (mid-point)
    40.01736     2.42422    -1.01022     0.29786   (sampled)
    40.11736     2.38028    -0.83588     0.30348 (mid-point)
    40.21736     2.34230    -0.66154     0.30928   (sampled)
    40.31736     2.31188    -0.48244     0.31523 (mid-point)
    40.41736     2.28852    -0.30333     0.32131   (sampled)
    40.51736     2.26210    -0.15167     0.32753 (mid-point)
    40.61736     2.24080    -0.00000     0.33387   (sampled)
    40.71736     2.22010     0.14857     0.34033 (mid-point)
    40.81736     2.20390     0.29715     0.34688   (sampled)
    40.91736     2.19512     0.44423     0.35349 (mid-point)
    41.01736     2.19168     0.59132     0.36012   (sampled)
    41.11736     2.19262     0.73921     0.36674 (mid-point)
    41.21736     2.19896     0.88710     0.37332   (sampled)
    41.31736     2.19913     1.02630     0.37990 (mid-point)
    41.41736     2.20409     1.16550     0.38645   (sampled)
    41.51736     2.18645     1.31106     0.39311 (mid-point)
    41.61736     2.16362     1.45662     0.39991   (sampled)
    41.71736     2.13366     1.57832     0.40690 (mid-point)
    41.81736     2.10721     1.70001     0.41407   (sampled)
    41.91736     2.08328     1.82025     0.42141 (mid-point)
    42.01736     2.06289     1.94049     0.42889   (sampled)
    42.11736     2.04605     2.06070     0.43649 (mid-point)
    42.21736     2.03265     2.18091     0.44419   (sampled)
    42.31736     2.01405     2.29260     0.45204 (mid-point)
    42.41736     1.99792     2.40430     0.46002   (sampled)
    42.51736     2.00087     2.56089     0.46797 (mid-point)
    42.61736     2.00986     2.71748     0.47585   (sampled)
    42.71736     2.02008     2.83195     0.48365 (mid-point)
    42.81736     2.03333     2.94641     0.49135   (sampled)
    42.91736     2.04668     3.06760     0.49895 (mid-point)
    43.01736     2.06374     3.18878     0.50642   (sampled)
    43.11736     2.06974     3.29648     0.51385 (mid-point)
    43.21736     2.07853     3.40418     0.52122   (sampled)
    43.31736     2.07398     3.50684     0.52862 (mid-point)
    43.41736     2.07210     3.60951     0.53603   (sampled)
    43.51736     2.07309     3.71241     0.54344 (mid-point)
    43.61736     2.07025     3.81531     0.55086   (sampled)
    43.71736     2.07299     3.93045     0.55827 (mid-point)
    43.81736     2.08003     4.04559     0.56563   (sampled)
    43.91736     2.08445     4.15008     0.57295 (mid-point)
    44.01736     2.09240     4.25456     0.58022   (sampled)
    44.11736     2.07421     6.13458     0.58762 (mid-point)
    44.21736     2.47562     8.01459     0.59282   (sampled)
    44.31736     5.08200    12.86265     0.59405 (mid-point)
    44.41736     9.33284    17.71070     0.59442   (sampled)
    44.51736    13.16102    21.94423     0.59460 (mid-point)
    44.61736    17.13843    26.17777     0.59471   (sampled)

 Minimum radius found:      1.998 angstroms.



 For spherical probe approach, The geometric factor
         F= sum(ds/area) along channel is    0.595 angstroms**-1
 This yields a macroscopic predicted molar conductance of:
   (1/rho)*(100/F)= (170/rho) pS,
   where rho is the conductivity of 1M permeant ion in ohm m.
 N.B. this is a macroscopic conductance - an overestimate 
 Empirically corrected conductances currently only available
 With the CAPSULE option (although its not that stable!)
 For 1M KCl rho= 1/12 (ohm m), So Gmacro= 2000 pS/M.
  (TAG      1   Rmin=     1.99792   Gmacro=  2017.79931 Conn_Gmacro=    -1.00000 ).
 HOLE: normal completion
