 *** Program HOLE ***
 
 If results of this run are reported or published, please
 cite the publication listed below.
 For the HOLE program:
   Smart, O.S., Goodfellow, J.M., Wallace, B.A. (1993). 
   The pore dimensions of gramicidin A. 
   Biophys. J., 65, 2455-2460.
 
 Originally written by Oliver Smart at Birkbeck College from April 1992.
 Copyright 1993-2005 Oliver Smart
 Copyright 2014-2015 SmartSci Limited.
 Copyright 2016 Oliver Smart.
 
 For help on HOLE suite see  http://www.holeprogram.org/
 
 HOLE release 2.2.005 (07 August 2016) 
 
 usage subject to Apache License, Version 2.0 
 see http://www.apache.org/licenses/LICENSE-2.0 

 Control variables read:

! Input file for Oliver Smart's HOLE program
! written by MDAnalysis.analysis.hole2.HoleAnalysis
! for a Universe
! u = mda.Universe(/afs/crc.nd.edu/user/m/mfarshad/Private/ML-new/traj/host-189/
!    /afs/crc.nd.edu/user/m/mfarshad/Private/ML-new/traj/host-189/host_189.trr
!   )
! Frame 27

COORD  /tmp/2550145.1.long/tmpfphd_bjx.pdb
RADIUS simple2.rad
SPHPDB hole027.sph
SAMPLE 0.200000
ENDRAD 22.000000
IGNORE SOL WAT TIP HOH K   NA  CL
SHORTO 0
RASEED 31415
CPOINT 41.2575893402 38.9731973446 39.1320796446


 WARNING have not found a CVECT record - will try to guess
 Input pdb filename read as:    '/tmp/2550145.1.long/tmpfphd_bjx.pdb'
 Input vdW radius file read as: 'simple2.rad'
 point in channel:   41.258  38.973  39.132
 channel vector:   ************************
 sampling distance between planes:    0.200

 graphics conditions:
 binary plot output file name: NONE
 Dot density:    10
 Draw dots?           T
 Draw close contacts? F
 Draw centre line?    T
 Produce spikes rather than dots? F
 Seed for random number generator:     31415 (0 means value set by program)
 Radius above which a result is regarded as an 'end':  22.000
 Pdb format file for sphere centres: hole027.sph

 Monte Carlo conditions:
  no of steps:  1000
  maximum displacement   0.100 angs
  'kT' initial   0.100 angs
 The spherebox and capsule options are turned off.
 (No molqpt card so will not write qpt file of the molecule)
 IGNORE card read so will ignore residue types: SOL WAT TIP HOH K   NA  CL
 no SHORTO card read so will produce full textual output
 As no PEGRAT card was found will not produce PEG polymer exclusion graph
 (No 2DMAPS card specified so will not produce 2D property maps)
 Have not found a CUT card.  Normal calculation using
   Cutoff lists with a cutsize=       1.000
   (if you wish to turn off option use a CUT -1 card)

 Have read     7 bond radius records and
              16 vdW radius records.
 From file: simple2.rad

 Have read   132 atom records.
 From file: /tmp/2550145.1.long/tmpfphd_bjx.pdb
 Will not produce graphical output

 Have opened file for pdb format output of sphere centres:  hole027.sph

  Seed integer used by ran # generator on this run      31415

 
 S/R cguess will try to guess CPOINT and/or CVECT
 
 THESE GUESSES MAY WELL BE WRONG!!!!
 Routine relies on having a reasonably symmetric
 channel oriented along x, y or z vector
 YOU ARE STRONGLY ADVISED TO CHECK THE RESULTS
                       WITH MOLECULAR GRAPHICS
 testing points from cpoint in X, Y then Z direction
   point                   pore radius
direction     1
  36.258  38.973  39.132     0.903
  37.258  38.973  39.132     1.217
  38.258  38.973  39.132     1.600
  39.258  38.973  39.132     2.035
  40.258  38.973  39.132     2.097
  41.258  38.973  39.132     1.568
  42.258  38.973  39.132     1.061
  43.258  38.973  39.132     0.488
  44.258  38.973  39.132     0.261
  45.258  38.973  39.132     0.483
  46.258  38.973  39.132     0.977
 Average pore radius along the line=      1.154
direction     2
  41.258  33.973  39.132    -0.326
  41.258  34.973  39.132     0.619
  41.258  35.973  39.132     1.108
  41.258  36.973  39.132     1.046
  41.258  37.973  39.132     1.176
  41.258  38.973  39.132     1.568
  41.258  39.973  39.132     1.355
  41.258  40.973  39.132     0.848
  41.258  41.973  39.132     0.530
  41.258  42.973  39.132     0.466
  41.258  43.973  39.132    -0.126
 Average pore radius along the line=      0.751
direction     3
  41.258  38.973  34.132    -0.119
  41.258  38.973  35.132    -0.944
  41.258  38.973  36.132    -0.842
  41.258  38.973  37.132     0.025
  41.258  38.973  38.132     0.726
  41.258  38.973  39.132     1.568
  41.258  38.973  40.132     1.993
  41.258  38.973  41.132     1.068
  41.258  38.973  42.132     0.139
  41.258  38.973  43.132    -0.643
  41.258  38.973  44.132    -0.741
 Average pore radius along the line=      0.203
 Best direction is found to be     1
(1=X,2=Y,3=Z)
 s/r cguess has produced initial values for cpoint &/or cvect:
CPOINT      41.2576     38.9732     39.1321
CVECT        1.0000      0.0000      0.0000
 THESE GUESSES MAY WELL BE WRONG!!!!
 Routine relies on having a reasonably symmetric
 channel oriented along x, y or z vector
 YOU ARE STRONGLY ADVISED TO CHECK THE RESULTS
                       WITH MOLECULAR GRAPHICS
 
 
  Some routines (e.g. conn) need vectors normal to cvect: 
     EAST Zero degrees angle is along vector    0.000   1.000   0.000
     NORTH  90 degrees angle is along vector    0.000   0.000  -1.000
 highest radius point found:
  at point   41.258  38.620  40.069
  closest atom surface    2.170   N   189 X    1
  2nd closest surface     2.170   O2  189 X    1
  found on step  698
 current point:
  at point   41.258  38.619  40.070
  closest atom surface    2.170   N   189 X    1
  2nd closest surface     2.170   O2  189 X    1
  found on step  917
  no. of rejections          342
 stored as     0

 highest radius point found:
  at point   41.458  37.812  40.421
  closest atom surface    2.173   O2  189 X    1
  2nd closest surface     2.177   N   189 X    1
  found on step  202
 current point:
  at point   41.458  37.949  40.371
  closest atom surface    2.155   O2  189 X    1
  2nd closest surface     2.158   N   189 X    1
  found on step  979
  no. of rejections          378
 stored as     1

 highest radius point found:
  at point   41.658  36.923  40.839
  closest atom surface    2.387   C7  189 X    1
  2nd closest surface     2.389   O2  189 X    1
  found on step  808
 current point:
  at point   41.658  36.921  40.843
  closest atom surface    2.385   C7  189 X    1
  2nd closest surface     2.387   O2  189 X    1
  found on step  982
  no. of rejections          394
 stored as     2

 highest radius point found:
  at point   41.858  36.925  40.918
  closest atom surface    2.383   O2  189 X    1
  2nd closest surface     2.383   C7  189 X    1
  found on step  962
  this is also current point
  no. of rejections          402
 stored as     3

 highest radius point found:
  at point   42.058  36.927  40.994
  closest atom surface    2.390   H   189 X    1
  2nd closest surface     2.390   O2  189 X    1
  found on step  969
  this is also current point
  no. of rejections          388
 stored as     4

 highest radius point found:
  at point   42.258  36.928  41.071
  closest atom surface    2.407   C7  189 X    1
  2nd closest surface     2.408   O2  189 X    1
  found on step  733
 current point:
  at point   42.258  36.934  41.068
  closest atom surface    2.407   H   189 X    1
  2nd closest surface     2.407   O2  189 X    1
  found on step  907
  no. of rejections          392
 stored as     5

 highest radius point found:
  at point   42.458  36.935  41.143
  closest atom surface    2.437   H   189 X    1
  2nd closest surface     2.438   O2  189 X    1
  found on step  997
  this is also current point
  no. of rejections          387
 stored as     6

 highest radius point found:
  at point   42.658  36.901  41.192
  closest atom surface    2.441   C7  189 X    1
  2nd closest surface     2.458   H   189 X    1
  found on step    3
 current point:
  at point   42.658  36.474  42.341
  closest atom surface    2.268   O2  189 X    1
  2nd closest surface     2.269   C7  189 X    1
  found on step  954
  no. of rejections          366
 stored as     7

 highest radius point found:
  at point   42.858  36.947  41.286
  closest atom surface    2.530   O2  189 X    1
  2nd closest surface     2.531   H   189 X    1
  found on step  999
  this is also current point
  no. of rejections          388
 stored as     8

 highest radius point found:
  at point   43.058  36.948  41.363
  closest atom surface    2.592   O2  189 X    1
  2nd closest surface     2.592   C7  189 X    1
  found on step  965
  this is also current point
  no. of rejections          371
 stored as     9

 highest radius point found:
  at point   43.258  36.921  41.511
  closest atom surface    2.641   C7  189 X    1
  2nd closest surface     2.642   C33 189 X    1
  found on step  896
  this is also current point
  no. of rejections          389
 stored as    10

 highest radius point found:
  at point   43.458  36.870  41.725
  closest atom surface    2.691   C33 189 X    1
  2nd closest surface     2.692   O2  189 X    1
  found on step  968
  this is also current point
  no. of rejections          359
 stored as    11

 highest radius point found:
  at point   43.658  34.999  46.729
  closest atom surface    4.537   H6  189 X    1
  2nd closest surface     4.552   C8  189 X    1
  found on step 1000
  this is also current point
  no. of rejections          300
 stored as    12

 highest radius point found:
  at point   43.858  32.088  55.392
  closest atom surface   12.056   H20 189 X    1
  2nd closest surface    12.080   H6  189 X    1
  found on step  998
  this is also current point
  no. of rejections          294
 stored as    13

 highest radius point found:
  at point   44.058  27.503  65.382
  closest atom surface   22.477   H6  189 X    1
  2nd closest surface    22.492   H20 189 X    1
  found on step  999
  this is also current point
  no. of rejections          269
 This is an end! (radius above  22.0 angs)
 highest radius point found:
  at point   41.058  38.776  39.959
  closest atom surface    2.214   C34 189 X    1
  2nd closest surface     2.218   C19 189 X    1
  found on step  988
  this is also current point
  no. of rejections          373
 stored as    -1

 highest radius point found:
  at point   40.858  38.941  39.769
  closest atom surface    2.243   C19 189 X    1
  2nd closest surface     2.243   N   189 X    1
  found on step  965
  this is also current point
  no. of rejections          335
 stored as    -2

 highest radius point found:
  at point   40.658  39.156  39.601
  closest atom surface    2.282   C34 189 X    1
  2nd closest surface     2.282   C19 189 X    1
  found on step  715
 current point:
  at point   40.658  39.131  39.600
  closest atom surface    2.280   C19 189 X    1
  2nd closest surface     2.281   C   189 X    1
  found on step  982
  no. of rejections          344
 stored as    -3

 highest radius point found:
  at point   40.458  39.408  39.460
  closest atom surface    2.332   C34 189 X    1
  2nd closest surface     2.333   C   189 X    1
  found on step  956
  this is also current point
  no. of rejections          341
 stored as    -4

 highest radius point found:
  at point   40.258  39.692  39.278
  closest atom surface    2.388   C   189 X    1
  2nd closest surface     2.390   C20 189 X    1
  found on step  904
  this is also current point
  no. of rejections          367
 stored as    -5

 highest radius point found:
  at point   40.058  39.844  39.124
  closest atom surface    2.448   C35 189 X    1
  2nd closest surface     2.448   C   189 X    1
  found on step  996
  this is also current point
  no. of rejections          360
 stored as    -6

 highest radius point found:
  at point   39.858  40.032  39.004
  closest atom surface    2.497   C20 189 X    1
  2nd closest surface     2.499   O   189 X    1
  found on step  981
  this is also current point
  no. of rejections          352
 stored as    -7

 highest radius point found:
  at point   39.658  40.237  38.882
  closest atom surface    2.566   C35 189 X    1
  2nd closest surface     2.567   C20 189 X    1
  found on step  980
  this is also current point
  no. of rejections          337
 stored as    -8

 highest radius point found:
  at point   39.458  40.438  38.761
  closest atom surface    2.654   C35 189 X    1
  2nd closest surface     2.656   O   189 X    1
  found on step  995
  this is also current point
  no. of rejections          331
 stored as    -9

 highest radius point found:
  at point   39.258  40.663  38.606
  closest atom surface    2.751   C35 189 X    1
  2nd closest surface     2.752   C21 189 X    1
  found on step  953
  this is also current point
  no. of rejections          290
 stored as   -10

 highest radius point found:
  at point   39.058  40.925  38.407
  closest atom surface    2.863   C35 189 X    1
  2nd closest surface     2.863   C21 189 X    1
  found on step  581
 current point:
  at point   39.058  40.933  38.409
  closest atom surface    2.861   C35 189 X    1
  2nd closest surface     2.861   C21 189 X    1
  found on step  929
  no. of rejections          332
 stored as   -11

 highest radius point found:
  at point   38.858  41.153  38.217
  closest atom surface    2.990   O   189 X    1
  2nd closest surface     2.992   C21 189 X    1
  found on step  952
  this is also current point
  no. of rejections          363
 stored as   -12

 highest radius point found:
  at point   38.658  41.211  38.083
  closest atom surface    3.071   O   189 X    1
  2nd closest surface     3.071   C21 189 X    1
  found on step  870
 current point:
  at point   38.658  41.211  38.083
  closest atom surface    3.071   O   189 X    1
  2nd closest surface     3.071   C21 189 X    1
  found on step  888
  no. of rejections          380
 stored as   -13

 highest radius point found:
  at point   38.458  41.275  37.944
  closest atom surface    3.163   O   189 X    1
  2nd closest surface     3.167   H28 189 X    1
  found on step  971
  this is also current point
  no. of rejections          329
 stored as   -14

 highest radius point found:
  at point   38.258  41.343  37.811
  closest atom surface    3.269   C21 189 X    1
  2nd closest surface     3.270   H28 189 X    1
  found on step  970
  this is also current point
  no. of rejections          348
 stored as   -15

 highest radius point found:
  at point   38.058  41.404  37.668
  closest atom surface    3.383   O   189 X    1
  2nd closest surface     3.387   H28 189 X    1
  found on step  953
  this is also current point
  no. of rejections          335
 stored as   -16

 highest radius point found:
  at point   37.858  41.481  37.512
  closest atom surface    3.507   H28 189 X    1
  2nd closest surface     3.507   C22 189 X    1
  found on step  956
  this is also current point
  no. of rejections          328
 stored as   -17

 highest radius point found:
  at point   37.658  44.068  31.979
  closest atom surface    4.993   C39 189 X    1
  2nd closest surface     5.012   O3  189 X    1
  found on step  999
  this is also current point
  no. of rejections          221
 stored as   -18

 highest radius point found:
  at point   37.458  49.057  26.803
  closest atom surface    9.757   C39 189 X    1
  2nd closest surface     9.777   O3  189 X    1
  found on step 1000
  this is also current point
  no. of rejections          215
 stored as   -19

 highest radius point found:
  at point   37.258  54.767  19.898
  closest atom surface   17.836   C49 189 X    1
  2nd closest surface    17.866   O3  189 X    1
  found on step 1000
  this is also current point
  no. of rejections          240
 stored as   -20

 highest radius point found:
  at point   37.058  60.449   9.839
  closest atom surface   28.812   C48 189 X    1
  2nd closest surface    28.813   O3  189 X    1
  found on step  999
  this is also current point
  no. of rejections          211
 This is an end! (radius above  22.0 angs)
 
 N.b. Graph information routine (HOGRAP) differs 
        markedly from previous versions!
       Information now is written from -ve end
       to +ve in one pass
 
 Explanation of the meaning of each column: 
 First column "cenxyz.cvec" is the coordinate in the
   direction of the channel vector i.e. if the channel
   vector is in z (0 0 1) then it is the z coordinate.
 The second column "radius" is the hole pore radius 
   (as defined in the Biophys J 1993) article).
 The third column "cen_line_D" is the distance 
   measured along the pore centre line - with the 
   first point found set to zero. This was the first
   thing that I used to measure the distance along a pore
   but "cenxyz.cvec" is a much better general measure. 
   However, by comparing changes in this distance to changes in '   "cenxyz.cvec" one can get a measure of how straight a 
   channel is.
 The fourth column "sum{s/(area)}" is useful in conductance
   prediction -
   basically it is the sum of the thickness of each slab
   divided by its area. HOLE uses this measure to estimate
   the macroscopic conductance of a channel.
 If any of this worries you one can see the "raw" results
   of a standard hole run by producing a sphpdb file and 
    directly looking at the results.
 cenxyz.cvec      radius  cen_line_D sum{s/(area point sourc
    37.25759    17.83560   -27.50795     0.00010   (sampled)
    37.35759    13.70070   -23.02672     0.00027 (mid-point)
    37.45759     9.75713   -18.54549     0.00060   (sampled)
    37.55759     6.97321   -14.94989     0.00126 (mid-point)
    37.65759     4.99320   -11.35429     0.00254   (sampled)
    37.75759     3.76911    -8.29846     0.00478 (mid-point)
    37.85759     3.50711    -5.24264     0.00736   (sampled)
    37.95759     3.44392    -5.11019     0.01005 (mid-point)
    38.05759     3.38290    -4.97775     0.01283   (sampled)
    38.15759     3.32599    -4.85104     0.01571 (mid-point)
    38.25759     3.26929    -4.72433     0.01868   (sampled)
    38.35759     3.21591    -4.59962     0.02176 (mid-point)
    38.45759     3.16271    -4.47491     0.02494   (sampled)
    38.55759     3.11519    -4.34884     0.02822 (mid-point)
    38.65759     3.07055    -4.22277     0.03160   (sampled)
    38.75759     3.02875    -4.09913     0.03507 (mid-point)
    38.85759     2.98987    -3.97549     0.03863   (sampled)
    38.95759     2.92365    -3.79626     0.04236 (mid-point)
    39.05759     2.86319    -3.61703     0.04624   (sampled)
    39.15759     2.80370    -3.42473     0.05029 (mid-point)
    39.25759     2.75148    -3.23242     0.05449   (sampled)
    39.35759     2.69967    -3.06318     0.05886 (mid-point)
    39.45759     2.65362    -2.89393     0.06338   (sampled)
    39.55759     2.60754    -2.73965     0.06806 (mid-point)
    39.65759     2.56637    -2.58536     0.07289   (sampled)
    39.75759     2.52969    -2.42992     0.07787 (mid-point)
    39.85759     2.49740    -2.27447     0.08297   (sampled)
    39.95759     2.47089    -2.12462     0.08819 (mid-point)
    40.05759     2.44785    -1.97478     0.09350   (sampled)
    40.15759     2.41529    -1.82730     0.09895 (mid-point)
    40.25759     2.38754    -1.67983     0.10454   (sampled)
    40.35759     2.35600    -1.48405     0.11027 (mid-point)
    40.45759     2.33234    -1.28826     0.11612   (sampled)
    40.55759     2.30336    -1.11232     0.12212 (mid-point)
    40.65759     2.28168    -0.93638     0.12824   (sampled)
    40.75759     2.25937    -0.76754     0.13447 (mid-point)
    40.85759     2.24336    -0.59869     0.14080   (sampled)
    40.95759     2.22650    -0.43780     0.14722 (mid-point)
    41.05759     2.21393    -0.27692     0.15371   (sampled)
    41.15759     2.19162    -0.13846     0.16034 (mid-point)
    41.25759     2.16970     0.00000     0.16710   (sampled)
    41.35759     2.14469     0.45158     0.17402 (mid-point)
    41.45759     2.17291     0.90317     0.18076   (sampled)
    41.55759     2.25035     1.40424     0.18705 (mid-point)
    41.65759     2.38717     1.90531     0.19264   (sampled)
    41.75759     2.38368     2.01294     0.19824 (mid-point)
    41.85759     2.38267     2.12058     0.20385   (sampled)
    41.95759     2.38495     2.22754     0.20944 (mid-point)
    42.05759     2.38993     2.33450     0.21501   (sampled)
    42.15759     2.39719     2.44173     0.22055 (mid-point)
    42.25759     2.40699     2.54895     0.22605   (sampled)
    42.35759     2.42187     2.65514     0.23147 (mid-point)
    42.45759     2.43722     2.76134     0.23683   (sampled)
    42.55759     2.43921     2.86577     0.24218 (mid-point)
    42.65759     2.44076     2.97021     0.24753   (sampled)
    42.75759     2.48637     3.08327     0.25268 (mid-point)
    42.85759     2.52989     3.19633     0.25765   (sampled)
    42.95759     2.55948     3.30344     0.26251 (mid-point)
    43.05759     2.59158     3.41054     0.26725   (sampled)
    43.15759     2.61483     3.53556     0.27190 (mid-point)
    43.25759     2.64142     3.66057     0.27646   (sampled)
    43.35759     2.66420     3.80923     0.28095 (mid-point)
    43.45759     2.69129     3.95789     0.28534   (sampled)
    43.55759     2.99962     6.63134     0.28888 (mid-point)
    43.65759     4.53673     9.30479     0.29043   (sampled)
    43.75759     7.94305    13.87529     0.29093 (mid-point)
    43.85759    12.05642    18.44579     0.29115   (sampled)

 Minimum radius found:      2.145 angstroms.



 For spherical probe approach, The geometric factor
         F= sum(ds/area) along channel is    0.291 angstroms**-1
 This yields a macroscopic predicted molar conductance of:
   (1/rho)*(100/F)= (340/rho) pS,
   where rho is the conductivity of 1M permeant ion in ohm m.
 N.B. this is a macroscopic conductance - an overestimate 
 Empirically corrected conductances currently only available
 With the CAPSULE option (although its not that stable!)
 For 1M KCl rho= 1/12 (ohm m), So Gmacro= 4100 pS/M.
  (TAG      1   Rmin=     2.14469   Gmacro=  4121.56185 Conn_Gmacro=    -1.00000 ).
 HOLE: normal completion
