 *** Program HOLE ***
 
 If results of this run are reported or published, please
 cite the publication listed below.
 For the HOLE program:
   Smart, O.S., Goodfellow, J.M., Wallace, B.A. (1993). 
   The pore dimensions of gramicidin A. 
   Biophys. J., 65, 2455-2460.
 
 Originally written by Oliver Smart at Birkbeck College from April 1992.
 Copyright 1993-2005 Oliver Smart
 Copyright 2014-2015 SmartSci Limited.
 Copyright 2016 Oliver Smart.
 
 For help on HOLE suite see  http://www.holeprogram.org/
 
 HOLE release 2.2.005 (07 August 2016) 
 
 usage subject to Apache License, Version 2.0 
 see http://www.apache.org/licenses/LICENSE-2.0 

 Control variables read:

! Input file for Oliver Smart's HOLE program
! written by MDAnalysis.analysis.hole2.HoleAnalysis
! for a Universe
! u = mda.Universe(/afs/crc.nd.edu/user/m/mfarshad/Private/ML-new/traj/host-roel
!    /afs/crc.nd.edu/user/m/mfarshad/Private/ML-new/traj/host-roelen1water_no_ca
!   )
! Frame 42

COORD  /tmp/2550314.1.long/tmpq_1tygna.pdb
RADIUS simple2.rad
SPHPDB hole042.sph
SAMPLE 0.200000
ENDRAD 22.000000
IGNORE SOL WAT TIP HOH K   NA  CL
SHORTO 0
RASEED 31415
CPOINT 39.9167104804 38.6171688688 38.8448877473


 WARNING have not found a CVECT record - will try to guess
 Input pdb filename read as:    '/tmp/2550314.1.long/tmpq_1tygna.pdb'
 Input vdW radius file read as: 'simple2.rad'
 point in channel:   39.917  38.617  38.845
 channel vector:   ************************
 sampling distance between planes:    0.200

 graphics conditions:
 binary plot output file name: NONE
 Dot density:    10
 Draw dots?           T
 Draw close contacts? F
 Draw centre line?    T
 Produce spikes rather than dots? F
 Seed for random number generator:     31415 (0 means value set by program)
 Radius above which a result is regarded as an 'end':  22.000
 Pdb format file for sphere centres: hole042.sph

 Monte Carlo conditions:
  no of steps:  1000
  maximum displacement   0.100 angs
  'kT' initial   0.100 angs
 The spherebox and capsule options are turned off.
 (No molqpt card so will not write qpt file of the molecule)
 IGNORE card read so will ignore residue types: SOL WAT TIP HOH K   NA  CL
 no SHORTO card read so will produce full textual output
 As no PEGRAT card was found will not produce PEG polymer exclusion graph
 (No 2DMAPS card specified so will not produce 2D property maps)
 Have not found a CUT card.  Normal calculation using
   Cutoff lists with a cutsize=       1.000
   (if you wish to turn off option use a CUT -1 card)

 Have read     7 bond radius records and
              16 vdW radius records.
 From file: simple2.rad

 Have read   138 atom records.
 From file: /tmp/2550314.1.long/tmpq_1tygna.pdb
 Will not produce graphical output

 Have opened file for pdb format output of sphere centres:  hole042.sph

  Seed integer used by ran # generator on this run      31415

 
 S/R cguess will try to guess CPOINT and/or CVECT
 
 THESE GUESSES MAY WELL BE WRONG!!!!
 Routine relies on having a reasonably symmetric
 channel oriented along x, y or z vector
 YOU ARE STRONGLY ADVISED TO CHECK THE RESULTS
                       WITH MOLECULAR GRAPHICS
 testing points from cpoint in X, Y then Z direction
   point                   pore radius
direction     1
  34.917  38.617  38.845    -0.427
  35.917  38.617  38.845    -0.105
  36.917  38.617  38.845     0.291
  37.917  38.617  38.845     0.938
  38.917  38.617  38.845     1.750
  39.917  38.617  38.845     2.463
  40.917  38.617  38.845     1.788
  41.917  38.617  38.845     0.932
  42.917  38.617  38.845     0.209
  43.917  38.617  38.845    -0.420
  44.917  38.617  38.845    -0.617
 Average pore radius along the line=      0.618
direction     2
  39.917  33.617  38.845     1.004
  39.917  34.617  38.845     0.794
  39.917  35.617  38.845     0.824
  39.917  36.617  38.845     1.332
  39.917  37.617  38.845     2.086
  39.917  38.617  38.845     2.463
  39.917  39.617  38.845     1.728
  39.917  40.617  38.845     0.842
  39.917  41.617  38.845     0.160
  39.917  42.617  38.845    -0.215
  39.917  43.617  38.845    -0.657
 Average pore radius along the line=      0.942
direction     3
  39.917  38.617  33.845     0.244
  39.917  38.617  34.845     0.259
  39.917  38.617  35.845     0.702
  39.917  38.617  36.845     1.402
  39.917  38.617  37.845     1.938
  39.917  38.617  38.845     2.463
  39.917  38.617  39.845     1.540
  39.917  38.617  40.845     0.609
  39.917  38.617  41.845    -0.293
  39.917  38.617  42.845    -1.005
  39.917  38.617  43.845    -1.457
 Average pore radius along the line=      0.582
 Best direction is found to be     2
(1=X,2=Y,3=Z)
 s/r cguess has produced initial values for cpoint &/or cvect:
CPOINT      39.9167     38.6172     38.8449
CVECT        0.0000      1.0000      0.0000
 THESE GUESSES MAY WELL BE WRONG!!!!
 Routine relies on having a reasonably symmetric
 channel oriented along x, y or z vector
 YOU ARE STRONGLY ADVISED TO CHECK THE RESULTS
                       WITH MOLECULAR GRAPHICS
 
 
  Some routines (e.g. conn) need vectors normal to cvect: 
     EAST Zero degrees angle is along vector    1.000   0.000   0.000
     NORTH  90 degrees angle is along vector    0.000   0.000   1.000
 highest radius point found:
  at point   39.986  38.617  38.664
  closest atom surface    2.536   C7  REO X    1
  2nd closest surface     2.536   C25 REO X    1
  found on step  777
 current point:
  at point   40.015  38.617  38.640
  closest atom surface    2.535   C25 REO X    1
  2nd closest surface     2.535   C7  REO X    1
  found on step  942
  no. of rejections          381
 stored as     0

 highest radius point found:
  at point   39.955  38.817  38.583
  closest atom surface    2.501   H44 REO X    1
  2nd closest surface     2.503   C6  REO X    1
  found on step  994
  this is also current point
  no. of rejections          338
 stored as     1

 highest radius point found:
  at point   40.651  39.017  37.482
  closest atom surface    2.407   H2  REO X    1
  2nd closest surface     2.411   N10 REO X    1
  found on step  991
  this is also current point
  no. of rejections          296
 stored as     2

 highest radius point found:
  at point   40.985  39.217  37.032
  closest atom surface    2.333   H2  REO X    1
  2nd closest surface     2.333   H28 REO X    1
  found on step  262
 current point:
  at point   40.983  39.217  37.034
  closest atom surface    2.332   H2  REO X    1
  2nd closest surface     2.334   H28 REO X    1
  found on step  970
  no. of rejections          346
 stored as     3

 highest radius point found:
  at point   42.038  39.417  35.263
  closest atom surface    2.505   C50 REO X    1
  2nd closest surface     2.509   C42 REO X    1
  found on step  997
  this is also current point
  no. of rejections          353
 stored as     4

 highest radius point found:
  at point   45.615  39.617  27.396
  closest atom surface    7.773   C36 REO X    1
  2nd closest surface     7.825   C37 REO X    1
  found on step 1000
  this is also current point
  no. of rejections          280
 stored as     5

 highest radius point found:
  at point   48.679  39.817  17.860
  closest atom surface   16.413   C37 REO X    1
  2nd closest surface    16.476   C36 REO X    1
  found on step  999
  this is also current point
  no. of rejections          238
 stored as     6

 highest radius point found:
  at point   51.594  40.017  10.002
  closest atom surface   24.373   C37 REO X    1
  2nd closest surface    24.452   C36 REO X    1
  found on step  999
  this is also current point
  no. of rejections          259
 This is an end! (radius above  22.0 angs)
 highest radius point found:
  at point   40.028  38.417  38.737
  closest atom surface    2.548   C24 REO X    1
  2nd closest surface     2.549   C7  REO X    1
  found on step  739
 current point:
  at point   40.001  38.417  38.759
  closest atom surface    2.547   C8  REO X    1
  2nd closest surface     2.547   C24 REO X    1
  found on step  965
  no. of rejections          374
 stored as    -1

 highest radius point found:
  at point   40.082  38.217  38.787
  closest atom surface    2.497   C8  REO X    1
  2nd closest surface     2.500   C29 REO X    1
  found on step  551
 current point:
  at point   40.295  38.217  38.551
  closest atom surface    2.496   C8  REO X    1
  2nd closest surface     2.496   C29 REO X    1
  found on step  889
  no. of rejections          384
 stored as    -2

 highest radius point found:
  at point   40.119  38.017  38.851
  closest atom surface    2.440   H18 REO X    1
  2nd closest surface     2.441   H34 REO X    1
  found on step  583
 current point:
  at point   40.122  38.017  38.849
  closest atom surface    2.440   H34 REO X    1
  2nd closest surface     2.442   H18 REO X    1
  found on step  894
  no. of rejections          345
 stored as    -3

 highest radius point found:
  at point   40.247  37.817  38.954
  closest atom surface    2.339   H34 REO X    1
  2nd closest surface     2.339   H18 REO X    1
  found on step  460
 current point:
  at point   40.247  37.817  38.954
  closest atom surface    2.339   H34 REO X    1
  2nd closest surface     2.339   H18 REO X    1
  found on step  952
  no. of rejections          339
 stored as    -4

 highest radius point found:
  at point   40.349  37.617  39.061
  closest atom surface    2.251   C29 REO X    1
  2nd closest surface     2.252   H18 REO X    1
  found on step  301
 current point:
  at point   40.292  37.617  39.066
  closest atom surface    2.248   H34 REO X    1
  2nd closest surface     2.249   H18 REO X    1
  found on step  897
  no. of rejections          346
 stored as    -5

 highest radius point found:
  at point   40.438  37.417  39.168
  closest atom surface    2.181   H18 REO X    1
  2nd closest surface     2.182   H34 REO X    1
  found on step  923
  this is also current point
  no. of rejections          367
 stored as    -6

 highest radius point found:
  at point   40.531  37.217  39.273
  closest atom surface    2.128   H34 REO X    1
  2nd closest surface     2.128   C29 REO X    1
  found on step  973
  this is also current point
  no. of rejections          347
 stored as    -7

 highest radius point found:
  at point   40.629  37.017  39.364
  closest atom surface    2.083   H34 REO X    1
  2nd closest surface     2.091   C29 REO X    1
  found on step  109
 current point:
  at point   39.858  37.017  39.467
  closest atom surface    2.064   H34 REO X    1
  2nd closest surface     2.065   H18 REO X    1
  found on step  995
  no. of rejections          378
 stored as    -8

 highest radius point found:
  at point   40.689  36.817  39.492
  closest atom surface    2.074   H34 REO X    1
  2nd closest surface     2.074   H18 REO X    1
  found on step  812
 current point:
  at point   40.687  36.817  39.492
  closest atom surface    2.074   H34 REO X    1
  2nd closest surface     2.074   H18 REO X    1
  found on step  910
  no. of rejections          375
 stored as    -9

 highest radius point found:
  at point   40.701  36.617  39.610
  closest atom surface    2.061   H18 REO X    1
  2nd closest surface     2.064   H34 REO X    1
  found on step  845
 current point:
  at point   40.696  36.617  39.608
  closest atom surface    2.061   H34 REO X    1
  2nd closest surface     2.062   H18 REO X    1
  found on step  978
  no. of rejections          367
 stored as   -10

 highest radius point found:
  at point   40.683  36.417  39.723
  closest atom surface    2.053   C30 REO X    1
  2nd closest surface     2.058   H34 REO X    1
  found on step   71
 current point:
  at point   40.504  36.417  39.748
  closest atom surface    2.036   H34 REO X    1
  2nd closest surface     2.036   H18 REO X    1
  found on step  971
  no. of rejections          362
 stored as   -11

 highest radius point found:
  at point   40.624  36.217  39.853
  closest atom surface    2.073   H18 REO X    1
  2nd closest surface     2.074   H34 REO X    1
  found on step  933
  this is also current point
  no. of rejections          385
 stored as   -12

 highest radius point found:
  at point   40.562  36.017  39.976
  closest atom surface    2.103   H18 REO X    1
  2nd closest surface     2.103   H34 REO X    1
  found on step  700
 current point:
  at point   40.530  36.017  39.979
  closest atom surface    2.099   H34 REO X    1
  2nd closest surface     2.100   H18 REO X    1
  found on step  959
  no. of rejections          374
 stored as   -13

 highest radius point found:
  at point   40.528  35.817  40.098
  closest atom surface    2.152   C30 REO X    1
  2nd closest surface     2.154   H18 REO X    1
  found on step  963
  this is also current point
  no. of rejections          382
 stored as   -14

 highest radius point found:
  at point   40.446  35.617  40.224
  closest atom surface    2.219   H34 REO X    1
  2nd closest surface     2.219   H18 REO X    1
  found on step  979
  this is also current point
  no. of rejections          337
 stored as   -15

 highest radius point found:
  at point   40.426  35.417  40.387
  closest atom surface    2.269   C48 REO X    1
  2nd closest surface     2.270   C30 REO X    1
  found on step  832
 current point:
  at point   40.434  35.417  40.376
  closest atom surface    2.269   C30 REO X    1
  2nd closest surface     2.270   C48 REO X    1
  found on step  951
  no. of rejections          341
 stored as   -16

 highest radius point found:
  at point   40.372  35.217  40.633
  closest atom surface    2.316   C30 REO X    1
  2nd closest surface     2.316   H18 REO X    1
  found on step   18
 current point:
  at point   40.372  35.217  40.634
  closest atom surface    2.316   H18 REO X    1
  2nd closest surface     2.316   C30 REO X    1
  found on step  990
  no. of rejections          358
 stored as   -17

 highest radius point found:
  at point   40.314  35.017  40.879
  closest atom surface    2.384   H18 REO X    1
  2nd closest surface     2.386   C48 REO X    1
  found on step  975
  this is also current point
  no. of rejections          344
 stored as   -18

 highest radius point found:
  at point   40.261  34.817  41.126
  closest atom surface    2.480   H18 REO X    1
  2nd closest surface     2.481   C30 REO X    1
  found on step  979
  this is also current point
  no. of rejections          310
 stored as   -19

 highest radius point found:
  at point   40.201  34.617  41.381
  closest atom surface    2.599   C30 REO X    1
  2nd closest surface     2.600   N4  REO X    1
  found on step  897
  this is also current point
  no. of rejections          376
 stored as   -20

 highest radius point found:
  at point   40.220  34.417  41.500
  closest atom surface    2.693   C30 REO X    1
  2nd closest surface     2.695   N4  REO X    1
  found on step  429
 current point:
  at point   40.219  34.417  41.506
  closest atom surface    2.691   N4  REO X    1
  2nd closest surface     2.693   C30 REO X    1
  found on step  963
  no. of rejections          378
 stored as   -21

 highest radius point found:
  at point   40.238  34.217  41.611
  closest atom surface    2.794   C48 REO X    1
  2nd closest surface     2.794   H21 REO X    1
  found on step  955
  this is also current point
  no. of rejections          370
 stored as   -22

 highest radius point found:
  at point   40.244  34.017  41.740
  closest atom surface    2.904   H21 REO X    1
  2nd closest surface     2.905   C48 REO X    1
  found on step  998
  this is also current point
  no. of rejections          352
 stored as   -23

 highest radius point found:
  at point   40.257  33.817  41.870
  closest atom surface    3.022   H21 REO X    1
  2nd closest surface     3.023   N4  REO X    1
  found on step  974
  this is also current point
  no. of rejections          306
 stored as   -24

 highest radius point found:
  at point   40.267  33.617  41.985
  closest atom surface    3.153   C48 REO X    1
  2nd closest surface     3.153   N4  REO X    1
  found on step  350
 current point:
  at point   40.272  33.617  41.982
  closest atom surface    3.151   H21 REO X    1
  2nd closest surface     3.154   C48 REO X    1
  found on step  968
  no. of rejections          299
 stored as   -25

 highest radius point found:
  at point   40.284  33.417  42.104
  closest atom surface    3.289   H21 REO X    1
  2nd closest surface     3.289   C48 REO X    1
  found on step  970
  this is also current point
  no. of rejections          300
 stored as   -26

 highest radius point found:
  at point   40.300  33.217  42.225
  closest atom surface    3.433   H21 REO X    1
  2nd closest surface     3.433   C48 REO X    1
  found on step  975
  this is also current point
  no. of rejections          298
 stored as   -27

 highest radius point found:
  at point   40.317  33.017  42.347
  closest atom surface    3.584   C48 REO X    1
  2nd closest surface     3.584   N4  REO X    1
  found on step  963
  this is also current point
  no. of rejections          325
 stored as   -28

 highest radius point found:
  at point   40.337  32.817  42.464
  closest atom surface    3.740   C48 REO X    1
  2nd closest surface     3.741   H21 REO X    1
  found on step  958
  this is also current point
  no. of rejections          263
 stored as   -29

 highest radius point found:
  at point   40.358  32.617  42.593
  closest atom surface    3.903   H21 REO X    1
  2nd closest surface     3.904   N4  REO X    1
  found on step  772
 current point:
  at point   40.366  32.617  42.614
  closest atom surface    3.899   H21 REO X    1
  2nd closest surface     3.902   N4  REO X    1
  found on step  978
  no. of rejections          296
 stored as   -30

 highest radius point found:
  at point   40.700  32.417  43.814
  closest atom surface    4.081   N4  REO X    1
  2nd closest surface     4.082   H21 REO X    1
  found on step  310
 current point:
  at point   40.378  32.417  42.719
  closest atom surface    4.071   N4  REO X    1
  2nd closest surface     4.071   H21 REO X    1
  found on step  958
  no. of rejections          276
 stored as   -31

 highest radius point found:
  at point   43.448  32.217  51.784
  closest atom surface    8.160   H16 REO X    1
  2nd closest surface     8.181   C20 REO X    1
  found on step 1000
  this is also current point
  no. of rejections          225
 stored as   -32

 highest radius point found:
  at point   47.571  32.017  62.183
  closest atom surface   18.052   H16 REO X    1
  2nd closest surface    18.082   C31 REO X    1
  found on step 1000
  this is also current point
  no. of rejections          252
 stored as   -33

 highest radius point found:
  at point   50.908  31.817  70.137
  closest atom surface   26.307   H64 REO X    1
  2nd closest surface    26.356   C31 REO X    1
  found on step  999
  this is also current point
  no. of rejections          270
 This is an end! (radius above  22.0 angs)
 
 N.b. Graph information routine (HOGRAP) differs 
        markedly from previous versions!
       Information now is written from -ve end
       to +ve in one pass
 
 Explanation of the meaning of each column: 
 First column "cenxyz.cvec" is the coordinate in the
   direction of the channel vector i.e. if the channel
   vector is in z (0 0 1) then it is the z coordinate.
 The second column "radius" is the hole pore radius 
   (as defined in the Biophys J 1993) article).
 The third column "cen_line_D" is the distance 
   measured along the pore centre line - with the 
   first point found set to zero. This was the first
   thing that I used to measure the distance along a pore
   but "cenxyz.cvec" is a much better general measure. 
   However, by comparing changes in this distance to changes in '   "cenxyz.cvec" one can get a measure of how straight a 
   channel is.
 The fourth column "sum{s/(area)}" is useful in conductance
   prediction -
   basically it is the sum of the thickness of each slab
   divided by its area. HOLE uses this measure to estimate
   the macroscopic conductance of a channel.
 If any of this worries you one can see the "raw" results
   of a standard hole run by producing a sphpdb file and 
    directly looking at the results.
 cenxyz.cvec      radius  cen_line_D sum{s/(area point sourc
    32.01717    18.05231   -28.36677     0.00010   (sampled)
    32.11717    12.86190   -22.77287     0.00029 (mid-point)
    32.21717     8.15956   -17.17898     0.00077   (sampled)
    32.31717     5.40296   -12.96232     0.00186 (mid-point)
    32.41717     4.08149    -8.74566     0.00377   (sampled)
    32.51717     3.95165    -8.10390     0.00581 (mid-point)
    32.61717     3.90280    -7.46214     0.00790   (sampled)
    32.71717     3.82090    -7.34264     0.01008 (mid-point)
    32.81717     3.74009    -7.22315     0.01235   (sampled)
    32.91717     3.66149    -7.10674     0.01473 (mid-point)
    33.01717     3.58425    -6.99034     0.01721   (sampled)
    33.11717     3.50784    -6.87306     0.01979 (mid-point)
    33.21717     3.43312    -6.75578     0.02249   (sampled)
    33.31717     3.36020    -6.63870     0.02531 (mid-point)
    33.41717     3.28924    -6.52162     0.02825   (sampled)
    33.51717     3.22007    -6.40474     0.03132 (mid-point)
    33.61717     3.15263    -6.28785     0.03453   (sampled)
    33.71717     3.08672    -6.17247     0.03787 (mid-point)
    33.81717     3.02213    -6.05708     0.04135   (sampled)
    33.91717     2.96191    -5.93763     0.04498 (mid-point)
    34.01717     2.90442    -5.81819     0.04875   (sampled)
    34.11717     2.84753    -5.69913     0.05268 (mid-point)
    34.21717     2.79352    -5.58007     0.05676   (sampled)
    34.31717     2.74345    -5.46533     0.06099 (mid-point)
    34.41717     2.69293    -5.35058     0.06538   (sampled)
    34.51717     2.64449    -5.23385     0.06993 (mid-point)
    34.61717     2.59860    -5.11711     0.07464   (sampled)
    34.71717     2.53722    -4.95240     0.07959 (mid-point)
    34.81717     2.48014    -4.78769     0.08476   (sampled)
    34.91717     2.42872    -4.62652     0.09016 (mid-point)
    35.01717     2.38420    -4.46535     0.09576   (sampled)
    35.11717     2.34649    -4.30423     0.10154 (mid-point)
    35.21717     2.31606    -4.14311     0.10747   (sampled)
    35.31717     2.29009    -3.98230     0.11354 (mid-point)
    35.41717     2.26891    -3.82148     0.11973   (sampled)
    35.51717     2.24634    -3.69207     0.12603 (mid-point)
    35.61717     2.21875    -3.56266     0.13250   (sampled)
    35.71717     2.18437    -3.43754     0.13917 (mid-point)
    35.81717     2.15228    -3.31243     0.14604   (sampled)
    35.91717     2.12675    -3.19418     0.15308 (mid-point)
    36.01717     2.10327    -3.07594     0.16028   (sampled)
    36.11717     2.08561    -2.95441     0.16759 (mid-point)
    36.21717     2.07265    -2.83288     0.17500   (sampled)
    36.31717     2.06197    -2.71002     0.18249 (mid-point)
    36.41717     2.05329    -2.58717     0.19004   (sampled)
    36.51717     2.05812    -2.47200     0.19755 (mid-point)
    36.61717     2.06064    -2.35683     0.20505   (sampled)
    36.71717     2.06534    -2.24057     0.21251 (mid-point)
    36.81717     2.07419    -2.12432     0.21991   (sampled)
    36.91717     2.07611    -2.00193     0.22730 (mid-point)
    37.01717     2.08289    -1.87955     0.23463   (sampled)
    37.11717     2.10305    -1.75919     0.24183 (mid-point)
    37.21717     2.12771    -1.63883     0.24886   (sampled)
    37.31717     2.15262    -1.51673     0.25573 (mid-point)
    37.41717     2.18121    -1.39462     0.26242   (sampled)
    37.51717     2.21452    -1.27272     0.26891 (mid-point)
    37.61717     2.25135    -1.15082     0.27519   (sampled)
    37.71717     2.29355    -1.02649     0.28124 (mid-point)
    37.81717     2.33894    -0.90215     0.28706   (sampled)
    37.91717     2.38773    -0.77288     0.29265 (mid-point)
    38.01717     2.44048    -0.64360     0.29799   (sampled)
    38.11717     2.47343    -0.53695     0.30319 (mid-point)
    38.21717     2.49741    -0.43029     0.30830   (sampled)
    38.31717     2.52239    -0.32374     0.31330 (mid-point)
    38.41717     2.54786    -0.21719     0.31820   (sampled)
    38.51717     2.54085    -0.10859     0.32313 (mid-point)
    38.61717     2.53554     0.00000     0.32808   (sampled)
    38.71717     2.51870     0.10896     0.33310 (mid-point)
    38.81717     2.50095     0.21793     0.33819   (sampled)
    38.91717     2.43800     0.87679     0.34355 (mid-point)
    39.01717     2.40728     1.53566     0.34904   (sampled)
    39.11717     2.35699     1.83303     0.35477 (mid-point)
    39.21717     2.33258     2.13040     0.36062   (sampled)
    39.31717     2.32156     3.16462     0.36653 (mid-point)
    39.41717     2.50478     4.19883     0.37160   (sampled)
    39.51717     4.76869     8.52106     0.37300 (mid-point)
    39.61717     7.77267    12.84329     0.37353   (sampled)
    39.71717    11.87886    17.85232     0.37375 (mid-point)
    39.81717    16.41279    22.86136     0.37387   (sampled)

 Minimum radius found:      2.053 angstroms.



 For spherical probe approach, The geometric factor
         F= sum(ds/area) along channel is    0.374 angstroms**-1
 This yields a macroscopic predicted molar conductance of:
   (1/rho)*(100/F)= (270/rho) pS,
   where rho is the conductivity of 1M permeant ion in ohm m.
 N.B. this is a macroscopic conductance - an overestimate 
 Empirically corrected conductances currently only available
 With the CAPSULE option (although its not that stable!)
 For 1M KCl rho= 1/12 (ohm m), So Gmacro= 3200 pS/M.
  (TAG      1   Rmin=     2.05329   Gmacro=  3209.68118 Conn_Gmacro=    -1.00000 ).
 HOLE: normal completion
