 *** Program HOLE ***
 
 If results of this run are reported or published, please
 cite the publication listed below.
 For the HOLE program:
   Smart, O.S., Goodfellow, J.M., Wallace, B.A. (1993). 
   The pore dimensions of gramicidin A. 
   Biophys. J., 65, 2455-2460.
 
 Originally written by Oliver Smart at Birkbeck College from April 1992.
 Copyright 1993-2005 Oliver Smart
 Copyright 2014-2015 SmartSci Limited.
 Copyright 2016 Oliver Smart.
 
 For help on HOLE suite see  http://www.holeprogram.org/
 
 HOLE release 2.2.005 (07 August 2016) 
 
 usage subject to Apache License, Version 2.0 
 see http://www.apache.org/licenses/LICENSE-2.0 

 Control variables read:

! Input file for Oliver Smart's HOLE program
! written by MDAnalysis.analysis.hole2.HoleAnalysis
! for a Universe
! u = mda.Universe(host_3.mol2
!    host_3.trr
!   )
! Frame 12

COORD  /tmp/tmpd1ibpndq.pdb
RADIUS simple2.rad
SPHPDB hole012.sph
SAMPLE 0.200000
ENDRAD 22.000000
IGNORE SOL WAT TIP HOH K   NA  CL
SHORTO 0
RASEED 31415
CPOINT 39.7168989182 39.9452075277 40.0794408662


 WARNING have not found a CVECT record - will try to guess
 Input pdb filename read as:    '/tmp/tmpd1ibpndq.pdb'
 Input vdW radius file read as: 'simple2.rad'
 point in channel:   39.717  39.945  40.079
 channel vector:   ************************
 sampling distance between planes:    0.200

 graphics conditions:
 binary plot output file name: NONE
 Dot density:    10
 Draw dots?           T
 Draw close contacts? F
 Draw centre line?    T
 Produce spikes rather than dots? F
 Seed for random number generator:     31415 (0 means value set by program)
 Radius above which a result is regarded as an 'end':  22.000
 Pdb format file for sphere centres: hole012.sph

 Monte Carlo conditions:
  no of steps:  1000
  maximum displacement   0.100 angs
  'kT' initial   0.100 angs
 The spherebox and capsule options are turned off.
 (No molqpt card so will not write qpt file of the molecule)
 IGNORE card read so will ignore residue types: SOL WAT TIP HOH K   NA  CL
 no SHORTO card read so will produce full textual output
 As no PEGRAT card was found will not produce PEG polymer exclusion graph
 (No 2DMAPS card specified so will not produce 2D property maps)
 Have not found a CUT card.  Normal calculation using
   Cutoff lists with a cutsize=       1.000
   (if you wish to turn off option use a CUT -1 card)

 Have read     7 bond radius records and
              16 vdW radius records.
 From file: simple2.rad

 Have read    56 atom records.
 From file: /tmp/tmpd1ibpndq.pdb
 Will not produce graphical output
 Warning have tried to open file: 'hole012.sph' as NEW but
         this file already exists - old version kept as 'hole012.sph.old'

 Have opened file for pdb format output of sphere centres:  hole012.sph

  Seed integer used by ran # generator on this run      31415

 
 S/R cguess will try to guess CPOINT and/or CVECT
 
 THESE GUESSES MAY WELL BE WRONG!!!!
 Routine relies on having a reasonably symmetric
 channel oriented along x, y or z vector
 YOU ARE STRONGLY ADVISED TO CHECK THE RESULTS
                       WITH MOLECULAR GRAPHICS
 testing points from cpoint in X, Y then Z direction
   point                   pore radius
direction     1
  34.717  39.945  40.079     1.678
  35.717  39.945  40.079     1.218
  36.717  39.945  40.079     1.161
  37.717  39.945  40.079     1.179
  38.717  39.945  40.079     1.527
  39.717  39.945  40.079     1.833
  40.717  39.945  40.079     1.625
  41.717  39.945  40.079     1.190
  42.717  39.945  40.079     0.636
  43.717  39.945  40.079     0.233
  44.717  39.945  40.079     0.538
 Average pore radius along the line=      1.165
direction     2
  39.717  34.945  40.079    -0.855
  39.717  35.945  40.079    -1.135
  39.717  36.945  40.079    -0.425
  39.717  37.945  40.079     0.195
  39.717  38.945  40.079     0.994
  39.717  39.945  40.079     1.833
  39.717  40.945  40.079     1.004
  39.717  41.945  40.079     0.114
  39.717  42.945  40.079    -0.564
  39.717  43.945  40.079    -0.533
  39.717  44.945  40.079    -0.132
 Average pore radius along the line=      0.045
direction     3
  39.717  39.945  35.079     0.276
  39.717  39.945  36.079    -0.200
  39.717  39.945  37.079    -0.266
  39.717  39.945  38.079     0.413
  39.717  39.945  39.079     1.203
  39.717  39.945  40.079     1.833
  39.717  39.945  41.079     1.461
  39.717  39.945  42.079     1.029
  39.717  39.945  43.079     0.750
  39.717  39.945  44.079     0.638
  39.717  39.945  45.079     0.988
 Average pore radius along the line=      0.739
 Best direction is found to be     1
(1=X,2=Y,3=Z)
 s/r cguess has produced initial values for cpoint &/or cvect:
CPOINT      39.7169     39.9452     40.0794
CVECT        1.0000      0.0000      0.0000
 THESE GUESSES MAY WELL BE WRONG!!!!
 Routine relies on having a reasonably symmetric
 channel oriented along x, y or z vector
 YOU ARE STRONGLY ADVISED TO CHECK THE RESULTS
                       WITH MOLECULAR GRAPHICS
 
 
  Some routines (e.g. conn) need vectors normal to cvect: 
     EAST Zero degrees angle is along vector    0.000   1.000   0.000
     NORTH  90 degrees angle is along vector    0.000   0.000  -1.000
 highest radius point found:
  at point   39.717  39.984  40.307
  closest atom surface    1.919   O6  3   X    0
  2nd closest surface     1.919   O2  3   X    0
  found on step  843
 current point:
  at point   39.717  39.987  40.339
  closest atom surface    1.919   O2  3   X    0
  2nd closest surface     1.920   O6  3   X    0
  found on step  956
  no. of rejections          392
 stored as     0

 highest radius point found:
  at point   39.917  40.065  40.583
  closest atom surface    1.929   O2  3   X    0
  2nd closest surface     1.931   O6  3   X    0
  found on step  742
 current point:
  at point   39.917  40.055  40.400
  closest atom surface    1.918   O2  3   X    0
  2nd closest surface     1.919   O6  3   X    0
  found on step  915
  no. of rejections          398
 stored as     1

 highest radius point found:
  at point   40.117  40.141  40.809
  closest atom surface    1.966   O2  3   X    0
  2nd closest surface     1.967   O4  3   X    0
  found on step  864
 current point:
  at point   40.117  40.139  40.808
  closest atom surface    1.966   O6  3   X    0
  2nd closest surface     1.967   O4  3   X    0
  found on step  922
  no. of rejections          374
 stored as     2

 highest radius point found:
  at point   40.317  40.217  41.032
  closest atom surface    2.029   O2  3   X    0
  2nd closest surface     2.030   O6  3   X    0
  found on step  758
 current point:
  at point   40.317  40.217  41.032
  closest atom surface    2.029   O6  3   X    0
  2nd closest surface     2.029   O2  3   X    0
  found on step  956
  no. of rejections          363
 stored as     3

 highest radius point found:
  at point   40.517  40.288  41.143
  closest atom surface    2.087   C8  3   X    0
  2nd closest surface     2.088   O6  3   X    0
  found on step  968
  this is also current point
  no. of rejections          376
 stored as     4

 highest radius point found:
  at point   40.717  40.356  41.216
  closest atom surface    2.149   O6  3   X    0
  2nd closest surface     2.150   C8  3   X    0
  found on step  996
  this is also current point
  no. of rejections          392
 stored as     5

 highest radius point found:
  at point   40.917  40.424  41.224
  closest atom surface    2.208   C7  3   X    0
  2nd closest surface     2.208   O6  3   X    0
  found on step  937
  this is also current point
  no. of rejections          365
 stored as     6

 highest radius point found:
  at point   41.117  37.276  46.775
  closest atom surface    4.175   C9  3   X    0
  2nd closest surface     4.180   O5  3   X    0
  found on step  998
  this is also current point
  no. of rejections          303
 stored as     7

 highest radius point found:
  at point   41.317  33.820  55.208
  closest atom surface   11.845   H20 3   X    0
  2nd closest surface    11.850   H18 3   X    0
  found on step 1000
  this is also current point
  no. of rejections          255
 stored as     8

 highest radius point found:
  at point   41.517  28.893  63.387
  closest atom surface   20.978   H20 3   X    0
  2nd closest surface    21.110   H18 3   X    0
  found on step 1000
  this is also current point
  no. of rejections          282
 stored as     9

 highest radius point found:
  at point   41.717  26.969  74.758
  closest atom surface   31.981   H18 3   X    0
  2nd closest surface    32.094   H20 3   X    0
  found on step 1000
  this is also current point
  no. of rejections          253
 This is an end! (radius above  22.0 angs)
 highest radius point found:
  at point   39.517  39.918  40.149
  closest atom surface    1.929   O4  3   X    0
  2nd closest surface     1.929   O2  3   X    0
  found on step  464
 current point:
  at point   39.517  39.914  40.150
  closest atom surface    1.927   C12 3   X    0
  2nd closest surface     1.928   O4  3   X    0
  found on step  906
  no. of rejections          358
 stored as    -1

 highest radius point found:
  at point   39.317  39.914  40.033
  closest atom surface    1.891   O1  3   X    0
  2nd closest surface     1.891   O4  3   X    0
  found on step  934
  this is also current point
  no. of rejections          387
 stored as    -2

 highest radius point found:
  at point   39.117  39.922  39.922
  closest atom surface    1.862   O1  3   X    0
  2nd closest surface     1.865   O2  3   X    0
  found on step  815
 current point:
  at point   39.117  39.918  39.919
  closest atom surface    1.861   H25 3   X    0
  2nd closest surface     1.863   O1  3   X    0
  found on step 1000
  no. of rejections          375
 stored as    -3

 highest radius point found:
  at point   38.917  39.918  39.833
  closest atom surface    1.827   C4  3   X    0
  2nd closest surface     1.829   H25 3   X    0
  found on step  335
 current point:
  at point   38.917  39.917  39.832
  closest atom surface    1.826   C4  3   X    0
  2nd closest surface     1.828   H25 3   X    0
  found on step  976
  no. of rejections          391
 stored as    -4

 highest radius point found:
  at point   38.717  39.901  39.759
  closest atom surface    1.797   H25 3   X    0
  2nd closest surface     1.797   C4  3   X    0
  found on step  928
  this is also current point
  no. of rejections          378
 stored as    -5

 highest radius point found:
  at point   38.517  39.886  39.686
  closest atom surface    1.780   C4  3   X    0
  2nd closest surface     1.782   H25 3   X    0
  found on step  838
 current point:
  at point   38.517  39.881  39.687
  closest atom surface    1.777   H25 3   X    0
  2nd closest surface     1.783   O4  3   X    0
  found on step  954
  no. of rejections          392
 stored as    -6

 highest radius point found:
  at point   38.317  39.866  39.613
  closest atom surface    1.778   O4  3   X    0
  2nd closest surface     1.778   C4  3   X    0
  found on step  979
  this is also current point
  no. of rejections          388
 stored as    -7

 highest radius point found:
  at point   38.117  39.799  39.463
  closest atom surface    1.756   H9  3   X    0
  2nd closest surface     1.756   H25 3   X    0
  found on step  760
 current point:
  at point   38.117  39.817  39.489
  closest atom surface    1.755   H9  3   X    0
  2nd closest surface     1.755   C11 3   X    0
  found on step  888
  no. of rejections          377
 stored as    -8

 highest radius point found:
  at point   37.917  39.449  38.588
  closest atom surface    1.741   H7  3   X    0
  2nd closest surface     1.742   H9  3   X    0
  found on step  993
  this is also current point
  no. of rejections          380
 stored as    -9

 highest radius point found:
  at point   37.717  34.347  32.093
  closest atom surface    6.876   C3  3   X    0
  2nd closest surface     6.923   C12 3   X    0
  found on step  996
  this is also current point
  no. of rejections          282
 stored as   -10

 highest radius point found:
  at point   37.517  27.776  25.385
  closest atom surface   15.254   H3  3   X    0
  2nd closest surface    15.406   H27 3   X    0
  found on step  999
  this is also current point
  no. of rejections          271
 stored as   -11

 highest radius point found:
  at point   37.317  20.993  17.703
  closest atom surface   25.132   H3  3   X    0
  2nd closest surface    25.357   C1  3   X    0
  found on step 1000
  this is also current point
  no. of rejections          241
 This is an end! (radius above  22.0 angs)
 
 N.b. Graph information routine (HOGRAP) differs 
        markedly from previous versions!
       Information now is written from -ve end
       to +ve in one pass
 
 Explanation of the meaning of each column: 
 First column "cenxyz.cvec" is the coordinate in the
   direction of the channel vector i.e. if the channel
   vector is in z (0 0 1) then it is the z coordinate.
 The second column "radius" is the hole pore radius 
   (as defined in the Biophys J 1993) article).
 The third column "cen_line_D" is the distance 
   measured along the pore centre line - with the 
   first point found set to zero. This was the first
   thing that I used to measure the distance along a pore
   but "cenxyz.cvec" is a much better general measure. 
   However, by comparing changes in this distance to changes in '   "cenxyz.cvec" one can get a measure of how straight a 
   channel is.
 The fourth column "sum{s/(area)}" is useful in conductance
   prediction -
   basically it is the sum of the thickness of each slab
   divided by its area. HOLE uses this measure to estimate
   the macroscopic conductance of a channel.
 If any of this worries you one can see the "raw" results
   of a standard hole run by producing a sphpdb file and 
    directly looking at the results.
 cenxyz.cvec      radius  cen_line_D sum{s/(area point sourc
    37.51690    15.25417   -20.46009     0.00014   (sampled)
    37.61690    10.92003   -15.76367     0.00040 (mid-point)
    37.71690     6.87623   -11.06726     0.00108   (sampled)
    37.81690     3.32943    -6.93646     0.00395 (mid-point)
    37.91690     1.74110    -2.80567     0.01445   (sampled)
    38.01690     1.70648    -2.32395     0.02538 (mid-point)
    38.11690     1.75616    -1.84223     0.03570   (sampled)
    38.21690     1.76457    -1.71279     0.04592 (mid-point)
    38.31690     1.77756    -1.58336     0.05600   (sampled)
    38.41690     1.77774    -1.47637     0.06607 (mid-point)
    38.51690     1.78023    -1.36939     0.07611   (sampled)
    38.61690     1.78721    -1.26267     0.08608 (mid-point)
    38.71690     1.79692    -1.15594     0.09594   (sampled)
    38.81690     1.81055    -1.04904     0.10565 (mid-point)
    38.91690     1.82682    -0.94214     0.11519   (sampled)
    39.01690     1.84517    -0.83268     0.12453 (mid-point)
    39.11690     1.86246    -0.72322     0.13371   (sampled)
    39.21690     1.87503    -0.60878     0.14276 (mid-point)
    39.31690     1.89125    -0.49435     0.15166   (sampled)
    39.41690     1.90818    -0.37883     0.16041 (mid-point)
    39.51690     1.92874    -0.26331     0.16896   (sampled)
    39.61690     1.92167    -0.13166     0.17758 (mid-point)
    39.71690     1.91899    -0.00000     0.18623   (sampled)
    39.81690     1.91953     0.17528     0.19486 (mid-point)
    39.91690     1.92859     0.35057     0.20342   (sampled)
    40.01690     1.94406     0.50619     0.21185 (mid-point)
    40.11690     1.96618     0.66181     0.22008   (sampled)
    40.21690     1.99458     0.81640     0.22808 (mid-point)
    40.31690     2.02926     0.97100     0.23581   (sampled)
    40.41690     2.05685     1.09079     0.24333 (mid-point)
    40.51690     2.08697     1.21058     0.25064   (sampled)
    40.61690     2.11696     1.32231     0.25774 (mid-point)
    40.71690     2.14920     1.43405     0.26464   (sampled)
    40.81690     2.17742     1.53974     0.27135 (mid-point)
    40.91690     2.20833     1.64542     0.27788   (sampled)
    41.01690     2.26575     4.83755     0.28408 (mid-point)
    41.11690     4.17459     8.02967     0.28590   (sampled)
    41.21690     7.69243    12.58758     0.28644 (mid-point)
    41.31690    11.84525    17.14549     0.28667   (sampled)
    41.41690    16.35565    21.92086     0.28679 (mid-point)
    41.51690    20.97828    26.69624     0.28686   (sampled)

 Minimum radius found:      1.706 angstroms.



 For spherical probe approach, The geometric factor
         F= sum(ds/area) along channel is    0.287 angstroms**-1
 This yields a macroscopic predicted molar conductance of:
   (1/rho)*(100/F)= (350/rho) pS,
   where rho is the conductivity of 1M permeant ion in ohm m.
 N.B. this is a macroscopic conductance - an overestimate 
 Empirically corrected conductances currently only available
 With the CAPSULE option (although its not that stable!)
 For 1M KCl rho= 1/12 (ohm m), So Gmacro= 4200 pS/M.
  (TAG      1   Rmin=     1.70648   Gmacro=  4183.22345 Conn_Gmacro=    -1.00000 ).
 HOLE: normal completion
