 *** Program HOLE ***
 
 If results of this run are reported or published, please
 cite the publication listed below.
 For the HOLE program:
   Smart, O.S., Goodfellow, J.M., Wallace, B.A. (1993). 
   The pore dimensions of gramicidin A. 
   Biophys. J., 65, 2455-2460.
 
 Originally written by Oliver Smart at Birkbeck College from April 1992.
 Copyright 1993-2005 Oliver Smart
 Copyright 2014-2015 SmartSci Limited.
 Copyright 2016 Oliver Smart.
 
 For help on HOLE suite see  http://www.holeprogram.org/
 
 HOLE release 2.2.005 (07 August 2016) 
 
 usage subject to Apache License, Version 2.0 
 see http://www.apache.org/licenses/LICENSE-2.0 

 Control variables read:

! Input file for Oliver Smart's HOLE program
! written by MDAnalysis.analysis.hole2.HoleAnalysis
! for a Universe
! u = mda.Universe(/afs/crc.nd.edu/user/m/mfarshad/Private/ML-new/traj/host-asb2
!    /afs/crc.nd.edu/user/m/mfarshad/Private/ML-new/traj/host-asb2/host_asb2.trr
!   )
! Frame 27

COORD  /tmp/2550260.1.long/tmpv8xashjr.pdb
RADIUS simple2.rad
SPHPDB hole027.sph
SAMPLE 0.200000
ENDRAD 22.000000
IGNORE SOL WAT TIP HOH K   NA  CL
SHORTO 0
RASEED 31415
CPOINT 40.1345021990 39.4128302317 40.2477030981


 WARNING have not found a CVECT record - will try to guess
 Input pdb filename read as:    '/tmp/2550260.1.long/tmpv8xashjr.pdb'
 Input vdW radius file read as: 'simple2.rad'
 point in channel:   40.135  39.413  40.248
 channel vector:   ************************
 sampling distance between planes:    0.200

 graphics conditions:
 binary plot output file name: NONE
 Dot density:    10
 Draw dots?           T
 Draw close contacts? F
 Draw centre line?    T
 Produce spikes rather than dots? F
 Seed for random number generator:     31415 (0 means value set by program)
 Radius above which a result is regarded as an 'end':  22.000
 Pdb format file for sphere centres: hole027.sph

 Monte Carlo conditions:
  no of steps:  1000
  maximum displacement   0.100 angs
  'kT' initial   0.100 angs
 The spherebox and capsule options are turned off.
 (No molqpt card so will not write qpt file of the molecule)
 IGNORE card read so will ignore residue types: SOL WAT TIP HOH K   NA  CL
 no SHORTO card read so will produce full textual output
 As no PEGRAT card was found will not produce PEG polymer exclusion graph
 (No 2DMAPS card specified so will not produce 2D property maps)
 Have not found a CUT card.  Normal calculation using
   Cutoff lists with a cutsize=       1.000
   (if you wish to turn off option use a CUT -1 card)

 Have read     7 bond radius records and
              16 vdW radius records.
 From file: simple2.rad

 Have read   126 atom records.
 From file: /tmp/2550260.1.long/tmpv8xashjr.pdb
 Will not produce graphical output

 Have opened file for pdb format output of sphere centres:  hole027.sph

  Seed integer used by ran # generator on this run      31415

 
 S/R cguess will try to guess CPOINT and/or CVECT
 
 THESE GUESSES MAY WELL BE WRONG!!!!
 Routine relies on having a reasonably symmetric
 channel oriented along x, y or z vector
 YOU ARE STRONGLY ADVISED TO CHECK THE RESULTS
                       WITH MOLECULAR GRAPHICS
 testing points from cpoint in X, Y then Z direction
   point                   pore radius
direction     1
  35.135  39.413  40.248    -0.649
  36.135  39.413  40.248    -1.189
  37.135  39.413  40.248    -1.145
  38.135  39.413  40.248    -0.250
  39.135  39.413  40.248     0.042
  40.135  39.413  40.248     0.369
  41.135  39.413  40.248    -0.594
  42.135  39.413  40.248    -0.783
  43.135  39.413  40.248    -0.496
  44.135  39.413  40.248    -0.829
  45.135  39.413  40.248    -0.514
 Average pore radius along the line=     -0.549
direction     2
  40.135  34.413  40.248    -0.068
  40.135  35.413  40.248     0.346
  40.135  36.413  40.248     1.082
  40.135  37.413  40.248     0.561
  40.135  38.413  40.248     0.240
  40.135  39.413  40.248     0.369
  40.135  40.413  40.248     0.580
  40.135  41.413  40.248     0.993
  40.135  42.413  40.248     1.652
  40.135  43.413  40.248     2.112
  40.135  44.413  40.248     2.141
 Average pore radius along the line=      0.910
direction     3
  40.135  39.413  35.248     1.229
  40.135  39.413  36.248     1.326
  40.135  39.413  37.248     1.221
  40.135  39.413  38.248     0.602
  40.135  39.413  39.248     0.264
  40.135  39.413  40.248     0.369
  40.135  39.413  41.248    -0.056
  40.135  39.413  42.248    -0.204
  40.135  39.413  43.248     0.199
  40.135  39.413  44.248    -0.036
  40.135  39.413  45.248    -0.279
 Average pore radius along the line=      0.421
 Best direction is found to be     2
(1=X,2=Y,3=Z)
 s/r cguess has produced initial values for cpoint &/or cvect:
CPOINT      40.1345     39.4128     40.2477
CVECT        0.0000      1.0000      0.0000
 THESE GUESSES MAY WELL BE WRONG!!!!
 Routine relies on having a reasonably symmetric
 channel oriented along x, y or z vector
 YOU ARE STRONGLY ADVISED TO CHECK THE RESULTS
                       WITH MOLECULAR GRAPHICS
 
 
  Some routines (e.g. conn) need vectors normal to cvect: 
     EAST Zero degrees angle is along vector    1.000   0.000   0.000
     NORTH  90 degrees angle is along vector    0.000   0.000   1.000
 highest radius point found:
  at point   39.115  39.413  37.844
  closest atom surface    1.644   C54 ASB X    1
  2nd closest surface     1.648   H54 ASB X    1
  found on step  999
  this is also current point
  no. of rejections          362
 stored as     0

 highest radius point found:
  at point   38.165  39.613  33.819
  closest atom surface    3.324   O4  ASB X    1
  2nd closest surface     3.331   C13 ASB X    1
  found on step  997
  this is also current point
  no. of rejections          353
 stored as     1

 highest radius point found:
  at point   38.316  39.813  32.220
  closest atom surface    3.678   C13 ASB X    1
  2nd closest surface     3.682   H22 ASB X    1
  found on step  998
  this is also current point
  no. of rejections          336
 stored as     2

 highest radius point found:
  at point   39.042  40.013  27.580
  closest atom surface    6.407   C13 ASB X    1
  2nd closest surface     6.420   H22 ASB X    1
  found on step  999
  this is also current point
  no. of rejections          307
 stored as     3

 highest radius point found:
  at point   39.486  40.213  17.451
  closest atom surface   15.352   H22 ASB X    1
  2nd closest surface    15.407   C24 ASB X    1
  found on step  999
  this is also current point
  no. of rejections          266
 stored as     4

 highest radius point found:
  at point   40.270  40.413   7.990
  closest atom surface   24.590   C24 ASB X    1
  2nd closest surface    24.601   H22 ASB X    1
  found on step 1000
  this is also current point
  no. of rejections          281
 This is an end! (radius above  22.0 angs)
 highest radius point found:
  at point   38.223  39.213  34.977
  closest atom surface    3.065   O4  ASB X    1
  2nd closest surface     3.068   C14 ASB X    1
  found on step  722
 current point:
  at point   38.286  39.213  34.541
  closest atom surface    3.054   C14 ASB X    1
  2nd closest surface     3.054   O4  ASB X    1
  found on step  940
  no. of rejections          361
 stored as    -1

 highest radius point found:
  at point   38.282  39.013  35.175
  closest atom surface    2.978   O4  ASB X    1
  2nd closest surface     2.978   C14 ASB X    1
  found on step  310
 current point:
  at point   38.285  39.013  35.159
  closest atom surface    2.976   C14 ASB X    1
  2nd closest surface     2.977   O4  ASB X    1
  found on step  934
  no. of rejections          357
 stored as    -2

 highest radius point found:
  at point   38.340  38.813  35.335
  closest atom surface    2.898   C16 ASB X    1
  2nd closest surface     2.898   O4  ASB X    1
  found on step  915
  this is also current point
  no. of rejections          392
 stored as    -3

 highest radius point found:
  at point   38.344  38.613  35.496
  closest atom surface    2.797   O4  ASB X    1
  2nd closest surface     2.797   C16 ASB X    1
  found on step  457
 current point:
  at point   38.388  38.613  35.177
  closest atom surface    2.747   C16 ASB X    1
  2nd closest surface     2.747   O4  ASB X    1
  found on step  946
  no. of rejections          363
 stored as    -4

 highest radius point found:
  at point   38.348  38.413  35.665
  closest atom surface    2.709   C30 ASB X    1
  2nd closest surface     2.709   C16 ASB X    1
  found on step  965
  this is also current point
  no. of rejections          362
 stored as    -5

 highest radius point found:
  at point   38.389  38.213  35.569
  closest atom surface    2.568   C21 ASB X    1
  2nd closest surface     2.569   C16 ASB X    1
  found on step  865
 current point:
  at point   38.387  38.213  35.578
  closest atom surface    2.567   C21 ASB X    1
  2nd closest surface     2.572   C16 ASB X    1
  found on step  945
  no. of rejections          316
 stored as    -6

 highest radius point found:
  at point   38.439  38.013  35.368
  closest atom surface    2.420   C21 ASB X    1
  2nd closest surface     2.422   C16 ASB X    1
  found on step  898
  this is also current point
  no. of rejections          320
 stored as    -7

 highest radius point found:
  at point   38.491  37.813  35.178
  closest atom surface    2.284   C21 ASB X    1
  2nd closest surface     2.287   C16 ASB X    1
  found on step  983
  this is also current point
  no. of rejections          271
 stored as    -8

 highest radius point found:
  at point   38.547  37.613  34.985
  closest atom surface    2.165   C16 ASB X    1
  2nd closest surface     2.165   C21 ASB X    1
  found on step  990
  this is also current point
  no. of rejections          273
 stored as    -9

 highest radius point found:
  at point   39.247  37.413  26.663
  closest atom surface    6.518   H22 ASB X    1
  2nd closest surface     6.544   C24 ASB X    1
  found on step 1000
  this is also current point
  no. of rejections          315
 stored as   -10

 highest radius point found:
  at point   40.169  37.213  16.279
  closest atom surface   16.233   C24 ASB X    1
  2nd closest surface    16.295   H22 ASB X    1
  found on step 1000
  this is also current point
  no. of rejections          279
 stored as   -11

 highest radius point found:
  at point   41.909  37.013   3.381
  closest atom surface   29.010   H14 ASB X    1
  2nd closest surface    29.086   C24 ASB X    1
  found on step 1000
  this is also current point
  no. of rejections          275
 This is an end! (radius above  22.0 angs)
 
 N.b. Graph information routine (HOGRAP) differs 
        markedly from previous versions!
       Information now is written from -ve end
       to +ve in one pass
 
 Explanation of the meaning of each column: 
 First column "cenxyz.cvec" is the coordinate in the
   direction of the channel vector i.e. if the channel
   vector is in z (0 0 1) then it is the z coordinate.
 The second column "radius" is the hole pore radius 
   (as defined in the Biophys J 1993) article).
 The third column "cen_line_D" is the distance 
   measured along the pore centre line - with the 
   first point found set to zero. This was the first
   thing that I used to measure the distance along a pore
   but "cenxyz.cvec" is a much better general measure. 
   However, by comparing changes in this distance to changes in '   "cenxyz.cvec" one can get a measure of how straight a 
   channel is.
 The fourth column "sum{s/(area)}" is useful in conductance
   prediction -
   basically it is the sum of the thickness of each slab
   divided by its area. HOLE uses this measure to estimate
   the macroscopic conductance of a channel.
 If any of this worries you one can see the "raw" results
   of a standard hole run by producing a sphpdb file and 
    directly looking at the results.
 cenxyz.cvec      radius  cen_line_D sum{s/(area point sourc
    37.21283    16.23345   -23.93559     0.00012   (sampled)
    37.31283    11.24777   -18.72201     0.00037 (mid-point)
    37.41283     6.51833   -13.50842     0.00112   (sampled)
    37.51283     3.52683    -9.33197     0.00368 (mid-point)
    37.61283     2.16500    -5.15552     0.01047   (sampled)
    37.71283     2.22257    -5.01360     0.01692 (mid-point)
    37.81283     2.28396    -4.87168     0.02302   (sampled)
    37.91283     2.35009    -4.73129     0.02878 (mid-point)
    38.01283     2.41982    -4.59091     0.03422   (sampled)
    38.11283     2.49237    -4.44706     0.03934 (mid-point)
    38.21283     2.56841    -4.30322     0.04417   (sampled)
    38.31283     2.63806    -4.19034     0.04874 (mid-point)
    38.41283     2.70885    -4.07747     0.05308   (sampled)
    38.51283     2.75122    -3.94648     0.05728 (mid-point)
    38.61283     2.79681    -3.81548     0.06135   (sampled)
    38.71283     2.84590    -3.68708     0.06528 (mid-point)
    38.81283     2.89790    -3.55869     0.06907   (sampled)
    38.91283     2.93637    -3.42733     0.07277 (mid-point)
    39.01283     2.97807    -3.29597     0.07635   (sampled)
    39.11283     3.01978    -3.15237     0.07984 (mid-point)
    39.21283     3.06550    -3.00877     0.08323   (sampled)
    39.31283     2.17702    -1.50439     0.08995 (mid-point)
    39.41283     1.64427    -0.00000     0.10172   (sampled)
    39.51283     2.60243     2.07010     0.10642 (mid-point)
    39.61283     3.32373     4.14020     0.10930   (sampled)
    39.71283     3.44548     4.94942     0.11198 (mid-point)
    39.81283     3.67769     5.75864     0.11434   (sampled)
    39.91283     4.74170     8.10893     0.11575 (mid-point)
    40.01283     6.40694    10.45921     0.11653   (sampled)
    40.11283    10.64069    15.52967     0.11681 (mid-point)
    40.21283    15.35158    20.60013     0.11695   (sampled)

 Minimum radius found:      1.644 angstroms.



 For spherical probe approach, The geometric factor
         F= sum(ds/area) along channel is    0.117 angstroms**-1
 This yields a macroscopic predicted molar conductance of:
   (1/rho)*(100/F)= (860/rho) pS,
   where rho is the conductivity of 1M permeant ion in ohm m.
 N.B. this is a macroscopic conductance - an overestimate 
 Empirically corrected conductances currently only available
 With the CAPSULE option (although its not that stable!)
 For 1M KCl rho= 1/12 (ohm m), So Gmacro= 10000 pS/M.
  (TAG      1   Rmin=     1.64427   Gmacro= 10261.21927 Conn_Gmacro=    -1.00000 ).
 HOLE: normal completion
