 *** Program HOLE ***
 
 If results of this run are reported or published, please
 cite the publication listed below.
 For the HOLE program:
   Smart, O.S., Goodfellow, J.M., Wallace, B.A. (1993). 
   The pore dimensions of gramicidin A. 
   Biophys. J., 65, 2455-2460.
 
 Originally written by Oliver Smart at Birkbeck College from April 1992.
 Copyright 1993-2005 Oliver Smart
 Copyright 2014-2015 SmartSci Limited.
 Copyright 2016 Oliver Smart.
 
 For help on HOLE suite see  http://www.holeprogram.org/
 
 HOLE release 2.2.005 (07 August 2016) 
 
 usage subject to Apache License, Version 2.0 
 see http://www.apache.org/licenses/LICENSE-2.0 

 Control variables read:

! Input file for Oliver Smart's HOLE program
! written by MDAnalysis.analysis.hole2.HoleAnalysis
! for a Universe
! u = mda.Universe(/afs/crc.nd.edu/user/m/mfarshad/Private/ML-new/traj/host-41/h
!    /afs/crc.nd.edu/user/m/mfarshad/Private/ML-new/traj/host-41/host_41.trr
!   )
! Frame 52

COORD  /tmp/2550189.1.long/tmpnt8plzo5.pdb
RADIUS simple2.rad
SPHPDB hole052.sph
SAMPLE 0.200000
ENDRAD 22.000000
IGNORE SOL WAT TIP HOH K   NA  CL
SHORTO 0
RASEED 31415
CPOINT 39.3408671643 41.3674563550 40.0746741802


 WARNING have not found a CVECT record - will try to guess
 Input pdb filename read as:    '/tmp/2550189.1.long/tmpnt8plzo5.pdb'
 Input vdW radius file read as: 'simple2.rad'
 point in channel:   39.341  41.367  40.075
 channel vector:   ************************
 sampling distance between planes:    0.200

 graphics conditions:
 binary plot output file name: NONE
 Dot density:    10
 Draw dots?           T
 Draw close contacts? F
 Draw centre line?    T
 Produce spikes rather than dots? F
 Seed for random number generator:     31415 (0 means value set by program)
 Radius above which a result is regarded as an 'end':  22.000
 Pdb format file for sphere centres: hole052.sph

 Monte Carlo conditions:
  no of steps:  1000
  maximum displacement   0.100 angs
  'kT' initial   0.100 angs
 The spherebox and capsule options are turned off.
 (No molqpt card so will not write qpt file of the molecule)
 IGNORE card read so will ignore residue types: SOL WAT TIP HOH K   NA  CL
 no SHORTO card read so will produce full textual output
 As no PEGRAT card was found will not produce PEG polymer exclusion graph
 (No 2DMAPS card specified so will not produce 2D property maps)
 Have not found a CUT card.  Normal calculation using
   Cutoff lists with a cutsize=       1.000
   (if you wish to turn off option use a CUT -1 card)

 Have read     7 bond radius records and
              16 vdW radius records.
 From file: simple2.rad

 Have read   188 atom records.
 From file: /tmp/2550189.1.long/tmpnt8plzo5.pdb
 Will not produce graphical output

 Have opened file for pdb format output of sphere centres:  hole052.sph

  Seed integer used by ran # generator on this run      31415

 
 S/R cguess will try to guess CPOINT and/or CVECT
 
 THESE GUESSES MAY WELL BE WRONG!!!!
 Routine relies on having a reasonably symmetric
 channel oriented along x, y or z vector
 YOU ARE STRONGLY ADVISED TO CHECK THE RESULTS
                       WITH MOLECULAR GRAPHICS
 testing points from cpoint in X, Y then Z direction
   point                   pore radius
direction     1
  34.341  41.367  40.075     0.535
  35.341  41.367  40.075     0.052
  36.341  41.367  40.075    -0.375
  37.341  41.367  40.075    -0.196
  38.341  41.367  40.075    -0.235
  39.341  41.367  40.075    -0.176
  40.341  41.367  40.075    -0.654
  41.341  41.367  40.075    -0.815
  42.341  41.367  40.075    -0.867
  43.341  41.367  40.075    -1.695
  44.341  41.367  40.075    -0.922
 Average pore radius along the line=     -0.486
direction     2
  39.341  36.367  40.075     0.003
  39.341  37.367  40.075     0.216
  39.341  38.367  40.075     0.109
  39.341  39.367  40.075    -0.128
  39.341  40.367  40.075     0.027
  39.341  41.367  40.075    -0.176
  39.341  42.367  40.075    -0.421
  39.341  43.367  40.075    -0.527
  39.341  44.367  40.075    -0.381
  39.341  45.367  40.075     0.123
  39.341  46.367  40.075     0.157
 Average pore radius along the line=     -0.091
direction     3
  39.341  41.367  35.075     1.166
  39.341  41.367  36.075     0.320
  39.341  41.367  37.075    -0.375
  39.341  41.367  38.075    -0.701
  39.341  41.367  39.075    -0.383
  39.341  41.367  40.075    -0.176
  39.341  41.367  41.075    -0.786
  39.341  41.367  42.075    -1.139
  39.341  41.367  43.075    -0.519
  39.341  41.367  44.075     0.394
  39.341  41.367  45.075     0.293
 Average pore radius along the line=     -0.173
 Best direction is found to be     2
(1=X,2=Y,3=Z)
 s/r cguess has produced initial values for cpoint &/or cvect:
CPOINT      39.3409     41.3675     40.0747
CVECT        0.0000      1.0000      0.0000
 THESE GUESSES MAY WELL BE WRONG!!!!
 Routine relies on having a reasonably symmetric
 channel oriented along x, y or z vector
 YOU ARE STRONGLY ADVISED TO CHECK THE RESULTS
                       WITH MOLECULAR GRAPHICS
 
 
  Some routines (e.g. conn) need vectors normal to cvect: 
     EAST Zero degrees angle is along vector    1.000   0.000   0.000
     NORTH  90 degrees angle is along vector    0.000   0.000   1.000
 highest radius point found:
  at point   39.578  41.367  39.688
  closest atom surface    0.100   C64 41  X    1
  2nd closest surface     0.100   C78 41  X    1
  found on step  857
 current point:
  at point   39.593  41.367  39.689
  closest atom surface    0.097   C58 41  X    1
  2nd closest surface     0.098   C78 41  X    1
  found on step  898
  no. of rejections          391
 stored as     0

 highest radius point found:
  at point   39.651  41.567  39.597
  closest atom surface    0.092   C58 41  X    1
  2nd closest surface     0.094   C78 41  X    1
  found on step    9
 current point:
  at point   37.340  41.567  40.340
  closest atom surface    0.086   C6  41  X    1
  2nd closest surface     0.232   C77 41  X    1
  found on step  951
  no. of rejections          392
 stored as     1

 highest radius point found:
  at point   39.619  41.767  39.519
  closest atom surface    0.111   C5  41  X    1
  2nd closest surface     0.112   C78 41  X    1
  found on step   34
 current point:
  at point   39.690  41.767  39.514
  closest atom surface    0.110   C78 41  X    1
  2nd closest surface     0.110   C65 41  X    1
  found on step  945
  no. of rejections          359
 stored as     2

 highest radius point found:
  at point   39.907  41.967  39.542
  closest atom surface    0.039   C78 41  X    1
  2nd closest surface     0.039   C65 41  X    1
  found on step  949
  this is also current point
  no. of rejections          361
 stored as     3

 highest radius point found:
  at point   40.119  42.167  39.562
  closest atom surface    0.003   C65 41  X    1
  2nd closest surface     0.005   C31 41  X    1
  found on step  993
  this is also current point
  no. of rejections          413
 stored as     4

 highest radius point found:
  at point   40.241  42.367  39.601
  closest atom surface   -0.002   C65 41  X    1
  2nd closest surface    -0.001   C31 41  X    1
  found on step  945
  this is also current point
  no. of rejections          380
 stored as     5

 highest radius point found:
  at point   40.560  42.567  39.551
  closest atom surface    0.034   C31 41  X    1
  2nd closest surface     0.035   C65 41  X    1
  found on step  633
 current point:
  at point   40.486  42.567  39.583
  closest atom surface    0.027   C65 41  X    1
  2nd closest surface     0.028   C31 41  X    1
  found on step  958
  no. of rejections          382
 stored as     6

 highest radius point found:
  at point   40.537  42.767  39.656
  closest atom surface    0.081   C31 41  X    1
  2nd closest surface     0.081   C65 41  X    1
  found on step  953
  this is also current point
  no. of rejections          336
 stored as     7

 highest radius point found:
  at point   40.603  42.967  39.629
  closest atom surface    0.079   C65 41  X    1
  2nd closest surface     0.079   C71 41  X    1
  found on step  750
 current point:
  at point   40.586  42.967  39.638
  closest atom surface    0.077   C71 41  X    1
  2nd closest surface     0.078   C65 41  X    1
  found on step  933
  no. of rejections          380
 stored as     8

 highest radius point found:
  at point   40.648  43.167  39.509
  closest atom surface    0.011   C65 41  X    1
  2nd closest surface     0.018   C71 41  X    1
  found on step   90
 current point:
  at point   38.379  43.167  40.201
  closest atom surface    0.008   C72 41  X    1
  2nd closest surface     0.030   C5  41  X    1
  found on step  933
  no. of rejections          384
 stored as     9

 highest radius point found:
  at point   41.385  43.367  38.803
  closest atom surface    0.085   C79 41  X    1
  2nd closest surface     0.085   C56 41  X    1
  found on step  951
  this is also current point
  no. of rejections          380
 stored as    10

 highest radius point found:
  at point   41.380  43.567  38.858
  closest atom surface    0.017   C66 41  X    1
  2nd closest surface     0.018   C54 41  X    1
  found on step    5
 current point:
  at point   41.421  43.567  38.848
  closest atom surface    0.011   C54 41  X    1
  2nd closest surface     0.012   C79 41  X    1
  found on step  930
  no. of rejections          340
 stored as    11

 highest radius point found:
  at point   41.834  43.767  38.803
  closest atom surface   -0.064   C54 41  X    1
  2nd closest surface    -0.063   C55 41  X    1
  found on step  832
 current point:
  at point   41.809  43.767  38.811
  closest atom surface   -0.065   C54 41  X    1
  2nd closest surface    -0.065   C79 41  X    1
  found on step  983
  no. of rejections          400
 stored as    12

 highest radius point found:
  at point   41.335  43.967  39.006
  closest atom surface   -0.062   C79 41  X    1
  2nd closest surface    -0.061   C54 41  X    1
  found on step  606
 current point:
  at point   42.236  43.967  38.812
  closest atom surface   -0.073   C55 41  X    1
  2nd closest surface    -0.072   C79 41  X    1
  found on step  991
  no. of rejections          390
 stored as    13

 highest radius point found:
  at point   41.304  44.167  39.078
  closest atom surface   -0.064   C54 41  X    1
  2nd closest surface    -0.064   C66 41  X    1
  found on step  823
 current point:
  at point   41.301  44.167  39.085
  closest atom surface   -0.064   C79 41  X    1
  2nd closest surface    -0.061   C66 41  X    1
  found on step  951
  no. of rejections          398
 stored as    14

 highest radius point found:
  at point   41.358  44.367  39.132
  closest atom surface   -0.059   C54 41  X    1
  2nd closest surface    -0.058   C71 41  X    1
  found on step  676
 current point:
  at point   41.318  44.367  39.129
  closest atom surface   -0.063   C54 41  X    1
  2nd closest surface    -0.062   C71 41  X    1
  found on step  891
  no. of rejections          401
 stored as    15

 highest radius point found:
  at point   41.511  44.567  39.159
  closest atom surface   -0.047   C79 41  X    1
  2nd closest surface    -0.047   C54 41  X    1
  found on step  947
  this is also current point
  no. of rejections          362
 stored as    16

 highest radius point found:
  at point   41.636  44.767  39.191
  closest atom surface    0.000   C54 41  X    1
  2nd closest surface     0.001   C71 41  X    1
  found on step  982
  this is also current point
  no. of rejections          387
 stored as    17

 highest radius point found:
  at point   41.837  44.967  39.204
  closest atom surface    0.077   C54 41  X    1
  2nd closest surface     0.077   C79 41  X    1
  found on step  966
  this is also current point
  no. of rejections          402
 stored as    18

 highest radius point found:
  at point   41.773  45.167  39.236
  closest atom surface    0.127   C69 41  X    1
  2nd closest surface     0.128   C54 41  X    1
  found on step  801
 current point:
  at point   41.804  45.167  39.226
  closest atom surface    0.126   C54 41  X    1
  2nd closest surface     0.127   C69 41  X    1
  found on step  951
  no. of rejections          379
 stored as    19

 highest radius point found:
  at point   41.677  45.367  39.157
  closest atom surface    0.093   C54 41  X    1
  2nd closest surface     0.097   C69 41  X    1
  found on step  164
 current point:
  at point   41.930  45.367  39.088
  closest atom surface    0.087   C68 41  X    1
  2nd closest surface     0.088   C69 41  X    1
  found on step  933
  no. of rejections          371
 stored as    20

 highest radius point found:
  at point   41.538  45.567  39.096
  closest atom surface    0.096   C69 41  X    1
  2nd closest surface     0.096   C54 41  X    1
  found on step  958
  this is also current point
  no. of rejections          401
 stored as    21

 highest radius point found:
  at point   40.863  45.767  38.989
  closest atom surface    0.136   C70 41  X    1
  2nd closest surface     0.140   C54 41  X    1
  found on step  287
 current point:
  at point   41.421  45.767  39.021
  closest atom surface    0.120   C54 41  X    1
  2nd closest surface     0.129   C69 41  X    1
  found on step  984
  no. of rejections          391
 stored as    22

 highest radius point found:
  at point   40.944  45.967  38.961
  closest atom surface    0.162   C53 41  X    1
  2nd closest surface     0.164   C70 41  X    1
  found on step  799
 current point:
  at point   40.950  45.967  38.965
  closest atom surface    0.161   C70 41  X    1
  2nd closest surface     0.163   C53 41  X    1
  found on step  972
  no. of rejections          372
 stored as    23

 highest radius point found:
  at point   41.111  46.167  39.003
  closest atom surface    0.148   C53 41  X    1
  2nd closest surface     0.148   C70 41  X    1
  found on step  894
  this is also current point
  no. of rejections          366
 stored as    24

 highest radius point found:
  at point   41.124  46.367  39.072
  closest atom surface    0.126   N4  41  X    1
  2nd closest surface     0.128   C70 41  X    1
  found on step  495
 current point:
  at point   41.135  46.367  39.068
  closest atom surface    0.124   N4  41  X    1
  2nd closest surface     0.129   C69 41  X    1
  found on step  871
  no. of rejections          386
 stored as    25

 highest radius point found:
  at point   41.051  46.567  39.152
  closest atom surface    0.117   N4  41  X    1
  2nd closest surface     0.119   C69 41  X    1
  found on step  907
  this is also current point
  no. of rejections          386
 stored as    26

 highest radius point found:
  at point   40.960  46.767  39.232
  closest atom surface    0.135   N4  41  X    1
  2nd closest surface     0.137   C70 41  X    1
  found on step  746
 current point:
  at point   40.966  46.767  39.235
  closest atom surface    0.134   C70 41  X    1
  2nd closest surface     0.136   C69 41  X    1
  found on step  997
  no. of rejections          410
 stored as    27

 highest radius point found:
  at point   40.887  46.967  39.312
  closest atom surface    0.178   C1  41  X    1
  2nd closest surface     0.180   C70 41  X    1
  found on step  985
  this is also current point
  no. of rejections          386
 stored as    28

 highest radius point found:
  at point   40.822  47.167  39.408
  closest atom surface    0.228   C69 41  X    1
  2nd closest surface     0.228   C1  41  X    1
  found on step  541
 current point:
  at point   40.813  47.167  39.420
  closest atom surface    0.227   C70 41  X    1
  2nd closest surface     0.227   C69 41  X    1
  found on step  962
  no. of rejections          357
 stored as    29

 highest radius point found:
  at point   40.752  47.367  39.507
  closest atom surface    0.300   C1  41  X    1
  2nd closest surface     0.300   C69 41  X    1
  found on step  949
  this is also current point
  no. of rejections          369
 stored as    30

 highest radius point found:
  at point   34.893  47.567  41.452
  closest atom surface    2.873   C74 41  X    1
  2nd closest surface     2.900   H80 41  X    1
  found on step  997
  this is also current point
  no. of rejections          247
 stored as    31

 highest radius point found:
  at point   26.527  47.767  40.060
  closest atom surface    7.617   H30 41  X    1
  2nd closest surface     7.629   C23 41  X    1
  found on step  999
  this is also current point
  no. of rejections          197
 stored as    32

 highest radius point found:
  at point   17.568  47.967  38.514
  closest atom surface   14.653   H27 41  X    1
  2nd closest surface    14.660   C23 41  X    1
  found on step  998
  this is also current point
  no. of rejections          228
 stored as    33

 highest radius point found:
  at point    7.572  48.167  38.085
  closest atom surface   23.940   C23 41  X    1
  2nd closest surface    23.950   H27 41  X    1
  found on step 1000
  this is also current point
  no. of rejections          243
 This is an end! (radius above  22.0 angs)
 highest radius point found:
  at point   39.560  41.167  39.820
  closest atom surface    0.090   C64 41  X    1
  2nd closest surface     0.090   C31 41  X    1
  found on step  781
 current point:
  at point   39.547  41.167  39.823
  closest atom surface    0.088   C64 41  X    1
  2nd closest surface     0.090   C78 41  X    1
  found on step  940
  no. of rejections          386
 stored as    -1

 highest radius point found:
  at point   39.107  40.967  40.086
  closest atom surface    0.130   C64 41  X    1
  2nd closest surface     0.130   C78 41  X    1
  found on step  421
 current point:
  at point   39.101  40.967  40.085
  closest atom surface    0.129   C64 41  X    1
  2nd closest surface     0.130   C6  41  X    1
  found on step  980
  no. of rejections          388
 stored as    -2

 highest radius point found:
  at point   36.826  40.767  40.768
  closest atom surface    0.273   C75 41  X    1
  2nd closest surface     0.274   C7  41  X    1
  found on step  881
  this is also current point
  no. of rejections          355
 stored as    -3

 highest radius point found:
  at point   37.208  40.567  40.626
  closest atom surface    0.248   C27 41  X    1
  2nd closest surface     0.249   C7  41  X    1
  found on step  920
  this is also current point
  no. of rejections          418
 stored as    -4

 highest radius point found:
  at point   37.292  40.367  40.525
  closest atom surface    0.233   C7  41  X    1
  2nd closest surface     0.233   C27 41  X    1
  found on step  944
  this is also current point
  no. of rejections          420
 stored as    -5

 highest radius point found:
  at point   37.363  40.167  40.414
  closest atom surface    0.231   C7  41  X    1
  2nd closest surface     0.255   C27 41  X    1
  found on step   21
 current point:
  at point   37.963  40.167  40.185
  closest atom surface    0.152   C6  41  X    1
  2nd closest surface     0.153   C28 41  X    1
  found on step 1000
  no. of rejections          406
 stored as    -6

 highest radius point found:
  at point   37.682  39.967  40.222
  closest atom surface    0.251   C28 41  X    1
  2nd closest surface     0.256   C9  41  X    1
  found on step  735
 current point:
  at point   37.705  39.967  40.210
  closest atom surface    0.250   C28 41  X    1
  2nd closest surface     0.253   C9  41  X    1
  found on step  991
  no. of rejections          379
 stored as    -7

 highest radius point found:
  at point   37.557  39.767  40.361
  closest atom surface    0.214   C27 41  X    1
  2nd closest surface     0.215   C9  41  X    1
  found on step  951
  this is also current point
  no. of rejections          385
 stored as    -8

 highest radius point found:
  at point   37.702  39.567  40.395
  closest atom surface    0.170   C9  41  X    1
  2nd closest surface     0.175   C28 41  X    1
  found on step  595
 current point:
  at point   37.742  39.567  40.379
  closest atom surface    0.167   C9  41  X    1
  2nd closest surface     0.169   C28 41  X    1
  found on step  965
  no. of rejections          378
 stored as    -9

 highest radius point found:
  at point   38.094  39.367  40.314
  closest atom surface    0.157   C28 41  X    1
  2nd closest surface     0.157   C9  41  X    1
  found on step  990
  this is also current point
  no. of rejections          383
 stored as   -10

 highest radius point found:
  at point   35.858  39.167  40.846
  closest atom surface    0.371   C25 41  X    1
  2nd closest surface     0.373   C27 41  X    1
  found on step  984
  this is also current point
  no. of rejections          398
 stored as   -11

 highest radius point found:
  at point   35.910  38.967  40.820
  closest atom surface    0.388   C25 41  X    1
  2nd closest surface     0.388   C8  41  X    1
  found on step  989
  this is also current point
  no. of rejections          370
 stored as   -12

 highest radius point found:
  at point   35.966  38.767  40.795
  closest atom surface    0.424   C25 41  X    1
  2nd closest surface     0.424   C27 41  X    1
  found on step  965
  this is also current point
  no. of rejections          372
 stored as   -13

 highest radius point found:
  at point   36.020  38.567  40.770
  closest atom surface    0.475   O2  41  X    1
  2nd closest surface     0.477   O9  41  X    1
  found on step  998
  this is also current point
  no. of rejections          376
 stored as   -14

 highest radius point found:
  at point   35.995  38.367  40.872
  closest atom surface    0.395   O2  41  X    1
  2nd closest surface     0.395   O9  41  X    1
  found on step  957
  this is also current point
  no. of rejections          360
 stored as   -15

 highest radius point found:
  at point   35.960  38.167  40.979
  closest atom surface    0.339   O9  41  X    1
  2nd closest surface     0.339   O2  41  X    1
  found on step  934
  this is also current point
  no. of rejections          359
 stored as   -16

 highest radius point found:
  at point   35.929  37.967  41.084
  closest atom surface    0.308   O2  41  X    1
  2nd closest surface     0.308   O9  41  X    1
  found on step  886
  this is also current point
  no. of rejections          387
 stored as   -17

 highest radius point found:
  at point   35.920  37.767  41.174
  closest atom surface    0.292   O2  41  X    1
  2nd closest surface     0.296   O9  41  X    1
  found on step  959
  this is also current point
  no. of rejections          399
 stored as   -18

 highest radius point found:
  at point   35.944  37.567  41.248
  closest atom surface    0.292   O2  41  X    1
  2nd closest surface     0.293   O9  41  X    1
  found on step  981
  this is also current point
  no. of rejections          378
 stored as   -19

 highest radius point found:
  at point   35.955  37.367  41.327
  closest atom surface    0.319   O2  41  X    1
  2nd closest surface     0.320   O9  41  X    1
  found on step  384
 current point:
  at point   35.957  37.367  41.327
  closest atom surface    0.319   O9  41  X    1
  2nd closest surface     0.319   O2  41  X    1
  found on step  921
  no. of rejections          364
 stored as   -20

 highest radius point found:
  at point   35.959  37.167  41.414
  closest atom surface    0.369   H33 41  X    1
  2nd closest surface     0.371   O9  41  X    1
  found on step  988
  this is also current point
  no. of rejections          374
 stored as   -21

 highest radius point found:
  at point   35.959  36.967  41.503
  closest atom surface    0.445   O9  41  X    1
  2nd closest surface     0.446   H33 41  X    1
  found on step  972
  this is also current point
  no. of rejections          363
 stored as   -22

 highest radius point found:
  at point   35.954  36.767  41.588
  closest atom surface    0.544   O9  41  X    1
  2nd closest surface     0.545   O2  41  X    1
  found on step  897
  this is also current point
  no. of rejections          385
 stored as   -23

 highest radius point found:
  at point   39.233  36.567  49.509
  closest atom surface    5.855   S4  41  X    1
  2nd closest surface     5.888   H35 41  X    1
  found on step 1000
  this is also current point
  no. of rejections          229
 stored as   -24

 highest radius point found:
  at point   38.417  36.367  60.377
  closest atom surface   14.237   S4  41  X    1
  2nd closest surface    14.521   S3  41  X    1
  found on step  996
  this is also current point
  no. of rejections          224
 stored as   -25

 highest radius point found:
  at point   37.749  36.167  68.253
  closest atom surface   21.656   S4  41  X    1
  2nd closest surface    21.961   S3  41  X    1
  found on step  996
  this is also current point
  no. of rejections          288
 stored as   -26

 highest radius point found:
  at point   36.605  35.967  79.415
  closest atom surface   32.541   S4  41  X    1
  2nd closest surface    32.868   S3  41  X    1
  found on step 1000
  this is also current point
  no. of rejections          274
 This is an end! (radius above  22.0 angs)
 
 N.b. Graph information routine (HOGRAP) differs 
        markedly from previous versions!
       Information now is written from -ve end
       to +ve in one pass
 
 Explanation of the meaning of each column: 
 First column "cenxyz.cvec" is the coordinate in the
   direction of the channel vector i.e. if the channel
   vector is in z (0 0 1) then it is the z coordinate.
 The second column "radius" is the hole pore radius 
   (as defined in the Biophys J 1993) article).
 The third column "cen_line_D" is the distance 
   measured along the pore centre line - with the 
   first point found set to zero. This was the first
   thing that I used to measure the distance along a pore
   but "cenxyz.cvec" is a much better general measure. 
   However, by comparing changes in this distance to changes in '   "cenxyz.cvec" one can get a measure of how straight a 
   channel is.
 The fourth column "sum{s/(area)}" is useful in conductance
   prediction -
   basically it is the sum of the thickness of each slab
   divided by its area. HOLE uses this measure to estimate
   the macroscopic conductance of a channel.
 If any of this worries you one can see the "raw" results
   of a standard hole run by producing a sphpdb file and 
    directly looking at the results.
 cenxyz.cvec      radius  cen_line_D sum{s/(area point sourc
    36.16745    21.65630   -37.82002     0.00007   (sampled)
    36.26745    17.89968   -33.86623     0.00017 (mid-point)
    36.36745    14.23697   -29.91245     0.00032   (sampled)
    36.46745     9.53126   -24.46250     0.00067 (mid-point)
    36.56745     5.85523   -19.01256     0.00160   (sampled)
    36.66745     1.88677   -14.72478     0.01054 (mid-point)
    36.76745     0.54449   -10.43700     0.11791   (sampled)
    36.86745     0.49279   -10.32837     0.24899 (mid-point)
    36.96745     0.44546   -10.21974     0.40940   (sampled)
    37.06745     0.40379   -10.11036     0.60462 (mid-point)
    37.16745     0.36929   -10.00098     0.83803   (sampled)
    37.26745     0.34118    -9.89179     1.11148 (mid-point)
    37.36745     0.31879    -9.78260     1.42470   (sampled)
    37.46745     0.30270    -9.67490     1.77210 (mid-point)
    37.56745     0.29246    -9.56719     2.14426   (sampled)
    37.66745     0.28949    -9.45989     2.52409 (mid-point)
    37.76745     0.29246    -9.35258     2.89625   (sampled)
    37.86745     0.29703    -9.24288     3.25704 (mid-point)
    37.96745     0.30774    -9.13319     3.59315   (sampled)
    38.06745     0.32021    -9.01929     3.90358 (mid-point)
    38.16745     0.33912    -8.90539     4.18037   (sampled)
    38.26745     0.36382    -8.79048     4.42085 (mid-point)
    38.36745     0.39451    -8.67557     4.62536   (sampled)
    38.46745     0.43199    -8.56263     4.79594 (mid-point)
    38.56745     0.47481    -8.44970     4.93713   (sampled)
    38.66745     0.44868    -8.34530     5.09524 (mid-point)
    38.76745     0.42411    -8.24091     5.27221   (sampled)
    38.86745     0.40357    -8.13637     5.46765 (mid-point)
    38.96745     0.38773    -8.03184     5.67939   (sampled)
    39.06745     0.37715    -7.92759     5.90317 (mid-point)
    39.16745     0.37142    -7.82334     6.13391   (sampled)
    39.26745     0.03225    -6.66980    36.74739 (mid-point)
    39.36745     0.15650    -5.51625    38.04697   (sampled)
    39.46745     0.15101    -5.29285    39.44277 (mid-point)
    39.56745     0.17033    -5.06945    40.53989   (sampled)
    39.66745     0.18872    -4.94467    41.43363 (mid-point)
    39.76745     0.21426    -4.81989    42.12700   (sampled)
    39.86745     0.23097    -4.68321    42.72370 (mid-point)
    39.96745     0.25116    -4.54653    43.22830   (sampled)
    40.06745     0.24584    -4.33530    43.75497 (mid-point)
    40.16745     0.23051    -4.12407    44.35401   (sampled)
    40.26745     0.22814    -4.00432    44.96560 (mid-point)
    40.36745     0.23265    -3.88457    45.55368   (sampled)
    40.46745     0.23672    -3.76484    46.12170 (mid-point)
    40.56745     0.24753    -3.64510    46.64122   (sampled)
    40.66745     0.24907    -3.41840    47.15432 (mid-point)
    40.76745     0.27349    -3.19170    47.57989   (sampled)
    40.86745    -0.04238    -1.99698    65.30252 (mid-point)
    40.96745     0.13013    -0.80226    67.18214   (sampled)
    41.06745     0.08979    -0.52140    71.13002 (mid-point)
    41.16745     0.08970    -0.24053    75.08614   (sampled)
    41.26745     0.09116    -0.12027    78.91634 (mid-point)
    41.36745     0.10005     0.00000    82.09596   (sampled)
    41.46745     0.09304     0.11564    85.77350 (mid-point)
    41.56745     0.09214     0.23129    89.52286   (sampled)
    41.66745     0.09996     0.33985    92.70826 (mid-point)
    41.76745     0.11110     0.44841    95.28704   (sampled)
    41.86745     0.06770     0.62397   102.23236 (mid-point)
    41.96745     0.03866     0.79953   123.53128   (sampled)
    42.06745     0.01541     0.94541   257.59609 (mid-point)
    42.16745     0.00332     1.09129  3149.48424   (sampled)
    42.26745    -0.00329     1.21022  6092.20030 (mid-point)
    42.36745    -0.00225     1.32915 12391.54867   (sampled)
    42.46745     0.00695     1.51872 13051.07074 (mid-point)
    42.56745     0.03416     1.70828 13078.35654   (sampled)
    42.66745     0.05417     1.82183 13089.20331 (mid-point)
    42.76745     0.08067     1.93539 13094.09445   (sampled)
    42.86745     0.07676     2.04168 13099.49687 (mid-point)
    42.96745     0.07862     2.14797 13104.64723   (sampled)
    43.06745     0.04117     2.26670 13123.42394 (mid-point)
    43.16745     0.01057     2.38544 13408.46788   (sampled)
    43.26745    -0.00589     2.90560 14325.33256 (mid-point)
    43.36745     0.08461     3.42577 14329.77942   (sampled)
    43.46745     0.04908     3.52954 14342.99328 (mid-point)
    43.56745     0.01690     3.63331 14454.43666   (sampled)
    43.66745    -0.04006     3.88322 14474.27222 (mid-point)
    43.76745    -0.06426     4.13314 14481.97967   (sampled)
    43.86745    -0.08581     4.42047 14486.30282 (mid-point)
    43.96745    -0.06237     4.70781 14494.48610   (sampled)
    44.06745    -0.06587     4.81522 14501.82218 (mid-point)
    44.16745    -0.06442     4.92262 14509.49166   (sampled)
    44.26745    -0.06499     5.02973 14517.02748 (mid-point)
    44.36745    -0.05914     5.13683 14526.12721   (sampled)
    44.46745    -0.05761     5.26334 14535.71786 (mid-point)
    44.56745    -0.04735     5.38985 14549.91237   (sampled)
    44.66745    -0.02719     5.50886 14592.95359 (mid-point)
    44.76745     0.00024     5.62788548680.34266   (sampled)
    44.86745     0.03358     5.77004548708.56827 (mid-point)
    44.96745     0.07686     5.91221548713.95692   (sampled)
    45.06745     0.09983     6.01835548717.15056 (mid-point)
    45.16745     0.12703     6.12449548719.12309   (sampled)
    45.26745     0.10703     6.24224548721.90195 (mid-point)
    45.36745     0.09272     6.35999548725.60434   (sampled)
    45.46745     0.09016     6.48557548729.52059 (mid-point)
    45.56745     0.09566     6.61115548732.99940   (sampled)
    45.66745     0.08417     6.96706548737.49238 (mid-point)
    45.76745     0.13581     7.32298548739.21818   (sampled)
    45.86745     0.14716     7.43168548740.68809 (mid-point)
    45.96745     0.16165     7.54039548741.90619   (sampled)
    46.06745     0.15032     7.67250548743.31486 (mid-point)
    46.16745     0.14768     7.80462548744.77432   (sampled)
    46.26745     0.13427     7.91068548746.53986 (mid-point)
    46.36745     0.12554     8.01674548748.55948   (sampled)
    46.46745     0.11784     8.13036548750.85161 (mid-point)
    46.56745     0.11704     8.24399548753.17530   (sampled)
    46.66745     0.12216     8.36106548755.30834 (mid-point)
    46.76745     0.13455     8.47812548757.06663   (sampled)
    46.86745     0.15453     8.59166548758.39955 (mid-point)
    46.96745     0.17848     8.70519548759.39874   (sampled)
    47.06745     0.19998     8.82096548760.19469 (mid-point)
    47.16745     0.22759     8.93672548760.80921   (sampled)
    47.26745     0.26088     9.05364548761.27692 (mid-point)
    47.36745     0.29990     9.17057548761.63084   (sampled)
    47.46745     0.94142    12.25886548761.66676 (mid-point)
    47.56745     2.87315    15.34715548761.67061   (sampled)
    47.66745     5.77364    19.58867548761.67157 (mid-point)
    47.76745     7.61672    23.83019548761.67212   (sampled)
    47.86745    10.82068    28.37707548761.67239 (mid-point)
    47.96745    14.65278    32.92394548761.67254   (sampled)

 Minimum radius found:     -0.086 angstroms.



 For spherical probe approach, The geometric factor
         F= sum(ds/area) along channel is ******** angstroms**-1
 This yields a macroscopic predicted molar conductance of:
   (1/rho)*(100/F)= (1.0e-6/rho) pS,
   where rho is the conductivity of 1M permeant ion in ohm m.
 N.B. this is a macroscopic conductance - an overestimate 
 Empirically corrected conductances currently only available
 With the CAPSULE option (although its not that stable!)
 For 1M KCl rho= 1/12 (ohm m), So Gmacro= 1.2e-5 pS/M.
  (TAG      1   Rmin=    -0.08581   Gmacro=     0.00001 Conn_Gmacro=    -1.00000 ).
 HOLE: normal completion
