 *** Program HOLE ***
 
 If results of this run are reported or published, please
 cite the publication listed below.
 For the HOLE program:
   Smart, O.S., Goodfellow, J.M., Wallace, B.A. (1993). 
   The pore dimensions of gramicidin A. 
   Biophys. J., 65, 2455-2460.
 
 Originally written by Oliver Smart at Birkbeck College from April 1992.
 Copyright 1993-2005 Oliver Smart
 Copyright 2014-2015 SmartSci Limited.
 Copyright 2016 Oliver Smart.
 
 For help on HOLE suite see  http://www.holeprogram.org/
 
 HOLE release 2.2.005 (07 August 2016) 
 
 usage subject to Apache License, Version 2.0 
 see http://www.apache.org/licenses/LICENSE-2.0 

 Control variables read:

! Input file for Oliver Smart's HOLE program
! written by MDAnalysis.analysis.hole2.HoleAnalysis
! for a Universe
! u = mda.Universe(/afs/crc.nd.edu/user/m/mfarshad/Private/ML-new/traj/host-41/h
!    /afs/crc.nd.edu/user/m/mfarshad/Private/ML-new/traj/host-41/host_41.trr
!   )
! Frame 20

COORD  /tmp/2550189.1.long/tmpp3217y55.pdb
RADIUS simple2.rad
SPHPDB hole020.sph
SAMPLE 0.200000
ENDRAD 22.000000
IGNORE SOL WAT TIP HOH K   NA  CL
SHORTO 0
RASEED 31415
CPOINT 39.6013235336 38.9593558717 39.7011510463


 WARNING have not found a CVECT record - will try to guess
 Input pdb filename read as:    '/tmp/2550189.1.long/tmpp3217y55.pdb'
 Input vdW radius file read as: 'simple2.rad'
 point in channel:   39.601  38.959  39.701
 channel vector:   ************************
 sampling distance between planes:    0.200

 graphics conditions:
 binary plot output file name: NONE
 Dot density:    10
 Draw dots?           T
 Draw close contacts? F
 Draw centre line?    T
 Produce spikes rather than dots? F
 Seed for random number generator:     31415 (0 means value set by program)
 Radius above which a result is regarded as an 'end':  22.000
 Pdb format file for sphere centres: hole020.sph

 Monte Carlo conditions:
  no of steps:  1000
  maximum displacement   0.100 angs
  'kT' initial   0.100 angs
 The spherebox and capsule options are turned off.
 (No molqpt card so will not write qpt file of the molecule)
 IGNORE card read so will ignore residue types: SOL WAT TIP HOH K   NA  CL
 no SHORTO card read so will produce full textual output
 As no PEGRAT card was found will not produce PEG polymer exclusion graph
 (No 2DMAPS card specified so will not produce 2D property maps)
 Have not found a CUT card.  Normal calculation using
   Cutoff lists with a cutsize=       1.000
   (if you wish to turn off option use a CUT -1 card)

 Have read     7 bond radius records and
              16 vdW radius records.
 From file: simple2.rad

 Have read   188 atom records.
 From file: /tmp/2550189.1.long/tmpp3217y55.pdb
 Will not produce graphical output

 Have opened file for pdb format output of sphere centres:  hole020.sph

  Seed integer used by ran # generator on this run      31415

 
 S/R cguess will try to guess CPOINT and/or CVECT
 
 THESE GUESSES MAY WELL BE WRONG!!!!
 Routine relies on having a reasonably symmetric
 channel oriented along x, y or z vector
 YOU ARE STRONGLY ADVISED TO CHECK THE RESULTS
                       WITH MOLECULAR GRAPHICS
 testing points from cpoint in X, Y then Z direction
   point                   pore radius
direction     1
  34.601  38.959  39.701     1.119
  35.601  38.959  39.701     0.204
  36.601  38.959  39.701    -0.607
  37.601  38.959  39.701    -0.917
  38.601  38.959  39.701    -0.536
  39.601  38.959  39.701    -1.134
  40.601  38.959  39.701    -1.171
  41.601  38.959  39.701    -1.493
  42.601  38.959  39.701    -0.718
  43.601  38.959  39.701    -0.247
  44.601  38.959  39.701     0.202
 Average pore radius along the line=     -0.482
direction     2
  39.601  33.959  39.701    -0.708
  39.601  34.959  39.701    -0.183
  39.601  35.959  39.701    -0.170
  39.601  36.959  39.701    -0.445
  39.601  37.959  39.701    -0.803
  39.601  38.959  39.701    -1.134
  39.601  39.959  39.701    -1.550
  39.601  40.959  39.701    -0.962
  39.601  41.959  39.701    -0.703
  39.601  42.959  39.701    -0.089
  39.601  43.959  39.701     0.618
 Average pore radius along the line=     -0.557
direction     3
  39.601  38.959  34.701    -0.166
  39.601  38.959  35.701    -0.505
  39.601  38.959  36.701    -1.024
  39.601  38.959  37.701    -0.602
  39.601  38.959  38.701    -0.301
  39.601  38.959  39.701    -1.134
  39.601  38.959  40.701    -1.109
  39.601  38.959  41.701    -0.413
  39.601  38.959  42.701    -0.497
  39.601  38.959  43.701    -1.210
  39.601  38.959  44.701    -1.005
 Average pore radius along the line=     -0.724
 Best direction is found to be     1
(1=X,2=Y,3=Z)
 s/r cguess has produced initial values for cpoint &/or cvect:
CPOINT      39.6013     38.9594     39.7012
CVECT        1.0000      0.0000      0.0000
 THESE GUESSES MAY WELL BE WRONG!!!!
 Routine relies on having a reasonably symmetric
 channel oriented along x, y or z vector
 YOU ARE STRONGLY ADVISED TO CHECK THE RESULTS
                       WITH MOLECULAR GRAPHICS
 
 
  Some routines (e.g. conn) need vectors normal to cvect: 
     EAST Zero degrees angle is along vector    0.000   1.000   0.000
     NORTH  90 degrees angle is along vector    0.000   0.000  -1.000
 highest radius point found:
  at point   39.601  45.871  43.048
  closest atom surface    4.257   H35 41  X    1
  2nd closest surface     4.263   S4  41  X    1
  found on step  999
  this is also current point
  no. of rejections          294
 stored as     0

 highest radius point found:
  at point   39.801  52.902  48.783
  closest atom surface   11.718   C15 41  X    1
  2nd closest surface    11.792   S3  41  X    1
  found on step 1000
  this is also current point
  no. of rejections          275
 stored as     1

 highest radius point found:
  at point   40.001  59.726  55.260
  closest atom surface   20.476   S3  41  X    1
  2nd closest surface    20.492   H14 41  X    1
  found on step  997
  this is also current point
  no. of rejections          287
 stored as     2

 highest radius point found:
  at point   40.201  67.417  63.010
  closest atom surface   30.987   S3  41  X    1
  2nd closest surface    31.124   H14 41  X    1
  found on step  998
  this is also current point
  no. of rejections          237
 This is an end! (radius above  22.0 angs)
 highest radius point found:
  at point   39.401  52.421  48.287
  closest atom surface   11.034   C15 41  X    1
  2nd closest surface    11.158   S3  41  X    1
  found on step 1000
  this is also current point
  no. of rejections          290
 stored as    -1

 highest radius point found:
  at point   39.201  60.396  55.936
  closest atom surface   21.315   H14 41  X    1
  2nd closest surface    21.317   S3  41  X    1
  found on step  997
  this is also current point
  no. of rejections          263
 stored as    -2

 highest radius point found:
  at point   39.001  68.253  63.500
  closest atom surface   31.892   S3  41  X    1
  2nd closest surface    31.911   H14 41  X    1
  found on step  998
  this is also current point
  no. of rejections          237
 This is an end! (radius above  22.0 angs)
 
 N.b. Graph information routine (HOGRAP) differs 
        markedly from previous versions!
       Information now is written from -ve end
       to +ve in one pass
 
 Explanation of the meaning of each column: 
 First column "cenxyz.cvec" is the coordinate in the
   direction of the channel vector i.e. if the channel
   vector is in z (0 0 1) then it is the z coordinate.
 The second column "radius" is the hole pore radius 
   (as defined in the Biophys J 1993) article).
 The third column "cen_line_D" is the distance 
   measured along the pore centre line - with the 
   first point found set to zero. This was the first
   thing that I used to measure the distance along a pore
   but "cenxyz.cvec" is a much better general measure. 
   However, by comparing changes in this distance to changes in '   "cenxyz.cvec" one can get a measure of how straight a 
   channel is.
 The fourth column "sum{s/(area)}" is useful in conductance
   prediction -
   basically it is the sum of the thickness of each slab
   divided by its area. HOLE uses this measure to estimate
   the macroscopic conductance of a channel.
 If any of this worries you one can see the "raw" results
   of a standard hole run by producing a sphpdb file and 
    directly looking at the results.
 cenxyz.cvec      radius  cen_line_D sum{s/(area point sourc
    39.20132    21.31484   -19.44167     0.00007   (sampled)
    39.30132    16.07820   -13.91580     0.00019 (mid-point)
    39.40132    11.03390    -8.38993     0.00045   (sampled)
    39.50132     7.58820    -4.19497     0.00101 (mid-point)
    39.60132     4.25653    -0.00000     0.00276   (sampled)
    39.70132     7.87325     4.53795     0.00328 (mid-point)
    39.80132    11.71772     9.07590     0.00351   (sampled)
    39.90132    16.02546    13.78081     0.00363 (mid-point)
    40.00132    20.47612    18.48572     0.00371   (sampled)

 Minimum radius found:      4.257 angstroms.



 For spherical probe approach, The geometric factor
         F= sum(ds/area) along channel is    0.004 angstroms**-1
 This yields a macroscopic predicted molar conductance of:
   (1/rho)*(100/F)= (27000/rho) pS,
   where rho is the conductivity of 1M permeant ion in ohm m.
 N.B. this is a macroscopic conductance - an overestimate 
 Empirically corrected conductances currently only available
 With the CAPSULE option (although its not that stable!)
 For 1M KCl rho= 1/12 (ohm m), So Gmacro= 320000 pS/M.
  (TAG      1   Rmin=     4.25653   Gmacro=323492.80418 Conn_Gmacro=    -1.00000 ).
 HOLE: normal completion
