 *** Program HOLE ***
 
 If results of this run are reported or published, please
 cite the publication listed below.
 For the HOLE program:
   Smart, O.S., Goodfellow, J.M., Wallace, B.A. (1993). 
   The pore dimensions of gramicidin A. 
   Biophys. J., 65, 2455-2460.
 
 Originally written by Oliver Smart at Birkbeck College from April 1992.
 Copyright 1993-2005 Oliver Smart
 Copyright 2014-2015 SmartSci Limited.
 Copyright 2016 Oliver Smart.
 
 For help on HOLE suite see  http://www.holeprogram.org/
 
 HOLE release 2.2.005 (07 August 2016) 
 
 usage subject to Apache License, Version 2.0 
 see http://www.apache.org/licenses/LICENSE-2.0 

 Control variables read:

! Input file for Oliver Smart's HOLE program
! written by MDAnalysis.analysis.hole2.HoleAnalysis
! for a Universe
! u = mda.Universe(/afs/crc.nd.edu/user/m/mfarshad/Private/ML-new/traj/host-asb1
!    /afs/crc.nd.edu/user/m/mfarshad/Private/ML-new/traj/host-asb14/host_asb14.t
!   )
! Frame 5

COORD  /tmp/2550254.1.long/tmpv945bbz7.pdb
RADIUS simple2.rad
SPHPDB hole005.sph
SAMPLE 0.200000
ENDRAD 22.000000
IGNORE SOL WAT TIP HOH K   NA  CL
SHORTO 0
RASEED 31415
CPOINT 40.0842803717 40.2837958336 39.6488639116


 WARNING have not found a CVECT record - will try to guess
 Input pdb filename read as:    '/tmp/2550254.1.long/tmpv945bbz7.pdb'
 Input vdW radius file read as: 'simple2.rad'
 point in channel:   40.084  40.284  39.649
 channel vector:   ************************
 sampling distance between planes:    0.200

 graphics conditions:
 binary plot output file name: NONE
 Dot density:    10
 Draw dots?           T
 Draw close contacts? F
 Draw centre line?    T
 Produce spikes rather than dots? F
 Seed for random number generator:     31415 (0 means value set by program)
 Radius above which a result is regarded as an 'end':  22.000
 Pdb format file for sphere centres: hole005.sph

 Monte Carlo conditions:
  no of steps:  1000
  maximum displacement   0.100 angs
  'kT' initial   0.100 angs
 The spherebox and capsule options are turned off.
 (No molqpt card so will not write qpt file of the molecule)
 IGNORE card read so will ignore residue types: SOL WAT TIP HOH K   NA  CL
 no SHORTO card read so will produce full textual output
 As no PEGRAT card was found will not produce PEG polymer exclusion graph
 (No 2DMAPS card specified so will not produce 2D property maps)
 Have not found a CUT card.  Normal calculation using
   Cutoff lists with a cutsize=       1.000
   (if you wish to turn off option use a CUT -1 card)

 Have read     7 bond radius records and
              16 vdW radius records.
 From file: simple2.rad

 Have read   128 atom records.
 From file: /tmp/2550254.1.long/tmpv945bbz7.pdb
 Will not produce graphical output

 Have opened file for pdb format output of sphere centres:  hole005.sph

  Seed integer used by ran # generator on this run      31415

 
 S/R cguess will try to guess CPOINT and/or CVECT
 
 THESE GUESSES MAY WELL BE WRONG!!!!
 Routine relies on having a reasonably symmetric
 channel oriented along x, y or z vector
 YOU ARE STRONGLY ADVISED TO CHECK THE RESULTS
                       WITH MOLECULAR GRAPHICS
 testing points from cpoint in X, Y then Z direction
   point                   pore radius
direction     1
  35.084  40.284  39.649    -0.699
  36.084  40.284  39.649     0.072
  37.084  40.284  39.649     0.830
  38.084  40.284  39.649     1.163
  39.084  40.284  39.649     1.048
  40.084  40.284  39.649     1.268
  41.084  40.284  39.649     1.642
  42.084  40.284  39.649     1.614
  43.084  40.284  39.649     1.200
  44.084  40.284  39.649     0.496
  45.084  40.284  39.649    -0.023
 Average pore radius along the line=      0.783
direction     2
  40.084  35.284  39.649     2.857
  40.084  36.284  39.649     2.108
  40.084  37.284  39.649     1.494
  40.084  38.284  39.649     1.099
  40.084  39.284  39.649     1.015
  40.084  40.284  39.649     1.268
  40.084  41.284  39.649     1.788
  40.084  42.284  39.649     1.141
  40.084  43.284  39.649     0.718
  40.084  44.284  39.649     0.822
  40.084  45.284  39.649     1.255
 Average pore radius along the line=      1.415
direction     3
  40.084  40.284  34.649    -0.939
  40.084  40.284  35.649    -0.836
  40.084  40.284  36.649    -0.095
  40.084  40.284  37.649    -0.035
  40.084  40.284  38.649     0.497
  40.084  40.284  39.649     1.268
  40.084  40.284  40.649     2.038
  40.084  40.284  41.649     1.067
  40.084  40.284  42.649     0.125
  40.084  40.284  43.649    -0.713
  40.084  40.284  44.649    -1.022
 Average pore radius along the line=      0.123
 Best direction is found to be     2
(1=X,2=Y,3=Z)
 s/r cguess has produced initial values for cpoint &/or cvect:
CPOINT      40.0843     40.2838     39.6489
CVECT        0.0000      1.0000      0.0000
 THESE GUESSES MAY WELL BE WRONG!!!!
 Routine relies on having a reasonably symmetric
 channel oriented along x, y or z vector
 YOU ARE STRONGLY ADVISED TO CHECK THE RESULTS
                       WITH MOLECULAR GRAPHICS
 
 
  Some routines (e.g. conn) need vectors normal to cvect: 
     EAST Zero degrees angle is along vector    1.000   0.000   0.000
     NORTH  90 degrees angle is along vector    0.000   0.000   1.000
 highest radius point found:
  at point   40.824  40.284  40.574
  closest atom surface    2.318   C50 ASB X    1
  2nd closest surface     2.318   C38 ASB X    1
  found on step  765
 current point:
  at point   40.825  40.284  40.575
  closest atom surface    2.317   C38 ASB X    1
  2nd closest surface     2.317   C50 ASB X    1
  found on step  967
  no. of rejections          360
 stored as     0

 highest radius point found:
  at point   40.578  40.484  40.531
  closest atom surface    2.269   C38 ASB X    1
  2nd closest surface     2.269   C50 ASB X    1
  found on step  993
  this is also current point
  no. of rejections          364
 stored as     1

 highest radius point found:
  at point   40.348  40.684  40.494
  closest atom surface    2.235   C53 ASB X    1
  2nd closest surface     2.237   C50 ASB X    1
  found on step  883
  this is also current point
  no. of rejections          390
 stored as     2

 highest radius point found:
  at point   40.224  40.884  40.323
  closest atom surface    2.136   C50 ASB X    1
  2nd closest surface     2.138   C53 ASB X    1
  found on step  968
  this is also current point
  no. of rejections          362
 stored as     3

 highest radius point found:
  at point   40.105  41.084  40.125
  closest atom surface    2.028   C1  ASB X    1
  2nd closest surface     2.031   H49 ASB X    1
  found on step  629
 current point:
  at point   40.361  41.084  40.785
  closest atom surface    1.991   C50 ASB X    1
  2nd closest surface     1.992   C1  ASB X    1
  found on step  914
  no. of rejections          351
 stored as     4

 highest radius point found:
  at point   39.965  41.284  39.904
  closest atom surface    1.935   C1  ASB X    1
  2nd closest surface     1.935   H49 ASB X    1
  found on step  933
  this is also current point
  no. of rejections          330
 stored as     5

 highest radius point found:
  at point   39.831  41.484  39.686
  closest atom surface    1.870   H49 ASB X    1
  2nd closest surface     1.870   C1  ASB X    1
  found on step  997
  this is also current point
  no. of rejections          357
 stored as     6

 highest radius point found:
  at point   39.707  41.684  39.470
  closest atom surface    1.833   H49 ASB X    1
  2nd closest surface     1.833   C53 ASB X    1
  found on step  867
 current point:
  at point   39.708  41.684  39.472
  closest atom surface    1.832   H49 ASB X    1
  2nd closest surface     1.835   C53 ASB X    1
  found on step  964
  no. of rejections          356
 stored as     7

 highest radius point found:
  at point   39.586  41.884  39.262
  closest atom surface    1.828   H49 ASB X    1
  2nd closest surface     1.828   C53 ASB X    1
  found on step  810
 current point:
  at point   39.589  41.884  39.259
  closest atom surface    1.826   H49 ASB X    1
  2nd closest surface     1.827   C53 ASB X    1
  found on step  986
  no. of rejections          368
 stored as     8

 highest radius point found:
  at point   39.290  42.084  39.007
  closest atom surface    1.780   C52 ASB X    1
  2nd closest surface     1.783   C1  ASB X    1
  found on step  942
  this is also current point
  no. of rejections          350
 stored as     9

 highest radius point found:
  at point   39.019  42.284  38.776
  closest atom surface    1.703   H53 ASB X    1
  2nd closest surface     1.703   H3  ASB X    1
  found on step  872
  this is also current point
  no. of rejections          384
 stored as    10

 highest radius point found:
  at point   38.846  42.484  38.632
  closest atom surface    1.659   H53 ASB X    1
  2nd closest surface     1.659   H3  ASB X    1
  found on step  803
 current point:
  at point   38.812  42.484  38.614
  closest atom surface    1.657   H3  ASB X    1
  2nd closest surface     1.657   O2  ASB X    1
  found on step  997
  no. of rejections          377
 stored as    11

 highest radius point found:
  at point   38.661  42.684  38.485
  closest atom surface    1.647   H3  ASB X    1
  2nd closest surface     1.647   O2  ASB X    1
  found on step  938
  this is also current point
  no. of rejections          382
 stored as    12

 highest radius point found:
  at point   38.456  42.884  38.335
  closest atom surface    1.665   H3  ASB X    1
  2nd closest surface     1.665   O2  ASB X    1
  found on step  891
  this is also current point
  no. of rejections          384
 stored as    13

 highest radius point found:
  at point   38.387  43.084  38.252
  closest atom surface    1.700   H3  ASB X    1
  2nd closest surface     1.702   O1  ASB X    1
  found on step  952
  this is also current point
  no. of rejections          418
 stored as    14

 highest radius point found:
  at point   38.297  43.284  38.183
  closest atom surface    1.734   H3  ASB X    1
  2nd closest surface     1.735   C52 ASB X    1
  found on step  807
 current point:
  at point   38.290  43.284  38.180
  closest atom surface    1.734   O1  ASB X    1
  2nd closest surface     1.735   H3  ASB X    1
  found on step  984
  no. of rejections          355
 stored as    15

 highest radius point found:
  at point   38.186  43.484  38.069
  closest atom surface    1.766   C52 ASB X    1
  2nd closest surface     1.767   O1  ASB X    1
  found on step  918
  this is also current point
  no. of rejections          373
 stored as    16

 highest radius point found:
  at point   38.072  43.684  37.872
  closest atom surface    1.797   O1  ASB X    1
  2nd closest surface     1.797   C52 ASB X    1
  found on step  808
 current point:
  at point   38.072  43.684  37.871
  closest atom surface    1.796   C52 ASB X    1
  2nd closest surface     1.797   O1  ASB X    1
  found on step  958
  no. of rejections          391
 stored as    17

 highest radius point found:
  at point   37.957  43.884  37.625
  closest atom surface    1.845   C52 ASB X    1
  2nd closest surface     1.849   O1  ASB X    1
  found on step  897
  this is also current point
  no. of rejections          378
 stored as    18

 highest radius point found:
  at point   37.838  44.084  37.384
  closest atom surface    1.929   C52 ASB X    1
  2nd closest surface     1.929   O1  ASB X    1
  found on step  843
 current point:
  at point   37.835  44.084  37.332
  closest atom surface    1.927   C52 ASB X    1
  2nd closest surface     1.927   O1  ASB X    1
  found on step  890
  no. of rejections          378
 stored as    19

 highest radius point found:
  at point   37.269  44.284  36.073
  closest atom surface    2.047   C56 ASB X    1
  2nd closest surface     2.047   O1  ASB X    1
  found on step  969
  this is also current point
  no. of rejections          320
 stored as    20

 highest radius point found:
  at point   37.204  44.484  36.027
  closest atom surface    2.210   C56 ASB X    1
  2nd closest surface     2.211   O1  ASB X    1
  found on step  284
 current point:
  at point   37.590  44.484  36.850
  closest atom surface    2.176   O1  ASB X    1
  2nd closest surface     2.177   O2  ASB X    1
  found on step  987
  no. of rejections          320
 stored as    21

 highest radius point found:
  at point   37.186  44.684  36.001
  closest atom surface    2.388   C56 ASB X    1
  2nd closest surface     2.388   O1  ASB X    1
  found on step  696
 current point:
  at point   37.189  44.684  36.007
  closest atom surface    2.388   O1  ASB X    1
  2nd closest surface     2.388   O2  ASB X    1
  found on step  990
  no. of rejections          285
 stored as    22

 highest radius point found:
  at point   37.143  44.884  35.967
  closest atom surface    2.563   O1  ASB X    1
  2nd closest surface     2.564   C56 ASB X    1
  found on step  423
 current point:
  at point   37.154  44.884  35.981
  closest atom surface    2.562   O2  ASB X    1
  2nd closest surface     2.562   O1  ASB X    1
  found on step  985
  no. of rejections          271
 stored as    23

 highest radius point found:
  at point   31.881  45.084  34.385
  closest atom surface    4.581   H58 ASB X    1
  2nd closest surface     4.620   H8  ASB X    1
  found on step 1000
  this is also current point
  no. of rejections          188
 stored as    24

 highest radius point found:
  at point   23.422  45.284  29.382
  closest atom surface   12.917   C6  ASB X    1
  2nd closest surface    12.984   C9  ASB X    1
  found on step 1000
  this is also current point
  no. of rejections          237
 stored as    25

 highest radius point found:
  at point   13.746  45.484  24.413
  closest atom surface   23.036   C10 ASB X    1
  2nd closest surface    23.090   C9  ASB X    1
  found on step  998
  this is also current point
  no. of rejections          258
 This is an end! (radius above  22.0 angs)
 highest radius point found:
  at point   41.081  40.084  40.623
  closest atom surface    2.386   H56 ASB X    1
  2nd closest surface     2.387   C50 ASB X    1
  found on step  964
  this is also current point
  no. of rejections          344
 stored as    -1

 highest radius point found:
  at point   41.163  39.884  40.671
  closest atom surface    2.408   C38 ASB X    1
  2nd closest surface     2.408   C28 ASB X    1
  found on step  961
  this is also current point
  no. of rejections          379
 stored as    -2

 highest radius point found:
  at point   41.177  39.684  40.710
  closest atom surface    2.410   C37 ASB X    1
  2nd closest surface     2.411   H56 ASB X    1
  found on step  969
  this is also current point
  no. of rejections          412
 stored as    -3

 highest radius point found:
  at point   41.229  39.484  40.713
  closest atom surface    2.408   H56 ASB X    1
  2nd closest surface     2.411   C28 ASB X    1
  found on step  686
 current point:
  at point   41.232  39.484  40.711
  closest atom surface    2.407   H56 ASB X    1
  2nd closest surface     2.409   C28 ASB X    1
  found on step  849
  no. of rejections          435
 stored as    -4

 highest radius point found:
  at point   41.270  39.284  40.722
  closest atom surface    2.418   H56 ASB X    1
  2nd closest surface     2.419   C37 ASB X    1
  found on step  954
  this is also current point
  no. of rejections          359
 stored as    -5

 highest radius point found:
  at point   41.333  39.084  40.715
  closest atom surface    2.435   C47 ASB X    1
  2nd closest surface     2.436   C46 ASB X    1
  found on step  878
 current point:
  at point   41.337  39.084  40.713
  closest atom surface    2.435   C47 ASB X    1
  2nd closest surface     2.435   H56 ASB X    1
  found on step  955
  no. of rejections          393
 stored as    -6

 highest radius point found:
  at point   41.366  38.884  40.691
  closest atom surface    2.437   H56 ASB X    1
  2nd closest surface     2.439   C47 ASB X    1
  found on step  833
 current point:
  at point   41.387  38.884  40.680
  closest atom surface    2.436   H56 ASB X    1
  2nd closest surface     2.437   C47 ASB X    1
  found on step  940
  no. of rejections          359
 stored as    -7

 highest radius point found:
  at point   41.393  38.684  40.672
  closest atom surface    2.452   H56 ASB X    1
  2nd closest surface     2.452   C47 ASB X    1
  found on step  698
 current point:
  at point   41.381  38.684  40.677
  closest atom surface    2.451   H56 ASB X    1
  2nd closest surface     2.455   C47 ASB X    1
  found on step  966
  no. of rejections          350
 stored as    -8

 highest radius point found:
  at point   41.425  38.484  40.647
  closest atom surface    2.476   H56 ASB X    1
  2nd closest surface     2.476   C47 ASB X    1
  found on step  943
  this is also current point
  no. of rejections          376
 stored as    -9

 highest radius point found:
  at point   43.311  38.284  38.765
  closest atom surface    2.741   N3  ASB X    1
  2nd closest surface     2.741   C29 ASB X    1
  found on step  982
  this is also current point
  no. of rejections          336
 stored as   -10

 highest radius point found:
  at point   43.427  38.084  38.614
  closest atom surface    2.856   C23 ASB X    1
  2nd closest surface     2.856   H56 ASB X    1
  found on step  809
 current point:
  at point   43.434  38.084  38.617
  closest atom surface    2.854   C23 ASB X    1
  2nd closest surface     2.855   C29 ASB X    1
  found on step  898
  no. of rejections          376
 stored as   -11

 highest radius point found:
  at point   43.514  37.884  38.507
  closest atom surface    2.970   C23 ASB X    1
  2nd closest surface     2.970   H56 ASB X    1
  found on step  822
 current point:
  at point   43.513  37.884  38.509
  closest atom surface    2.969   H56 ASB X    1
  2nd closest surface     2.969   C29 ASB X    1
  found on step  943
  no. of rejections          377
 stored as   -12

 highest radius point found:
  at point   43.761  37.684  38.388
  closest atom surface    3.031   C29 ASB X    1
  2nd closest surface     3.032   C16 ASB X    1
  found on step  937
  this is also current point
  no. of rejections          370
 stored as   -13

 highest radius point found:
  at point   44.014  37.484  38.272
  closest atom surface    3.111   C29 ASB X    1
  2nd closest surface     3.112   C22 ASB X    1
  found on step  133
 current point:
  at point   43.983  37.484  38.286
  closest atom surface    3.108   C16 ASB X    1
  2nd closest surface     3.110   C29 ASB X    1
  found on step  972
  no. of rejections          357
 stored as   -14

 highest radius point found:
  at point   44.144  37.284  38.220
  closest atom surface    3.193   C16 ASB X    1
  2nd closest surface     3.196   C22 ASB X    1
  found on step  739
 current point:
  at point   43.882  37.284  38.372
  closest atom surface    3.161   C16 ASB X    1
  2nd closest surface     3.161   C29 ASB X    1
  found on step  925
  no. of rejections          374
 stored as   -15

 highest radius point found:
  at point   44.289  37.084  38.165
  closest atom surface    3.285   C22 ASB X    1
  2nd closest surface     3.289   C16 ASB X    1
  found on step  634
 current point:
  at point   44.262  37.084  38.180
  closest atom surface    3.284   C16 ASB X    1
  2nd closest surface     3.284   C29 ASB X    1
  found on step  903
  no. of rejections          362
 stored as   -16

 highest radius point found:
  at point   44.420  36.884  38.117
  closest atom surface    3.391   C29 ASB X    1
  2nd closest surface     3.392   C22 ASB X    1
  found on step  955
  this is also current point
  no. of rejections          374
 stored as   -17

 highest radius point found:
  at point   44.563  36.684  38.051
  closest atom surface    3.496   C22 ASB X    1
  2nd closest surface     3.496   C30 ASB X    1
  found on step  951
  this is also current point
  no. of rejections          309
 stored as   -18

 highest radius point found:
  at point   44.707  36.484  37.970
  closest atom surface    3.602   C22 ASB X    1
  2nd closest surface     3.602   C30 ASB X    1
  found on step  940
  this is also current point
  no. of rejections          348
 stored as   -19

 highest radius point found:
  at point   44.856  36.284  37.891
  closest atom surface    3.716   C30 ASB X    1
  2nd closest surface     3.718   C22 ASB X    1
  found on step   65
 current point:
  at point   44.861  36.284  37.889
  closest atom surface    3.716   C22 ASB X    1
  2nd closest surface     3.717   C30 ASB X    1
  found on step  928
  no. of rejections          324
 stored as   -20

 highest radius point found:
  at point   44.890  36.084  37.862
  closest atom surface    3.810   C30 ASB X    1
  2nd closest surface     3.813   C16 ASB X    1
  found on step  179
 current point:
  at point   43.605  36.084  38.565
  closest atom surface    3.538   C15 ASB X    1
  2nd closest surface     3.542   C30 ASB X    1
  found on step  978
  no. of rejections          351
 stored as   -21

 highest radius point found:
  at point   45.135  35.884  37.730
  closest atom surface    3.978   C30 ASB X    1
  2nd closest surface     3.978   C22 ASB X    1
  found on step  926
  this is also current point
  no. of rejections          343
 stored as   -22

 highest radius point found:
  at point   49.606  35.684  36.877
  closest atom surface    4.734   C24 ASB X    1
  2nd closest surface     5.007   H24 ASB X    1
  found on step  999
  this is also current point
  no. of rejections          166
 stored as   -23

 highest radius point found:
  at point   57.709  35.484  32.371
  closest atom surface   11.568   H22 ASB X    1
  2nd closest surface    11.690   C24 ASB X    1
  found on step  999
  this is also current point
  no. of rejections          207
 stored as   -24

 highest radius point found:
  at point   64.821  35.284  24.236
  closest atom surface   21.225   H22 ASB X    1
  2nd closest surface    21.261   C22 ASB X    1
  found on step 1000
  this is also current point
  no. of rejections          256
 stored as   -25

 highest radius point found:
  at point   74.312  35.084  17.592
  closest atom surface   32.559   H22 ASB X    1
  2nd closest surface    32.592   C22 ASB X    1
  found on step  998
  this is also current point
  no. of rejections          258
 This is an end! (radius above  22.0 angs)
 
 N.b. Graph information routine (HOGRAP) differs 
        markedly from previous versions!
       Information now is written from -ve end
       to +ve in one pass
 
 Explanation of the meaning of each column: 
 First column "cenxyz.cvec" is the coordinate in the
   direction of the channel vector i.e. if the channel
   vector is in z (0 0 1) then it is the z coordinate.
 The second column "radius" is the hole pore radius 
   (as defined in the Biophys J 1993) article).
 The third column "cen_line_D" is the distance 
   measured along the pore centre line - with the 
   first point found set to zero. This was the first
   thing that I used to measure the distance along a pore
   but "cenxyz.cvec" is a much better general measure. 
   However, by comparing changes in this distance to changes in '   "cenxyz.cvec" one can get a measure of how straight a 
   channel is.
 The fourth column "sum{s/(area)}" is useful in conductance
   prediction -
   basically it is the sum of the thickness of each slab
   divided by its area. HOLE uses this measure to estimate
   the macroscopic conductance of a channel.
 If any of this worries you one can see the "raw" results
   of a standard hole run by producing a sphpdb file and 
    directly looking at the results.
 cenxyz.cvec      radius  cen_line_D sum{s/(area point sourc
    35.28379    21.22531   -32.56157     0.00007   (sampled)
    35.38379    16.22675   -27.15776     0.00019 (mid-point)
    35.48379    11.56822   -21.75395     0.00043   (sampled)
    35.58379     7.69683   -17.11701     0.00097 (mid-point)
    35.68379     4.73373   -12.48007     0.00239   (sampled)
    35.78379     4.00340   -10.20199     0.00437 (mid-point)
    35.88379     3.97751    -7.92392     0.00639   (sampled)
    35.98379     3.89172    -7.75249     0.00849 (mid-point)
    36.08379     3.80982    -7.58107     0.01068   (sampled)
    36.18379     3.76239    -7.47860     0.01293 (mid-point)
    36.28379     3.71645    -7.37613     0.01523   (sampled)
    36.38379     3.65798    -7.24523     0.01761 (mid-point)
    36.48379     3.60152    -7.11433     0.02007   (sampled)
    36.58379     3.54731    -6.98473     0.02260 (mid-point)
    36.68379     3.49570    -6.85513     0.02520   (sampled)
    36.78379     3.44235    -6.72785     0.02789 (mid-point)
    36.88379     3.39099    -6.60058     0.03065   (sampled)
    36.98379     3.33714    -6.47860     0.03351 (mid-point)
    37.08379     3.28507    -6.35662     0.03646   (sampled)
    37.18379     3.23897    -6.23003     0.03950 (mid-point)
    37.28379     3.19328    -6.10343     0.04262   (sampled)
    37.38379     3.15200    -5.98146     0.04582 (mid-point)
    37.48379     3.11061    -5.85948     0.04911   (sampled)
    37.58379     3.06819    -5.68787     0.05249 (mid-point)
    37.68379     3.03143    -5.51627     0.05596   (sampled)
    37.78379     2.99796    -5.34698     0.05950 (mid-point)
    37.88379     2.96967    -5.17770     0.06311   (sampled)
    37.98379     2.91161    -5.05613     0.06686 (mid-point)
    38.08379     2.85620    -4.93455     0.07076   (sampled)
    38.18379     2.79717    -4.79650     0.07483 (mid-point)
    38.28379     2.74056    -4.65844     0.07907   (sampled)
    38.38379     2.35547    -3.32271     0.08481 (mid-point)
    38.48379     2.47615    -1.98697     0.09000   (sampled)
    38.58379     2.46247    -1.88485     0.09525 (mid-point)
    38.68379     2.45176    -1.78273     0.10054   (sampled)
    38.78379     2.44291    -1.68142     0.10588 (mid-point)
    38.88379     2.43703    -1.58011     0.11124   (sampled)
    38.98379     2.43491    -1.47801     0.11661 (mid-point)
    39.08379     2.43503    -1.37590     0.12198   (sampled)
    39.18379     2.42553    -1.27091     0.12739 (mid-point)
    39.28379     2.41845    -1.16593     0.13283   (sampled)
    39.38379     2.41182    -1.06379     0.13830 (mid-point)
    39.48379     2.40824    -0.96166     0.14379   (sampled)
    39.58379     2.40826    -0.85827     0.14928 (mid-point)
    39.68379     2.40982    -0.75488     0.15476   (sampled)
    39.78379     2.40854    -0.65271     0.16025 (mid-point)
    39.88379     2.40779    -0.55055     0.16574   (sampled)
    39.98379     2.39551    -0.43983     0.17128 (mid-point)
    40.08379     2.38586    -0.32910     0.17687   (sampled)
    40.18379     2.34907    -0.16455     0.18264 (mid-point)
    40.28379     2.31763     0.00000     0.18857   (sampled)
    40.38379     2.29025     0.16024     0.19464 (mid-point)
    40.48379     2.26879     0.32048     0.20082   (sampled)
    40.58379     2.25015     0.47394     0.20711 (mid-point)
    40.68379     2.23533     0.62741     0.21348   (sampled)
    40.78379     2.18416     0.77294     0.22015 (mid-point)
    40.88379     2.13649     0.91847     0.22712   (sampled)
    40.98379     2.08177     1.07140     0.23447 (mid-point)
    41.08379     2.02844     1.22433     0.24221   (sampled)
    41.18379     1.97826     1.38858     0.25034 (mid-point)
    41.28379     1.93454     1.55283     0.25884   (sampled)
    41.38379     1.89780     1.71531     0.26768 (mid-point)
    41.48379     1.86963     1.87779     0.27679   (sampled)
    41.58379     1.84666     2.03760     0.28612 (mid-point)
    41.68379     1.83253     2.19742     0.29560   (sampled)
    41.78379     1.82588     2.35378     0.30515 (mid-point)
    41.88379     1.82786     2.51013     0.31468   (sampled)
    41.98379     1.80009     2.72959     0.32450 (mid-point)
    42.08379     1.78009     2.94904     0.33455   (sampled)
    42.18379     1.73596     3.15331     0.34511 (mid-point)
    42.28379     1.70260     3.35758     0.35609   (sampled)
    42.38379     1.67675     3.50794     0.36741 (mid-point)
    42.48379     1.65917     3.65830     0.37897   (sampled)
    42.58379     1.64847     3.81330     0.39069 (mid-point)
    42.68379     1.64668     3.96830     0.40243   (sampled)
    42.78379     1.65084     4.13001     0.41411 (mid-point)
    42.88379     1.66482     4.29172     0.42559   (sampled)
    42.98379     1.68006     4.40533     0.43687 (mid-point)
    43.08379     1.70000     4.51893     0.44788   (sampled)
    43.18379     1.71457     4.63383     0.45871 (mid-point)
    43.28379     1.73389     4.74874     0.46930   (sampled)
    43.38379     1.74797     4.87658     0.47972 (mid-point)
    43.48379     1.76577     5.00443     0.48992   (sampled)
    43.58379     1.77841     5.15589     0.49999 (mid-point)
    43.68379     1.79706     5.30735     0.50985   (sampled)
    43.78379     1.81753     5.47638     0.51948 (mid-point)
    43.88379     1.84538     5.64542     0.52883   (sampled)
    43.98379     1.88353     5.81285     0.53780 (mid-point)
    44.08379     1.92871     5.98029     0.54636   (sampled)
    44.18379     1.91633     6.70167     0.55503 (mid-point)
    44.28379     2.04704     7.42306     0.56262   (sampled)
    44.38379     2.12793     7.53073     0.56965 (mid-point)
    44.48379     2.21007     7.63840     0.57617   (sampled)
    44.58379     2.29880     7.73964     0.58219 (mid-point)
    44.68379     2.38808     7.84089     0.58777   (sampled)
    44.78379     2.47538     7.94464     0.59297 (mid-point)
    44.88379     2.56308     8.04840     0.59781   (sampled)
    44.98379     2.96347    10.79759     0.60144 (mid-point)
    45.08379     4.58125    13.54677     0.60295   (sampled)
    45.18379     8.46788    18.46162     0.60340 (mid-point)
    45.28379    12.91687    23.37647     0.60359   (sampled)

 Minimum radius found:      1.647 angstroms.



 For spherical probe approach, The geometric factor
         F= sum(ds/area) along channel is    0.604 angstroms**-1
 This yields a macroscopic predicted molar conductance of:
   (1/rho)*(100/F)= (170/rho) pS,
   where rho is the conductivity of 1M permeant ion in ohm m.
 N.B. this is a macroscopic conductance - an overestimate 
 Empirically corrected conductances currently only available
 With the CAPSULE option (although its not that stable!)
 For 1M KCl rho= 1/12 (ohm m), So Gmacro= 2000 pS/M.
  (TAG      1   Rmin=     1.64668   Gmacro=  1988.10710 Conn_Gmacro=    -1.00000 ).
 HOLE: normal completion
