 *** Program HOLE ***
 
 If results of this run are reported or published, please
 cite the publication listed below.
 For the HOLE program:
   Smart, O.S., Goodfellow, J.M., Wallace, B.A. (1993). 
   The pore dimensions of gramicidin A. 
   Biophys. J., 65, 2455-2460.
 
 Originally written by Oliver Smart at Birkbeck College from April 1992.
 Copyright 1993-2005 Oliver Smart
 Copyright 2014-2015 SmartSci Limited.
 Copyright 2016 Oliver Smart.
 
 For help on HOLE suite see  http://www.holeprogram.org/
 
 HOLE release 2.2.005 (07 August 2016) 
 
 usage subject to Apache License, Version 2.0 
 see http://www.apache.org/licenses/LICENSE-2.0 

 Control variables read:

! Input file for Oliver Smart's HOLE program
! written by MDAnalysis.analysis.hole2.HoleAnalysis
! for a Universe
! u = mda.Universe(/afs/crc.nd.edu/user/m/mfarshad/Private/ML-new/traj/host-52/h
!    /afs/crc.nd.edu/user/m/mfarshad/Private/ML-new/traj/host-52/host_52.trr
!   )
! Frame 43

COORD  /tmp/2550198.1.long/tmpf055jim6.pdb
RADIUS simple2.rad
SPHPDB hole043.sph
SAMPLE 0.200000
ENDRAD 22.000000
IGNORE SOL WAT TIP HOH K   NA  CL
SHORTO 0
RASEED 31415
CPOINT 40.5319536458 40.3883955582 39.1808374239


 WARNING have not found a CVECT record - will try to guess
 Input pdb filename read as:    '/tmp/2550198.1.long/tmpf055jim6.pdb'
 Input vdW radius file read as: 'simple2.rad'
 point in channel:   40.532  40.388  39.181
 channel vector:   ************************
 sampling distance between planes:    0.200

 graphics conditions:
 binary plot output file name: NONE
 Dot density:    10
 Draw dots?           T
 Draw close contacts? F
 Draw centre line?    T
 Produce spikes rather than dots? F
 Seed for random number generator:     31415 (0 means value set by program)
 Radius above which a result is regarded as an 'end':  22.000
 Pdb format file for sphere centres: hole043.sph

 Monte Carlo conditions:
  no of steps:  1000
  maximum displacement   0.100 angs
  'kT' initial   0.100 angs
 The spherebox and capsule options are turned off.
 (No molqpt card so will not write qpt file of the molecule)
 IGNORE card read so will ignore residue types: SOL WAT TIP HOH K   NA  CL
 no SHORTO card read so will produce full textual output
 As no PEGRAT card was found will not produce PEG polymer exclusion graph
 (No 2DMAPS card specified so will not produce 2D property maps)
 Have not found a CUT card.  Normal calculation using
   Cutoff lists with a cutsize=       1.000
   (if you wish to turn off option use a CUT -1 card)

 Have read     7 bond radius records and
              16 vdW radius records.
 From file: simple2.rad

 Have read    92 atom records.
 From file: /tmp/2550198.1.long/tmpf055jim6.pdb
 Will not produce graphical output

 Have opened file for pdb format output of sphere centres:  hole043.sph

  Seed integer used by ran # generator on this run      31415

 
 S/R cguess will try to guess CPOINT and/or CVECT
 
 THESE GUESSES MAY WELL BE WRONG!!!!
 Routine relies on having a reasonably symmetric
 channel oriented along x, y or z vector
 YOU ARE STRONGLY ADVISED TO CHECK THE RESULTS
                       WITH MOLECULAR GRAPHICS
 testing points from cpoint in X, Y then Z direction
   point                   pore radius
direction     1
  35.532  40.388  39.181    -0.047
  36.532  40.388  39.181    -0.544
  37.532  40.388  39.181    -0.512
  38.532  40.388  39.181    -0.240
  39.532  40.388  39.181     0.482
  40.532  40.388  39.181     0.377
  41.532  40.388  39.181     0.472
  42.532  40.388  39.181    -0.267
  43.532  40.388  39.181    -1.056
  44.532  40.388  39.181    -0.877
  45.532  40.388  39.181    -0.005
 Average pore radius along the line=     -0.201
direction     2
  40.532  35.388  39.181     0.791
  40.532  36.388  39.181     0.320
  40.532  37.388  39.181    -0.116
  40.532  38.388  39.181    -0.046
  40.532  39.388  39.181     0.288
  40.532  40.388  39.181     0.377
  40.532  41.388  39.181    -0.612
  40.532  42.388  39.181    -1.524
  40.532  43.388  39.181    -1.026
  40.532  44.388  39.181    -0.427
  40.532  45.388  39.181     0.036
 Average pore radius along the line=     -0.176
direction     3
  40.532  40.388  34.181     2.337
  40.532  40.388  35.181     1.575
  40.532  40.388  36.181     0.971
  40.532  40.388  37.181     0.525
  40.532  40.388  38.181     0.466
  40.532  40.388  39.181     0.377
  40.532  40.388  40.181     0.536
  40.532  40.388  41.181     0.647
  40.532  40.388  42.181     0.324
  40.532  40.388  43.181     0.040
  40.532  40.388  44.181    -0.017
 Average pore radius along the line=      0.707
 Best direction is found to be     3
(1=X,2=Y,3=Z)
 s/r cguess has produced initial values for cpoint &/or cvect:
CPOINT      40.5320     40.3884     39.1808
CVECT        0.0000      0.0000      1.0000
 THESE GUESSES MAY WELL BE WRONG!!!!
 Routine relies on having a reasonably symmetric
 channel oriented along x, y or z vector
 YOU ARE STRONGLY ADVISED TO CHECK THE RESULTS
                       WITH MOLECULAR GRAPHICS
 
 
  Some routines (e.g. conn) need vectors normal to cvect: 
     EAST Zero degrees angle is along vector    1.000   0.000   0.000
     NORTH  90 degrees angle is along vector    0.000  -1.000   0.000
 highest radius point found:
  at point   40.617  39.993  39.181
  closest atom surface    0.764   H19 52  X    1
  2nd closest surface     0.765   C44 52  X    1
  found on step  990
  this is also current point
  no. of rejections          372
 stored as     0

 highest radius point found:
  at point   40.746  39.906  39.381
  closest atom surface    0.848   H19 52  X    1
  2nd closest surface     0.848   C44 52  X    1
  found on step  931
  this is also current point
  no. of rejections          385
 stored as     1

 highest radius point found:
  at point   40.863  39.811  39.581
  closest atom surface    0.952   N3  52  X    1
  2nd closest surface     0.954   H18 52  X    1
  found on step  977
  this is also current point
  no. of rejections          375
 stored as     2

 highest radius point found:
  at point   40.923  39.746  39.781
  closest atom surface    1.056   C44 52  X    1
  2nd closest surface     1.056   N3  52  X    1
  found on step  680
 current point:
  at point   40.918  39.737  39.781
  closest atom surface    1.055   N3  52  X    1
  2nd closest surface     1.056   H18 52  X    1
  found on step  954
  no. of rejections          350
 stored as     3

 highest radius point found:
  at point   40.969  39.669  39.981
  closest atom surface    1.174   N3  52  X    1
  2nd closest surface     1.175   C44 52  X    1
  found on step  951
  this is also current point
  no. of rejections          355
 stored as     4

 highest radius point found:
  at point   41.015  39.590  40.181
  closest atom surface    1.303   N3  52  X    1
  2nd closest surface     1.305   H18 52  X    1
  found on step   52
 current point:
  at point   41.016  39.590  40.181
  closest atom surface    1.302   N3  52  X    1
  2nd closest surface     1.305   H18 52  X    1
  found on step  898
  no. of rejections          308
 stored as     5

 highest radius point found:
  at point   41.055  39.515  40.381
  closest atom surface    1.443   C44 52  X    1
  2nd closest surface     1.444   N3  52  X    1
  found on step  962
  this is also current point
  no. of rejections          342
 stored as     6

 highest radius point found:
  at point   41.103  39.382  40.581
  closest atom surface    1.577   N3  52  X    1
  2nd closest surface     1.578   C38 52  X    1
  found on step  916
  this is also current point
  no. of rejections          357
 stored as     7

 highest radius point found:
  at point   41.202  39.317  40.781
  closest atom surface    1.624   C11 52  X    1
  2nd closest surface     1.624   H21 52  X    1
  found on step  875
 current point:
  at point   41.203  39.317  40.781
  closest atom surface    1.624   H21 52  X    1
  2nd closest surface     1.625   C11 52  X    1
  found on step  983
  no. of rejections          363
 stored as     8

 highest radius point found:
  at point   40.877  38.523  40.981
  closest atom surface    1.640   C11 52  X    1
  2nd closest surface     1.640   H21 52  X    1
  found on step  939
  this is also current point
  no. of rejections          365
 stored as     9

 highest radius point found:
  at point   40.910  38.349  41.181
  closest atom surface    1.672   H21 52  X    1
  2nd closest surface     1.688   C11 52  X    1
  found on step   29
 current point:
  at point   41.431  39.322  41.181
  closest atom surface    1.648   C11 52  X    1
  2nd closest surface     1.652   C38 52  X    1
  found on step 1000
  no. of rejections          369
 stored as    10

 highest radius point found:
  at point   40.800  33.607  41.381
  closest atom surface    3.634   C21 52  X    1
  2nd closest surface     3.642   C27 52  X    1
  found on step 1000
  this is also current point
  no. of rejections          231
 stored as    11

 highest radius point found:
  at point   41.191  23.036  41.581
  closest atom surface   12.217   C19 52  X    1
  2nd closest surface    12.244   C20 52  X    1
  found on step 1000
  this is also current point
  no. of rejections          248
 stored as    12

 highest radius point found:
  at point   42.100  10.757  41.781
  closest atom surface   24.011   O6  52  X    1
  2nd closest surface    24.012   C19 52  X    1
  found on step  994
  this is also current point
  no. of rejections          243
 This is an end! (radius above  22.0 angs)
 highest radius point found:
  at point   40.484  40.071  38.981
  closest atom surface    0.710   H18 52  X    1
  2nd closest surface     0.712   H19 52  X    1
  found on step  834
 current point:
  at point   40.488  40.069  38.981
  closest atom surface    0.709   H19 52  X    1
  2nd closest surface     0.711   H18 52  X    1
  found on step  993
  no. of rejections          396
 stored as    -1

 highest radius point found:
  at point   39.730  40.292  38.781
  closest atom surface    0.726   C44 52  X    1
  2nd closest surface     0.727   H18 52  X    1
  found on step  850
 current point:
  at point   39.727  40.293  38.781
  closest atom surface    0.725   N2  52  X    1
  2nd closest surface     0.727   C44 52  X    1
  found on step  937
  no. of rejections          389
 stored as    -2

 highest radius point found:
  at point   39.648  40.342  38.581
  closest atom surface    0.759   N2  52  X    1
  2nd closest surface     0.761   H18 52  X    1
  found on step  463
 current point:
  at point   39.644  40.347  38.581
  closest atom surface    0.758   N2  52  X    1
  2nd closest surface     0.760   C44 52  X    1
  found on step  981
  no. of rejections          378
 stored as    -3

 highest radius point found:
  at point   39.583  40.385  38.381
  closest atom surface    0.814   C44 52  X    1
  2nd closest surface     0.814   H18 52  X    1
  found on step  972
  this is also current point
  no. of rejections          392
 stored as    -4

 highest radius point found:
  at point   39.457  40.476  38.181
  closest atom surface    0.873   C44 52  X    1
  2nd closest surface     0.875   C22 52  X    1
  found on step  963
  this is also current point
  no. of rejections          392
 stored as    -5

 highest radius point found:
  at point   39.315  40.578  37.981
  closest atom surface    0.951   N2  52  X    1
  2nd closest surface     0.953   C44 52  X    1
  found on step  929
  this is also current point
  no. of rejections          361
 stored as    -6

 highest radius point found:
  at point   39.185  40.642  37.781
  closest atom surface    1.037   N2  52  X    1
  2nd closest surface     1.039   C43 52  X    1
  found on step  943
  this is also current point
  no. of rejections          385
 stored as    -7

 highest radius point found:
  at point   39.101  40.673  37.581
  closest atom surface    1.093   C22 52  X    1
  2nd closest surface     1.093   C1  52  X    1
  found on step  922
  this is also current point
  no. of rejections          378
 stored as    -8

 highest radius point found:
  at point   39.067  40.702  37.381
  closest atom surface    1.153   C1  52  X    1
  2nd closest surface     1.153   C22 52  X    1
  found on step  210
 current point:
  at point   37.604  40.821  37.381
  closest atom surface    1.012   N2  52  X    1
  2nd closest surface     1.012   C1  52  X    1
  found on step  975
  no. of rejections          304
 stored as    -9

 highest radius point found:
  at point   38.583  40.632  37.181
  closest atom surface    1.223   C22 52  X    1
  2nd closest surface     1.224   C1  52  X    1
  found on step  897
  this is also current point
  no. of rejections          374
 stored as   -10

 highest radius point found:
  at point   38.381  40.625  36.981
  closest atom surface    1.329   C1  52  X    1
  2nd closest surface     1.330   C22 52  X    1
  found on step  999
  this is also current point
  no. of rejections          370
 stored as   -11

 highest radius point found:
  at point   38.317  40.646  36.781
  closest atom surface    1.432   C22 52  X    1
  2nd closest surface     1.435   C1  52  X    1
  found on step   94
 current point:
  at point   36.980  40.914  36.781
  closest atom surface    1.428   C16 52  X    1
  2nd closest surface     1.429   O1  52  X    1
  found on step  987
  no. of rejections          349
 stored as   -12

 highest radius point found:
  at point   36.726  40.907  36.581
  closest atom surface    1.566   H2  52  X    1
  2nd closest surface     1.566   C16 52  X    1
  found on step  823
 current point:
  at point   36.713  40.904  36.581
  closest atom surface    1.563   H2  52  X    1
  2nd closest surface     1.565   C16 52  X    1
  found on step  935
  no. of rejections          344
 stored as   -13

 highest radius point found:
  at point   35.785  40.826  36.381
  closest atom surface    1.738   H2  52  X    1
  2nd closest surface     1.862   C16 52  X    1
  found on step  632
 current point:
  at point   36.531  40.904  36.381
  closest atom surface    1.720   O1  52  X    1
  2nd closest surface     1.721   C16 52  X    1
  found on step  887
  no. of rejections          317
 stored as   -14

 highest radius point found:
  at point   30.421  40.376  36.181
  closest atom surface    4.153   H3  52  X    1
  2nd closest surface     4.208   C4  52  X    1
  found on step 1000
  this is also current point
  no. of rejections          205
 stored as   -15

 highest radius point found:
  at point   23.313  35.864  35.981
  closest atom surface   11.308   H4  52  X    1
  2nd closest surface    11.379   C5  52  X    1
  found on step 1000
  this is also current point
  no. of rejections          252
 stored as   -16

 highest radius point found:
  at point   14.032  29.702  35.781
  closest atom surface   21.984   H4  52  X    1
  2nd closest surface    21.986   O4  52  X    1
  found on step  999
  this is also current point
  no. of rejections          257
 stored as   -17

 highest radius point found:
  at point    5.205  24.903  35.581
  closest atom surface   31.830   H4  52  X    1
  2nd closest surface    31.927   C5  52  X    1
  found on step 1000
  this is also current point
  no. of rejections          270
 This is an end! (radius above  22.0 angs)
 
 N.b. Graph information routine (HOGRAP) differs 
        markedly from previous versions!
       Information now is written from -ve end
       to +ve in one pass
 
 Explanation of the meaning of each column: 
 First column "cenxyz.cvec" is the coordinate in the
   direction of the channel vector i.e. if the channel
   vector is in z (0 0 1) then it is the z coordinate.
 The second column "radius" is the hole pore radius 
   (as defined in the Biophys J 1993) article).
 The third column "cen_line_D" is the distance 
   measured along the pore centre line - with the 
   first point found set to zero. This was the first
   thing that I used to measure the distance along a pore
   but "cenxyz.cvec" is a much better general measure. 
   However, by comparing changes in this distance to changes in '   "cenxyz.cvec" one can get a measure of how straight a 
   channel is.
 The fourth column "sum{s/(area)}" is useful in conductance
   prediction -
   basically it is the sum of the thickness of each slab
   divided by its area. HOLE uses this measure to estimate
   the macroscopic conductance of a channel.
 If any of this worries you one can see the "raw" results
   of a standard hole run by producing a sphpdb file and 
    directly looking at the results.
 cenxyz.cvec      radius  cen_line_D sum{s/(area point sourc
    35.78084    21.98388   -31.25375     0.00007   (sampled)
    35.88084    16.57382   -25.68253     0.00018 (mid-point)
    35.98084    11.30838   -20.11131     0.00043   (sampled)
    36.08084     7.58574   -15.90070     0.00098 (mid-point)
    36.18084     4.15265   -11.69009     0.00283   (sampled)
    36.28084     2.71681    -8.99676     0.00714 (mid-point)
    36.38084     1.73841    -6.30344     0.01768   (sampled)
    36.48084     1.60916    -5.82103     0.02997 (mid-point)
    36.58084     1.56554    -5.33862     0.04296   (sampled)
    36.68084     1.40511    -4.52598     0.05908 (mid-point)
    36.78084     1.43240    -3.71333     0.07459   (sampled)
    36.88084     1.37995    -3.60794     0.09131 (mid-point)
    36.98084     1.32939    -3.50255     0.10932   (sampled)
    37.08084     1.27373    -3.36025     0.12894 (mid-point)
    37.18084     1.22339    -3.21796     0.15021   (sampled)
    37.28084     1.17689    -2.95384     0.17319 (mid-point)
    37.38084     1.15271    -2.68972     0.19714   (sampled)
    37.48084     1.12115    -2.58724     0.22247 (mid-point)
    37.58084     1.09275    -2.48477     0.24912   (sampled)
    37.68084     1.06400    -2.37521     0.27724 (mid-point)
    37.78084     1.03709    -2.26565     0.30684   (sampled)
    37.88084     0.99176    -2.14220     0.33920 (mid-point)
    37.98084     0.95132    -2.01876     0.37437   (sampled)
    38.08084     0.90995    -1.88591     0.41281 (mid-point)
    38.18084     0.87283    -1.75306     0.45460   (sampled)
    38.28084     0.84052    -1.62622     0.49965 (mid-point)
    38.38084     0.81387    -1.49938     0.54771   (sampled)
    38.48084     0.78469    -1.39216     0.59940 (mid-point)
    38.58084     0.75932    -1.28494     0.65461   (sampled)
    38.68084     0.74053    -1.17395     0.71265 (mid-point)
    38.78084     0.72647    -1.06297     0.77297   (sampled)
    38.88084     0.66977    -0.65782     0.84393 (mid-point)
    38.98084     0.70975    -0.25268     0.90711   (sampled)
    39.08084     0.73342    -0.12634     0.96629 (mid-point)
    39.18084     0.76395    -0.00000     1.02083   (sampled)
    39.28084     0.80198     0.12670     1.07032 (mid-point)
    39.38084     0.84794     0.25340     1.11459   (sampled)
    39.48084     0.89974     0.37869     1.15391 (mid-point)
    39.58084     0.95238     0.50399     1.18901   (sampled)
    39.68084     1.00275     0.61326     1.22066 (mid-point)
    39.78084     1.05560     0.72254     1.24923   (sampled)
    39.88084     1.11371     0.83215     1.27489 (mid-point)
    39.98084     1.17414     0.94176     1.29798   (sampled)
    40.08084     1.23704     1.05162     1.31878 (mid-point)
    40.18084     1.30260     1.16147     1.33754   (sampled)
    40.28084     1.37210     1.27023     1.35445 (mid-point)
    40.38084     1.44323     1.37899     1.36973   (sampled)
    40.48084     1.50891     1.50139     1.38371 (mid-point)
    40.58084     1.57726     1.62380     1.39651   (sampled)
    40.68084     1.60069     1.74008     1.40893 (mid-point)
    40.78084     1.62414     1.85635     1.42100   (sampled)
    40.88084     1.59519     2.29665     1.43351 (mid-point)
    40.98084     1.63994     2.73694     1.44534   (sampled)
    41.08084     1.65280     2.87060     1.45700 (mid-point)
    41.18084     1.67205     3.00425     1.46838   (sampled)
    41.28084     2.23512     5.37787     1.47475 (mid-point)
    41.38084     3.63385     7.75149     1.47716   (sampled)
    41.48084     7.52571    13.04160     1.47773 (mid-point)
    41.58084    12.21657    18.33170     1.47794   (sampled)

 Minimum radius found:      0.670 angstroms.



 For spherical probe approach, The geometric factor
         F= sum(ds/area) along channel is    1.478 angstroms**-1
 This yields a macroscopic predicted molar conductance of:
   (1/rho)*(100/F)= (68/rho) pS,
   where rho is the conductivity of 1M permeant ion in ohm m.
 N.B. this is a macroscopic conductance - an overestimate 
 Empirically corrected conductances currently only available
 With the CAPSULE option (although its not that stable!)
 For 1M KCl rho= 1/12 (ohm m), So Gmacro= 810 pS/M.
  (TAG      1   Rmin=     0.66977   Gmacro=   811.94152 Conn_Gmacro=    -1.00000 ).
 HOLE: normal completion
