 *** Program HOLE ***
 
 If results of this run are reported or published, please
 cite the publication listed below.
 For the HOLE program:
   Smart, O.S., Goodfellow, J.M., Wallace, B.A. (1993). 
   The pore dimensions of gramicidin A. 
   Biophys. J., 65, 2455-2460.
 
 Originally written by Oliver Smart at Birkbeck College from April 1992.
 Copyright 1993-2005 Oliver Smart
 Copyright 2014-2015 SmartSci Limited.
 Copyright 2016 Oliver Smart.
 
 For help on HOLE suite see  http://www.holeprogram.org/
 
 HOLE release 2.2.005 (07 August 2016) 
 
 usage subject to Apache License, Version 2.0 
 see http://www.apache.org/licenses/LICENSE-2.0 

 Control variables read:

! Input file for Oliver Smart's HOLE program
! written by MDAnalysis.analysis.hole2.HoleAnalysis
! for a Universe
! u = mda.Universe(/afs/crc.nd.edu/user/m/mfarshad/Private/ML-new/traj/host-2Tri
!    /afs/crc.nd.edu/user/m/mfarshad/Private/ML-new/traj/host-2Triamidethiol+1DM
!   )
! Frame 58

COORD  /tmp/2550173.1.long/tmp19_ujolb.pdb
RADIUS simple2.rad
SPHPDB hole058.sph
SAMPLE 0.200000
ENDRAD 22.000000
IGNORE SOL WAT TIP HOH K   NA  CL
SHORTO 0
RASEED 31415
CPOINT 38.9786640417 38.6544233661 39.6754540773


 WARNING have not found a CVECT record - will try to guess
 Input pdb filename read as:    '/tmp/2550173.1.long/tmp19_ujolb.pdb'
 Input vdW radius file read as: 'simple2.rad'
 point in channel:   38.979  38.654  39.675
 channel vector:   ************************
 sampling distance between planes:    0.200

 graphics conditions:
 binary plot output file name: NONE
 Dot density:    10
 Draw dots?           T
 Draw close contacts? F
 Draw centre line?    T
 Produce spikes rather than dots? F
 Seed for random number generator:     31415 (0 means value set by program)
 Radius above which a result is regarded as an 'end':  22.000
 Pdb format file for sphere centres: hole058.sph

 Monte Carlo conditions:
  no of steps:  1000
  maximum displacement   0.100 angs
  'kT' initial   0.100 angs
 The spherebox and capsule options are turned off.
 (No molqpt card so will not write qpt file of the molecule)
 IGNORE card read so will ignore residue types: SOL WAT TIP HOH K   NA  CL
 no SHORTO card read so will produce full textual output
 As no PEGRAT card was found will not produce PEG polymer exclusion graph
 (No 2DMAPS card specified so will not produce 2D property maps)
 Have not found a CUT card.  Normal calculation using
   Cutoff lists with a cutsize=       1.000
   (if you wish to turn off option use a CUT -1 card)

 Have read     7 bond radius records and
              16 vdW radius records.
 From file: simple2.rad

 Have read   107 atom records.
 From file: /tmp/2550173.1.long/tmp19_ujolb.pdb
 Will not produce graphical output

 Have opened file for pdb format output of sphere centres:  hole058.sph

  Seed integer used by ran # generator on this run      31415

 
 S/R cguess will try to guess CPOINT and/or CVECT
 
 THESE GUESSES MAY WELL BE WRONG!!!!
 Routine relies on having a reasonably symmetric
 channel oriented along x, y or z vector
 YOU ARE STRONGLY ADVISED TO CHECK THE RESULTS
                       WITH MOLECULAR GRAPHICS
 testing points from cpoint in X, Y then Z direction
   point                   pore radius
direction     1
  33.979  38.654  39.675     1.461
  34.979  38.654  39.675     1.895
  35.979  38.654  39.675     2.113
  36.979  38.654  39.675     1.982
  37.979  38.654  39.675     1.666
  38.979  38.654  39.675     1.607
  39.979  38.654  39.675     1.616
  40.979  38.654  39.675     0.696
  41.979  38.654  39.675    -0.138
  42.979  38.654  39.675    -0.711
  43.979  38.654  39.675    -0.638
 Average pore radius along the line=      1.050
direction     2
  38.979  33.654  39.675     1.711
  38.979  34.654  39.675     1.770
  38.979  35.654  39.675     1.981
  38.979  36.654  39.675     2.016
  38.979  37.654  39.675     1.888
  38.979  38.654  39.675     1.607
  38.979  39.654  39.675     0.628
  38.979  40.654  39.675    -0.328
  38.979  41.654  39.675    -1.172
  38.979  42.654  39.675    -1.240
  38.979  43.654  39.675    -0.969
 Average pore radius along the line=      0.718
direction     3
  38.979  38.654  34.675    -1.210
  38.979  38.654  35.675    -0.959
  38.979  38.654  36.675    -0.242
  38.979  38.654  37.675     0.642
  38.979  38.654  38.675     1.475
  38.979  38.654  39.675     1.607
  38.979  38.654  40.675     0.860
  38.979  38.654  41.675    -0.058
  38.979  38.654  42.675    -0.812
  38.979  38.654  43.675    -0.878
  38.979  38.654  44.675    -0.173
 Average pore radius along the line=      0.023
 Best direction is found to be     1
(1=X,2=Y,3=Z)
 s/r cguess has produced initial values for cpoint &/or cvect:
CPOINT      38.9787     38.6544     39.6755
CVECT        1.0000      0.0000      0.0000
 THESE GUESSES MAY WELL BE WRONG!!!!
 Routine relies on having a reasonably symmetric
 channel oriented along x, y or z vector
 YOU ARE STRONGLY ADVISED TO CHECK THE RESULTS
                       WITH MOLECULAR GRAPHICS
 
 
  Some routines (e.g. conn) need vectors normal to cvect: 
     EAST Zero degrees angle is along vector    0.000   1.000   0.000
     NORTH  90 degrees angle is along vector    0.000   0.000  -1.000
 highest radius point found:
  at point   38.979  37.679  39.452
  closest atom surface    2.097   C21 URE X    1
  2nd closest surface     2.098   C11 URE X    1
  found on step  987
  this is also current point
  no. of rejections          378
 stored as     0

 highest radius point found:
  at point   39.179  36.897  39.575
  closest atom surface    2.149   C20 URE X    1
  2nd closest surface     2.153   C19 URE X    1
  found on step  380
 current point:
  at point   39.179  36.328  39.506
  closest atom surface    2.108   C24 URE X    1
  2nd closest surface     2.110   C11 URE X    1
  found on step  982
  no. of rejections          376
 stored as     1

 highest radius point found:
  at point   39.379  38.254  39.266
  closest atom surface    2.125   S3  URE X    1
  2nd closest surface     2.126   C12 URE X    1
  found on step  820
 current point:
  at point   39.379  38.253  39.270
  closest atom surface    2.124   S3  URE X    1
  2nd closest surface     2.126   S5  URE X    1
  found on step  955
  no. of rejections          314
 stored as     2

 highest radius point found:
  at point   39.579  38.473  39.001
  closest atom surface    2.029   S5  URE X    1
  2nd closest surface     2.029   C12 URE X    1
  found on step  306
 current point:
  at point   39.579  38.472  39.017
  closest atom surface    2.025   S5  URE X    1
  2nd closest surface     2.025   S3  URE X    1
  found on step  997
  no. of rejections          331
 stored as     3

 highest radius point found:
  at point   39.779  38.674  38.926
  closest atom surface    1.916   S3  URE X    1
  2nd closest surface     1.917   S4  URE X    1
  found on step  847
 current point:
  at point   39.779  38.680  38.918
  closest atom surface    1.916   S4  URE X    1
  2nd closest surface     1.916   S5  URE X    1
  found on step  971
  no. of rejections          282
 stored as     4

 highest radius point found:
  at point   39.979  38.860  39.057
  closest atom surface    1.769   S4  URE X    1
  2nd closest surface     1.770   S3  URE X    1
  found on step  933
  this is also current point
  no. of rejections          285
 stored as     5

 highest radius point found:
  at point   40.179  39.048  39.194
  closest atom surface    1.641   S5  URE X    1
  2nd closest surface     1.641   S3  URE X    1
  found on step  997
  this is also current point
  no. of rejections          260
 stored as     6

 highest radius point found:
  at point   40.379  39.236  39.324
  closest atom surface    1.534   S5  URE X    1
  2nd closest surface     1.535   S4  URE X    1
  found on step  930
  this is also current point
  no. of rejections          310
 stored as     7

 highest radius point found:
  at point   40.579  39.419  39.469
  closest atom surface    1.450   S3  URE X    1
  2nd closest surface     1.451   S5  URE X    1
  found on step  986
  this is also current point
  no. of rejections          318
 stored as     8

 highest radius point found:
  at point   40.779  39.606  39.601
  closest atom surface    1.394   S3  URE X    1
  2nd closest surface     1.394   S5  URE X    1
  found on step  983
  this is also current point
  no. of rejections          315
 stored as     9

 highest radius point found:
  at point   40.979  39.744  40.400
  closest atom surface    1.369   S5  URE X    1
  2nd closest surface     1.373   S3  URE X    1
  found on step  449
 current point:
  at point   40.979  39.742  40.363
  closest atom surface    1.366   S3  URE X    1
  2nd closest surface     1.368   S5  URE X    1
  found on step  997
  no. of rejections          342
 stored as    10

 highest radius point found:
  at point   41.179  39.928  40.521
  closest atom surface    1.389   S5  URE X    1
  2nd closest surface     1.389   S3  URE X    1
  found on step  876
 current point:
  at point   41.179  39.928  40.524
  closest atom surface    1.389   C22 URE X    1
  2nd closest surface     1.389   S5  URE X    1
  found on step  884
  no. of rejections          354
 stored as    11

 highest radius point found:
  at point   41.379  40.118  40.619
  closest atom surface    1.429   S5  URE X    1
  2nd closest surface     1.431   S3  URE X    1
  found on step  934
  this is also current point
  no. of rejections          356
 stored as    12

 highest radius point found:
  at point   41.579  40.309  40.705
  closest atom surface    1.492   S5  URE X    1
  2nd closest surface     1.494   S3  URE X    1
  found on step  664
 current point:
  at point   41.579  40.308  40.700
  closest atom surface    1.491   S5  URE X    1
  2nd closest surface     1.492   S3  URE X    1
  found on step  939
  no. of rejections          359
 stored as    13

 highest radius point found:
  at point   41.779  40.510  40.703
  closest atom surface    1.558   S5  URE X    1
  2nd closest surface     1.560   O10 URE X    1
  found on step  520
 current point:
  at point   41.779  40.501  40.707
  closest atom surface    1.558   O10 URE X    1
  2nd closest surface     1.559   S3  URE X    1
  found on step  979
  no. of rejections          329
 stored as    14

 highest radius point found:
  at point   41.979  40.702  40.692
  closest atom surface    1.648   S5  URE X    1
  2nd closest surface     1.649   S3  URE X    1
  found on step  945
  this is also current point
  no. of rejections          315
 stored as    15

 highest radius point found:
  at point   42.179  40.899  40.690
  closest atom surface    1.756   S5  URE X    1
  2nd closest surface     1.757   S3  URE X    1
  found on step  983
  this is also current point
  no. of rejections          265
 stored as    16

 highest radius point found:
  at point   42.379  41.097  40.680
  closest atom surface    1.880   S5  URE X    1
  2nd closest surface     1.880   S3  URE X    1
  found on step  713
 current point:
  at point   42.379  41.103  40.694
  closest atom surface    1.880   S5  URE X    1
  2nd closest surface     1.881   O10 URE X    1
  found on step  958
  no. of rejections          280
 stored as    17

 highest radius point found:
  at point   42.579  41.335  40.705
  closest atom surface    2.015   S4  URE X    1
  2nd closest surface     2.015   S5  URE X    1
  found on step  831
 current point:
  at point   42.579  41.354  40.714
  closest atom surface    2.012   S5  URE X    1
  2nd closest surface     2.016   O10 URE X    1
  found on step  992
  no. of rejections          317
 stored as    18

 highest radius point found:
  at point   42.779  41.583  40.733
  closest atom surface    2.168   S5  URE X    1
  2nd closest surface     2.168   S4  URE X    1
  found on step  996
  this is also current point
  no. of rejections          314
 stored as    19

 highest radius point found:
  at point   42.979  41.711  40.804
  closest atom surface    2.275   O   URE X    1
  2nd closest surface     2.275   S4  URE X    1
  found on step  978
  this is also current point
  no. of rejections          373
 stored as    20

 highest radius point found:
  at point   43.179  41.761  40.903
  closest atom surface    2.352   O   URE X    1
  2nd closest surface     2.353   S4  URE X    1
  found on step  983
  this is also current point
  no. of rejections          384
 stored as    21

 highest radius point found:
  at point   43.379  41.810  41.004
  closest atom surface    2.442   O   URE X    1
  2nd closest surface     2.443   S4  URE X    1
  found on step  998
  this is also current point
  no. of rejections          342
 stored as    22

 highest radius point found:
  at point   43.579  41.860  41.103
  closest atom surface    2.541   S4  URE X    1
  2nd closest surface     2.542   O   URE X    1
  found on step  426
 current point:
  at point   43.579  41.863  41.098
  closest atom surface    2.540   S4  URE X    1
  2nd closest surface     2.540   O   URE X    1
  found on step  969
  no. of rejections          343
 stored as    23

 highest radius point found:
  at point   43.779  41.909  41.208
  closest atom surface    2.651   O10 URE X    1
  2nd closest surface     2.651   O   URE X    1
  found on step  951
  this is also current point
  no. of rejections          356
 stored as    24

 highest radius point found:
  at point   43.979  42.011  41.396
  closest atom surface    2.736   O   URE X    1
  2nd closest surface     2.739   H26 URE X    1
  found on step  379
 current point:
  at point   43.979  42.029  41.218
  closest atom surface    2.732   H26 URE X    1
  2nd closest surface     2.732   O   URE X    1
  found on step  961
  no. of rejections          349
 stored as    25

 highest radius point found:
  at point   44.179  42.135  41.634
  closest atom surface    2.827   O   URE X    1
  2nd closest surface     2.830   H26 URE X    1
  found on step  930
  this is also current point
  no. of rejections          321
 stored as    26

 highest radius point found:
  at point   44.379  42.238  41.888
  closest atom surface    2.933   O10 URE X    1
  2nd closest surface     2.934   H26 URE X    1
  found on step  652
 current point:
  at point   44.379  42.358  40.978
  closest atom surface    2.900   O   URE X    1
  2nd closest surface     2.900   H26 URE X    1
  found on step  946
  no. of rejections          320
 stored as    27

 highest radius point found:
  at point   44.579  42.375  42.108
  closest atom surface    3.079   O10 URE X    1
  2nd closest surface     3.079   O   URE X    1
  found on step  974
  this is also current point
  no. of rejections          305
 stored as    28

 highest radius point found:
  at point   44.779  43.220  43.691
  closest atom surface    3.386   O   URE X    1
  2nd closest surface     3.387   O10 URE X    1
  found on step  987
  this is also current point
  no. of rejections          293
 stored as    29

 highest radius point found:
  at point   44.979  47.807  52.497
  closest atom surface   10.612   O10 URE X    1
  2nd closest surface    10.651   O   URE X    1
  found on step  999
  this is also current point
  no. of rejections          223
 stored as    30

 highest radius point found:
  at point   45.179  51.004  63.481
  closest atom surface   20.578   O11 URE X    1
  2nd closest surface    21.239   O10 URE X    1
  found on step 1000
  this is also current point
  no. of rejections          247
 stored as    31

 highest radius point found:
  at point   45.379  54.112  72.979
  closest atom surface   30.068   O11 URE X    1
  2nd closest surface    30.833   C36 URE X    1
  found on step 1000
  this is also current point
  no. of rejections          281
 This is an end! (radius above  22.0 angs)
 highest radius point found:
  at point   38.779  37.353  39.576
  closest atom surface    2.098   C11 URE X    1
  2nd closest surface     2.100   C21 URE X    1
  found on step  773
 current point:
  at point   38.779  37.560  39.530
  closest atom surface    2.093   C11 URE X    1
  2nd closest surface     2.093   C21 URE X    1
  found on step  906
  no. of rejections          360
 stored as    -1

 highest radius point found:
  at point   38.579  37.352  39.603
  closest atom surface    2.081   C20 URE X    1
  2nd closest surface     2.082   C11 URE X    1
  found on step    8
 current point:
  at point   38.579  36.775  39.652
  closest atom surface    2.080   C11 URE X    1
  2nd closest surface     2.080   C20 URE X    1
  found on step  905
  no. of rejections          369
 stored as    -2

 highest radius point found:
  at point   38.379  37.503  39.614
  closest atom surface    2.089   C20 URE X    1
  2nd closest surface     2.090   C11 URE X    1
  found on step  989
  this is also current point
  no. of rejections          353
 stored as    -3

 highest radius point found:
  at point   38.179  37.950  39.682
  closest atom surface    2.086   C12 URE X    1
  2nd closest surface     2.087   C20 URE X    1
  found on step  766
 current point:
  at point   38.179  38.034  39.682
  closest atom surface    2.084   C21 URE X    1
  2nd closest surface     2.085   C12 URE X    1
  found on step  995
  no. of rejections          403
 stored as    -4

 highest radius point found:
  at point   37.979  37.350  39.676
  closest atom surface    2.091   C20 URE X    1
  2nd closest surface     2.091   C11 URE X    1
  found on step  568
 current point:
  at point   37.979  37.520  39.686
  closest atom surface    2.082   C12 URE X    1
  2nd closest surface     2.083   C20 URE X    1
  found on step  862
  no. of rejections          398
 stored as    -5

 highest radius point found:
  at point   37.779  38.006  39.759
  closest atom surface    2.105   C12 URE X    1
  2nd closest surface     2.105   C20 URE X    1
  found on step  837
 current point:
  at point   37.779  37.999  39.759
  closest atom surface    2.104   C12 URE X    1
  2nd closest surface     2.105   C20 URE X    1
  found on step  988
  no. of rejections          405
 stored as    -6

 highest radius point found:
  at point   37.579  37.973  39.793
  closest atom surface    2.125   C12 URE X    1
  2nd closest surface     2.126   C20 URE X    1
  found on step  916
  this is also current point
  no. of rejections          385
 stored as    -7

 highest radius point found:
  at point   37.379  37.934  39.827
  closest atom surface    2.155   C12 URE X    1
  2nd closest surface     2.156   C20 URE X    1
  found on step  680
 current point:
  at point   37.379  37.849  39.820
  closest atom surface    2.151   C12 URE X    1
  2nd closest surface     2.151   C20 URE X    1
  found on step  913
  no. of rejections          391
 stored as    -8

 highest radius point found:
  at point   37.179  37.924  39.863
  closest atom surface    2.198   C12 URE X    1
  2nd closest surface     2.198   C20 URE X    1
  found on step  915
  this is also current point
  no. of rejections          377
 stored as    -9

 highest radius point found:
  at point   36.979  37.932  39.912
  closest atom surface    2.219   N1  URE X    1
  2nd closest surface     2.219   N5  URE X    1
  found on step  913
  this is also current point
  no. of rejections          389
 stored as   -10

 highest radius point found:
  at point   36.779  38.110  39.865
  closest atom surface    2.229   N5  URE X    1
  2nd closest surface     2.229   N1  URE X    1
  found on step  986
  this is also current point
  no. of rejections          368
 stored as   -11

 highest radius point found:
  at point   36.579  38.265  39.834
  closest atom surface    2.256   N5  URE X    1
  2nd closest surface     2.256   N1  URE X    1
  found on step  220
 current point:
  at point   36.579  38.052  39.987
  closest atom surface    2.249   N1  URE X    1
  2nd closest surface     2.250   N5  URE X    1
  found on step  942
  no. of rejections          396
 stored as   -12

 highest radius point found:
  at point   36.379  38.395  39.822
  closest atom surface    2.295   N5  URE X    1
  2nd closest surface     2.296   N1  URE X    1
  found on step  520
 current point:
  at point   36.379  38.320  39.875
  closest atom surface    2.288   N1  URE X    1
  2nd closest surface     2.290   N5  URE X    1
  found on step  993
  no. of rejections          383
 stored as   -13

 highest radius point found:
  at point   36.179  38.467  39.850
  closest atom surface    2.342   N1  URE X    1
  2nd closest surface     2.342   N5  URE X    1
  found on step 1000
  this is also current point
  no. of rejections          382
 stored as   -14

 highest radius point found:
  at point   35.979  38.418  39.954
  closest atom surface    2.376   H32 URE X    1
  2nd closest surface     2.376   N1  URE X    1
  found on step  933
  this is also current point
  no. of rejections          360
 stored as   -15

 highest radius point found:
  at point   35.779  38.403  40.044
  closest atom surface    2.405   H34 URE X    1
  2nd closest surface     2.405   O16 URE X    1
  found on step  871
 current point:
  at point   35.779  38.403  40.050
  closest atom surface    2.403   H32 URE X    1
  2nd closest surface     2.404   H34 URE X    1
  found on step  964
  no. of rejections          365
 stored as   -16

 highest radius point found:
  at point   35.579  38.434  40.214
  closest atom surface    2.378   O16 URE X    1
  2nd closest surface     2.378   H34 URE X    1
  found on step  983
  this is also current point
  no. of rejections          369
 stored as   -17

 highest radius point found:
  at point   35.379  38.467  40.384
  closest atom surface    2.369   O16 URE X    1
  2nd closest surface     2.370   H34 URE X    1
  found on step  681
 current point:
  at point   35.379  38.455  40.393
  closest atom surface    2.367   O16 URE X    1
  2nd closest surface     2.367   H32 URE X    1
  found on step  894
  no. of rejections          362
 stored as   -18

 highest radius point found:
  at point   35.179  38.527  40.504
  closest atom surface    2.363   O16 URE X    1
  2nd closest surface     2.364   O14 URE X    1
  found on step  905
  this is also current point
  no. of rejections          360
 stored as   -19

 highest radius point found:
  at point   34.979  38.627  40.564
  closest atom surface    2.358   O16 URE X    1
  2nd closest surface     2.358   H34 URE X    1
  found on step  547
 current point:
  at point   34.979  38.627  40.565
  closest atom surface    2.357   H34 URE X    1
  2nd closest surface     2.358   O14 URE X    1
  found on step  915
  no. of rejections          359
 stored as   -20

 highest radius point found:
  at point   34.779  38.726  40.627
  closest atom surface    2.363   O14 URE X    1
  2nd closest surface     2.363   H34 URE X    1
  found on step  955
  this is also current point
  no. of rejections          360
 stored as   -21

 highest radius point found:
  at point   34.579  38.826  40.680
  closest atom surface    2.386   H34 URE X    1
  2nd closest surface     2.386   O16 URE X    1
  found on step  995
  this is also current point
  no. of rejections          374
 stored as   -22

 highest radius point found:
  at point   34.379  38.928  40.743
  closest atom surface    2.421   H34 URE X    1
  2nd closest surface     2.423   O16 URE X    1
  found on step  993
  this is also current point
  no. of rejections          364
 stored as   -23

 highest radius point found:
  at point   34.179  39.027  40.804
  closest atom surface    2.470   O14 URE X    1
  2nd closest surface     2.471   O16 URE X    1
  found on step  992
  this is also current point
  no. of rejections          369
 stored as   -24

 highest radius point found:
  at point   33.979  39.137  40.865
  closest atom surface    2.534   H34 URE X    1
  2nd closest surface     2.534   O14 URE X    1
  found on step  923
  this is also current point
  no. of rejections          385
 stored as   -25

 highest radius point found:
  at point   33.779  39.271  40.865
  closest atom surface    2.596   O16 URE X    1
  2nd closest surface     2.596   H34 URE X    1
  found on step  805
 current point:
  at point   33.779  39.252  40.881
  closest atom surface    2.592   O16 URE X    1
  2nd closest surface     2.593   O12 URE X    1
  found on step  953
  no. of rejections          380
 stored as   -26

 highest radius point found:
  at point   33.579  39.437  40.821
  closest atom surface    2.660   O12 URE X    1
  2nd closest surface     2.660   H34 URE X    1
  found on step  503
 current point:
  at point   33.579  39.429  40.827
  closest atom surface    2.658   O12 URE X    1
  2nd closest surface     2.659   O16 URE X    1
  found on step  955
  no. of rejections          375
 stored as   -27

 highest radius point found:
  at point   33.379  39.465  40.887
  closest atom surface    2.704   O12 URE X    1
  2nd closest surface     2.704   O16 URE X    1
  found on step  668
 current point:
  at point   33.379  39.463  40.889
  closest atom surface    2.703   O12 URE X    1
  2nd closest surface     2.704   O16 URE X    1
  found on step  909
  no. of rejections          365
 stored as   -28

 highest radius point found:
  at point   33.179  39.495  40.954
  closest atom surface    2.757   O12 URE X    1
  2nd closest surface     2.759   O16 URE X    1
  found on step  853
 current point:
  at point   33.179  39.487  40.959
  closest atom surface    2.756   O12 URE X    1
  2nd closest surface     2.756   O16 URE X    1
  found on step  914
  no. of rejections          374
 stored as   -29

 highest radius point found:
  at point   32.979  39.529  41.014
  closest atom surface    2.822   O16 URE X    1
  2nd closest surface     2.822   O12 URE X    1
  found on step  932
  this is also current point
  no. of rejections          356
 stored as   -30

 highest radius point found:
  at point   32.779  39.561  41.079
  closest atom surface    2.893   O12 URE X    1
  2nd closest surface     2.896   O16 URE X    1
  found on step  996
  this is also current point
  no. of rejections          371
 stored as   -31

 highest radius point found:
  at point   32.579  39.595  41.138
  closest atom surface    2.974   O18 URE X    1
  2nd closest surface     2.976   O16 URE X    1
  found on step  520
 current point:
  at point   32.579  39.588  41.143
  closest atom surface    2.974   O16 URE X    1
  2nd closest surface     2.976   O12 URE X    1
  found on step  973
  no. of rejections          357
 stored as   -32

 highest radius point found:
  at point   32.379  39.626  41.203
  closest atom surface    3.065   O18 URE X    1
  2nd closest surface     3.065   O12 URE X    1
  found on step  928
  this is also current point
  no. of rejections          358
 stored as   -33

 highest radius point found:
  at point   32.179  39.657  41.267
  closest atom surface    3.162   O18 URE X    1
  2nd closest surface     3.162   O16 URE X    1
  found on step  943
  this is also current point
  no. of rejections          380
 stored as   -34

 highest radius point found:
  at point   31.979  39.684  41.336
  closest atom surface    3.265   O12 URE X    1
  2nd closest surface     3.267   O16 URE X    1
  found on step  721
 current point:
  at point   31.979  39.694  41.332
  closest atom surface    3.265   O12 URE X    1
  2nd closest surface     3.265   O18 URE X    1
  found on step  992
  no. of rejections          345
 stored as   -35

 highest radius point found:
  at point   31.779  39.716  41.398
  closest atom surface    3.377   O12 URE X    1
  2nd closest surface     3.377   O16 URE X    1
  found on step  960
  this is also current point
  no. of rejections          345
 stored as   -36

 highest radius point found:
  at point   31.579  39.746  41.463
  closest atom surface    3.494   O12 URE X    1
  2nd closest surface     3.495   O16 URE X    1
  found on step  995
  this is also current point
  no. of rejections          330
 stored as   -37

 highest radius point found:
  at point   31.379  39.780  41.526
  closest atom surface    3.617   O12 URE X    1
  2nd closest surface     3.619   O16 URE X    1
  found on step  982
  this is also current point
  no. of rejections          323
 stored as   -38

 highest radius point found:
  at point   31.179  39.808  41.591
  closest atom surface    3.746   O16 URE X    1
  2nd closest surface     3.747   O12 URE X    1
  found on step  984
  this is also current point
  no. of rejections          337
 stored as   -39

 highest radius point found:
  at point   30.979  39.844  41.652
  closest atom surface    3.881   O12 URE X    1
  2nd closest surface     3.882   O16 URE X    1
  found on step  992
  this is also current point
  no. of rejections          317
 stored as   -40

 highest radius point found:
  at point   30.779  39.881  41.714
  closest atom surface    4.020   O12 URE X    1
  2nd closest surface     4.021   O18 URE X    1
  found on step  913
  this is also current point
  no. of rejections          331
 stored as   -41

 highest radius point found:
  at point   30.579  39.912  41.777
  closest atom surface    4.163   O12 URE X    1
  2nd closest surface     4.164   O18 URE X    1
  found on step  997
  this is also current point
  no. of rejections          337
 stored as   -42

 highest radius point found:
  at point   30.379  39.936  41.844
  closest atom surface    4.311   O16 URE X    1
  2nd closest surface     4.311   O12 URE X    1
  found on step  973
  this is also current point
  no. of rejections          324
 stored as   -43

 highest radius point found:
  at point   30.179  39.974  41.906
  closest atom surface    4.462   O12 URE X    1
  2nd closest surface     4.464   O18 URE X    1
  found on step  298
 current point:
  at point   30.179  39.978  41.908
  closest atom surface    4.460   O12 URE X    1
  2nd closest surface     4.465   O18 URE X    1
  found on step  991
  no. of rejections          313
 stored as   -44

 highest radius point found:
  at point   29.979  40.006  41.968
  closest atom surface    4.617   O12 URE X    1
  2nd closest surface     4.617   O18 URE X    1
  found on step  934
  this is also current point
  no. of rejections          306
 stored as   -45

 highest radius point found:
  at point   29.779  43.499  42.208
  closest atom surface    5.050   O18 URE X    1
  2nd closest surface     5.071   O12 URE X    1
  found on step  998
  this is also current point
  no. of rejections          248
 stored as   -46

 highest radius point found:
  at point   29.579  51.699  43.364
  closest atom surface    8.899   C   URE X    1
  2nd closest surface     9.021   H1  URE X    1
  found on step 1000
  this is also current point
  no. of rejections          225
 stored as   -47

 highest radius point found:
  at point   29.379  59.067  46.059
  closest atom surface   14.605   C   URE X    1
  2nd closest surface    15.018   H   URE X    1
  found on step 1000
  this is also current point
  no. of rejections          204
 stored as   -48

 highest radius point found:
  at point   29.179  67.336  49.562
  closest atom surface   22.622   C   URE X    1
  2nd closest surface    22.938   H   URE X    1
  found on step 1000
  this is also current point
  no. of rejections          252
 This is an end! (radius above  22.0 angs)
 
 N.b. Graph information routine (HOGRAP) differs 
        markedly from previous versions!
       Information now is written from -ve end
       to +ve in one pass
 
 Explanation of the meaning of each column: 
 First column "cenxyz.cvec" is the coordinate in the
   direction of the channel vector i.e. if the channel
   vector is in z (0 0 1) then it is the z coordinate.
 The second column "radius" is the hole pore radius 
   (as defined in the Biophys J 1993) article).
 The third column "cen_line_D" is the distance 
   measured along the pore centre line - with the 
   first point found set to zero. This was the first
   thing that I used to measure the distance along a pore
   but "cenxyz.cvec" is a much better general measure. 
   However, by comparing changes in this distance to changes in '   "cenxyz.cvec" one can get a measure of how straight a 
   channel is.
 The fourth column "sum{s/(area)}" is useful in conductance
   prediction -
   basically it is the sum of the thickness of each slab
   divided by its area. HOLE uses this measure to estimate
   the macroscopic conductance of a channel.
 If any of this worries you one can see the "raw" results
   of a standard hole run by producing a sphpdb file and 
    directly looking at the results.
 cenxyz.cvec      radius  cen_line_D sum{s/(area point sourc
    29.37866    14.60528   -31.05195     0.00015   (sampled)
    29.47866    11.48277   -27.12795     0.00039 (mid-point)
    29.57866     8.89918   -23.20394     0.00079   (sampled)
    29.67866     6.89797   -19.06196     0.00146 (mid-point)
    29.77866     5.04973   -14.91997     0.00271   (sampled)
    29.87866     4.59565   -13.16658     0.00422 (mid-point)
    29.97866     4.61711   -11.41318     0.00571   (sampled)
    30.07866     4.53897   -11.30731     0.00726 (mid-point)
    30.17866     4.46167   -11.20145     0.00885   (sampled)
    30.27866     4.38580   -11.09510     0.01051 (mid-point)
    30.37866     4.31076   -10.98875     0.01222   (sampled)
    30.47866     4.23669   -10.88252     0.01400 (mid-point)
    30.57866     4.16350   -10.77628     0.01583   (sampled)
    30.67866     4.09102   -10.67035     0.01773 (mid-point)
    30.77866     4.01960   -10.56442     0.01970   (sampled)
    30.87866     3.94967   -10.45819     0.02174 (mid-point)
    30.97866     3.88090   -10.35196     0.02386   (sampled)
    31.07866     3.81333   -10.24574     0.02605 (mid-point)
    31.17866     3.74633   -10.13951     0.02831   (sampled)
    31.27866     3.68156   -10.03354     0.03066 (mid-point)
    31.37866     3.61744    -9.92756     0.03310   (sampled)
    31.47866     3.55503    -9.82140     0.03561 (mid-point)
    31.57866     3.49405    -9.71524     0.03822   (sampled)
    31.67866     3.43474    -9.60898     0.04092 (mid-point)
    31.77866     3.37696    -9.50272     0.04371   (sampled)
    31.87866     3.32023    -9.39676     0.04660 (mid-point)
    31.97866     3.26513    -9.29080     0.04958   (sampled)
    32.07866     3.21293    -9.18417     0.05267 (mid-point)
    32.17866     3.16232    -9.07753     0.05585   (sampled)
    32.27866     3.11275    -8.97144     0.05914 (mid-point)
    32.37866     3.06504    -8.86536     0.06252   (sampled)
    32.47866     3.01866    -8.75906     0.06602 (mid-point)
    32.57866     2.97425    -8.65276     0.06962   (sampled)
    32.67866     2.93390    -8.54710     0.07331 (mid-point)
    32.77866     2.89321    -8.44144     0.07712   (sampled)
    32.87866     2.85641    -8.33504     0.08102 (mid-point)
    32.97866     2.82160    -8.22863     0.08502   (sampled)
    33.07866     2.78807    -8.12284     0.08911 (mid-point)
    33.17866     2.75658    -8.01704     0.09330   (sampled)
    33.27866     2.72899    -7.91061     0.09757 (mid-point)
    33.37866     2.70382    -7.80418     0.10193   (sampled)
    33.47866     2.68046    -7.69801     0.10636 (mid-point)
    33.57866     2.65958    -7.59183     0.11086   (sampled)
    33.67866     2.62577    -7.46012     0.11547 (mid-point)
    33.77866     2.59592    -7.32841     0.12020   (sampled)
    33.87866     2.56309    -7.20785     0.12504 (mid-point)
    33.97866     2.53361    -7.08728     0.13000   (sampled)
    34.07866     2.50065    -6.96919     0.13509 (mid-point)
    34.17866     2.47007    -6.85109     0.14031   (sampled)
    34.27866     2.44523    -6.73523     0.14563 (mid-point)
    34.37866     2.42135    -6.61938     0.15106   (sampled)
    34.47866     2.40149    -6.50306     0.15658 (mid-point)
    34.57866     2.38551    -6.38675     0.16218   (sampled)
    34.67866     2.37255    -6.27173     0.16783 (mid-point)
    34.77866     2.36319    -6.15671     0.17353   (sampled)
    34.87866     2.35858    -6.04062     0.17925 (mid-point)
    34.97866     2.35752    -5.92454     0.18498   (sampled)
    35.07866     2.35863    -5.80899     0.19070 (mid-point)
    35.17866     2.36308    -5.69344     0.19640   (sampled)
    35.27866     2.36430    -5.57301     0.20210 (mid-point)
    35.37866     2.36913    -5.45258     0.20777   (sampled)
    35.47866     2.37121    -5.32041     0.21343 (mid-point)
    35.57866     2.37786    -5.18824     0.21906   (sampled)
    35.67866     2.38871    -5.05591     0.22464 (mid-point)
    35.77866     2.40458    -4.92359     0.23014   (sampled)
    35.87866     2.38970    -4.81371     0.23572 (mid-point)
    35.97866     2.37553    -4.70382     0.24136   (sampled)
    36.07866     2.35711    -4.58850     0.24708 (mid-point)
    36.17866     2.34170    -4.47317     0.25289   (sampled)
    36.27866     2.31746    -4.36597     0.25882 (mid-point)
    36.37866     2.29525    -4.25876     0.26486   (sampled)
    36.47866     2.27386    -4.13955     0.27102 (mid-point)
    36.57866     2.25592    -4.02033     0.27727   (sampled)
    36.67866     2.24043    -3.89263     0.28361 (mid-point)
    36.77866     2.22899    -3.76492     0.29002   (sampled)
    36.87866     2.22157    -3.62896     0.29647 (mid-point)
    36.97866     2.21875    -3.49299     0.30293   (sampled)
    37.07866     2.20796    -3.38990     0.30946 (mid-point)
    37.17866     2.19766    -3.28681     0.31605   (sampled)
    37.27866     2.17514    -3.18509     0.32278 (mid-point)
    37.37866     2.15508    -3.08337     0.32963   (sampled)
    37.47866     2.13870    -2.98009     0.33659 (mid-point)
    37.57866     2.12495    -2.87682     0.34364   (sampled)
    37.67866     2.11345    -2.77407     0.35077 (mid-point)
    37.77866     2.10460    -2.67131     0.35796   (sampled)
    37.87866     2.08295    -2.32617     0.36529 (mid-point)
    37.97866     2.09064    -1.98102     0.37258   (sampled)
    38.07866     2.07607    -1.66516     0.37996 (mid-point)
    38.17866     2.08587    -1.34930     0.38728   (sampled)
    38.27866     2.08008    -1.10234     0.39463 (mid-point)
    38.37866     2.08878    -0.85537     0.40193   (sampled)
    38.47866     2.08300    -0.72978     0.40927 (mid-point)
    38.57866     2.08122    -0.60418     0.41661   (sampled)
    38.67866     2.08881    -0.50328     0.42391 (mid-point)
    38.77866     2.09777    -0.40237     0.43114   (sampled)
    38.87866     2.09264    -0.20119     0.43841 (mid-point)
    38.97866     2.09728     0.00000     0.44565   (sampled)
    39.07866     2.10855     0.40837     0.45281 (mid-point)
    39.17866     2.14929     0.81674     0.45970   (sampled)
    39.27866     2.09565     1.51966     0.46695 (mid-point)
    39.37866     2.12466     2.22259     0.47400   (sampled)
    39.47866     2.07227     2.42158     0.48141 (mid-point)
    39.57866     2.02865     2.62057     0.48914   (sampled)
    39.67866     1.97042     2.76705     0.49734 (mid-point)
    39.77866     1.91640     2.91352     0.50601   (sampled)
    39.87866     1.84066     3.06525     0.51541 (mid-point)
    39.97866     1.76909     3.21698     0.52558   (sampled)
    40.07866     1.70279     3.37043     0.53655 (mid-point)
    40.17866     1.64080     3.52388     0.54838   (sampled)
    40.27866     1.58474     3.67552     0.56105 (mid-point)
    40.37866     1.53431     3.82716     0.57457   (sampled)
    40.47866     1.48965     3.98099     0.58892 (mid-point)
    40.57866     1.45040     4.13483     0.60405   (sampled)
    40.67866     1.41873     4.28696     0.61986 (mid-point)
    40.77866     1.39359     4.43910     0.63625   (sampled)
    40.87866     1.35528     4.85637     0.65358 (mid-point)
    40.97866     1.36853     5.27365     0.67058   (sampled)
    41.07866     1.37563     5.42253     0.68740 (mid-point)
    41.17866     1.38927     5.57141     0.70389   (sampled)
    41.27866     1.40628     5.71761     0.71999 (mid-point)
    41.37866     1.42944     5.86382     0.73557   (sampled)
    41.47866     1.45771     6.00853     0.75055 (mid-point)
    41.57866     1.49175     6.15325     0.76485   (sampled)
    41.67866     1.52235     6.29510     0.77858 (mid-point)
    41.77866     1.55834     6.43695     0.79169   (sampled)
    41.87866     1.60088     6.57588     0.80411 (mid-point)
    41.97866     1.64821     6.71480     0.81583   (sampled)
    42.07866     1.69985     6.85515     0.82685 (mid-point)
    42.17866     1.75603     6.99549     0.83717   (sampled)
    42.27866     1.81602     7.13609     0.84682 (mid-point)
    42.37866     1.88017     7.27668     0.85582   (sampled)
    42.47866     1.94520     7.43264     0.86424 (mid-point)
    42.57866     2.01468     7.58859     0.87208   (sampled)
    42.67866     2.08902     7.74883     0.87937 (mid-point)
    42.77866     2.16810     7.90908     0.88614   (sampled)
    42.87866     2.22020     8.03289     0.89260 (mid-point)
    42.97866     2.27465     8.15670     0.89875   (sampled)
    43.07866     2.31211     8.27095     0.90471 (mid-point)
    43.17866     2.35247     8.38521     0.91046   (sampled)
    43.27866     2.39583     8.50000     0.91601 (mid-point)
    43.37866     2.44195     8.61478     0.92134   (sampled)
    43.47866     2.49047     8.72916     0.92648 (mid-point)
    43.57866     2.54149     8.84353     0.93140   (sampled)
    43.67866     2.59531     8.95905     0.93613 (mid-point)
    43.77866     2.65062     9.07457     0.94066   (sampled)
    43.87866     2.69148     9.22106     0.94505 (mid-point)
    43.97866     2.73600     9.36756     0.94931   (sampled)
    44.07866     2.77861     9.53466     0.95343 (mid-point)
    44.17866     2.82705     9.70175     0.95741   (sampled)
    44.27866     2.87880     9.87154     0.96125 (mid-point)
    44.37866     2.93283    10.04132     0.96495   (sampled)
    44.47866     3.00337    10.20496     0.96848 (mid-point)
    44.57866     3.07851    10.36860     0.97184   (sampled)
    44.67866     3.15043    11.27154     0.97505 (mid-point)
    44.77866     3.38579    12.17447     0.97782   (sampled)
    44.87866     6.30022    17.13994     0.97863 (mid-point)
    44.97866    10.61180    22.10540     0.97891   (sampled)
    45.07866    15.43748    27.82624     0.97904 (mid-point)
    45.17866    20.57763    33.54708     0.97912   (sampled)

 Minimum radius found:      1.355 angstroms.



 For spherical probe approach, The geometric factor
         F= sum(ds/area) along channel is    0.979 angstroms**-1
 This yields a macroscopic predicted molar conductance of:
   (1/rho)*(100/F)= (100/rho) pS,
   where rho is the conductivity of 1M permeant ion in ohm m.
 N.B. this is a macroscopic conductance - an overestimate 
 Empirically corrected conductances currently only available
 With the CAPSULE option (although its not that stable!)
 For 1M KCl rho= 1/12 (ohm m), So Gmacro= 1200 pS/M.
  (TAG      1   Rmin=     1.35528   Gmacro=  1225.59257 Conn_Gmacro=    -1.00000 ).
 HOLE: normal completion
