 *** Program HOLE ***
 
 If results of this run are reported or published, please
 cite the publication listed below.
 For the HOLE program:
   Smart, O.S., Goodfellow, J.M., Wallace, B.A. (1993). 
   The pore dimensions of gramicidin A. 
   Biophys. J., 65, 2455-2460.
 
 Originally written by Oliver Smart at Birkbeck College from April 1992.
 Copyright 1993-2005 Oliver Smart
 Copyright 2014-2015 SmartSci Limited.
 Copyright 2016 Oliver Smart.
 
 For help on HOLE suite see  http://www.holeprogram.org/
 
 HOLE release 2.2.005 (07 August 2016) 
 
 usage subject to Apache License, Version 2.0 
 see http://www.apache.org/licenses/LICENSE-2.0 

 Control variables read:

! Input file for Oliver Smart's HOLE program
! written by MDAnalysis.analysis.hole2.HoleAnalysis
! for a Universe
! u = mda.Universe(/afs/crc.nd.edu/user/m/mfarshad/Private/ML-new/traj/host-2Tri
!    /afs/crc.nd.edu/user/m/mfarshad/Private/ML-new/traj/host-2Triamidethiol+1DM
!   )
! Frame 21

COORD  /tmp/2550173.1.long/tmp018g9qto.pdb
RADIUS simple2.rad
SPHPDB hole021.sph
SAMPLE 0.200000
ENDRAD 22.000000
IGNORE SOL WAT TIP HOH K   NA  CL
SHORTO 0
RASEED 31415
CPOINT 39.2823321619 40.3935187866 40.4327913445


 WARNING have not found a CVECT record - will try to guess
 Input pdb filename read as:    '/tmp/2550173.1.long/tmp018g9qto.pdb'
 Input vdW radius file read as: 'simple2.rad'
 point in channel:   39.282  40.394  40.433
 channel vector:   ************************
 sampling distance between planes:    0.200

 graphics conditions:
 binary plot output file name: NONE
 Dot density:    10
 Draw dots?           T
 Draw close contacts? F
 Draw centre line?    T
 Produce spikes rather than dots? F
 Seed for random number generator:     31415 (0 means value set by program)
 Radius above which a result is regarded as an 'end':  22.000
 Pdb format file for sphere centres: hole021.sph

 Monte Carlo conditions:
  no of steps:  1000
  maximum displacement   0.100 angs
  'kT' initial   0.100 angs
 The spherebox and capsule options are turned off.
 (No molqpt card so will not write qpt file of the molecule)
 IGNORE card read so will ignore residue types: SOL WAT TIP HOH K   NA  CL
 no SHORTO card read so will produce full textual output
 As no PEGRAT card was found will not produce PEG polymer exclusion graph
 (No 2DMAPS card specified so will not produce 2D property maps)
 Have not found a CUT card.  Normal calculation using
   Cutoff lists with a cutsize=       1.000
   (if you wish to turn off option use a CUT -1 card)

 Have read     7 bond radius records and
              16 vdW radius records.
 From file: simple2.rad

 Have read   107 atom records.
 From file: /tmp/2550173.1.long/tmp018g9qto.pdb
 Will not produce graphical output

 Have opened file for pdb format output of sphere centres:  hole021.sph

  Seed integer used by ran # generator on this run      31415

 
 S/R cguess will try to guess CPOINT and/or CVECT
 
 THESE GUESSES MAY WELL BE WRONG!!!!
 Routine relies on having a reasonably symmetric
 channel oriented along x, y or z vector
 YOU ARE STRONGLY ADVISED TO CHECK THE RESULTS
                       WITH MOLECULAR GRAPHICS
 testing points from cpoint in X, Y then Z direction
   point                   pore radius
direction     1
  34.282  40.394  40.433    -0.268
  35.282  40.394  40.433     0.116
  36.282  40.394  40.433     0.427
  37.282  40.394  40.433     0.807
  38.282  40.394  40.433     1.446
  39.282  40.394  40.433     1.690
  40.282  40.394  40.433     1.156
  41.282  40.394  40.433     0.768
  42.282  40.394  40.433     0.171
  43.282  40.394  40.433    -0.389
  44.282  40.394  40.433    -0.790
 Average pore radius along the line=      0.467
direction     2
  39.282  35.394  40.433    -0.701
  39.282  36.394  40.433    -0.258
  39.282  37.394  40.433     0.547
  39.282  38.394  40.433     1.460
  39.282  39.394  40.433     1.923
  39.282  40.394  40.433     1.690
  39.282  41.394  40.433     1.042
  39.282  42.394  40.433     0.379
  39.282  43.394  40.433     0.016
  39.282  44.394  40.433     0.115
  39.282  45.394  40.433     0.623
 Average pore radius along the line=      0.621
direction     3
  39.282  40.394  35.433    -0.772
  39.282  40.394  36.433    -0.247
  39.282  40.394  37.433     0.138
  39.282  40.394  38.433     0.802
  39.282  40.394  39.433     1.630
  39.282  40.394  40.433     1.690
  39.282  40.394  41.433     0.998
  39.282  40.394  42.433     0.535
  39.282  40.394  43.433     0.435
  39.282  40.394  44.433     0.510
  39.282  40.394  45.433     0.286
 Average pore radius along the line=      0.546
 Best direction is found to be     2
(1=X,2=Y,3=Z)
 s/r cguess has produced initial values for cpoint &/or cvect:
CPOINT      39.2823     40.3935     40.4328
CVECT        0.0000      1.0000      0.0000
 THESE GUESSES MAY WELL BE WRONG!!!!
 Routine relies on having a reasonably symmetric
 channel oriented along x, y or z vector
 YOU ARE STRONGLY ADVISED TO CHECK THE RESULTS
                       WITH MOLECULAR GRAPHICS
 
 
  Some routines (e.g. conn) need vectors normal to cvect: 
     EAST Zero degrees angle is along vector    1.000   0.000   0.000
     NORTH  90 degrees angle is along vector    0.000   0.000   1.000
 highest radius point found:
  at point   39.307  40.394  39.925
  closest atom surface    2.077   C8  URE X    1
  2nd closest surface     2.079   C20 URE X    1
  found on step  540
 current point:
  at point   39.584  40.394  39.770
  closest atom surface    2.062   C20 URE X    1
  2nd closest surface     2.063   C8  URE X    1
  found on step  958
  no. of rejections          366
 stored as     0

 highest radius point found:
  at point   39.488  40.594  39.784
  closest atom surface    2.062   C21 URE X    1
  2nd closest surface     2.064   S5  URE X    1
  found on step  442
 current point:
  at point   40.302  40.594  39.197
  closest atom surface    2.058   C8  URE X    1
  2nd closest surface     2.058   C21 URE X    1
  found on step  989
  no. of rejections          364
 stored as     1

 highest radius point found:
  at point   40.342  40.794  39.100
  closest atom surface    2.062   C21 URE X    1
  2nd closest surface     2.064   C8  URE X    1
  found on step  956
  this is also current point
  no. of rejections          378
 stored as     2

 highest radius point found:
  at point   40.284  40.994  39.069
  closest atom surface    2.062   C8  URE X    1
  2nd closest surface     2.063   C21 URE X    1
  found on step  966
  this is also current point
  no. of rejections          385
 stored as     3

 highest radius point found:
  at point   40.238  41.194  39.040
  closest atom surface    2.069   C28 URE X    1
  2nd closest surface     2.069   C21 URE X    1
  found on step 1000
  this is also current point
  no. of rejections          357
 stored as     4

 highest radius point found:
  at point   40.172  41.394  39.012
  closest atom surface    2.094   C28 URE X    1
  2nd closest surface     2.095   N4  URE X    1
  found on step  904
  this is also current point
  no. of rejections          379
 stored as     5

 highest radius point found:
  at point   40.105  41.594  38.988
  closest atom surface    2.127   N4  URE X    1
  2nd closest surface     2.128   C8  URE X    1
  found on step  911
  this is also current point
  no. of rejections          391
 stored as     6

 highest radius point found:
  at point   40.082  41.794  38.930
  closest atom surface    2.132   C28 URE X    1
  2nd closest surface     2.133   S5  URE X    1
  found on step  955
  this is also current point
  no. of rejections          391
 stored as     7

 highest radius point found:
  at point   40.045  41.994  38.820
  closest atom surface    2.108   S5  URE X    1
  2nd closest surface     2.110   N4  URE X    1
  found on step  813
 current point:
  at point   40.068  41.994  38.836
  closest atom surface    2.108   S5  URE X    1
  2nd closest surface     2.108   C28 URE X    1
  found on step  963
  no. of rejections          383
 stored as     8

 highest radius point found:
  at point   40.049  42.194  38.735
  closest atom surface    2.095   C28 URE X    1
  2nd closest surface     2.098   S5  URE X    1
  found on step  995
  this is also current point
  no. of rejections          387
 stored as     9

 highest radius point found:
  at point   39.991  42.394  38.607
  closest atom surface    2.102   C28 URE X    1
  2nd closest surface     2.102   S5  URE X    1
  found on step  955
  this is also current point
  no. of rejections          398
 stored as    10

 highest radius point found:
  at point   39.970  42.594  38.509
  closest atom surface    2.114   S5  URE X    1
  2nd closest surface     2.118   C28 URE X    1
  found on step  388
 current point:
  at point   40.474  42.594  38.898
  closest atom surface    2.085   C28 URE X    1
  2nd closest surface     2.086   S5  URE X    1
  found on step  948
  no. of rejections          367
 stored as    11

 highest radius point found:
  at point   39.934  42.794  38.392
  closest atom surface    2.145   C28 URE X    1
  2nd closest surface     2.148   S5  URE X    1
  found on step  336
 current point:
  at point   39.995  42.794  38.438
  closest atom surface    2.134   C28 URE X    1
  2nd closest surface     2.137   S5  URE X    1
  found on step  999
  no. of rejections          416
 stored as    12

 highest radius point found:
  at point   39.914  42.994  38.295
  closest atom surface    2.183   S5  URE X    1
  2nd closest surface     2.183   H31 URE X    1
  found on step  921
  this is also current point
  no. of rejections          406
 stored as    13

 highest radius point found:
  at point   39.887  43.194  38.203
  closest atom surface    2.223   H29 URE X    1
  2nd closest surface     2.223   S5  URE X    1
  found on step  979
  this is also current point
  no. of rejections          394
 stored as    14

 highest radius point found:
  at point   39.847  43.394  38.103
  closest atom surface    2.274   H31 URE X    1
  2nd closest surface     2.275   S5  URE X    1
  found on step   14
 current point:
  at point   39.830  43.394  38.099
  closest atom surface    2.270   H31 URE X    1
  2nd closest surface     2.272   S5  URE X    1
  found on step  928
  no. of rejections          372
 stored as    15

 highest radius point found:
  at point   39.805  43.594  38.003
  closest atom surface    2.337   H31 URE X    1
  2nd closest surface     2.338   S5  URE X    1
  found on step  978
  this is also current point
  no. of rejections          397
 stored as    16

 highest radius point found:
  at point   39.783  43.794  37.921
  closest atom surface    2.404   S5  URE X    1
  2nd closest surface     2.405   O6  URE X    1
  found on step  237
 current point:
  at point   39.759  43.794  37.913
  closest atom surface    2.401   S5  URE X    1
  2nd closest surface     2.406   O6  URE X    1
  found on step  963
  no. of rejections          379
 stored as    17

 highest radius point found:
  at point   39.301  43.994  37.702
  closest atom surface    2.445   O6  URE X    1
  2nd closest surface     2.445   S5  URE X    1
  found on step  484
 current point:
  at point   39.303  43.994  37.703
  closest atom surface    2.444   O6  URE X    1
  2nd closest surface     2.445   S5  URE X    1
  found on step  991
  no. of rejections          403
 stored as    18

 highest radius point found:
  at point   40.039  44.194  37.988
  closest atom surface    2.483   S5  URE X    1
  2nd closest surface     2.484   O6  URE X    1
  found on step  909
  this is also current point
  no. of rejections          369
 stored as    19

 highest radius point found:
  at point   40.167  44.394  38.020
  closest atom surface    2.542   O6  URE X    1
  2nd closest surface     2.543   S5  URE X    1
  found on step  351
 current point:
  at point   40.164  44.394  38.019
  closest atom surface    2.541   S5  URE X    1
  2nd closest surface     2.542   O6  URE X    1
  found on step  928
  no. of rejections          384
 stored as    20

 highest radius point found:
  at point   40.305  44.594  38.058
  closest atom surface    2.614   S5  URE X    1
  2nd closest surface     2.615   H29 URE X    1
  found on step  981
  this is also current point
  no. of rejections          361
 stored as    21

 highest radius point found:
  at point   40.430  44.794  38.086
  closest atom surface    2.695   O6  URE X    1
  2nd closest surface     2.697   O10 URE X    1
  found on step  732
 current point:
  at point   40.438  44.794  38.086
  closest atom surface    2.694   O6  URE X    1
  2nd closest surface     2.695   O10 URE X    1
  found on step  950
  no. of rejections          384
 stored as    22

 highest radius point found:
  at point   40.412  44.994  38.058
  closest atom surface    2.759   O6  URE X    1
  2nd closest surface     2.759   O10 URE X    1
  found on step  941
  this is also current point
  no. of rejections          373
 stored as    23

 highest radius point found:
  at point   38.975  45.194  37.446
  closest atom surface    2.834   S   URE X    1
  2nd closest surface     2.835   O6  URE X    1
  found on step  801
 current point:
  at point   38.996  45.194  37.456
  closest atom surface    2.832   O6  URE X    1
  2nd closest surface     2.832   S5  URE X    1
  found on step  926
  no. of rejections          368
 stored as    24

 highest radius point found:
  at point   38.923  45.394  37.401
  closest atom surface    2.928   O6  URE X    1
  2nd closest surface     2.930   S   URE X    1
  found on step  914
  this is also current point
  no. of rejections          338
 stored as    25

 highest radius point found:
  at point   38.863  45.594  37.349
  closest atom surface    3.029   O6  URE X    1
  2nd closest surface     3.031   S   URE X    1
  found on step  988
  this is also current point
  no. of rejections          357
 stored as    26

 highest radius point found:
  at point   38.818  45.794  37.313
  closest atom surface    3.139   O6  URE X    1
  2nd closest surface     3.140   S   URE X    1
  found on step  668
 current point:
  at point   38.457  45.794  36.988
  closest atom surface    3.128   O6  URE X    1
  2nd closest surface     3.128   S   URE X    1
  found on step  964
  no. of rejections          361
 stored as    27

 highest radius point found:
  at point   38.202  45.994  36.758
  closest atom surface    3.268   O6  URE X    1
  2nd closest surface     3.268   S   URE X    1
  found on step  985
  this is also current point
  no. of rejections          360
 stored as    28

 highest radius point found:
  at point   38.154  46.194  36.723
  closest atom surface    3.395   S   URE X    1
  2nd closest surface     3.402   O6  URE X    1
  found on step   25
 current point:
  at point   38.713  46.194  37.223
  closest atom surface    3.376   S   URE X    1
  2nd closest surface     3.376   O6  URE X    1
  found on step  993
  no. of rejections          366
 stored as    29

 highest radius point found:
  at point   38.007  46.394  36.587
  closest atom surface    3.549   S   URE X    1
  2nd closest surface     3.552   O6  URE X    1
  found on step  183
 current point:
  at point   38.597  46.394  37.120
  closest atom surface    3.501   S   URE X    1
  2nd closest surface     3.501   O6  URE X    1
  found on step  989
  no. of rejections          355
 stored as    30

 highest radius point found:
  at point   36.477  46.594  33.984
  closest atom surface    4.194   O1  URE X    1
  2nd closest surface     4.242   O6  URE X    1
  found on step  999
  this is also current point
  no. of rejections          248
 stored as    31

 highest radius point found:
  at point   31.438  46.794  25.535
  closest atom surface   11.733   O1  URE X    1
  2nd closest surface    11.898   O6  URE X    1
  found on step  999
  this is also current point
  no. of rejections          223
 stored as    32

 highest radius point found:
  at point   26.939  46.994  17.705
  closest atom surface   20.336   O1  URE X    1
  2nd closest surface    20.357   O7  URE X    1
  found on step  995
  this is also current point
  no. of rejections          244
 stored as    33

 highest radius point found:
  at point   20.687  47.194   8.835
  closest atom surface   30.887   O1  URE X    1
  2nd closest surface    30.913   O17 URE X    1
  found on step 1000
  this is also current point
  no. of rejections          224
 This is an end! (radius above  22.0 angs)
 highest radius point found:
  at point   39.096  40.194  40.085
  closest atom surface    2.099   C20 URE X    1
  2nd closest surface     2.099   C7  URE X    1
  found on step  217
 current point:
  at point   39.951  40.194  39.588
  closest atom surface    2.076   C8  URE X    1
  2nd closest surface     2.077   C21 URE X    1
  found on step  977
  no. of rejections          378
 stored as    -1

 highest radius point found:
  at point   38.825  39.994  40.354
  closest atom surface    2.108   S   URE X    1
  2nd closest surface     2.109   C20 URE X    1
  found on step  990
  this is also current point
  no. of rejections          352
 stored as    -2

 highest radius point found:
  at point   38.669  39.794  40.530
  closest atom surface    2.141   C20 URE X    1
  2nd closest surface     2.148   C7  URE X    1
  found on step  864
 current point:
  at point   38.662  39.794  40.538
  closest atom surface    2.141   C20 URE X    1
  2nd closest surface     2.144   S   URE X    1
  found on step 1000
  no. of rejections          399
 stored as    -3

 highest radius point found:
  at point   38.507  39.594  40.705
  closest atom surface    2.203   C20 URE X    1
  2nd closest surface     2.204   C7  URE X    1
  found on step   15
 current point:
  at point   38.510  39.594  40.703
  closest atom surface    2.201   C20 URE X    1
  2nd closest surface     2.204   C7  URE X    1
  found on step  957
  no. of rejections          387
 stored as    -4

 highest radius point found:
  at point   38.535  39.394  40.725
  closest atom surface    2.230   H16 URE X    1
  2nd closest surface     2.230   C7  URE X    1
  found on step  295
 current point:
  at point   38.541  39.394  40.722
  closest atom surface    2.228   C20 URE X    1
  2nd closest surface     2.230   C7  URE X    1
  found on step  970
  no. of rejections          312
 stored as    -5

 highest radius point found:
  at point   39.273  39.194  40.162
  closest atom surface    2.198   C7  URE X    1
  2nd closest surface     2.199   C20 URE X    1
  found on step  997
  this is also current point
  no. of rejections          316
 stored as    -6

 highest radius point found:
  at point   39.572  38.994  40.122
  closest atom surface    2.154   C20 URE X    1
  2nd closest surface     2.156   C10 URE X    1
  found on step  841
 current point:
  at point   39.586  38.994  40.115
  closest atom surface    2.153   C20 URE X    1
  2nd closest surface     2.154   C10 URE X    1
  found on step  904
  no. of rejections          304
 stored as    -7

 highest radius point found:
  at point   41.120  38.794  39.381
  closest atom surface    2.207   C24 URE X    1
  2nd closest surface     2.207   C9  URE X    1
  found on step  978
  this is also current point
  no. of rejections          356
 stored as    -8

 highest radius point found:
  at point   41.225  38.594  39.350
  closest atom surface    2.198   C10 URE X    1
  2nd closest surface     2.209   C24 URE X    1
  found on step    9
 current point:
  at point   41.105  38.594  39.459
  closest atom surface    2.194   C24 URE X    1
  2nd closest surface     2.195   C10 URE X    1
  found on step  988
  no. of rejections          347
 stored as    -9

 highest radius point found:
  at point   41.669  38.394  39.042
  closest atom surface    2.271   C30 URE X    1
  2nd closest surface     2.271   C10 URE X    1
  found on step  988
  this is also current point
  no. of rejections          377
 stored as   -10

 highest radius point found:
  at point   41.830  38.194  38.984
  closest atom surface    2.324   C10 URE X    1
  2nd closest surface     2.324   C24 URE X    1
  found on step  936
  this is also current point
  no. of rejections          383
 stored as   -11

 highest radius point found:
  at point   41.976  37.994  38.928
  closest atom surface    2.382   C10 URE X    1
  2nd closest surface     2.382   C24 URE X    1
  found on step  984
  this is also current point
  no. of rejections          384
 stored as   -12

 highest radius point found:
  at point   42.130  37.794  38.871
  closest atom surface    2.451   H28 URE X    1
  2nd closest surface     2.452   C24 URE X    1
  found on step 1000
  this is also current point
  no. of rejections          370
 stored as   -13

 highest radius point found:
  at point   42.270  37.594  38.815
  closest atom surface    2.540   H28 URE X    1
  2nd closest surface     2.540   C24 URE X    1
  found on step  969
  this is also current point
  no. of rejections          359
 stored as   -14

 highest radius point found:
  at point   42.468  37.394  38.750
  closest atom surface    2.633   O5  URE X    1
  2nd closest surface     2.633   H28 URE X    1
  found on step  855
 current point:
  at point   42.455  37.394  38.755
  closest atom surface    2.632   C24 URE X    1
  2nd closest surface     2.632   O5  URE X    1
  found on step  901
  no. of rejections          379
 stored as   -15

 highest radius point found:
  at point   42.486  37.194  38.773
  closest atom surface    2.706   O5  URE X    1
  2nd closest surface     2.706   C24 URE X    1
  found on step  955
  this is also current point
  no. of rejections          383
 stored as   -16

 highest radius point found:
  at point   42.537  36.994  38.775
  closest atom surface    2.777   O4  URE X    1
  2nd closest surface     2.777   C10 URE X    1
  found on step  906
  this is also current point
  no. of rejections          376
 stored as   -17

 highest radius point found:
  at point   42.599  36.794  38.750
  closest atom surface    2.845   C10 URE X    1
  2nd closest surface     2.846   O4  URE X    1
  found on step  978
  this is also current point
  no. of rejections          381
 stored as   -18

 highest radius point found:
  at point   42.663  36.594  38.724
  closest atom surface    2.922   O5  URE X    1
  2nd closest surface     2.922   C10 URE X    1
  found on step  752
 current point:
  at point   42.645  36.594  38.755
  closest atom surface    2.921   O4  URE X    1
  2nd closest surface     2.921   C10 URE X    1
  found on step 1000
  no. of rejections          371
 stored as   -19

 highest radius point found:
  at point   42.713  36.394  38.722
  closest atom surface    3.006   O4  URE X    1
  2nd closest surface     3.007   C10 URE X    1
  found on step  944
  this is also current point
  no. of rejections          367
 stored as   -20

 highest radius point found:
  at point   42.809  36.194  38.661
  closest atom surface    3.097   O5  URE X    1
  2nd closest surface     3.097   O4  URE X    1
  found on step  977
  this is also current point
  no. of rejections          367
 stored as   -21

 highest radius point found:
  at point   42.941  35.994  38.580
  closest atom surface    3.185   O4  URE X    1
  2nd closest surface     3.186   O5  URE X    1
  found on step   26
 current point:
  at point   43.360  35.994  38.227
  closest atom surface    3.150   O4  URE X    1
  2nd closest surface     3.150   O5  URE X    1
  found on step  943
  no. of rejections          331
 stored as   -22

 highest radius point found:
  at point   43.050  35.794  38.516
  closest atom surface    3.288   O5  URE X    1
  2nd closest surface     3.289   O4  URE X    1
  found on step  837
 current point:
  at point   43.041  35.794  38.523
  closest atom surface    3.288   S2  URE X    1
  2nd closest surface     3.288   O5  URE X    1
  found on step  953
  no. of rejections          370
 stored as   -23

 highest radius point found:
  at point   44.071  35.594  37.686
  closest atom surface    3.460   H27 URE X    1
  2nd closest surface     3.461   O5  URE X    1
  found on step  993
  this is also current point
  no. of rejections          346
 stored as   -24

 highest radius point found:
  at point   48.479  35.394  32.112
  closest atom surface    6.099   S4  URE X    1
  2nd closest surface     6.179   H26 URE X    1
  found on step 1000
  this is also current point
  no. of rejections          183
 stored as   -25

 highest radius point found:
  at point   55.250  35.194  26.420
  closest atom surface   13.451   S4  URE X    1
  2nd closest surface    13.512   H26 URE X    1
  found on step  999
  this is also current point
  no. of rejections          230
 stored as   -26

 highest radius point found:
  at point   61.870  34.994  18.043
  closest atom surface   23.467   S4  URE X    1
  2nd closest surface    23.517   O9  URE X    1
  found on step  999
  this is also current point
  no. of rejections          249
 This is an end! (radius above  22.0 angs)
 
 N.b. Graph information routine (HOGRAP) differs 
        markedly from previous versions!
       Information now is written from -ve end
       to +ve in one pass
 
 Explanation of the meaning of each column: 
 First column "cenxyz.cvec" is the coordinate in the
   direction of the channel vector i.e. if the channel
   vector is in z (0 0 1) then it is the z coordinate.
 The second column "radius" is the hole pore radius 
   (as defined in the Biophys J 1993) article).
 The third column "cen_line_D" is the distance 
   measured along the pore centre line - with the 
   first point found set to zero. This was the first
   thing that I used to measure the distance along a pore
   but "cenxyz.cvec" is a much better general measure. 
   However, by comparing changes in this distance to changes in '   "cenxyz.cvec" one can get a measure of how straight a 
   channel is.
 The fourth column "sum{s/(area)}" is useful in conductance
   prediction -
   basically it is the sum of the thickness of each slab
   divided by its area. HOLE uses this measure to estimate
   the macroscopic conductance of a channel.
 If any of this worries you one can see the "raw" results
   of a standard hole run by producing a sphpdb file and 
    directly looking at the results.
 cenxyz.cvec      radius  cen_line_D sum{s/(area point sourc
    35.19352    13.45078   -25.79050     0.00018   (sampled)
    35.29352     9.51453   -21.36623     0.00053 (mid-point)
    35.39352     6.09880   -16.94196     0.00138   (sampled)
    35.49352     4.09082   -13.38770     0.00329 (mid-point)
    35.59352     3.45978    -9.83344     0.00594   (sampled)
    35.69352     3.33074    -9.16759     0.00881 (mid-point)
    35.79352     3.28794    -8.50175     0.01176   (sampled)
    35.89352     3.23568    -8.38345     0.01480 (mid-point)
    35.99352     3.18542    -8.26516     0.01794   (sampled)
    36.09352     3.13960    -8.13864     0.02116 (mid-point)
    36.19352     3.09663    -8.01212     0.02448   (sampled)
    36.29352     3.05014    -7.89715     0.02791 (mid-point)
    36.39352     3.00593    -7.78219     0.03143   (sampled)
    36.49352     2.96380    -7.67907     0.03505 (mid-point)
    36.59352     2.92214    -7.57595     0.03878   (sampled)
    36.69352     2.88282    -7.47017     0.04261 (mid-point)
    36.79352     2.84524    -7.36440     0.04654   (sampled)
    36.89352     2.81025    -7.25891     0.05057 (mid-point)
    36.99352     2.77697    -7.15342     0.05470   (sampled)
    37.09352     2.74259    -7.05021     0.05893 (mid-point)
    37.19352     2.70561    -6.94699     0.06328   (sampled)
    37.29352     2.66832    -6.84592     0.06775 (mid-point)
    37.39352     2.63309    -6.74484     0.07234   (sampled)
    37.49352     2.58378    -6.60045     0.07711 (mid-point)
    37.59352     2.53964    -6.45607     0.08205   (sampled)
    37.69352     2.49338    -6.33059     0.08717 (mid-point)
    37.79352     2.45107    -6.20512     0.09246   (sampled)
    37.89352     2.41418    -6.07579     0.09793 (mid-point)
    37.99352     2.38160    -5.94645     0.10354   (sampled)
    38.09352     2.35084    -5.81949     0.10930 (mid-point)
    38.19352     2.32372    -5.69252     0.11519   (sampled)
    38.29352     2.29526    -5.56103     0.12123 (mid-point)
    38.39352     2.27064    -5.42955     0.12741   (sampled)
    38.49352     2.22445    -5.14116     0.13384 (mid-point)
    38.59352     2.19816    -4.85277     0.14043   (sampled)
    38.69352     2.20226    -4.73888     0.14699 (mid-point)
    38.79352     2.20723    -4.62498     0.15353   (sampled)
    38.89352     2.08922    -3.76126     0.16082 (mid-point)
    38.99352     2.15446    -2.89754     0.16768   (sampled)
    39.09352     2.17286    -2.71633     0.17442 (mid-point)
    39.19352     2.19800    -2.53512     0.18101   (sampled)
    39.29352     2.18627    -2.06043     0.18767 (mid-point)
    39.39352     2.22970    -1.58573     0.19407   (sampled)
    39.49352     2.21564    -1.48424     0.20055 (mid-point)
    39.59352     2.20261    -1.38275     0.20711   (sampled)
    39.69352     2.16906    -1.22687     0.21388 (mid-point)
    39.79352     2.14132    -1.07098     0.22082   (sampled)
    39.89352     2.12224    -0.91706     0.22789 (mid-point)
    39.99352     2.10834    -0.76314     0.23505   (sampled)
    40.09352     2.09809    -0.54740     0.24228 (mid-point)
    40.19352     2.09890    -0.33166     0.24951   (sampled)
    40.29352     2.08561    -0.16583     0.25682 (mid-point)
    40.39352     2.07711    -0.00000     0.26420   (sampled)
    40.49352     2.06973     0.15238     0.27163 (mid-point)
    40.59352     2.06169     0.30475     0.27912   (sampled)
    40.69352     2.02191     0.86093     0.28691 (mid-point)
    40.79352     2.06161     1.41711     0.29440   (sampled)
    40.89352     2.06103     1.52238     0.30189 (mid-point)
    40.99352     2.06224     1.62765     0.30937   (sampled)
    41.09352     2.06499     1.73132     0.31684 (mid-point)
    41.19352     2.06943     1.83499     0.32427   (sampled)
    41.29352     2.08044     1.94125     0.33163 (mid-point)
    41.39352     2.09428     2.04751     0.33888   (sampled)
    41.49352     2.10920     2.15369     0.34604 (mid-point)
    41.59352     2.12673     2.25986     0.35308   (sampled)
    41.69352     2.13013     2.36453     0.36009 (mid-point)
    41.79352     2.13205     2.46920     0.36709   (sampled)
    41.89352     2.11898     2.58484     0.37418 (mid-point)
    41.99352     2.10842     2.70048     0.38134   (sampled)
    42.09352     2.10154     2.80907     0.38855 (mid-point)
    42.19352     2.09510     2.91766     0.39580   (sampled)
    42.29352     2.09663     3.03992     0.40304 (mid-point)
    42.39352     2.10195     3.16218     0.41025   (sampled)
    42.49352     2.10673     3.27415     0.41742 (mid-point)
    42.59352     2.11440     3.38611     0.42454   (sampled)
    42.69352     2.12952     3.50335     0.43156 (mid-point)
    42.79352     2.14466     3.62060     0.43848   (sampled)
    42.89352     2.16411     3.73214     0.44528 (mid-point)
    42.99352     2.18322     3.84368     0.45195   (sampled)
    43.09352     2.20182     3.95466     0.45852 (mid-point)
    43.19352     2.22298     4.06564     0.46496   (sampled)
    43.29352     2.24712     4.17914     0.47127 (mid-point)
    43.39352     2.27369     4.29264     0.47742   (sampled)
    43.49352     2.30374     4.40639     0.48342 (mid-point)
    43.59352     2.33740     4.52014     0.48925   (sampled)
    43.69352     2.36968     4.62879     0.49491 (mid-point)
    43.79352     2.40374     4.73743     0.50042   (sampled)
    43.89352     2.41525     5.02015     0.50588 (mid-point)
    43.99352     2.44475     5.30287     0.51121   (sampled)
    44.09352     2.44409     5.71106     0.51653 (mid-point)
    44.19352     2.48293     6.11926     0.52170   (sampled)
    44.29352     2.51111     6.23883     0.52675 (mid-point)
    44.39352     2.54152     6.35840     0.53167   (sampled)
    44.49352     2.57656     6.48131     0.53647 (mid-point)
    44.59352     2.61361     6.60423     0.54113   (sampled)
    44.69352     2.65407     6.72323     0.54565 (mid-point)
    44.79352     2.69549     6.84222     0.55003   (sampled)
    44.89352     2.72594     6.94365     0.55431 (mid-point)
    44.99352     2.75850     7.04508     0.55850   (sampled)
    45.09352     2.72680     7.83236     0.56278 (mid-point)
    45.19352     2.83358     8.61965     0.56674   (sampled)
    45.29352     2.88064     8.72537     0.57058 (mid-point)
    45.39352     2.92818     8.83110     0.57429   (sampled)
    45.49352     2.97740     8.93871     0.57788 (mid-point)
    45.59352     3.02858     9.04631     0.58135   (sampled)
    45.69352     3.08308     9.15044     0.58470 (mid-point)
    45.79352     3.13923     9.25458     0.58793   (sampled)
    45.89352     3.18541     9.68089     0.59107 (mid-point)
    45.99352     3.26823    10.10720     0.59405   (sampled)
    46.09352     3.33092    10.21155     0.59691 (mid-point)
    46.19352     3.39475    10.31591     0.59968   (sampled)
    46.29352     3.47078    10.45744     0.60232 (mid-point)
    46.39352     3.54937    10.59896     0.60485   (sampled)
    46.49352     3.67261    12.11193     0.60721 (mid-point)
    46.59352     4.19403    13.62489     0.60902   (sampled)
    46.69352     7.42900    18.54463     0.60959 (mid-point)
    46.79352    11.73326    23.46438     0.60982   (sampled)
    46.89352    15.98077    27.98041     0.60995 (mid-point)
    46.99352    20.33558    32.49643     0.61003   (sampled)

 Minimum radius found:      2.022 angstroms.



 For spherical probe approach, The geometric factor
         F= sum(ds/area) along channel is    0.610 angstroms**-1
 This yields a macroscopic predicted molar conductance of:
   (1/rho)*(100/F)= (160/rho) pS,
   where rho is the conductivity of 1M permeant ion in ohm m.
 N.B. this is a macroscopic conductance - an overestimate 
 Empirically corrected conductances currently only available
 With the CAPSULE option (although its not that stable!)
 For 1M KCl rho= 1/12 (ohm m), So Gmacro= 2000 pS/M.
  (TAG      1   Rmin=     2.02191   Gmacro=  1967.13202 Conn_Gmacro=    -1.00000 ).
 HOLE: normal completion
