 *** Program HOLE ***
 
 If results of this run are reported or published, please
 cite the publication listed below.
 For the HOLE program:
   Smart, O.S., Goodfellow, J.M., Wallace, B.A. (1993). 
   The pore dimensions of gramicidin A. 
   Biophys. J., 65, 2455-2460.
 
 Originally written by Oliver Smart at Birkbeck College from April 1992.
 Copyright 1993-2005 Oliver Smart
 Copyright 2014-2015 SmartSci Limited.
 Copyright 2016 Oliver Smart.
 
 For help on HOLE suite see  http://www.holeprogram.org/
 
 HOLE release 2.2.005 (07 August 2016) 
 
 usage subject to Apache License, Version 2.0 
 see http://www.apache.org/licenses/LICENSE-2.0 

 Control variables read:

! Input file for Oliver Smart's HOLE program
! written by MDAnalysis.analysis.hole2.HoleAnalysis
! for a Universe
! u = mda.Universe(/afs/crc.nd.edu/user/m/mfarshad/Private/ML-new/traj/host-2Tri
!    /afs/crc.nd.edu/user/m/mfarshad/Private/ML-new/traj/host-2Triamidethiol+1DM
!   )
! Frame 42

COORD  /tmp/2550173.1.long/tmpq6s0j3ay.pdb
RADIUS simple2.rad
SPHPDB hole042.sph
SAMPLE 0.200000
ENDRAD 22.000000
IGNORE SOL WAT TIP HOH K   NA  CL
SHORTO 0
RASEED 31415
CPOINT 38.8252187533 39.8331091694 40.0408510939


 WARNING have not found a CVECT record - will try to guess
 Input pdb filename read as:    '/tmp/2550173.1.long/tmpq6s0j3ay.pdb'
 Input vdW radius file read as: 'simple2.rad'
 point in channel:   38.825  39.833  40.041
 channel vector:   ************************
 sampling distance between planes:    0.200

 graphics conditions:
 binary plot output file name: NONE
 Dot density:    10
 Draw dots?           T
 Draw close contacts? F
 Draw centre line?    T
 Produce spikes rather than dots? F
 Seed for random number generator:     31415 (0 means value set by program)
 Radius above which a result is regarded as an 'end':  22.000
 Pdb format file for sphere centres: hole042.sph

 Monte Carlo conditions:
  no of steps:  1000
  maximum displacement   0.100 angs
  'kT' initial   0.100 angs
 The spherebox and capsule options are turned off.
 (No molqpt card so will not write qpt file of the molecule)
 IGNORE card read so will ignore residue types: SOL WAT TIP HOH K   NA  CL
 no SHORTO card read so will produce full textual output
 As no PEGRAT card was found will not produce PEG polymer exclusion graph
 (No 2DMAPS card specified so will not produce 2D property maps)
 Have not found a CUT card.  Normal calculation using
   Cutoff lists with a cutsize=       1.000
   (if you wish to turn off option use a CUT -1 card)

 Have read     7 bond radius records and
              16 vdW radius records.
 From file: simple2.rad

 Have read   107 atom records.
 From file: /tmp/2550173.1.long/tmpq6s0j3ay.pdb
 Will not produce graphical output

 Have opened file for pdb format output of sphere centres:  hole042.sph

  Seed integer used by ran # generator on this run      31415

 
 S/R cguess will try to guess CPOINT and/or CVECT
 
 THESE GUESSES MAY WELL BE WRONG!!!!
 Routine relies on having a reasonably symmetric
 channel oriented along x, y or z vector
 YOU ARE STRONGLY ADVISED TO CHECK THE RESULTS
                       WITH MOLECULAR GRAPHICS
 testing points from cpoint in X, Y then Z direction
   point                   pore radius
direction     1
  33.825  39.833  40.041    -0.470
  34.825  39.833  40.041    -0.251
  35.825  39.833  40.041     0.302
  36.825  39.833  40.041     0.658
  37.825  39.833  40.041     1.292
  38.825  39.833  40.041     1.746
  39.825  39.833  40.041     1.384
  40.825  39.833  40.041     0.875
  41.825  39.833  40.041     0.283
  42.825  39.833  40.041    -0.084
  43.825  39.833  40.041    -0.137
 Average pore radius along the line=      0.509
direction     2
  38.825  34.833  40.041    -0.512
  38.825  35.833  40.041     0.094
  38.825  36.833  40.041     0.679
  38.825  37.833  40.041     1.208
  38.825  38.833  40.041     1.932
  38.825  39.833  40.041     1.746
  38.825  40.833  40.041     0.792
  38.825  41.833  40.041    -0.061
  38.825  42.833  40.041    -0.545
  38.825  43.833  40.041    -0.782
  38.825  44.833  40.041    -0.770
 Average pore radius along the line=      0.344
direction     3
  38.825  39.833  35.041     0.452
  38.825  39.833  36.041     0.687
  38.825  39.833  37.041     0.810
  38.825  39.833  38.041     1.267
  38.825  39.833  39.041     1.872
  38.825  39.833  40.041     1.746
  38.825  39.833  41.041     1.416
  38.825  39.833  42.041     0.983
  38.825  39.833  43.041     0.173
  38.825  39.833  44.041    -0.592
  38.825  39.833  45.041    -0.924
 Average pore radius along the line=      0.717
 Best direction is found to be     3
(1=X,2=Y,3=Z)
 s/r cguess has produced initial values for cpoint &/or cvect:
CPOINT      38.8252     39.8331     40.0409
CVECT        0.0000      0.0000      1.0000
 THESE GUESSES MAY WELL BE WRONG!!!!
 Routine relies on having a reasonably symmetric
 channel oriented along x, y or z vector
 YOU ARE STRONGLY ADVISED TO CHECK THE RESULTS
                       WITH MOLECULAR GRAPHICS
 
 
  Some routines (e.g. conn) need vectors normal to cvect: 
     EAST Zero degrees angle is along vector    1.000   0.000   0.000
     NORTH  90 degrees angle is along vector    0.000  -1.000   0.000
 highest radius point found:
  at point   38.830  39.270  40.041
  closest atom surface    2.285   C20 URE X    1
  2nd closest surface     2.286   C11 URE X    1
  found on step  806
 current point:
  at point   38.812  39.277  40.041
  closest atom surface    2.285   H34 URE X    1
  2nd closest surface     2.285   C11 URE X    1
  found on step 1000
  no. of rejections          379
 stored as     0

 highest radius point found:
  at point   38.633  39.247  40.241
  closest atom surface    2.282   C20 URE X    1
  2nd closest surface     2.282   H34 URE X    1
  found on step  978
  this is also current point
  no. of rejections          394
 stored as     1

 highest radius point found:
  at point   38.477  39.195  40.441
  closest atom surface    2.284   S   URE X    1
  2nd closest surface     2.284   C20 URE X    1
  found on step  982
  this is also current point
  no. of rejections          344
 stored as     2

 highest radius point found:
  at point   38.332  39.142  40.641
  closest atom surface    2.294   C20 URE X    1
  2nd closest surface     2.295   H15 URE X    1
  found on step  942
  this is also current point
  no. of rejections          362
 stored as     3

 highest radius point found:
  at point   38.195  39.276  40.841
  closest atom surface    2.224   S   URE X    1
  2nd closest surface     2.224   H15 URE X    1
  found on step  923
  this is also current point
  no. of rejections          379
 stored as     4

 highest radius point found:
  at point   38.063  39.405  41.041
  closest atom surface    2.172   C35 URE X    1
  2nd closest surface     2.172   C20 URE X    1
  found on step  620
 current point:
  at point   38.064  39.404  41.041
  closest atom surface    2.171   C20 URE X    1
  2nd closest surface     2.172   C35 URE X    1
  found on step  916
  no. of rejections          400
 stored as     5

 highest radius point found:
  at point   37.982  39.479  41.241
  closest atom surface    2.116   H15 URE X    1
  2nd closest surface     2.117   C35 URE X    1
  found on step  994
  this is also current point
  no. of rejections          396
 stored as     6

 highest radius point found:
  at point   37.800  39.570  41.441
  closest atom surface    2.058   H15 URE X    1
  2nd closest surface     2.058   C35 URE X    1
  found on step  966
  this is also current point
  no. of rejections          357
 stored as     7

 highest radius point found:
  at point   37.509  39.674  41.641
  closest atom surface    2.015   H15 URE X    1
  2nd closest surface     2.015   C35 URE X    1
  found on step  840
 current point:
  at point   37.481  39.678  41.641
  closest atom surface    2.013   H15 URE X    1
  2nd closest surface     2.014   C35 URE X    1
  found on step  954
  no. of rejections          346
 stored as     8

 highest radius point found:
  at point   37.151  39.782  41.841
  closest atom surface    2.014   C35 URE X    1
  2nd closest surface     2.015   H15 URE X    1
  found on step  983
  this is also current point
  no. of rejections          381
 stored as     9

 highest radius point found:
  at point   36.859  39.932  42.041
  closest atom surface    2.003   S   URE X    1
  2nd closest surface     2.003   H17 URE X    1
  found on step  921
  this is also current point
  no. of rejections          326
 stored as    10

 highest radius point found:
  at point   36.025  39.869  42.241
  closest atom surface    1.992   S   URE X    1
  2nd closest surface     1.993   H17 URE X    1
  found on step  757
 current point:
  at point   36.021  39.864  42.241
  closest atom surface    1.992   H17 URE X    1
  2nd closest surface     1.994   H6  URE X    1
  found on step  951
  no. of rejections          308
 stored as    11

 highest radius point found:
  at point   35.850  40.135  42.441
  closest atom surface    2.039   S   URE X    1
  2nd closest surface     2.039   H17 URE X    1
  found on step  954
  this is also current point
  no. of rejections          285
 stored as    12

 highest radius point found:
  at point   35.677  40.390  42.641
  closest atom surface    2.122   S   URE X    1
  2nd closest surface     2.122   H17 URE X    1
  found on step  914
  this is also current point
  no. of rejections          294
 stored as    13

 highest radius point found:
  at point   35.488  40.625  42.841
  closest atom surface    2.240   H17 URE X    1
  2nd closest surface     2.241   S   URE X    1
  found on step  922
  this is also current point
  no. of rejections          289
 stored as    14

 highest radius point found:
  at point   35.225  40.728  43.041
  closest atom surface    2.343   C4  URE X    1
  2nd closest surface     2.344   H17 URE X    1
  found on step  949
  this is also current point
  no. of rejections          310
 stored as    15

 highest radius point found:
  at point   34.846  40.804  43.241
  closest atom surface    2.433   C4  URE X    1
  2nd closest surface     2.434   O14 URE X    1
  found on step  804
 current point:
  at point   34.839  40.767  43.241
  closest atom surface    2.432   C4  URE X    1
  2nd closest surface     2.432   O14 URE X    1
  found on step  948
  no. of rejections          252
 stored as    16

 highest radius point found:
  at point   33.029  39.300  43.441
  closest atom surface    2.832   H6  URE X    1
  2nd closest surface     2.875   C4  URE X    1
  found on step 1000
  this is also current point
  no. of rejections          182
 stored as    17

 highest radius point found:
  at point   29.413  37.191  43.641
  closest atom surface    4.365   O18 URE X    1
  2nd closest surface     4.366   O15 URE X    1
  found on step  997
  this is also current point
  no. of rejections          256
 stored as    18

 highest radius point found:
  at point   19.922  33.119  43.841
  closest atom surface   12.499   O17 URE X    1
  2nd closest surface    12.589   O18 URE X    1
  found on step 1000
  this is also current point
  no. of rejections          272
 stored as    19

 highest radius point found:
  at point   11.258  29.020  44.041
  closest atom surface   21.606   O17 URE X    1
  2nd closest surface    21.796   O18 URE X    1
  found on step 1000
  this is also current point
  no. of rejections          250
 stored as    20

 highest radius point found:
  at point    0.664  24.696  44.241
  closest atom surface   32.806   O17 URE X    1
  2nd closest surface    33.012   O18 URE X    1
  found on step  999
  this is also current point
  no. of rejections          259
 This is an end! (radius above  22.0 angs)
 highest radius point found:
  at point   39.035  39.352  39.841
  closest atom surface    2.276   C21 URE X    1
  2nd closest surface     2.277   C10 URE X    1
  found on step  841
 current point:
  at point   39.044  39.345  39.841
  closest atom surface    2.272   C10 URE X    1
  2nd closest surface     2.274   C21 URE X    1
  found on step  973
  no. of rejections          379
 stored as    -1

 highest radius point found:
  at point   39.139  39.431  39.641
  closest atom surface    2.258   H34 URE X    1
  2nd closest surface     2.259   C10 URE X    1
  found on step  811
 current point:
  at point   39.136  39.430  39.641
  closest atom surface    2.257   C10 URE X    1
  2nd closest surface     2.258   H34 URE X    1
  found on step  952
  no. of rejections          369
 stored as    -2

 highest radius point found:
  at point   39.252  39.520  39.441
  closest atom surface    2.244   C8  URE X    1
  2nd closest surface     2.245   C21 URE X    1
  found on step  983
  this is also current point
  no. of rejections          343
 stored as    -3

 highest radius point found:
  at point   39.382  39.653  39.241
  closest atom surface    2.211   C8  URE X    1
  2nd closest surface     2.212   C21 URE X    1
  found on step  778
 current point:
  at point   39.444  39.589  39.241
  closest atom surface    2.208   C8  URE X    1
  2nd closest surface     2.209   C21 URE X    1
  found on step  982
  no. of rejections          331
 stored as    -4

 highest radius point found:
  at point   39.769  39.517  39.041
  closest atom surface    2.195   C8  URE X    1
  2nd closest surface     2.196   C21 URE X    1
  found on step  943
  this is also current point
  no. of rejections          344
 stored as    -5

 highest radius point found:
  at point   39.824  39.717  38.841
  closest atom surface    2.187   C28 URE X    1
  2nd closest surface     2.188   C33 URE X    1
  found on step  924
  this is also current point
  no. of rejections          346
 stored as    -6

 highest radius point found:
  at point   39.739  39.961  38.641
  closest atom surface    2.147   C33 URE X    1
  2nd closest surface     2.149   C8  URE X    1
  found on step  663
 current point:
  at point   39.726  39.966  38.641
  closest atom surface    2.145   C8  URE X    1
  2nd closest surface     2.148   C33 URE X    1
  found on step  958
  no. of rejections          360
 stored as    -7

 highest radius point found:
  at point   39.687  40.179  38.441
  closest atom surface    2.137   C8  URE X    1
  2nd closest surface     2.137   C33 URE X    1
  found on step  742
 current point:
  at point   39.680  40.184  38.441
  closest atom surface    2.136   C33 URE X    1
  2nd closest surface     2.137   C8  URE X    1
  found on step  934
  no. of rejections          370
 stored as    -8

 highest radius point found:
  at point   39.593  40.428  38.241
  closest atom surface    2.147   C8  URE X    1
  2nd closest surface     2.148   C33 URE X    1
  found on step  524
 current point:
  at point   39.579  40.438  38.241
  closest atom surface    2.147   C8  URE X    1
  2nd closest surface     2.147   C33 URE X    1
  found on step  921
  no. of rejections          390
 stored as    -9

 highest radius point found:
  at point   39.544  40.611  38.041
  closest atom surface    2.158   H29 URE X    1
  2nd closest surface     2.158   C8  URE X    1
  found on step  925
  this is also current point
  no. of rejections          380
 stored as   -10

 highest radius point found:
  at point   39.459  40.786  37.841
  closest atom surface    2.164   C8  URE X    1
  2nd closest surface     2.165   H34 URE X    1
  found on step  947
  this is also current point
  no. of rejections          360
 stored as   -11

 highest radius point found:
  at point   39.424  41.026  37.641
  closest atom surface    2.183   H29 URE X    1
  2nd closest surface     2.184   S   URE X    1
  found on step  444
 current point:
  at point   39.425  41.027  37.641
  closest atom surface    2.182   H29 URE X    1
  2nd closest surface     2.184   H34 URE X    1
  found on step  960
  no. of rejections          386
 stored as   -12

 highest radius point found:
  at point   39.415  41.253  37.441
  closest atom surface    2.202   O10 URE X    1
  2nd closest surface     2.203   S   URE X    1
  found on step  977
  this is also current point
  no. of rejections          348
 stored as   -13

 highest radius point found:
  at point   39.376  41.563  37.241
  closest atom surface    2.211   S   URE X    1
  2nd closest surface     2.211   O7  URE X    1
  found on step  946
  this is also current point
  no. of rejections          351
 stored as   -14

 highest radius point found:
  at point   39.373  41.990  37.041
  closest atom surface    2.203   S5  URE X    1
  2nd closest surface     2.204   O10 URE X    1
  found on step  992
  this is also current point
  no. of rejections          312
 stored as   -15

 highest radius point found:
  at point   39.481  42.381  36.841
  closest atom surface    2.195   S5  URE X    1
  2nd closest surface     2.195   O10 URE X    1
  found on step  991
  this is also current point
  no. of rejections          313
 stored as   -16

 highest radius point found:
  at point   39.592  42.759  36.641
  closest atom surface    2.240   O7  URE X    1
  2nd closest surface     2.240   O10 URE X    1
  found on step  935
  this is also current point
  no. of rejections          317
 stored as   -17

 highest radius point found:
  at point   39.707  43.165  36.441
  closest atom surface    2.330   S5  URE X    1
  2nd closest surface     2.331   O10 URE X    1
  found on step  956
  this is also current point
  no. of rejections          308
 stored as   -18

 highest radius point found:
  at point   44.040  49.191  36.241
  closest atom surface    5.802   O10 URE X    1
  2nd closest surface     5.850   O12 URE X    1
  found on step 1000
  this is also current point
  no. of rejections          243
 stored as   -19

 highest radius point found:
  at point   48.365  54.764  36.041
  closest atom surface   11.684   O9  URE X    1
  2nd closest surface    11.703   O12 URE X    1
  found on step 1000
  this is also current point
  no. of rejections          272
 stored as   -20

 highest radius point found:
  at point   53.793  63.871  35.841
  closest atom surface   21.566   O9  URE X    1
  2nd closest surface    21.579   O12 URE X    1
  found on step 1000
  this is also current point
  no. of rejections          248
 stored as   -21

 highest radius point found:
  at point   58.648  71.923  35.641
  closest atom surface   30.708   O9  URE X    1
  2nd closest surface    30.735   O12 URE X    1
  found on step 1000
  this is also current point
  no. of rejections          272
 This is an end! (radius above  22.0 angs)
 
 N.b. Graph information routine (HOGRAP) differs 
        markedly from previous versions!
       Information now is written from -ve end
       to +ve in one pass
 
 Explanation of the meaning of each column: 
 First column "cenxyz.cvec" is the coordinate in the
   direction of the channel vector i.e. if the channel
   vector is in z (0 0 1) then it is the z coordinate.
 The second column "radius" is the hole pore radius 
   (as defined in the Biophys J 1993) article).
 The third column "cen_line_D" is the distance 
   measured along the pore centre line - with the 
   first point found set to zero. This was the first
   thing that I used to measure the distance along a pore
   but "cenxyz.cvec" is a much better general measure. 
   However, by comparing changes in this distance to changes in '   "cenxyz.cvec" one can get a measure of how straight a 
   channel is.
 The fourth column "sum{s/(area)}" is useful in conductance
   prediction -
   basically it is the sum of the thickness of each slab
   divided by its area. HOLE uses this measure to estimate
   the macroscopic conductance of a channel.
 If any of this worries you one can see the "raw" results
   of a standard hole run by producing a sphpdb file and 
    directly looking at the results.
 cenxyz.cvec      radius  cen_line_D sum{s/(area point sourc
    35.84085    21.56573   -31.22091     0.00007   (sampled)
    35.94085    16.52363   -25.91942     0.00019 (mid-point)
    36.04085    11.68428   -20.61794     0.00042   (sampled)
    36.14085     8.58851   -17.08896     0.00085 (mid-point)
    36.24085     5.80200   -13.55998     0.00180   (sampled)
    36.34085     3.03089    -9.84803     0.00526 (mid-point)
    36.44085     2.33022    -6.13607     0.01112   (sampled)
    36.54085     2.27872    -5.90252     0.01725 (mid-point)
    36.64085     2.23982    -5.66897     0.02360   (sampled)
    36.74085     2.21141    -5.44816     0.03011 (mid-point)
    36.84085     2.19518    -5.22734     0.03671   (sampled)
    36.94085     2.19279    -5.00105     0.04333 (mid-point)
    37.04085     2.20334    -4.77476     0.04989   (sampled)
    37.14085     2.20068    -4.53915     0.05646 (mid-point)
    37.24085     2.21132    -4.30355     0.06297   (sampled)
    37.34085     2.20284    -4.11772     0.06953 (mid-point)
    37.44085     2.20220    -3.93189     0.07609   (sampled)
    37.54085     2.18920    -3.78068     0.08274 (mid-point)
    37.64085     2.18256    -3.62946     0.08942   (sampled)
    37.74085     2.17030    -3.47231     0.09618 (mid-point)
    37.84085     2.16438    -3.31516     0.10297   (sampled)
    37.94085     2.15887    -3.17550     0.10980 (mid-point)
    38.04085     2.15810    -3.03584     0.11663   (sampled)
    38.14085     2.15050    -2.89817     0.12352 (mid-point)
    38.24085     2.14747    -2.76050     0.13042   (sampled)
    38.34085     2.13882    -2.59391     0.13738 (mid-point)
    38.44085     2.13711    -2.42732     0.14435   (sampled)
    38.54085     2.13950    -2.27711     0.15130 (mid-point)
    38.64085     2.14738    -2.12689     0.15820   (sampled)
    38.74085     2.16449    -1.96384     0.16500 (mid-point)
    38.84085     2.18749    -1.80080     0.17165   (sampled)
    38.94085     2.18921    -1.65657     0.17829 (mid-point)
    39.04085     2.19491    -1.51235     0.18490   (sampled)
    39.14085     2.19667    -1.28435     0.19150 (mid-point)
    39.24085     2.21125    -1.05634     0.19801   (sampled)
    39.34085     2.22554    -0.91962     0.20443 (mid-point)
    39.44085     2.24434    -0.78290     0.21075   (sampled)
    39.54085     2.25002    -0.65967     0.21704 (mid-point)
    39.64085     2.25754    -0.53643     0.22329   (sampled)
    39.74085     2.26518    -0.41708     0.22949 (mid-point)
    39.84085     2.27576    -0.29774     0.23563   (sampled)
    39.94085     2.27900    -0.14887     0.24176 (mid-point)
    40.04085     2.28527     0.00000     0.24786   (sampled)
    40.14085     2.28101     0.14106     0.25398 (mid-point)
    40.24085     2.28157     0.28211     0.26009   (sampled)
    40.34085     2.28061     0.41162     0.26621 (mid-point)
    40.44085     2.28359     0.54112     0.27232   (sampled)
    40.54085     2.28712     0.66739     0.27840 (mid-point)
    40.64085     2.29437     0.79365     0.28445   (sampled)
    40.74085     2.25653     0.93216     0.29070 (mid-point)
    40.84085     2.22383     1.07067     0.29713   (sampled)
    40.94085     2.19544     1.20658     0.30374 (mid-point)
    41.04085     2.17165     1.34249     0.31049   (sampled)
    41.14085     2.14228     1.45652     0.31742 (mid-point)
    41.24085     2.11582     1.57054     0.32453   (sampled)
    41.34085     2.08372     1.71345     0.33187 (mid-point)
    41.44085     2.05796     1.85636     0.33938   (sampled)
    41.54085     2.03088     2.04027     0.34710 (mid-point)
    41.64085     2.01479     2.22417     0.35494   (sampled)
    41.74085     2.00721     2.43642     0.36284 (mid-point)
    41.84085     2.01432     2.64866     0.37069   (sampled)
    41.94085     2.00501     2.84067     0.37860 (mid-point)
    42.04085     2.00291     3.03268     0.38654   (sampled)
    42.14085     1.96713     3.46284     0.39476 (mid-point)
    42.24085     1.99241     3.89301     0.40278   (sampled)
    42.34085     2.01013     4.08079     0.41066 (mid-point)
    42.44085     2.03873     4.26857     0.41832   (sampled)
    42.54085     2.07548     4.45227     0.42571 (mid-point)
    42.64085     2.12230     4.63596     0.43278   (sampled)
    42.74085     2.17687     4.81688     0.43949 (mid-point)
    42.84085     2.24048     4.99780     0.44583   (sampled)
    42.94085     2.28794     5.17061     0.45191 (mid-point)
    43.04085     2.34331     5.34341     0.45771   (sampled)
    43.14085     2.38279     5.56116     0.46332 (mid-point)
    43.24085     2.43299     5.77890     0.46870   (sampled)
    43.34085     2.45374     6.96249     0.47398 (mid-point)
    43.44085     2.83192     8.14607     0.47795   (sampled)
    43.54085     3.53361    10.24154     0.48050 (mid-point)
    43.64085     4.36478    12.33701     0.48217   (sampled)
    43.74085     7.98302    17.50171     0.48267 (mid-point)
    43.84085    12.49942    22.66641     0.48287   (sampled)
    43.94085    16.99247    27.45974     0.48298 (mid-point)
    44.04085    21.60574    32.25307     0.48305   (sampled)

 Minimum radius found:      1.967 angstroms.



 For spherical probe approach, The geometric factor
         F= sum(ds/area) along channel is    0.483 angstroms**-1
 This yields a macroscopic predicted molar conductance of:
   (1/rho)*(100/F)= (210/rho) pS,
   where rho is the conductivity of 1M permeant ion in ohm m.
 N.B. this is a macroscopic conductance - an overestimate 
 Empirically corrected conductances currently only available
 With the CAPSULE option (although its not that stable!)
 For 1M KCl rho= 1/12 (ohm m), So Gmacro= 2500 pS/M.
  (TAG      1   Rmin=     1.96713   Gmacro=  2484.20064 Conn_Gmacro=    -1.00000 ).
 HOLE: normal completion
