 *** Program HOLE ***
 
 If results of this run are reported or published, please
 cite the publication listed below.
 For the HOLE program:
   Smart, O.S., Goodfellow, J.M., Wallace, B.A. (1993). 
   The pore dimensions of gramicidin A. 
   Biophys. J., 65, 2455-2460.
 
 Originally written by Oliver Smart at Birkbeck College from April 1992.
 Copyright 1993-2005 Oliver Smart
 Copyright 2014-2015 SmartSci Limited.
 Copyright 2016 Oliver Smart.
 
 For help on HOLE suite see  http://www.holeprogram.org/
 
 HOLE release 2.2.005 (07 August 2016) 
 
 usage subject to Apache License, Version 2.0 
 see http://www.apache.org/licenses/LICENSE-2.0 

 Control variables read:

! Input file for Oliver Smart's HOLE program
! written by MDAnalysis.analysis.hole2.HoleAnalysis
! for a Universe
! u = mda.Universe(/afs/crc.nd.edu/user/m/mfarshad/Private/ML-new/traj/host-asb4
!    /afs/crc.nd.edu/user/m/mfarshad/Private/ML-new/traj/host-asb4/host_asb4.trr
!   )
! Frame 49

COORD  /tmp/2550279.1.long/tmp8b77l47j.pdb
RADIUS simple2.rad
SPHPDB hole049.sph
SAMPLE 0.200000
ENDRAD 22.000000
IGNORE SOL WAT TIP HOH K   NA  CL
SHORTO 0
RASEED 31415
CPOINT 41.1275033794 40.4037867687 40.1343653163


 WARNING have not found a CVECT record - will try to guess
 Input pdb filename read as:    '/tmp/2550279.1.long/tmp8b77l47j.pdb'
 Input vdW radius file read as: 'simple2.rad'
 point in channel:   41.128  40.404  40.134
 channel vector:   ************************
 sampling distance between planes:    0.200

 graphics conditions:
 binary plot output file name: NONE
 Dot density:    10
 Draw dots?           T
 Draw close contacts? F
 Draw centre line?    T
 Produce spikes rather than dots? F
 Seed for random number generator:     31415 (0 means value set by program)
 Radius above which a result is regarded as an 'end':  22.000
 Pdb format file for sphere centres: hole049.sph

 Monte Carlo conditions:
  no of steps:  1000
  maximum displacement   0.100 angs
  'kT' initial   0.100 angs
 The spherebox and capsule options are turned off.
 (No molqpt card so will not write qpt file of the molecule)
 IGNORE card read so will ignore residue types: SOL WAT TIP HOH K   NA  CL
 no SHORTO card read so will produce full textual output
 As no PEGRAT card was found will not produce PEG polymer exclusion graph
 (No 2DMAPS card specified so will not produce 2D property maps)
 Have not found a CUT card.  Normal calculation using
   Cutoff lists with a cutsize=       1.000
   (if you wish to turn off option use a CUT -1 card)

 Have read     7 bond radius records and
              16 vdW radius records.
 From file: simple2.rad

 Have read   122 atom records.
 From file: /tmp/2550279.1.long/tmp8b77l47j.pdb
 Will not produce graphical output

 Have opened file for pdb format output of sphere centres:  hole049.sph

  Seed integer used by ran # generator on this run      31415

 
 S/R cguess will try to guess CPOINT and/or CVECT
 
 THESE GUESSES MAY WELL BE WRONG!!!!
 Routine relies on having a reasonably symmetric
 channel oriented along x, y or z vector
 YOU ARE STRONGLY ADVISED TO CHECK THE RESULTS
                       WITH MOLECULAR GRAPHICS
 testing points from cpoint in X, Y then Z direction
   point                   pore radius
direction     1
  36.128  40.404  40.134     3.248
  37.128  40.404  40.134     2.551
  38.128  40.404  40.134     1.912
  39.128  40.404  40.134     1.465
  40.128  40.404  40.134     1.382
  41.128  40.404  40.134     1.697
  42.128  40.404  40.134     1.974
  43.128  40.404  40.134     2.085
  44.128  40.404  40.134     1.981
  45.128  40.404  40.134     2.134
  46.128  40.404  40.134     2.498
 Average pore radius along the line=      2.084
direction     2
  41.128  35.404  40.134    -1.445
  41.128  36.404  40.134    -1.229
  41.128  37.404  40.134    -0.235
  41.128  38.404  40.134     0.324
  41.128  39.404  40.134     0.944
  41.128  40.404  40.134     1.697
  41.128  41.404  40.134     1.028
  41.128  42.404  40.134     0.088
  41.128  43.404  40.134    -0.740
  41.128  44.404  40.134    -1.009
  41.128  45.404  40.134    -0.373
 Average pore radius along the line=     -0.086
direction     3
  41.128  40.404  35.134    -0.097
  41.128  40.404  36.134     0.670
  41.128  40.404  37.134     1.559
  41.128  40.404  38.134     2.236
  41.128  40.404  39.134     2.136
  41.128  40.404  40.134     1.697
  41.128  40.404  41.134     1.451
  41.128  40.404  42.134     1.198
  41.128  40.404  43.134     0.249
  41.128  40.404  44.134    -0.618
  41.128  40.404  45.134    -1.056
 Average pore radius along the line=      0.857
 Best direction is found to be     1
(1=X,2=Y,3=Z)
 s/r cguess has produced initial values for cpoint &/or cvect:
CPOINT      41.1275     40.4038     40.1344
CVECT        1.0000      0.0000      0.0000
 THESE GUESSES MAY WELL BE WRONG!!!!
 Routine relies on having a reasonably symmetric
 channel oriented along x, y or z vector
 YOU ARE STRONGLY ADVISED TO CHECK THE RESULTS
                       WITH MOLECULAR GRAPHICS
 
 
  Some routines (e.g. conn) need vectors normal to cvect: 
     EAST Zero degrees angle is along vector    0.000   1.000   0.000
     NORTH  90 degrees angle is along vector    0.000   0.000  -1.000
 highest radius point found:
  at point   41.128  40.545  38.493
  closest atom surface    2.422   C13 ASB X    1
  2nd closest surface     2.424   C10 ASB X    1
  found on step  986
  this is also current point
  no. of rejections          396
 stored as     0

 highest radius point found:
  at point   41.328  40.439  38.696
  closest atom surface    2.390   C30 ASB X    1
  2nd closest surface     2.392   C10 ASB X    1
  found on step  673
 current point:
  at point   41.328  40.437  38.700
  closest atom surface    2.389   C30 ASB X    1
  2nd closest surface     2.392   C10 ASB X    1
  found on step  882
  no. of rejections          373
 stored as     1

 highest radius point found:
  at point   41.528  40.334  38.903
  closest atom surface    2.378   C30 ASB X    1
  2nd closest surface     2.379   C31 ASB X    1
  found on step  995
  this is also current point
  no. of rejections          404
 stored as     2

 highest radius point found:
  at point   41.728  40.253  39.066
  closest atom surface    2.369   C13 ASB X    1
  2nd closest surface     2.369   H33 ASB X    1
  found on step  988
  this is also current point
  no. of rejections          392
 stored as     3

 highest radius point found:
  at point   41.928  40.161  39.180
  closest atom surface    2.366   C34 ASB X    1
  2nd closest surface     2.367   C13 ASB X    1
  found on step   85
 current point:
  at point   41.928  40.158  39.172
  closest atom surface    2.363   C31 ASB X    1
  2nd closest surface     2.367   C13 ASB X    1
  found on step  940
  no. of rejections          375
 stored as     4

 highest radius point found:
  at point   42.128  40.063  39.239
  closest atom surface    2.367   C34 ASB X    1
  2nd closest surface     2.369   C31 ASB X    1
  found on step  884
  this is also current point
  no. of rejections          360
 stored as     5

 highest radius point found:
  at point   42.328  39.965  39.296
  closest atom surface    2.382   C34 ASB X    1
  2nd closest surface     2.383   C31 ASB X    1
  found on step  831
 current point:
  at point   42.328  39.964  39.296
  closest atom surface    2.382   C34 ASB X    1
  2nd closest surface     2.383   C31 ASB X    1
  found on step  998
  no. of rejections          350
 stored as     6

 highest radius point found:
  at point   42.528  39.869  39.354
  closest atom surface    2.409   C13 ASB X    1
  2nd closest surface     2.411   C34 ASB X    1
  found on step  952
  this is also current point
  no. of rejections          377
 stored as     7

 highest radius point found:
  at point   42.728  39.767  39.406
  closest atom surface    2.448   C31 ASB X    1
  2nd closest surface     2.450   C34 ASB X    1
  found on step  814
 current point:
  at point   42.728  39.768  39.398
  closest atom surface    2.447   C13 ASB X    1
  2nd closest surface     2.448   C31 ASB X    1
  found on step  969
  no. of rejections          359
 stored as     8

 highest radius point found:
  at point   42.928  39.671  39.454
  closest atom surface    2.498   C13 ASB X    1
  2nd closest surface     2.499   C31 ASB X    1
  found on step   36
 current point:
  at point   42.928  39.681  39.485
  closest atom surface    2.497   C34 ASB X    1
  2nd closest surface     2.498   C13 ASB X    1
  found on step  986
  no. of rejections          341
 stored as     9

 highest radius point found:
  at point   43.128  39.621  39.610
  closest atom surface    2.547   C34 ASB X    1
  2nd closest surface     2.548   C13 ASB X    1
  found on step  948
  this is also current point
  no. of rejections          389
 stored as    10

 highest radius point found:
  at point   43.328  39.585  39.777
  closest atom surface    2.604   C13 ASB X    1
  2nd closest surface     2.604   C32 ASB X    1
  found on step  965
  this is also current point
  no. of rejections          347
 stored as    11

 highest radius point found:
  at point   43.528  39.554  39.959
  closest atom surface    2.674   C34 ASB X    1
  2nd closest surface     2.675   C32 ASB X    1
  found on step  992
  this is also current point
  no. of rejections          393
 stored as    12

 highest radius point found:
  at point   43.728  39.816  40.657
  closest atom surface    2.767   C34 ASB X    1
  2nd closest surface     2.767   C13 ASB X    1
  found on step  994
  this is also current point
  no. of rejections          314
 stored as    13

 highest radius point found:
  at point   43.928  39.777  40.820
  closest atom surface    2.882   C34 ASB X    1
  2nd closest surface     2.882   C13 ASB X    1
  found on step  999
  this is also current point
  no. of rejections          345
 stored as    14

 highest radius point found:
  at point   44.128  39.641  40.809
  closest atom surface    2.988   C34 ASB X    1
  2nd closest surface     2.988   C13 ASB X    1
  found on step  986
  this is also current point
  no. of rejections          346
 stored as    15

 highest radius point found:
  at point   44.328  39.525  40.820
  closest atom surface    3.098   C45 ASB X    1
  2nd closest surface     3.098   C13 ASB X    1
  found on step  904
  this is also current point
  no. of rejections          411
 stored as    16

 highest radius point found:
  at point   44.528  39.526  40.884
  closest atom surface    3.146   C45 ASB X    1
  2nd closest surface     3.148   C44 ASB X    1
  found on step  764
 current point:
  at point   44.528  39.525  40.874
  closest atom surface    3.145   C13 ASB X    1
  2nd closest surface     3.145   C45 ASB X    1
  found on step  955
  no. of rejections          388
 stored as    17

 highest radius point found:
  at point   44.728  39.519  40.913
  closest atom surface    3.194   C45 ASB X    1
  2nd closest surface     3.195   C13 ASB X    1
  found on step  230
 current point:
  at point   44.728  39.519  40.917
  closest atom surface    3.194   C45 ASB X    1
  2nd closest surface     3.195   C50 ASB X    1
  found on step  942
  no. of rejections          389
 stored as    18

 highest radius point found:
  at point   44.928  39.501  40.911
  closest atom surface    3.239   C50 ASB X    1
  2nd closest surface     3.240   C45 ASB X    1
  found on step  927
  this is also current point
  no. of rejections          385
 stored as    19

 highest radius point found:
  at point   45.128  39.479  40.922
  closest atom surface    3.289   C45 ASB X    1
  2nd closest surface     3.290   C50 ASB X    1
  found on step  779
 current point:
  at point   45.128  39.478  40.903
  closest atom surface    3.288   C45 ASB X    1
  2nd closest surface     3.293   C13 ASB X    1
  found on step  964
  no. of rejections          377
 stored as    20

 highest radius point found:
  at point   45.328  39.463  40.900
  closest atom surface    3.349   C13 ASB X    1
  2nd closest surface     3.350   C50 ASB X    1
  found on step  900
  this is also current point
  no. of rejections          393
 stored as    21

 highest radius point found:
  at point   45.528  39.441  40.890
  closest atom surface    3.415   C45 ASB X    1
  2nd closest surface     3.415   C13 ASB X    1
  found on step  927
  this is also current point
  no. of rejections          392
 stored as    22

 highest radius point found:
  at point   45.728  39.422  40.898
  closest atom surface    3.487   C45 ASB X    1
  2nd closest surface     3.490   C50 ASB X    1
  found on step  962
  this is also current point
  no. of rejections          378
 stored as    23

 highest radius point found:
  at point   45.928  39.403  40.898
  closest atom surface    3.567   C45 ASB X    1
  2nd closest surface     3.567   C50 ASB X    1
  found on step   59
 current point:
  at point   45.928  39.380  41.086
  closest atom surface    3.550   C50 ASB X    1
  2nd closest surface     3.551   C45 ASB X    1
  found on step  970
  no. of rejections          367
 stored as    24

 highest radius point found:
  at point   46.128  39.385  40.881
  closest atom surface    3.654   C45 ASB X    1
  2nd closest surface     3.655   C13 ASB X    1
  found on step  946
  this is also current point
  no. of rejections          369
 stored as    25

 highest radius point found:
  at point   46.328  39.365  40.884
  closest atom surface    3.744   C45 ASB X    1
  2nd closest surface     3.745   C50 ASB X    1
  found on step  945
  this is also current point
  no. of rejections          389
 stored as    26

 highest radius point found:
  at point   46.528  39.345  40.894
  closest atom surface    3.840   C50 ASB X    1
  2nd closest surface     3.841   C45 ASB X    1
  found on step  105
 current point:
  at point   46.528  39.256  41.657
  closest atom surface    3.806   C50 ASB X    1
  2nd closest surface     3.806   H47 ASB X    1
  found on step  890
  no. of rejections          384
 stored as    27

 highest radius point found:
  at point   46.728  39.322  40.917
  closest atom surface    3.940   C50 ASB X    1
  2nd closest surface     3.940   C45 ASB X    1
  found on step   55
 current point:
  at point   46.728  39.249  41.496
  closest atom surface    3.913   C50 ASB X    1
  2nd closest surface     3.914   C45 ASB X    1
  found on step  972
  no. of rejections          353
 stored as    28

 highest radius point found:
  at point   46.928  39.300  40.933
  closest atom surface    4.046   C45 ASB X    1
  2nd closest surface     4.046   C50 ASB X    1
  found on step  730
 current point:
  at point   46.928  39.303  40.933
  closest atom surface    4.043   C50 ASB X    1
  2nd closest surface     4.047   H12 ASB X    1
  found on step  977
  no. of rejections          384
 stored as    29

 highest radius point found:
  at point   47.128  39.142  42.196
  closest atom surface    4.159   C50 ASB X    1
  2nd closest surface     4.160   H47 ASB X    1
  found on step  969
  this is also current point
  no. of rejections          368
 stored as    30

 highest radius point found:
  at point   47.328  39.100  42.283
  closest atom surface    4.284   H47 ASB X    1
  2nd closest surface     4.289   H44 ASB X    1
  found on step   10
 current point:
  at point   47.328  39.153  41.794
  closest atom surface    4.258   C50 ASB X    1
  2nd closest surface     4.262   C45 ASB X    1
  found on step  990
  no. of rejections          349
 stored as    31

 highest radius point found:
  at point   47.528  39.075  42.340
  closest atom surface    4.422   H47 ASB X    1
  2nd closest surface     4.424   C50 ASB X    1
  found on step  436
 current point:
  at point   47.528  39.232  40.989
  closest atom surface    4.389   C45 ASB X    1
  2nd closest surface     4.392   C50 ASB X    1
  found on step  995
  no. of rejections          335
 stored as    32

 highest radius point found:
  at point   47.728  39.041  42.353
  closest atom surface    4.551   H47 ASB X    1
  2nd closest surface     4.562   C50 ASB X    1
  found on step   39
 current point:
  at point   47.728  39.085  41.990
  closest atom surface    4.520   C45 ASB X    1
  2nd closest surface     4.522   C50 ASB X    1
  found on step  992
  no. of rejections          354
 stored as    33

 highest radius point found:
  at point   47.928  39.008  42.501
  closest atom surface    4.706   H47 ASB X    1
  2nd closest surface     4.707   H44 ASB X    1
  found on step  311
 current point:
  at point   47.928  39.010  42.473
  closest atom surface    4.704   H47 ASB X    1
  2nd closest surface     4.704   C50 ASB X    1
  found on step  926
  no. of rejections          340
 stored as    34

 highest radius point found:
  at point   48.128  38.975  42.568
  closest atom surface    4.854   C50 ASB X    1
  2nd closest surface     4.854   H47 ASB X    1
  found on step  890
  this is also current point
  no. of rejections          358
 stored as    35

 highest radius point found:
  at point   48.328  38.941  42.656
  closest atom surface    5.006   H44 ASB X    1
  2nd closest surface     5.006   C45 ASB X    1
  found on step   92
 current point:
  at point   48.328  38.943  42.659
  closest atom surface    5.005   H44 ASB X    1
  2nd closest surface     5.005   C50 ASB X    1
  found on step  990
  no. of rejections          345
 stored as    36

 highest radius point found:
  at point   48.528  38.911  42.736
  closest atom surface    5.158   C45 ASB X    1
  2nd closest surface     5.158   C50 ASB X    1
  found on step  986
  this is also current point
  no. of rejections          300
 stored as    37

 highest radius point found:
  at point   48.728  38.882  42.817
  closest atom surface    5.314   C50 ASB X    1
  2nd closest surface     5.314   C45 ASB X    1
  found on step  979
  this is also current point
  no. of rejections          325
 stored as    38

 highest radius point found:
  at point   48.928  38.848  42.912
  closest atom surface    5.474   H44 ASB X    1
  2nd closest surface     5.475   C45 ASB X    1
  found on step  523
 current point:
  at point   48.928  38.842  42.909
  closest atom surface    5.470   C45 ASB X    1
  2nd closest surface     5.476   H44 ASB X    1
  found on step  989
  no. of rejections          302
 stored as    39

 highest radius point found:
  at point   49.128  38.819  42.994
  closest atom surface    5.637   H44 ASB X    1
  2nd closest surface     5.638   C50 ASB X    1
  found on step  840
 current point:
  at point   49.128  38.816  42.997
  closest atom surface    5.637   C45 ASB X    1
  2nd closest surface     5.637   H44 ASB X    1
  found on step  995
  no. of rejections          304
 stored as    40

 highest radius point found:
  at point   49.328  38.783  43.088
  closest atom surface    5.802   H44 ASB X    1
  2nd closest surface     5.803   C45 ASB X    1
  found on step  923
  this is also current point
  no. of rejections          320
 stored as    41

 highest radius point found:
  at point   49.528  35.882  46.861
  closest atom surface    6.883   H44 ASB X    1
  2nd closest surface     6.904   C45 ASB X    1
  found on step 1000
  this is also current point
  no. of rejections          248
 stored as    42

 highest radius point found:
  at point   49.728  31.083  54.681
  closest atom surface   12.271   O6  ASB X    1
  2nd closest surface    13.151   C39 ASB X    1
  found on step 1000
  this is also current point
  no. of rejections          212
 stored as    43

 highest radius point found:
  at point   49.928  27.070  65.364
  closest atom surface   21.826   O6  ASB X    1
  2nd closest surface    22.519   H40 ASB X    1
  found on step 1000
  this is also current point
  no. of rejections          224
 stored as    44

 highest radius point found:
  at point   50.128  21.725  75.053
  closest atom surface   32.231   O6  ASB X    1
  2nd closest surface    32.886   H40 ASB X    1
  found on step 1000
  this is also current point
  no. of rejections          237
 This is an end! (radius above  22.0 angs)
 highest radius point found:
  at point   40.928  40.601  38.418
  closest atom surface    2.448   C10 ASB X    1
  2nd closest surface     2.449   C30 ASB X    1
  found on step  975
  this is also current point
  no. of rejections          403
 stored as    -1

 highest radius point found:
  at point   40.728  40.647  38.367
  closest atom surface    2.477   C15 ASB X    1
  2nd closest surface     2.478   C10 ASB X    1
  found on step  892
  this is also current point
  no. of rejections          387
 stored as    -2

 highest radius point found:
  at point   40.528  40.689  38.324
  closest atom surface    2.515   C30 ASB X    1
  2nd closest surface     2.516   C15 ASB X    1
  found on step  971
  this is also current point
  no. of rejections          383
 stored as    -3

 highest radius point found:
  at point   40.328  40.732  38.287
  closest atom surface    2.563   C30 ASB X    1
  2nd closest surface     2.563   C10 ASB X    1
  found on step  248
 current point:
  at point   40.328  40.730  38.269
  closest atom surface    2.559   C30 ASB X    1
  2nd closest surface     2.559   C15 ASB X    1
  found on step  979
  no. of rejections          360
 stored as    -4

 highest radius point found:
  at point   40.128  40.777  38.242
  closest atom surface    2.620   C10 ASB X    1
  2nd closest surface     2.621   C30 ASB X    1
  found on step  866
 current point:
  at point   40.128  40.776  38.241
  closest atom surface    2.620   C30 ASB X    1
  2nd closest surface     2.621   C10 ASB X    1
  found on step  905
  no. of rejections          366
 stored as    -5

 highest radius point found:
  at point   39.928  40.818  38.204
  closest atom surface    2.685   C30 ASB X    1
  2nd closest surface     2.685   C10 ASB X    1
  found on step  976
  this is also current point
  no. of rejections          377
 stored as    -6

 highest radius point found:
  at point   39.728  40.866  38.155
  closest atom surface    2.759   C15 ASB X    1
  2nd closest surface     2.760   C10 ASB X    1
  found on step  942
  this is also current point
  no. of rejections          410
 stored as    -7

 highest radius point found:
  at point   39.528  40.882  38.172
  closest atom surface    2.824   C30 ASB X    1
  2nd closest surface     2.826   C24 ASB X    1
  found on step  779
 current point:
  at point   39.528  40.882  38.181
  closest atom surface    2.824   H11 ASB X    1
  2nd closest surface     2.825   C10 ASB X    1
  found on step  939
  no. of rejections          393
 stored as    -8

 highest radius point found:
  at point   39.328  40.902  38.260
  closest atom surface    2.840   H33 ASB X    1
  2nd closest surface     2.840   C24 ASB X    1
  found on step  874
 current point:
  at point   39.328  40.902  38.265
  closest atom surface    2.836   H33 ASB X    1
  2nd closest surface     2.838   H11 ASB X    1
  found on step  983
  no. of rejections          375
 stored as    -9

 highest radius point found:
  at point   39.128  40.948  38.336
  closest atom surface    2.851   H11 ASB X    1
  2nd closest surface     2.852   H33 ASB X    1
  found on step  839
 current point:
  at point   39.128  40.945  38.341
  closest atom surface    2.847   H33 ASB X    1
  2nd closest surface     2.851   H11 ASB X    1
  found on step  939
  no. of rejections          371
 stored as   -10

 highest radius point found:
  at point   38.928  40.993  38.413
  closest atom surface    2.874   H11 ASB X    1
  2nd closest surface     2.876   H33 ASB X    1
  found on step  733
 current point:
  at point   38.928  40.994  38.414
  closest atom surface    2.873   H11 ASB X    1
  2nd closest surface     2.876   H33 ASB X    1
  found on step  949
  no. of rejections          397
 stored as   -11

 highest radius point found:
  at point   38.728  41.036  38.492
  closest atom surface    2.909   H33 ASB X    1
  2nd closest surface     2.910   H11 ASB X    1
  found on step   47
 current point:
  at point   38.728  41.040  38.491
  closest atom surface    2.907   H11 ASB X    1
  2nd closest surface     2.910   C24 ASB X    1
  found on step  882
  no. of rejections          392
 stored as   -12

 highest radius point found:
  at point   38.528  41.083  38.571
  closest atom surface    2.955   H11 ASB X    1
  2nd closest surface     2.956   C24 ASB X    1
  found on step  952
  this is also current point
  no. of rejections          396
 stored as   -13

 highest radius point found:
  at point   38.328  41.130  38.651
  closest atom surface    3.011   H11 ASB X    1
  2nd closest surface     3.011   C24 ASB X    1
  found on step  678
 current point:
  at point   38.328  41.128  38.656
  closest atom surface    3.011   H11 ASB X    1
  2nd closest surface     3.011   H33 ASB X    1
  found on step  964
  no. of rejections          378
 stored as   -14

 highest radius point found:
  at point   38.128  41.176  38.737
  closest atom surface    3.077   H11 ASB X    1
  2nd closest surface     3.081   H33 ASB X    1
  found on step  830
 current point:
  at point   38.128  41.178  38.728
  closest atom surface    3.073   C24 ASB X    1
  2nd closest surface     3.078   H11 ASB X    1
  found on step  925
  no. of rejections          377
 stored as   -15

 highest radius point found:
  at point   37.928  41.215  38.816
  closest atom surface    3.154   C24 ASB X    1
  2nd closest surface     3.156   H33 ASB X    1
  found on step  971
  this is also current point
  no. of rejections          371
 stored as   -16

 highest radius point found:
  at point   37.728  41.264  38.904
  closest atom surface    3.244   H33 ASB X    1
  2nd closest surface     3.244   H11 ASB X    1
  found on step  522
 current point:
  at point   37.728  41.266  38.911
  closest atom surface    3.241   H11 ASB X    1
  2nd closest surface     3.242   H33 ASB X    1
  found on step  976
  no. of rejections          360
 stored as   -17

 highest radius point found:
  at point   37.528  41.309  38.991
  closest atom surface    3.339   H33 ASB X    1
  2nd closest surface     3.341   H11 ASB X    1
  found on step  979
  this is also current point
  no. of rejections          340
 stored as   -18

 highest radius point found:
  at point   37.328  41.356  39.077
  closest atom surface    3.446   H33 ASB X    1
  2nd closest surface     3.446   C24 ASB X    1
  found on step  992
  this is also current point
  no. of rejections          350
 stored as   -19

 highest radius point found:
  at point   37.128  41.407  39.163
  closest atom surface    3.557   C24 ASB X    1
  2nd closest surface     3.557   H11 ASB X    1
  found on step  851
 current point:
  at point   37.128  41.410  39.165
  closest atom surface    3.556   H11 ASB X    1
  2nd closest surface     3.559   C24 ASB X    1
  found on step  988
  no. of rejections          380
 stored as   -20

 highest radius point found:
  at point   36.928  41.448  39.254
  closest atom surface    3.679   H33 ASB X    1
  2nd closest surface     3.680   C24 ASB X    1
  found on step  905
  this is also current point
  no. of rejections          333
 stored as   -21

 highest radius point found:
  at point   36.728  41.501  39.345
  closest atom surface    3.806   H11 ASB X    1
  2nd closest surface     3.808   C24 ASB X    1
  found on step  940
  this is also current point
  no. of rejections          311
 stored as   -22

 highest radius point found:
  at point   36.528  41.546  39.436
  closest atom surface    3.942   H11 ASB X    1
  2nd closest surface     3.943   C24 ASB X    1
  found on step  698
 current point:
  at point   36.528  41.552  39.434
  closest atom surface    3.939   H11 ASB X    1
  2nd closest surface     3.942   C24 ASB X    1
  found on step  992
  no. of rejections          352
 stored as   -23

 highest radius point found:
  at point   36.328  41.592  39.527
  closest atom surface    4.083   H11 ASB X    1
  2nd closest surface     4.084   C24 ASB X    1
  found on step  950
  this is also current point
  no. of rejections          314
 stored as   -24

 highest radius point found:
  at point   36.128  41.654  39.642
  closest atom surface    4.221   C34 ASB X    1
  2nd closest surface     4.221   H11 ASB X    1
  found on step  758
 current point:
  at point   36.128  41.658  39.660
  closest atom surface    4.218   H11 ASB X    1
  2nd closest surface     4.218   C34 ASB X    1
  found on step  996
  no. of rejections          309
 stored as   -25

 highest radius point found:
  at point   35.928  41.715  39.716
  closest atom surface    4.368   H24 ASB X    1
  2nd closest surface     4.368   C34 ASB X    1
  found on step  984
  this is also current point
  no. of rejections          289
 stored as   -26

 highest radius point found:
  at point   35.728  41.786  39.814
  closest atom surface    4.519   H11 ASB X    1
  2nd closest surface     4.519   C34 ASB X    1
  found on step  956
  this is also current point
  no. of rejections          301
 stored as   -27

 highest radius point found:
  at point   35.528  41.861  39.912
  closest atom surface    4.671   H11 ASB X    1
  2nd closest surface     4.673   C35 ASB X    1
  found on step  888
  this is also current point
  no. of rejections          321
 stored as   -28

 highest radius point found:
  at point   35.328  41.957  39.990
  closest atom surface    4.823   H11 ASB X    1
  2nd closest surface     4.823   H24 ASB X    1
  found on step  830
 current point:
  at point   35.328  41.960  39.988
  closest atom surface    4.822   H24 ASB X    1
  2nd closest surface     4.822   H11 ASB X    1
  found on step  986
  no. of rejections          310
 stored as   -29

 highest radius point found:
  at point   35.128  42.052  40.071
  closest atom surface    4.980   H24 ASB X    1
  2nd closest surface     4.980   H11 ASB X    1
  found on step  986
  this is also current point
  no. of rejections          300
 stored as   -30

 highest radius point found:
  at point   34.928  42.299  40.071
  closest atom surface    5.101   H24 ASB X    1
  2nd closest surface     5.101   H11 ASB X    1
  found on step  796
 current point:
  at point   34.928  42.275  40.076
  closest atom surface    5.099   H24 ASB X    1
  2nd closest surface     5.102   O1  ASB X    1
  found on step  990
  no. of rejections          394
 stored as   -31

 highest radius point found:
  at point   34.728  42.519  40.007
  closest atom surface    5.160   O1  ASB X    1
  2nd closest surface     5.172   H24 ASB X    1
  found on step  225
 current point:
  at point   34.728  41.928  40.131
  closest atom surface    5.151   H24 ASB X    1
  2nd closest surface     5.152   O1  ASB X    1
  found on step  922
  no. of rejections          376
 stored as   -32

 highest radius point found:
  at point   34.528  43.285  39.806
  closest atom surface    5.327   H11 ASB X    1
  2nd closest surface     5.327   O1  ASB X    1
  found on step  955
  this is also current point
  no. of rejections          379
 stored as   -33

 highest radius point found:
  at point   34.328  43.703  39.678
  closest atom surface    5.476   H15 ASB X    1
  2nd closest surface     5.476   C24 ASB X    1
  found on step  982
  this is also current point
  no. of rejections          369
 stored as   -34

 highest radius point found:
  at point   34.128  43.918  39.579
  closest atom surface    5.575   H2  ASB X    1
  2nd closest surface     5.575   H15 ASB X    1
  found on step  994
  this is also current point
  no. of rejections          365
 stored as   -35

 highest radius point found:
  at point   33.928  44.154  39.459
  closest atom surface    5.680   C24 ASB X    1
  2nd closest surface     5.680   H15 ASB X    1
  found on step  779
 current point:
  at point   33.928  44.149  39.462
  closest atom surface    5.680   C24 ASB X    1
  2nd closest surface     5.682   H15 ASB X    1
  found on step  994
  no. of rejections          297
 stored as   -36

 highest radius point found:
  at point   33.728  44.389  39.345
  closest atom surface    5.800   H15 ASB X    1
  2nd closest surface     5.801   C24 ASB X    1
  found on step  980
  this is also current point
  no. of rejections          325
 stored as   -37

 highest radius point found:
  at point   33.528  44.621  39.234
  closest atom surface    5.934   H15 ASB X    1
  2nd closest surface     5.934   C24 ASB X    1
  found on step  998
  this is also current point
  no. of rejections          270
 stored as   -38

 highest radius point found:
  at point   33.328  47.471  36.611
  closest atom surface    6.389   C17 ASB X    1
  2nd closest surface     6.461   H15 ASB X    1
  found on step  997
  this is also current point
  no. of rejections          176
 stored as   -39

 highest radius point found:
  at point   33.128  53.353  31.122
  closest atom surface   11.067   H17 ASB X    1
  2nd closest surface    11.077   O3  ASB X    1
  found on step  999
  this is also current point
  no. of rejections          206
 stored as   -40

 highest radius point found:
  at point   32.928  61.520  26.309
  closest atom surface   19.108   H17 ASB X    1
  2nd closest surface    19.133   O3  ASB X    1
  found on step 1000
  this is also current point
  no. of rejections          247
 stored as   -41

 highest radius point found:
  at point   32.728  70.350  20.953
  closest atom surface   28.844   O3  ASB X    1
  2nd closest surface    28.853   H17 ASB X    1
  found on step 1000
  this is also current point
  no. of rejections          265
 This is an end! (radius above  22.0 angs)
 
 N.b. Graph information routine (HOGRAP) differs 
        markedly from previous versions!
       Information now is written from -ve end
       to +ve in one pass
 
 Explanation of the meaning of each column: 
 First column "cenxyz.cvec" is the coordinate in the
   direction of the channel vector i.e. if the channel
   vector is in z (0 0 1) then it is the z coordinate.
 The second column "radius" is the hole pore radius 
   (as defined in the Biophys J 1993) article).
 The third column "cen_line_D" is the distance 
   measured along the pore centre line - with the 
   first point found set to zero. This was the first
   thing that I used to measure the distance along a pore
   but "cenxyz.cvec" is a much better general measure. 
   However, by comparing changes in this distance to changes in '   "cenxyz.cvec" one can get a measure of how straight a 
   channel is.
 The fourth column "sum{s/(area)}" is useful in conductance
   prediction -
   basically it is the sum of the thickness of each slab
   divided by its area. HOLE uses this measure to estimate
   the macroscopic conductance of a channel.
 If any of this worries you one can see the "raw" results
   of a standard hole run by producing a sphpdb file and 
    directly looking at the results.
 cenxyz.cvec      radius  cen_line_D sum{s/(area point sourc
    32.92750    19.10766   -31.25334     0.00009   (sampled)
    33.02750    14.88982   -26.51251     0.00023 (mid-point)
    33.12750    11.06672   -21.77168     0.00049   (sampled)
    33.22750     8.26459   -17.74789     0.00096 (mid-point)
    33.32750     6.38908   -13.72410     0.00174   (sampled)
    33.42750     5.93643   -11.78478     0.00264 (mid-point)
    33.52750     5.93421    -9.84545     0.00354   (sampled)
    33.62750     5.86548    -9.68245     0.00447 (mid-point)
    33.72750     5.79997    -9.51946     0.00542   (sampled)
    33.82750     5.73821    -9.35513     0.00638 (mid-point)
    33.92750     5.67978    -9.19081     0.00737   (sampled)
    34.02750     5.62573    -9.02484     0.00837 (mid-point)
    34.12750     5.57469    -8.85888     0.00940   (sampled)
    34.22750     5.52380    -8.70384     0.01044 (mid-point)
    34.32750     5.47562    -8.54880     0.01150   (sampled)
    34.42750     5.39964    -8.30844     0.01260 (mid-point)
    34.52750     5.32652    -8.06807     0.01372   (sampled)
    34.62750     5.23183    -7.66000     0.01488 (mid-point)
    34.72750     5.16002    -7.25192     0.01608   (sampled)
    34.82750     5.12939    -7.09952     0.01729 (mid-point)
    34.92750     5.10080    -6.94712     0.01851   (sampled)
    35.02750     5.03848    -6.78831     0.01976 (mid-point)
    35.12750     4.97972    -6.62949     0.02105   (sampled)
    35.22750     4.90077    -6.51157     0.02237 (mid-point)
    35.32750     4.82271    -6.39366     0.02374   (sampled)
    35.42750     4.74617    -6.27622     0.02515 (mid-point)
    35.52750     4.67102    -6.15879     0.02661   (sampled)
    35.62750     4.59413    -6.04117     0.02812 (mid-point)
    35.72750     4.51869    -5.92356     0.02968   (sampled)
    35.82750     4.44265    -5.80653     0.03129 (mid-point)
    35.92750     4.36757    -5.68950     0.03296   (sampled)
    36.02750     4.29417    -5.57878     0.03469 (mid-point)
    36.12750     4.22133    -5.46806     0.03647   (sampled)
    36.22750     4.15146    -5.34848     0.03832 (mid-point)
    36.32750     4.08338    -5.22889     0.04023   (sampled)
    36.42750     4.01189    -5.11654     0.04221 (mid-point)
    36.52750     3.94191    -5.00418     0.04426   (sampled)
    36.62750     3.87314    -4.89209     0.04638 (mid-point)
    36.72750     3.80599    -4.77999     0.04857   (sampled)
    36.82750     3.74257    -4.66711     0.05085 (mid-point)
    36.92750     3.67945    -4.55422     0.05320   (sampled)
    37.02750     3.61731    -4.44235     0.05563 (mid-point)
    37.12750     3.55664    -4.33049     0.05815   (sampled)
    37.22750     3.50026    -4.21869     0.06075 (mid-point)
    37.32750     3.44554    -4.10688     0.06343   (sampled)
    37.42750     3.39123    -3.99558     0.06619 (mid-point)
    37.52750     3.33909    -3.88429     0.06905   (sampled)
    37.62750     3.29041    -3.77302     0.07199 (mid-point)
    37.72750     3.24409    -3.66175     0.07501   (sampled)
    37.82750     3.19871    -3.54963     0.07812 (mid-point)
    37.92750     3.15430    -3.43750     0.08132   (sampled)
    38.02750     3.11718    -3.32828     0.08460 (mid-point)
    38.12750     3.07674    -3.21906     0.08796   (sampled)
    38.22750     3.04239    -3.10778     0.09140 (mid-point)
    38.32750     3.01082    -2.99649     0.09491   (sampled)
    38.42750     2.98131    -2.88626     0.09849 (mid-point)
    38.52750     2.95466    -2.77603     0.10214   (sampled)
    38.62750     2.93071    -2.66601     0.10585 (mid-point)
    38.72750     2.90917    -2.55599     0.10961   (sampled)
    38.82750     2.89011    -2.44646     0.11342 (mid-point)
    38.92750     2.87350    -2.33692     0.11727   (sampled)
    39.02750     2.86056    -2.22737     0.12116 (mid-point)
    39.12750     2.85070    -2.11783     0.12508   (sampled)
    39.22750     2.84422    -2.00828     0.12901 (mid-point)
    39.32750     2.83983    -1.89874     0.13296   (sampled)
    39.42750     2.83158    -1.78902     0.13693 (mid-point)
    39.52750     2.82445    -1.67930     0.14092   (sampled)
    39.62750     2.79269    -1.57860     0.14500 (mid-point)
    39.72750     2.75914    -1.47791     0.14918   (sampled)
    39.82750     2.72149    -1.37223     0.15348 (mid-point)
    39.92750     2.68508    -1.26656     0.15790   (sampled)
    40.02750     2.65153    -1.16266     0.16242 (mid-point)
    40.12750     2.62008    -1.05876     0.16706   (sampled)
    40.22750     2.59043    -0.95379     0.17181 (mid-point)
    40.32750     2.56266    -0.84881     0.17665   (sampled)
    40.42750     2.53783    -0.74495     0.18159 (mid-point)
    40.52750     2.51533    -0.64109     0.18663   (sampled)
    40.62750     2.49512    -0.53668     0.19174 (mid-point)
    40.72750     2.47685    -0.43227     0.19693   (sampled)
    40.82750     2.46193    -0.32654     0.20218 (mid-point)
    40.92750     2.44835    -0.22081     0.20749   (sampled)
    41.02750     2.43456    -0.11040     0.21286 (mid-point)
    41.12750     2.42247    -0.00000     0.21828   (sampled)
    41.22750     2.40466     0.15198     0.22379 (mid-point)
    41.32750     2.39006     0.30397     0.22936   (sampled)
    41.42750     2.38150     0.45746     0.23497 (mid-point)
    41.52750     2.37850     0.61096     0.24060   (sampled)
    41.62750     2.37263     0.74609     0.24625 (mid-point)
    41.72750     2.36909     0.88122     0.25193   (sampled)
    41.82750     2.36608     1.00513     0.25761 (mid-point)
    41.92750     2.36579     1.12903     0.26330   (sampled)
    42.02750     2.36505     1.24419     0.26899 (mid-point)
    42.12750     2.36745     1.35935     0.27467   (sampled)
    42.22750     2.37323     1.47440     0.28032 (mid-point)
    42.32750     2.38213     1.58946     0.28593   (sampled)
    42.42750     2.39482     1.70400     0.29148 (mid-point)
    42.52750     2.40938     1.81854     0.29696   (sampled)
    42.62750     2.42859     1.93386     0.30236 (mid-point)
    42.72750     2.44762     2.04918     0.30767   (sampled)
    42.82750     2.47194     2.16275     0.31288 (mid-point)
    42.92750     2.49768     2.27632     0.31798   (sampled)
    43.02750     2.52118     2.40559     0.32299 (mid-point)
    43.12750     2.54727     2.53486     0.32790   (sampled)
    43.22750     2.57424     2.66638     0.33270 (mid-point)
    43.32750     2.60422     2.79790     0.33739   (sampled)
    43.42750     2.63755     2.93381     0.34197 (mid-point)
    43.52750     2.67401     3.06972     0.34642   (sampled)
    43.62750     2.70424     3.45593     0.35077 (mid-point)
    43.72750     2.76670     3.84214     0.35493   (sampled)
    43.82750     2.82272     3.97252     0.35893 (mid-point)
    43.92750     2.88167     4.10290     0.36276   (sampled)
    44.02750     2.93343     4.22407     0.36646 (mid-point)
    44.12750     2.98768     4.34524     0.37003   (sampled)
    44.22750     3.04212     4.46082     0.37347 (mid-point)
    44.32750     3.09795     4.57640     0.37678   (sampled)
    44.42750     3.12085     4.68150     0.38005 (mid-point)
    44.52750     3.14584     4.78659     0.38327   (sampled)
    44.62750     3.16919     4.88767     0.38644 (mid-point)
    44.72750     3.19445     4.98876     0.38956   (sampled)
    44.82750     3.21608     5.08918     0.39263 (mid-point)
    44.92750     3.23890     5.18960     0.39567   (sampled)
    45.02750     3.26336     5.29033     0.39866 (mid-point)
    45.12750     3.28907     5.39105     0.40160   (sampled)
    45.22750     3.31873     5.49195     0.40449 (mid-point)
    45.32750     3.34943     5.59285     0.40733   (sampled)
    45.42750     3.38135     5.69357     0.41011 (mid-point)
    45.52750     3.41482     5.79428     0.41284   (sampled)
    45.62750     3.45028     5.89483     0.41551 (mid-point)
    45.72750     3.48740     5.99538     0.41813   (sampled)
    45.82750     3.52651     6.09581     0.42069 (mid-point)
    45.92750     3.56721     6.19624     0.42319   (sampled)
    46.02750     3.60970     6.29702     0.42564 (mid-point)
    46.12750     3.65370     6.39781     0.42802   (sampled)
    46.22750     3.69836     6.49831     0.43035 (mid-point)
    46.32750     3.74446     6.59882     0.43262   (sampled)
    46.42750     3.79180     6.69946     0.43483 (mid-point)
    46.52750     3.84015     6.80011     0.43699   (sampled)
    46.62750     3.88939     6.90139     0.43909 (mid-point)
    46.72750     3.93998     7.00267     0.44114   (sampled)
    46.82750     3.99220     7.10361     0.44314 (mid-point)
    46.92750     4.04550     7.20455     0.44509   (sampled)
    47.02750     4.06793     7.84879     0.44701 (mid-point)
    47.12750     4.15939     8.49304     0.44885   (sampled)
    47.22750     4.22102     8.60409     0.45064 (mid-point)
    47.32750     4.28388     8.71515     0.45237   (sampled)
    47.42750     4.35217     8.81985     0.45405 (mid-point)
    47.52750     4.42161     8.92456     0.45568   (sampled)
    47.62750     4.48583     9.02627     0.45726 (mid-point)
    47.72750     4.55118     9.12797     0.45880   (sampled)
    47.82750     4.62798     9.25343     0.46028 (mid-point)
    47.92750     4.70650     9.37890     0.46172   (sampled)
    48.02750     4.77976     9.48554     0.46311 (mid-point)
    48.12750     4.85395     9.59219     0.46447   (sampled)
    48.22750     4.92957     9.70290     0.46578 (mid-point)
    48.32750     5.00575     9.81360     0.46705   (sampled)
    48.42750     5.08152     9.92233     0.46828 (mid-point)
    48.52750     5.15811    10.03105     0.46947   (sampled)
    48.62750     5.23553    10.13985     0.47064 (mid-point)
    48.72750     5.31363    10.24864     0.47176   (sampled)
    48.82750     5.39409    10.36057     0.47286 (mid-point)
    48.92750     5.47350    10.47250     0.47392   (sampled)
    49.02750     5.55505    10.58151     0.47495 (mid-point)
    49.12750     5.63739    10.69052     0.47595   (sampled)
    49.22750     5.71906    10.80256     0.47693 (mid-point)
    49.32750     5.80159    10.91460     0.47787   (sampled)
    49.42750     5.96633    13.29665     0.47877 (mid-point)
    49.52750     6.88329    15.67870     0.47944   (sampled)
    49.62750     9.36605    20.26712     0.47980 (mid-point)
    49.72750    12.27115    24.85554     0.48001   (sampled)
    49.82750    16.78579    30.56264     0.48012 (mid-point)
    49.92750    21.82553    36.26974     0.48019   (sampled)

 Minimum radius found:      2.365 angstroms.



 For spherical probe approach, The geometric factor
         F= sum(ds/area) along channel is    0.480 angstroms**-1
 This yields a macroscopic predicted molar conductance of:
   (1/rho)*(100/F)= (210/rho) pS,
   where rho is the conductivity of 1M permeant ion in ohm m.
 N.B. this is a macroscopic conductance - an overestimate 
 Empirically corrected conductances currently only available
 With the CAPSULE option (although its not that stable!)
 For 1M KCl rho= 1/12 (ohm m), So Gmacro= 2500 pS/M.
  (TAG      1   Rmin=     2.36505   Gmacro=  2499.00143 Conn_Gmacro=    -1.00000 ).
 HOLE: normal completion
