 *** Program HOLE ***
 
 If results of this run are reported or published, please
 cite the publication listed below.
 For the HOLE program:
   Smart, O.S., Goodfellow, J.M., Wallace, B.A. (1993). 
   The pore dimensions of gramicidin A. 
   Biophys. J., 65, 2455-2460.
 
 Originally written by Oliver Smart at Birkbeck College from April 1992.
 Copyright 1993-2005 Oliver Smart
 Copyright 2014-2015 SmartSci Limited.
 Copyright 2016 Oliver Smart.
 
 For help on HOLE suite see  http://www.holeprogram.org/
 
 HOLE release 2.2.005 (07 August 2016) 
 
 usage subject to Apache License, Version 2.0 
 see http://www.apache.org/licenses/LICENSE-2.0 

 Control variables read:

! Input file for Oliver Smart's HOLE program
! written by MDAnalysis.analysis.hole2.HoleAnalysis
! for a Universe
! u = mda.Universe(/afs/crc.nd.edu/user/m/mfarshad/Private/ML-new/traj/host-asb4
!    /afs/crc.nd.edu/user/m/mfarshad/Private/ML-new/traj/host-asb4/host_asb4.trr
!   )
! Frame 13

COORD  /tmp/2550279.1.long/tmpzf_7s9p0.pdb
RADIUS simple2.rad
SPHPDB hole013.sph
SAMPLE 0.200000
ENDRAD 22.000000
IGNORE SOL WAT TIP HOH K   NA  CL
SHORTO 0
RASEED 31415
CPOINT 40.0298425643 40.6744419160 40.1594138536


 WARNING have not found a CVECT record - will try to guess
 Input pdb filename read as:    '/tmp/2550279.1.long/tmpzf_7s9p0.pdb'
 Input vdW radius file read as: 'simple2.rad'
 point in channel:   40.030  40.674  40.159
 channel vector:   ************************
 sampling distance between planes:    0.200

 graphics conditions:
 binary plot output file name: NONE
 Dot density:    10
 Draw dots?           T
 Draw close contacts? F
 Draw centre line?    T
 Produce spikes rather than dots? F
 Seed for random number generator:     31415 (0 means value set by program)
 Radius above which a result is regarded as an 'end':  22.000
 Pdb format file for sphere centres: hole013.sph

 Monte Carlo conditions:
  no of steps:  1000
  maximum displacement   0.100 angs
  'kT' initial   0.100 angs
 The spherebox and capsule options are turned off.
 (No molqpt card so will not write qpt file of the molecule)
 IGNORE card read so will ignore residue types: SOL WAT TIP HOH K   NA  CL
 no SHORTO card read so will produce full textual output
 As no PEGRAT card was found will not produce PEG polymer exclusion graph
 (No 2DMAPS card specified so will not produce 2D property maps)
 Have not found a CUT card.  Normal calculation using
   Cutoff lists with a cutsize=       1.000
   (if you wish to turn off option use a CUT -1 card)

 Have read     7 bond radius records and
              16 vdW radius records.
 From file: simple2.rad

 Have read   122 atom records.
 From file: /tmp/2550279.1.long/tmpzf_7s9p0.pdb
 Will not produce graphical output

 Have opened file for pdb format output of sphere centres:  hole013.sph

  Seed integer used by ran # generator on this run      31415

 
 S/R cguess will try to guess CPOINT and/or CVECT
 
 THESE GUESSES MAY WELL BE WRONG!!!!
 Routine relies on having a reasonably symmetric
 channel oriented along x, y or z vector
 YOU ARE STRONGLY ADVISED TO CHECK THE RESULTS
                       WITH MOLECULAR GRAPHICS
 testing points from cpoint in X, Y then Z direction
   point                   pore radius
direction     1
  35.030  40.674  40.159    -0.363
  36.030  40.674  40.159    -0.000
  37.030  40.674  40.159     0.539
  38.030  40.674  40.159     1.040
  39.030  40.674  40.159     1.507
  40.030  40.674  40.159     2.173
  41.030  40.674  40.159     2.093
  42.030  40.674  40.159     1.865
  43.030  40.674  40.159     1.509
  44.030  40.674  40.159     0.963
  45.030  40.674  40.159     0.708
 Average pore radius along the line=      1.094
direction     2
  40.030  35.674  40.159     2.922
  40.030  36.674  40.159     2.340
  40.030  37.674  40.159     1.987
  40.030  38.674  40.159     1.785
  40.030  39.674  40.159     1.852
  40.030  40.674  40.159     2.173
  40.030  41.674  40.159     2.084
  40.030  42.674  40.159     1.895
  40.030  43.674  40.159     1.700
  40.030  44.674  40.159     1.756
  40.030  45.674  40.159     1.958
 Average pore radius along the line=      2.041
direction     3
  40.030  40.674  35.159    -0.771
  40.030  40.674  36.159    -1.245
  40.030  40.674  37.159    -0.597
  40.030  40.674  38.159     0.335
  40.030  40.674  39.159     1.308
  40.030  40.674  40.159     2.173
  40.030  40.674  41.159     1.755
  40.030  40.674  42.159     1.045
  40.030  40.674  43.159     0.464
  40.030  40.674  44.159    -0.247
  40.030  40.674  45.159    -1.115
 Average pore radius along the line=      0.282
 Best direction is found to be     2
(1=X,2=Y,3=Z)
 s/r cguess has produced initial values for cpoint &/or cvect:
CPOINT      40.0298     40.6744     40.1594
CVECT        0.0000      1.0000      0.0000
 THESE GUESSES MAY WELL BE WRONG!!!!
 Routine relies on having a reasonably symmetric
 channel oriented along x, y or z vector
 YOU ARE STRONGLY ADVISED TO CHECK THE RESULTS
                       WITH MOLECULAR GRAPHICS
 
 
  Some routines (e.g. conn) need vectors normal to cvect: 
     EAST Zero degrees angle is along vector    1.000   0.000   0.000
     NORTH  90 degrees angle is along vector    0.000   0.000   1.000
 highest radius point found:
  at point   41.077  40.674  40.798
  closest atom surface    2.640   C13 ASB X    1
  2nd closest surface     2.641   C45 ASB X    1
  found on step  909
  this is also current point
  no. of rejections          374
 stored as     0

 highest radius point found:
  at point   41.074  40.874  40.845
  closest atom surface    2.526   C13 ASB X    1
  2nd closest surface     2.527   C45 ASB X    1
  found on step   92
 current point:
  at point   41.073  40.874  40.844
  closest atom surface    2.526   C45 ASB X    1
  2nd closest surface     2.527   C13 ASB X    1
  found on step  982
  no. of rejections          349
 stored as     1

 highest radius point found:
  at point   41.075  41.074  40.895
  closest atom surface    2.420   C13 ASB X    1
  2nd closest surface     2.420   C45 ASB X    1
  found on step  551
 current point:
  at point   41.065  41.074  40.884
  closest atom surface    2.418   C13 ASB X    1
  2nd closest surface     2.419   C45 ASB X    1
  found on step  985
  no. of rejections          363
 stored as     2

 highest radius point found:
  at point   41.058  41.274  40.929
  closest atom surface    2.318   C45 ASB X    1
  2nd closest surface     2.319   C13 ASB X    1
  found on step  976
  this is also current point
  no. of rejections          353
 stored as     3

 highest radius point found:
  at point   41.081  41.474  41.001
  closest atom surface    2.230   C45 ASB X    1
  2nd closest surface     2.231   H20 ASB X    1
  found on step  939
  this is also current point
  no. of rejections          373
 stored as     4

 highest radius point found:
  at point   41.086  41.674  41.056
  closest atom surface    2.148   C45 ASB X    1
  2nd closest surface     2.148   H20 ASB X    1
  found on step  962
  this is also current point
  no. of rejections          371
 stored as     5

 highest radius point found:
  at point   41.087  41.874  41.104
  closest atom surface    2.075   C45 ASB X    1
  2nd closest surface     2.075   C13 ASB X    1
  found on step  889
  this is also current point
  no. of rejections          392
 stored as     6

 highest radius point found:
  at point   41.101  42.074  41.170
  closest atom surface    2.014   C45 ASB X    1
  2nd closest surface     2.014   H20 ASB X    1
  found on step  948
  this is also current point
  no. of rejections          386
 stored as     7

 highest radius point found:
  at point   41.107  42.274  41.223
  closest atom surface    1.962   C13 ASB X    1
  2nd closest surface     1.963   C45 ASB X    1
  found on step  720
 current point:
  at point   41.106  42.274  41.224
  closest atom surface    1.961   C45 ASB X    1
  2nd closest surface     1.964   C13 ASB X    1
  found on step 1000
  no. of rejections          378
 stored as     8

 highest radius point found:
  at point   39.645  42.474  39.835
  closest atom surface    2.059   C45 ASB X    1
  2nd closest surface     2.071   C11 ASB X    1
  found on step  994
  this is also current point
  no. of rejections          361
 stored as     9

 highest radius point found:
  at point   39.702  42.674  39.868
  closest atom surface    2.049   C45 ASB X    1
  2nd closest surface     2.050   C50 ASB X    1
  found on step  956
  this is also current point
  no. of rejections          378
 stored as    10

 highest radius point found:
  at point   39.677  42.874  39.890
  closest atom surface    2.024   C50 ASB X    1
  2nd closest surface     2.024   C45 ASB X    1
  found on step  758
 current point:
  at point   39.675  42.874  39.891
  closest atom surface    2.023   C45 ASB X    1
  2nd closest surface     2.024   C50 ASB X    1
  found on step  977
  no. of rejections          402
 stored as    11

 highest radius point found:
  at point   39.653  43.074  39.911
  closest atom surface    2.006   C50 ASB X    1
  2nd closest surface     2.007   C13 ASB X    1
  found on step  987
  this is also current point
  no. of rejections          432
 stored as    12

 highest radius point found:
  at point   39.627  43.274  39.937
  closest atom surface    2.003   C45 ASB X    1
  2nd closest surface     2.003   C13 ASB X    1
  found on step  907
  this is also current point
  no. of rejections          422
 stored as    13

 highest radius point found:
  at point   39.601  43.474  39.959
  closest atom surface    2.008   C45 ASB X    1
  2nd closest surface     2.010   C13 ASB X    1
  found on step  283
 current point:
  at point   39.599  43.474  39.959
  closest atom surface    2.008   C45 ASB X    1
  2nd closest surface     2.011   C50 ASB X    1
  found on step  936
  no. of rejections          395
 stored as    14

 highest radius point found:
  at point   37.861  43.674  39.574
  closest atom surface    2.075   C45 ASB X    1
  2nd closest surface     2.075   C44 ASB X    1
  found on step  990
  this is also current point
  no. of rejections          406
 stored as    15

 highest radius point found:
  at point   37.767  43.874  39.577
  closest atom surface    2.130   C44 ASB X    1
  2nd closest surface     2.131   C50 ASB X    1
  found on step  871
 current point:
  at point   37.769  43.874  39.578
  closest atom surface    2.130   C45 ASB X    1
  2nd closest surface     2.131   C50 ASB X    1
  found on step  882
  no. of rejections          380
 stored as    16

 highest radius point found:
  at point   37.668  44.074  39.584
  closest atom surface    2.196   C44 ASB X    1
  2nd closest surface     2.196   C45 ASB X    1
  found on step  965
  this is also current point
  no. of rejections          385
 stored as    17

 highest radius point found:
  at point   37.575  44.274  39.588
  closest atom surface    2.274   C50 ASB X    1
  2nd closest surface     2.274   C45 ASB X    1
  found on step  992
  this is also current point
  no. of rejections          385
 stored as    18

 highest radius point found:
  at point   37.479  44.474  39.595
  closest atom surface    2.360   C45 ASB X    1
  2nd closest surface     2.362   C50 ASB X    1
  found on step  826
 current point:
  at point   37.477  44.474  39.591
  closest atom surface    2.360   C44 ASB X    1
  2nd closest surface     2.360   C50 ASB X    1
  found on step  922
  no. of rejections          387
 stored as    19

 highest radius point found:
  at point   37.386  44.674  39.599
  closest atom surface    2.456   C50 ASB X    1
  2nd closest surface     2.458   C45 ASB X    1
  found on step  983
  this is also current point
  no. of rejections          348
 stored as    20

 highest radius point found:
  at point   37.283  44.874  39.603
  closest atom surface    2.563   C44 ASB X    1
  2nd closest surface     2.564   C50 ASB X    1
  found on step  994
  this is also current point
  no. of rejections          355
 stored as    21

 highest radius point found:
  at point   37.188  45.074  39.611
  closest atom surface    2.679   C44 ASB X    1
  2nd closest surface     2.679   C45 ASB X    1
  found on step  952
  this is also current point
  no. of rejections          331
 stored as    22

 highest radius point found:
  at point   37.092  45.274  39.617
  closest atom surface    2.801   C45 ASB X    1
  2nd closest surface     2.802   C50 ASB X    1
  found on step  356
 current point:
  at point   37.094  45.274  39.616
  closest atom surface    2.800   C50 ASB X    1
  2nd closest surface     2.801   C45 ASB X    1
  found on step  966
  no. of rejections          328
 stored as    23

 highest radius point found:
  at point   36.993  45.474  39.622
  closest atom surface    2.930   C44 ASB X    1
  2nd closest surface     2.931   C45 ASB X    1
  found on step  966
  this is also current point
  no. of rejections          358
 stored as    24

 highest radius point found:
  at point   36.887  45.674  39.634
  closest atom surface    3.064   C45 ASB X    1
  2nd closest surface     3.066   C44 ASB X    1
  found on step  772
 current point:
  at point   36.893  45.674  39.633
  closest atom surface    3.064   C45 ASB X    1
  2nd closest surface     3.067   C44 ASB X    1
  found on step  975
  no. of rejections          350
 stored as    25

 highest radius point found:
  at point   36.802  45.874  39.630
  closest atom surface    3.208   C50 ASB X    1
  2nd closest surface     3.208   C44 ASB X    1
  found on step  311
 current point:
  at point   36.801  45.874  39.636
  closest atom surface    3.207   C45 ASB X    1
  2nd closest surface     3.210   C44 ASB X    1
  found on step  965
  no. of rejections          373
 stored as    26

 highest radius point found:
  at point   36.705  46.074  39.637
  closest atom surface    3.357   C44 ASB X    1
  2nd closest surface     3.357   C50 ASB X    1
  found on step  957
  this is also current point
  no. of rejections          323
 stored as    27

 highest radius point found:
  at point   33.391  46.274  41.193
  closest atom surface    4.156   C37 ASB X    1
  2nd closest surface     4.161   H35 ASB X    1
  found on step  999
  this is also current point
  no. of rejections          248
 stored as    28

 highest radius point found:
  at point   28.347  46.474  42.924
  closest atom surface    6.392   O6  ASB X    1
  2nd closest surface     6.656   H35 ASB X    1
  found on step 1000
  this is also current point
  no. of rejections          156
 stored as    29

 highest radius point found:
  at point   18.379  46.674  46.415
  closest atom surface   15.405   O6  ASB X    1
  2nd closest surface    15.860   H36 ASB X    1
  found on step 1000
  this is also current point
  no. of rejections          231
 stored as    30

 highest radius point found:
  at point    8.383  46.874  49.848
  closest atom surface   25.562   O6  ASB X    1
  2nd closest surface    26.020   C38 ASB X    1
  found on step 1000
  this is also current point
  no. of rejections          260
 This is an end! (radius above  22.0 angs)
 highest radius point found:
  at point   41.145  40.474  40.758
  closest atom surface    2.710   C10 ASB X    1
  2nd closest surface     2.712   C31 ASB X    1
  found on step  329
 current point:
  at point   41.138  40.474  40.757
  closest atom surface    2.709   C31 ASB X    1
  2nd closest surface     2.710   C10 ASB X    1
  found on step  893
  no. of rejections          401
 stored as    -1

 highest radius point found:
  at point   41.275  40.274  40.742
  closest atom surface    2.737   C10 ASB X    1
  2nd closest surface     2.739   C31 ASB X    1
  found on step   89
 current point:
  at point   41.270  40.274  40.742
  closest atom surface    2.736   C31 ASB X    1
  2nd closest surface     2.737   C10 ASB X    1
  found on step  903
  no. of rejections          410
 stored as    -2

 highest radius point found:
  at point   41.411  40.074  40.727
  closest atom surface    2.777   C10 ASB X    1
  2nd closest surface     2.779   H20 ASB X    1
  found on step  996
  this is also current point
  no. of rejections          359
 stored as    -3

 highest radius point found:
  at point   41.545  39.874  40.715
  closest atom surface    2.831   C31 ASB X    1
  2nd closest surface     2.831   C10 ASB X    1
  found on step  997
  this is also current point
  no. of rejections          374
 stored as    -4

 highest radius point found:
  at point   41.677  39.674  40.701
  closest atom surface    2.893   C20 ASB X    1
  2nd closest surface     2.893   C31 ASB X    1
  found on step  819
 current point:
  at point   41.677  39.674  40.698
  closest atom surface    2.893   C10 ASB X    1
  2nd closest surface     2.895   C20 ASB X    1
  found on step 1000
  no. of rejections          407
 stored as    -5

 highest radius point found:
  at point   41.730  39.474  40.659
  closest atom surface    2.937   C21 ASB X    1
  2nd closest surface     2.939   C10 ASB X    1
  found on step  806
 current point:
  at point   41.735  39.474  40.655
  closest atom surface    2.935   C21 ASB X    1
  2nd closest surface     2.936   C10 ASB X    1
  found on step  969
  no. of rejections          385
 stored as    -6

 highest radius point found:
  at point   41.732  39.274  40.606
  closest atom surface    2.977   C31 ASB X    1
  2nd closest surface     2.977   C10 ASB X    1
  found on step  826
 current point:
  at point   41.730  39.274  40.606
  closest atom surface    2.975   C31 ASB X    1
  2nd closest surface     2.977   C10 ASB X    1
  found on step  968
  no. of rejections          401
 stored as    -7

 highest radius point found:
  at point   41.677  39.074  40.532
  closest atom surface    3.001   O4  ASB X    1
  2nd closest surface     3.002   C10 ASB X    1
  found on step  156
 current point:
  at point   41.671  39.074  40.531
  closest atom surface    3.000   C10 ASB X    1
  2nd closest surface     3.002   C31 ASB X    1
  found on step  977
  no. of rejections          400
 stored as    -8

 highest radius point found:
  at point   41.614  38.874  40.459
  closest atom surface    3.036   C34 ASB X    1
  2nd closest surface     3.037   C10 ASB X    1
  found on step  963
  this is also current point
  no. of rejections          412
 stored as    -9

 highest radius point found:
  at point   41.594  38.674  40.356
  closest atom surface    3.058   O4  ASB X    1
  2nd closest surface     3.058   C10 ASB X    1
  found on step  948
  this is also current point
  no. of rejections          386
 stored as   -10

 highest radius point found:
  at point   41.560  38.474  40.251
  closest atom surface    3.086   C24 ASB X    1
  2nd closest surface     3.088   C34 ASB X    1
  found on step  877
  this is also current point
  no. of rejections          394
 stored as   -11

 highest radius point found:
  at point   41.503  38.274  40.125
  closest atom surface    3.111   C10 ASB X    1
  2nd closest surface     3.111   C34 ASB X    1
  found on step  840
 current point:
  at point   41.503  38.274  40.126
  closest atom surface    3.111   C34 ASB X    1
  2nd closest surface     3.112   C10 ASB X    1
  found on step  952
  no. of rejections          382
 stored as   -12

 highest radius point found:
  at point   41.433  38.074  39.990
  closest atom surface    3.139   C10 ASB X    1
  2nd closest surface     3.140   C34 ASB X    1
  found on step  418
 current point:
  at point   41.436  38.074  39.996
  closest atom surface    3.136   H24 ASB X    1
  2nd closest surface     3.139   H33 ASB X    1
  found on step  881
  no. of rejections          397
 stored as   -13

 highest radius point found:
  at point   41.365  37.874  39.850
  closest atom surface    3.175   H24 ASB X    1
  2nd closest surface     3.176   C10 ASB X    1
  found on step  862
  this is also current point
  no. of rejections          381
 stored as   -14

 highest radius point found:
  at point   41.298  37.674  39.709
  closest atom surface    3.223   H24 ASB X    1
  2nd closest surface     3.225   C10 ASB X    1
  found on step  956
  this is also current point
  no. of rejections          367
 stored as   -15

 highest radius point found:
  at point   41.226  37.474  39.574
  closest atom surface    3.286   H33 ASB X    1
  2nd closest surface     3.288   H24 ASB X    1
  found on step  986
  this is also current point
  no. of rejections          347
 stored as   -16

 highest radius point found:
  at point   41.157  37.274  39.436
  closest atom surface    3.363   C10 ASB X    1
  2nd closest surface     3.363   H33 ASB X    1
  found on step  999
  this is also current point
  no. of rejections          347
 stored as   -17

 highest radius point found:
  at point   41.092  37.074  39.300
  closest atom surface    3.449   C10 ASB X    1
  2nd closest surface     3.450   H24 ASB X    1
  found on step  818
 current point:
  at point   41.088  37.074  39.298
  closest atom surface    3.448   C10 ASB X    1
  2nd closest surface     3.453   H33 ASB X    1
  found on step  940
  no. of rejections          347
 stored as   -18

 highest radius point found:
  at point   41.018  36.874  39.168
  closest atom surface    3.548   H33 ASB X    1
  2nd closest surface     3.548   C10 ASB X    1
  found on step  872
 current point:
  at point   41.022  36.874  39.173
  closest atom surface    3.547   H24 ASB X    1
  2nd closest surface     3.548   H33 ASB X    1
  found on step  875
  no. of rejections          324
 stored as   -19

 highest radius point found:
  at point   40.952  36.674  39.039
  closest atom surface    3.658   C10 ASB X    1
  2nd closest surface     3.658   H33 ASB X    1
  found on step  931
  this is also current point
  no. of rejections          304
 stored as   -20

 highest radius point found:
  at point   40.880  36.474  38.907
  closest atom surface    3.775   C10 ASB X    1
  2nd closest surface     3.775   H33 ASB X    1
  found on step  910
  this is also current point
  no. of rejections          332
 stored as   -21

 highest radius point found:
  at point   40.815  36.274  38.785
  closest atom surface    3.899   C9  ASB X    1
  2nd closest surface     3.900   H33 ASB X    1
  found on step  946
  this is also current point
  no. of rejections          346
 stored as   -22

 highest radius point found:
  at point   40.751  36.074  38.685
  closest atom surface    4.019   H33 ASB X    1
  2nd closest surface     4.019   H24 ASB X    1
  found on step  616
 current point:
  at point   40.754  36.074  38.681
  closest atom surface    4.018   H24 ASB X    1
  2nd closest surface     4.019   C9  ASB X    1
  found on step  926
  no. of rejections          323
 stored as   -23

 highest radius point found:
  at point   40.688  35.874  38.578
  closest atom surface    4.145   C9  ASB X    1
  2nd closest surface     4.146   H24 ASB X    1
  found on step  950
  this is also current point
  no. of rejections          344
 stored as   -24

 highest radius point found:
  at point   40.624  35.674  38.474
  closest atom surface    4.277   C9  ASB X    1
  2nd closest surface     4.277   C34 ASB X    1
  found on step  764
 current point:
  at point   40.625  35.674  38.473
  closest atom surface    4.276   C9  ASB X    1
  2nd closest surface     4.278   C34 ASB X    1
  found on step  957
  no. of rejections          326
 stored as   -25

 highest radius point found:
  at point   40.568  35.474  38.454
  closest atom surface    4.363   O1  ASB X    1
  2nd closest surface     4.363   H24 ASB X    1
  found on step 1000
  this is also current point
  no. of rejections          383
 stored as   -26

 highest radius point found:
  at point   40.504  35.274  38.526
  closest atom surface    4.401   O1  ASB X    1
  2nd closest surface     4.401   C34 ASB X    1
  found on step  932
  this is also current point
  no. of rejections          386
 stored as   -27

 highest radius point found:
  at point   40.453  35.074  38.593
  closest atom surface    4.449   H33 ASB X    1
  2nd closest surface     4.450   H24 ASB X    1
  found on step  879
  this is also current point
  no. of rejections          371
 stored as   -28

 highest radius point found:
  at point   40.407  34.874  38.677
  closest atom surface    4.489   H24 ASB X    1
  2nd closest surface     4.495   H33 ASB X    1
  found on step  884
 current point:
  at point   40.403  34.874  38.671
  closest atom surface    4.489   C1  ASB X    1
  2nd closest surface     4.495   H24 ASB X    1
  found on step  894
  no. of rejections          386
 stored as   -29

 highest radius point found:
  at point   40.352  34.674  38.761
  closest atom surface    4.542   C1  ASB X    1
  2nd closest surface     4.544   H24 ASB X    1
  found on step  979
  this is also current point
  no. of rejections          410
 stored as   -30

 highest radius point found:
  at point   40.301  34.474  38.860
  closest atom surface    4.595   H2  ASB X    1
  2nd closest surface     4.596   H33 ASB X    1
  found on step  962
  this is also current point
  no. of rejections          399
 stored as   -31

 highest radius point found:
  at point   40.250  34.274  38.964
  closest atom surface    4.653   H33 ASB X    1
  2nd closest surface     4.654   H2  ASB X    1
  found on step  967
  this is also current point
  no. of rejections          345
 stored as   -32

 highest radius point found:
  at point   40.203  34.074  39.066
  closest atom surface    4.719   H24 ASB X    1
  2nd closest surface     4.721   H2  ASB X    1
  found on step  918
  this is also current point
  no. of rejections          373
 stored as   -33

 highest radius point found:
  at point   40.148  33.874  39.172
  closest atom surface    4.794   H33 ASB X    1
  2nd closest surface     4.796   H2  ASB X    1
  found on step  687
 current point:
  at point   40.147  33.874  39.169
  closest atom surface    4.793   H2  ASB X    1
  2nd closest surface     4.794   H33 ASB X    1
  found on step  948
  no. of rejections          354
 stored as   -34

 highest radius point found:
  at point   40.104  33.674  39.271
  closest atom surface    4.878   H2  ASB X    1
  2nd closest surface     4.878   H24 ASB X    1
  found on step  986
  this is also current point
  no. of rejections          313
 stored as   -35

 highest radius point found:
  at point   40.052  33.474  39.379
  closest atom surface    4.969   H33 ASB X    1
  2nd closest surface     4.969   H24 ASB X    1
  found on step  809
 current point:
  at point   40.055  33.474  39.375
  closest atom surface    4.968   H24 ASB X    1
  2nd closest surface     4.971   H2  ASB X    1
  found on step  980
  no. of rejections          336
 stored as   -36

 highest radius point found:
  at point   40.002  33.274  39.477
  closest atom surface    5.067   H2  ASB X    1
  2nd closest surface     5.069   H24 ASB X    1
  found on step  978
  this is also current point
  no. of rejections          335
 stored as   -37

 highest radius point found:
  at point   39.950  33.074  39.586
  closest atom surface    5.172   H33 ASB X    1
  2nd closest surface     5.175   H24 ASB X    1
  found on step  962
  this is also current point
  no. of rejections          335
 stored as   -38

 highest radius point found:
  at point   39.903  32.874  39.685
  closest atom surface    5.286   H24 ASB X    1
  2nd closest surface     5.287   H33 ASB X    1
  found on step  479
 current point:
  at point   39.896  32.874  39.685
  closest atom surface    5.284   H2  ASB X    1
  2nd closest surface     5.285   H33 ASB X    1
  found on step  921
  no. of rejections          380
 stored as   -39

 highest radius point found:
  at point   39.849  32.674  39.788
  closest atom surface    5.404   H2  ASB X    1
  2nd closest surface     5.404   H33 ASB X    1
  found on step  959
  this is also current point
  no. of rejections          342
 stored as   -40

 highest radius point found:
  at point   39.792  32.474  39.892
  closest atom surface    5.526   H33 ASB X    1
  2nd closest surface     5.527   C24 ASB X    1
  found on step  733
 current point:
  at point   39.794  32.474  39.891
  closest atom surface    5.525   C24 ASB X    1
  2nd closest surface     5.527   H2  ASB X    1
  found on step  995
  no. of rejections          377
 stored as   -41

 highest radius point found:
  at point   39.720  32.274  39.995
  closest atom surface    5.650   H2  ASB X    1
  2nd closest surface     5.651   H33 ASB X    1
  found on step  942
  this is also current point
  no. of rejections          330
 stored as   -42

 highest radius point found:
  at point   39.652  32.074  40.099
  closest atom surface    5.782   H33 ASB X    1
  2nd closest surface     5.782   H2  ASB X    1
  found on step  192
 current point:
  at point   39.655  32.074  40.098
  closest atom surface    5.782   H2  ASB X    1
  2nd closest surface     5.782   C24 ASB X    1
  found on step  965
  no. of rejections          296
 stored as   -43

 highest radius point found:
  at point   39.582  31.874  40.205
  closest atom surface    5.917   C34 ASB X    1
  2nd closest surface     5.917   H33 ASB X    1
  found on step 1000
  this is also current point
  no. of rejections          307
 stored as   -44

 highest radius point found:
  at point   39.521  31.674  40.303
  closest atom surface    6.055   C34 ASB X    1
  2nd closest surface     6.056   C24 ASB X    1
  found on step  912
  this is also current point
  no. of rejections          292
 stored as   -45

 highest radius point found:
  at point   39.457  31.474  40.397
  closest atom surface    6.198   C34 ASB X    1
  2nd closest surface     6.198   H2  ASB X    1
  found on step  999
  this is also current point
  no. of rejections          328
 stored as   -46

 highest radius point found:
  at point   39.394  31.274  40.494
  closest atom surface    6.344   C34 ASB X    1
  2nd closest surface     6.344   H2  ASB X    1
  found on step  926
  this is also current point
  no. of rejections          301
 stored as   -47

 highest radius point found:
  at point   39.332  31.074  40.592
  closest atom surface    6.494   C34 ASB X    1
  2nd closest surface     6.494   C24 ASB X    1
  found on step  940
  this is also current point
  no. of rejections          300
 stored as   -48

 highest radius point found:
  at point   39.266  30.874  40.687
  closest atom surface    6.647   C34 ASB X    1
  2nd closest surface     6.649   H2  ASB X    1
  found on step  878
 current point:
  at point   39.266  30.874  40.691
  closest atom surface    6.647   C34 ASB X    1
  2nd closest surface     6.649   C24 ASB X    1
  found on step  999
  no. of rejections          287
 stored as   -49

 highest radius point found:
  at point   39.201  30.674  40.784
  closest atom surface    6.804   C34 ASB X    1
  2nd closest surface     6.807   H2  ASB X    1
  found on step  989
  this is also current point
  no. of rejections          276
 stored as   -50

 highest radius point found:
  at point   39.141  30.474  40.883
  closest atom surface    6.965   C34 ASB X    1
  2nd closest surface     6.965   C24 ASB X    1
  found on step  990
  this is also current point
  no. of rejections          284
 stored as   -51

 highest radius point found:
  at point   39.078  30.274  40.973
  closest atom surface    7.129   C34 ASB X    1
  2nd closest surface     7.130   C24 ASB X    1
  found on step 1000
  this is also current point
  no. of rejections          316
 stored as   -52

 highest radius point found:
  at point   39.012  30.074  41.072
  closest atom surface    7.295   C34 ASB X    1
  2nd closest surface     7.298   C24 ASB X    1
  found on step  944
  this is also current point
  no. of rejections          280
 stored as   -53

 highest radius point found:
  at point   38.952  29.874  41.162
  closest atom surface    7.465   C24 ASB X    1
  2nd closest surface     7.465   C34 ASB X    1
  found on step  967
  this is also current point
  no. of rejections          291
 stored as   -54

 highest radius point found:
  at point   38.884  29.674  41.267
  closest atom surface    7.635   C34 ASB X    1
  2nd closest surface     7.640   C24 ASB X    1
  found on step  999
  this is also current point
  no. of rejections          215
 stored as   -55

 highest radius point found:
  at point   38.825  29.474  41.363
  closest atom surface    7.810   C34 ASB X    1
  2nd closest surface     7.811   C24 ASB X    1
  found on step  937
  this is also current point
  no. of rejections          239
 stored as   -56

 highest radius point found:
  at point   38.761  29.274  41.445
  closest atom surface    7.988   C34 ASB X    1
  2nd closest surface     7.990   C24 ASB X    1
  found on step  501
 current point:
  at point   38.760  29.274  41.443
  closest atom surface    7.988   C34 ASB X    1
  2nd closest surface     7.989   H2  ASB X    1
  found on step  896
  no. of rejections          281
 stored as   -57

 highest radius point found:
  at point   38.699  29.074  41.546
  closest atom surface    8.166   C34 ASB X    1
  2nd closest surface     8.167   C24 ASB X    1
  found on step  270
 current point:
  at point   38.693  29.074  41.548
  closest atom surface    8.165   C34 ASB X    1
  2nd closest surface     8.170   C24 ASB X    1
  found on step  988
  no. of rejections          245
 stored as   -58

 highest radius point found:
  at point   38.636  28.874  41.628
  closest atom surface    8.347   H2  ASB X    1
  2nd closest surface     8.348   C34 ASB X    1
  found on step  893
  this is also current point
  no. of rejections          243
 stored as   -59

 highest radius point found:
  at point   38.530  28.674  43.007
  closest atom surface    8.537   C24 ASB X    1
  2nd closest surface     8.537   H32 ASB X    1
  found on step  984
  this is also current point
  no. of rejections          245
 stored as   -60

 highest radius point found:
  at point   38.463  28.474  43.064
  closest atom surface    8.731   C34 ASB X    1
  2nd closest surface     8.731   H32 ASB X    1
  found on step  900
  this is also current point
  no. of rejections          200
 stored as   -61

 highest radius point found:
  at point   37.048  28.274  44.404
  closest atom surface    9.020   H32 ASB X    1
  2nd closest surface     9.022   C34 ASB X    1
  found on step 1000
  this is also current point
  no. of rejections          171
 stored as   -62

 highest radius point found:
  at point   32.758  28.074  48.583
  closest atom surface   11.436   C34 ASB X    1
  2nd closest surface    11.472   C31 ASB X    1
  found on step  999
  this is also current point
  no. of rejections          153
 stored as   -63

 highest radius point found:
  at point   29.270  27.874  54.672
  closest atom surface   15.556   H38 ASB X    1
  2nd closest surface    15.762   C38 ASB X    1
  found on step 1000
  this is also current point
  no. of rejections          198
 stored as   -64

 highest radius point found:
  at point   25.309  27.674  64.768
  closest atom surface   24.088   H38 ASB X    1
  2nd closest surface    24.240   C38 ASB X    1
  found on step 1000
  this is also current point
  no. of rejections          202
 This is an end! (radius above  22.0 angs)
 
 N.b. Graph information routine (HOGRAP) differs 
        markedly from previous versions!
       Information now is written from -ve end
       to +ve in one pass
 
 Explanation of the meaning of each column: 
 First column "cenxyz.cvec" is the coordinate in the
   direction of the channel vector i.e. if the channel
   vector is in z (0 0 1) then it is the z coordinate.
 The second column "radius" is the hole pore radius 
   (as defined in the Biophys J 1993) article).
 The third column "cen_line_D" is the distance 
   measured along the pore centre line - with the 
   first point found set to zero. This was the first
   thing that I used to measure the distance along a pore
   but "cenxyz.cvec" is a much better general measure. 
   However, by comparing changes in this distance to changes in '   "cenxyz.cvec" one can get a measure of how straight a 
   channel is.
 The fourth column "sum{s/(area)}" is useful in conductance
   prediction -
   basically it is the sum of the thickness of each slab
   divided by its area. HOLE uses this measure to estimate
   the macroscopic conductance of a channel.
 If any of this worries you one can see the "raw" results
   of a standard hole run by producing a sphpdb file and 
    directly looking at the results.
 cenxyz.cvec      radius  cen_line_D sum{s/(area point sourc
    27.87443    15.55619   -30.32176     0.00013   (sampled)
    27.97443    13.42094   -26.81187     0.00031 (mid-point)
    28.07443    11.43621   -23.30199     0.00055   (sampled)
    28.17443     9.91365   -20.30575     0.00088 (mid-point)
    28.27443     9.01989   -17.30951     0.00127   (sampled)
    28.37443     8.82770   -16.32996     0.00168 (mid-point)
    28.47443     8.73071   -15.35040     0.00209   (sampled)
    28.57443     8.63376   -15.24116     0.00252 (mid-point)
    28.67443     8.53679   -15.13192     0.00296   (sampled)
    28.77443     8.41932   -14.43316     0.00341 (mid-point)
    28.87443     8.34748   -13.73440     0.00386   (sampled)
    28.97443     8.25689   -13.62181     0.00433 (mid-point)
    29.07443     8.16628   -13.50923     0.00481   (sampled)
    29.17443     8.07673   -13.39304     0.00529 (mid-point)
    29.27443     7.98774   -13.27685     0.00579   (sampled)
    29.37443     7.89875   -13.16398     0.00630 (mid-point)
    29.47443     7.81026   -13.05112     0.00683   (sampled)
    29.57443     7.72240   -12.93636     0.00736 (mid-point)
    29.67443     7.63511   -12.82161     0.00791   (sampled)
    29.77443     7.54988   -12.70366     0.00846 (mid-point)
    29.87443     7.46532   -12.58570     0.00903   (sampled)
    29.97443     7.37967   -12.47219     0.00962 (mid-point)
    30.07443     7.29459   -12.35869     0.01022   (sampled)
    30.17443     7.21161   -12.24212     0.01083 (mid-point)
    30.27443     7.12938   -12.12556     0.01146   (sampled)
    30.37443     7.04674   -12.01155     0.01210 (mid-point)
    30.47443     6.96479   -11.89754     0.01275   (sampled)
    30.57443     6.88404   -11.78186     0.01342 (mid-point)
    30.67443     6.80409   -11.66617     0.01411   (sampled)
    30.77443     6.72526   -11.55050     0.01482 (mid-point)
    30.87443     6.64727   -11.43483     0.01554   (sampled)
    30.97443     6.57017   -11.31929     0.01627 (mid-point)
    31.07443     6.49395   -11.20375     0.01703   (sampled)
    31.17443     6.41850   -11.08809     0.01780 (mid-point)
    31.27443     6.34399   -10.97244     0.01859   (sampled)
    31.37443     6.27034   -10.85699     0.01940 (mid-point)
    31.47443     6.19768   -10.74153     0.02023   (sampled)
    31.57443     6.12580   -10.62654     0.02108 (mid-point)
    31.67443     6.05494   -10.51155     0.02195   (sampled)
    31.77443     5.98531   -10.39597     0.02284 (mid-point)
    31.87443     5.91678   -10.28039     0.02374   (sampled)
    31.97443     5.84886   -10.16211     0.02468 (mid-point)
    32.07443     5.78164   -10.04384     0.02563   (sampled)
    32.17443     5.71528    -9.92599     0.02660 (mid-point)
    32.27443     5.65004    -9.80814     0.02760   (sampled)
    32.37443     5.58770    -9.69011     0.02862 (mid-point)
    32.47443     5.52628    -9.57208     0.02966   (sampled)
    32.57443     5.46446    -9.45577     0.03073 (mid-point)
    32.67443     5.40368    -9.33947     0.03182   (sampled)
    32.77443     5.34458    -9.22384     0.03293 (mid-point)
    32.87443     5.28557    -9.10822     0.03407   (sampled)
    32.97443     5.22862    -8.99412     0.03524 (mid-point)
    33.07443     5.17204    -8.88002     0.03643   (sampled)
    33.17443     5.11989    -8.76331     0.03764 (mid-point)
    33.27443     5.06717    -8.64660     0.03888   (sampled)
    33.37443     5.01822    -8.53251     0.04014 (mid-point)
    33.47443     4.96863    -8.41842     0.04143   (sampled)
    33.57443     4.92256    -8.30162     0.04275 (mid-point)
    33.67443     4.87804    -8.18482     0.04408   (sampled)
    33.77443     4.83614    -8.07109     0.04544 (mid-point)
    33.87443     4.79359    -7.95736     0.04683   (sampled)
    33.97443     4.75654    -7.84100     0.04824 (mid-point)
    34.07443     4.71889    -7.72464     0.04967   (sampled)
    34.17443     4.68547    -7.61005     0.05112 (mid-point)
    34.27443     4.65261    -7.49547     0.05259   (sampled)
    34.37443     4.62301    -7.37975     0.05408 (mid-point)
    34.47443     4.59454    -7.26403     0.05558   (sampled)
    34.57443     4.56860    -7.14953     0.05711 (mid-point)
    34.67443     4.54191    -7.03503     0.05865   (sampled)
    34.77443     4.51539    -6.92318     0.06021 (mid-point)
    34.87443     4.48938    -6.81133     0.06179   (sampled)
    34.97443     4.46838    -6.70049     0.06339 (mid-point)
    35.07443     4.44901    -6.58966     0.06499   (sampled)
    35.17443     4.42507    -6.48111     0.06662 (mid-point)
    35.27443     4.40099    -6.37257     0.06826   (sampled)
    35.37443     4.38077    -6.26169     0.06992 (mid-point)
    35.47443     4.36253    -6.15081     0.07160   (sampled)
    35.57443     4.32061    -6.04650     0.07330 (mid-point)
    35.67443     4.27670    -5.94220     0.07504   (sampled)
    35.77443     4.20987    -5.82499     0.07684 (mid-point)
    35.87443     4.14459    -5.70778     0.07869   (sampled)
    35.97443     4.08124    -5.59028     0.08060 (mid-point)
    36.07443     4.01915    -5.47279     0.08257   (sampled)
    36.17443     3.95834    -5.35644     0.08460 (mid-point)
    36.27443     3.89882    -5.24009     0.08670   (sampled)
    36.37443     3.83676    -5.11832     0.08886 (mid-point)
    36.47443     3.77511    -4.99655     0.09109   (sampled)
    36.57443     3.71528    -4.87150     0.09340 (mid-point)
    36.67443     3.65764    -4.74644     0.09578   (sampled)
    36.77443     3.60168    -4.62303     0.09823 (mid-point)
    36.87443     3.54812    -4.49961     0.10076   (sampled)
    36.97443     3.49745    -4.37417     0.10336 (mid-point)
    37.07443     3.44912    -4.24872     0.10604   (sampled)
    37.17443     3.40470    -4.12362     0.10878 (mid-point)
    37.27443     3.36291    -3.99852     0.11160   (sampled)
    37.37443     3.32304    -3.87210     0.11448 (mid-point)
    37.47443     3.28617    -3.74569     0.11743   (sampled)
    37.57443     3.25362    -3.61967     0.12044 (mid-point)
    37.67443     3.22311    -3.49365     0.12350   (sampled)
    37.77443     3.19746    -3.36713     0.12661 (mid-point)
    37.87443     3.17549    -3.24061     0.12977   (sampled)
    37.97443     3.15575    -3.11366     0.13297 (mid-point)
    38.07443     3.13914    -2.98671     0.13620   (sampled)
    38.17443     3.12359    -2.86106     0.13946 (mid-point)
    38.27443     3.11118    -2.73540     0.14275   (sampled)
    38.37443     3.09804    -2.61383     0.14606 (mid-point)
    38.47443     3.08632    -2.49225     0.14941   (sampled)
    38.57443     3.07185    -2.37808     0.15278 (mid-point)
    38.67443     3.05822    -2.26391     0.15618   (sampled)
    38.77443     3.04604    -2.15103     0.15961 (mid-point)
    38.87443     3.03608    -2.03815     0.16307   (sampled)
    38.97443     3.01754    -1.92717     0.16656 (mid-point)
    39.07443     3.00110    -1.81619     0.17010   (sampled)
    39.17443     2.98818    -1.70605     0.17366 (mid-point)
    39.27443     2.97698    -1.59590     0.17725   (sampled)
    39.37443     2.95680    -1.49247     0.18089 (mid-point)
    39.47443     2.93735    -1.38903     0.18458   (sampled)
    39.57443     2.91584    -1.28357     0.18833 (mid-point)
    39.67443     2.89306    -1.17811     0.19213   (sampled)
    39.77443     2.86055    -1.05799     0.19602 (mid-point)
    39.87443     2.83068    -0.93788     0.19999   (sampled)
    39.97443     2.80238    -0.81719     0.20405 (mid-point)
    40.07443     2.77661    -0.69650     0.20817   (sampled)
    40.17443     2.75539    -0.57547     0.21237 (mid-point)
    40.27443     2.73727    -0.45445     0.21661   (sampled)
    40.37443     2.72220    -0.33479     0.22091 (mid-point)
    40.47443     2.71022    -0.21513     0.22524   (sampled)
    40.57443     2.67745    -0.10756     0.22968 (mid-point)
    40.67443     2.64018     0.00000     0.23425   (sampled)
    40.77443     2.58235     0.10267     0.23902 (mid-point)
    40.87443     2.52617     0.20534     0.24401   (sampled)
    40.97443     2.47196     0.30841     0.24922 (mid-point)
    41.07443     2.41955     0.41148     0.25466   (sampled)
    41.17443     2.36801     0.51327     0.26034 (mid-point)
    41.27443     2.31750     0.61505     0.26626   (sampled)
    41.37443     2.27283     0.72197     0.27242 (mid-point)
    41.47443     2.23048     0.82888     0.27882   (sampled)
    41.57443     2.18791     0.93267     0.28547 (mid-point)
    41.67443     2.14808     1.03646     0.29237   (sampled)
    41.77443     2.11056     1.13933     0.29952 (mid-point)
    41.87443     2.07538     1.24220     0.30691   (sampled)
    41.97443     2.04322     1.34779     0.31453 (mid-point)
    42.07443     2.01368     1.45337     0.32238   (sampled)
    42.17443     1.98705     1.55678     0.33044 (mid-point)
    42.27443     1.96194     1.66018     0.33871   (sampled)
    42.37443     1.87619     2.67273     0.34775 (mid-point)
    42.47443     2.05900     3.68527     0.35526   (sampled)
    42.57443     2.05265     3.79058     0.36282 (mid-point)
    42.67443     2.04913     3.89589     0.37040   (sampled)
    42.77443     2.03516     3.99728     0.37808 (mid-point)
    42.87443     2.02373     4.09866     0.38586   (sampled)
    42.97443     2.01373     4.19994     0.39370 (mid-point)
    43.07443     2.00637     4.30121     0.40161   (sampled)
    43.17443     2.00350     4.40286     0.40954 (mid-point)
    43.27443     2.00264     4.50450     0.41748   (sampled)
    43.37443     2.00409     4.60601     0.42540 (mid-point)
    43.47443     2.00822     4.70752     0.43330   (sampled)
    43.57443     1.93697     5.60383     0.44178 (mid-point)
    43.67443     2.07470     6.50014     0.44918   (sampled)
    43.77443     2.10121     6.61070     0.45639 (mid-point)
    43.87443     2.13021     6.72126     0.46340   (sampled)
    43.97443     2.16157     6.83289     0.47021 (mid-point)
    44.07443     2.19577     6.94451     0.47681   (sampled)
    44.17443     2.23369     7.05488     0.48319 (mid-point)
    44.27443     2.27399     7.16524     0.48935   (sampled)
    44.37443     2.31582     7.27610     0.49529 (mid-point)
    44.47443     2.36005     7.38696     0.50100   (sampled)
    44.57443     2.40783     7.49733     0.50649 (mid-point)
    44.67443     2.45606     7.60769     0.51177   (sampled)
    44.77443     2.50884     7.72018     0.51682 (mid-point)
    44.87443     2.56271     7.83267     0.52167   (sampled)
    44.97443     2.61988     7.94343     0.52631 (mid-point)
    45.07443     2.67903     8.05419     0.53074   (sampled)
    45.17443     2.73907     8.16515     0.53499 (mid-point)
    45.27443     2.80096     8.27611     0.53904   (sampled)
    45.37443     2.86511     8.38769     0.54292 (mid-point)
    45.47443     2.93034     8.49927     0.54663   (sampled)
    45.57443     2.99680     8.61260     0.55017 (mid-point)
    45.67443     3.06432     8.72593     0.55356   (sampled)
    45.77443     3.13635     8.83464     0.55680 (mid-point)
    45.87443     3.20775     8.94335     0.55989   (sampled)
    45.97443     3.28164     9.05452     0.56285 (mid-point)
    46.07443     3.35668     9.16570     0.56567   (sampled)
    46.17443     3.54867    10.99888     0.56820 (mid-point)
    46.27443     4.15613    12.83206     0.57004   (sampled)
    46.37443     4.85493    15.50035     0.57139 (mid-point)
    46.47443     6.39211    18.16865     0.57217   (sampled)
    46.57443    10.59206    23.45065     0.57246 (mid-point)
    46.67443    15.40461    28.73265     0.57259   (sampled)

 Minimum radius found:      1.876 angstroms.



 For spherical probe approach, The geometric factor
         F= sum(ds/area) along channel is    0.573 angstroms**-1
 This yields a macroscopic predicted molar conductance of:
   (1/rho)*(100/F)= (170/rho) pS,
   where rho is the conductivity of 1M permeant ion in ohm m.
 N.B. this is a macroscopic conductance - an overestimate 
 Empirically corrected conductances currently only available
 With the CAPSULE option (although its not that stable!)
 For 1M KCl rho= 1/12 (ohm m), So Gmacro= 2100 pS/M.
  (TAG      1   Rmin=     1.87619   Gmacro=  2095.73671 Conn_Gmacro=    -1.00000 ).
 HOLE: normal completion
