 *** Program HOLE ***
 
 If results of this run are reported or published, please
 cite the publication listed below.
 For the HOLE program:
   Smart, O.S., Goodfellow, J.M., Wallace, B.A. (1993). 
   The pore dimensions of gramicidin A. 
   Biophys. J., 65, 2455-2460.
 
 Originally written by Oliver Smart at Birkbeck College from April 1992.
 Copyright 1993-2005 Oliver Smart
 Copyright 2014-2015 SmartSci Limited.
 Copyright 2016 Oliver Smart.
 
 For help on HOLE suite see  http://www.holeprogram.org/
 
 HOLE release 2.2.005 (07 August 2016) 
 
 usage subject to Apache License, Version 2.0 
 see http://www.apache.org/licenses/LICENSE-2.0 

 Control variables read:

! Input file for Oliver Smart's HOLE program
! written by MDAnalysis.analysis.hole2.HoleAnalysis
! for a Universe
! u = mda.Universe(/afs/crc.nd.edu/user/m/mfarshad/Private/ML-new/traj/host-asb4
!    /afs/crc.nd.edu/user/m/mfarshad/Private/ML-new/traj/host-asb4/host_asb4.trr
!   )
! Frame 96

COORD  /tmp/2550279.1.long/tmpkcrz32id.pdb
RADIUS simple2.rad
SPHPDB hole096.sph
SAMPLE 0.200000
ENDRAD 22.000000
IGNORE SOL WAT TIP HOH K   NA  CL
SHORTO 0
RASEED 31415
CPOINT 38.9811515183 40.7405834354 39.7681424813


 WARNING have not found a CVECT record - will try to guess
 Input pdb filename read as:    '/tmp/2550279.1.long/tmpkcrz32id.pdb'
 Input vdW radius file read as: 'simple2.rad'
 point in channel:   38.981  40.741  39.768
 channel vector:   ************************
 sampling distance between planes:    0.200

 graphics conditions:
 binary plot output file name: NONE
 Dot density:    10
 Draw dots?           T
 Draw close contacts? F
 Draw centre line?    T
 Produce spikes rather than dots? F
 Seed for random number generator:     31415 (0 means value set by program)
 Radius above which a result is regarded as an 'end':  22.000
 Pdb format file for sphere centres: hole096.sph

 Monte Carlo conditions:
  no of steps:  1000
  maximum displacement   0.100 angs
  'kT' initial   0.100 angs
 The spherebox and capsule options are turned off.
 (No molqpt card so will not write qpt file of the molecule)
 IGNORE card read so will ignore residue types: SOL WAT TIP HOH K   NA  CL
 no SHORTO card read so will produce full textual output
 As no PEGRAT card was found will not produce PEG polymer exclusion graph
 (No 2DMAPS card specified so will not produce 2D property maps)
 Have not found a CUT card.  Normal calculation using
   Cutoff lists with a cutsize=       1.000
   (if you wish to turn off option use a CUT -1 card)

 Have read     7 bond radius records and
              16 vdW radius records.
 From file: simple2.rad

 Have read   122 atom records.
 From file: /tmp/2550279.1.long/tmpkcrz32id.pdb
 Will not produce graphical output

 Have opened file for pdb format output of sphere centres:  hole096.sph

  Seed integer used by ran # generator on this run      31415

 
 S/R cguess will try to guess CPOINT and/or CVECT
 
 THESE GUESSES MAY WELL BE WRONG!!!!
 Routine relies on having a reasonably symmetric
 channel oriented along x, y or z vector
 YOU ARE STRONGLY ADVISED TO CHECK THE RESULTS
                       WITH MOLECULAR GRAPHICS
 testing points from cpoint in X, Y then Z direction
   point                   pore radius
direction     1
  33.981  40.741  39.768     2.380
  34.981  40.741  39.768     2.134
  35.981  40.741  39.768     1.967
  36.981  40.741  39.768     1.941
  37.981  40.741  39.768     2.143
  38.981  40.741  39.768     2.354
  39.981  40.741  39.768     2.043
  40.981  40.741  39.768     1.975
  41.981  40.741  39.768     2.154
  42.981  40.741  39.768     2.499
  43.981  40.741  39.768     3.067
 Average pore radius along the line=      2.242
direction     2
  38.981  35.741  39.768    -0.254
  38.981  36.741  39.768     0.415
  38.981  37.741  39.768     1.079
  38.981  38.741  39.768     1.771
  38.981  39.741  39.768     2.363
  38.981  40.741  39.768     2.354
  38.981  41.741  39.768     1.885
  38.981  42.741  39.768     1.191
  38.981  43.741  39.768     0.528
  38.981  44.741  39.768     0.101
  38.981  45.741  39.768    -0.362
 Average pore radius along the line=      1.006
direction     3
  38.981  40.741  34.768    -0.225
  38.981  40.741  35.768    -0.563
  38.981  40.741  36.768    -0.216
  38.981  40.741  37.768     0.534
  38.981  40.741  38.768     1.421
  38.981  40.741  39.768     2.354
  38.981  40.741  40.768     1.480
  38.981  40.741  41.768     0.702
  38.981  40.741  42.768     0.133
  38.981  40.741  43.768    -0.247
  38.981  40.741  44.768    -0.962
 Average pore radius along the line=      0.401
 Best direction is found to be     1
(1=X,2=Y,3=Z)
 s/r cguess has produced initial values for cpoint &/or cvect:
CPOINT      38.9811     40.7406     39.7681
CVECT        1.0000      0.0000      0.0000
 THESE GUESSES MAY WELL BE WRONG!!!!
 Routine relies on having a reasonably symmetric
 channel oriented along x, y or z vector
 YOU ARE STRONGLY ADVISED TO CHECK THE RESULTS
                       WITH MOLECULAR GRAPHICS
 
 
  Some routines (e.g. conn) need vectors normal to cvect: 
     EAST Zero degrees angle is along vector    0.000   1.000   0.000
     NORTH  90 degrees angle is along vector    0.000   0.000  -1.000
 highest radius point found:
  at point   38.981  41.058  39.813
  closest atom surface    2.358   C34 ASB X    1
  2nd closest surface     2.358   C31 ASB X    1
  found on step  992
  this is also current point
  no. of rejections          387
 stored as     0

 highest radius point found:
  at point   39.181  39.562  39.510
  closest atom surface    2.542   C14 ASB X    1
  2nd closest surface     2.542   C31 ASB X    1
  found on step  953
  this is also current point
  no. of rejections          389
 stored as     1

 highest radius point found:
  at point   39.381  39.515  39.432
  closest atom surface    2.558   C31 ASB X    1
  2nd closest surface     2.559   C15 ASB X    1
  found on step  964
  this is also current point
  no. of rejections          412
 stored as     2

 highest radius point found:
  at point   39.581  39.486  39.356
  closest atom surface    2.579   C31 ASB X    1
  2nd closest surface     2.580   C10 ASB X    1
  found on step  107
 current point:
  at point   39.581  39.471  39.345
  closest atom surface    2.577   C31 ASB X    1
  2nd closest surface     2.577   C15 ASB X    1
  found on step  952
  no. of rejections          391
 stored as     3

 highest radius point found:
  at point   39.781  39.451  39.277
  closest atom surface    2.611   C31 ASB X    1
  2nd closest surface     2.614   C15 ASB X    1
  found on step   90
 current point:
  at point   39.781  39.452  39.276
  closest atom surface    2.610   C31 ASB X    1
  2nd closest surface     2.615   C15 ASB X    1
  found on step  989
  no. of rejections          382
 stored as     4

 highest radius point found:
  at point   39.981  39.421  39.201
  closest atom surface    2.653   C31 ASB X    1
  2nd closest surface     2.655   C10 ASB X    1
  found on step 1000
  this is also current point
  no. of rejections          366
 stored as     5

 highest radius point found:
  at point   40.181  39.385  39.125
  closest atom surface    2.706   C10 ASB X    1
  2nd closest surface     2.707   C15 ASB X    1
  found on step  836
 current point:
  at point   40.181  39.384  39.125
  closest atom surface    2.706   C15 ASB X    1
  2nd closest surface     2.707   C10 ASB X    1
  found on step  961
  no. of rejections          401
 stored as     6

 highest radius point found:
  at point   40.381  39.371  39.051
  closest atom surface    2.761   C10 ASB X    1
  2nd closest surface     2.763   C16 ASB X    1
  found on step  666
 current point:
  at point   40.381  39.282  38.984
  closest atom surface    2.757   C31 ASB X    1
  2nd closest surface     2.759   C16 ASB X    1
  found on step  950
  no. of rejections          362
 stored as     7

 highest radius point found:
  at point   40.581  39.363  38.967
  closest atom surface    2.815   C16 ASB X    1
  2nd closest surface     2.818   C31 ASB X    1
  found on step  677
 current point:
  at point   40.581  39.058  38.737
  closest atom surface    2.814   C31 ASB X    1
  2nd closest surface     2.814   C16 ASB X    1
  found on step  937
  no. of rejections          371
 stored as     8

 highest radius point found:
  at point   40.781  38.996  38.611
  closest atom surface    2.883   C30 ASB X    1
  2nd closest surface     2.885   C16 ASB X    1
  found on step  789
 current point:
  at point   40.781  39.035  38.639
  closest atom surface    2.882   C31 ASB X    1
  2nd closest surface     2.882   C16 ASB X    1
  found on step  989
  no. of rejections          355
 stored as     9

 highest radius point found:
  at point   40.981  38.932  38.488
  closest atom surface    2.960   C30 ASB X    1
  2nd closest surface     2.963   C16 ASB X    1
  found on step  105
 current point:
  at point   40.981  39.146  38.642
  closest atom surface    2.952   C16 ASB X    1
  2nd closest surface     2.952   C31 ASB X    1
  found on step  974
  no. of rejections          376
 stored as    10

 highest radius point found:
  at point   41.181  38.904  38.387
  closest atom surface    3.051   C16 ASB X    1
  2nd closest surface     3.052   C30 ASB X    1
  found on step  415
 current point:
  at point   41.181  38.638  38.246
  closest atom surface    3.045   C16 ASB X    1
  2nd closest surface     3.045   C30 ASB X    1
  found on step  987
  no. of rejections          344
 stored as    11

 highest radius point found:
  at point   41.381  38.883  38.286
  closest atom surface    3.151   C16 ASB X    1
  2nd closest surface     3.151   C30 ASB X    1
  found on step  128
 current point:
  at point   41.381  38.918  38.305
  closest atom surface    3.146   C31 ASB X    1
  2nd closest surface     3.152   C16 ASB X    1
  found on step  999
  no. of rejections          366
 stored as    12

 highest radius point found:
  at point   41.581  38.446  37.967
  closest atom surface    3.268   C30 ASB X    1
  2nd closest surface     3.268   C16 ASB X    1
  found on step  901
  this is also current point
  no. of rejections          319
 stored as    13

 highest radius point found:
  at point   41.781  38.488  37.901
  closest atom surface    3.383   C16 ASB X    1
  2nd closest surface     3.384   C30 ASB X    1
  found on step  989
  this is also current point
  no. of rejections          358
 stored as    14

 highest radius point found:
  at point   41.981  38.525  37.831
  closest atom surface    3.505   C16 ASB X    1
  2nd closest surface     3.505   C30 ASB X    1
  found on step  924
  this is also current point
  no. of rejections          330
 stored as    15

 highest radius point found:
  at point   42.181  38.560  37.762
  closest atom surface    3.632   O3  ASB X    1
  2nd closest surface     3.632   C16 ASB X    1
  found on step  945
  this is also current point
  no. of rejections          320
 stored as    16

 highest radius point found:
  at point   42.381  38.651  37.724
  closest atom surface    3.760   C16 ASB X    1
  2nd closest surface     3.764   C30 ASB X    1
  found on step  977
  this is also current point
  no. of rejections          327
 stored as    17

 highest radius point found:
  at point   42.581  38.637  37.624
  closest atom surface    3.903   C30 ASB X    1
  2nd closest surface     3.903   C16 ASB X    1
  found on step  984
  this is also current point
  no. of rejections          319
 stored as    18

 highest radius point found:
  at point   42.781  38.664  37.551
  closest atom surface    4.040   C31 ASB X    1
  2nd closest surface     4.042   O3  ASB X    1
  found on step  508
 current point:
  at point   42.781  38.643  37.518
  closest atom surface    4.040   C30 ASB X    1
  2nd closest surface     4.041   C31 ASB X    1
  found on step  975
  no. of rejections          347
 stored as    19

 highest radius point found:
  at point   42.981  38.645  37.423
  closest atom surface    4.179   C31 ASB X    1
  2nd closest surface     4.179   O3  ASB X    1
  found on step  639
 current point:
  at point   42.981  38.662  37.449
  closest atom surface    4.178   O3  ASB X    1
  2nd closest surface     4.178   C31 ASB X    1
  found on step  989
  no. of rejections          321
 stored as    20

 highest radius point found:
  at point   43.181  38.639  37.316
  closest atom surface    4.322   O3  ASB X    1
  2nd closest surface     4.322   C31 ASB X    1
  found on step  956
  this is also current point
  no. of rejections          342
 stored as    21

 highest radius point found:
  at point   43.381  38.705  37.309
  closest atom surface    4.463   C31 ASB X    1
  2nd closest surface     4.464   O3  ASB X    1
  found on step  937
  this is also current point
  no. of rejections          324
 stored as    22

 highest radius point found:
  at point   43.581  38.767  37.298
  closest atom surface    4.608   C31 ASB X    1
  2nd closest surface     4.609   O3  ASB X    1
  found on step  995
  this is also current point
  no. of rejections          324
 stored as    23

 highest radius point found:
  at point   43.781  38.841  37.284
  closest atom surface    4.750   C16 ASB X    1
  2nd closest surface     4.751   C31 ASB X    1
  found on step  970
  this is also current point
  no. of rejections          334
 stored as    24

 highest radius point found:
  at point   43.981  38.908  37.254
  closest atom surface    4.895   C16 ASB X    1
  2nd closest surface     4.895   C23 ASB X    1
  found on step  804
 current point:
  at point   43.981  38.915  37.258
  closest atom surface    4.894   C31 ASB X    1
  2nd closest surface     4.895   C16 ASB X    1
  found on step  960
  no. of rejections          332
 stored as    25

 highest radius point found:
  at point   44.181  38.981  37.223
  closest atom surface    5.043   C31 ASB X    1
  2nd closest surface     5.043   C23 ASB X    1
  found on step  899
  this is also current point
  no. of rejections          348
 stored as    26

 highest radius point found:
  at point   44.381  39.045  37.204
  closest atom surface    5.188   H32 ASB X    1
  2nd closest surface     5.189   C16 ASB X    1
  found on step  964
  this is also current point
  no. of rejections          327
 stored as    27

 highest radius point found:
  at point   44.581  39.102  37.181
  closest atom surface    5.335   C23 ASB X    1
  2nd closest surface     5.335   C16 ASB X    1
  found on step  956
  this is also current point
  no. of rejections          352
 stored as    28

 highest radius point found:
  at point   44.781  39.165  37.160
  closest atom surface    5.483   H32 ASB X    1
  2nd closest surface     5.485   C16 ASB X    1
  found on step  983
  this is also current point
  no. of rejections          335
 stored as    29

 highest radius point found:
  at point   44.981  39.222  37.137
  closest atom surface    5.636   C16 ASB X    1
  2nd closest surface     5.637   H32 ASB X    1
  found on step  979
  this is also current point
  no. of rejections          292
 stored as    30

 highest radius point found:
  at point   45.181  39.282  37.112
  closest atom surface    5.792   H32 ASB X    1
  2nd closest surface     5.792   C23 ASB X    1
  found on step  989
  this is also current point
  no. of rejections          295
 stored as    31

 highest radius point found:
  at point   45.381  39.343  37.090
  closest atom surface    5.951   C23 ASB X    1
  2nd closest surface     5.951   H32 ASB X    1
  found on step  884
  this is also current point
  no. of rejections          276
 stored as    32

 highest radius point found:
  at point   45.581  39.410  37.039
  closest atom surface    6.105   H32 ASB X    1
  2nd closest surface     6.110   C23 ASB X    1
  found on step  133
 current point:
  at point   45.581  39.431  36.685
  closest atom surface    6.048   C23 ASB X    1
  2nd closest surface     6.049   H32 ASB X    1
  found on step  998
  no. of rejections          268
 stored as    33

 highest radius point found:
  at point   45.781  39.474  37.006
  closest atom surface    6.266   H32 ASB X    1
  2nd closest surface     6.266   H11 ASB X    1
  found on step  847
 current point:
  at point   45.781  39.469  36.985
  closest atom surface    6.264   C23 ASB X    1
  2nd closest surface     6.265   H32 ASB X    1
  found on step  945
  no. of rejections          321
 stored as    34

 highest radius point found:
  at point   45.981  39.533  36.953
  closest atom surface    6.429   H11 ASB X    1
  2nd closest surface     6.429   H32 ASB X    1
  found on step  962
  this is also current point
  no. of rejections          244
 stored as    35

 highest radius point found:
  at point   46.181  39.598  36.897
  closest atom surface    6.591   H32 ASB X    1
  2nd closest surface     6.594   C23 ASB X    1
  found on step  921
  this is also current point
  no. of rejections          277
 stored as    36

 highest radius point found:
  at point   46.381  39.660  36.846
  closest atom surface    6.758   H32 ASB X    1
  2nd closest surface     6.759   C23 ASB X    1
  found on step  695
 current point:
  at point   46.381  39.666  36.851
  closest atom surface    6.757   H32 ASB X    1
  2nd closest surface     6.757   H11 ASB X    1
  found on step  948
  no. of rejections          309
 stored as    37

 highest radius point found:
  at point   46.581  39.723  36.799
  closest atom surface    6.927   H11 ASB X    1
  2nd closest surface     6.928   C23 ASB X    1
  found on step  973
  this is also current point
  no. of rejections          230
 stored as    38

 highest radius point found:
  at point   46.781  39.787  36.743
  closest atom surface    7.097   C23 ASB X    1
  2nd closest surface     7.098   H32 ASB X    1
  found on step  129
 current point:
  at point   46.781  39.844  36.078
  closest atom surface    7.040   H32 ASB X    1
  2nd closest surface     7.043   C23 ASB X    1
  found on step  996
  no. of rejections          271
 stored as    39

 highest radius point found:
  at point   46.981  39.853  36.694
  closest atom surface    7.271   H32 ASB X    1
  2nd closest surface     7.271   C23 ASB X    1
  found on step  885
 current point:
  at point   46.981  39.854  36.695
  closest atom surface    7.271   H11 ASB X    1
  2nd closest surface     7.271   H32 ASB X    1
  found on step  892
  no. of rejections          303
 stored as    40

 highest radius point found:
  at point   47.181  39.919  36.643
  closest atom surface    7.446   H32 ASB X    1
  2nd closest surface     7.446   H11 ASB X    1
  found on step  963
  this is also current point
  no. of rejections          287
 stored as    41

 highest radius point found:
  at point   47.381  39.995  36.478
  closest atom surface    7.612   H32 ASB X    1
  2nd closest surface     7.612   H4  ASB X    1
  found on step   13
 current point:
  at point   47.381  39.938  34.145
  closest atom surface    7.525   H37 ASB X    1
  2nd closest surface     7.530   C23 ASB X    1
  found on step  992
  no. of rejections          296
 stored as    42

 highest radius point found:
  at point   47.581  40.079  36.194
  closest atom surface    7.776   H32 ASB X    1
  2nd closest surface     7.777   H37 ASB X    1
  found on step  960
  this is also current point
  no. of rejections          306
 stored as    43

 highest radius point found:
  at point   47.781  40.106  36.051
  closest atom surface    7.923   H37 ASB X    1
  2nd closest surface     7.926   C23 ASB X    1
  found on step  889
  this is also current point
  no. of rejections          346
 stored as    44

 highest radius point found:
  at point   47.981  40.128  35.868
  closest atom surface    8.070   H37 ASB X    1
  2nd closest surface     8.071   C23 ASB X    1
  found on step  997
  this is also current point
  no. of rejections          317
 stored as    45

 highest radius point found:
  at point   48.181  40.149  35.609
  closest atom surface    8.216   C23 ASB X    1
  2nd closest surface     8.216   H37 ASB X    1
  found on step  606
 current point:
  at point   48.181  40.149  35.589
  closest atom surface    8.213   H37 ASB X    1
  2nd closest surface     8.214   C23 ASB X    1
  found on step 1000
  no. of rejections          324
 stored as    46

 highest radius point found:
  at point   48.381  40.017  31.241
  closest atom surface    8.989   C23 ASB X    1
  2nd closest surface     8.989   H37 ASB X    1
  found on step  997
  this is also current point
  no. of rejections          225
 stored as    47

 highest radius point found:
  at point   48.581  40.135  23.774
  closest atom surface   13.395   C38 ASB X    1
  2nd closest surface    13.408   H22 ASB X    1
  found on step  997
  this is also current point
  no. of rejections          231
 stored as    48

 highest radius point found:
  at point   48.781  40.325  14.922
  closest atom surface   20.677   C38 ASB X    1
  2nd closest surface    20.734   H24 ASB X    1
  found on step 1000
  this is also current point
  no. of rejections          272
 stored as    49

 highest radius point found:
  at point   48.981  41.108   4.643
  closest atom surface   30.065   H24 ASB X    1
  2nd closest surface    30.077   C38 ASB X    1
  found on step 1000
  this is also current point
  no. of rejections          240
 This is an end! (radius above  22.0 angs)
 highest radius point found:
  at point   38.781  39.871  39.705
  closest atom surface    2.491   C13 ASB X    1
  2nd closest surface     2.491   C10 ASB X    1
  found on step  997
  this is also current point
  no. of rejections          353
 stored as    -1

 highest radius point found:
  at point   38.581  40.046  39.810
  closest atom surface    2.477   C13 ASB X    1
  2nd closest surface     2.482   C10 ASB X    1
  found on step  331
 current point:
  at point   38.581  40.146  39.814
  closest atom surface    2.465   C31 ASB X    1
  2nd closest surface     2.474   C10 ASB X    1
  found on step 1000
  no. of rejections          358
 stored as    -2

 highest radius point found:
  at point   38.381  40.245  39.907
  closest atom surface    2.497   C10 ASB X    1
  2nd closest surface     2.498   C31 ASB X    1
  found on step  962
  this is also current point
  no. of rejections          388
 stored as    -3

 highest radius point found:
  at point   38.181  40.425  40.007
  closest atom surface    2.530   C10 ASB X    1
  2nd closest surface     2.530   C31 ASB X    1
  found on step  981
  this is also current point
  no. of rejections          378
 stored as    -4

 highest radius point found:
  at point   37.981  40.413  40.012
  closest atom surface    2.529   C13 ASB X    1
  2nd closest surface     2.529   C34 ASB X    1
  found on step  986
  this is also current point
  no. of rejections          388
 stored as    -5

 highest radius point found:
  at point   37.781  40.333  39.979
  closest atom surface    2.521   C31 ASB X    1
  2nd closest surface     2.523   C13 ASB X    1
  found on step  999
  this is also current point
  no. of rejections          388
 stored as    -6

 highest radius point found:
  at point   37.581  40.266  39.958
  closest atom surface    2.527   C13 ASB X    1
  2nd closest surface     2.528   C34 ASB X    1
  found on step   55
 current point:
  at point   37.581  40.262  39.956
  closest atom surface    2.526   C13 ASB X    1
  2nd closest surface     2.529   C31 ASB X    1
  found on step  959
  no. of rejections          377
 stored as    -7

 highest radius point found:
  at point   37.381  40.187  39.927
  closest atom surface    2.541   C13 ASB X    1
  2nd closest surface     2.543   C31 ASB X    1
  found on step  921
  this is also current point
  no. of rejections          398
 stored as    -8

 highest radius point found:
  at point   37.181  40.143  39.929
  closest atom surface    2.559   C34 ASB X    1
  2nd closest surface     2.560   C32 ASB X    1
  found on step  968
  this is also current point
  no. of rejections          398
 stored as    -9

 highest radius point found:
  at point   36.981  40.092  39.934
  closest atom surface    2.581   C32 ASB X    1
  2nd closest surface     2.583   C13 ASB X    1
  found on step  571
 current point:
  at point   36.981  39.959  39.849
  closest atom surface    2.580   C13 ASB X    1
  2nd closest surface     2.581   C32 ASB X    1
  found on step  900
  no. of rejections          385
 stored as   -10

 highest radius point found:
  at point   36.781  40.045  39.942
  closest atom surface    2.614   C32 ASB X    1
  2nd closest surface     2.614   C13 ASB X    1
  found on step  991
  this is also current point
  no. of rejections          372
 stored as   -11

 highest radius point found:
  at point   36.581  40.025  39.969
  closest atom surface    2.650   C29 ASB X    1
  2nd closest surface     2.653   C13 ASB X    1
  found on step  909
  this is also current point
  no. of rejections          383
 stored as   -12

 highest radius point found:
  at point   36.381  40.023  40.027
  closest atom surface    2.688   C13 ASB X    1
  2nd closest surface     2.692   C29 ASB X    1
  found on step  296
 current point:
  at point   36.381  40.388  40.434
  closest atom surface    2.596   C34 ASB X    1
  2nd closest surface     2.605   C13 ASB X    1
  found on step  999
  no. of rejections          381
 stored as   -13

 highest radius point found:
  at point   36.181  40.043  40.105
  closest atom surface    2.729   C46 ASB X    1
  2nd closest surface     2.729   C13 ASB X    1
  found on step  994
  this is also current point
  no. of rejections          364
 stored as   -14

 highest radius point found:
  at point   35.981  40.053  40.193
  closest atom surface    2.767   C13 ASB X    1
  2nd closest surface     2.771   C46 ASB X    1
  found on step  737
 current point:
  at point   35.981  40.041  40.187
  closest atom surface    2.765   C13 ASB X    1
  2nd closest surface     2.767   C46 ASB X    1
  found on step  957
  no. of rejections          367
 stored as   -15

 highest radius point found:
  at point   35.781  40.054  40.273
  closest atom surface    2.816   H33 ASB X    1
  2nd closest surface     2.816   C13 ASB X    1
  found on step  991
  this is also current point
  no. of rejections          386
 stored as   -16

 highest radius point found:
  at point   35.581  40.049  40.351
  closest atom surface    2.873   C13 ASB X    1
  2nd closest surface     2.873   C46 ASB X    1
  found on step  824
 current point:
  at point   35.581  40.061  40.362
  closest atom surface    2.871   H33 ASB X    1
  2nd closest surface     2.872   C13 ASB X    1
  found on step  948
  no. of rejections          372
 stored as   -17

 highest radius point found:
  at point   35.381  40.054  40.433
  closest atom surface    2.939   H33 ASB X    1
  2nd closest surface     2.940   C46 ASB X    1
  found on step  981
  this is also current point
  no. of rejections          368
 stored as   -18

 highest radius point found:
  at point   35.181  40.063  40.523
  closest atom surface    3.014   H33 ASB X    1
  2nd closest surface     3.015   C13 ASB X    1
  found on step  990
  this is also current point
  no. of rejections          354
 stored as   -19

 highest radius point found:
  at point   34.981  41.510  42.203
  closest atom surface    3.347   H33 ASB X    1
  2nd closest surface     3.347   H12 ASB X    1
  found on step  961
  this is also current point
  no. of rejections          370
 stored as   -20

 highest radius point found:
  at point   34.781  41.514  42.260
  closest atom surface    3.444   C44 ASB X    1
  2nd closest surface     3.446   H33 ASB X    1
  found on step   18
 current point:
  at point   34.781  41.515  42.270
  closest atom surface    3.443   C44 ASB X    1
  2nd closest surface     3.443   H12 ASB X    1
  found on step  932
  no. of rejections          362
 stored as   -21

 highest radius point found:
  at point   34.581  41.513  42.312
  closest atom surface    3.549   H33 ASB X    1
  2nd closest surface     3.550   C44 ASB X    1
  found on step  842
 current point:
  at point   34.581  41.510  42.313
  closest atom surface    3.548   H12 ASB X    1
  2nd closest surface     3.552   H33 ASB X    1
  found on step  992
  no. of rejections          353
 stored as   -22

 highest radius point found:
  at point   34.381  41.513  42.365
  closest atom surface    3.659   C44 ASB X    1
  2nd closest surface     3.660   H33 ASB X    1
  found on step  826
 current point:
  at point   34.381  41.510  42.376
  closest atom surface    3.658   H12 ASB X    1
  2nd closest surface     3.661   C44 ASB X    1
  found on step  937
  no. of rejections          363
 stored as   -23

 highest radius point found:
  at point   34.181  41.507  42.415
  closest atom surface    3.777   H33 ASB X    1
  2nd closest surface     3.778   H12 ASB X    1
  found on step  979
  this is also current point
  no. of rejections          362
 stored as   -24

 highest radius point found:
  at point   33.981  41.508  42.482
  closest atom surface    3.899   C44 ASB X    1
  2nd closest surface     3.899   H12 ASB X    1
  found on step  924
  this is also current point
  no. of rejections          317
 stored as   -25

 highest radius point found:
  at point   33.781  41.502  42.509
  closest atom surface    4.021   H33 ASB X    1
  2nd closest surface     4.023   H55 ASB X    1
  found on step  995
  this is also current point
  no. of rejections          371
 stored as   -26

 highest radius point found:
  at point   33.581  41.530  42.555
  closest atom surface    4.138   C44 ASB X    1
  2nd closest surface     4.138   H55 ASB X    1
  found on step  993
  this is also current point
  no. of rejections          321
 stored as   -27

 highest radius point found:
  at point   33.381  41.545  42.591
  closest atom surface    4.260   H55 ASB X    1
  2nd closest surface     4.260   H33 ASB X    1
  found on step  827
 current point:
  at point   33.381  41.544  42.590
  closest atom surface    4.260   H55 ASB X    1
  2nd closest surface     4.260   H33 ASB X    1
  found on step  986
  no. of rejections          338
 stored as   -28

 highest radius point found:
  at point   33.181  41.560  42.632
  closest atom surface    4.383   H55 ASB X    1
  2nd closest surface     4.389   H33 ASB X    1
  found on step  803
 current point:
  at point   33.181  41.570  42.637
  closest atom surface    4.383   C44 ASB X    1
  2nd closest surface     4.385   H55 ASB X    1
  found on step  974
  no. of rejections          347
 stored as   -29

 highest radius point found:
  at point   32.981  41.496  42.619
  closest atom surface    4.507   H33 ASB X    1
  2nd closest surface     4.507   H55 ASB X    1
  found on step   35
 current point:
  at point   32.981  41.350  42.535
  closest atom surface    4.495   H55 ASB X    1
  2nd closest surface     4.495   H33 ASB X    1
  found on step  977
  no. of rejections          333
 stored as   -30

 highest radius point found:
  at point   32.781  41.598  42.696
  closest atom surface    4.644   H33 ASB X    1
  2nd closest surface     4.652   C44 ASB X    1
  found on step  277
 current point:
  at point   32.781  41.393  42.588
  closest atom surface    4.631   H55 ASB X    1
  2nd closest surface     4.631   H33 ASB X    1
  found on step 1000
  no. of rejections          307
 stored as   -31

 highest radius point found:
  at point   32.581  41.593  42.732
  closest atom surface    4.787   H55 ASB X    1
  2nd closest surface     4.789   H33 ASB X    1
  found on step  999
  this is also current point
  no. of rejections          302
 stored as   -32

 highest radius point found:
  at point   32.381  41.617  42.775
  closest atom surface    4.931   H55 ASB X    1
  2nd closest surface     4.933   H33 ASB X    1
  found on step  994
  this is also current point
  no. of rejections          315
 stored as   -33

 highest radius point found:
  at point   32.181  41.645  42.819
  closest atom surface    5.077   C44 ASB X    1
  2nd closest surface     5.079   H55 ASB X    1
  found on step  277
 current point:
  at point   32.181  41.645  42.824
  closest atom surface    5.077   H55 ASB X    1
  2nd closest surface     5.077   C44 ASB X    1
  found on step  887
  no. of rejections          307
 stored as   -34

 highest radius point found:
  at point   31.981  41.646  42.847
  closest atom surface    5.227   H55 ASB X    1
  2nd closest surface     5.227   H33 ASB X    1
  found on step  943
  this is also current point
  no. of rejections          303
 stored as   -35

 highest radius point found:
  at point   31.781  41.667  42.887
  closest atom surface    5.380   H55 ASB X    1
  2nd closest surface     5.380   H33 ASB X    1
  found on step  976
  this is also current point
  no. of rejections          320
 stored as   -36

 highest radius point found:
  at point   31.581  41.682  42.922
  closest atom surface    5.535   H33 ASB X    1
  2nd closest surface     5.535   C44 ASB X    1
  found on step  979
  this is also current point
  no. of rejections          327
 stored as   -37

 highest radius point found:
  at point   31.381  41.703  42.979
  closest atom surface    5.688   H55 ASB X    1
  2nd closest surface     5.688   C44 ASB X    1
  found on step  235
 current point:
  at point   31.381  41.701  42.979
  closest atom surface    5.687   H55 ASB X    1
  2nd closest surface     5.688   H48 ASB X    1
  found on step  992
  no. of rejections          355
 stored as   -38

 highest radius point found:
  at point   31.181  41.737  43.064
  closest atom surface    5.837   H55 ASB X    1
  2nd closest surface     5.838   C44 ASB X    1
  found on step  947
  this is also current point
  no. of rejections          332
 stored as   -39

 highest radius point found:
  at point   30.981  41.754  43.139
  closest atom surface    5.988   H55 ASB X    1
  2nd closest surface     5.989   H48 ASB X    1
  found on step  954
  this is also current point
  no. of rejections          326
 stored as   -40

 highest radius point found:
  at point   30.781  41.771  43.213
  closest atom surface    6.141   H48 ASB X    1
  2nd closest surface     6.142   H55 ASB X    1
  found on step  431
 current point:
  at point   30.781  41.775  43.223
  closest atom surface    6.140   H55 ASB X    1
  2nd closest surface     6.140   H44 ASB X    1
  found on step  982
  no. of rejections          313
 stored as   -41

 highest radius point found:
  at point   30.581  41.785  43.287
  closest atom surface    6.297   H48 ASB X    1
  2nd closest surface     6.298   H55 ASB X    1
  found on step  998
  this is also current point
  no. of rejections          291
 stored as   -42

 highest radius point found:
  at point   30.381  41.804  43.371
  closest atom surface    6.454   H44 ASB X    1
  2nd closest surface     6.455   H55 ASB X    1
  found on step  515
 current point:
  at point   30.381  41.787  43.357
  closest atom surface    6.454   H55 ASB X    1
  2nd closest surface     6.454   H48 ASB X    1
  found on step  951
  no. of rejections          314
 stored as   -43

 highest radius point found:
  at point   30.181  41.814  43.436
  closest atom surface    6.618   H48 ASB X    1
  2nd closest surface     6.618   H55 ASB X    1
  found on step  955
  this is also current point
  no. of rejections          290
 stored as   -44

 highest radius point found:
  at point   29.981  41.828  43.511
  closest atom surface    6.782   H44 ASB X    1
  2nd closest surface     6.782   H55 ASB X    1
  found on step  880
 current point:
  at point   29.981  41.825  43.510
  closest atom surface    6.781   H55 ASB X    1
  2nd closest surface     6.782   H48 ASB X    1
  found on step  992
  no. of rejections          298
 stored as   -45

 highest radius point found:
  at point   29.781  41.842  43.587
  closest atom surface    6.948   H55 ASB X    1
  2nd closest surface     6.948   H44 ASB X    1
  found on step  972
  this is also current point
  no. of rejections          279
 stored as   -46

 highest radius point found:
  at point   29.581  41.857  43.662
  closest atom surface    7.116   H55 ASB X    1
  2nd closest surface     7.117   H44 ASB X    1
  found on step  930
  this is also current point
  no. of rejections          278
 stored as   -47

 highest radius point found:
  at point   29.381  41.871  43.735
  closest atom surface    7.287   H44 ASB X    1
  2nd closest surface     7.287   H55 ASB X    1
  found on step  976
  this is also current point
  no. of rejections          281
 stored as   -48

 highest radius point found:
  at point   29.181  41.881  43.808
  closest atom surface    7.459   H55 ASB X    1
  2nd closest surface     7.461   H48 ASB X    1
  found on step  978
  this is also current point
  no. of rejections          288
 stored as   -49

 highest radius point found:
  at point   28.981  41.897  43.886
  closest atom surface    7.633   H55 ASB X    1
  2nd closest surface     7.635   H44 ASB X    1
  found on step  971
  this is also current point
  no. of rejections          252
 stored as   -50

 highest radius point found:
  at point   28.781  41.913  43.959
  closest atom surface    7.810   H55 ASB X    1
  2nd closest surface     7.811   H44 ASB X    1
  found on step  118
 current point:
  at point   28.781  41.942  44.040
  closest atom surface    7.804   H55 ASB X    1
  2nd closest surface     7.806   H44 ASB X    1
  found on step  944
  no. of rejections          308
 stored as   -51

 highest radius point found:
  at point   28.581  43.166  51.900
  closest atom surface   10.036   C49 ASB X    1
  2nd closest surface    10.072   O2  ASB X    1
  found on step 1000
  this is also current point
  no. of rejections          193
 stored as   -52

 highest radius point found:
  at point   28.381  44.814  61.584
  closest atom surface   17.055   O2  ASB X    1
  2nd closest surface    17.322   H53 ASB X    1
  found on step 1000
  this is also current point
  no. of rejections          229
 stored as   -53

 highest radius point found:
  at point   28.181  45.448  72.813
  closest atom surface   27.183   O2  ASB X    1
  2nd closest surface    27.266   H53 ASB X    1
  found on step  999
  this is also current point
  no. of rejections          250
 This is an end! (radius above  22.0 angs)
 
 N.b. Graph information routine (HOGRAP) differs 
        markedly from previous versions!
       Information now is written from -ve end
       to +ve in one pass
 
 Explanation of the meaning of each column: 
 First column "cenxyz.cvec" is the coordinate in the
   direction of the channel vector i.e. if the channel
   vector is in z (0 0 1) then it is the z coordinate.
 The second column "radius" is the hole pore radius 
   (as defined in the Biophys J 1993) article).
 The third column "cen_line_D" is the distance 
   measured along the pore centre line - with the 
   first point found set to zero. This was the first
   thing that I used to measure the distance along a pore
   but "cenxyz.cvec" is a much better general measure. 
   However, by comparing changes in this distance to changes in '   "cenxyz.cvec" one can get a measure of how straight a 
   channel is.
 The fourth column "sum{s/(area)}" is useful in conductance
   prediction -
   basically it is the sum of the thickness of each slab
   divided by its area. HOLE uses this measure to estimate
   the macroscopic conductance of a channel.
 If any of this worries you one can see the "raw" results
   of a standard hole run by producing a sphpdb file and 
    directly looking at the results.
 cenxyz.cvec      radius  cen_line_D sum{s/(area point sourc
    28.38115    17.05472   -31.87721     0.00011   (sampled)
    28.48115    13.16545   -26.96415     0.00029 (mid-point)
    28.58115    10.03632   -22.05108     0.00061   (sampled)
    28.68115     8.25860   -18.03025     0.00108 (mid-point)
    28.78115     7.81049   -14.00941     0.00160   (sampled)
    28.88115     7.72178   -13.90277     0.00213 (mid-point)
    28.98115     7.63348   -13.79613     0.00268   (sampled)
    29.08115     7.54611   -13.68838     0.00324 (mid-point)
    29.18115     7.45921   -13.58064     0.00381   (sampled)
    29.28115     7.37309   -13.47415     0.00439 (mid-point)
    29.38115     7.28696   -13.36766     0.00499   (sampled)
    29.48115     7.20158   -13.26097     0.00561 (mid-point)
    29.58115     7.11622   -13.15428     0.00624   (sampled)
    29.68115     7.03171   -13.04722     0.00688 (mid-point)
    29.78115     6.94774   -12.94016     0.00754   (sampled)
    29.88115     6.86451   -12.83292     0.00821 (mid-point)
    29.98115     6.78166   -12.72568     0.00891   (sampled)
    30.08115     6.69949   -12.61868     0.00962 (mid-point)
    30.18115     6.61777   -12.51168     0.01034   (sampled)
    30.28115     6.53583   -12.40644     0.01109 (mid-point)
    30.38115     6.45432   -12.30120     0.01185   (sampled)
    30.48115     6.37577   -12.19223     0.01264 (mid-point)
    30.58115     6.29670   -12.08325     0.01344   (sampled)
    30.68115     6.21835   -11.97634     0.01426 (mid-point)
    30.78115     6.14074   -11.86942     0.01511   (sampled)
    30.88115     6.06426   -11.76260     0.01597 (mid-point)
    30.98115     5.98766   -11.65577     0.01686   (sampled)
    31.08115     5.91192   -11.54862     0.01777 (mid-point)
    31.18115     5.83702   -11.44146     0.01870   (sampled)
    31.28115     5.76192   -11.33152     0.01966 (mid-point)
    31.38115     5.68778   -11.22159     0.02065   (sampled)
    31.48115     5.61119   -11.11704     0.02166 (mid-point)
    31.58115     5.53474   -11.01249     0.02270   (sampled)
    31.68115     5.45721   -10.91069     0.02377 (mid-point)
    31.78115     5.38010   -10.80889     0.02487   (sampled)
    31.88115     5.30299   -10.70632     0.02600 (mid-point)
    31.98115     5.22660   -10.60376     0.02716   (sampled)
    32.08115     5.15247   -10.50278     0.02836 (mid-point)
    32.18115     5.07703   -10.40181     0.02960   (sampled)
    32.28115     5.00459   -10.29847     0.03087 (mid-point)
    32.38115     4.93092   -10.19513     0.03218   (sampled)
    32.48115     4.85873   -10.09214     0.03352 (mid-point)
    32.58115     4.78747    -9.98915     0.03491   (sampled)
    32.68115     4.71582    -9.88747     0.03634 (mid-point)
    32.78115     4.64380    -9.78578     0.03782   (sampled)
    32.88115     4.57457    -9.66721     0.03934 (mid-point)
    32.98115     4.50702    -9.54864     0.04091   (sampled)
    33.08115     4.44450    -9.44346     0.04252 (mid-point)
    33.18115     4.38301    -9.33828     0.04418   (sampled)
    33.28115     4.32071    -9.23593     0.04588 (mid-point)
    33.38115     4.25966    -9.13358     0.04764   (sampled)
    33.48115     4.19842    -9.03169     0.04944 (mid-point)
    33.58115     4.13840    -8.92979     0.05130   (sampled)
    33.68115     4.07976    -8.82631     0.05321 (mid-point)
    33.78115     4.02145    -8.72283     0.05518   (sampled)
    33.88115     3.96329    -8.62185     0.05721 (mid-point)
    33.98115     3.89856    -8.52088     0.05930   (sampled)
    34.08115     3.83745    -8.41537     0.06146 (mid-point)
    34.18115     3.77691    -8.30985     0.06370   (sampled)
    34.28115     3.71768    -8.20674     0.06600 (mid-point)
    34.38115     3.65936    -8.10363     0.06838   (sampled)
    34.48115     3.60380    -8.00017     0.07083 (mid-point)
    34.58115     3.54928    -7.89672     0.07335   (sampled)
    34.68115     3.49644    -7.79340     0.07596 (mid-point)
    34.78115     3.44444    -7.69009     0.07864   (sampled)
    34.88115     3.39535    -7.58606     0.08140 (mid-point)
    34.98115     3.34703    -7.48203     0.08424   (sampled)
    35.08115     3.03297    -6.36890     0.08770 (mid-point)
    35.18115     3.01387    -5.25576     0.09121   (sampled)
    35.28115     2.97510    -5.14620     0.09480 (mid-point)
    35.38115     2.93900    -5.03663     0.09849   (sampled)
    35.48115     2.90538    -4.92836     0.10226 (mid-point)
    35.58115     2.87268    -4.82009     0.10612   (sampled)
    35.68115     2.84344    -4.71271     0.11005 (mid-point)
    35.78115     2.81592    -4.60534     0.11407   (sampled)
    35.88115     2.79075    -4.49764     0.11815 (mid-point)
    35.98115     2.76738    -4.38994     0.12231   (sampled)
    36.08115     2.74683    -4.28074     0.12653 (mid-point)
    36.18115     2.72862    -4.17153     0.13081   (sampled)
    36.28115     2.70716    -4.06364     0.13515 (mid-point)
    36.38115     2.68799    -3.95575     0.13955   (sampled)
    36.48115     2.66951    -3.85166     0.14402 (mid-point)
    36.58115     2.64986    -3.74756     0.14855   (sampled)
    36.68115     2.63254    -3.64611     0.15315 (mid-point)
    36.78115     2.61395    -3.54467     0.15781   (sampled)
    36.88115     2.59648    -3.44186     0.16253 (mid-point)
    36.98115     2.58133    -3.33905     0.16730   (sampled)
    37.08115     2.56936    -3.23588     0.17213 (mid-point)
    37.18115     2.55930    -3.13272     0.17699   (sampled)
    37.28115     2.54945    -3.03032     0.18188 (mid-point)
    37.38115     2.54126    -2.92793     0.18681   (sampled)
    37.48115     2.53269    -2.81931     0.19177 (mid-point)
    37.58115     2.52680    -2.71069     0.19676   (sampled)
    37.68115     2.52369    -2.60472     0.20176 (mid-point)
    37.78115     2.52092    -2.49876     0.20677   (sampled)
    37.88115     2.52456    -2.38967     0.21176 (mid-point)
    37.98115     2.52880    -2.28058     0.21674   (sampled)
    38.08115     2.52904    -2.18036     0.22171 (mid-point)
    38.18115     2.52968    -2.08014     0.22669   (sampled)
    38.28115     2.51092    -1.93653     0.23174 (mid-point)
    38.38115     2.49683    -1.79293     0.23684   (sampled)
    38.48115     2.48603    -1.64366     0.24199 (mid-point)
    38.58115     2.47654    -1.49440     0.24718   (sampled)
    38.68115     2.48137    -1.35156     0.25235 (mid-point)
    38.78115     2.49090    -1.20871     0.25748   (sampled)
    38.88115     2.38288    -0.60436     0.26309 (mid-point)
    38.98115     2.35797    -0.00000     0.26881   (sampled)
    39.08115     2.38160     0.76966     0.27443 (mid-point)
    39.18115     2.54154     1.53932     0.27935   (sampled)
    39.28115     2.54847     1.64927     0.28426 (mid-point)
    39.38115     2.55774     1.75921     0.28912   (sampled)
    39.48115     2.56705     1.86714     0.29395 (mid-point)
    39.58115     2.57898     1.97507     0.29874   (sampled)
    39.68115     2.59355     2.08400     0.30347 (mid-point)
    39.78115     2.61073     2.19294     0.30814   (sampled)
    39.88115     2.63052     2.30092     0.31274 (mid-point)
    39.98115     2.65281     2.40891     0.31726   (sampled)
    40.08115     2.67896     2.51735     0.32170 (mid-point)
    40.18115     2.70637     2.62580     0.32604   (sampled)
    40.28115     2.73273     2.73268     0.33031 (mid-point)
    40.38115     2.76142     2.83957     0.33448   (sampled)
    40.48115     2.78786     2.94813     0.33858 (mid-point)
    40.58115     2.81477     3.05670     0.34259   (sampled)
    40.68115     2.84176     3.33110     0.34654 (mid-point)
    40.78115     2.88320     3.60550     0.35036   (sampled)
    40.88115     2.92043     3.72704     0.35410 (mid-point)
    40.98115     2.96044     3.84858     0.35773   (sampled)
    41.08115     3.00522     3.96165     0.36125 (mid-point)
    41.18115     3.05089     4.07471     0.36467   (sampled)
    41.28115     3.09981     4.18711     0.36799 (mid-point)
    41.38115     3.15078     4.29950     0.37119   (sampled)
    41.48115     3.20162     4.58788     0.37430 (mid-point)
    41.58115     3.26790     4.87625     0.37728   (sampled)
    41.68115     3.32489     4.98358     0.38016 (mid-point)
    41.78115     3.38303     5.09091     0.38294   (sampled)
    41.88115     3.44330     5.19835     0.38562 (mid-point)
    41.98115     3.50504     5.30578     0.38821   (sampled)
    42.08115     3.56802     5.41313     0.39071 (mid-point)
    42.18115     3.63231     5.52048     0.39313   (sampled)
    42.28115     3.69522     5.63199     0.39546 (mid-point)
    42.38115     3.75957     5.74351     0.39771   (sampled)
    42.48115     3.83088     5.85543     0.39988 (mid-point)
    42.58115     3.90309     5.96734     0.40197   (sampled)
    42.68115     3.97243     6.07470     0.40399 (mid-point)
    42.78115     4.04033     6.18206     0.40594   (sampled)
    42.88115     4.10876     6.30108     0.40782 (mid-point)
    42.98115     4.17877     6.42009     0.40964   (sampled)
    43.08115     4.24986     6.53365     0.41141 (mid-point)
    43.18115     4.32163     6.64722     0.41311   (sampled)
    43.28115     4.39207     6.75256     0.41476 (mid-point)
    43.38115     4.46279     6.85791     0.41636   (sampled)
    43.48115     4.53481     6.96276     0.41791 (mid-point)
    43.58115     4.60773     7.06761     0.41941   (sampled)
    43.68115     4.67864     7.17450     0.42086 (mid-point)
    43.78115     4.74997     7.28140     0.42227   (sampled)
    43.88115     4.82215     7.38795     0.42364 (mid-point)
    43.98115     4.89523     7.49450     0.42497   (sampled)
    44.08115     4.96895     7.60200     0.42626 (mid-point)
    44.18115     5.04325     7.70950     0.42751   (sampled)
    44.28115     5.11658     7.81490     0.42872 (mid-point)
    44.38115     5.18798     7.92031     0.42991   (sampled)
    44.48115     5.26100     8.02497     0.43106 (mid-point)
    44.58115     5.33477     8.12963     0.43218   (sampled)
    44.68115     5.40869     8.23501     0.43326 (mid-point)
    44.78115     5.48335     8.34039     0.43432   (sampled)
    44.88115     5.55993     8.44495     0.43535 (mid-point)
    44.98115     5.63612     8.54951     0.43635   (sampled)
    45.08115     5.71435     8.65480     0.43733 (mid-point)
    45.18115     5.79217     8.76008     0.43828   (sampled)
    45.28115     5.87118     8.86507     0.43920 (mid-point)
    45.38115     5.95073     8.97007     0.44010   (sampled)
    45.48115     6.02744     9.07871     0.44098 (mid-point)
    45.58115     6.10483     9.18736     0.44183   (sampled)
    45.68115     6.18510     9.29363     0.44266 (mid-point)
    45.78115     6.26605     9.39990     0.44347   (sampled)
    45.88115     6.34697     9.50738     0.44426 (mid-point)
    45.98115     6.42850     9.61486     0.44503   (sampled)
    46.08115     6.50961     9.72374     0.44579 (mid-point)
    46.18115     6.59136     9.83262     0.44652   (sampled)
    46.28115     6.67454     9.94033     0.44723 (mid-point)
    46.38115     6.75833    10.04804     0.44793   (sampled)
    46.48115     6.84274    10.15558     0.44861 (mid-point)
    46.58115     6.92668    10.26313     0.44927   (sampled)
    46.68115     7.01231    10.37177     0.44992 (mid-point)
    46.78115     7.09747    10.48042     0.45055   (sampled)
    46.88115     7.18423    10.58847     0.45117 (mid-point)
    46.98115     7.27117    10.69652     0.45177   (sampled)
    47.08115     7.35825    10.80492     0.45236 (mid-point)
    47.18115     7.44583    10.91333     0.45293   (sampled)
    47.28115     7.52809    11.04845     0.45349 (mid-point)
    47.38115     7.61169    11.18357     0.45404   (sampled)
    47.48115     7.69245    11.36191     0.45458 (mid-point)
    47.58115     7.77609    11.54025     0.45511   (sampled)
    47.68115     7.84914    11.66416     0.45562 (mid-point)
    47.78115     7.92291    11.78806     0.45613   (sampled)
    47.88115     7.99580    11.92406     0.45663 (mid-point)
    47.98115     8.07015    12.06005     0.45712   (sampled)
    48.08115     8.14166    12.22365     0.45760 (mid-point)
    48.18115     8.21550    12.38725     0.45807   (sampled)
    48.28115     8.35794    14.57457     0.45853 (mid-point)
    48.38115     8.98854    16.76188     0.45892   (sampled)
    48.48115    10.84742    20.49761     0.45919 (mid-point)
    48.58115    13.39538    24.23334     0.45937   (sampled)
    48.68115    16.86757    28.66116     0.45948 (mid-point)
    48.78115    20.67741    33.08899     0.45955   (sampled)

 Minimum radius found:      2.358 angstroms.



 For spherical probe approach, The geometric factor
         F= sum(ds/area) along channel is    0.460 angstroms**-1
 This yields a macroscopic predicted molar conductance of:
   (1/rho)*(100/F)= (220/rho) pS,
   where rho is the conductivity of 1M permeant ion in ohm m.
 N.B. this is a macroscopic conductance - an overestimate 
 Empirically corrected conductances currently only available
 With the CAPSULE option (although its not that stable!)
 For 1M KCl rho= 1/12 (ohm m), So Gmacro= 2600 pS/M.
  (TAG      1   Rmin=     2.35797   Gmacro=  2611.22784 Conn_Gmacro=    -1.00000 ).
 HOLE: normal completion
