 *** Program HOLE ***
 
 If results of this run are reported or published, please
 cite the publication listed below.
 For the HOLE program:
   Smart, O.S., Goodfellow, J.M., Wallace, B.A. (1993). 
   The pore dimensions of gramicidin A. 
   Biophys. J., 65, 2455-2460.
 
 Originally written by Oliver Smart at Birkbeck College from April 1992.
 Copyright 1993-2005 Oliver Smart
 Copyright 2014-2015 SmartSci Limited.
 Copyright 2016 Oliver Smart.
 
 For help on HOLE suite see  http://www.holeprogram.org/
 
 HOLE release 2.2.005 (07 August 2016) 
 
 usage subject to Apache License, Version 2.0 
 see http://www.apache.org/licenses/LICENSE-2.0 

 Control variables read:

! Input file for Oliver Smart's HOLE program
! written by MDAnalysis.analysis.hole2.HoleAnalysis
! for a Universe
! u = mda.Universe(/afs/crc.nd.edu/user/m/mfarshad/Private/ML-new/traj/host-22/h
!    /afs/crc.nd.edu/user/m/mfarshad/Private/ML-new/traj/host-22/host_22.trr
!   )
! Frame 2

COORD  /tmp/2550161.1.long/tmp03kxstg_.pdb
RADIUS simple2.rad
SPHPDB hole002.sph
SAMPLE 0.200000
ENDRAD 22.000000
IGNORE SOL WAT TIP HOH K   NA  CL
SHORTO 0
RASEED 31415
CPOINT 40.6675350339 39.2191695419 39.3518282946


 WARNING have not found a CVECT record - will try to guess
 Input pdb filename read as:    '/tmp/2550161.1.long/tmp03kxstg_.pdb'
 Input vdW radius file read as: 'simple2.rad'
 point in channel:   40.668  39.219  39.352
 channel vector:   ************************
 sampling distance between planes:    0.200

 graphics conditions:
 binary plot output file name: NONE
 Dot density:    10
 Draw dots?           T
 Draw close contacts? F
 Draw centre line?    T
 Produce spikes rather than dots? F
 Seed for random number generator:     31415 (0 means value set by program)
 Radius above which a result is regarded as an 'end':  22.000
 Pdb format file for sphere centres: hole002.sph

 Monte Carlo conditions:
  no of steps:  1000
  maximum displacement   0.100 angs
  'kT' initial   0.100 angs
 The spherebox and capsule options are turned off.
 (No molqpt card so will not write qpt file of the molecule)
 IGNORE card read so will ignore residue types: SOL WAT TIP HOH K   NA  CL
 no SHORTO card read so will produce full textual output
 As no PEGRAT card was found will not produce PEG polymer exclusion graph
 (No 2DMAPS card specified so will not produce 2D property maps)
 Have not found a CUT card.  Normal calculation using
   Cutoff lists with a cutsize=       1.000
   (if you wish to turn off option use a CUT -1 card)

 Have read     7 bond radius records and
              16 vdW radius records.
 From file: simple2.rad

 Have read   102 atom records.
 From file: /tmp/2550161.1.long/tmp03kxstg_.pdb
 Will not produce graphical output

 Have opened file for pdb format output of sphere centres:  hole002.sph

  Seed integer used by ran # generator on this run      31415

 
 S/R cguess will try to guess CPOINT and/or CVECT
 
 THESE GUESSES MAY WELL BE WRONG!!!!
 Routine relies on having a reasonably symmetric
 channel oriented along x, y or z vector
 YOU ARE STRONGLY ADVISED TO CHECK THE RESULTS
                       WITH MOLECULAR GRAPHICS
 testing points from cpoint in X, Y then Z direction
   point                   pore radius
direction     1
  35.668  39.219  39.352     0.503
  36.668  39.219  39.352     0.577
  37.668  39.219  39.352     0.939
  38.668  39.219  39.352     1.085
  39.668  39.219  39.352     1.533
  40.668  39.219  39.352     1.940
  41.668  39.219  39.352     1.701
  42.668  39.219  39.352     0.995
  43.668  39.219  39.352     0.468
  44.668  39.219  39.352     0.307
  45.668  39.219  39.352     0.537
 Average pore radius along the line=      0.962
direction     2
  40.668  34.219  39.352     0.034
  40.668  35.219  39.352    -0.141
  40.668  36.219  39.352    -0.092
  40.668  37.219  39.352     0.443
  40.668  38.219  39.352     1.220
  40.668  39.219  39.352     1.940
  40.668  40.219  39.352     1.247
  40.668  41.219  39.352     0.526
  40.668  42.219  39.352     0.072
  40.668  43.219  39.352    -0.523
  40.668  44.219  39.352    -1.221
 Average pore radius along the line=      0.319
direction     3
  40.668  39.219  34.352    -0.460
  40.668  39.219  35.352    -1.065
  40.668  39.219  36.352    -0.710
  40.668  39.219  37.352     0.146
  40.668  39.219  38.352     1.094
  40.668  39.219  39.352     1.940
  40.668  39.219  40.352     1.053
  40.668  39.219  41.352     0.271
  40.668  39.219  42.352    -0.356
  40.668  39.219  43.352    -1.186
  40.668  39.219  44.352    -1.045
 Average pore radius along the line=     -0.029
 Best direction is found to be     1
(1=X,2=Y,3=Z)
 s/r cguess has produced initial values for cpoint &/or cvect:
CPOINT      40.6675     39.2192     39.3518
CVECT        1.0000      0.0000      0.0000
 THESE GUESSES MAY WELL BE WRONG!!!!
 Routine relies on having a reasonably symmetric
 channel oriented along x, y or z vector
 YOU ARE STRONGLY ADVISED TO CHECK THE RESULTS
                       WITH MOLECULAR GRAPHICS
 
 
  Some routines (e.g. conn) need vectors normal to cvect: 
     EAST Zero degrees angle is along vector    0.000   1.000   0.000
     NORTH  90 degrees angle is along vector    0.000   0.000  -1.000
 highest radius point found:
  at point   40.668  39.098  39.338
  closest atom surface    1.990   C39 22  X    1
  2nd closest surface     1.993   C8  22  X    1
  found on step  994
  this is also current point
  no. of rejections          395
 stored as     0

 highest radius point found:
  at point   40.868  39.195  39.273
  closest atom surface    2.032   C36 22  X    1
  2nd closest surface     2.033   C8  22  X    1
  found on step  946
  this is also current point
  no. of rejections          386
 stored as     1

 highest radius point found:
  at point   41.068  39.258  39.226
  closest atom surface    2.041   C25 22  X    1
  2nd closest surface     2.044   C36 22  X    1
  found on step  990
  this is also current point
  no. of rejections          395
 stored as     2

 highest radius point found:
  at point   41.268  39.345  39.166
  closest atom surface    2.057   C36 22  X    1
  2nd closest surface     2.058   C25 22  X    1
  found on step  955
  this is also current point
  no. of rejections          399
 stored as     3

 highest radius point found:
  at point   41.468  39.476  39.087
  closest atom surface    2.072   C36 22  X    1
  2nd closest surface     2.073   C24 22  X    1
  found on step  904
  this is also current point
  no. of rejections          393
 stored as     4

 highest radius point found:
  at point   41.668  39.659  38.954
  closest atom surface    2.059   C35 22  X    1
  2nd closest surface     2.059   C24 22  X    1
  found on step  897
  this is also current point
  no. of rejections          357
 stored as     5

 highest radius point found:
  at point   41.868  39.825  38.869
  closest atom surface    2.044   C24 22  X    1
  2nd closest surface     2.047   C3  22  X    1
  found on step  971
  this is also current point
  no. of rejections          382
 stored as     6

 highest radius point found:
  at point   42.068  39.987  38.782
  closest atom surface    2.052   C3  22  X    1
  2nd closest surface     2.052   C24 22  X    1
  found on step  997
  this is also current point
  no. of rejections          371
 stored as     7

 highest radius point found:
  at point   42.268  40.150  38.693
  closest atom surface    2.076   C3  22  X    1
  2nd closest surface     2.076   C35 22  X    1
  found on step  916
  this is also current point
  no. of rejections          374
 stored as     8

 highest radius point found:
  at point   42.468  40.319  38.609
  closest atom surface    2.119   C24 22  X    1
  2nd closest surface     2.122   C35 22  X    1
  found on step  988
  this is also current point
  no. of rejections          347
 stored as     9

 highest radius point found:
  at point   42.668  40.485  38.520
  closest atom surface    2.182   C24 22  X    1
  2nd closest surface     2.182   C35 22  X    1
  found on step  809
 current point:
  at point   42.668  40.487  38.519
  closest atom surface    2.181   C35 22  X    1
  2nd closest surface     2.182   C24 22  X    1
  found on step  981
  no. of rejections          361
 stored as    10

 highest radius point found:
  at point   42.868  40.657  38.428
  closest atom surface    2.258   C35 22  X    1
  2nd closest surface     2.262   C24 22  X    1
  found on step  113
 current point:
  at point   42.868  41.782  38.089
  closest atom surface    2.249   C35 22  X    1
  2nd closest surface     2.249   C24 22  X    1
  found on step  912
  no. of rejections          369
 stored as    11

 highest radius point found:
  at point   43.068  40.831  38.341
  closest atom surface    2.354   C35 22  X    1
  2nd closest surface     2.355   C24 22  X    1
  found on step  623
 current point:
  at point   43.068  40.854  38.334
  closest atom surface    2.352   C35 22  X    1
  2nd closest surface     2.353   C24 22  X    1
  found on step  995
  no. of rejections          358
 stored as    12

 highest radius point found:
  at point   43.268  41.848  37.996
  closest atom surface    2.506   C35 22  X    1
  2nd closest surface     2.506   C24 22  X    1
  found on step  985
  this is also current point
  no. of rejections          343
 stored as    13

 highest radius point found:
  at point   43.468  41.776  37.985
  closest atom surface    2.625   C24 22  X    1
  2nd closest surface     2.630   C35 22  X    1
  found on step    6
 current point:
  at point   43.468  41.153  38.171
  closest atom surface    2.591   C24 22  X    1
  2nd closest surface     2.592   C35 22  X    1
  found on step  978
  no. of rejections          372
 stored as    14

 highest radius point found:
  at point   43.668  47.727  35.088
  closest atom surface    4.620   O9  22  X    1
  2nd closest surface     4.681   O7  22  X    1
  found on step  998
  this is also current point
  no. of rejections          176
 stored as    15

 highest radius point found:
  at point   43.868  56.361  27.517
  closest atom surface   14.149   H19 22  X    1
  2nd closest surface    14.334   C29 22  X    1
  found on step  999
  this is also current point
  no. of rejections          238
 stored as    16

 highest radius point found:
  at point   44.068  63.542  20.134
  closest atom surface   23.881   H19 22  X    1
  2nd closest surface    23.987   C29 22  X    1
  found on step 1000
  this is also current point
  no. of rejections          255
 This is an end! (radius above  22.0 angs)
 highest radius point found:
  at point   40.468  38.977  39.411
  closest atom surface    1.938   C18 22  X    1
  2nd closest surface     1.939   C39 22  X    1
  found on step  903
  this is also current point
  no. of rejections          412
 stored as    -1

 highest radius point found:
  at point   40.268  38.847  39.487
  closest atom surface    1.898   C18 22  X    1
  2nd closest surface     1.902   C8  22  X    1
  found on step  552
 current point:
  at point   40.268  39.099  39.399
  closest atom surface    1.874   C18 22  X    1
  2nd closest surface     1.875   C39 22  X    1
  found on step  992
  no. of rejections          380
 stored as    -2

 highest radius point found:
  at point   40.068  38.721  39.556
  closest atom surface    1.878   C39 22  X    1
  2nd closest surface     1.879   C18 22  X    1
  found on step  210
 current point:
  at point   40.068  38.717  39.557
  closest atom surface    1.877   C8  22  X    1
  2nd closest surface     1.879   C39 22  X    1
  found on step  948
  no. of rejections          359
 stored as    -3

 highest radius point found:
  at point   39.868  38.588  39.635
  closest atom surface    1.868   C8  22  X    1
  2nd closest surface     1.869   C40 22  X    1
  found on step  767
 current point:
  at point   39.868  38.591  39.637
  closest atom surface    1.867   C18 22  X    1
  2nd closest surface     1.869   C19 22  X    1
  found on step  977
  no. of rejections          389
 stored as    -4

 highest radius point found:
  at point   39.668  38.427  39.724
  closest atom surface    1.849   C40 22  X    1
  2nd closest surface     1.850   C8  22  X    1
  found on step  808
 current point:
  at point   39.668  38.426  39.731
  closest atom surface    1.848   C8  22  X    1
  2nd closest surface     1.853   C19 22  X    1
  found on step  967
  no. of rejections          370
 stored as    -5

 highest radius point found:
  at point   39.468  38.272  39.820
  closest atom surface    1.853   C19 22  X    1
  2nd closest surface     1.854   C40 22  X    1
  found on step  771
 current point:
  at point   39.468  38.267  39.823
  closest atom surface    1.852   C8  22  X    1
  2nd closest surface     1.854   C19 22  X    1
  found on step  920
  no. of rejections          379
 stored as    -6

 highest radius point found:
  at point   39.268  38.109  39.914
  closest atom surface    1.875   C19 22  X    1
  2nd closest surface     1.875   C8  22  X    1
  found on step  997
  this is also current point
  no. of rejections          386
 stored as    -7

 highest radius point found:
  at point   39.068  37.950  40.003
  closest atom surface    1.918   C40 22  X    1
  2nd closest surface     1.918   C8  22  X    1
  found on step  958
  this is also current point
  no. of rejections          348
 stored as    -8

 highest radius point found:
  at point   38.868  37.789  40.095
  closest atom surface    1.978   C8  22  X    1
  2nd closest surface     1.979   C19 22  X    1
  found on step  831
 current point:
  at point   38.868  37.784  40.097
  closest atom surface    1.975   C8  22  X    1
  2nd closest surface     1.982   C40 22  X    1
  found on step  932
  no. of rejections          377
 stored as    -9

 highest radius point found:
  at point   38.668  37.628  40.191
  closest atom surface    2.056   C19 22  X    1
  2nd closest surface     2.056   C8  22  X    1
  found on step  993
  this is also current point
  no. of rejections          360
 stored as   -10

 highest radius point found:
  at point   38.468  37.464  40.292
  closest atom surface    2.150   C8  22  X    1
  2nd closest surface     2.150   C19 22  X    1
  found on step  940
  this is also current point
  no. of rejections          328
 stored as   -11

 highest radius point found:
  at point   38.268  37.306  40.374
  closest atom surface    2.263   C8  22  X    1
  2nd closest surface     2.266   C19 22  X    1
  found on step  910
  this is also current point
  no. of rejections          320
 stored as   -12

 highest radius point found:
  at point   38.068  37.143  40.467
  closest atom surface    2.388   C8  22  X    1
  2nd closest surface     2.394   C19 22  X    1
  found on step  219
 current point:
  at point   38.068  37.142  40.463
  closest atom surface    2.388   C8  22  X    1
  2nd closest surface     2.395   C40 22  X    1
  found on step  999
  no. of rejections          309
 stored as   -13

 highest radius point found:
  at point   37.868  36.988  40.555
  closest atom surface    2.529   C8  22  X    1
  2nd closest surface     2.529   C19 22  X    1
  found on step  944
  this is also current point
  no. of rejections          290
 stored as   -14

 highest radius point found:
  at point   37.668  32.419  40.995
  closest atom surface    3.420   H2  22  X    1
  2nd closest surface     3.435   O3  22  X    1
  found on step  999
  this is also current point
  no. of rejections          165
 stored as   -15

 highest radius point found:
  at point   37.468  22.091  44.379
  closest atom surface   12.615   O3  22  X    1
  2nd closest surface    12.767   O4  22  X    1
  found on step  999
  this is also current point
  no. of rejections          265
 stored as   -16

 highest radius point found:
  at point   37.268  11.447  47.710
  closest atom surface   23.462   O3  22  X    1
  2nd closest surface    23.503   O4  22  X    1
  found on step 1000
  this is also current point
  no. of rejections          263
 This is an end! (radius above  22.0 angs)
 
 N.b. Graph information routine (HOGRAP) differs 
        markedly from previous versions!
       Information now is written from -ve end
       to +ve in one pass
 
 Explanation of the meaning of each column: 
 First column "cenxyz.cvec" is the coordinate in the
   direction of the channel vector i.e. if the channel
   vector is in z (0 0 1) then it is the z coordinate.
 The second column "radius" is the hole pore radius 
   (as defined in the Biophys J 1993) article).
 The third column "cen_line_D" is the distance 
   measured along the pore centre line - with the 
   first point found set to zero. This was the first
   thing that I used to measure the distance along a pore
   but "cenxyz.cvec" is a much better general measure. 
   However, by comparing changes in this distance to changes in '   "cenxyz.cvec" one can get a measure of how straight a 
   channel is.
 The fourth column "sum{s/(area)}" is useful in conductance
   prediction -
   basically it is the sum of the thickness of each slab
   divided by its area. HOLE uses this measure to estimate
   the macroscopic conductance of a channel.
 If any of this worries you one can see the "raw" results
   of a standard hole run by producing a sphpdb file and 
    directly looking at the results.
 cenxyz.cvec      radius  cen_line_D sum{s/(area point sourc
    37.46753    12.61542   -19.18178     0.00020   (sampled)
    37.56753     7.57697   -13.74625     0.00075 (mid-point)
    37.66753     3.41976    -8.31071     0.00348   (sampled)
    37.76753     2.39794    -6.01358     0.00901 (mid-point)
    37.86753     2.52934    -3.71644     0.01399   (sampled)
    37.96753     2.45717    -3.58262     0.01926 (mid-point)
    38.06753     2.38801    -3.44880     0.02484   (sampled)
    38.16753     2.32358    -3.31158     0.03074 (mid-point)
    38.26753     2.26273    -3.17437     0.03695   (sampled)
    38.36753     2.20471    -3.04027     0.04350 (mid-point)
    38.46753     2.15034    -2.90616     0.05039   (sampled)
    38.56753     2.10102    -2.76761     0.05760 (mid-point)
    38.66753     2.05599    -2.62906     0.06513   (sampled)
    38.76753     2.01459    -2.49213     0.07297 (mid-point)
    38.86753     1.97765    -2.35520     0.08111   (sampled)
    38.96753     1.94534    -2.21863     0.08952 (mid-point)
    39.06753     1.91760    -2.08206     0.09818   (sampled)
    39.16753     1.89405    -1.94681     0.10705 (mid-point)
    39.26753     1.87489    -1.81156     0.11610   (sampled)
    39.36753     1.86127    -1.67431     0.12529 (mid-point)
    39.46753     1.85268    -1.53706     0.13457   (sampled)
    39.56753     1.84926    -1.40168     0.14387 (mid-point)
    39.66753     1.84923    -1.26629     0.15318   (sampled)
    39.76753     1.85643    -1.13037     0.16242 (mid-point)
    39.86753     1.86793    -0.99445     0.17154   (sampled)
    39.96753     1.87196    -0.86805     0.18063 (mid-point)
    40.06753     1.87847    -0.74164     0.18965   (sampled)
    40.16753     1.88621    -0.61852     0.19859 (mid-point)
    40.26753     1.89791    -0.49540     0.20743   (sampled)
    40.36753     1.91610    -0.37020     0.21610 (mid-point)
    40.46753     1.93835    -0.24501     0.22457   (sampled)
    40.56753     1.96255    -0.12251     0.23284 (mid-point)
    40.66753     1.99026    -0.00000     0.24087   (sampled)
    40.76753     2.01153     0.11580     0.24874 (mid-point)
    40.86753     2.03203     0.23160     0.25645   (sampled)
    40.96753     2.03666     0.33898     0.26412 (mid-point)
    41.06753     2.04115     0.44636     0.27176   (sampled)
    41.16753     2.04786     0.55955     0.27935 (mid-point)
    41.26753     2.05741     0.67274     0.28687   (sampled)
    41.36753     2.06291     0.79848     0.29435 (mid-point)
    41.46753     2.07243     0.92422     0.30176   (sampled)
    41.56753     2.06323     1.07535     0.30924 (mid-point)
    41.66753     2.05899     1.22649     0.31675   (sampled)
    41.76753     2.04920     1.36309     0.32433 (mid-point)
    41.86753     2.04393     1.49969     0.33195   (sampled)
    41.96753     2.04560     1.63558     0.33955 (mid-point)
    42.06753     2.05159     1.77147     0.34712   (sampled)
    42.16753     2.06143     1.90793     0.35461 (mid-point)
    42.26753     2.07598     2.04439     0.36199   (sampled)
    42.36753     2.09667     2.18178     0.36923 (mid-point)
    42.46753     2.11928     2.31918     0.37632   (sampled)
    42.56753     2.14816     2.45663     0.38322 (mid-point)
    42.66753     2.18152     2.59408     0.38991   (sampled)
    42.76753     2.21782     2.73368     0.39638 (mid-point)
    42.86753     2.25787     2.87327     0.40262   (sampled)
    42.96753     2.30398     3.01284     0.40862 (mid-point)
    43.06753     2.35423     3.15241     0.41436   (sampled)
    43.16753     2.39563     3.69856     0.41991 (mid-point)
    43.26753     2.50565     4.24471     0.42498   (sampled)
    43.36753     2.56475     4.35116     0.42982 (mid-point)
    43.46753     2.62515     4.45761     0.43444   (sampled)
    43.56753     2.65158     7.76837     0.43896 (mid-point)
    43.66753     4.62045    11.07913     0.44046   (sampled)
    43.76753     9.16052    16.82178     0.44084 (mid-point)
    43.86753    14.14946    22.56444     0.44099   (sampled)

 Minimum radius found:      1.849 angstroms.



 For spherical probe approach, The geometric factor
         F= sum(ds/area) along channel is    0.441 angstroms**-1
 This yields a macroscopic predicted molar conductance of:
   (1/rho)*(100/F)= (230/rho) pS,
   where rho is the conductivity of 1M permeant ion in ohm m.
 N.B. this is a macroscopic conductance - an overestimate 
 Empirically corrected conductances currently only available
 With the CAPSULE option (although its not that stable!)
 For 1M KCl rho= 1/12 (ohm m), So Gmacro= 2700 pS/M.
  (TAG      1   Rmin=     1.84923   Gmacro=  2721.12464 Conn_Gmacro=    -1.00000 ).
 HOLE: normal completion
