 *** Program HOLE ***
 
 If results of this run are reported or published, please
 cite the publication listed below.
 For the HOLE program:
   Smart, O.S., Goodfellow, J.M., Wallace, B.A. (1993). 
   The pore dimensions of gramicidin A. 
   Biophys. J., 65, 2455-2460.
 
 Originally written by Oliver Smart at Birkbeck College from April 1992.
 Copyright 1993-2005 Oliver Smart
 Copyright 2014-2015 SmartSci Limited.
 Copyright 2016 Oliver Smart.
 
 For help on HOLE suite see  http://www.holeprogram.org/
 
 HOLE release 2.2.005 (07 August 2016) 
 
 usage subject to Apache License, Version 2.0 
 see http://www.apache.org/licenses/LICENSE-2.0 

 Control variables read:

! Input file for Oliver Smart's HOLE program
! written by MDAnalysis.analysis.hole2.HoleAnalysis
! for a Universe
! u = mda.Universe(/afs/crc.nd.edu/user/m/mfarshad/Private/ML-new/traj/host-19/h
!    /afs/crc.nd.edu/user/m/mfarshad/Private/ML-new/traj/host-19/host_19.trr
!   )
! Frame 59

COORD  /tmp/2550146.1.long/tmplnhizhvo.pdb
RADIUS simple2.rad
SPHPDB hole059.sph
SAMPLE 0.200000
ENDRAD 22.000000
IGNORE SOL WAT TIP HOH K   NA  CL
SHORTO 0
RASEED 31415
CPOINT 40.1673179732 40.8870693843 40.6803217994


 WARNING have not found a CVECT record - will try to guess
 Input pdb filename read as:    '/tmp/2550146.1.long/tmplnhizhvo.pdb'
 Input vdW radius file read as: 'simple2.rad'
 point in channel:   40.167  40.887  40.680
 channel vector:   ************************
 sampling distance between planes:    0.200

 graphics conditions:
 binary plot output file name: NONE
 Dot density:    10
 Draw dots?           T
 Draw close contacts? F
 Draw centre line?    T
 Produce spikes rather than dots? F
 Seed for random number generator:     31415 (0 means value set by program)
 Radius above which a result is regarded as an 'end':  22.000
 Pdb format file for sphere centres: hole059.sph

 Monte Carlo conditions:
  no of steps:  1000
  maximum displacement   0.100 angs
  'kT' initial   0.100 angs
 The spherebox and capsule options are turned off.
 (No molqpt card so will not write qpt file of the molecule)
 IGNORE card read so will ignore residue types: SOL WAT TIP HOH K   NA  CL
 no SHORTO card read so will produce full textual output
 As no PEGRAT card was found will not produce PEG polymer exclusion graph
 (No 2DMAPS card specified so will not produce 2D property maps)
 Have not found a CUT card.  Normal calculation using
   Cutoff lists with a cutsize=       1.000
   (if you wish to turn off option use a CUT -1 card)

 Have read     7 bond radius records and
              16 vdW radius records.
 From file: simple2.rad

 Have read    72 atom records.
 From file: /tmp/2550146.1.long/tmplnhizhvo.pdb
 Will not produce graphical output

 Have opened file for pdb format output of sphere centres:  hole059.sph

  Seed integer used by ran # generator on this run      31415

 
 S/R cguess will try to guess CPOINT and/or CVECT
 
 THESE GUESSES MAY WELL BE WRONG!!!!
 Routine relies on having a reasonably symmetric
 channel oriented along x, y or z vector
 YOU ARE STRONGLY ADVISED TO CHECK THE RESULTS
                       WITH MOLECULAR GRAPHICS
 testing points from cpoint in X, Y then Z direction
   point                   pore radius
direction     1
  35.167  40.887  40.680     0.813
  36.167  40.887  40.680     0.287
  37.167  40.887  40.680     0.076
  38.167  40.887  40.680     0.352
  39.167  40.887  40.680     0.875
  40.167  40.887  40.680     1.072
  41.167  40.887  40.680     0.226
  42.167  40.887  40.680    -0.765
  43.167  40.887  40.680    -1.638
  44.167  40.887  40.680    -0.895
  45.167  40.887  40.680     0.094
 Average pore radius along the line=      0.045
direction     2
  40.167  35.887  40.680     0.010
  40.167  36.887  40.680     0.192
  40.167  37.887  40.680     0.153
  40.167  38.887  40.680     0.486
  40.167  39.887  40.680     0.688
  40.167  40.887  40.680     1.072
  40.167  41.887  40.680     0.466
  40.167  42.887  40.680     0.001
  40.167  43.887  40.680    -0.731
  40.167  44.887  40.680    -0.873
  40.167  45.887  40.680    -0.219
 Average pore radius along the line=      0.113
direction     3
  40.167  40.887  35.680     0.613
  40.167  40.887  36.680     0.571
  40.167  40.887  37.680     0.710
  40.167  40.887  38.680     0.621
  40.167  40.887  39.680     0.866
  40.167  40.887  40.680     1.072
  40.167  40.887  41.680     0.290
  40.167  40.887  42.680    -0.411
  40.167  40.887  43.680    -0.648
  40.167  40.887  44.680    -0.765
  40.167  40.887  45.680    -0.463
 Average pore radius along the line=      0.223
 Best direction is found to be     3
(1=X,2=Y,3=Z)
 s/r cguess has produced initial values for cpoint &/or cvect:
CPOINT      40.1673     40.8871     40.6803
CVECT        0.0000      0.0000      1.0000
 THESE GUESSES MAY WELL BE WRONG!!!!
 Routine relies on having a reasonably symmetric
 channel oriented along x, y or z vector
 YOU ARE STRONGLY ADVISED TO CHECK THE RESULTS
                       WITH MOLECULAR GRAPHICS
 
 
  Some routines (e.g. conn) need vectors normal to cvect: 
     EAST Zero degrees angle is along vector    1.000   0.000   0.000
     NORTH  90 degrees angle is along vector    0.000  -1.000   0.000
 highest radius point found:
  at point   38.878  38.574  40.680
  closest atom surface    1.560   C7  19  X    1
  2nd closest surface     1.562   C23 19  X    1
  found on step  992
  this is also current point
  no. of rejections          341
 stored as     0

 highest radius point found:
  at point   38.822  38.205  40.880
  closest atom surface    1.537   C5  19  X    1
  2nd closest surface     1.537   C7  19  X    1
  found on step  950
  this is also current point
  no. of rejections          286
 stored as     1

 highest radius point found:
  at point   39.105  38.490  41.080
  closest atom surface    1.403   C23 19  X    1
  2nd closest surface     1.403   C7  19  X    1
  found on step  979
  this is also current point
  no. of rejections          289
 stored as     2

 highest radius point found:
  at point   39.511  39.036  41.280
  closest atom surface    1.332   C22 19  X    1
  2nd closest surface     1.333   C23 19  X    1
  found on step  932
  this is also current point
  no. of rejections          351
 stored as     3

 highest radius point found:
  at point   39.556  38.953  41.480
  closest atom surface    1.254   C4  19  X    1
  2nd closest surface     1.254   C35 19  X    1
  found on step  977
  this is also current point
  no. of rejections          346
 stored as     4

 highest radius point found:
  at point   39.886  38.992  41.680
  closest atom surface    1.092   C4  19  X    1
  2nd closest surface     1.092   C35 19  X    1
  found on step  727
 current point:
  at point   39.832  38.980  41.680
  closest atom surface    1.089   C35 19  X    1
  2nd closest surface     1.089   C4  19  X    1
  found on step  923
  no. of rejections          316
 stored as     5

 highest radius point found:
  at point   40.012  38.984  41.880
  closest atom surface    0.943   C4  19  X    1
  2nd closest surface     0.943   C35 19  X    1
  found on step  918
  this is also current point
  no. of rejections          318
 stored as     6

 highest radius point found:
  at point   40.140  38.975  42.080
  closest atom surface    0.806   C4  19  X    1
  2nd closest surface     0.807   C35 19  X    1
  found on step  468
 current point:
  at point   39.832  38.904  42.080
  closest atom surface    0.773   C35 19  X    1
  2nd closest surface     0.774   C4  19  X    1
  found on step  979
  no. of rejections          311
 stored as     7

 highest radius point found:
  at point   40.270  38.969  42.280
  closest atom surface    0.686   C35 19  X    1
  2nd closest surface     0.687   C4  19  X    1
  found on step  994
  this is also current point
  no. of rejections          345
 stored as     8

 highest radius point found:
  at point   40.399  38.962  42.480
  closest atom surface    0.583   C35 19  X    1
  2nd closest surface     0.584   C4  19  X    1
  found on step  986
  this is also current point
  no. of rejections          350
 stored as     9

 highest radius point found:
  at point   41.244  40.526  42.680
  closest atom surface    0.618   C33 19  X    1
  2nd closest surface     0.623   C25 19  X    1
  found on step  559
 current point:
  at point   41.594  40.886  42.680
  closest atom surface    0.592   C33 19  X    1
  2nd closest surface     0.592   C25 19  X    1
  found on step  992
  no. of rejections          352
 stored as    10

 highest radius point found:
  at point   41.481  40.618  42.880
  closest atom surface    0.669   C33 19  X    1
  2nd closest surface     0.670   C25 19  X    1
  found on step  983
  this is also current point
  no. of rejections          328
 stored as    11

 highest radius point found:
  at point   41.843  40.846  43.080
  closest atom surface    0.767   C26 19  X    1
  2nd closest surface     0.768   C33 19  X    1
  found on step  995
  this is also current point
  no. of rejections          363
 stored as    12

 highest radius point found:
  at point   43.059  43.182  43.280
  closest atom surface    1.344   H8  19  X    1
  2nd closest surface     1.353   H11 19  X    1
  found on step  999
  this is also current point
  no. of rejections          287
 stored as    13

 highest radius point found:
  at point   51.783  43.407  43.480
  closest atom surface    7.010   O9  19  X    1
  2nd closest surface     7.418   C26 19  X    1
  found on step 1000
  this is also current point
  no. of rejections          274
 stored as    14

 highest radius point found:
  at point   61.256  43.579  43.680
  closest atom surface   16.100   O9  19  X    1
  2nd closest surface    16.577   C26 19  X    1
  found on step 1000
  this is also current point
  no. of rejections          262
 stored as    15

 highest radius point found:
  at point   73.065  42.568  43.880
  closest atom surface   27.794   O9  19  X    1
  2nd closest surface    28.176   C26 19  X    1
  found on step 1000
  this is also current point
  no. of rejections          254
 This is an end! (radius above  22.0 angs)
 highest radius point found:
  at point   38.428  37.944  40.480
  closest atom surface    1.831   C   19  X    1
  2nd closest surface     1.831   C7  19  X    1
  found on step  996
  this is also current point
  no. of rejections          315
 stored as    -1

 highest radius point found:
  at point   38.275  37.914  40.280
  closest atom surface    1.966   C7  19  X    1
  2nd closest surface     1.966   C   19  X    1
  found on step  930
  this is also current point
  no. of rejections          337
 stored as    -2

 highest radius point found:
  at point   38.129  37.883  40.080
  closest atom surface    2.113   C   19  X    1
  2nd closest surface     2.114   C7  19  X    1
  found on step  993
  this is also current point
  no. of rejections          290
 stored as    -3

 highest radius point found:
  at point   37.966  37.854  39.880
  closest atom surface    2.269   C7  19  X    1
  2nd closest surface     2.270   C1  19  X    1
  found on step  974
  this is also current point
  no. of rejections          299
 stored as    -4

 highest radius point found:
  at point   37.703  37.817  39.680
  closest atom surface    2.427   C7  19  X    1
  2nd closest surface     2.427   C1  19  X    1
  found on step  928
  this is also current point
  no. of rejections          322
 stored as    -5

 highest radius point found:
  at point   33.224  36.491  39.480
  closest atom surface    3.887   O2  19  X    1
  2nd closest surface     3.902   O   19  X    1
  found on step 1000
  this is also current point
  no. of rejections          218
 stored as    -6

 highest radius point found:
  at point   24.550  35.028  39.280
  closest atom surface   11.253   O   19  X    1
  2nd closest surface    11.355   H   19  X    1
  found on step  999
  this is also current point
  no. of rejections          240
 stored as    -7

 highest radius point found:
  at point   12.360  34.018  39.080
  closest atom surface   23.108   O   19  X    1
  2nd closest surface    23.133   O2  19  X    1
  found on step 1000
  this is also current point
  no. of rejections          247
 This is an end! (radius above  22.0 angs)
 
 N.b. Graph information routine (HOGRAP) differs 
        markedly from previous versions!
       Information now is written from -ve end
       to +ve in one pass
 
 Explanation of the meaning of each column: 
 First column "cenxyz.cvec" is the coordinate in the
   direction of the channel vector i.e. if the channel
   vector is in z (0 0 1) then it is the z coordinate.
 The second column "radius" is the hole pore radius 
   (as defined in the Biophys J 1993) article).
 The third column "cen_line_D" is the distance 
   measured along the pore centre line - with the 
   first point found set to zero. This was the first
   thing that I used to measure the distance along a pore
   but "cenxyz.cvec" is a much better general measure. 
   However, by comparing changes in this distance to changes in '   "cenxyz.cvec" one can get a measure of how straight a 
   channel is.
 The fourth column "sum{s/(area)}" is useful in conductance
   prediction -
   basically it is the sum of the thickness of each slab
   divided by its area. HOLE uses this measure to estimate
   the macroscopic conductance of a channel.
 If any of this worries you one can see the "raw" results
   of a standard hole run by producing a sphpdb file and 
    directly looking at the results.
 cenxyz.cvec      radius  cen_line_D sum{s/(area point sourc
    39.28032    11.25320   -15.36882     0.00025   (sampled)
    39.38032     7.25507   -10.96931     0.00086 (mid-point)
    39.48032     3.88666    -6.56981     0.00296   (sampled)
    39.58032     2.61400    -4.23217     0.00762 (mid-point)
    39.68032     2.42688    -1.89454     0.01303   (sampled)
    39.78032     2.34529    -1.72826     0.01881 (mid-point)
    39.88032     2.26880    -1.56198     0.02500   (sampled)
    39.98032     2.19024    -1.43233     0.03163 (mid-point)
    40.08032     2.11323    -1.30268     0.03876   (sampled)
    40.18032     2.03832    -1.17792     0.04642 (mid-point)
    40.28032     1.96599    -1.05315     0.05466   (sampled)
    40.38032     1.89680    -0.92643     0.06350 (mid-point)
    40.48032     1.83063    -0.79971     0.07300   (sampled)
    40.58032     1.67545    -0.39985     0.08434 (mid-point)
    40.68032     1.56021     0.00000     0.09742   (sampled)
    40.78032     1.54202     0.21147     0.11080 (mid-point)
    40.88032     1.53665     0.42294     0.12429   (sampled)
    40.98032     1.46302     0.64720     0.13916 (mid-point)
    41.08032     1.40269     0.87145     0.15533   (sampled)
    41.18032     1.34836     1.22592     0.17284 (mid-point)
    41.28032     1.33206     1.58040     0.19078   (sampled)
    41.38032     1.29366     1.69111     0.20980 (mid-point)
    41.48032     1.25423     1.80183     0.23004   (sampled)
    41.58032     1.16806     1.99566     0.25337 (mid-point)
    41.68032     1.09215     2.18948     0.28005   (sampled)
    41.78032     1.01614     2.30772     0.31088 (mid-point)
    41.88032     0.94307     2.42596     0.34667   (sampled)
    41.98032     0.87300     2.54474     0.38844 (mid-point)
    42.08032     0.80640     2.66352     0.43739   (sampled)
    42.18032     0.74457     2.78292     0.49480 (mid-point)
    42.28032     0.68616     2.90231     0.56241   (sampled)
    42.38032     0.63213     3.02144     0.64207 (mid-point)
    42.48032     0.58274     3.14057     0.73580   (sampled)
    42.58032     0.43907     4.03520     0.90092 (mid-point)
    42.68032     0.61836     4.92983     0.98416   (sampled)
    42.78032     0.63862     5.09140     1.06221 (mid-point)
    42.88032     0.66911     5.25296     1.13331   (sampled)
    42.98032     0.70794     5.48921     1.19682 (mid-point)
    43.08032     0.76664     5.72545     1.25098   (sampled)
    43.18032     0.78351     7.04607     1.30283 (mid-point)
    43.28032     1.34360     8.36668     1.32047   (sampled)
    43.38032     3.33254    12.73117     1.32333 (mid-point)
    43.48032     7.01004    17.09565     1.32398   (sampled)
    43.58032    11.48693    21.83396     1.32422 (mid-point)
    43.68032    16.10006    26.57228     1.32434   (sampled)

 Minimum radius found:      0.439 angstroms.



 For spherical probe approach, The geometric factor
         F= sum(ds/area) along channel is    1.324 angstroms**-1
 This yields a macroscopic predicted molar conductance of:
   (1/rho)*(100/F)= (76/rho) pS,
   where rho is the conductivity of 1M permeant ion in ohm m.
 N.B. this is a macroscopic conductance - an overestimate 
 Empirically corrected conductances currently only available
 With the CAPSULE option (although its not that stable!)
 For 1M KCl rho= 1/12 (ohm m), So Gmacro= 910 pS/M.
  (TAG      1   Rmin=     0.43907   Gmacro=   906.10963 Conn_Gmacro=    -1.00000 ).
 HOLE: normal completion
