 *** Program HOLE ***
 
 If results of this run are reported or published, please
 cite the publication listed below.
 For the HOLE program:
   Smart, O.S., Goodfellow, J.M., Wallace, B.A. (1993). 
   The pore dimensions of gramicidin A. 
   Biophys. J., 65, 2455-2460.
 
 Originally written by Oliver Smart at Birkbeck College from April 1992.
 Copyright 1993-2005 Oliver Smart
 Copyright 2014-2015 SmartSci Limited.
 Copyright 2016 Oliver Smart.
 
 For help on HOLE suite see  http://www.holeprogram.org/
 
 HOLE release 2.2.005 (07 August 2016) 
 
 usage subject to Apache License, Version 2.0 
 see http://www.apache.org/licenses/LICENSE-2.0 

 Control variables read:

! Input file for Oliver Smart's HOLE program
! written by MDAnalysis.analysis.hole2.HoleAnalysis
! for a Universe
! u = mda.Universe(/afs/crc.nd.edu/user/m/mfarshad/Private/ML-new/traj/host-19/h
!    /afs/crc.nd.edu/user/m/mfarshad/Private/ML-new/traj/host-19/host_19.trr
!   )
! Frame 91

COORD  /tmp/2550146.1.long/tmp4co2l151.pdb
RADIUS simple2.rad
SPHPDB hole091.sph
SAMPLE 0.200000
ENDRAD 22.000000
IGNORE SOL WAT TIP HOH K   NA  CL
SHORTO 0
RASEED 31415
CPOINT 40.1539480421 40.1097198592 40.2501383887


 WARNING have not found a CVECT record - will try to guess
 Input pdb filename read as:    '/tmp/2550146.1.long/tmp4co2l151.pdb'
 Input vdW radius file read as: 'simple2.rad'
 point in channel:   40.154  40.110  40.250
 channel vector:   ************************
 sampling distance between planes:    0.200

 graphics conditions:
 binary plot output file name: NONE
 Dot density:    10
 Draw dots?           T
 Draw close contacts? F
 Draw centre line?    T
 Produce spikes rather than dots? F
 Seed for random number generator:     31415 (0 means value set by program)
 Radius above which a result is regarded as an 'end':  22.000
 Pdb format file for sphere centres: hole091.sph

 Monte Carlo conditions:
  no of steps:  1000
  maximum displacement   0.100 angs
  'kT' initial   0.100 angs
 The spherebox and capsule options are turned off.
 (No molqpt card so will not write qpt file of the molecule)
 IGNORE card read so will ignore residue types: SOL WAT TIP HOH K   NA  CL
 no SHORTO card read so will produce full textual output
 As no PEGRAT card was found will not produce PEG polymer exclusion graph
 (No 2DMAPS card specified so will not produce 2D property maps)
 Have not found a CUT card.  Normal calculation using
   Cutoff lists with a cutsize=       1.000
   (if you wish to turn off option use a CUT -1 card)

 Have read     7 bond radius records and
              16 vdW radius records.
 From file: simple2.rad

 Have read    72 atom records.
 From file: /tmp/2550146.1.long/tmp4co2l151.pdb
 Will not produce graphical output

 Have opened file for pdb format output of sphere centres:  hole091.sph

  Seed integer used by ran # generator on this run      31415

 
 S/R cguess will try to guess CPOINT and/or CVECT
 
 THESE GUESSES MAY WELL BE WRONG!!!!
 Routine relies on having a reasonably symmetric
 channel oriented along x, y or z vector
 YOU ARE STRONGLY ADVISED TO CHECK THE RESULTS
                       WITH MOLECULAR GRAPHICS
 testing points from cpoint in X, Y then Z direction
   point                   pore radius
direction     1
  35.154  40.110  40.250    -1.034
  36.154  40.110  40.250    -1.336
  37.154  40.110  40.250    -0.485
  38.154  40.110  40.250     0.213
  39.154  40.110  40.250     0.871
  40.154  40.110  40.250     1.454
  41.154  40.110  40.250     0.755
  42.154  40.110  40.250    -0.021
  43.154  40.110  40.250    -0.627
  44.154  40.110  40.250    -0.896
  45.154  40.110  40.250    -0.806
 Average pore radius along the line=     -0.174
direction     2
  40.154  35.110  40.250    -0.681
  40.154  36.110  40.250    -1.103
  40.154  37.110  40.250    -0.504
  40.154  38.110  40.250     0.259
  40.154  39.110  40.250     0.844
  40.154  40.110  40.250     1.454
  40.154  41.110  40.250     0.714
  40.154  42.110  40.250     0.134
  40.154  43.110  40.250    -0.303
  40.154  44.110  40.250    -1.233
  40.154  45.110  40.250    -1.086
 Average pore radius along the line=     -0.137
direction     3
  40.154  40.110  35.250     3.526
  40.154  40.110  36.250     2.814
  40.154  40.110  37.250     2.225
  40.154  40.110  38.250     1.818
  40.154  40.110  39.250     1.658
  40.154  40.110  40.250     1.454
  40.154  40.110  41.250     0.878
  40.154  40.110  42.250     0.593
  40.154  40.110  43.250     0.699
  40.154  40.110  44.250     1.115
  40.154  40.110  45.250     1.674
 Average pore radius along the line=      1.677
 Best direction is found to be     3
(1=X,2=Y,3=Z)
 s/r cguess has produced initial values for cpoint &/or cvect:
CPOINT      40.1539     40.1097     40.2501
CVECT        0.0000      0.0000      1.0000
 THESE GUESSES MAY WELL BE WRONG!!!!
 Routine relies on having a reasonably symmetric
 channel oriented along x, y or z vector
 YOU ARE STRONGLY ADVISED TO CHECK THE RESULTS
                       WITH MOLECULAR GRAPHICS
 
 
  Some routines (e.g. conn) need vectors normal to cvect: 
     EAST Zero degrees angle is along vector    1.000   0.000   0.000
     NORTH  90 degrees angle is along vector    0.000  -1.000   0.000
 highest radius point found:
  at point   40.314  40.153  40.250
  closest atom surface    1.512   C25 19  X    1
  2nd closest surface     1.512   C33 19  X    1
  found on step  965
  this is also current point
  no. of rejections          381
 stored as     0

 highest radius point found:
  at point   39.884  39.791  40.450
  closest atom surface    1.395   C33 19  X    1
  2nd closest surface     1.395   C25 19  X    1
  found on step  266
 current point:
  at point   39.274  39.074  40.450
  closest atom surface    1.385   C25 19  X    1
  2nd closest surface     1.386   C34 19  X    1
  found on step  976
  no. of rejections          369
 stored as     1

 highest radius point found:
  at point   40.318  40.068  40.650
  closest atom surface    1.312   C33 19  X    1
  2nd closest surface     1.312   C25 19  X    1
  found on step  997
  this is also current point
  no. of rejections          374
 stored as     2

 highest radius point found:
  at point   39.814  39.652  40.850
  closest atom surface    1.231   C33 19  X    1
  2nd closest surface     1.232   C25 19  X    1
  found on step  948
  this is also current point
  no. of rejections          362
 stored as     3

 highest radius point found:
  at point   39.322  39.041  41.050
  closest atom surface    1.184   C35 19  X    1
  2nd closest surface     1.186   C25 19  X    1
  found on step  998
  this is also current point
  no. of rejections          367
 stored as     4

 highest radius point found:
  at point   39.406  39.113  41.250
  closest atom surface    1.131   C34 19  X    1
  2nd closest surface     1.133   C25 19  X    1
  found on step  431
 current point:
  at point   39.618  39.362  41.250
  closest atom surface    1.115   C34 19  X    1
  2nd closest surface     1.115   C25 19  X    1
  found on step  894
  no. of rejections          366
 stored as     5

 highest radius point found:
  at point   39.472  39.160  41.450
  closest atom surface    1.095   C25 19  X    1
  2nd closest surface     1.096   C34 19  X    1
  found on step  970
  this is also current point
  no. of rejections          368
 stored as     6

 highest radius point found:
  at point   39.551  39.224  41.650
  closest atom surface    1.073   C34 19  X    1
  2nd closest surface     1.074   C25 19  X    1
  found on step  893
  this is also current point
  no. of rejections          396
 stored as     7

 highest radius point found:
  at point   39.613  39.267  41.850
  closest atom surface    1.070   C25 19  X    1
  2nd closest surface     1.070   C34 19  X    1
  found on step  907
  this is also current point
  no. of rejections          381
 stored as     8

 highest radius point found:
  at point   39.661  39.272  42.050
  closest atom surface    1.067   C25 19  X    1
  2nd closest surface     1.068   C33 19  X    1
  found on step  995
  this is also current point
  no. of rejections          404
 stored as     9

 highest radius point found:
  at point   39.690  39.245  42.250
  closest atom surface    1.074   C25 19  X    1
  2nd closest surface     1.074   C35 19  X    1
  found on step  235
 current point:
  at point   39.699  39.256  42.250
  closest atom surface    1.074   C25 19  X    1
  2nd closest surface     1.075   C33 19  X    1
  found on step  986
  no. of rejections          397
 stored as    10

 highest radius point found:
  at point   39.729  39.235  42.450
  closest atom surface    1.096   C33 19  X    1
  2nd closest surface     1.097   C25 19  X    1
  found on step  960
  this is also current point
  no. of rejections          408
 stored as    11

 highest radius point found:
  at point   39.746  39.228  42.650
  closest atom surface    1.112   C35 19  X    1
  2nd closest surface     1.112   C26 19  X    1
  found on step  979
  this is also current point
  no. of rejections          405
 stored as    12

 highest radius point found:
  at point   39.807  39.280  42.850
  closest atom surface    1.108   C26 19  X    1
  2nd closest surface     1.110   C33 19  X    1
  found on step  570
 current point:
  at point   39.804  39.269  42.850
  closest atom surface    1.108   C26 19  X    1
  2nd closest surface     1.108   O11 19  X    1
  found on step  919
  no. of rejections          388
 stored as    13

 highest radius point found:
  at point   39.874  39.341  43.050
  closest atom surface    1.117   C33 19  X    1
  2nd closest surface     1.117   C26 19  X    1
  found on step  697
 current point:
  at point   39.868  39.325  43.050
  closest atom surface    1.117   O11 19  X    1
  2nd closest surface     1.118   C26 19  X    1
  found on step  963
  no. of rejections          410
 stored as    14

 highest radius point found:
  at point   39.936  39.393  43.250
  closest atom surface    1.144   C26 19  X    1
  2nd closest surface     1.145   C33 19  X    1
  found on step  899
  this is also current point
  no. of rejections          389
 stored as    15

 highest radius point found:
  at point   39.999  39.447  43.450
  closest atom surface    1.186   C26 19  X    1
  2nd closest surface     1.187   C33 19  X    1
  found on step  979
  this is also current point
  no. of rejections          405
 stored as    16

 highest radius point found:
  at point   40.060  39.494  43.650
  closest atom surface    1.242   O11 19  X    1
  2nd closest surface     1.242   C26 19  X    1
  found on step  992
  this is also current point
  no. of rejections          385
 stored as    17

 highest radius point found:
  at point   40.123  39.553  43.850
  closest atom surface    1.314   C26 19  X    1
  2nd closest surface     1.314   O11 19  X    1
  found on step  667
 current point:
  at point   40.123  39.551  43.850
  closest atom surface    1.314   O11 19  X    1
  2nd closest surface     1.314   C26 19  X    1
  found on step  992
  no. of rejections          386
 stored as    18

 highest radius point found:
  at point   40.183  39.597  44.050
  closest atom surface    1.395   O11 19  X    1
  2nd closest surface     1.396   C26 19  X    1
  found on step  990
  this is also current point
  no. of rejections          338
 stored as    19

 highest radius point found:
  at point   40.258  39.671  44.250
  closest atom surface    1.490   C26 19  X    1
  2nd closest surface     1.491   C33 19  X    1
  found on step  692
 current point:
  at point   40.880  40.330  44.250
  closest atom surface    1.430   C26 19  X    1
  2nd closest surface     1.430   H11 19  X    1
  found on step  988
  no. of rejections          382
 stored as    20

 highest radius point found:
  at point   41.403  40.877  44.450
  closest atom surface    1.686   H11 19  X    1
  2nd closest surface     1.687   O9  19  X    1
  found on step  916
  this is also current point
  no. of rejections          367
 stored as    21

 highest radius point found:
  at point   41.426  40.926  44.650
  closest atom surface    1.775   O9  19  X    1
  2nd closest surface     1.775   H11 19  X    1
  found on step    7
 current point:
  at point   40.364  39.704  44.650
  closest atom surface    1.697   H11 19  X    1
  2nd closest surface     1.698   C26 19  X    1
  found on step  971
  no. of rejections          355
 stored as    22

 highest radius point found:
  at point   41.426  40.818  44.850
  closest atom surface    1.901   O9  19  X    1
  2nd closest surface     1.902   H11 19  X    1
  found on step  944
  this is also current point
  no. of rejections          373
 stored as    23

 highest radius point found:
  at point   41.441  40.830  45.050
  closest atom surface    2.014   H11 19  X    1
  2nd closest surface     2.014   O9  19  X    1
  found on step  368
 current point:
  at point   41.440  40.832  45.050
  closest atom surface    2.012   H11 19  X    1
  2nd closest surface     2.014   O9  19  X    1
  found on step  978
  no. of rejections          384
 stored as    24

 highest radius point found:
  at point   41.453  40.824  45.250
  closest atom surface    2.138   H11 19  X    1
  2nd closest surface     2.138   O9  19  X    1
  found on step  996
  this is also current point
  no. of rejections          377
 stored as    25

 highest radius point found:
  at point   41.464  40.826  45.450
  closest atom surface    2.267   H11 19  X    1
  2nd closest surface     2.268   O9  19  X    1
  found on step  904
  this is also current point
  no. of rejections          348
 stored as    26

 highest radius point found:
  at point   41.475  40.822  45.650
  closest atom surface    2.404   H11 19  X    1
  2nd closest surface     2.404   H8  19  X    1
  found on step  940
  this is also current point
  no. of rejections          363
 stored as    27

 highest radius point found:
  at point   41.483  40.814  45.850
  closest atom surface    2.543   H8  19  X    1
  2nd closest surface     2.546   H11 19  X    1
  found on step   36
 current point:
  at point   40.581  39.846  45.850
  closest atom surface    2.426   H11 19  X    1
  2nd closest surface     2.426   H8  19  X    1
  found on step  981
  no. of rejections          344
 stored as    28

 highest radius point found:
  at point   41.495  40.823  46.050
  closest atom surface    2.692   H11 19  X    1
  2nd closest surface     2.693   O9  19  X    1
  found on step  854
 current point:
  at point   41.494  40.826  46.050
  closest atom surface    2.690   H11 19  X    1
  2nd closest surface     2.694   O9  19  X    1
  found on step  927
  no. of rejections          336
 stored as    29

 highest radius point found:
  at point   41.505  40.820  46.250
  closest atom surface    2.844   O9  19  X    1
  2nd closest surface     2.844   H11 19  X    1
  found on step  742
 current point:
  at point   41.505  40.820  46.250
  closest atom surface    2.844   O9  19  X    1
  2nd closest surface     2.844   H11 19  X    1
  found on step  987
  no. of rejections          320
 stored as    30

 highest radius point found:
  at point   41.512  40.818  46.450
  closest atom surface    2.999   H11 19  X    1
  2nd closest surface     3.001   O9  19  X    1
  found on step  953
  this is also current point
  no. of rejections          305
 stored as    31

 highest radius point found:
  at point   41.521  40.812  46.650
  closest atom surface    3.159   O9  19  X    1
  2nd closest surface     3.160   H11 19  X    1
  found on step  880
 current point:
  at point   41.522  40.811  46.650
  closest atom surface    3.159   O9  19  X    1
  2nd closest surface     3.160   H8  19  X    1
  found on step  992
  no. of rejections          303
 stored as    32

 highest radius point found:
  at point   41.526  40.806  46.850
  closest atom surface    3.321   H11 19  X    1
  2nd closest surface     3.322   H8  19  X    1
  found on step  978
  this is also current point
  no. of rejections          282
 stored as    33

 highest radius point found:
  at point   41.536  40.804  47.050
  closest atom surface    3.487   O9  19  X    1
  2nd closest surface     3.488   H8  19  X    1
  found on step  951
  this is also current point
  no. of rejections          290
 stored as    34

 highest radius point found:
  at point   41.541  40.796  47.250
  closest atom surface    3.655   H8  19  X    1
  2nd closest surface     3.656   H11 19  X    1
  found on step  960
  this is also current point
  no. of rejections          301
 stored as    35

 highest radius point found:
  at point   41.550  40.794  47.450
  closest atom surface    3.825   O9  19  X    1
  2nd closest surface     3.826   H8  19  X    1
  found on step  272
 current point:
  at point   41.548  40.805  47.450
  closest atom surface    3.824   H11 19  X    1
  2nd closest surface     3.825   O9  19  X    1
  found on step  970
  no. of rejections          305
 stored as    36

 highest radius point found:
  at point   41.552  40.789  47.650
  closest atom surface    3.998   H11 19  X    1
  2nd closest surface     3.999   O9  19  X    1
  found on step  991
  this is also current point
  no. of rejections          271
 stored as    37

 highest radius point found:
  at point   41.560  40.790  47.850
  closest atom surface    4.172   H11 19  X    1
  2nd closest surface     4.172   O9  19  X    1
  found on step  997
  this is also current point
  no. of rejections          273
 stored as    38

 highest radius point found:
  at point   41.567  40.780  48.050
  closest atom surface    4.348   O9  19  X    1
  2nd closest surface     4.349   H11 19  X    1
  found on step  865
 current point:
  at point   41.564  40.771  48.050
  closest atom surface    4.348   H8  19  X    1
  2nd closest surface     4.349   O9  19  X    1
  found on step 1000
  no. of rejections          276
 stored as    39

 highest radius point found:
  at point   41.567  40.767  48.250
  closest atom surface    4.526   H11 19  X    1
  2nd closest surface     4.527   H8  19  X    1
  found on step  966
  this is also current point
  no. of rejections          298
 stored as    40

 highest radius point found:
  at point   41.575  40.765  48.450
  closest atom surface    4.706   O9  19  X    1
  2nd closest surface     4.706   H11 19  X    1
  found on step  325
 current point:
  at point   41.580  40.802  48.450
  closest atom surface    4.702   O9  19  X    1
  2nd closest surface     4.702   H11 19  X    1
  found on step  944
  no. of rejections          247
 stored as    41

 highest radius point found:
  at point   41.580  40.757  48.650
  closest atom surface    4.886   O9  19  X    1
  2nd closest surface     4.886   H11 19  X    1
  found on step  967
  this is also current point
  no. of rejections          255
 stored as    42

 highest radius point found:
  at point   41.586  40.746  48.850
  closest atom surface    5.067   H8  19  X    1
  2nd closest surface     5.067   O9  19  X    1
  found on step  905
  this is also current point
  no. of rejections          283
 stored as    43

 highest radius point found:
  at point   41.586  40.746  49.050
  closest atom surface    5.249   H11 19  X    1
  2nd closest surface     5.251   O9  19  X    1
  found on step    1
 current point:
  at point   41.650  41.226  49.050
  closest atom surface    5.219   H11 19  X    1
  2nd closest surface     5.219   O9  19  X    1
  found on step  975
  no. of rejections          268
 stored as    44

 highest radius point found:
  at point   41.592  40.732  49.250
  closest atom surface    5.434   H8  19  X    1
  2nd closest surface     5.435   O9  19  X    1
  found on step  946
  this is also current point
  no. of rejections          276
 stored as    45

 highest radius point found:
  at point   41.595  40.727  49.450
  closest atom surface    5.619   H11 19  X    1
  2nd closest surface     5.619   O9  19  X    1
  found on step  978
  this is also current point
  no. of rejections          225
 stored as    46

 highest radius point found:
  at point   41.598  40.717  49.650
  closest atom surface    5.804   H11 19  X    1
  2nd closest surface     5.804   H8  19  X    1
  found on step  988
  this is also current point
  no. of rejections          242
 stored as    47

 highest radius point found:
  at point   41.601  40.716  49.850
  closest atom surface    5.989   H11 19  X    1
  2nd closest surface     5.992   O9  19  X    1
  found on step  986
  this is also current point
  no. of rejections          247
 stored as    48

 highest radius point found:
  at point   41.609  40.715  50.050
  closest atom surface    6.177   H11 19  X    1
  2nd closest surface     6.177   O9  19  X    1
  found on step  986
  this is also current point
  no. of rejections          235
 stored as    49

 highest radius point found:
  at point   41.611  40.695  50.250
  closest atom surface    6.366   O9  19  X    1
  2nd closest surface     6.366   H8  19  X    1
  found on step  942
  this is also current point
  no. of rejections          247
 stored as    50

 highest radius point found:
  at point   41.613  40.683  50.450
  closest atom surface    6.553   H8  19  X    1
  2nd closest surface     6.554   H11 19  X    1
  found on step  996
  this is also current point
  no. of rejections          253
 stored as    51

 highest radius point found:
  at point   41.623  40.706  50.650
  closest atom surface    6.740   O11 19  X    1
  2nd closest surface     6.740   O9  19  X    1
  found on step  988
  this is also current point
  no. of rejections          243
 stored as    52

 highest radius point found:
  at point   45.358  46.056  50.850
  closest atom surface    7.971   O10 19  X    1
  2nd closest surface     7.974   O9  19  X    1
  found on step 1000
  this is also current point
  no. of rejections          137
 stored as    53

 highest radius point found:
  at point   50.722  52.715  51.050
  closest atom surface   14.014   C30 19  X    1
  2nd closest surface    14.016   H18 19  X    1
  found on step  998
  this is also current point
  no. of rejections          229
 stored as    54

 highest radius point found:
  at point   56.626  59.168  51.250
  closest atom surface   21.250   C30 19  X    1
  2nd closest surface    21.272   H18 19  X    1
  found on step  999
  this is also current point
  no. of rejections          224
 stored as    55

 highest radius point found:
  at point   63.374  65.342  51.450
  closest atom surface   29.600   H18 19  X    1
  2nd closest surface    29.609   C30 19  X    1
  found on step 1000
  this is also current point
  no. of rejections          252
 This is an end! (radius above  22.0 angs)
 highest radius point found:
  at point   40.146  40.085  40.050
  closest atom surface    1.602   C33 19  X    1
  2nd closest surface     1.602   C32 19  X    1
  found on step  297
 current point:
  at point   40.012  39.982  40.050
  closest atom surface    1.599   C33 19  X    1
  2nd closest surface     1.599   C22 19  X    1
  found on step  942
  no. of rejections          384
 stored as    -1

 highest radius point found:
  at point   39.931  40.017  39.850
  closest atom surface    1.686   C34 19  X    1
  2nd closest surface     1.686   C22 19  X    1
  found on step  927
  this is also current point
  no. of rejections          372
 stored as    -2

 highest radius point found:
  at point   39.866  40.036  39.650
  closest atom surface    1.760   C32 19  X    1
  2nd closest surface     1.760   C22 19  X    1
  found on step  964
  this is also current point
  no. of rejections          365
 stored as    -3

 highest radius point found:
  at point   39.951  40.131  39.450
  closest atom surface    1.817   C22 19  X    1
  2nd closest surface     1.818   C9  19  X    1
  found on step  940
  this is also current point
  no. of rejections          385
 stored as    -4

 highest radius point found:
  at point   39.897  40.082  39.250
  closest atom surface    1.847   C9  19  X    1
  2nd closest surface     1.847   C21 19  X    1
  found on step  911
  this is also current point
  no. of rejections          389
 stored as    -5

 highest radius point found:
  at point   39.481  39.697  39.050
  closest atom surface    1.889   C8  19  X    1
  2nd closest surface     1.889   C9  19  X    1
  found on step  992
  this is also current point
  no. of rejections          376
 stored as    -6

 highest radius point found:
  at point   39.311  39.520  38.850
  closest atom surface    1.957   C23 19  X    1
  2nd closest surface     1.959   C22 19  X    1
  found on step  120
 current point:
  at point   39.626  39.820  38.850
  closest atom surface    1.938   C22 19  X    1
  2nd closest surface     1.945   C9  19  X    1
  found on step  993
  no. of rejections          374
 stored as    -7

 highest radius point found:
  at point   39.351  39.570  38.650
  closest atom surface    2.031   C9  19  X    1
  2nd closest surface     2.032   C22 19  X    1
  found on step  944
  this is also current point
  no. of rejections          357
 stored as    -8

 highest radius point found:
  at point   39.428  39.636  38.450
  closest atom surface    2.099   C9  19  X    1
  2nd closest surface     2.100   C22 19  X    1
  found on step  570
 current point:
  at point   39.034  39.389  38.450
  closest atom surface    2.087   C9  19  X    1
  2nd closest surface     2.088   C23 19  X    1
  found on step  897
  no. of rejections          386
 stored as    -9

 highest radius point found:
  at point   39.409  39.623  38.250
  closest atom surface    2.180   C9  19  X    1
  2nd closest surface     2.182   C23 19  X    1
  found on step  893
  this is also current point
  no. of rejections          393
 stored as   -10

 highest radius point found:
  at point   39.368  39.610  38.050
  closest atom surface    2.260   C9  19  X    1
  2nd closest surface     2.263   C23 19  X    1
  found on step   33
 current point:
  at point   38.909  39.332  38.050
  closest atom surface    2.252   C23 19  X    1
  2nd closest surface     2.252   C9  19  X    1
  found on step  973
  no. of rejections          385
 stored as   -11

 highest radius point found:
  at point   39.356  39.613  37.850
  closest atom surface    2.348   C21 19  X    1
  2nd closest surface     2.350   C9  19  X    1
  found on step    4
 current point:
  at point   38.884  39.327  37.850
  closest atom surface    2.345   C9  19  X    1
  2nd closest surface     2.346   C23 19  X    1
  found on step  945
  no. of rejections          360
 stored as   -12

 highest radius point found:
  at point   39.309  39.592  37.650
  closest atom surface    2.447   C9  19  X    1
  2nd closest surface     2.449   C23 19  X    1
  found on step  291
 current point:
  at point   38.931  39.364  37.650
  closest atom surface    2.442   C23 19  X    1
  2nd closest surface     2.442   C9  19  X    1
  found on step  939
  no. of rejections          346
 stored as   -13

 highest radius point found:
  at point   39.272  39.580  37.450
  closest atom surface    2.551   C9  19  X    1
  2nd closest surface     2.552   O7  19  X    1
  found on step  801
 current point:
  at point   39.268  39.579  37.450
  closest atom surface    2.549   C9  19  X    1
  2nd closest surface     2.553   O7  19  X    1
  found on step  953
  no. of rejections          374
 stored as   -14

 highest radius point found:
  at point   39.297  39.631  37.250
  closest atom surface    2.646   O7  19  X    1
  2nd closest surface     2.648   C21 19  X    1
  found on step  109
 current point:
  at point   39.289  39.627  37.250
  closest atom surface    2.646   O7  19  X    1
  2nd closest surface     2.647   C9  19  X    1
  found on step  916
  no. of rejections          362
 stored as   -15

 highest radius point found:
  at point   39.325  39.687  37.050
  closest atom surface    2.743   C21 19  X    1
  2nd closest surface     2.751   C9  19  X    1
  found on step   77
 current point:
  at point   39.112  39.576  37.050
  closest atom surface    2.728   C9  19  X    1
  2nd closest surface     2.728   O7  19  X    1
  found on step  931
  no. of rejections          360
 stored as   -16

 highest radius point found:
  at point   39.309  39.719  36.850
  closest atom surface    2.856   C9  19  X    1
  2nd closest surface     2.859   O7  19  X    1
  found on step  992
  this is also current point
  no. of rejections          330
 stored as   -17

 highest radius point found:
  at point   39.265  39.733  36.650
  closest atom surface    2.964   O7  19  X    1
  2nd closest surface     2.966   C9  19  X    1
  found on step    3
 current point:
  at point   38.652  39.417  36.650
  closest atom surface    2.937   C9  19  X    1
  2nd closest surface     2.938   O7  19  X    1
  found on step  939
  no. of rejections          345
 stored as   -18

 highest radius point found:
  at point   39.353  39.824  36.450
  closest atom surface    3.093   C9  19  X    1
  2nd closest surface     3.097   C21 19  X    1
  found on step   38
 current point:
  at point   39.041  39.654  36.450
  closest atom surface    3.060   O7  19  X    1
  2nd closest surface     3.064   C9  19  X    1
  found on step  980
  no. of rejections          338
 stored as   -19

 highest radius point found:
  at point   39.349  39.853  36.250
  closest atom surface    3.220   O7  19  X    1
  2nd closest surface     3.222   C9  19  X    1
  found on step  211
 current point:
  at point   39.381  39.886  36.250
  closest atom surface    3.219   C9  19  X    1
  2nd closest surface     3.219   C21 19  X    1
  found on step 1000
  no. of rejections          325
 stored as   -20

 highest radius point found:
  at point   39.378  39.910  36.050
  closest atom surface    3.355   C9  19  X    1
  2nd closest surface     3.355   C21 19  X    1
  found on step  859
 current point:
  at point   39.371  39.903  36.050
  closest atom surface    3.354   O7  19  X    1
  2nd closest surface     3.355   C9  19  X    1
  found on step  947
  no. of rejections          351
 stored as   -21

 highest radius point found:
  at point   39.396  39.962  35.850
  closest atom surface    3.490   C21 19  X    1
  2nd closest surface     3.491   C9  19  X    1
  found on step  943
  this is also current point
  no. of rejections          303
 stored as   -22

 highest radius point found:
  at point   39.400  39.997  35.650
  closest atom surface    3.633   C21 19  X    1
  2nd closest surface     3.633   C9  19  X    1
  found on step  951
  this is also current point
  no. of rejections          331
 stored as   -23

 highest radius point found:
  at point   39.411  40.037  35.450
  closest atom surface    3.776   O7  19  X    1
  2nd closest surface     3.777   C21 19  X    1
  found on step   95
 current point:
  at point   39.417  40.052  35.450
  closest atom surface    3.775   C9  19  X    1
  2nd closest surface     3.779   C21 19  X    1
  found on step 1000
  no. of rejections          309
 stored as   -24

 highest radius point found:
  at point   39.422  40.084  35.250
  closest atom surface    3.927   C21 19  X    1
  2nd closest surface     3.927   C9  19  X    1
  found on step  953
  this is also current point
  no. of rejections          323
 stored as   -25

 highest radius point found:
  at point   39.435  40.131  35.050
  closest atom surface    4.078   C9  19  X    1
  2nd closest surface     4.079   C21 19  X    1
  found on step  960
  this is also current point
  no. of rejections          293
 stored as   -26

 highest radius point found:
  at point   39.442  40.170  34.850
  closest atom surface    4.233   O7  19  X    1
  2nd closest surface     4.234   C9  19  X    1
  found on step  938
  this is also current point
  no. of rejections          297
 stored as   -27

 highest radius point found:
  at point   39.460  40.221  34.650
  closest atom surface    4.391   C9  19  X    1
  2nd closest surface     4.392   C21 19  X    1
  found on step  978
  this is also current point
  no. of rejections          294
 stored as   -28

 highest radius point found:
  at point   39.393  40.244  34.450
  closest atom surface    4.532   C9  19  X    1
  2nd closest surface     4.557   O7  19  X    1
  found on step   51
 current point:
  at point   38.753  39.889  34.450
  closest atom surface    4.481   O7  19  X    1
  2nd closest surface     4.483   C9  19  X    1
  found on step  994
  no. of rejections          324
 stored as   -29

 highest radius point found:
  at point   39.341  40.228  34.250
  closest atom surface    4.692   O7  19  X    1
  2nd closest surface     4.696   C9  19  X    1
  found on step  198
 current point:
  at point   38.841  39.976  34.250
  closest atom surface    4.646   C9  19  X    1
  2nd closest surface     4.648   O7  19  X    1
  found on step  980
  no. of rejections          320
 stored as   -30

 highest radius point found:
  at point   39.267  40.224  34.050
  closest atom surface    4.843   O7  19  X    1
  2nd closest surface     4.848   C15 19  X    1
  found on step  323
 current point:
  at point   38.758  39.969  34.050
  closest atom surface    4.807   O7  19  X    1
  2nd closest surface     4.807   C9  19  X    1
  found on step  999
  no. of rejections          327
 stored as   -31

 highest radius point found:
  at point   39.181  40.224  33.850
  closest atom surface    5.003   C15 19  X    1
  2nd closest surface     5.003   O7  19  X    1
  found on step  983
  this is also current point
  no. of rejections          307
 stored as   -32

 highest radius point found:
  at point   39.092  40.216  33.650
  closest atom surface    5.162   O7  19  X    1
  2nd closest surface     5.162   C9  19  X    1
  found on step  948
  this is also current point
  no. of rejections          306
 stored as   -33

 highest radius point found:
  at point   39.001  40.210  33.450
  closest atom surface    5.323   C9  19  X    1
  2nd closest surface     5.326   O7  19  X    1
  found on step  578
 current point:
  at point   38.672  40.038  33.450
  closest atom surface    5.307   C9  19  X    1
  2nd closest surface     5.307   O7  19  X    1
  found on step  976
  no. of rejections          298
 stored as   -34

 highest radius point found:
  at point   38.933  40.208  33.250
  closest atom surface    5.489   O7  19  X    1
  2nd closest surface     5.491   C9  19  X    1
  found on step  674
 current point:
  at point   38.922  40.206  33.250
  closest atom surface    5.489   C9  19  X    1
  2nd closest surface     5.491   O7  19  X    1
  found on step  999
  no. of rejections          310
 stored as   -35

 highest radius point found:
  at point   38.818  40.190  33.050
  closest atom surface    5.656   C9  19  X    1
  2nd closest surface     5.657   O7  19  X    1
  found on step  174
 current point:
  at point   38.449  39.997  33.050
  closest atom surface    5.648   C9  19  X    1
  2nd closest surface     5.649   O7  19  X    1
  found on step  905
  no. of rejections          293
 stored as   -36

 highest radius point found:
  at point   38.755  40.194  32.850
  closest atom surface    5.827   C9  19  X    1
  2nd closest surface     5.828   O7  19  X    1
  found on step  582
 current point:
  at point   38.737  40.183  32.850
  closest atom surface    5.827   C9  19  X    1
  2nd closest surface     5.827   O7  19  X    1
  found on step  932
  no. of rejections          308
 stored as   -37

 highest radius point found:
  at point   38.658  40.181  32.650
  closest atom surface    5.999   C9  19  X    1
  2nd closest surface     6.000   O7  19  X    1
  found on step  681
 current point:
  at point   38.474  40.085  32.650
  closest atom surface    5.997   C9  19  X    1
  2nd closest surface     5.997   O7  19  X    1
  found on step  968
  no. of rejections          313
 stored as   -38

 highest radius point found:
  at point   38.556  40.164  32.450
  closest atom surface    6.174   C9  19  X    1
  2nd closest surface     6.175   O7  19  X    1
  found on step   27
 current point:
  at point   38.550  40.161  32.450
  closest atom surface    6.174   C9  19  X    1
  2nd closest surface     6.174   O7  19  X    1
  found on step  943
  no. of rejections          290
 stored as   -39

 highest radius point found:
  at point   38.447  40.140  32.250
  closest atom surface    6.349   O7  19  X    1
  2nd closest surface     6.349   H14 19  X    1
  found on step  446
 current point:
  at point   38.432  40.132  32.250
  closest atom surface    6.349   H6  19  X    1
  2nd closest surface     6.349   O7  19  X    1
  found on step  925
  no. of rejections          336
 stored as   -40

 highest radius point found:
  at point   38.354  40.112  32.050
  closest atom surface    6.520   O2  19  X    1
  2nd closest surface     6.520   O7  19  X    1
  found on step  755
 current point:
  at point   38.351  40.118  32.050
  closest atom surface    6.518   O2  19  X    1
  2nd closest surface     6.519   H14 19  X    1
  found on step  893
  no. of rejections          324
 stored as   -41

 highest radius point found:
  at point   38.295  40.085  31.850
  closest atom surface    6.682   H14 19  X    1
  2nd closest surface     6.683   O2  19  X    1
  found on step  930
  this is also current point
  no. of rejections          288
 stored as   -42

 highest radius point found:
  at point   38.234  40.053  31.650
  closest atom surface    6.846   O7  19  X    1
  2nd closest surface     6.847   O2  19  X    1
  found on step  991
  this is also current point
  no. of rejections          307
 stored as   -43

 highest radius point found:
  at point   38.171  40.029  31.450
  closest atom surface    7.013   O2  19  X    1
  2nd closest surface     7.014   H14 19  X    1
  found on step  999
  this is also current point
  no. of rejections          281
 stored as   -44

 highest radius point found:
  at point   38.117  39.996  31.250
  closest atom surface    7.181   O7  19  X    1
  2nd closest surface     7.182   H14 19  X    1
  found on step  859
 current point:
  at point   38.108  40.004  31.250
  closest atom surface    7.181   H14 19  X    1
  2nd closest surface     7.181   O2  19  X    1
  found on step  975
  no. of rejections          272
 stored as   -45

 highest radius point found:
  at point   38.054  39.964  31.050
  closest atom surface    7.352   O7  19  X    1
  2nd closest surface     7.354   O2  19  X    1
  found on step  877
 current point:
  at point   38.045  39.960  31.050
  closest atom surface    7.351   O2  19  X    1
  2nd closest surface     7.353   O7  19  X    1
  found on step  957
  no. of rejections          307
 stored as   -46

 highest radius point found:
  at point   37.988  39.935  30.850
  closest atom surface    7.524   O2  19  X    1
  2nd closest surface     7.526   O7  19  X    1
  found on step  209
 current point:
  at point   37.992  39.931  30.850
  closest atom surface    7.523   O7  19  X    1
  2nd closest surface     7.526   O2  19  X    1
  found on step  963
  no. of rejections          272
 stored as   -47

 highest radius point found:
  at point   37.930  39.908  30.650
  closest atom surface    7.698   O2  19  X    1
  2nd closest surface     7.700   O7  19  X    1
  found on step  968
  this is also current point
  no. of rejections          263
 stored as   -48

 highest radius point found:
  at point   37.874  39.880  30.450
  closest atom surface    7.874   O7  19  X    1
  2nd closest surface     7.875   O2  19  X    1
  found on step  993
  this is also current point
  no. of rejections          297
 stored as   -49

 highest radius point found:
  at point   37.800  39.871  30.250
  closest atom surface    8.046   H14 19  X    1
  2nd closest surface     8.046   C1  19  X    1
  found on step  956
  this is also current point
  no. of rejections          267
 stored as   -50

 highest radius point found:
  at point   37.713  39.881  30.050
  closest atom surface    8.212   C1  19  X    1
  2nd closest surface     8.213   H14 19  X    1
  found on step  475
 current point:
  at point   37.717  39.882  30.050
  closest atom surface    8.210   H14 19  X    1
  2nd closest surface     8.213   C1  19  X    1
  found on step  960
  no. of rejections          287
 stored as   -51

 highest radius point found:
  at point   37.597  39.910  29.850
  closest atom surface    8.382   O2  19  X    1
  2nd closest surface     8.382   H14 19  X    1
  found on step  948
  this is also current point
  no. of rejections          271
 stored as   -52

 highest radius point found:
  at point   37.500  39.929  29.650
  closest atom surface    8.553   H14 19  X    1
  2nd closest surface     8.553   O2  19  X    1
  found on step  979
  this is also current point
  no. of rejections          288
 stored as   -53

 highest radius point found:
  at point   37.409  39.941  29.450
  closest atom surface    8.726   C1  19  X    1
  2nd closest surface     8.727   H14 19  X    1
  found on step  957
  this is also current point
  no. of rejections          271
 stored as   -54

 highest radius point found:
  at point   37.309  39.961  29.250
  closest atom surface    8.902   H14 19  X    1
  2nd closest surface     8.902   C1  19  X    1
  found on step  991
  this is also current point
  no. of rejections          235
 stored as   -55

 highest radius point found:
  at point   37.205  39.982  29.050
  closest atom surface    9.079   O2  19  X    1
  2nd closest surface     9.079   H14 19  X    1
  found on step  682
 current point:
  at point   37.196  39.984  29.050
  closest atom surface    9.077   O2  19  X    1
  2nd closest surface     9.079   C1  19  X    1
  found on step  987
  no. of rejections          241
 stored as   -56

 highest radius point found:
  at point   37.107  40.001  28.850
  closest atom surface    9.258   O2  19  X    1
  2nd closest surface     9.258   C1  19  X    1
  found on step  794
 current point:
  at point   37.110  40.000  28.850
  closest atom surface    9.258   H14 19  X    1
  2nd closest surface     9.258   C1  19  X    1
  found on step  998
  no. of rejections          276
 stored as   -57

 highest radius point found:
  at point   37.014  40.017  28.650
  closest atom surface    9.438   H14 19  X    1
  2nd closest surface     9.438   C1  19  X    1
  found on step  952
  this is also current point
  no. of rejections          250
 stored as   -58

 highest radius point found:
  at point   36.914  40.032  28.450
  closest atom surface    9.618   C1  19  X    1
  2nd closest surface     9.620   O2  19  X    1
  found on step  203
 current point:
  at point   36.899  40.042  28.450
  closest atom surface    9.618   O2  19  X    1
  2nd closest surface     9.621   C1  19  X    1
  found on step  969
  no. of rejections          152
 stored as   -59

 highest radius point found:
  at point   36.813  40.059  28.250
  closest atom surface    9.803   H14 19  X    1
  2nd closest surface     9.803   O2  19  X    1
  found on step  925
  this is also current point
  no. of rejections          272
 stored as   -60

 highest radius point found:
  at point   35.284  41.804  28.050
  closest atom surface   10.005   O2  19  X    1
  2nd closest surface    10.020   H14 19  X    1
  found on step 1000
  this is also current point
  no. of rejections          138
 stored as   -61

 highest radius point found:
  at point   34.810  42.149  27.850
  closest atom surface   10.262   O2  19  X    1
  2nd closest surface    10.280   O3  19  X    1
  found on step   64
 current point:
  at point   35.524  41.431  27.850
  closest atom surface   10.161   O2  19  X    1
  2nd closest surface    10.164   H14 19  X    1
  found on step  997
  no. of rejections          175
 stored as   -62

 highest radius point found:
  at point   32.826  43.592  27.650
  closest atom surface   10.997   O2  19  X    1
  2nd closest surface    11.015   O3  19  X    1
  found on step 1000
  this is also current point
  no. of rejections          172
 stored as   -63

 highest radius point found:
  at point   24.581  48.719  27.450
  closest atom surface   16.609   O2  19  X    1
  2nd closest surface    16.880   O3  19  X    1
  found on step  999
  this is also current point
  no. of rejections          190
 stored as   -64

 highest radius point found:
  at point   16.307  55.484  27.250
  closest atom surface   25.627   O2  19  X    1
  2nd closest surface    25.700   O3  19  X    1
  found on step  996
  this is also current point
  no. of rejections          254
 This is an end! (radius above  22.0 angs)
 
 N.b. Graph information routine (HOGRAP) differs 
        markedly from previous versions!
       Information now is written from -ve end
       to +ve in one pass
 
 Explanation of the meaning of each column: 
 First column "cenxyz.cvec" is the coordinate in the
   direction of the channel vector i.e. if the channel
   vector is in z (0 0 1) then it is the z coordinate.
 The second column "radius" is the hole pore radius 
   (as defined in the Biophys J 1993) article).
 The third column "cen_line_D" is the distance 
   measured along the pore centre line - with the 
   first point found set to zero. This was the first
   thing that I used to measure the distance along a pore
   but "cenxyz.cvec" is a much better general measure. 
   However, by comparing changes in this distance to changes in '   "cenxyz.cvec" one can get a measure of how straight a 
   channel is.
 The fourth column "sum{s/(area)}" is useful in conductance
   prediction -
   basically it is the sum of the thickness of each slab
   divided by its area. HOLE uses this measure to estimate
   the macroscopic conductance of a channel.
 If any of this worries you one can see the "raw" results
   of a standard hole run by producing a sphpdb file and 
    directly looking at the results.
 cenxyz.cvec      radius  cen_line_D sum{s/(area point sourc
    27.45014    16.60890   -28.61407     0.00012   (sampled)
    27.55014    13.28621   -23.75875     0.00030 (mid-point)
    27.65014    10.99681   -18.90342     0.00056   (sampled)
    27.75014    10.57314   -17.67277     0.00084 (mid-point)
    27.85014    10.26207   -16.44211     0.00115   (sampled)
    27.95014    10.13021   -16.13239     0.00146 (mid-point)
    28.05014    10.00509   -15.82268     0.00177   (sampled)
    28.15014     9.84582   -14.65841     0.00210 (mid-point)
    28.25014     9.80282   -13.49414     0.00243   (sampled)
    28.35014     9.71121   -13.38121     0.00277 (mid-point)
    28.45014     9.61814   -13.26829     0.00312   (sampled)
    28.55014     9.52772   -13.15623     0.00347 (mid-point)
    28.65014     9.43768   -13.04416     0.00382   (sampled)
    28.75014     9.34763   -12.93355     0.00419 (mid-point)
    28.85014     9.25769   -12.82294     0.00456   (sampled)
    28.95014     9.16809   -12.71123     0.00494 (mid-point)
    29.05014     9.07891   -12.59952     0.00532   (sampled)
    29.15014     8.99011   -12.48635     0.00572 (mid-point)
    29.25014     8.90150   -12.37319     0.00612   (sampled)
    29.35014     8.81360   -12.26094     0.00653 (mid-point)
    29.45014     8.72600   -12.14868     0.00695   (sampled)
    29.55014     8.63947   -12.03867     0.00737 (mid-point)
    29.65014     8.55282   -11.92865     0.00781   (sampled)
    29.75014     8.46730   -11.81708     0.00825 (mid-point)
    29.85014     8.38177   -11.70551     0.00871   (sampled)
    29.95014     8.29692   -11.58902     0.00917 (mid-point)
    30.05014     8.21168   -11.47252     0.00964   (sampled)
    30.15014     8.12867   -11.36327     0.01012 (mid-point)
    30.25014     8.04606   -11.25402     0.01061   (sampled)
    30.35014     7.96053   -11.14735     0.01112 (mid-point)
    30.45014     7.87414   -11.04068     0.01163   (sampled)
    30.55014     7.78654   -10.93593     0.01215 (mid-point)
    30.65014     7.69846   -10.83117     0.01269   (sampled)
    30.75014     7.61105   -10.72616     0.01324 (mid-point)
    30.85014     7.52402   -10.62116     0.01380   (sampled)
    30.95014     7.43859   -10.51484     0.01438 (mid-point)
    31.05014     7.35194   -10.40852     0.01497   (sampled)
    31.15014     7.26647   -10.30249     0.01557 (mid-point)
    31.25014     7.18144   -10.19646     0.01619   (sampled)
    31.35014     7.09771   -10.09163     0.01682 (mid-point)
    31.45014     7.01305    -9.98681     0.01747   (sampled)
    31.55014     6.92999    -9.88121     0.01813 (mid-point)
    31.65014     6.84619    -9.77561     0.01881   (sampled)
    31.75014     6.76431    -9.66982     0.01950 (mid-point)
    31.85014     6.68203    -9.56404     0.02022   (sampled)
    31.95014     6.60088    -9.45894     0.02095 (mid-point)
    32.05014     6.51952    -9.35384     0.02170   (sampled)
    32.15014     6.43404    -9.24267     0.02247 (mid-point)
    32.25014     6.34908    -9.13150     0.02326   (sampled)
    32.35014     6.26148    -9.01692     0.02407 (mid-point)
    32.45014     6.17427    -8.90234     0.02490   (sampled)
    32.55014     6.08651    -8.78963     0.02576 (mid-point)
    32.65014     5.99939    -8.67693     0.02665   (sampled)
    32.75014     5.91292    -8.56561     0.02756 (mid-point)
    32.85014     5.82708    -8.45429     0.02849   (sampled)
    32.95014     5.74106    -8.34949     0.02946 (mid-point)
    33.05014     5.65550    -8.24469     0.03045   (sampled)
    33.15014     5.57265    -8.12903     0.03148 (mid-point)
    33.25014     5.48925    -8.01337     0.03254   (sampled)
    33.35014     5.40649    -7.90768     0.03362 (mid-point)
    33.45014     5.32288    -7.80198     0.03475   (sampled)
    33.55014     5.24226    -7.69207     0.03591 (mid-point)
    33.65014     5.16200    -7.58216     0.03710   (sampled)
    33.75014     5.08218    -7.47263     0.03833 (mid-point)
    33.85014     5.00313    -7.36309     0.03961   (sampled)
    33.95014     4.92271    -7.25436     0.04092 (mid-point)
    34.05014     4.84302    -7.14564     0.04228   (sampled)
    34.15014     4.76708    -7.03890     0.04368 (mid-point)
    34.25014     4.69203    -6.93217     0.04512   (sampled)
    34.35014     4.61373    -6.82859     0.04662 (mid-point)
    34.45014     4.53243    -6.72501     0.04817   (sampled)
    34.55014     4.46135    -6.61888     0.04977 (mid-point)
    34.65014     4.39127    -6.51276     0.05142   (sampled)
    34.75014     4.31208    -6.40907     0.05313 (mid-point)
    34.85014     4.23310    -6.30538     0.05491   (sampled)
    34.95014     4.15543    -6.20349     0.05675 (mid-point)
    35.05014     4.07796    -6.10160     0.05866   (sampled)
    35.15014     4.00190    -5.99870     0.06065 (mid-point)
    35.25014     3.92656    -5.89580     0.06272   (sampled)
    35.35014     3.85105    -5.79293     0.06486 (mid-point)
    35.45014     3.77606    -5.69005     0.06709   (sampled)
    35.55014     3.70427    -5.58792     0.06941 (mid-point)
    35.65014     3.63260    -5.48579     0.07183   (sampled)
    35.75014     3.56076    -5.38420     0.07434 (mid-point)
    35.85014     3.48988    -5.28261     0.07695   (sampled)
    35.95014     3.42174    -5.17892     0.07967 (mid-point)
    36.05014     3.35467    -5.07523     0.08250   (sampled)
    36.15014     3.28757    -4.97031     0.08544 (mid-point)
    36.25014     3.22042    -4.86538     0.08851   (sampled)
    36.35014     3.15691    -4.76427     0.09171 (mid-point)
    36.45014     3.09330    -4.66315     0.09503   (sampled)
    36.55014     3.02852    -4.54492     0.09850 (mid-point)
    36.65014     2.96392    -4.42669     0.10213   (sampled)
    36.75014     2.91010    -4.32410     0.10588 (mid-point)
    36.85014     2.85601    -4.22151     0.10979   (sampled)
    36.95014     2.80273    -4.11994     0.11384 (mid-point)
    37.05014     2.74274    -4.01838     0.11807   (sampled)
    37.15014     2.69444    -3.91353     0.12245 (mid-point)
    37.25014     2.64627    -3.80869     0.12700   (sampled)
    37.35014     2.59793    -3.70481     0.13172 (mid-point)
    37.45014     2.55063    -3.60092     0.13661   (sampled)
    37.55014     2.49799    -3.49906     0.14171 (mid-point)
    37.65014     2.44712    -3.39720     0.14703   (sampled)
    37.75014     2.39759    -3.29397     0.15256 (mid-point)
    37.85014     2.34765    -3.19074     0.15834   (sampled)
    37.95014     2.30380    -3.09054     0.16434 (mid-point)
    38.05014     2.25951    -2.99035     0.17057   (sampled)
    38.15014     2.21885    -2.88805     0.17704 (mid-point)
    38.25014     2.18038    -2.78576     0.18373   (sampled)
    38.35014     2.13850    -2.68510     0.19069 (mid-point)
    38.45014     2.09874    -2.58445     0.19792   (sampled)
    38.55014     2.06360    -2.47245     0.20539 (mid-point)
    38.65014     2.03137    -2.36045     0.21311   (sampled)
    38.75014     1.99353    -2.25538     0.22112 (mid-point)
    38.85014     1.95694    -2.15030     0.22943   (sampled)
    38.95014     1.92102    -1.99199     0.23805 (mid-point)
    39.05014     1.88852    -1.83367     0.24698   (sampled)
    39.15014     1.85550    -1.53306     0.25622 (mid-point)
    39.25014     1.84659    -1.23244     0.26556   (sampled)
    39.35014     1.83063    -1.12599     0.27506 (mid-point)
    39.45014     1.81740    -1.01953     0.28469   (sampled)
    39.55014     1.78701    -0.90096     0.29466 (mid-point)
    39.65014     1.75991    -0.78239     0.30494   (sampled)
    39.75014     1.72159    -0.67686     0.31568 (mid-point)
    39.85014     1.68551    -0.57132     0.32688   (sampled)
    39.95014     1.64187    -0.42061     0.33869 (mid-point)
    40.05014     1.60208    -0.26990     0.35109   (sampled)
    40.15014     1.55449    -0.13495     0.36427 (mid-point)
    40.25014     1.51164     0.00000     0.37820   (sampled)
    40.35014     1.44026     0.29832     0.39354 (mid-point)
    40.45014     1.39483     0.59664     0.40990   (sampled)
    40.55014     1.34157     0.87247     0.42759 (mid-point)
    40.65014     1.31157     1.14831     0.44609   (sampled)
    40.75014     1.25294     1.48994     0.46637 (mid-point)
    40.85014     1.23129     1.83158     0.48736   (sampled)
    40.95014     1.18253     2.23644     0.51013 (mid-point)
    41.05014     1.18364     2.64131     0.53285   (sampled)
    41.15014     1.15709     2.75584     0.55662 (mid-point)
    41.25014     1.13074     2.87037     0.58152   (sampled)
    41.35014     1.11122     2.97824     0.60730 (mid-point)
    41.45014     1.09548     3.08611     0.63382   (sampled)
    41.55014     1.08234     3.19816     0.66099 (mid-point)
    41.65014     1.07340     3.31021     0.68862   (sampled)
    41.75014     1.06963     3.41712     0.71644 (mid-point)
    41.85014     1.06955     3.52402     0.74427   (sampled)
    41.95014     1.06666     3.62692     0.77224 (mid-point)
    42.05014     1.06739     3.72982     0.80018   (sampled)
    42.15014     1.06890     3.83174     0.82804 (mid-point)
    42.25014     1.07396     3.93366     0.85564   (sampled)
    42.35014     1.08384     4.03569     0.88274 (mid-point)
    42.45014     1.09649     4.13771     0.90921   (sampled)
    42.55014     1.10302     4.23810     0.93537 (mid-point)
    42.65014     1.11188     4.33850     0.96112   (sampled)
    42.75014     1.10801     4.44619     0.98705 (mid-point)
    42.85014     1.10804     4.55388     1.01297   (sampled)
    42.95014     1.11045     4.66381     1.03879 (mid-point)
    43.05014     1.11682     4.77374     1.06431   (sampled)
    43.15014     1.12868     4.88161     1.08929 (mid-point)
    43.25014     1.14427     4.98948     1.11361   (sampled)
    43.35014     1.16335     5.09772     1.13712 (mid-point)
    43.45014     1.18618     5.20596     1.15975   (sampled)
    43.55014     1.21248     5.31304     1.18140 (mid-point)
    43.65014     1.24171     5.42011     1.20204   (sampled)
    43.75014     1.27608     5.52907     1.22159 (mid-point)
    43.85014     1.31377     5.63803     1.24003   (sampled)
    43.95014     1.35294     5.74468     1.25742 (mid-point)
    44.05014     1.39506     5.85132     1.27378   (sampled)
    44.15014     1.44163     5.96422     1.28910 (mid-point)
    44.25014     1.49031     6.07713     1.30343   (sampled)
    44.35014     1.46260     6.91466     1.31831 (mid-point)
    44.45014     1.68625     7.75220     1.32950   (sampled)
    44.55014     1.72902     7.85591     1.34015 (mid-point)
    44.65014     1.77499     7.95962     1.35025   (sampled)
    44.75014     1.83652     8.07334     1.35969 (mid-point)
    44.85014     1.90063     8.18706     1.36850   (sampled)
    44.95014     1.95632     8.28750     1.37682 (mid-point)
    45.05014     2.01391     8.38795     1.38467   (sampled)
    45.15014     2.07478     8.48816     1.39206 (mid-point)
    45.25014     2.13768     8.58837     1.39903   (sampled)
    45.35014     2.20134     8.68855     1.40560 (mid-point)
    45.45014     2.26683     8.78874     1.41179   (sampled)
    45.55014     2.33443     8.88889     1.41763 (mid-point)
    45.65014     2.40364     8.98905     1.42314   (sampled)
    45.75014     2.47280     9.08921     1.42835 (mid-point)
    45.85014     2.54270     9.18937     1.43327   (sampled)
    45.95014     2.61839     9.28963     1.43791 (mid-point)
    46.05014     2.69211     9.38990     1.44230   (sampled)
    46.15014     2.76768     9.49003     1.44646 (mid-point)
    46.25014     2.84414     9.59016     1.45039   (sampled)
    46.35014     2.92120     9.69022     1.45413 (mid-point)
    46.45014     2.99904     9.79029     1.45766   (sampled)
    46.55014     3.07896     9.89044     1.46102 (mid-point)
    46.65014     3.15921     9.99059     1.46421   (sampled)
    46.75014     3.24018    10.09066     1.46724 (mid-point)
    46.85014     3.32144    10.19074     1.47013   (sampled)
    46.95014     3.40443    10.29086     1.47287 (mid-point)
    47.05014     3.48667    10.39099     1.47549   (sampled)
    47.15014     3.57101    10.49110     1.47799 (mid-point)
    47.25014     3.65488    10.59120     1.48037   (sampled)
    47.35014     3.74006    10.69131     1.48265 (mid-point)
    47.45014     3.82476    10.79141     1.48482   (sampled)
    47.55014     3.91151    10.89145     1.48690 (mid-point)
    47.65014     3.99762    10.99148     1.48890   (sampled)
    47.75014     4.08448    11.09156     1.49080 (mid-point)
    47.85014     4.17181    11.19163     1.49263   (sampled)
    47.95014     4.25954    11.29181     1.49439 (mid-point)
    48.05014     4.34764    11.39199     1.49607   (sampled)
    48.15014     4.43731    11.49219     1.49769 (mid-point)
    48.25014     4.52578    11.59240     1.49924   (sampled)
    48.35014     4.61552    11.69249     1.50074 (mid-point)
    48.45014     4.70551    11.79257     1.50217   (sampled)
    48.55014     4.79557    11.89268     1.50356 (mid-point)
    48.65014     4.88592    11.99278     1.50489   (sampled)
    48.75014     4.97639    12.09299     1.50618 (mid-point)
    48.85014     5.06684    12.19320     1.50742   (sampled)
    48.95014     5.15906    12.29320     1.50861 (mid-point)
    49.05014     5.24920    12.39320     1.50977   (sampled)
    49.15014     5.34192    12.49350     1.51088 (mid-point)
    49.25014     5.43378    12.59380     1.51196   (sampled)
    49.35014     5.52658    12.69383     1.51300 (mid-point)
    49.45014     5.61854    12.79386     1.51401   (sampled)
    49.55014     5.71123    12.89401     1.51499 (mid-point)
    49.65014     5.80412    12.99415     1.51593   (sampled)
    49.75014     5.89662    13.09417     1.51685 (mid-point)
    49.85014     5.98932    13.19418     1.51774   (sampled)
    49.95014     6.08290    13.29425     1.51860 (mid-point)
    50.05014     6.17665    13.39432     1.51943   (sampled)
    50.15014     6.27116    13.49485     1.52024 (mid-point)
    50.25014     6.36566    13.59538     1.52102   (sampled)
    50.35014     6.45944    13.69555     1.52179 (mid-point)
    50.45014     6.55333    13.79571     1.52253   (sampled)
    50.55014     6.64724    13.89647     1.52325 (mid-point)
    50.65014     6.74004    13.99722     1.52395   (sampled)
    50.75014     6.76738    17.26110     1.52464 (mid-point)
    50.85014     7.97092    20.52497     1.52515   (sampled)
    50.95014    10.66501    24.80162     1.52543 (mid-point)
    51.05014    14.01404    29.07828     1.52559   (sampled)
    51.15014    17.47643    33.45256     1.52569 (mid-point)
    51.25014    21.25028    37.82684     1.52576   (sampled)

 Minimum radius found:      1.067 angstroms.



 For spherical probe approach, The geometric factor
         F= sum(ds/area) along channel is    1.526 angstroms**-1
 This yields a macroscopic predicted molar conductance of:
   (1/rho)*(100/F)= (66/rho) pS,
   where rho is the conductivity of 1M permeant ion in ohm m.
 N.B. this is a macroscopic conductance - an overestimate 
 Empirically corrected conductances currently only available
 With the CAPSULE option (although its not that stable!)
 For 1M KCl rho= 1/12 (ohm m), So Gmacro= 790 pS/M.
  (TAG      1   Rmin=     1.06666   Gmacro=   786.49203 Conn_Gmacro=    -1.00000 ).
 HOLE: normal completion
