 *** Program HOLE ***
 
 If results of this run are reported or published, please
 cite the publication listed below.
 For the HOLE program:
   Smart, O.S., Goodfellow, J.M., Wallace, B.A. (1993). 
   The pore dimensions of gramicidin A. 
   Biophys. J., 65, 2455-2460.
 
 Originally written by Oliver Smart at Birkbeck College from April 1992.
 Copyright 1993-2005 Oliver Smart
 Copyright 2014-2015 SmartSci Limited.
 Copyright 2016 Oliver Smart.
 
 For help on HOLE suite see  http://www.holeprogram.org/
 
 HOLE release 2.2.005 (07 August 2016) 
 
 usage subject to Apache License, Version 2.0 
 see http://www.apache.org/licenses/LICENSE-2.0 

 Control variables read:

! Input file for Oliver Smart's HOLE program
! written by MDAnalysis.analysis.hole2.HoleAnalysis
! for a Universe
! u = mda.Universe(/afs/crc.nd.edu/user/m/mfarshad/Private/ML-new/traj/host-19/h
!    /afs/crc.nd.edu/user/m/mfarshad/Private/ML-new/traj/host-19/host_19.trr
!   )
! Frame 89

COORD  /tmp/2550146.1.long/tmpzai0mcwy.pdb
RADIUS simple2.rad
SPHPDB hole089.sph
SAMPLE 0.200000
ENDRAD 22.000000
IGNORE SOL WAT TIP HOH K   NA  CL
SHORTO 0
RASEED 31415
CPOINT 40.9384181235 40.0049621264 40.7573650148


 WARNING have not found a CVECT record - will try to guess
 Input pdb filename read as:    '/tmp/2550146.1.long/tmpzai0mcwy.pdb'
 Input vdW radius file read as: 'simple2.rad'
 point in channel:   40.938  40.005  40.757
 channel vector:   ************************
 sampling distance between planes:    0.200

 graphics conditions:
 binary plot output file name: NONE
 Dot density:    10
 Draw dots?           T
 Draw close contacts? F
 Draw centre line?    T
 Produce spikes rather than dots? F
 Seed for random number generator:     31415 (0 means value set by program)
 Radius above which a result is regarded as an 'end':  22.000
 Pdb format file for sphere centres: hole089.sph

 Monte Carlo conditions:
  no of steps:  1000
  maximum displacement   0.100 angs
  'kT' initial   0.100 angs
 The spherebox and capsule options are turned off.
 (No molqpt card so will not write qpt file of the molecule)
 IGNORE card read so will ignore residue types: SOL WAT TIP HOH K   NA  CL
 no SHORTO card read so will produce full textual output
 As no PEGRAT card was found will not produce PEG polymer exclusion graph
 (No 2DMAPS card specified so will not produce 2D property maps)
 Have not found a CUT card.  Normal calculation using
   Cutoff lists with a cutsize=       1.000
   (if you wish to turn off option use a CUT -1 card)

 Have read     7 bond radius records and
              16 vdW radius records.
 From file: simple2.rad

 Have read    72 atom records.
 From file: /tmp/2550146.1.long/tmpzai0mcwy.pdb
 Will not produce graphical output

 Have opened file for pdb format output of sphere centres:  hole089.sph

  Seed integer used by ran # generator on this run      31415

 
 S/R cguess will try to guess CPOINT and/or CVECT
 
 THESE GUESSES MAY WELL BE WRONG!!!!
 Routine relies on having a reasonably symmetric
 channel oriented along x, y or z vector
 YOU ARE STRONGLY ADVISED TO CHECK THE RESULTS
                       WITH MOLECULAR GRAPHICS
 testing points from cpoint in X, Y then Z direction
   point                   pore radius
direction     1
  35.938  40.005  40.757     2.063
  36.938  40.005  40.757     2.136
  37.938  40.005  40.757     1.971
  38.938  40.005  40.757     1.746
  39.938  40.005  40.757     1.507
  40.938  40.005  40.757     1.320
  41.938  40.005  40.757     0.929
  42.938  40.005  40.757     0.849
  43.938  40.005  40.757     0.835
  44.938  40.005  40.757     0.626
  45.938  40.005  40.757     0.837
 Average pore radius along the line=      1.347
direction     2
  40.938  35.005  40.757    -0.091
  40.938  36.005  40.757    -0.936
  40.938  37.005  40.757    -1.091
  40.938  38.005  40.757    -0.328
  40.938  39.005  40.757     0.611
  40.938  40.005  40.757     1.320
  40.938  41.005  40.757     0.672
  40.938  42.005  40.757    -0.258
  40.938  43.005  40.757    -1.009
  40.938  44.005  40.757    -0.913
  40.938  45.005  40.757    -0.103
 Average pore radius along the line=     -0.193
direction     3
  40.938  40.005  35.757     0.281
  40.938  40.005  36.757     0.153
  40.938  40.005  37.757     0.338
  40.938  40.005  38.757     0.674
  40.938  40.005  39.757     0.889
  40.938  40.005  40.757     1.320
  40.938  40.005  41.757     0.679
  40.938  40.005  42.757     0.175
  40.938  40.005  43.757    -0.543
  40.938  40.005  44.757    -0.703
  40.938  40.005  45.757    -0.529
 Average pore radius along the line=      0.249
 Best direction is found to be     1
(1=X,2=Y,3=Z)
 s/r cguess has produced initial values for cpoint &/or cvect:
CPOINT      40.9384     40.0050     40.7574
CVECT        1.0000      0.0000      0.0000
 THESE GUESSES MAY WELL BE WRONG!!!!
 Routine relies on having a reasonably symmetric
 channel oriented along x, y or z vector
 YOU ARE STRONGLY ADVISED TO CHECK THE RESULTS
                       WITH MOLECULAR GRAPHICS
 
 
  Some routines (e.g. conn) need vectors normal to cvect: 
     EAST Zero degrees angle is along vector    0.000   1.000   0.000
     NORTH  90 degrees angle is along vector    0.000   0.000  -1.000
 highest radius point found:
  at point   40.938  40.274  40.428
  closest atom surface    1.417   C33 19  X    1
  2nd closest surface     1.417   C10 19  X    1
  found on step  941
  this is also current point
  no. of rejections          387
 stored as     0

 highest radius point found:
  at point   41.138  40.336  40.221
  closest atom surface    1.343   C32 19  X    1
  2nd closest surface     1.343   C20 19  X    1
  found on step  951
  this is also current point
  no. of rejections          387
 stored as     1

 highest radius point found:
  at point   41.338  40.542  39.690
  closest atom surface    1.311   C10 19  X    1
  2nd closest surface     1.318   C20 19  X    1
  found on step  984
  this is also current point
  no. of rejections          380
 stored as     2

 highest radius point found:
  at point   41.538  40.678  39.304
  closest atom surface    1.355   C19 19  X    1
  2nd closest surface     1.357   C10 19  X    1
  found on step  746
 current point:
  at point   41.538  40.787  39.138
  closest atom surface    1.355   C19 19  X    1
  2nd closest surface     1.356   C10 19  X    1
  found on step  954
  no. of rejections          383
 stored as     3

 highest radius point found:
  at point   41.738  40.675  39.316
  closest atom surface    1.341   C19 19  X    1
  2nd closest surface     1.342   C32 19  X    1
  found on step  806
 current point:
  at point   41.738  40.669  39.324
  closest atom surface    1.340   C19 19  X    1
  2nd closest surface     1.341   C32 19  X    1
  found on step  970
  no. of rejections          399
 stored as     4

 highest radius point found:
  at point   41.938  40.597  39.391
  closest atom surface    1.278   C30 19  X    1
  2nd closest surface     1.278   C27 19  X    1
  found on step  990
  this is also current point
  no. of rejections          398
 stored as     5

 highest radius point found:
  at point   42.138  40.576  39.468
  closest atom surface    1.202   C32 19  X    1
  2nd closest surface     1.202   C28 19  X    1
  found on step  867
 current point:
  at point   42.138  40.575  39.472
  closest atom surface    1.201   C32 19  X    1
  2nd closest surface     1.201   C28 19  X    1
  found on step  968
  no. of rejections          375
 stored as     6

 highest radius point found:
  at point   42.338  40.592  39.519
  closest atom surface    1.121   C30 19  X    1
  2nd closest surface     1.122   C28 19  X    1
  found on step  952
  this is also current point
  no. of rejections          374
 stored as     7

 highest radius point found:
  at point   42.538  40.590  39.554
  closest atom surface    1.037   C28 19  X    1
  2nd closest surface     1.039   C30 19  X    1
  found on step  963
  this is also current point
  no. of rejections          381
 stored as     8

 highest radius point found:
  at point   42.738  40.578  39.582
  closest atom surface    0.952   C31 19  X    1
  2nd closest surface     0.953   C28 19  X    1
  found on step  733
 current point:
  at point   42.738  40.502  39.800
  closest atom surface    0.950   C28 19  X    1
  2nd closest surface     0.953   C31 19  X    1
  found on step  977
  no. of rejections          374
 stored as     9

 highest radius point found:
  at point   42.938  40.188  40.471
  closest atom surface    0.930   C28 19  X    1
  2nd closest surface     0.931   C33 19  X    1
  found on step  805
 current point:
  at point   42.938  40.201  40.454
  closest atom surface    0.929   C32 19  X    1
  2nd closest surface     0.931   C28 19  X    1
  found on step  974
  no. of rejections          397
 stored as    10

 highest radius point found:
  at point   43.138  40.222  40.493
  closest atom surface    0.915   C32 19  X    1
  2nd closest surface     0.916   C28 19  X    1
  found on step  679
 current point:
  at point   43.138  40.207  40.510
  closest atom surface    0.914   C28 19  X    1
  2nd closest surface     0.914   C33 19  X    1
  found on step  924
  no. of rejections          365
 stored as    11

 highest radius point found:
  at point   43.338  40.237  40.539
  closest atom surface    0.913   C33 19  X    1
  2nd closest surface     0.915   C28 19  X    1
  found on step  560
 current point:
  at point   43.338  40.242  40.535
  closest atom surface    0.912   C33 19  X    1
  2nd closest surface     0.917   C32 19  X    1
  found on step  960
  no. of rejections          399
 stored as    12

 highest radius point found:
  at point   43.538  39.665  41.226
  closest atom surface    0.955   C33 19  X    1
  2nd closest surface     0.955   C27 19  X    1
  found on step  944
  this is also current point
  no. of rejections          378
 stored as    13

 highest radius point found:
  at point   43.738  38.131  44.017
  closest atom surface    1.496   O8  19  X    1
  2nd closest surface     1.496   O11 19  X    1
  found on step  976
  this is also current point
  no. of rejections          362
 stored as    14

 highest radius point found:
  at point   43.938  38.065  44.146
  closest atom surface    1.628   O8  19  X    1
  2nd closest surface     1.628   O11 19  X    1
  found on step  988
  this is also current point
  no. of rejections          377
 stored as    15

 highest radius point found:
  at point   44.138  38.075  44.186
  closest atom surface    1.734   H8  19  X    1
  2nd closest surface     1.744   O11 19  X    1
  found on step   48
 current point:
  at point   44.138  38.214  44.073
  closest atom surface    1.683   H8  19  X    1
  2nd closest surface     1.687   O11 19  X    1
  found on step  996
  no. of rejections          334
 stored as    16

 highest radius point found:
  at point   44.338  36.602  48.635
  closest atom surface    4.084   O11 19  X    1
  2nd closest surface     4.121   O8  19  X    1
  found on step 1000
  this is also current point
  no. of rejections          277
 stored as    17

 highest radius point found:
  at point   44.538  32.721  60.420
  closest atom surface   15.663   H5  19  X    1
  2nd closest surface    15.667   O11 19  X    1
  found on step  999
  this is also current point
  no. of rejections          243
 stored as    18

 highest radius point found:
  at point   44.738  28.560  70.918
  closest atom surface   26.609   C4  19  X    1
  2nd closest surface    26.628   H5  19  X    1
  found on step 1000
  this is also current point
  no. of rejections          241
 This is an end! (radius above  22.0 angs)
 highest radius point found:
  at point   40.738  40.972  38.781
  closest atom surface    1.544   C11 19  X    1
  2nd closest surface     1.545   C19 19  X    1
  found on step  690
 current point:
  at point   40.738  40.976  38.766
  closest atom surface    1.543   C19 19  X    1
  2nd closest surface     1.545   C11 19  X    1
  found on step  996
  no. of rejections          399
 stored as    -1

 highest radius point found:
  at point   40.538  40.987  38.744
  closest atom surface    1.620   C19 19  X    1
  2nd closest surface     1.622   C11 19  X    1
  found on step  859
 current point:
  at point   40.538  41.003  38.704
  closest atom surface    1.619   C19 19  X    1
  2nd closest surface     1.619   C11 19  X    1
  found on step  920
  no. of rejections          354
 stored as    -2

 highest radius point found:
  at point   40.338  41.326  37.776
  closest atom surface    1.779   C16 19  X    1
  2nd closest surface     1.782   C19 19  X    1
  found on step 1000
  this is also current point
  no. of rejections          350
 stored as    -3

 highest radius point found:
  at point   40.138  41.363  37.766
  closest atom surface    1.892   C11 19  X    1
  2nd closest surface     1.892   O6  19  X    1
  found on step  680
 current point:
  at point   40.138  41.365  37.761
  closest atom surface    1.891   C15 19  X    1
  2nd closest surface     1.892   C11 19  X    1
  found on step  986
  no. of rejections          375
 stored as    -4

 highest radius point found:
  at point   39.938  41.408  37.727
  closest atom surface    1.986   C11 19  X    1
  2nd closest surface     1.986   O6  19  X    1
  found on step  860
 current point:
  at point   39.938  41.404  37.737
  closest atom surface    1.984   C11 19  X    1
  2nd closest surface     1.985   O6  19  X    1
  found on step  996
  no. of rejections          340
 stored as    -5

 highest radius point found:
  at point   39.738  41.438  37.714
  closest atom surface    2.083   O3  19  X    1
  2nd closest surface     2.083   O6  19  X    1
  found on step  522
 current point:
  at point   39.738  41.447  37.685
  closest atom surface    2.082   O6  19  X    1
  2nd closest surface     2.084   O3  19  X    1
  found on step  982
  no. of rejections          361
 stored as    -6

 highest radius point found:
  at point   39.538  41.407  37.819
  closest atom surface    2.171   O3  19  X    1
  2nd closest surface     2.177   O6  19  X    1
  found on step  557
 current point:
  at point   39.538  41.215  38.173
  closest atom surface    2.161   C11 19  X    1
  2nd closest surface     2.161   C19 19  X    1
  found on step  980
  no. of rejections          366
 stored as    -7

 highest radius point found:
  at point   39.338  41.178  38.281
  closest atom surface    2.277   C11 19  X    1
  2nd closest surface     2.277   C19 19  X    1
  found on step  993
  this is also current point
  no. of rejections          352
 stored as    -8

 highest radius point found:
  at point   39.138  41.265  38.165
  closest atom surface    2.392   O6  19  X    1
  2nd closest surface     2.392   C11 19  X    1
  found on step  506
 current point:
  at point   39.138  41.281  38.136
  closest atom surface    2.392   C11 19  X    1
  2nd closest surface     2.392   O6  19  X    1
  found on step  914
  no. of rejections          373
 stored as    -9

 highest radius point found:
  at point   38.938  41.307  38.111
  closest atom surface    2.508   O3  19  X    1
  2nd closest surface     2.510   O6  19  X    1
  found on step  995
  this is also current point
  no. of rejections          376
 stored as   -10

 highest radius point found:
  at point   38.738  41.333  38.050
  closest atom surface    2.620   O6  19  X    1
  2nd closest surface     2.620   O3  19  X    1
  found on step  630
 current point:
  at point   38.738  41.342  38.032
  closest atom surface    2.617   O3  19  X    1
  2nd closest surface     2.620   O6  19  X    1
  found on step  952
  no. of rejections          380
 stored as   -11

 highest radius point found:
  at point   38.538  41.657  37.185
  closest atom surface    2.759   O3  19  X    1
  2nd closest surface     2.759   O6  19  X    1
  found on step  960
  this is also current point
  no. of rejections          337
 stored as   -12

 highest radius point found:
  at point   38.338  41.691  37.102
  closest atom surface    2.898   O3  19  X    1
  2nd closest surface     2.898   C15 19  X    1
  found on step  983
  this is also current point
  no. of rejections          304
 stored as   -13

 highest radius point found:
  at point   38.138  41.722  37.027
  closest atom surface    3.043   O6  19  X    1
  2nd closest surface     3.044   O3  19  X    1
  found on step  989
  this is also current point
  no. of rejections          327
 stored as   -14

 highest radius point found:
  at point   37.938  41.756  36.947
  closest atom surface    3.194   O3  19  X    1
  2nd closest surface     3.195   O6  19  X    1
  found on step  984
  this is also current point
  no. of rejections          321
 stored as   -15

 highest radius point found:
  at point   37.738  41.797  36.864
  closest atom surface    3.347   O3  19  X    1
  2nd closest surface     3.348   C15 19  X    1
  found on step  147
 current point:
  at point   37.738  41.717  37.118
  closest atom surface    3.299   O3  19  X    1
  2nd closest surface     3.324   O6  19  X    1
  found on step  994
  no. of rejections          291
 stored as   -16

 highest radius point found:
  at point   37.538  41.824  36.789
  closest atom surface    3.509   O3  19  X    1
  2nd closest surface     3.509   C15 19  X    1
  found on step  941
  this is also current point
  no. of rejections          338
 stored as   -17

 highest radius point found:
  at point   37.338  41.852  36.719
  closest atom surface    3.672   O3  19  X    1
  2nd closest surface     3.673   O6  19  X    1
  found on step  947
  this is also current point
  no. of rejections          237
 stored as   -18

 highest radius point found:
  at point   37.138  41.885  36.636
  closest atom surface    3.841   O6  19  X    1
  2nd closest surface     3.841   C15 19  X    1
  found on step  986
  this is also current point
  no. of rejections          286
 stored as   -19

 highest radius point found:
  at point   36.938  42.146  31.496
  closest atom surface    4.787   H16 19  X    1
  2nd closest surface     4.798   H15 19  X    1
  found on step 1000
  this is also current point
  no. of rejections          145
 stored as   -20

 highest radius point found:
  at point   36.738  45.160  23.720
  closest atom surface   11.081   H16 19  X    1
  2nd closest surface    11.081   H15 19  X    1
  found on step  998
  this is also current point
  no. of rejections          231
 stored as   -21

 highest radius point found:
  at point   36.538  46.304  13.618
  closest atom surface   20.457   H16 19  X    1
  2nd closest surface    20.716   H15 19  X    1
  found on step  998
  this is also current point
  no. of rejections          256
 stored as   -22

 highest radius point found:
  at point   36.338  50.132   3.135
  closest atom surface   31.376   H16 19  X    1
  2nd closest surface    31.561   H15 19  X    1
  found on step  998
  this is also current point
  no. of rejections          286
 This is an end! (radius above  22.0 angs)
 
 N.b. Graph information routine (HOGRAP) differs 
        markedly from previous versions!
       Information now is written from -ve end
       to +ve in one pass
 
 Explanation of the meaning of each column: 
 First column "cenxyz.cvec" is the coordinate in the
   direction of the channel vector i.e. if the channel
   vector is in z (0 0 1) then it is the z coordinate.
 The second column "radius" is the hole pore radius 
   (as defined in the Biophys J 1993) article).
 The third column "cen_line_D" is the distance 
   measured along the pore centre line - with the 
   first point found set to zero. This was the first
   thing that I used to measure the distance along a pore
   but "cenxyz.cvec" is a much better general measure. 
   However, by comparing changes in this distance to changes in '   "cenxyz.cvec" one can get a measure of how straight a 
   channel is.
 The fourth column "sum{s/(area)}" is useful in conductance
   prediction -
   basically it is the sum of the thickness of each slab
   divided by its area. HOLE uses this measure to estimate
   the macroscopic conductance of a channel.
 If any of this worries you one can see the "raw" results
   of a standard hole run by producing a sphpdb file and 
    directly looking at the results.
 cenxyz.cvec      radius  cen_line_D sum{s/(area point sourc
    36.53842    20.45747   -31.24357     0.00008   (sampled)
    36.63842    15.65350   -26.15918     0.00021 (mid-point)
    36.73842    11.08128   -21.07479     0.00047   (sampled)
    36.83842     7.50437   -16.90374     0.00103 (mid-point)
    36.93842     4.78676   -12.73270     0.00242   (sampled)
    37.03842     3.83338   -10.15721     0.00459 (mid-point)
    37.13842     3.84064    -7.58172     0.00674   (sampled)
    37.23842     3.75625    -7.47221     0.00900 (mid-point)
    37.33842     3.67244    -7.36269     0.01136   (sampled)
    37.43842     3.59032    -7.25580     0.01383 (mid-point)
    37.53842     3.50911    -7.14891     0.01641   (sampled)
    37.63842     3.42752    -7.04127     0.01912 (mid-point)
    37.73842     3.34691    -6.93364     0.02197   (sampled)
    37.83842     3.26997    -6.82354     0.02494 (mid-point)
    37.93842     3.19431    -6.71345     0.02806   (sampled)
    38.03842     3.11829    -6.60436     0.03134 (mid-point)
    38.13842     3.04333    -6.49526     0.03477   (sampled)
    38.23842     2.97023    -6.38729     0.03838 (mid-point)
    38.33842     2.89827    -6.27933     0.04217   (sampled)
    38.43842     2.82761    -6.16980     0.04615 (mid-point)
    38.53842     2.75854    -6.06027     0.05033   (sampled)
    38.63842     2.66405    -5.58766     0.05482 (mid-point)
    38.73842     2.61957    -5.11504     0.05946   (sampled)
    38.83842     2.56340    -5.00968     0.06430 (mid-point)
    38.93842     2.50849    -4.90433     0.06936   (sampled)
    39.03842     2.45006    -4.79870     0.07466 (mid-point)
    39.13842     2.39223    -4.69307     0.08022   (sampled)
    39.23842     2.33300    -4.56936     0.08607 (mid-point)
    39.33842     2.27655    -4.44565     0.09221   (sampled)
    39.43842     2.21764    -4.16911     0.09869 (mid-point)
    39.53842     2.17094    -3.89256     0.10544   (sampled)
    39.63842     2.12535    -3.77856     0.11249 (mid-point)
    39.73842     2.08269    -3.66456     0.11983   (sampled)
    39.83842     2.03337    -3.56327     0.12753 (mid-point)
    39.93842     1.98565    -3.46199     0.13560   (sampled)
    40.03842     1.93758    -3.35759     0.14408 (mid-point)
    40.13842     1.89183    -3.25319     0.15297   (sampled)
    40.23842     1.83875    -3.15142     0.16239 (mid-point)
    40.33842     1.77875    -3.04966     0.17245   (sampled)
    40.43842     1.66296    -2.52688     0.18396 (mid-point)
    40.53842     1.61978    -2.00410     0.19609   (sampled)
    40.63842     1.58114    -1.90215     0.20882 (mid-point)
    40.73842     1.54414    -1.80021     0.22217   (sampled)
    40.83842     1.36117    -0.90010     0.23935 (mid-point)
    40.93842     1.41675    -0.00000     0.25521   (sampled)
    41.03842     1.37746     0.14748     0.27199 (mid-point)
    41.13842     1.34270     0.29496     0.28964   (sampled)
    41.23842     1.31622     0.59647     0.30802 (mid-point)
    41.33842     1.31098     0.89799     0.32654   (sampled)
    41.43842     1.32581     1.12558     0.34464 (mid-point)
    41.53842     1.35549     1.35317     0.36197   (sampled)
    41.63842     1.34663     1.45336     0.37952 (mid-point)
    41.73842     1.34090     1.55355     0.39723   (sampled)
    41.83842     1.30980     1.66702     0.41578 (mid-point)
    41.93842     1.27753     1.78049     0.43528   (sampled)
    42.03842     1.24112     1.88821     0.45595 (mid-point)
    42.13842     1.20172     1.99594     0.47799   (sampled)
    42.23842     1.16049     2.09938     0.50162 (mid-point)
    42.33842     1.12067     2.20283     0.52697   (sampled)
    42.43842     1.07812     2.30435     0.55435 (mid-point)
    42.53842     1.03686     2.40587     0.58396   (sampled)
    42.63842     0.99352     2.50701     0.61621 (mid-point)
    42.73842     0.95184     2.60814     0.65134   (sampled)
    42.83842     0.89742     3.10388     0.69087 (mid-point)
    42.93842     0.93037     3.59962     0.72764   (sampled)
    43.03842     0.92126     3.70168     0.76515 (mid-point)
    43.13842     0.91547     3.80374     0.80313   (sampled)
    43.23842     0.91308     3.90652     0.84131 (mid-point)
    43.33842     0.91274     4.00930     0.87951   (sampled)
    43.43842     0.89568     4.46784     0.91919 (mid-point)
    43.53842     0.95452     4.92639     0.95413   (sampled)
    43.63842     0.85451     6.52193     0.99772 (mid-point)
    43.73842     1.49580     8.11747     1.01195   (sampled)
    43.83842     1.55996     8.24089     1.02503 (mid-point)
    43.93842     1.62751     8.36432     1.03705   (sampled)
    44.03842     1.68451     8.46637     1.04826 (mid-point)
    44.13842     1.73432     8.56842     1.05885   (sampled)
    44.23842     2.43655    10.91431     1.06421 (mid-point)
    44.33842     4.08445    13.26020     1.06611   (sampled)
    44.43842     9.65869    19.46443     1.06646 (mid-point)
    44.53842    15.66330    25.66866     1.06659   (sampled)

 Minimum radius found:      0.855 angstroms.



 For spherical probe approach, The geometric factor
         F= sum(ds/area) along channel is    1.067 angstroms**-1
 This yields a macroscopic predicted molar conductance of:
   (1/rho)*(100/F)= (94/rho) pS,
   where rho is the conductivity of 1M permeant ion in ohm m.
 N.B. this is a macroscopic conductance - an overestimate 
 Empirically corrected conductances currently only available
 With the CAPSULE option (although its not that stable!)
 For 1M KCl rho= 1/12 (ohm m), So Gmacro= 1100 pS/M.
  (TAG      1   Rmin=     0.85451   Gmacro=  1125.08523 Conn_Gmacro=    -1.00000 ).
 HOLE: normal completion
