 *** Program HOLE ***
 
 If results of this run are reported or published, please
 cite the publication listed below.
 For the HOLE program:
   Smart, O.S., Goodfellow, J.M., Wallace, B.A. (1993). 
   The pore dimensions of gramicidin A. 
   Biophys. J., 65, 2455-2460.
 
 Originally written by Oliver Smart at Birkbeck College from April 1992.
 Copyright 1993-2005 Oliver Smart
 Copyright 2014-2015 SmartSci Limited.
 Copyright 2016 Oliver Smart.
 
 For help on HOLE suite see  http://www.holeprogram.org/
 
 HOLE release 2.2.005 (07 August 2016) 
 
 usage subject to Apache License, Version 2.0 
 see http://www.apache.org/licenses/LICENSE-2.0 

 Control variables read:

! Input file for Oliver Smart's HOLE program
! written by MDAnalysis.analysis.hole2.HoleAnalysis
! for a Universe
! u = mda.Universe(/afs/crc.nd.edu/user/m/mfarshad/Private/ML-new/traj/host-t6n3
!    /afs/crc.nd.edu/user/m/mfarshad/Private/ML-new/traj/host-t6n3/host_t6n3.trr
!   )
! Frame 167

COORD  /tmp/2550322.1.long/tmp2ulo4evl.pdb
RADIUS simple2.rad
SPHPDB hole167.sph
SAMPLE 0.200000
ENDRAD 22.000000
IGNORE SOL WAT TIP HOH K   NA  CL
SHORTO 0
RASEED 31415
CPOINT 29.8697082281 29.7238440275 30.2725826025


 WARNING have not found a CVECT record - will try to guess
 Input pdb filename read as:    '/tmp/2550322.1.long/tmp2ulo4evl.pdb'
 Input vdW radius file read as: 'simple2.rad'
 point in channel:   29.870  29.724  30.273
 channel vector:   ************************
 sampling distance between planes:    0.200

 graphics conditions:
 binary plot output file name: NONE
 Dot density:    10
 Draw dots?           T
 Draw close contacts? F
 Draw centre line?    T
 Produce spikes rather than dots? F
 Seed for random number generator:     31415 (0 means value set by program)
 Radius above which a result is regarded as an 'end':  22.000
 Pdb format file for sphere centres: hole167.sph

 Monte Carlo conditions:
  no of steps:  1000
  maximum displacement   0.100 angs
  'kT' initial   0.100 angs
 The spherebox and capsule options are turned off.
 (No molqpt card so will not write qpt file of the molecule)
 IGNORE card read so will ignore residue types: SOL WAT TIP HOH K   NA  CL
 no SHORTO card read so will produce full textual output
 As no PEGRAT card was found will not produce PEG polymer exclusion graph
 (No 2DMAPS card specified so will not produce 2D property maps)
 Have not found a CUT card.  Normal calculation using
   Cutoff lists with a cutsize=       1.000
   (if you wish to turn off option use a CUT -1 card)

 Have read     7 bond radius records and
              16 vdW radius records.
 From file: simple2.rad

 Have read    80 atom records.
 From file: /tmp/2550322.1.long/tmp2ulo4evl.pdb
 Will not produce graphical output

 Have opened file for pdb format output of sphere centres:  hole167.sph

  Seed integer used by ran # generator on this run      31415

 
 S/R cguess will try to guess CPOINT and/or CVECT
 
 THESE GUESSES MAY WELL BE WRONG!!!!
 Routine relies on having a reasonably symmetric
 channel oriented along x, y or z vector
 YOU ARE STRONGLY ADVISED TO CHECK THE RESULTS
                       WITH MOLECULAR GRAPHICS
 testing points from cpoint in X, Y then Z direction
   point                   pore radius
direction     1
  24.870  29.724  30.273     1.730
  25.870  29.724  30.273     1.532
  26.870  29.724  30.273     0.848
  27.870  29.724  30.273     0.239
  28.870  29.724  30.273    -0.064
  29.870  29.724  30.273     0.055
  30.870  29.724  30.273     0.206
  31.870  29.724  30.273    -0.083
  32.870  29.724  30.273    -0.008
  33.870  29.724  30.273     0.614
  34.870  29.724  30.273     0.995
 Average pore radius along the line=      0.551
direction     2
  29.870  24.724  30.273    -0.207
  29.870  25.724  30.273    -1.108
  29.870  26.724  30.273    -1.215
  29.870  27.724  30.273    -1.160
  29.870  28.724  30.273    -0.614
  29.870  29.724  30.273     0.055
  29.870  30.724  30.273    -0.173
  29.870  31.724  30.273    -0.767
  29.870  32.724  30.273    -1.274
  29.870  33.724  30.273    -1.145
  29.870  34.724  30.273    -1.334
 Average pore radius along the line=     -0.813
direction     3
  29.870  29.724  25.273     0.113
  29.870  29.724  26.273    -0.766
  29.870  29.724  27.273    -1.144
  29.870  29.724  28.273    -0.500
  29.870  29.724  29.273    -0.134
  29.870  29.724  30.273     0.055
  29.870  29.724  31.273    -0.779
  29.870  29.724  32.273    -1.301
  29.870  29.724  33.273    -0.995
  29.870  29.724  34.273    -0.837
  29.870  29.724  35.273    -0.390
 Average pore radius along the line=     -0.607
 Best direction is found to be     1
(1=X,2=Y,3=Z)
 s/r cguess has produced initial values for cpoint &/or cvect:
CPOINT      29.8697     29.7238     30.2726
CVECT        1.0000      0.0000      0.0000
 THESE GUESSES MAY WELL BE WRONG!!!!
 Routine relies on having a reasonably symmetric
 channel oriented along x, y or z vector
 YOU ARE STRONGLY ADVISED TO CHECK THE RESULTS
                       WITH MOLECULAR GRAPHICS
 
 
  Some routines (e.g. conn) need vectors normal to cvect: 
     EAST Zero degrees angle is along vector    0.000   1.000   0.000
     NORTH  90 degrees angle is along vector    0.000   0.000  -1.000
 highest radius point found:
  at point   29.870  30.225  29.990
  closest atom surface    0.394   C11 T6N X    1
  2nd closest surface     0.395   N4  T6N X    1
  found on step  754
 current point:
  at point   29.870  30.221  30.001
  closest atom surface    0.392   C28 T6N X    1
  2nd closest surface     0.393   C11 T6N X    1
  found on step  959
  no. of rejections          410
 stored as     0

 highest radius point found:
  at point   30.070  30.201  29.973
  closest atom surface    0.441   C11 T6N X    1
  2nd closest surface     0.441   C28 T6N X    1
  found on step  816
 current point:
  at point   30.070  30.194  29.986
  closest atom surface    0.438   C11 T6N X    1
  2nd closest surface     0.439   C28 T6N X    1
  found on step  969
  no. of rejections          366
 stored as     1

 highest radius point found:
  at point   30.270  30.182  29.936
  closest atom surface    0.499   N3  T6N X    1
  2nd closest surface     0.499   H44 T6N X    1
  found on step  602
 current point:
  at point   30.270  30.176  29.934
  closest atom surface    0.498   C11 T6N X    1
  2nd closest surface     0.500   N3  T6N X    1
  found on step  947
  no. of rejections          393
 stored as     2

 highest radius point found:
  at point   30.470  30.110  29.893
  closest atom surface    0.533   H44 T6N X    1
  2nd closest surface     0.535   N3  T6N X    1
  found on step  428
 current point:
  at point   30.470  30.110  29.896
  closest atom surface    0.532   N3  T6N X    1
  2nd closest surface     0.535   H44 T6N X    1
  found on step  955
  no. of rejections          385
 stored as     3

 highest radius point found:
  at point   30.670  30.029  29.824
  closest atom surface    0.580   C11 T6N X    1
  2nd closest surface     0.580   C19 T6N X    1
  found on step  988
  this is also current point
  no. of rejections          395
 stored as     4

 highest radius point found:
  at point   30.870  29.926  29.668
  closest atom surface    0.615   H44 T6N X    1
  2nd closest surface     0.616   C11 T6N X    1
  found on step  939
  this is also current point
  no. of rejections          337
 stored as     5

 highest radius point found:
  at point   31.070  29.852  29.512
  closest atom surface    0.670   C19 T6N X    1
  2nd closest surface     0.670   C6  T6N X    1
  found on step  960
  this is also current point
  no. of rejections          356
 stored as     6

 highest radius point found:
  at point   31.270  29.873  29.303
  closest atom surface    0.688   C6  T6N X    1
  2nd closest surface     0.690   H29 T6N X    1
  found on step  920
  this is also current point
  no. of rejections          363
 stored as     7

 highest radius point found:
  at point   31.470  29.938  29.057
  closest atom surface    0.722   H44 T6N X    1
  2nd closest surface     0.746   H29 T6N X    1
  found on step   63
 current point:
  at point   31.470  29.062  30.051
  closest atom surface    0.710   C11 T6N X    1
  2nd closest surface     0.710   C19 T6N X    1
  found on step  947
  no. of rejections          301
 stored as     8

 highest radius point found:
  at point   31.670  29.956  28.847
  closest atom surface    0.838   H29 T6N X    1
  2nd closest surface     0.838   H44 T6N X    1
  found on step  876
  this is also current point
  no. of rejections          336
 stored as     9

 highest radius point found:
  at point   31.870  36.581  21.004
  closest atom surface    7.041   C1  T6N X    1
  2nd closest surface     7.080   H43 T6N X    1
  found on step  999
  this is also current point
  no. of rejections          235
 stored as    10

 highest radius point found:
  at point   32.070  44.614  14.319
  closest atom surface   16.832   C1  T6N X    1
  2nd closest surface    16.853   H43 T6N X    1
  found on step 1000
  this is also current point
  no. of rejections          266
 stored as    11

 highest radius point found:
  at point   32.270  53.679   6.524
  closest atom surface   28.563   C1  T6N X    1
  2nd closest surface    28.628   H43 T6N X    1
  found on step 1000
  this is also current point
  no. of rejections          259
 This is an end! (radius above  22.0 angs)
 highest radius point found:
  at point   29.670  30.245  30.017
  closest atom surface    0.364   C28 T6N X    1
  2nd closest surface     0.364   C11 T6N X    1
  found on step  726
 current point:
  at point   29.670  30.245  30.013
  closest atom surface    0.363   C11 T6N X    1
  2nd closest surface     0.363   N4  T6N X    1
  found on step  928
  no. of rejections          366
 stored as    -1

 highest radius point found:
  at point   29.470  30.264  30.043
  closest atom surface    0.351   C11 T6N X    1
  2nd closest surface     0.352   C28 T6N X    1
  found on step  709
 current point:
  at point   29.470  30.252  30.070
  closest atom surface    0.347   C11 T6N X    1
  2nd closest surface     0.347   C28 T6N X    1
  found on step  995
  no. of rejections          392
 stored as    -2

 highest radius point found:
  at point   29.270  30.285  30.068
  closest atom surface    0.358   C28 T6N X    1
  2nd closest surface     0.359   C11 T6N X    1
  found on step  765
 current point:
  at point   29.270  30.198  30.251
  closest atom surface    0.335   C28 T6N X    1
  2nd closest surface     0.337   C11 T6N X    1
  found on step  999
  no. of rejections          368
 stored as    -3

 highest radius point found:
  at point   29.070  30.295  30.034
  closest atom surface    0.353   N4  T6N X    1
  2nd closest surface     0.357   C11 T6N X    1
  found on step  275
 current point:
  at point   29.070  30.126  30.430
  closest atom surface    0.344   C11 T6N X    1
  2nd closest surface     0.345   H45 T6N X    1
  found on step  935
  no. of rejections          379
 stored as    -4

 highest radius point found:
  at point   28.870  30.066  30.579
  closest atom surface    0.380   H45 T6N X    1
  2nd closest surface     0.381   C11 T6N X    1
  found on step  936
  this is also current point
  no. of rejections          384
 stored as    -5

 highest radius point found:
  at point   28.670  30.022  30.700
  closest atom surface    0.442   C11 T6N X    1
  2nd closest surface     0.443   N3  T6N X    1
  found on step  985
  this is also current point
  no. of rejections          372
 stored as    -6

 highest radius point found:
  at point   28.470  29.992  30.810
  closest atom surface    0.526   N3  T6N X    1
  2nd closest surface     0.531   C11 T6N X    1
  found on step  701
 current point:
  at point   28.470  29.986  30.808
  closest atom surface    0.525   C11 T6N X    1
  2nd closest surface     0.527   N3  T6N X    1
  found on step  991
  no. of rejections          354
 stored as    -7

 highest radius point found:
  at point   28.270  30.009  30.799
  closest atom surface    0.602   C11 T6N X    1
  2nd closest surface     0.602   H45 T6N X    1
  found on step    3
 current point:
  at point   28.270  30.337  29.990
  closest atom surface    0.551   H45 T6N X    1
  2nd closest surface     0.551   C11 T6N X    1
  found on step  990
  no. of rejections          366
 stored as    -8

 highest radius point found:
  at point   28.070  29.957  31.002
  closest atom surface    0.760   C11 T6N X    1
  2nd closest surface     0.761   H45 T6N X    1
  found on step  987
  this is also current point
  no. of rejections          316
 stored as    -9

 highest radius point found:
  at point   27.870  29.996  30.959
  closest atom surface    0.843   H45 T6N X    1
  2nd closest surface     0.844   H16 T6N X    1
  found on step  976
  this is also current point
  no. of rejections          348
 stored as   -10

 highest radius point found:
  at point   27.670  31.684  34.652
  closest atom surface    2.091   O1  T6N X    1
  2nd closest surface     2.124   C28 T6N X    1
  found on step  999
  this is also current point
  no. of rejections          280
 stored as   -11

 highest radius point found:
  at point   27.470  37.501  41.880
  closest atom surface    9.813   H32 T6N X    1
  2nd closest surface     9.819   C21 T6N X    1
  found on step 1000
  this is also current point
  no. of rejections          272
 stored as   -12

 highest radius point found:
  at point   27.270  42.023  50.432
  closest atom surface   18.954   C21 T6N X    1
  2nd closest surface    19.094   O1  T6N X    1
  found on step 1000
  this is also current point
  no. of rejections          247
 stored as   -13

 highest radius point found:
  at point   27.070  45.689  59.592
  closest atom surface   28.611   C21 T6N X    1
  2nd closest surface    28.631   O1  T6N X    1
  found on step  999
  this is also current point
  no. of rejections          266
 This is an end! (radius above  22.0 angs)
 
 N.b. Graph information routine (HOGRAP) differs 
        markedly from previous versions!
       Information now is written from -ve end
       to +ve in one pass
 
 Explanation of the meaning of each column: 
 First column "cenxyz.cvec" is the coordinate in the
   direction of the channel vector i.e. if the channel
   vector is in z (0 0 1) then it is the z coordinate.
 The second column "radius" is the hole pore radius 
   (as defined in the Biophys J 1993) article).
 The third column "cen_line_D" is the distance 
   measured along the pore centre line - with the 
   first point found set to zero. This was the first
   thing that I used to measure the distance along a pore
   but "cenxyz.cvec" is a much better general measure. 
   However, by comparing changes in this distance to changes in '   "cenxyz.cvec" one can get a measure of how straight a 
   channel is.
 The fourth column "sum{s/(area)}" is useful in conductance
   prediction -
   basically it is the sum of the thickness of each slab
   divided by its area. HOLE uses this measure to estimate
   the macroscopic conductance of a channel.
 If any of this worries you one can see the "raw" results
   of a standard hole run by producing a sphpdb file and 
    directly looking at the results.
 cenxyz.cvec      radius  cen_line_D sum{s/(area point sourc
    27.26971    18.95361   -25.62263     0.00009   (sampled)
    27.36971    14.30766   -20.78487     0.00024 (mid-point)
    27.46971     9.81263   -15.94711     0.00057   (sampled)
    27.56971     5.55043   -11.30708     0.00161 (mid-point)
    27.66971     2.09076    -6.66705     0.00889   (sampled)
    27.76971     0.93213    -4.63408     0.04552 (mid-point)
    27.86971     0.84326    -2.60110     0.09029   (sampled)
    27.96971     0.79947    -2.49705     0.14009 (mid-point)
    28.06971     0.76017    -2.39300     0.19518   (sampled)
    28.16971     0.67713    -2.24838     0.26460 (mid-point)
    28.26971     0.60208    -2.10376     0.35241   (sampled)
    28.36971     0.56463    -2.00328     0.45225 (mid-point)
    28.46971     0.52636    -1.90281     0.56714   (sampled)
    28.56971     0.48226    -1.78773     0.70400 (mid-point)
    28.66971     0.44246    -1.67264     0.86660   (sampled)
    28.76971     0.40857    -1.55367     1.05728 (mid-point)
    28.86971     0.38037    -1.43470     1.27729   (sampled)
    28.96971     0.33442    -1.12294     1.56191 (mid-point)
    29.06971     0.35305    -0.81118     1.81728   (sampled)
    29.16971     0.35549    -0.70966     2.06916 (mid-point)
    29.26971     0.35815    -0.60815     2.31731   (sampled)
    29.36971     0.35260    -0.50682     2.57333 (mid-point)
    29.46971     0.35113    -0.40550     2.83151   (sampled)
    29.56971     0.35538    -0.30418     3.08354 (mid-point)
    29.66971     0.36383    -0.20286     3.32401   (sampled)
    29.76971     0.37689    -0.10143     3.54810 (mid-point)
    29.86971     0.39403     0.00000     3.75312   (sampled)
    29.96971     0.41527     0.10105     3.93770 (mid-point)
    30.06971     0.44078     0.20209     4.10154   (sampled)
    30.16971     0.47031     0.30423     4.24545 (mid-point)
    30.26971     0.49854     0.40636     4.37352   (sampled)
    30.36971     0.51217     0.51484     4.49487 (mid-point)
    30.46971     0.53290     0.62331     4.60695   (sampled)
    30.56971     0.55303     0.73656     4.71103 (mid-point)
    30.66971     0.57999     0.84981     4.80566   (sampled)
    30.76971     0.59207     0.98673     4.89646 (mid-point)
    30.86971     0.61468     1.12366     4.98071   (sampled)
    30.96971     0.63928     1.25573     5.05859 (mid-point)
    31.06971     0.66958     1.38779     5.12959   (sampled)
    31.16971     0.67477     1.53286     5.19950 (mid-point)
    31.26971     0.68802     1.67793     5.26674   (sampled)
    31.36971     0.69847     1.83957     5.33199 (mid-point)
    31.46971     0.72168     2.00121     5.39311   (sampled)
    31.56971     0.77510     2.14645     5.44609 (mid-point)
    31.66971     0.83832     2.29170     5.49138   (sampled)
    31.76971     2.78674     7.42608     5.49548 (mid-point)
    31.86971     7.04123    12.56046     5.49612   (sampled)
    31.96971    11.81443    17.78700     5.49635 (mid-point)
    32.06971    16.83188    23.01353     5.49646   (sampled)

 Minimum radius found:      0.334 angstroms.



 For spherical probe approach, The geometric factor
         F= sum(ds/area) along channel is    5.496 angstroms**-1
 This yields a macroscopic predicted molar conductance of:
   (1/rho)*(100/F)= (18/rho) pS,
   where rho is the conductivity of 1M permeant ion in ohm m.
 N.B. this is a macroscopic conductance - an overestimate 
 Empirically corrected conductances currently only available
 With the CAPSULE option (although its not that stable!)
 For 1M KCl rho= 1/12 (ohm m), So Gmacro= 220 pS/M.
  (TAG      1   Rmin=     0.33442   Gmacro=   218.32220 Conn_Gmacro=    -1.00000 ).
 HOLE: normal completion
