 *** Program HOLE ***
 
 If results of this run are reported or published, please
 cite the publication listed below.
 For the HOLE program:
   Smart, O.S., Goodfellow, J.M., Wallace, B.A. (1993). 
   The pore dimensions of gramicidin A. 
   Biophys. J., 65, 2455-2460.
 
 Originally written by Oliver Smart at Birkbeck College from April 1992.
 Copyright 1993-2005 Oliver Smart
 Copyright 2014-2015 SmartSci Limited.
 Copyright 2016 Oliver Smart.
 
 For help on HOLE suite see  http://www.holeprogram.org/
 
 HOLE release 2.2.005 (07 August 2016) 
 
 usage subject to Apache License, Version 2.0 
 see http://www.apache.org/licenses/LICENSE-2.0 

 Control variables read:

! Input file for Oliver Smart's HOLE program
! written by MDAnalysis.analysis.hole2.HoleAnalysis
! for a Universe
! u = mda.Universe(/afs/crc.nd.edu/user/m/mfarshad/Private/ML-new/traj/host-t6n3
!    /afs/crc.nd.edu/user/m/mfarshad/Private/ML-new/traj/host-t6n3/host_t6n3.trr
!   )
! Frame 410

COORD  /tmp/2550322.1.long/tmp_xlnkzkr.pdb
RADIUS simple2.rad
SPHPDB hole410.sph
SAMPLE 0.200000
ENDRAD 22.000000
IGNORE SOL WAT TIP HOH K   NA  CL
SHORTO 0
RASEED 31415
CPOINT 29.8852423906 29.7966007948 30.3205373764


 WARNING have not found a CVECT record - will try to guess
 Input pdb filename read as:    '/tmp/2550322.1.long/tmp_xlnkzkr.pdb'
 Input vdW radius file read as: 'simple2.rad'
 point in channel:   29.885  29.797  30.321
 channel vector:   ************************
 sampling distance between planes:    0.200

 graphics conditions:
 binary plot output file name: NONE
 Dot density:    10
 Draw dots?           T
 Draw close contacts? F
 Draw centre line?    T
 Produce spikes rather than dots? F
 Seed for random number generator:     31415 (0 means value set by program)
 Radius above which a result is regarded as an 'end':  22.000
 Pdb format file for sphere centres: hole410.sph

 Monte Carlo conditions:
  no of steps:  1000
  maximum displacement   0.100 angs
  'kT' initial   0.100 angs
 The spherebox and capsule options are turned off.
 (No molqpt card so will not write qpt file of the molecule)
 IGNORE card read so will ignore residue types: SOL WAT TIP HOH K   NA  CL
 no SHORTO card read so will produce full textual output
 As no PEGRAT card was found will not produce PEG polymer exclusion graph
 (No 2DMAPS card specified so will not produce 2D property maps)
 Have not found a CUT card.  Normal calculation using
   Cutoff lists with a cutsize=       1.000
   (if you wish to turn off option use a CUT -1 card)

 Have read     7 bond radius records and
              16 vdW radius records.
 From file: simple2.rad

 Have read    80 atom records.
 From file: /tmp/2550322.1.long/tmp_xlnkzkr.pdb
 Will not produce graphical output

 Have opened file for pdb format output of sphere centres:  hole410.sph

  Seed integer used by ran # generator on this run      31415

 
 S/R cguess will try to guess CPOINT and/or CVECT
 
 THESE GUESSES MAY WELL BE WRONG!!!!
 Routine relies on having a reasonably symmetric
 channel oriented along x, y or z vector
 YOU ARE STRONGLY ADVISED TO CHECK THE RESULTS
                       WITH MOLECULAR GRAPHICS
 testing points from cpoint in X, Y then Z direction
   point                   pore radius
direction     1
  24.885  29.797  30.321     1.604
  25.885  29.797  30.321     1.392
  26.885  29.797  30.321     1.055
  27.885  29.797  30.321     0.209
  28.885  29.797  30.321    -0.163
  29.885  29.797  30.321    -0.155
  30.885  29.797  30.321     0.154
  31.885  29.797  30.321    -0.059
  32.885  29.797  30.321     0.084
  33.885  29.797  30.321     0.611
  34.885  29.797  30.321     0.895
 Average pore radius along the line=      0.511
direction     2
  29.885  24.797  30.321    -0.194
  29.885  25.797  30.321    -1.023
  29.885  26.797  30.321    -1.151
  29.885  27.797  30.321    -1.373
  29.885  28.797  30.321    -0.849
  29.885  29.797  30.321    -0.155
  29.885  30.797  30.321    -0.122
  29.885  31.797  30.321    -0.692
  29.885  32.797  30.321    -1.249
  29.885  33.797  30.321    -1.182
  29.885  34.797  30.321    -1.129
 Average pore radius along the line=     -0.829
direction     3
  29.885  29.797  25.321    -0.002
  29.885  29.797  26.321    -0.909
  29.885  29.797  27.321    -1.253
  29.885  29.797  28.321    -0.498
  29.885  29.797  29.321    -0.320
  29.885  29.797  30.321    -0.155
  29.885  29.797  31.321    -0.725
  29.885  29.797  32.321    -1.164
  29.885  29.797  33.321    -0.984
  29.885  29.797  34.321    -0.764
  29.885  29.797  35.321    -0.315
 Average pore radius along the line=     -0.645
 Best direction is found to be     1
(1=X,2=Y,3=Z)
 s/r cguess has produced initial values for cpoint &/or cvect:
CPOINT      29.8852     29.7966     30.3205
CVECT        1.0000      0.0000      0.0000
 THESE GUESSES MAY WELL BE WRONG!!!!
 Routine relies on having a reasonably symmetric
 channel oriented along x, y or z vector
 YOU ARE STRONGLY ADVISED TO CHECK THE RESULTS
                       WITH MOLECULAR GRAPHICS
 
 
  Some routines (e.g. conn) need vectors normal to cvect: 
     EAST Zero degrees angle is along vector    0.000   1.000   0.000
     NORTH  90 degrees angle is along vector    0.000   0.000  -1.000
 highest radius point found:
  at point   29.885  30.467  29.979
  closest atom surface    0.350   C28 T6N X    1
  2nd closest surface     0.351   C11 T6N X    1
  found on step  764
 current point:
  at point   29.885  30.464  29.985
  closest atom surface    0.348   C28 T6N X    1
  2nd closest surface     0.349   C11 T6N X    1
  found on step  908
  no. of rejections          418
 stored as     0

 highest radius point found:
  at point   30.085  30.444  29.981
  closest atom surface    0.381   H44 T6N X    1
  2nd closest surface     0.381   C11 T6N X    1
  found on step  978
  this is also current point
  no. of rejections          376
 stored as     1

 highest radius point found:
  at point   30.285  30.415  29.997
  closest atom surface    0.426   C11 T6N X    1
  2nd closest surface     0.426   C28 T6N X    1
  found on step  904
  this is also current point
  no. of rejections          415
 stored as     2

 highest radius point found:
  at point   30.485  30.388  29.986
  closest atom surface    0.482   C18 T6N X    1
  2nd closest surface     0.484   H44 T6N X    1
  found on step  951
  this is also current point
  no. of rejections          387
 stored as     3

 highest radius point found:
  at point   30.685  30.324  29.894
  closest atom surface    0.514   C19 T6N X    1
  2nd closest surface     0.514   C11 T6N X    1
  found on step  945
  this is also current point
  no. of rejections          376
 stored as     4

 highest radius point found:
  at point   30.885  30.235  29.730
  closest atom surface    0.541   C11 T6N X    1
  2nd closest surface     0.541   C19 T6N X    1
  found on step  869
 current point:
  at point   30.885  30.238  29.727
  closest atom surface    0.538   H44 T6N X    1
  2nd closest surface     0.542   C19 T6N X    1
  found on step  978
  no. of rejections          369
 stored as     5

 highest radius point found:
  at point   31.085  30.125  29.481
  closest atom surface    0.582   H29 T6N X    1
  2nd closest surface     0.583   C11 T6N X    1
  found on step  962
  this is also current point
  no. of rejections          349
 stored as     6

 highest radius point found:
  at point   31.285  30.118  29.234
  closest atom surface    0.636   C6  T6N X    1
  2nd closest surface     0.637   H29 T6N X    1
  found on step  980
  this is also current point
  no. of rejections          355
 stored as     7

 highest radius point found:
  at point   31.485  30.175  29.003
  closest atom surface    0.715   C6  T6N X    1
  2nd closest surface     0.716   H29 T6N X    1
  found on step  969
  this is also current point
  no. of rejections          325
 stored as     8

 highest radius point found:
  at point   31.685  30.121  28.863
  closest atom surface    0.767   C6  T6N X    1
  2nd closest surface     0.791   H29 T6N X    1
  found on step   12
 current point:
  at point   31.685  29.365  29.644
  closest atom surface    0.636   C11 T6N X    1
  2nd closest surface     0.637   H29 T6N X    1
  found on step  986
  no. of rejections          318
 stored as     9

 highest radius point found:
  at point   31.885  30.372  28.549
  closest atom surface    0.986   H44 T6N X    1
  2nd closest surface     0.986   C5  T6N X    1
  found on step  898
  this is also current point
  no. of rejections          312
 stored as    10

 highest radius point found:
  at point   32.085  30.696  28.368
  closest atom surface    1.124   H10 T6N X    1
  2nd closest surface     1.124   H44 T6N X    1
  found on step  736
 current point:
  at point   32.085  30.707  28.362
  closest atom surface    1.124   H44 T6N X    1
  2nd closest surface     1.125   H10 T6N X    1
  found on step  990
  no. of rejections          349
 stored as    11

 highest radius point found:
  at point   32.285  30.710  28.271
  closest atom surface    1.222   H38 T6N X    1
  2nd closest surface     1.223   H10 T6N X    1
  found on step  828
 current point:
  at point   32.285  30.706  28.268
  closest atom surface    1.221   H10 T6N X    1
  2nd closest surface     1.227   H38 T6N X    1
  found on step  909
  no. of rejections          346
 stored as    12

 highest radius point found:
  at point   32.485  31.362  27.192
  closest atom surface    1.375   H10 T6N X    1
  2nd closest surface     1.451   H38 T6N X    1
  found on step  259
 current point:
  at point   32.485  30.669  28.188
  closest atom surface    1.329   H10 T6N X    1
  2nd closest surface     1.330   H29 T6N X    1
  found on step  967
  no. of rejections          339
 stored as    13

 highest radius point found:
  at point   32.685  33.943  22.531
  closest atom surface    5.262   C27 T6N X    1
  2nd closest surface     5.315   C5  T6N X    1
  found on step 1000
  this is also current point
  no. of rejections          267
 stored as    14

 highest radius point found:
  at point   32.885  41.414  15.221
  closest atom surface   14.160   C1  T6N X    1
  2nd closest surface    14.393   H2  T6N X    1
  found on step  999
  this is also current point
  no. of rejections          225
 stored as    15

 highest radius point found:
  at point   33.085  49.683   7.717
  closest atom surface   24.926   C1  T6N X    1
  2nd closest surface    25.079   H3  T6N X    1
  found on step 1000
  this is also current point
  no. of rejections          252
 This is an end! (radius above  22.0 angs)
 highest radius point found:
  at point   29.685  30.472  30.013
  closest atom surface    0.326   C28 T6N X    1
  2nd closest surface     0.328   C11 T6N X    1
  found on step  980
  this is also current point
  no. of rejections          400
 stored as    -1

 highest radius point found:
  at point   29.485  30.482  30.031
  closest atom surface    0.326   N4  T6N X    1
  2nd closest surface     0.327   C11 T6N X    1
  found on step  322
 current point:
  at point   29.485  30.476  30.053
  closest atom surface    0.319   C28 T6N X    1
  2nd closest surface     0.325   C11 T6N X    1
  found on step  974
  no. of rejections          382
 stored as    -2

 highest radius point found:
  at point   29.285  30.490  30.061
  closest atom surface    0.342   C28 T6N X    1
  2nd closest surface     0.343   C11 T6N X    1
  found on step  830
 current point:
  at point   29.285  30.487  30.063
  closest atom surface    0.341   C11 T6N X    1
  2nd closest surface     0.343   C28 T6N X    1
  found on step  957
  no. of rejections          398
 stored as    -3

 highest radius point found:
  at point   29.085  30.480  30.049
  closest atom surface    0.344   H15 T6N X    1
  2nd closest surface     0.350   H45 T6N X    1
  found on step  561
 current point:
  at point   29.085  30.215  30.648
  closest atom surface    0.328   C11 T6N X    1
  2nd closest surface     0.328   H45 T6N X    1
  found on step  967
  no. of rejections          366
 stored as    -4

 highest radius point found:
  at point   28.885  30.523  30.023
  closest atom surface    0.346   H45 T6N X    1
  2nd closest surface     0.346   H15 T6N X    1
  found on step  891
  this is also current point
  no. of rejections          389
 stored as    -5

 highest radius point found:
  at point   28.685  30.555  30.003
  closest atom surface    0.370   N4  T6N X    1
  2nd closest surface     0.370   H15 T6N X    1
  found on step  842
 current point:
  at point   28.685  30.548  30.023
  closest atom surface    0.367   H15 T6N X    1
  2nd closest surface     0.367   H45 T6N X    1
  found on step  991
  no. of rejections          394
 stored as    -6

 highest radius point found:
  at point   28.485  30.585  29.999
  closest atom surface    0.424   H45 T6N X    1
  2nd closest surface     0.425   N4  T6N X    1
  found on step  956
  this is also current point
  no. of rejections          379
 stored as    -7

 highest radius point found:
  at point   28.285  30.040  31.107
  closest atom surface    0.673   N3  T6N X    1
  2nd closest surface     0.674   H45 T6N X    1
  found on step  938
  this is also current point
  no. of rejections          333
 stored as    -8

 highest radius point found:
  at point   28.085  30.043  31.152
  closest atom surface    0.778   H45 T6N X    1
  2nd closest surface     0.780   H15 T6N X    1
  found on step  352
 current point:
  at point   28.085  30.094  31.327
  closest atom surface    0.769   H45 T6N X    1
  2nd closest surface     0.770   H16 T6N X    1
  found on step  910
  no. of rejections          363
 stored as    -9

 highest radius point found:
  at point   27.885  30.242  31.827
  closest atom surface    0.869   C28 T6N X    1
  2nd closest surface     0.869   H16 T6N X    1
  found on step  308
 current point:
  at point   27.885  30.222  31.631
  closest atom surface    0.861   C28 T6N X    1
  2nd closest surface     0.862   H16 T6N X    1
  found on step  935
  no. of rejections          367
 stored as   -10

 highest radius point found:
  at point   27.685  32.904  36.301
  closest atom surface    3.358   O1  T6N X    1
  2nd closest surface     3.360   H46 T6N X    1
  found on step 1000
  this is also current point
  no. of rejections          267
 stored as   -11

 highest radius point found:
  at point   27.485  37.880  43.966
  closest atom surface   11.517   H31 T6N X    1
  2nd closest surface    11.558   C21 T6N X    1
  found on step  994
  this is also current point
  no. of rejections          248
 stored as   -12

 highest radius point found:
  at point   27.285  43.023  53.289
  closest atom surface   21.694   C21 T6N X    1
  2nd closest surface    21.779   H31 T6N X    1
  found on step  997
  this is also current point
  no. of rejections          270
 stored as   -13

 highest radius point found:
  at point   27.085  47.322  63.237
  closest atom surface   32.354   C21 T6N X    1
  2nd closest surface    32.489   H31 T6N X    1
  found on step  998
  this is also current point
  no. of rejections          267
 This is an end! (radius above  22.0 angs)
 
 N.b. Graph information routine (HOGRAP) differs 
        markedly from previous versions!
       Information now is written from -ve end
       to +ve in one pass
 
 Explanation of the meaning of each column: 
 First column "cenxyz.cvec" is the coordinate in the
   direction of the channel vector i.e. if the channel
   vector is in z (0 0 1) then it is the z coordinate.
 The second column "radius" is the hole pore radius 
   (as defined in the Biophys J 1993) article).
 The third column "cen_line_D" is the distance 
   measured along the pore centre line - with the 
   first point found set to zero. This was the first
   thing that I used to measure the distance along a pore
   but "cenxyz.cvec" is a much better general measure. 
   However, by comparing changes in this distance to changes in '   "cenxyz.cvec" one can get a measure of how straight a 
   channel is.
 The fourth column "sum{s/(area)}" is useful in conductance
   prediction -
   basically it is the sum of the thickness of each slab
   divided by its area. HOLE uses this measure to estimate
   the macroscopic conductance of a channel.
 If any of this worries you one can see the "raw" results
   of a standard hole run by producing a sphpdb file and 
    directly looking at the results.
 cenxyz.cvec      radius  cen_line_D sum{s/(area point sourc
    27.28524    21.69353   -28.60654     0.00007   (sampled)
    27.38524    16.55316   -23.28170     0.00018 (mid-point)
    27.48524    11.51710   -17.95687     0.00042   (sampled)
    27.58524     7.24373   -13.38670     0.00103 (mid-point)
    27.68524     3.35842    -8.81653     0.00385   (sampled)
    27.78524     1.51391    -6.21154     0.01774 (mid-point)
    27.88524     0.86912    -3.60655     0.05988   (sampled)
    27.98524     0.78927    -3.24070     0.11098 (mid-point)
    28.08524     0.77803    -2.87485     0.16356   (sampled)
    28.18524     0.72387    -2.77233     0.22431 (mid-point)
    28.28524     0.67267    -2.66981     0.29466   (sampled)
    28.38524     0.42301    -2.04438     0.47255 (mid-point)
    28.48524     0.42448    -1.41894     0.64921   (sampled)
    28.58524     0.39412    -1.31782     0.85413 (mid-point)
    28.68524     0.37017    -1.21669     1.08643   (sampled)
    28.78524     0.35436    -1.11487     1.33993 (mid-point)
    28.88524     0.34560    -1.01304     1.60642   (sampled)
    28.98524     0.34084    -0.91002     1.88042 (mid-point)
    29.08524     0.34374    -0.80699     2.14981   (sampled)
    29.18524     0.34497    -0.70670     2.41729 (mid-point)
    29.28524     0.34241    -0.60640     2.68877   (sampled)
    29.38524     0.33233    -0.50524     2.97698 (mid-point)
    29.48524     0.32643    -0.40407     3.27570   (sampled)
    29.58524     0.32466    -0.30353     3.57769 (mid-point)
    29.68524     0.32641    -0.20299     3.87644   (sampled)
    29.78524     0.33577    -0.10149     4.15878 (mid-point)
    29.88524     0.34977     0.00000     4.41896   (sampled)
    29.98524     0.36341     0.10065     4.65999 (mid-point)
    30.08524     0.38070     0.20131     4.87962   (sampled)
    30.18524     0.40134     0.30273     5.07723 (mid-point)
    30.28524     0.42576     0.40416     5.25283   (sampled)
    30.38524     0.45308     0.50520     5.40789 (mid-point)
    30.48524     0.48228     0.60624     5.54474   (sampled)
    30.58524     0.49483     0.72080     5.67474 (mid-point)
    30.68524     0.51424     0.83537     5.79511   (sampled)
    30.78524     0.52166     0.97217     5.91207 (mid-point)
    30.88524     0.54078     1.10896     6.02092   (sampled)
    30.98524     0.55382     1.27786     6.12470 (mid-point)
    31.08524     0.58197     1.44675     6.21868   (sampled)
    31.18524     0.60201     1.60566     6.30651 (mid-point)
    31.28524     0.63585     1.76457     6.38524   (sampled)
    31.38524     0.66972     1.91999     6.45621 (mid-point)
    31.48524     0.71484     2.07542     6.51850   (sampled)
    31.58524     0.73808     2.20054     6.57693 (mid-point)
    31.68524     0.76709     2.32566     6.63103   (sampled)
    31.78524     0.88012     2.55008     6.67212 (mid-point)
    31.88524     0.98587     2.77450     6.70487   (sampled)
    31.98524     1.04543     2.98552     6.73400 (mid-point)
    32.08524     1.12406     3.19654     6.75919   (sampled)
    32.18524     1.17142     3.30783     6.78238 (mid-point)
    32.28524     1.22230     3.41911     6.80369   (sampled)
    32.38524     1.21019     4.05710     6.82542 (mid-point)
    32.48524     1.37502     4.69508     6.84226   (sampled)
    32.58524     3.02097     7.36093     6.84575 (mid-point)
    32.68524     5.26235    10.02678     6.84690   (sampled)
    32.78524     9.40466    15.25389     6.84726 (mid-point)
    32.88524    14.15968    20.48101     6.84742   (sampled)

 Minimum radius found:      0.325 angstroms.



 For spherical probe approach, The geometric factor
         F= sum(ds/area) along channel is    6.847 angstroms**-1
 This yields a macroscopic predicted molar conductance of:
   (1/rho)*(100/F)= (15/rho) pS,
   where rho is the conductivity of 1M permeant ion in ohm m.
 N.B. this is a macroscopic conductance - an overestimate 
 Empirically corrected conductances currently only available
 With the CAPSULE option (although its not that stable!)
 For 1M KCl rho= 1/12 (ohm m), So Gmacro= 180 pS/M.
  (TAG      1   Rmin=     0.32466   Gmacro=   175.24860 Conn_Gmacro=    -1.00000 ).
 HOLE: normal completion
