 *** Program HOLE ***
 
 If results of this run are reported or published, please
 cite the publication listed below.
 For the HOLE program:
   Smart, O.S., Goodfellow, J.M., Wallace, B.A. (1993). 
   The pore dimensions of gramicidin A. 
   Biophys. J., 65, 2455-2460.
 
 Originally written by Oliver Smart at Birkbeck College from April 1992.
 Copyright 1993-2005 Oliver Smart
 Copyright 2014-2015 SmartSci Limited.
 Copyright 2016 Oliver Smart.
 
 For help on HOLE suite see  http://www.holeprogram.org/
 
 HOLE release 2.2.005 (07 August 2016) 
 
 usage subject to Apache License, Version 2.0 
 see http://www.apache.org/licenses/LICENSE-2.0 

 Control variables read:

! Input file for Oliver Smart's HOLE program
! written by MDAnalysis.analysis.hole2.HoleAnalysis
! for a Universe
! u = mda.Universe(/afs/crc.nd.edu/user/m/mfarshad/Private/ML-new/traj/host-t6n3
!    /afs/crc.nd.edu/user/m/mfarshad/Private/ML-new/traj/host-t6n3/host_t6n3.trr
!   )
! Frame 56

COORD  /tmp/2550322.1.long/tmp5woj9ujq.pdb
RADIUS simple2.rad
SPHPDB hole056.sph
SAMPLE 0.200000
ENDRAD 22.000000
IGNORE SOL WAT TIP HOH K   NA  CL
SHORTO 0
RASEED 31415
CPOINT 29.8897350788 29.7410527229 30.1922751188


 WARNING have not found a CVECT record - will try to guess
 Input pdb filename read as:    '/tmp/2550322.1.long/tmp5woj9ujq.pdb'
 Input vdW radius file read as: 'simple2.rad'
 point in channel:   29.890  29.741  30.192
 channel vector:   ************************
 sampling distance between planes:    0.200

 graphics conditions:
 binary plot output file name: NONE
 Dot density:    10
 Draw dots?           T
 Draw close contacts? F
 Draw centre line?    T
 Produce spikes rather than dots? F
 Seed for random number generator:     31415 (0 means value set by program)
 Radius above which a result is regarded as an 'end':  22.000
 Pdb format file for sphere centres: hole056.sph

 Monte Carlo conditions:
  no of steps:  1000
  maximum displacement   0.100 angs
  'kT' initial   0.100 angs
 The spherebox and capsule options are turned off.
 (No molqpt card so will not write qpt file of the molecule)
 IGNORE card read so will ignore residue types: SOL WAT TIP HOH K   NA  CL
 no SHORTO card read so will produce full textual output
 As no PEGRAT card was found will not produce PEG polymer exclusion graph
 (No 2DMAPS card specified so will not produce 2D property maps)
 Have not found a CUT card.  Normal calculation using
   Cutoff lists with a cutsize=       1.000
   (if you wish to turn off option use a CUT -1 card)

 Have read     7 bond radius records and
              16 vdW radius records.
 From file: simple2.rad

 Have read    80 atom records.
 From file: /tmp/2550322.1.long/tmp5woj9ujq.pdb
 Will not produce graphical output

 Have opened file for pdb format output of sphere centres:  hole056.sph

  Seed integer used by ran # generator on this run      31415

 
 S/R cguess will try to guess CPOINT and/or CVECT
 
 THESE GUESSES MAY WELL BE WRONG!!!!
 Routine relies on having a reasonably symmetric
 channel oriented along x, y or z vector
 YOU ARE STRONGLY ADVISED TO CHECK THE RESULTS
                       WITH MOLECULAR GRAPHICS
 testing points from cpoint in X, Y then Z direction
   point                   pore radius
direction     1
  24.890  29.741  30.192     1.812
  25.890  29.741  30.192     1.618
  26.890  29.741  30.192     0.957
  27.890  29.741  30.192     0.192
  28.890  29.741  30.192    -0.076
  29.890  29.741  30.192     0.027
  30.890  29.741  30.192     0.159
  31.890  29.741  30.192     0.123
  32.890  29.741  30.192     0.072
  33.890  29.741  30.192     0.652
  34.890  29.741  30.192     1.167
 Average pore radius along the line=      0.609
direction     2
  29.890  24.741  30.192    -0.381
  29.890  25.741  30.192    -1.331
  29.890  26.741  30.192    -1.234
  29.890  27.741  30.192    -1.162
  29.890  28.741  30.192    -0.615
  29.890  29.741  30.192     0.027
  29.890  30.741  30.192    -0.240
  29.890  31.741  30.192    -0.790
  29.890  32.741  30.192    -1.303
  29.890  33.741  30.192    -1.019
  29.890  34.741  30.192    -1.444
 Average pore radius along the line=     -0.863
direction     3
  29.890  29.741  25.192    -0.001
  29.890  29.741  26.192    -0.858
  29.890  29.741  27.192    -1.108
  29.890  29.741  28.192    -0.395
  29.890  29.741  29.192    -0.197
  29.890  29.741  30.192     0.027
  29.890  29.741  31.192    -0.678
  29.890  29.741  32.192    -1.108
  29.890  29.741  33.192    -0.953
  29.890  29.741  34.192    -0.665
  29.890  29.741  35.192    -0.243
 Average pore radius along the line=     -0.562
 Best direction is found to be     1
(1=X,2=Y,3=Z)
 s/r cguess has produced initial values for cpoint &/or cvect:
CPOINT      29.8897     29.7411     30.1923
CVECT        1.0000      0.0000      0.0000
 THESE GUESSES MAY WELL BE WRONG!!!!
 Routine relies on having a reasonably symmetric
 channel oriented along x, y or z vector
 YOU ARE STRONGLY ADVISED TO CHECK THE RESULTS
                       WITH MOLECULAR GRAPHICS
 
 
  Some routines (e.g. conn) need vectors normal to cvect: 
     EAST Zero degrees angle is along vector    0.000   1.000   0.000
     NORTH  90 degrees angle is along vector    0.000   0.000  -1.000
 highest radius point found:
  at point   29.890  30.211  29.941
  closest atom surface    0.333   C11 T6N X    1
  2nd closest surface     0.333   C28 T6N X    1
  found on step  826
 current point:
  at point   29.890  30.202  29.957
  closest atom surface    0.330   C28 T6N X    1
  2nd closest surface     0.330   C11 T6N X    1
  found on step  897
  no. of rejections          411
 stored as     0

 highest radius point found:
  at point   30.090  30.189  29.909
  closest atom surface    0.376   N4  T6N X    1
  2nd closest surface     0.376   C11 T6N X    1
  found on step  928
  this is also current point
  no. of rejections          389
 stored as     1

 highest radius point found:
  at point   30.290  30.165  29.879
  closest atom surface    0.435   C11 T6N X    1
  2nd closest surface     0.436   N4  T6N X    1
  found on step  980
  this is also current point
  no. of rejections          404
 stored as     2

 highest radius point found:
  at point   30.490  30.141  29.831
  closest atom surface    0.500   N4  T6N X    1
  2nd closest surface     0.501   N3  T6N X    1
  found on step  965
  this is also current point
  no. of rejections          384
 stored as     3

 highest radius point found:
  at point   30.690  30.099  29.757
  closest atom surface    0.574   C11 T6N X    1
  2nd closest surface     0.575   N4  T6N X    1
  found on step  791
 current point:
  at point   30.690  30.104  29.760
  closest atom surface    0.573   N3  T6N X    1
  2nd closest surface     0.574   N4  T6N X    1
  found on step  923
  no. of rejections          411
 stored as     4

 highest radius point found:
  at point   30.890  30.070  29.690
  closest atom surface    0.661   H44 T6N X    1
  2nd closest surface     0.662   N3  T6N X    1
  found on step  881
  this is also current point
  no. of rejections          360
 stored as     5

 highest radius point found:
  at point   31.090  29.990  29.641
  closest atom surface    0.743   N3  T6N X    1
  2nd closest surface     0.743   H44 T6N X    1
  found on step  921
  this is also current point
  no. of rejections          359
 stored as     6

 highest radius point found:
  at point   31.290  29.875  29.504
  closest atom surface    0.809   C11 T6N X    1
  2nd closest surface     0.810   H44 T6N X    1
  found on step  793
 current point:
  at point   31.290  29.878  29.505
  closest atom surface    0.809   H44 T6N X    1
  2nd closest surface     0.809   H29 T6N X    1
  found on step  983
  no. of rejections          335
 stored as     7

 highest radius point found:
  at point   31.490  29.844  29.326
  closest atom surface    0.834   C6  T6N X    1
  2nd closest surface     0.834   H29 T6N X    1
  found on step  923
  this is also current point
  no. of rejections          352
 stored as     8

 highest radius point found:
  at point   31.690  29.867  29.138
  closest atom surface    0.881   H44 T6N X    1
  2nd closest surface     0.883   H29 T6N X    1
  found on step  371
 current point:
  at point   31.690  28.614  30.150
  closest atom surface    0.806   C11 T6N X    1
  2nd closest surface     0.807   N3  T6N X    1
  found on step  996
  no. of rejections          328
 stored as     9

 highest radius point found:
  at point   31.890  29.873  28.956
  closest atom surface    0.967   C6  T6N X    1
  2nd closest surface     0.967   H44 T6N X    1
  found on step  713
 current point:
  at point   31.890  29.872  28.960
  closest atom surface    0.966   H29 T6N X    1
  2nd closest surface     0.967   C6  T6N X    1
  found on step  995
  no. of rejections          356
 stored as    10

 highest radius point found:
  at point   32.090  29.900  28.780
  closest atom surface    1.076   H29 T6N X    1
  2nd closest surface     1.077   H44 T6N X    1
  found on step  997
  this is also current point
  no. of rejections          317
 stored as    11

 highest radius point found:
  at point   32.290  29.930  28.599
  closest atom surface    1.212   H44 T6N X    1
  2nd closest surface     1.212   C6  T6N X    1
  found on step  700
 current point:
  at point   32.290  29.933  28.603
  closest atom surface    1.209   H29 T6N X    1
  2nd closest surface     1.211   H44 T6N X    1
  found on step  888
  no. of rejections          333
 stored as    12

 highest radius point found:
  at point   32.490  29.970  28.422
  closest atom surface    1.367   H44 T6N X    1
  2nd closest surface     1.369   H29 T6N X    1
  found on step  964
  this is also current point
  no. of rejections          318
 stored as    13

 highest radius point found:
  at point   32.690  29.902  28.339
  closest atom surface    1.478   H10 T6N X    1
  2nd closest surface     1.478   H29 T6N X    1
  found on step  945
  this is also current point
  no. of rejections          364
 stored as    14

 highest radius point found:
  at point   32.890  29.822  28.259
  closest atom surface    1.603   H29 T6N X    1
  2nd closest surface     1.604   C6  T6N X    1
  found on step  894
  this is also current point
  no. of rejections          315
 stored as    15

 highest radius point found:
  at point   33.090  29.767  28.173
  closest atom surface    1.740   H29 T6N X    1
  2nd closest surface     1.740   H10 T6N X    1
  found on step  808
 current point:
  at point   33.090  29.786  28.168
  closest atom surface    1.738   H10 T6N X    1
  2nd closest surface     1.739   H29 T6N X    1
  found on step  894
  no. of rejections          315
 stored as    16

 highest radius point found:
  at point   33.290  29.698  28.089
  closest atom surface    1.888   H10 T6N X    1
  2nd closest surface     1.889   C6  T6N X    1
  found on step  983
  this is also current point
  no. of rejections          312
 stored as    17

 highest radius point found:
  at point   33.490  29.648  28.004
  closest atom surface    2.045   H10 T6N X    1
  2nd closest surface     2.045   C5  T6N X    1
  found on step  982
  this is also current point
  no. of rejections          306
 stored as    18

 highest radius point found:
  at point   33.690  34.775  21.295
  closest atom surface    6.647   H2  T6N X    1
  2nd closest surface     6.839   C1  T6N X    1
  found on step  998
  this is also current point
  no. of rejections          175
 stored as    19

 highest radius point found:
  at point   33.890  42.096  14.979
  closest atom surface   15.022   C1  T6N X    1
  2nd closest surface    15.061   H2  T6N X    1
  found on step 1000
  this is also current point
  no. of rejections          236
 stored as    20

 highest radius point found:
  at point   34.090  51.813   8.965
  closest atom surface   25.863   H39 T6N X    1
  2nd closest surface    25.895   H43 T6N X    1
  found on step  999
  this is also current point
  no. of rejections          228
 This is an end! (radius above  22.0 angs)
 highest radius point found:
  at point   29.690  30.227  29.940
  closest atom surface    0.281   H45 T6N X    1
  2nd closest surface     0.293   C11 T6N X    1
  found on step  560
 current point:
  at point   29.690  30.194  29.990
  closest atom surface    0.278   C11 T6N X    1
  2nd closest surface     0.279   H45 T6N X    1
  found on step  990
  no. of rejections          368
 stored as    -1

 highest radius point found:
  at point   29.490  30.232  29.911
  closest atom surface    0.253   C11 T6N X    1
  2nd closest surface     0.255   H45 T6N X    1
  found on step  533
 current point:
  at point   29.490  30.224  29.922
  closest atom surface    0.249   C11 T6N X    1
  2nd closest surface     0.254   H45 T6N X    1
  found on step  983
  no. of rejections          387
 stored as    -2

 highest radius point found:
  at point   29.290  30.246  29.896
  closest atom surface    0.243   N4  T6N X    1
  2nd closest surface     0.243   C11 T6N X    1
  found on step  940
  this is also current point
  no. of rejections          418
 stored as    -3

 highest radius point found:
  at point   29.090  30.262  29.894
  closest atom surface    0.258   N4  T6N X    1
  2nd closest surface     0.259   H45 T6N X    1
  found on step  720
 current point:
  at point   29.090  30.257  29.902
  closest atom surface    0.257   C11 T6N X    1
  2nd closest surface     0.258   H45 T6N X    1
  found on step  969
  no. of rejections          391
 stored as    -4

 highest radius point found:
  at point   28.890  29.923  30.709
  closest atom surface    0.362   H45 T6N X    1
  2nd closest surface     0.363   N3  T6N X    1
  found on step  704
 current point:
  at point   28.890  29.915  30.713
  closest atom surface    0.360   N3  T6N X    1
  2nd closest surface     0.365   C11 T6N X    1
  found on step  933
  no. of rejections          380
 stored as    -5

 highest radius point found:
  at point   28.690  29.905  30.814
  closest atom surface    0.458   N3  T6N X    1
  2nd closest surface     0.459   C11 T6N X    1
  found on step  930
  this is also current point
  no. of rejections          393
 stored as    -6

 highest radius point found:
  at point   28.490  29.930  30.850
  closest atom surface    0.544   H45 T6N X    1
  2nd closest surface     0.545   H16 T6N X    1
  found on step  946
  this is also current point
  no. of rejections          368
 stored as    -7

 highest radius point found:
  at point   28.290  29.995  30.782
  closest atom surface    0.607   H45 T6N X    1
  2nd closest surface     0.617   H16 T6N X    1
  found on step  454
 current point:
  at point   28.290  30.235  31.581
  closest atom surface    0.553   H16 T6N X    1
  2nd closest surface     0.553   C28 T6N X    1
  found on step  966
  no. of rejections          347
 stored as    -8

 highest radius point found:
  at point   28.090  30.366  31.901
  closest atom surface    0.670   C28 T6N X    1
  2nd closest surface     0.688   H16 T6N X    1
  found on step  517
 current point:
  at point   28.090  30.247  31.184
  closest atom surface    0.654   H45 T6N X    1
  2nd closest surface     0.656   H16 T6N X    1
  found on step  970
  no. of rejections          353
 stored as    -9

 highest radius point found:
  at point   27.890  35.127  38.596
  closest atom surface    6.108   H33 T6N X    1
  2nd closest surface     6.139   O1  T6N X    1
  found on step  997
  this is also current point
  no. of rejections          262
 stored as   -10

 highest radius point found:
  at point   27.690  39.163  48.182
  closest atom surface   15.673   C21 T6N X    1
  2nd closest surface    15.691   O1  T6N X    1
  found on step 1000
  this is also current point
  no. of rejections          275
 stored as   -11

 highest radius point found:
  at point   27.490  43.859  58.037
  closest atom surface   26.295   C21 T6N X    1
  2nd closest surface    26.361   C16 T6N X    1
  found on step 1000
  this is also current point
  no. of rejections          260
 This is an end! (radius above  22.0 angs)
 
 N.b. Graph information routine (HOGRAP) differs 
        markedly from previous versions!
       Information now is written from -ve end
       to +ve in one pass
 
 Explanation of the meaning of each column: 
 First column "cenxyz.cvec" is the coordinate in the
   direction of the channel vector i.e. if the channel
   vector is in z (0 0 1) then it is the z coordinate.
 The second column "radius" is the hole pore radius 
   (as defined in the Biophys J 1993) article).
 The third column "cen_line_D" is the distance 
   measured along the pore centre line - with the 
   first point found set to zero. This was the first
   thing that I used to measure the distance along a pore
   but "cenxyz.cvec" is a much better general measure. 
   However, by comparing changes in this distance to changes in '   "cenxyz.cvec" one can get a measure of how straight a 
   channel is.
 The fourth column "sum{s/(area)}" is useful in conductance
   prediction -
   basically it is the sum of the thickness of each slab
   divided by its area. HOLE uses this measure to estimate
   the macroscopic conductance of a channel.
 If any of this worries you one can see the "raw" results
   of a standard hole run by producing a sphpdb file and 
    directly looking at the results.
 cenxyz.cvec      radius  cen_line_D sum{s/(area point sourc
    27.68974    15.67290   -22.17866     0.00013   (sampled)
    27.78974    10.74480   -16.97713     0.00041 (mid-point)
    27.88974     6.10814   -11.77560     0.00126   (sampled)
    27.98974     2.59278    -7.66657     0.00599 (mid-point)
    28.08974     0.67017    -3.55754     0.07687   (sampled)
    28.18974     0.54106    -2.95987     0.18560 (mid-point)
    28.28974     0.60717    -2.36220     0.27194   (sampled)
    28.38974     0.57184    -2.25170     0.36928 (mid-point)
    28.48974     0.54364    -2.14120     0.47698   (sampled)
    28.58974     0.49993    -2.03883     0.60434 (mid-point)
    28.68974     0.45827    -1.93647     0.75591   (sampled)
    28.78974     0.40813    -1.82311     0.94701 (mid-point)
    28.88974     0.36208    -1.70976     1.18981   (sampled)
    28.98974     0.23089    -1.25711     1.78689 (mid-point)
    29.08974     0.25831    -0.80447     2.26394   (sampled)
    29.18974     0.24814    -0.70412     2.78092 (mid-point)
    29.28974     0.24297    -0.60378     3.32011   (sampled)
    29.38974     0.24586    -0.50326     3.84671 (mid-point)
    29.48974     0.25303    -0.40275     4.34387   (sampled)
    29.58974     0.26414    -0.30171     4.80009 (mid-point)
    29.68974     0.28139    -0.20067     5.20209   (sampled)
    29.78974     0.31053    -0.10033     5.53219 (mid-point)
    29.88974     0.33268     0.00000     5.81979   (sampled)
    29.98974     0.35211     0.10185     6.07654 (mid-point)
    30.08974     0.37597     0.20370     6.30173   (sampled)
    30.18974     0.40334     0.30550     6.49739 (mid-point)
    30.28974     0.43487     0.40731     6.66571   (sampled)
    30.38974     0.46600     0.51087     6.81229 (mid-point)
    30.48974     0.50004     0.61443     6.93959   (sampled)
    30.58974     0.53507     0.72300     7.05077 (mid-point)
    30.68974     0.57414     0.83156     7.14734   (sampled)
    30.78974     0.61687     0.93815     7.23099 (mid-point)
    30.88974     0.66076     1.04474     7.30389   (sampled)
    30.98974     0.69896     1.15513     7.36905 (mid-point)
    31.08974     0.74296     1.26553     7.42671   (sampled)
    31.18974     0.77177     1.39965     7.48015 (mid-point)
    31.28974     0.80887     1.53376     7.52881   (sampled)
    31.38974     0.81734     1.66864     7.57645 (mid-point)
    31.48974     0.83379     1.80352     7.62224   (sampled)
    31.58974     0.85346     1.94118     7.66594 (mid-point)
    31.68974     0.88103     2.07885     7.70695   (sampled)
    31.78974     0.91998     2.21408     7.74456 (mid-point)
    31.88974     0.96685     2.34931     7.77861   (sampled)
    31.98974     1.01873     2.48303     7.80928 (mid-point)
    32.08974     1.07596     2.61674     7.83678   (sampled)
    32.18974     1.14153     2.75259     7.86120 (mid-point)
    32.28974     1.21221     2.88843     7.88287   (sampled)
    32.38974     1.28690     3.02348     7.90209 (mid-point)
    32.48974     1.36695     3.15852     7.91912   (sampled)
    32.58974     1.42151     3.27200     7.93487 (mid-point)
    32.68974     1.47821     3.38547     7.94944   (sampled)
    32.78974     1.53910     3.50031     7.96288 (mid-point)
    32.88974     1.60349     3.61516     7.97526   (sampled)
    32.98974     1.67029     3.72736     7.98667 (mid-point)
    33.08974     1.74005     3.83956     7.99718   (sampled)
    33.18974     1.81290     3.95340     8.00687 (mid-point)
    33.28974     1.88840     4.06724     8.01579   (sampled)
    33.38974     1.96564     4.17884     8.02403 (mid-point)
    33.48974     2.04502     4.29044     8.03164   (sampled)
    33.58974     3.48108     8.51312     8.03427 (mid-point)
    33.68974     6.64702    12.73580     8.03499   (sampled)
    33.78974    10.61187    17.57134     8.03527 (mid-point)
    33.88974    15.02172    22.40689     8.03541   (sampled)

 Minimum radius found:      0.231 angstroms.



 For spherical probe approach, The geometric factor
         F= sum(ds/area) along channel is    8.035 angstroms**-1
 This yields a macroscopic predicted molar conductance of:
   (1/rho)*(100/F)= (12/rho) pS,
   where rho is the conductivity of 1M permeant ion in ohm m.
 N.B. this is a macroscopic conductance - an overestimate 
 Empirically corrected conductances currently only available
 With the CAPSULE option (although its not that stable!)
 For 1M KCl rho= 1/12 (ohm m), So Gmacro= 150 pS/M.
  (TAG      1   Rmin=     0.23089   Gmacro=   149.33894 Conn_Gmacro=    -1.00000 ).
 HOLE: normal completion
