 *** Program HOLE ***
 
 If results of this run are reported or published, please
 cite the publication listed below.
 For the HOLE program:
   Smart, O.S., Goodfellow, J.M., Wallace, B.A. (1993). 
   The pore dimensions of gramicidin A. 
   Biophys. J., 65, 2455-2460.
 
 Originally written by Oliver Smart at Birkbeck College from April 1992.
 Copyright 1993-2005 Oliver Smart
 Copyright 2014-2015 SmartSci Limited.
 Copyright 2016 Oliver Smart.
 
 For help on HOLE suite see  http://www.holeprogram.org/
 
 HOLE release 2.2.005 (07 August 2016) 
 
 usage subject to Apache License, Version 2.0 
 see http://www.apache.org/licenses/LICENSE-2.0 

 Control variables read:

! Input file for Oliver Smart's HOLE program
! written by MDAnalysis.analysis.hole2.HoleAnalysis
! for a Universe
! u = mda.Universe(/afs/crc.nd.edu/user/m/mfarshad/Private/ML-new/traj/host-asb9
!    /afs/crc.nd.edu/user/m/mfarshad/Private/ML-new/traj/host-asb9/host_asb9.trr
!   )
! Frame 63

COORD  /tmp/2550284.1.long/tmp8ouiytt2.pdb
RADIUS simple2.rad
SPHPDB hole063.sph
SAMPLE 0.200000
ENDRAD 22.000000
IGNORE SOL WAT TIP HOH K   NA  CL
SHORTO 0
RASEED 31415
CPOINT 39.6296958923 39.9778501220 39.1712060055


 WARNING have not found a CVECT record - will try to guess
 Input pdb filename read as:    '/tmp/2550284.1.long/tmp8ouiytt2.pdb'
 Input vdW radius file read as: 'simple2.rad'
 point in channel:   39.630  39.978  39.171
 channel vector:   ************************
 sampling distance between planes:    0.200

 graphics conditions:
 binary plot output file name: NONE
 Dot density:    10
 Draw dots?           T
 Draw close contacts? F
 Draw centre line?    T
 Produce spikes rather than dots? F
 Seed for random number generator:     31415 (0 means value set by program)
 Radius above which a result is regarded as an 'end':  22.000
 Pdb format file for sphere centres: hole063.sph

 Monte Carlo conditions:
  no of steps:  1000
  maximum displacement   0.100 angs
  'kT' initial   0.100 angs
 The spherebox and capsule options are turned off.
 (No molqpt card so will not write qpt file of the molecule)
 IGNORE card read so will ignore residue types: SOL WAT TIP HOH K   NA  CL
 no SHORTO card read so will produce full textual output
 As no PEGRAT card was found will not produce PEG polymer exclusion graph
 (No 2DMAPS card specified so will not produce 2D property maps)
 Have not found a CUT card.  Normal calculation using
   Cutoff lists with a cutsize=       1.000
   (if you wish to turn off option use a CUT -1 card)

 Have read     7 bond radius records and
              16 vdW radius records.
 From file: simple2.rad

 Have read   118 atom records.
 From file: /tmp/2550284.1.long/tmp8ouiytt2.pdb
 Will not produce graphical output

 Have opened file for pdb format output of sphere centres:  hole063.sph

  Seed integer used by ran # generator on this run      31415

 
 S/R cguess will try to guess CPOINT and/or CVECT
 
 THESE GUESSES MAY WELL BE WRONG!!!!
 Routine relies on having a reasonably symmetric
 channel oriented along x, y or z vector
 YOU ARE STRONGLY ADVISED TO CHECK THE RESULTS
                       WITH MOLECULAR GRAPHICS
 testing points from cpoint in X, Y then Z direction
   point                   pore radius
direction     1
  34.630  39.978  39.171     0.763
  35.630  39.978  39.171     0.574
  36.630  39.978  39.171     0.396
  37.630  39.978  39.171     0.679
  38.630  39.978  39.171     1.256
  39.630  39.978  39.171     1.452
  40.630  39.978  39.171     0.779
  41.630  39.978  39.171    -0.153
  42.630  39.978  39.171    -0.890
  43.630  39.978  39.171    -1.002
  44.630  39.978  39.171    -0.700
 Average pore radius along the line=      0.287
direction     2
  39.630  34.978  39.171     1.455
  39.630  35.978  39.171     0.918
  39.630  36.978  39.171     0.679
  39.630  37.978  39.171     0.821
  39.630  38.978  39.171     1.257
  39.630  39.978  39.171     1.452
  39.630  40.978  39.171     1.361
  39.630  41.978  39.171     1.096
  39.630  42.978  39.171     1.157
  39.630  43.978  39.171     1.528
  39.630  44.978  39.171     2.122
 Average pore radius along the line=      1.259
direction     3
  39.630  39.978  34.171    -0.186
  39.630  39.978  35.171    -0.452
  39.630  39.978  36.171    -0.254
  39.630  39.978  37.171     0.463
  39.630  39.978  38.171     1.346
  39.630  39.978  39.171     1.452
  39.630  39.978  40.171     0.608
  39.630  39.978  41.171    -0.066
  39.630  39.978  42.171    -0.326
  39.630  39.978  43.171    -0.243
  39.630  39.978  44.171    -0.958
 Average pore radius along the line=      0.126
 Best direction is found to be     2
(1=X,2=Y,3=Z)
 s/r cguess has produced initial values for cpoint &/or cvect:
CPOINT      39.6297     39.9779     39.1712
CVECT        0.0000      1.0000      0.0000
 THESE GUESSES MAY WELL BE WRONG!!!!
 Routine relies on having a reasonably symmetric
 channel oriented along x, y or z vector
 YOU ARE STRONGLY ADVISED TO CHECK THE RESULTS
                       WITH MOLECULAR GRAPHICS
 
 
  Some routines (e.g. conn) need vectors normal to cvect: 
     EAST Zero degrees angle is along vector    1.000   0.000   0.000
     NORTH  90 degrees angle is along vector    0.000   0.000   1.000
 highest radius point found:
  at point   39.579  39.978  38.738
  closest atom surface    1.860   O2  ASB X    1
  2nd closest surface     1.861   O4  ASB X    1
  found on step  837
 current point:
  at point   39.577  39.978  38.740
  closest atom surface    1.859   O2  ASB X    1
  2nd closest surface     1.861   C44 ASB X    1
  found on step  952
  no. of rejections          414
 stored as     0

 highest radius point found:
  at point   39.471  40.178  38.789
  closest atom surface    1.857   O2  ASB X    1
  2nd closest surface     1.857   C44 ASB X    1
  found on step  556
 current point:
  at point   39.475  40.178  38.785
  closest atom surface    1.855   C45 ASB X    1
  2nd closest surface     1.859   O2  ASB X    1
  found on step  946
  no. of rejections          366
 stored as     1

 highest radius point found:
  at point   39.344  40.378  38.859
  closest atom surface    1.858   C44 ASB X    1
  2nd closest surface     1.859   C45 ASB X    1
  found on step  934
  this is also current point
  no. of rejections          375
 stored as     2

 highest radius point found:
  at point   39.209  40.578  38.930
  closest atom surface    1.878   C44 ASB X    1
  2nd closest surface     1.879   O2  ASB X    1
  found on step  956
  this is also current point
  no. of rejections          357
 stored as     3

 highest radius point found:
  at point   39.083  40.778  38.992
  closest atom surface    1.915   O2  ASB X    1
  2nd closest surface     1.916   C45 ASB X    1
  found on step  152
 current point:
  at point   39.080  40.778  38.999
  closest atom surface    1.915   C44 ASB X    1
  2nd closest surface     1.916   O2  ASB X    1
  found on step  986
  no. of rejections          378
 stored as     4

 highest radius point found:
  at point   38.945  40.978  39.069
  closest atom surface    1.967   O2  ASB X    1
  2nd closest surface     1.969   C44 ASB X    1
  found on step  992
  this is also current point
  no. of rejections          368
 stored as     5

 highest radius point found:
  at point   38.819  41.178  39.132
  closest atom surface    2.036   O2  ASB X    1
  2nd closest surface     2.038   C45 ASB X    1
  found on step  954
  this is also current point
  no. of rejections          367
 stored as     6

 highest radius point found:
  at point   38.679  41.378  39.211
  closest atom surface    2.120   O2  ASB X    1
  2nd closest surface     2.120   C44 ASB X    1
  found on step  559
 current point:
  at point   38.679  41.378  39.210
  closest atom surface    2.120   O2  ASB X    1
  2nd closest surface     2.120   C44 ASB X    1
  found on step  969
  no. of rejections          386
 stored as     7

 highest radius point found:
  at point   38.578  41.578  39.161
  closest atom surface    2.181   O1  ASB X    1
  2nd closest surface     2.181   O2  ASB X    1
  found on step   12
 current point:
  at point   38.574  41.578  39.161
  closest atom surface    2.178   O2  ASB X    1
  2nd closest surface     2.180   O1  ASB X    1
  found on step  960
  no. of rejections          376
 stored as     8

 highest radius point found:
  at point   38.469  41.778  39.107
  closest atom surface    2.249   O2  ASB X    1
  2nd closest surface     2.251   C45 ASB X    1
  found on step  954
  this is also current point
  no. of rejections          359
 stored as     9

 highest radius point found:
  at point   38.362  41.978  39.060
  closest atom surface    2.333   C45 ASB X    1
  2nd closest surface     2.333   O2  ASB X    1
  found on step  980
  this is also current point
  no. of rejections          360
 stored as    10

 highest radius point found:
  at point   38.253  42.178  39.009
  closest atom surface    2.426   C45 ASB X    1
  2nd closest surface     2.427   O2  ASB X    1
  found on step  900
  this is also current point
  no. of rejections          351
 stored as    11

 highest radius point found:
  at point   38.142  42.378  38.955
  closest atom surface    2.529   O2  ASB X    1
  2nd closest surface     2.532   H54 ASB X    1
  found on step  163
 current point:
  at point   38.142  42.378  38.954
  closest atom surface    2.529   O2  ASB X    1
  2nd closest surface     2.532   C45 ASB X    1
  found on step  999
  no. of rejections          368
 stored as    12

 highest radius point found:
  at point   38.042  42.578  38.890
  closest atom surface    2.636   C45 ASB X    1
  2nd closest surface     2.636   H54 ASB X    1
  found on step  903
  this is also current point
  no. of rejections          282
 stored as    13

 highest radius point found:
  at point   37.932  42.778  38.806
  closest atom surface    2.757   O2  ASB X    1
  2nd closest surface     2.757   H54 ASB X    1
  found on step  992
  this is also current point
  no. of rejections          358
 stored as    14

 highest radius point found:
  at point   37.827  42.978  38.734
  closest atom surface    2.885   H54 ASB X    1
  2nd closest surface     2.885   O2  ASB X    1
  found on step  904
  this is also current point
  no. of rejections          336
 stored as    15

 highest radius point found:
  at point   37.738  43.178  38.711
  closest atom surface    3.002   C24 ASB X    1
  2nd closest surface     3.002   H54 ASB X    1
  found on step  799
 current point:
  at point   37.740  43.178  38.713
  closest atom surface    3.002   H54 ASB X    1
  2nd closest surface     3.004   C45 ASB X    1
  found on step  997
  no. of rejections          394
 stored as    16

 highest radius point found:
  at point   37.693  43.378  38.787
  closest atom surface    3.092   C45 ASB X    1
  2nd closest surface     3.093   H54 ASB X    1
  found on step  963
  this is also current point
  no. of rejections          386
 stored as    17

 highest radius point found:
  at point   37.655  43.578  38.841
  closest atom surface    3.178   C24 ASB X    1
  2nd closest surface     3.178   C45 ASB X    1
  found on step  844
 current point:
  at point   37.647  43.578  38.844
  closest atom surface    3.177   O1  ASB X    1
  2nd closest surface     3.178   C24 ASB X    1
  found on step  958
  no. of rejections          372
 stored as    18

 highest radius point found:
  at point   37.623  43.778  38.881
  closest atom surface    3.259   O1  ASB X    1
  2nd closest surface     3.260   C24 ASB X    1
  found on step  584
 current point:
  at point   37.626  43.778  38.877
  closest atom surface    3.258   C24 ASB X    1
  2nd closest surface     3.262   C45 ASB X    1
  found on step  968
  no. of rejections          401
 stored as    19

 highest radius point found:
  at point   37.600  43.978  38.918
  closest atom surface    3.349   C24 ASB X    1
  2nd closest surface     3.349   O1  ASB X    1
  found on step  987
  this is also current point
  no. of rejections          359
 stored as    20

 highest radius point found:
  at point   37.571  44.178  38.956
  closest atom surface    3.443   C24 ASB X    1
  2nd closest surface     3.445   O1  ASB X    1
  found on step   18
 current point:
  at point   37.471  44.178  38.984
  closest atom surface    3.432   C24 ASB X    1
  2nd closest surface     3.432   O1  ASB X    1
  found on step  949
  no. of rejections          379
 stored as    21

 highest radius point found:
  at point   37.539  44.378  38.997
  closest atom surface    3.545   C24 ASB X    1
  2nd closest surface     3.545   O1  ASB X    1
  found on step  885
 current point:
  at point   37.539  44.378  38.996
  closest atom surface    3.544   C24 ASB X    1
  2nd closest surface     3.545   O1  ASB X    1
  found on step  894
  no. of rejections          351
 stored as    22

 highest radius point found:
  at point   37.400  44.578  39.064
  closest atom surface    3.639   C24 ASB X    1
  2nd closest surface     3.643   O1  ASB X    1
  found on step  154
 current point:
  at point   37.248  44.578  39.110
  closest atom surface    3.628   O1  ASB X    1
  2nd closest surface     3.633   C24 ASB X    1
  found on step  980
  no. of rejections          355
 stored as    23

 highest radius point found:
  at point   37.493  44.778  39.074
  closest atom surface    3.765   O1  ASB X    1
  2nd closest surface     3.766   C45 ASB X    1
  found on step  883
  this is also current point
  no. of rejections          348
 stored as    24

 highest radius point found:
  at point   37.469  44.978  39.110
  closest atom surface    3.881   C45 ASB X    1
  2nd closest surface     3.883   C24 ASB X    1
  found on step  203
 current point:
  at point   36.618  44.978  39.341
  closest atom surface    3.874   C24 ASB X    1
  2nd closest surface     3.874   O1  ASB X    1
  found on step  896
  no. of rejections          355
 stored as    25

 highest radius point found:
  at point   37.439  45.178  39.150
  closest atom surface    4.006   C45 ASB X    1
  2nd closest surface     4.007   C24 ASB X    1
  found on step    6
 current point:
  at point   37.441  45.178  39.152
  closest atom surface    4.005   C45 ASB X    1
  2nd closest surface     4.006   O1  ASB X    1
  found on step  908
  no. of rejections          341
 stored as    26

 highest radius point found:
  at point   36.399  45.378  39.461
  closest atom surface    4.149   C24 ASB X    1
  2nd closest surface     4.152   C50 ASB X    1
  found on step  867
 current point:
  at point   36.439  45.378  39.453
  closest atom surface    4.147   C24 ASB X    1
  2nd closest surface     4.147   O1  ASB X    1
  found on step  946
  no. of rejections          326
 stored as    27

 highest radius point found:
  at point   36.299  45.578  39.522
  closest atom surface    4.297   C24 ASB X    1
  2nd closest surface     4.298   C50 ASB X    1
  found on step  647
 current point:
  at point   36.308  45.578  39.522
  closest atom surface    4.297   O1  ASB X    1
  2nd closest surface     4.297   C24 ASB X    1
  found on step  969
  no. of rejections          276
 stored as    28

 highest radius point found:
  at point   36.199  45.778  39.580
  closest atom surface    4.448   C24 ASB X    1
  2nd closest surface     4.451   C50 ASB X    1
  found on step   53
 current point:
  at point   37.353  45.778  39.272
  closest atom surface    4.402   O1  ASB X    1
  2nd closest surface     4.404   C24 ASB X    1
  found on step  958
  no. of rejections          315
 stored as    29

 highest radius point found:
  at point   36.097  45.978  39.643
  closest atom surface    4.607   O1  ASB X    1
  2nd closest surface     4.607   C50 ASB X    1
  found on step  971
  this is also current point
  no. of rejections          305
 stored as    30

 highest radius point found:
  at point   29.056  46.178  41.347
  closest atom surface    7.127   C50 ASB X    1
  2nd closest surface     7.203   C23 ASB X    1
  found on step  998
  this is also current point
  no. of rejections          208
 stored as    31

 highest radius point found:
  at point   19.869  46.378  43.350
  closest atom surface   14.962   C23 ASB X    1
  2nd closest surface    15.113   C50 ASB X    1
  found on step 1000
  this is also current point
  no. of rejections          236
 stored as    32

 highest radius point found:
  at point    9.546  46.578  44.867
  closest atom surface   24.698   C23 ASB X    1
  2nd closest surface    24.705   C15 ASB X    1
  found on step 1000
  this is also current point
  no. of rejections          276
 This is an end! (radius above  22.0 angs)
 highest radius point found:
  at point   39.599  39.778  38.731
  closest atom surface    1.813   O4  ASB X    1
  2nd closest surface     1.814   O2  ASB X    1
  found on step  976
  this is also current point
  no. of rejections          370
 stored as    -1

 highest radius point found:
  at point   39.643  39.578  38.639
  closest atom surface    1.772   O4  ASB X    1
  2nd closest surface     1.772   O2  ASB X    1
  found on step  819
 current point:
  at point   39.644  39.578  38.634
  closest atom surface    1.771   O2  ASB X    1
  2nd closest surface     1.772   O4  ASB X    1
  found on step  991
  no. of rejections          376
 stored as    -2

 highest radius point found:
  at point   39.687  39.378  38.547
  closest atom surface    1.745   O2  ASB X    1
  2nd closest surface     1.745   O4  ASB X    1
  found on step  940
  this is also current point
  no. of rejections          394
 stored as    -3

 highest radius point found:
  at point   39.760  39.178  38.362
  closest atom surface    1.734   O4  ASB X    1
  2nd closest surface     1.734   O2  ASB X    1
  found on step  940
  this is also current point
  no. of rejections          405
 stored as    -4

 highest radius point found:
  at point   39.816  38.978  38.246
  closest atom surface    1.735   C49 ASB X    1
  2nd closest surface     1.736   O4  ASB X    1
  found on step  999
  this is also current point
  no. of rejections          395
 stored as    -5

 highest radius point found:
  at point   39.882  38.778  38.131
  closest atom surface    1.735   O3  ASB X    1
  2nd closest surface     1.737   C49 ASB X    1
  found on step  846
 current point:
  at point   39.891  38.778  38.139
  closest atom surface    1.735   O4  ASB X    1
  2nd closest surface     1.740   C49 ASB X    1
  found on step  959
  no. of rejections          372
 stored as    -6

 highest radius point found:
  at point   39.953  38.578  38.025
  closest atom surface    1.755   C49 ASB X    1
  2nd closest surface     1.756   O3  ASB X    1
  found on step  593
 current point:
  at point   39.961  38.578  38.032
  closest atom surface    1.755   O4  ASB X    1
  2nd closest surface     1.757   C49 ASB X    1
  found on step  941
  no. of rejections          383
 stored as    -7

 highest radius point found:
  at point   40.032  38.378  37.919
  closest atom surface    1.792   O4  ASB X    1
  2nd closest surface     1.792   O3  ASB X    1
  found on step  914
  this is also current point
  no. of rejections          367
 stored as    -8

 highest radius point found:
  at point   40.104  38.178  37.812
  closest atom surface    1.843   O4  ASB X    1
  2nd closest surface     1.843   C49 ASB X    1
  found on step  889
  this is also current point
  no. of rejections          392
 stored as    -9

 highest radius point found:
  at point   40.173  37.978  37.700
  closest atom surface    1.908   C49 ASB X    1
  2nd closest surface     1.909   O3  ASB X    1
  found on step  919
  this is also current point
  no. of rejections          357
 stored as   -10

 highest radius point found:
  at point   40.246  37.778  37.589
  closest atom surface    1.988   O3  ASB X    1
  2nd closest surface     1.989   C49 ASB X    1
  found on step  738
 current point:
  at point   40.245  37.778  37.588
  closest atom surface    1.988   O3  ASB X    1
  2nd closest surface     1.988   C49 ASB X    1
  found on step  994
  no. of rejections          364
 stored as   -11

 highest radius point found:
  at point   40.321  37.578  37.481
  closest atom surface    2.083   C49 ASB X    1
  2nd closest surface     2.083   O3  ASB X    1
  found on step  971
  this is also current point
  no. of rejections          383
 stored as   -12

 highest radius point found:
  at point   40.399  37.378  37.372
  closest atom surface    2.190   O3  ASB X    1
  2nd closest surface     2.190   O4  ASB X    1
  found on step  983
  this is also current point
  no. of rejections          329
 stored as   -13

 highest radius point found:
  at point   40.472  37.178  37.260
  closest atom surface    2.307   O3  ASB X    1
  2nd closest surface     2.309   C49 ASB X    1
  found on step  885
 current point:
  at point   40.476  37.178  37.265
  closest atom surface    2.305   O4  ASB X    1
  2nd closest surface     2.309   O3  ASB X    1
  found on step  965
  no. of rejections          343
 stored as   -14

 highest radius point found:
  at point   40.544  36.978  37.150
  closest atom surface    2.435   O3  ASB X    1
  2nd closest surface     2.436   C49 ASB X    1
  found on step  964
  this is also current point
  no. of rejections          322
 stored as   -15

 highest radius point found:
  at point   40.637  36.778  37.045
  closest atom surface    2.566   C48 ASB X    1
  2nd closest surface     2.566   O4  ASB X    1
  found on step  487
 current point:
  at point   40.652  36.778  37.031
  closest atom surface    2.565   C48 ASB X    1
  2nd closest surface     2.566   O4  ASB X    1
  found on step  988
  no. of rejections          350
 stored as   -16

 highest radius point found:
  at point   40.936  36.578  36.802
  closest atom surface    2.681   C48 ASB X    1
  2nd closest surface     2.683   O4  ASB X    1
  found on step  509
 current point:
  at point   40.729  36.578  36.996
  closest atom surface    2.670   O4  ASB X    1
  2nd closest surface     2.671   C48 ASB X    1
  found on step  899
  no. of rejections          345
 stored as   -17

 highest radius point found:
  at point   41.018  36.378  36.764
  closest atom surface    2.800   O4  ASB X    1
  2nd closest surface     2.800   C48 ASB X    1
  found on step  784
 current point:
  at point   41.027  36.378  36.755
  closest atom surface    2.799   C46 ASB X    1
  2nd closest surface     2.801   O4  ASB X    1
  found on step  967
  no. of rejections          341
 stored as   -18

 highest radius point found:
  at point   41.108  36.178  36.713
  closest atom surface    2.926   C48 ASB X    1
  2nd closest surface     2.928   O4  ASB X    1
  found on step  594
 current point:
  at point   41.099  36.178  36.726
  closest atom surface    2.924   O4  ASB X    1
  2nd closest surface     2.927   C48 ASB X    1
  found on step  941
  no. of rejections          348
 stored as   -19

 highest radius point found:
  at point   41.198  35.978  36.669
  closest atom surface    3.060   C46 ASB X    1
  2nd closest surface     3.060   O4  ASB X    1
  found on step  993
  this is also current point
  no. of rejections          336
 stored as   -20

 highest radius point found:
  at point   41.283  35.778  36.625
  closest atom surface    3.199   C46 ASB X    1
  2nd closest surface     3.200   C48 ASB X    1
  found on step  999
  this is also current point
  no. of rejections          360
 stored as   -21

 highest radius point found:
  at point   41.366  35.578  36.586
  closest atom surface    3.345   C48 ASB X    1
  2nd closest surface     3.345   O4  ASB X    1
  found on step  983
  this is also current point
  no. of rejections          321
 stored as   -22

 highest radius point found:
  at point   41.447  35.378  36.548
  closest atom surface    3.494   C48 ASB X    1
  2nd closest surface     3.495   O4  ASB X    1
  found on step  995
  this is also current point
  no. of rejections          313
 stored as   -23

 highest radius point found:
  at point   41.539  35.178  36.500
  closest atom surface    3.651   O4  ASB X    1
  2nd closest surface     3.652   C48 ASB X    1
  found on step  959
  this is also current point
  no. of rejections          282
 stored as   -24

 highest radius point found:
  at point   41.627  34.978  36.457
  closest atom surface    3.811   C46 ASB X    1
  2nd closest surface     3.811   O4  ASB X    1
  found on step  798
 current point:
  at point   41.626  34.978  36.458
  closest atom surface    3.811   O4  ASB X    1
  2nd closest surface     3.812   C46 ASB X    1
  found on step  911
  no. of rejections          300
 stored as   -25

 highest radius point found:
  at point   43.516  34.778  31.927
  closest atom surface    4.955   H46 ASB X    1
  2nd closest surface     5.151   C46 ASB X    1
  found on step 1000
  this is also current point
  no. of rejections          199
 stored as   -26

 highest radius point found:
  at point   46.931  34.578  23.915
  closest atom surface   11.878   C28 ASB X    1
  2nd closest surface    11.939   H46 ASB X    1
  found on step 1000
  this is also current point
  no. of rejections          223
 stored as   -27

 highest radius point found:
  at point   52.501  34.378  15.825
  closest atom surface   20.588   C31 ASB X    1
  2nd closest surface    20.600   C32 ASB X    1
  found on step 1000
  this is also current point
  no. of rejections          234
 stored as   -28

 highest radius point found:
  at point   56.804  34.178   4.408
  closest atom surface   32.063   C32 ASB X    1
  2nd closest surface    32.128   C31 ASB X    1
  found on step  998
  this is also current point
  no. of rejections          265
 This is an end! (radius above  22.0 angs)
 
 N.b. Graph information routine (HOGRAP) differs 
        markedly from previous versions!
       Information now is written from -ve end
       to +ve in one pass
 
 Explanation of the meaning of each column: 
 First column "cenxyz.cvec" is the coordinate in the
   direction of the channel vector i.e. if the channel
   vector is in z (0 0 1) then it is the z coordinate.
 The second column "radius" is the hole pore radius 
   (as defined in the Biophys J 1993) article).
 The third column "cen_line_D" is the distance 
   measured along the pore centre line - with the 
   first point found set to zero. This was the first
   thing that I used to measure the distance along a pore
   but "cenxyz.cvec" is a much better general measure. 
   However, by comparing changes in this distance to changes in '   "cenxyz.cvec" one can get a measure of how straight a 
   channel is.
 The fourth column "sum{s/(area)}" is useful in conductance
   prediction -
   basically it is the sum of the thickness of each slab
   divided by its area. HOLE uses this measure to estimate
   the macroscopic conductance of a channel.
 If any of this worries you one can see the "raw" results
   of a standard hole run by producing a sphpdb file and 
    directly looking at the results.
 cenxyz.cvec      radius  cen_line_D sum{s/(area point sourc
    34.37785    20.58816   -29.46836     0.00008   (sampled)
    34.47785    16.16723   -24.55617     0.00020 (mid-point)
    34.57785    11.87812   -19.64398     0.00042   (sampled)
    34.67785     8.08126   -15.28795     0.00091 (mid-point)
    34.77785     4.95493   -10.93193     0.00221   (sampled)
    34.87785     4.02177    -8.47599     0.00417 (mid-point)
    34.97785     3.81106    -6.02005     0.00637   (sampled)
    35.07785     3.73074    -5.90876     0.00865 (mid-point)
    35.17785     3.65149    -5.79747     0.01104   (sampled)
    35.27785     3.57220    -5.68470     0.01353 (mid-point)
    35.37785     3.49409    -5.57193     0.01614   (sampled)
    35.47785     3.41888    -5.46251     0.01887 (mid-point)
    35.57785     3.34489    -5.35309     0.02171   (sampled)
    35.67785     3.27179    -5.24302     0.02468 (mid-point)
    35.77785     3.19944    -5.13296     0.02779   (sampled)
    35.87785     3.12874    -5.02209     0.03105 (mid-point)
    35.97785     3.05954    -4.91121     0.03445   (sampled)
    36.07785     2.99267    -4.79933     0.03800 (mid-point)
    36.17785     2.92573    -4.68744     0.04172   (sampled)
    36.27785     2.86216    -4.57484     0.04560 (mid-point)
    36.37785     2.79972    -4.46223     0.04966   (sampled)
    36.47785     2.73976    -4.35246     0.05391 (mid-point)
    36.57785     2.68093    -4.24268     0.05833   (sampled)
    36.67785     2.61838    -4.02584     0.06298 (mid-point)
    36.77785     2.56562    -3.80901     0.06781   (sampled)
    36.87785     2.50216    -3.68698     0.07290 (mid-point)
    36.97785     2.43525    -3.56496     0.07826   (sampled)
    37.07785     2.36970    -3.44513     0.08393 (mid-point)
    37.17785     2.30669    -3.32529     0.08992   (sampled)
    37.27785     2.24674    -3.20495     0.09622 (mid-point)
    37.37785     2.18963    -3.08461     0.10286   (sampled)
    37.47785     2.13466    -2.96428     0.10985 (mid-point)
    37.57785     2.08262    -2.84396     0.11718   (sampled)
    37.67785     2.03385    -2.72424     0.12488 (mid-point)
    37.77785     1.98823    -2.60453     0.13293   (sampled)
    37.87785     1.94665    -2.48458     0.14133 (mid-point)
    37.97785     1.90823    -2.36464     0.15007   (sampled)
    38.07785     1.87406    -2.24484     0.15914 (mid-point)
    38.17785     1.84323    -2.12503     0.16851   (sampled)
    38.27785     1.81580    -2.00604     0.17816 (mid-point)
    38.37785     1.79228    -1.88704     0.18807   (sampled)
    38.47785     1.77210    -1.76737     0.19820 (mid-point)
    38.57785     1.75513    -1.64770     0.20854   (sampled)
    38.67785     1.74344    -1.52903     0.21901 (mid-point)
    38.77785     1.73507    -1.41036     0.22958   (sampled)
    38.87785     1.73387    -1.29037     0.24017 (mid-point)
    38.97785     1.73475    -1.17038     0.25075   (sampled)
    39.07785     1.73267    -1.05133     0.26135 (mid-point)
    39.17785     1.73352    -0.93229     0.27194   (sampled)
    39.27785     1.73623    -0.79111     0.28250 (mid-point)
    39.37785     1.74481    -0.64993     0.29296   (sampled)
    39.47785     1.75659    -0.53786     0.30328 (mid-point)
    39.57785     1.77200    -0.42578     0.31341   (sampled)
    39.67785     1.79097    -0.31341     0.32334 (mid-point)
    39.77785     1.81349    -0.20104     0.33301   (sampled)
    39.87785     1.83582    -0.10052     0.34246 (mid-point)
    39.97785     1.86030    -0.00000     0.35166   (sampled)
    40.07785     1.85668     0.11660     0.36089 (mid-point)
    40.17785     1.85694     0.23319     0.37012   (sampled)
    40.27785     1.85548     0.35676     0.37937 (mid-point)
    40.37785     1.85799     0.48034     0.38859   (sampled)
    40.47785     1.86603     0.60609     0.39773 (mid-point)
    40.57785     1.87830     0.73184     0.40675   (sampled)
    40.67785     1.89481     0.85409     0.41562 (mid-point)
    40.77785     1.91495     0.97633     0.42430   (sampled)
    40.87785     1.93871     1.10351     0.43277 (mid-point)
    40.97785     1.96679     1.23070     0.44100   (sampled)
    41.07785     1.99971     1.35299     0.44896 (mid-point)
    41.17785     2.03640     1.47529     0.45663   (sampled)
    41.27785     2.07605     1.60385     0.46402 (mid-point)
    41.37785     2.11968     1.73241     0.47110   (sampled)
    41.47785     2.14863     1.84718     0.47800 (mid-point)
    41.57785     2.18060     1.96196     0.48469   (sampled)
    41.67785     2.21337     2.07889     0.49119 (mid-point)
    41.77785     2.24918     2.19583     0.49748   (sampled)
    41.87785     2.28964     2.31183     0.50355 (mid-point)
    41.97785     2.33271     2.42783     0.50940   (sampled)
    42.07785     2.37813     2.54451     0.51503 (mid-point)
    42.17785     2.42624     2.66119     0.52044   (sampled)
    42.27785     2.47650     2.77874     0.52563 (mid-point)
    42.37785     2.52913     2.89628     0.53060   (sampled)
    42.47785     2.58264     3.01247     0.53538 (mid-point)
    42.57785     2.63560     3.12865     0.53996   (sampled)
    42.67785     2.69483     3.25027     0.54434 (mid-point)
    42.77785     2.75660     3.37189     0.54853   (sampled)
    42.87785     2.81950     3.49053     0.55253 (mid-point)
    42.97785     2.88494     3.60917     0.55636   (sampled)
    43.07785     2.94245     3.71923     0.56004 (mid-point)
    43.17785     3.00208     3.82929     0.56357   (sampled)
    43.27785     3.04629     3.93868     0.56700 (mid-point)
    43.37785     3.09218     4.04807     0.57033   (sampled)
    43.47785     3.13434     4.15336     0.57357 (mid-point)
    43.57785     3.17808     4.25865     0.57672   (sampled)
    43.67785     3.21832     4.36187     0.57979 (mid-point)
    43.77785     3.25942     4.46509     0.58279   (sampled)
    43.87785     3.30347     4.56740     0.58570 (mid-point)
    43.97785     3.34867     4.66971     0.58854   (sampled)
    44.07785     3.39507     4.77260     0.59130 (mid-point)
    44.17785     3.44306     4.87549     0.59399   (sampled)
    44.27785     3.49305     4.97878     0.59660 (mid-point)
    44.37785     3.54454     5.08208     0.59913   (sampled)
    44.47785     3.59072     5.20835     0.60160 (mid-point)
    44.57785     3.63942     5.33462     0.60400   (sampled)
    44.67785     3.70243     5.44503     0.60633 (mid-point)
    44.77785     3.76515     5.55545     0.60857   (sampled)
    44.87785     3.82287     5.65777     0.61075 (mid-point)
    44.97785     3.88113     5.76008     0.61286   (sampled)
    45.07785     3.94323     5.86317     0.61491 (mid-point)
    45.17785     4.00648     5.96626     0.61689   (sampled)
    45.27785     4.05230     6.51803     0.61883 (mid-point)
    45.37785     4.14857     7.06981     0.62068   (sampled)
    45.47785     4.22196     7.18587     0.62247 (mid-point)
    45.57785     4.29666     7.30194     0.62419   (sampled)
    45.67785     4.37162     7.41745     0.62586 (mid-point)
    45.77785     4.44781     7.53296     0.62747   (sampled)
    45.87785     4.52682     7.64945     0.62902 (mid-point)
    45.97785     4.60681     7.76594     0.63052   (sampled)
    46.07785     5.07910    11.38934     0.63175 (mid-point)
    46.17785     7.12722    15.01274     0.63238   (sampled)
    46.27785    10.80625    19.71553     0.63265 (mid-point)
    46.37785    14.96208    24.41832     0.63279   (sampled)

 Minimum radius found:      1.733 angstroms.



 For spherical probe approach, The geometric factor
         F= sum(ds/area) along channel is    0.633 angstroms**-1
 This yields a macroscopic predicted molar conductance of:
   (1/rho)*(100/F)= (160/rho) pS,
   where rho is the conductivity of 1M permeant ion in ohm m.
 N.B. this is a macroscopic conductance - an overestimate 
 Empirically corrected conductances currently only available
 With the CAPSULE option (although its not that stable!)
 For 1M KCl rho= 1/12 (ohm m), So Gmacro= 1900 pS/M.
  (TAG      1   Rmin=     1.73267   Gmacro=  1896.35201 Conn_Gmacro=    -1.00000 ).
 HOLE: normal completion
