 *** Program HOLE ***
 
 If results of this run are reported or published, please
 cite the publication listed below.
 For the HOLE program:
   Smart, O.S., Goodfellow, J.M., Wallace, B.A. (1993). 
   The pore dimensions of gramicidin A. 
   Biophys. J., 65, 2455-2460.
 
 Originally written by Oliver Smart at Birkbeck College from April 1992.
 Copyright 1993-2005 Oliver Smart
 Copyright 2014-2015 SmartSci Limited.
 Copyright 2016 Oliver Smart.
 
 For help on HOLE suite see  http://www.holeprogram.org/
 
 HOLE release 2.2.005 (07 August 2016) 
 
 usage subject to Apache License, Version 2.0 
 see http://www.apache.org/licenses/LICENSE-2.0 

 Control variables read:

! Input file for Oliver Smart's HOLE program
! written by MDAnalysis.analysis.hole2.HoleAnalysis
! for a Universe
! u = mda.Universe(/afs/crc.nd.edu/user/m/mfarshad/Private/ML-new/traj/host-2Ant
!    /afs/crc.nd.edu/user/m/mfarshad/Private/ML-new/traj/host-2Anthracene+dithio
!   )
! Frame 98

COORD  /tmp/2550170.1.long/tmp4o211vs8.pdb
RADIUS simple2.rad
SPHPDB hole098.sph
SAMPLE 0.200000
ENDRAD 22.000000
IGNORE SOL WAT TIP HOH K   NA  CL
SHORTO 0
RASEED 31415
CPOINT 39.3048803362 40.8015250513 39.4440145331


 WARNING have not found a CVECT record - will try to guess
 Input pdb filename read as:    '/tmp/2550170.1.long/tmp4o211vs8.pdb'
 Input vdW radius file read as: 'simple2.rad'
 point in channel:   39.305  40.802  39.444
 channel vector:   ************************
 sampling distance between planes:    0.200

 graphics conditions:
 binary plot output file name: NONE
 Dot density:    10
 Draw dots?           T
 Draw close contacts? F
 Draw centre line?    T
 Produce spikes rather than dots? F
 Seed for random number generator:     31415 (0 means value set by program)
 Radius above which a result is regarded as an 'end':  22.000
 Pdb format file for sphere centres: hole098.sph

 Monte Carlo conditions:
  no of steps:  1000
  maximum displacement   0.100 angs
  'kT' initial   0.100 angs
 The spherebox and capsule options are turned off.
 (No molqpt card so will not write qpt file of the molecule)
 IGNORE card read so will ignore residue types: SOL WAT TIP HOH K   NA  CL
 no SHORTO card read so will produce full textual output
 As no PEGRAT card was found will not produce PEG polymer exclusion graph
 (No 2DMAPS card specified so will not produce 2D property maps)
 Have not found a CUT card.  Normal calculation using
   Cutoff lists with a cutsize=       1.000
   (if you wish to turn off option use a CUT -1 card)

 Have read     7 bond radius records and
              16 vdW radius records.
 From file: simple2.rad

 Have read   118 atom records.
 From file: /tmp/2550170.1.long/tmp4o211vs8.pdb
 Will not produce graphical output

 Have opened file for pdb format output of sphere centres:  hole098.sph

  Seed integer used by ran # generator on this run      31415

 
 S/R cguess will try to guess CPOINT and/or CVECT
 
 THESE GUESSES MAY WELL BE WRONG!!!!
 Routine relies on having a reasonably symmetric
 channel oriented along x, y or z vector
 YOU ARE STRONGLY ADVISED TO CHECK THE RESULTS
                       WITH MOLECULAR GRAPHICS
 testing points from cpoint in X, Y then Z direction
   point                   pore radius
direction     1
  34.305  40.802  39.444     0.567
  35.305  40.802  39.444     0.650
  36.305  40.802  39.444     1.234
  37.305  40.802  39.444     1.797
  38.305  40.802  39.444     1.898
  39.305  40.802  39.444     1.979
  40.305  40.802  39.444     2.076
  41.305  40.802  39.444     1.478
  42.305  40.802  39.444     0.515
  43.305  40.802  39.444    -0.402
  44.305  40.802  39.444    -1.114
 Average pore radius along the line=      0.971
direction     2
  39.305  35.802  39.444     0.904
  39.305  36.802  39.444     1.170
  39.305  37.802  39.444     1.561
  39.305  38.802  39.444     2.201
  39.305  39.802  39.444     2.123
  39.305  40.802  39.444     1.979
  39.305  41.802  39.444     1.908
  39.305  42.802  39.444     1.277
  39.305  43.802  39.444     0.687
  39.305  44.802  39.444     0.437
  39.305  45.802  39.444     0.641
 Average pore radius along the line=      1.353
direction     3
  39.305  40.802  34.444    -0.614
  39.305  40.802  35.444    -1.242
  39.305  40.802  36.444    -0.749
  39.305  40.802  37.444     0.084
  39.305  40.802  38.444     1.014
  39.305  40.802  39.444     1.979
  39.305  40.802  40.444     1.254
  39.305  40.802  41.444     0.331
  39.305  40.802  42.444    -0.480
  39.305  40.802  43.444    -1.157
  39.305  40.802  44.444    -1.032
 Average pore radius along the line=     -0.056
 Best direction is found to be     2
(1=X,2=Y,3=Z)
 s/r cguess has produced initial values for cpoint &/or cvect:
CPOINT      39.3049     40.8015     39.4440
CVECT        0.0000      1.0000      0.0000
 THESE GUESSES MAY WELL BE WRONG!!!!
 Routine relies on having a reasonably symmetric
 channel oriented along x, y or z vector
 YOU ARE STRONGLY ADVISED TO CHECK THE RESULTS
                       WITH MOLECULAR GRAPHICS
 
 
  Some routines (e.g. conn) need vectors normal to cvect: 
     EAST Zero degrees angle is along vector    1.000   0.000   0.000
     NORTH  90 degrees angle is along vector    0.000   0.000   1.000
 highest radius point found:
  at point   40.465  40.802  39.389
  closest atom surface    2.124   C15 URE X    1
  2nd closest surface     2.125   C33 URE X    1
  found on step  931
  this is also current point
  no. of rejections          407
 stored as     0

 highest radius point found:
  at point   40.438  41.002  39.342
  closest atom surface    2.102   C15 URE X    1
  2nd closest surface     2.102   C33 URE X    1
  found on step  946
  this is also current point
  no. of rejections          403
 stored as     1

 highest radius point found:
  at point   39.949  41.202  39.354
  closest atom surface    2.064   C15 URE X    1
  2nd closest surface     2.064   N2  URE X    1
  found on step  964
  this is also current point
  no. of rejections          372
 stored as     2

 highest radius point found:
  at point   39.264  41.402  39.501
  closest atom surface    2.024   C32 URE X    1
  2nd closest surface     2.026   C15 URE X    1
  found on step  990
  this is also current point
  no. of rejections          404
 stored as     3

 highest radius point found:
  at point   39.026  41.602  39.523
  closest atom surface    2.016   C20 URE X    1
  2nd closest surface     2.027   C32 URE X    1
  found on step  253
 current point:
  at point   37.892  41.602  39.480
  closest atom surface    1.992   C19 URE X    1
  2nd closest surface     1.995   C32 URE X    1
  found on step  970
  no. of rejections          395
 stored as     4

 highest radius point found:
  at point   39.046  41.802  39.500
  closest atom surface    2.034   C31 URE X    1
  2nd closest surface     2.034   C20 URE X    1
  found on step  969
  this is also current point
  no. of rejections          392
 stored as     5

 highest radius point found:
  at point   38.918  42.002  39.495
  closest atom surface    1.982   C17 URE X    1
  2nd closest surface     1.982   C31 URE X    1
  found on step  897
  this is also current point
  no. of rejections          391
 stored as     6

 highest radius point found:
  at point   38.727  42.202  39.471
  closest atom surface    1.917   C18 URE X    1
  2nd closest surface     1.918   C17 URE X    1
  found on step  609
 current point:
  at point   38.589  42.202  39.462
  closest atom surface    1.909   C18 URE X    1
  2nd closest surface     1.910   C31 URE X    1
  found on step  961
  no. of rejections          383
 stored as     7

 highest radius point found:
  at point   37.785  42.402  39.386
  closest atom surface    1.894   C18 URE X    1
  2nd closest surface     1.895   C44 URE X    1
  found on step  830
 current point:
  at point   37.790  42.402  39.385
  closest atom surface    1.894   C44 URE X    1
  2nd closest surface     1.895   C18 URE X    1
  found on step  861
  no. of rejections          370
 stored as     8

 highest radius point found:
  at point   36.221  42.602  39.789
  closest atom surface    1.981   O12 URE X    1
  2nd closest surface     1.982   C18 URE X    1
  found on step  940
  this is also current point
  no. of rejections          388
 stored as     9

 highest radius point found:
  at point   36.025  42.802  39.835
  closest atom surface    1.986   O12 URE X    1
  2nd closest surface     1.988   C40 URE X    1
  found on step  917
  this is also current point
  no. of rejections          367
 stored as    10

 highest radius point found:
  at point   35.826  43.002  39.916
  closest atom surface    1.991   C18 URE X    1
  2nd closest surface     1.991   C40 URE X    1
  found on step  933
  this is also current point
  no. of rejections          394
 stored as    11

 highest radius point found:
  at point   35.616  43.202  40.002
  closest atom surface    2.019   O12 URE X    1
  2nd closest surface     2.020   C18 URE X    1
  found on step  743
 current point:
  at point   35.617  43.202  40.001
  closest atom surface    2.019   C18 URE X    1
  2nd closest surface     2.020   C40 URE X    1
  found on step  947
  no. of rejections          377
 stored as    12

 highest radius point found:
  at point   35.411  43.402  40.084
  closest atom surface    2.069   C40 URE X    1
  2nd closest surface     2.071   C18 URE X    1
  found on step  994
  this is also current point
  no. of rejections          347
 stored as    13

 highest radius point found:
  at point   35.196  43.602  40.174
  closest atom surface    2.142   O12 URE X    1
  2nd closest surface     2.146   C18 URE X    1
  found on step  124
 current point:
  at point   35.197  43.602  40.168
  closest atom surface    2.141   C40 URE X    1
  2nd closest surface     2.144   O12 URE X    1
  found on step  994
  no. of rejections          348
 stored as    14

 highest radius point found:
  at point   34.988  43.802  40.256
  closest atom surface    2.238   C40 URE X    1
  2nd closest surface     2.239   O12 URE X    1
  found on step  997
  this is also current point
  no. of rejections          363
 stored as    15

 highest radius point found:
  at point   34.775  44.002  40.345
  closest atom surface    2.353   O12 URE X    1
  2nd closest surface     2.357   C40 URE X    1
  found on step  439
 current point:
  at point   34.730  44.002  40.337
  closest atom surface    2.350   O12 URE X    1
  2nd closest surface     2.350   C40 URE X    1
  found on step  929
  no. of rejections          309
 stored as    16

 highest radius point found:
  at point   33.883  44.202  40.360
  closest atom surface    2.506   O6  URE X    1
  2nd closest surface     2.507   O12 URE X    1
  found on step  971
  this is also current point
  no. of rejections          285
 stored as    17

 highest radius point found:
  at point   24.719  44.402  45.121
  closest atom surface    8.529   O13 URE X    1
  2nd closest surface     8.540   O6  URE X    1
  found on step 1000
  this is also current point
  no. of rejections          226
 stored as    18

 highest radius point found:
  at point   15.467  44.602  48.352
  closest atom surface   17.698   O6  URE X    1
  2nd closest surface    17.748   O7  URE X    1
  found on step 1000
  this is also current point
  no. of rejections          264
 stored as    19

 highest radius point found:
  at point    6.177  44.802  53.367
  closest atom surface   27.964   O13 URE X    1
  2nd closest surface    28.083   O7  URE X    1
  found on step 1000
  this is also current point
  no. of rejections          260
 This is an end! (radius above  22.0 angs)
 highest radius point found:
  at point   39.636  40.602  39.525
  closest atom surface    2.160   C15 URE X    1
  2nd closest surface     2.160   C32 URE X    1
  found on step  932
  this is also current point
  no. of rejections          393
 stored as    -1

 highest radius point found:
  at point   39.624  40.402  39.572
  closest atom surface    2.200   C33 URE X    1
  2nd closest surface     2.207   C15 URE X    1
  found on step   22
 current point:
  at point   40.489  40.402  39.484
  closest atom surface    2.194   C33 URE X    1
  2nd closest surface     2.201   C15 URE X    1
  found on step  951
  no. of rejections          355
 stored as    -2

 highest radius point found:
  at point   39.626  40.202  39.626
  closest atom surface    2.255   C33 URE X    1
  2nd closest surface     2.256   C15 URE X    1
  found on step  760
 current point:
  at point   39.596  40.202  39.625
  closest atom surface    2.254   C33 URE X    1
  2nd closest surface     2.256   C20 URE X    1
  found on step  964
  no. of rejections          372
 stored as    -3

 highest radius point found:
  at point   39.720  40.002  39.666
  closest atom surface    2.306   C33 URE X    1
  2nd closest surface     2.308   C15 URE X    1
  found on step  509
 current point:
  at point   39.771  40.002  39.662
  closest atom surface    2.303   C15 URE X    1
  2nd closest surface     2.303   C33 URE X    1
  found on step  937
  no. of rejections          394
 stored as    -4

 highest radius point found:
  at point   40.484  39.802  39.636
  closest atom surface    2.375   C33 URE X    1
  2nd closest surface     2.377   C14 URE X    1
  found on step  959
  this is also current point
  no. of rejections          393
 stored as    -5

 highest radius point found:
  at point   40.290  39.602  39.712
  closest atom surface    2.441   C15 URE X    1
  2nd closest surface     2.442   C14 URE X    1
  found on step  727
 current point:
  at point   40.168  39.602  39.722
  closest atom surface    2.439   C33 URE X    1
  2nd closest surface     2.439   C15 URE X    1
  found on step  967
  no. of rejections          393
 stored as    -6

 highest radius point found:
  at point   40.247  39.402  39.743
  closest atom surface    2.508   C33 URE X    1
  2nd closest surface     2.513   C14 URE X    1
  found on step  460
 current point:
  at point   40.752  39.402  39.625
  closest atom surface    2.491   C33 URE X    1
  2nd closest surface     2.491   C14 URE X    1
  found on step  950
  no. of rejections          372
 stored as    -7

 highest radius point found:
  at point   40.344  39.202  39.755
  closest atom surface    2.557   C13 URE X    1
  2nd closest surface     2.557   C34 URE X    1
  found on step  875
 current point:
  at point   40.351  39.202  39.753
  closest atom surface    2.557   C34 URE X    1
  2nd closest surface     2.557   C13 URE X    1
  found on step  993
  no. of rejections          359
 stored as    -8

 highest radius point found:
  at point   40.885  39.002  39.676
  closest atom surface    2.588   C13 URE X    1
  2nd closest surface     2.588   C34 URE X    1
  found on step  981
  this is also current point
  no. of rejections          400
 stored as    -9

 highest radius point found:
  at point   40.992  38.802  39.680
  closest atom surface    2.624   C34 URE X    1
  2nd closest surface     2.625   C13 URE X    1
  found on step   91
 current point:
  at point   40.970  38.802  39.685
  closest atom surface    2.622   C13 URE X    1
  2nd closest surface     2.622   C34 URE X    1
  found on step  938
  no. of rejections          397
 stored as   -10

 highest radius point found:
  at point   41.087  38.602  39.685
  closest atom surface    2.668   C34 URE X    1
  2nd closest surface     2.673   C13 URE X    1
  found on step  527
 current point:
  at point   40.895  38.602  39.725
  closest atom surface    2.650   C34 URE X    1
  2nd closest surface     2.650   C13 URE X    1
  found on step  984
  no. of rejections          374
 stored as   -11

 highest radius point found:
  at point   41.181  38.402  39.693
  closest atom surface    2.725   C34 URE X    1
  2nd closest surface     2.729   C13 URE X    1
  found on step  369
 current point:
  at point   41.196  38.402  39.691
  closest atom surface    2.725   S1  URE X    1
  2nd closest surface     2.728   C34 URE X    1
  found on step  978
  no. of rejections          377
 stored as   -12

 highest radius point found:
  at point   41.281  38.202  39.702
  closest atom surface    2.794   C13 URE X    1
  2nd closest surface     2.794   C34 URE X    1
  found on step  925
  this is also current point
  no. of rejections          369
 stored as   -13

 highest radius point found:
  at point   41.384  38.002  39.707
  closest atom surface    2.870   C34 URE X    1
  2nd closest surface     2.871   S1  URE X    1
  found on step  988
  this is also current point
  no. of rejections          370
 stored as   -14

 highest radius point found:
  at point   41.478  37.802  39.716
  closest atom surface    2.955   C13 URE X    1
  2nd closest surface     2.956   C34 URE X    1
  found on step  916
  this is also current point
  no. of rejections          380
 stored as   -15

 highest radius point found:
  at point   41.581  37.602  39.717
  closest atom surface    3.045   S1  URE X    1
  2nd closest surface     3.046   C12 URE X    1
  found on step  985
  this is also current point
  no. of rejections          380
 stored as   -16

 highest radius point found:
  at point   41.691  37.402  39.686
  closest atom surface    3.122   C34 URE X    1
  2nd closest surface     3.123   C12 URE X    1
  found on step  963
  this is also current point
  no. of rejections          406
 stored as   -17

 highest radius point found:
  at point   41.832  37.202  39.647
  closest atom surface    3.213   C34 URE X    1
  2nd closest surface     3.214   S1  URE X    1
  found on step  985
  this is also current point
  no. of rejections          370
 stored as   -18

 highest radius point found:
  at point   41.961  37.002  39.612
  closest atom surface    3.310   S1  URE X    1
  2nd closest surface     3.312   C34 URE X    1
  found on step  949
  this is also current point
  no. of rejections          349
 stored as   -19

 highest radius point found:
  at point   42.082  36.802  39.580
  closest atom surface    3.418   C34 URE X    1
  2nd closest surface     3.419   C12 URE X    1
  found on step  616
 current point:
  at point   42.079  36.802  39.584
  closest atom surface    3.416   C12 URE X    1
  2nd closest surface     3.420   C34 URE X    1
  found on step  926
  no. of rejections          372
 stored as   -20

 highest radius point found:
  at point   42.210  36.602  39.547
  closest atom surface    3.533   C12 URE X    1
  2nd closest surface     3.534   S1  URE X    1
  found on step  867
 current point:
  at point   42.207  36.602  39.545
  closest atom surface    3.533   C34 URE X    1
  2nd closest surface     3.535   S1  URE X    1
  found on step  986
  no. of rejections          304
 stored as   -21

 highest radius point found:
  at point   42.338  36.402  39.516
  closest atom surface    3.655   C12 URE X    1
  2nd closest surface     3.656   S1  URE X    1
  found on step  982
  this is also current point
  no. of rejections          337
 stored as   -22

 highest radius point found:
  at point   42.497  36.202  39.496
  closest atom surface    3.774   S1  URE X    1
  2nd closest surface     3.774   C   URE X    1
  found on step  940
  this is also current point
  no. of rejections          313
 stored as   -23

 highest radius point found:
  at point   42.664  36.002  39.457
  closest atom surface    3.898   S1  URE X    1
  2nd closest surface     3.899   C   URE X    1
  found on step  944
  this is also current point
  no. of rejections          283
 stored as   -24

 highest radius point found:
  at point   42.834  35.802  39.416
  closest atom surface    4.029   S1  URE X    1
  2nd closest surface     4.030   C11 URE X    1
  found on step  828
 current point:
  at point   42.833  35.802  39.400
  closest atom surface    4.029   S1  URE X    1
  2nd closest surface     4.029   C   URE X    1
  found on step  990
  no. of rejections          303
 stored as   -25

 highest radius point found:
  at point   43.000  35.602  39.370
  closest atom surface    4.170   S1  URE X    1
  2nd closest surface     4.171   C11 URE X    1
  found on step  963
  this is also current point
  no. of rejections          277
 stored as   -26

 highest radius point found:
  at point   43.168  35.402  39.315
  closest atom surface    4.318   H3  URE X    1
  2nd closest surface     4.318   S1  URE X    1
  found on step 1000
  this is also current point
  no. of rejections          267
 stored as   -27

 highest radius point found:
  at point   43.352  35.202  39.288
  closest atom surface    4.471   S1  URE X    1
  2nd closest surface     4.472   H3  URE X    1
  found on step  179
 current point:
  at point   43.355  35.202  39.289
  closest atom surface    4.470   S1  URE X    1
  2nd closest surface     4.472   C11 URE X    1
  found on step  906
  no. of rejections          294
 stored as   -28

 highest radius point found:
  at point   43.542  35.002  39.231
  closest atom surface    4.630   S1  URE X    1
  2nd closest surface     4.632   H3  URE X    1
  found on step  330
 current point:
  at point   43.549  35.002  39.228
  closest atom surface    4.628   S1  URE X    1
  2nd closest surface     4.637   H3  URE X    1
  found on step  993
  no. of rejections          229
 stored as   -29

 highest radius point found:
  at point   44.711  34.802  37.607
  closest atom surface    4.896   S1  URE X    1
  2nd closest surface     4.940   H33 URE X    1
  found on step 1000
  this is also current point
  no. of rejections          210
 stored as   -30

 highest radius point found:
  at point   44.834  34.602  37.515
  closest atom surface    5.113   S1  URE X    1
  2nd closest surface     5.113   O3  URE X    1
  found on step  985
  this is also current point
  no. of rejections          273
 stored as   -31

 highest radius point found:
  at point   44.864  34.402  37.605
  closest atom surface    5.290   S1  URE X    1
  2nd closest surface     5.295   O3  URE X    1
  found on step  972
  this is also current point
  no. of rejections          236
 stored as   -32

 highest radius point found:
  at point   44.896  34.202  37.672
  closest atom surface    5.473   O3  URE X    1
  2nd closest surface     5.473   H33 URE X    1
  found on step  969
  this is also current point
  no. of rejections          210
 stored as   -33

 highest radius point found:
  at point   44.925  34.002  37.755
  closest atom surface    5.655   H33 URE X    1
  2nd closest surface     5.655   S1  URE X    1
  found on step  990
  this is also current point
  no. of rejections          309
 stored as   -34

 highest radius point found:
  at point   44.958  33.802  37.832
  closest atom surface    5.839   S1  URE X    1
  2nd closest surface     5.840   H33 URE X    1
  found on step  987
  this is also current point
  no. of rejections          202
 stored as   -35

 highest radius point found:
  at point   45.057  33.602  37.975
  closest atom surface    6.016   O3  URE X    1
  2nd closest surface     6.019   S1  URE X    1
  found on step    4
 current point:
  at point   45.490  33.602  39.202
  closest atom surface    5.969   S1  URE X    1
  2nd closest surface     5.970   H26 URE X    1
  found on step  986
  no. of rejections          210
 stored as   -36

 highest radius point found:
  at point   45.168  33.402  38.152
  closest atom surface    6.200   O3  URE X    1
  2nd closest surface     6.200   S1  URE X    1
  found on step  734
 current point:
  at point   45.182  33.402  38.176
  closest atom surface    6.198   S1  URE X    1
  2nd closest surface     6.200   O3  URE X    1
  found on step  969
  no. of rejections          298
 stored as   -37

 highest radius point found:
  at point   45.295  33.202  38.338
  closest atom surface    6.387   S1  URE X    1
  2nd closest surface     6.387   O3  URE X    1
  found on step  913
  this is also current point
  no. of rejections          263
 stored as   -38

 highest radius point found:
  at point   45.390  33.002  38.624
  closest atom surface    6.571   H3  URE X    1
  2nd closest surface     6.571   S1  URE X    1
  found on step  997
  this is also current point
  no. of rejections          288
 stored as   -39

 highest radius point found:
  at point   45.467  32.802  38.855
  closest atom surface    6.734   C27 URE X    1
  2nd closest surface     6.737   H3  URE X    1
  found on step  977
  this is also current point
  no. of rejections          282
 stored as   -40

 highest radius point found:
  at point   45.572  32.602  38.861
  closest atom surface    6.888   C27 URE X    1
  2nd closest surface     6.897   H3  URE X    1
  found on step  668
 current point:
  at point   45.605  32.602  38.525
  closest atom surface    6.877   H3  URE X    1
  2nd closest surface     6.877   C27 URE X    1
  found on step  894
  no. of rejections          258
 stored as   -41

 highest radius point found:
  at point   45.665  32.402  38.870
  closest atom surface    7.049   H3  URE X    1
  2nd closest surface     7.049   C27 URE X    1
  found on step  993
  this is also current point
  no. of rejections          272
 stored as   -42

 highest radius point found:
  at point   45.776  32.202  38.881
  closest atom surface    7.207   C27 URE X    1
  2nd closest surface     7.217   C11 URE X    1
  found on step  864
 current point:
  at point   45.781  32.202  38.755
  closest atom surface    7.203   C27 URE X    1
  2nd closest surface     7.204   H3  URE X    1
  found on step  968
  no. of rejections          257
 stored as   -43

 highest radius point found:
  at point   45.869  32.002  38.860
  closest atom surface    7.372   C27 URE X    1
  2nd closest surface     7.373   H3  URE X    1
  found on step  575
 current point:
  at point   45.917  32.002  38.450
  closest atom surface    7.360   C27 URE X    1
  2nd closest surface     7.360   H3  URE X    1
  found on step  925
  no. of rejections          295
 stored as   -44

 highest radius point found:
  at point   45.967  31.802  38.875
  closest atom surface    7.539   H3  URE X    1
  2nd closest surface     7.539   C27 URE X    1
  found on step  971
  this is also current point
  no. of rejections          271
 stored as   -45

 highest radius point found:
  at point   46.064  31.602  38.904
  closest atom surface    7.709   C27 URE X    1
  2nd closest surface     7.709   H3  URE X    1
  found on step  938
  this is also current point
  no. of rejections          220
 stored as   -46

 highest radius point found:
  at point   46.192  31.402  38.677
  closest atom surface    7.870   C27 URE X    1
  2nd closest surface     7.872   H3  URE X    1
  found on step   22
 current point:
  at point   46.231  31.402  38.338
  closest atom surface    7.868   C27 URE X    1
  2nd closest surface     7.869   H3  URE X    1
  found on step  939
  no. of rejections          215
 stored as   -47

 highest radius point found:
  at point   46.276  31.202  38.875
  closest atom surface    8.049   C27 URE X    1
  2nd closest surface     8.058   H3  URE X    1
  found on step  139
 current point:
  at point   46.339  31.202  38.281
  closest atom surface    8.042   O3  URE X    1
  2nd closest surface     8.042   C27 URE X    1
  found on step  976
  no. of rejections          230
 stored as   -48

 highest radius point found:
  at point   46.362  31.002  38.930
  closest atom surface    8.228   C11 URE X    1
  2nd closest surface     8.228   C27 URE X    1
  found on step  374
 current point:
  at point   46.431  31.002  38.329
  closest atom surface    8.217   H3  URE X    1
  2nd closest surface     8.217   C27 URE X    1
  found on step  973
  no. of rejections          269
 stored as   -49

 highest radius point found:
  at point   46.466  30.802  38.913
  closest atom surface    8.403   C27 URE X    1
  2nd closest surface     8.407   H3  URE X    1
  found on step   60
 current point:
  at point   46.537  30.802  38.279
  closest atom surface    8.396   C27 URE X    1
  2nd closest surface     8.396   H3  URE X    1
  found on step  963
  no. of rejections          184
 stored as   -50

 highest radius point found:
  at point   46.579  30.602  38.962
  closest atom surface    8.581   C27 URE X    1
  2nd closest surface     8.582   C11 URE X    1
  found on step  214
 current point:
  at point   46.642  30.602  38.230
  closest atom surface    8.576   C27 URE X    1
  2nd closest surface     8.577   H3  URE X    1
  found on step  974
  no. of rejections          200
 stored as   -51

 highest radius point found:
  at point   46.664  30.402  38.899
  closest atom surface    8.762   C27 URE X    1
  2nd closest surface     8.763   H3  URE X    1
  found on step  118
 current point:
  at point   46.744  30.402  38.205
  closest atom surface    8.758   C27 URE X    1
  2nd closest surface     8.758   H3  URE X    1
  found on step  999
  no. of rejections          233
 stored as   -52

 highest radius point found:
  at point   46.772  30.202  38.820
  closest atom surface    8.941   C27 URE X    1
  2nd closest surface     8.942   H3  URE X    1
  found on step  997
  this is also current point
  no. of rejections          189
 stored as   -53

 highest radius point found:
  at point   49.952  30.002  42.128
  closest atom surface    9.656   C27 URE X    1
  2nd closest surface     9.658   H13 URE X    1
  found on step  998
  this is also current point
  no. of rejections          143
 stored as   -54

 highest radius point found:
  at point   54.695  29.802  46.272
  closest atom surface   12.975   C27 URE X    1
  2nd closest surface    13.048   H13 URE X    1
  found on step 1000
  this is also current point
  no. of rejections          200
 stored as   -55

 highest radius point found:
  at point   61.698  29.602  53.228
  closest atom surface   20.849   H13 URE X    1
  2nd closest surface    20.854   C27 URE X    1
  found on step 1000
  this is also current point
  no. of rejections          237
 stored as   -56

 highest radius point found:
  at point   69.535  29.402  59.527
  closest atom surface   29.975   C27 URE X    1
  2nd closest surface    30.115   H27 URE X    1
  found on step 1000
  this is also current point
  no. of rejections          240
 This is an end! (radius above  22.0 angs)
 
 N.b. Graph information routine (HOGRAP) differs 
        markedly from previous versions!
       Information now is written from -ve end
       to +ve in one pass
 
 Explanation of the meaning of each column: 
 First column "cenxyz.cvec" is the coordinate in the
   direction of the channel vector i.e. if the channel
   vector is in z (0 0 1) then it is the z coordinate.
 The second column "radius" is the hole pore radius 
   (as defined in the Biophys J 1993) article).
 The third column "cen_line_D" is the distance 
   measured along the pore centre line - with the 
   first point found set to zero. This was the first
   thing that I used to measure the distance along a pore
   but "cenxyz.cvec" is a much better general measure. 
   However, by comparing changes in this distance to changes in '   "cenxyz.cvec" one can get a measure of how straight a 
   channel is.
 The fourth column "sum{s/(area)}" is useful in conductance
   prediction -
   basically it is the sum of the thickness of each slab
   divided by its area. HOLE uses this measure to estimate
   the macroscopic conductance of a channel.
 If any of this worries you one can see the "raw" results
   of a standard hole run by producing a sphpdb file and 
    directly looking at the results.
 cenxyz.cvec      radius  cen_line_D sum{s/(area point sourc
    29.60152    20.84858   -37.01360     0.00007   (sampled)
    29.70152    16.67732   -32.07736     0.00019 (mid-point)
    29.80152    12.97477   -27.14112     0.00038   (sampled)
    29.90152    11.04012   -23.99025     0.00064 (mid-point)
    30.00152     9.65620   -20.83938     0.00098   (sampled)
    30.10152     9.06540   -18.54268     0.00137 (mid-point)
    30.20152     8.94116   -16.24598     0.00176   (sampled)
    30.30152     8.85121   -16.12564     0.00217 (mid-point)
    30.40152     8.76186   -16.00530     0.00259   (sampled)
    30.50152     8.67098   -15.89230     0.00301 (mid-point)
    30.60152     8.58052   -15.77930     0.00344   (sampled)
    30.70152     8.49158   -15.66177     0.00388 (mid-point)
    30.80152     8.40322   -15.54424     0.00433   (sampled)
    30.90152     8.31526   -15.43118     0.00479 (mid-point)
    31.00152     8.22753   -15.31812     0.00526   (sampled)
    31.10152     8.13815   -15.20580     0.00574 (mid-point)
    31.20152     8.04895   -15.09349     0.00624   (sampled)
    31.30152     7.95899   -14.94667     0.00674 (mid-point)
    31.40152     7.87042   -14.79984     0.00725   (sampled)
    31.50152     7.78848   -14.63561     0.00778 (mid-point)
    31.60152     7.70866   -14.47137     0.00831   (sampled)
    31.70152     7.62353   -14.35924     0.00886 (mid-point)
    31.80152     7.53888   -14.24711     0.00942   (sampled)
    31.90152     7.45514   -14.13556     0.00999 (mid-point)
    32.00152     7.37191   -14.02401     0.01058   (sampled)
    32.10152     7.28907   -13.91309     0.01118 (mid-point)
    32.20152     7.20682   -13.80217     0.01179   (sampled)
    32.30152     7.12732   -13.68786     0.01242 (mid-point)
    32.40152     7.04857   -13.57356     0.01306   (sampled)
    32.50152     6.96792   -13.46314     0.01371 (mid-point)
    32.60152     6.88793   -13.35272     0.01438   (sampled)
    32.70152     6.81065   -13.23968     0.01507 (mid-point)
    32.80152     6.73416   -13.12664     0.01577   (sampled)
    32.90152     6.65194   -12.96910     0.01649 (mid-point)
    33.00152     6.57148   -12.81156     0.01723   (sampled)
    33.10152     6.47773   -12.63057     0.01799 (mid-point)
    33.20152     6.38683   -12.44958     0.01877   (sampled)
    33.30152     6.29244   -12.29920     0.01957 (mid-point)
    33.40152     6.19956   -12.14882     0.02040   (sampled)
    33.50152     6.10674   -12.00380     0.02125 (mid-point)
    33.60152     6.01554   -11.85878     0.02213   (sampled)
    33.70152     5.92734   -11.72645     0.02304 (mid-point)
    33.80152     5.83943   -11.59411     0.02397   (sampled)
    33.90152     5.74688   -11.48559     0.02494 (mid-point)
    34.00152     5.65472   -11.37707     0.02593   (sampled)
    34.10152     5.56344   -11.26803     0.02696 (mid-point)
    34.20152     5.47256   -11.15898     0.02802   (sampled)
    34.30152     5.38097   -11.05213     0.02912 (mid-point)
    34.40152     5.28962   -10.94527     0.03026   (sampled)
    34.50152     5.20113   -10.83463     0.03144 (mid-point)
    34.60152     5.11327   -10.72398     0.03265   (sampled)
    34.70152     5.00451   -10.59791     0.03393 (mid-point)
    34.80152     4.89634   -10.47184     0.03525   (sampled)
    34.90152     4.68911    -9.46606     0.03670 (mid-point)
    35.00152     4.62963    -8.46028     0.03819   (sampled)
    35.10152     4.54905    -8.31963     0.03972 (mid-point)
    35.20152     4.47053    -8.17898     0.04132   (sampled)
    35.30152     4.39315    -8.04220     0.04297 (mid-point)
    35.40152     4.31758    -7.90543     0.04467   (sampled)
    35.50152     4.24282    -7.77199     0.04644 (mid-point)
    35.60152     4.16983    -7.63855     0.04827   (sampled)
    35.70152     4.09834    -7.50673     0.05017 (mid-point)
    35.80152     4.02889    -7.37492     0.05213   (sampled)
    35.90152     3.96213    -7.24212     0.05416 (mid-point)
    36.00152     3.89760    -7.10931     0.05625   (sampled)
    36.10152     3.83477    -6.97762     0.05842 (mid-point)
    36.20152     3.77426    -6.84593     0.06065   (sampled)
    36.30152     3.71355    -6.71754     0.06296 (mid-point)
    36.40152     3.65504    -6.58916     0.06534   (sampled)
    36.50152     3.59326    -6.46940     0.06781 (mid-point)
    36.60152     3.53343    -6.34964     0.07036   (sampled)
    36.70152     3.47513    -6.22974     0.07299 (mid-point)
    36.80152     3.41814    -6.10985     0.07572   (sampled)
    36.90152     3.36378    -5.99203     0.07853 (mid-point)
    37.00152     3.31010    -5.87420     0.08144   (sampled)
    37.10152     3.26071    -5.75394     0.08443 (mid-point)
    37.20152     3.21269    -5.63368     0.08751   (sampled)
    37.30152     3.16616    -5.50963     0.09069 (mid-point)
    37.40152     3.12229    -5.38558     0.09395   (sampled)
    37.50152     3.08316    -5.27053     0.09730 (mid-point)
    37.60152     3.04537    -5.15548     0.10073   (sampled)
    37.70152     3.00031    -5.04296     0.10427 (mid-point)
    37.80152     2.95547    -4.93044     0.10791   (sampled)
    37.90152     2.91234    -4.81994     0.11167 (mid-point)
    38.00152     2.87041    -4.70945     0.11553   (sampled)
    38.10152     2.83096    -4.59675     0.11950 (mid-point)
    38.20152     2.79378    -4.48406     0.12358   (sampled)
    38.30152     2.75811    -4.37230     0.12777 (mid-point)
    38.40152     2.72477    -4.26054     0.13205   (sampled)
    38.50152     2.69530    -4.15003     0.13643 (mid-point)
    38.60152     2.66834    -4.03951     0.14090   (sampled)
    38.70152     2.64508    -3.92873     0.14545 (mid-point)
    38.80152     2.62444    -3.81796     0.15008   (sampled)
    38.90152     2.60475    -3.70450     0.15477 (mid-point)
    39.00152     2.58766    -3.59104     0.15952   (sampled)
    39.10152     2.56281    -3.29978     0.16437 (mid-point)
    39.20152     2.55710    -3.00851     0.16924   (sampled)
    39.30152     2.53919    -2.89735     0.17417 (mid-point)
    39.40152     2.50776    -2.78619     0.17923   (sampled)
    39.50152     2.47528    -2.68275     0.18443 (mid-point)
    39.60152     2.44131    -2.57931     0.18977   (sampled)
    39.70152     2.40718    -2.43505     0.19526 (mid-point)
    39.80152     2.37451    -2.29080     0.20091   (sampled)
    39.90152     2.32168    -1.89596     0.20681 (mid-point)
    40.00152     2.30585    -1.50112     0.21280   (sampled)
    40.10152     2.27907    -1.38872     0.21893 (mid-point)
    40.20152     2.25520    -1.27633     0.22519   (sampled)
    40.30152     2.22652    -1.17277     0.23161 (mid-point)
    40.40152     2.20028    -1.06922     0.23818   (sampled)
    40.50152     2.17979    -0.96630     0.24488 (mid-point)
    40.60152     2.16036    -0.86338     0.25170   (sampled)
    40.70152     2.11889    -0.43169     0.25879 (mid-point)
    40.80152     2.12416     0.00000     0.26585   (sampled)
    40.90152     2.11167     0.10372     0.27299 (mid-point)
    41.00152     2.10187     0.20745     0.28019   (sampled)
    41.10152     2.07424     0.47164     0.28759 (mid-point)
    41.20152     2.06428     0.73584     0.29506   (sampled)
    41.30152     2.02838     1.09984     0.30280 (mid-point)
    41.40152     2.02441     1.46385     0.31056   (sampled)
    41.50152     2.02237     1.61998     0.31835 (mid-point)
    41.60152     2.01579     1.77610     0.32618   (sampled)
    41.70152     2.02381     1.87731     0.33395 (mid-point)
    41.80152     2.03357     1.97851     0.34165   (sampled)
    41.90152     2.00614     2.09742     0.34956 (mid-point)
    42.00152     1.98211     2.21632     0.35766   (sampled)
    42.10152     1.94757     2.35501     0.36605 (mid-point)
    42.20152     1.91664     2.49370     0.37472   (sampled)
    42.30152     1.87436     2.97690     0.38378 (mid-point)
    42.40152     1.89447     3.46010     0.39264   (sampled)
    42.50152     1.84994     4.27412     0.40195 (mid-point)
    42.60152     1.98114     5.08813     0.41006   (sampled)
    42.70152     1.98105     5.22981     0.41817 (mid-point)
    42.80152     1.98649     5.37148     0.42623   (sampled)
    42.90152     1.98653     5.51858     0.43430 (mid-point)
    43.00152     1.99099     5.66569     0.44233   (sampled)
    43.10152     2.00237     5.81657     0.45027 (mid-point)
    43.20152     2.01948     5.96746     0.45807   (sampled)
    43.30152     2.04175     6.11675     0.46571 (mid-point)
    43.40152     2.06913     6.26605     0.47314   (sampled)
    43.50152     2.10385     6.41925     0.48034 (mid-point)
    43.60152     2.14181     6.57246     0.48727   (sampled)
    43.70152     2.18775     6.72254     0.49392 (mid-point)
    43.80152     2.23791     6.87261     0.50028   (sampled)
    43.90152     2.29331     7.02559     0.50633 (mid-point)
    44.00152     2.35278     7.17856     0.51208   (sampled)
    44.10152     2.40498     7.63564     0.51759 (mid-point)
    44.20152     2.50608     8.09272     0.52265   (sampled)
    44.30152     4.17083    13.25688     0.52448 (mid-point)
    44.40152     8.52919    18.42105     0.52492   (sampled)
    44.50152    13.01511    23.32204     0.52511 (mid-point)
    44.60152    17.69792    28.22304     0.52521   (sampled)

 Minimum radius found:      1.850 angstroms.



 For spherical probe approach, The geometric factor
         F= sum(ds/area) along channel is    0.525 angstroms**-1
 This yields a macroscopic predicted molar conductance of:
   (1/rho)*(100/F)= (190/rho) pS,
   where rho is the conductivity of 1M permeant ion in ohm m.
 N.B. this is a macroscopic conductance - an overestimate 
 Empirically corrected conductances currently only available
 With the CAPSULE option (although its not that stable!)
 For 1M KCl rho= 1/12 (ohm m), So Gmacro= 2300 pS/M.
  (TAG      1   Rmin=     1.84994   Gmacro=  2284.79489 Conn_Gmacro=    -1.00000 ).
 HOLE: normal completion
