 *** Program HOLE ***
 
 If results of this run are reported or published, please
 cite the publication listed below.
 For the HOLE program:
   Smart, O.S., Goodfellow, J.M., Wallace, B.A. (1993). 
   The pore dimensions of gramicidin A. 
   Biophys. J., 65, 2455-2460.
 
 Originally written by Oliver Smart at Birkbeck College from April 1992.
 Copyright 1993-2005 Oliver Smart
 Copyright 2014-2015 SmartSci Limited.
 Copyright 2016 Oliver Smart.
 
 For help on HOLE suite see  http://www.holeprogram.org/
 
 HOLE release 2.2.005 (07 August 2016) 
 
 usage subject to Apache License, Version 2.0 
 see http://www.apache.org/licenses/LICENSE-2.0 

 Control variables read:

! Input file for Oliver Smart's HOLE program
! written by MDAnalysis.analysis.hole2.HoleAnalysis
! for a Universe
! u = mda.Universe(/afs/crc.nd.edu/user/m/mfarshad/Private/ML-new/traj/host-hub/
!    /afs/crc.nd.edu/user/m/mfarshad/Private/ML-new/traj/host-hub/host_hub.trr
!   )
! Frame 20

COORD  /tmp/2550298.1.long/tmphbtfvbrk.pdb
RADIUS simple2.rad
SPHPDB hole020.sph
SAMPLE 0.200000
ENDRAD 22.000000
IGNORE SOL WAT TIP HOH K   NA  CL
SHORTO 0
RASEED 31415
CPOINT 29.7739541284 29.7674310947 29.8338928552


 WARNING have not found a CVECT record - will try to guess
 Input pdb filename read as:    '/tmp/2550298.1.long/tmphbtfvbrk.pdb'
 Input vdW radius file read as: 'simple2.rad'
 point in channel:   29.774  29.767  29.834
 channel vector:   ************************
 sampling distance between planes:    0.200

 graphics conditions:
 binary plot output file name: NONE
 Dot density:    10
 Draw dots?           T
 Draw close contacts? F
 Draw centre line?    T
 Produce spikes rather than dots? F
 Seed for random number generator:     31415 (0 means value set by program)
 Radius above which a result is regarded as an 'end':  22.000
 Pdb format file for sphere centres: hole020.sph

 Monte Carlo conditions:
  no of steps:  1000
  maximum displacement   0.100 angs
  'kT' initial   0.100 angs
 The spherebox and capsule options are turned off.
 (No molqpt card so will not write qpt file of the molecule)
 IGNORE card read so will ignore residue types: SOL WAT TIP HOH K   NA  CL
 no SHORTO card read so will produce full textual output
 As no PEGRAT card was found will not produce PEG polymer exclusion graph
 (No 2DMAPS card specified so will not produce 2D property maps)
 Have not found a CUT card.  Normal calculation using
   Cutoff lists with a cutsize=       1.000
   (if you wish to turn off option use a CUT -1 card)

 Have read     7 bond radius records and
              16 vdW radius records.
 From file: simple2.rad

 Have read   116 atom records.
 From file: /tmp/2550298.1.long/tmphbtfvbrk.pdb
 Will not produce graphical output

 Have opened file for pdb format output of sphere centres:  hole020.sph

  Seed integer used by ran # generator on this run      31415

 
 S/R cguess will try to guess CPOINT and/or CVECT
 
 THESE GUESSES MAY WELL BE WRONG!!!!
 Routine relies on having a reasonably symmetric
 channel oriented along x, y or z vector
 YOU ARE STRONGLY ADVISED TO CHECK THE RESULTS
                       WITH MOLECULAR GRAPHICS
 testing points from cpoint in X, Y then Z direction
   point                   pore radius
direction     1
  24.774  29.767  29.834    -1.263
  25.774  29.767  29.834    -1.173
  26.774  29.767  29.834    -0.191
  27.774  29.767  29.834     0.804
  28.774  29.767  29.834     1.523
  29.774  29.767  29.834     1.791
  30.774  29.767  29.834     0.936
  31.774  29.767  29.834     0.231
  32.774  29.767  29.834    -0.442
  33.774  29.767  29.834    -1.140
  34.774  29.767  29.834    -1.238
 Average pore radius along the line=     -0.015
direction     2
  29.774  24.767  29.834     2.673
  29.774  25.767  29.834     2.284
  29.774  26.767  29.834     1.838
  29.774  27.767  29.834     1.521
  29.774  28.767  29.834     1.504
  29.774  29.767  29.834     1.791
  29.774  30.767  29.834     2.177
  29.774  31.767  29.834     2.304
  29.774  32.767  29.834     2.655
  29.774  33.767  29.834     3.040
  29.774  34.767  29.834     3.203
 Average pore radius along the line=      2.272
direction     3
  29.774  29.767  24.834    -0.971
  29.774  29.767  25.834    -0.552
  29.774  29.767  26.834     0.271
  29.774  29.767  27.834     0.897
  29.774  29.767  28.834     1.699
  29.774  29.767  29.834     1.791
  29.774  29.767  30.834     1.785
  29.774  29.767  31.834     1.214
  29.774  29.767  32.834     0.490
  29.774  29.767  33.834    -0.184
  29.774  29.767  34.834    -0.878
 Average pore radius along the line=      0.506
 Best direction is found to be     2
(1=X,2=Y,3=Z)
 s/r cguess has produced initial values for cpoint &/or cvect:
CPOINT      29.7740     29.7674     29.8339
CVECT        0.0000      1.0000      0.0000
 THESE GUESSES MAY WELL BE WRONG!!!!
 Routine relies on having a reasonably symmetric
 channel oriented along x, y or z vector
 YOU ARE STRONGLY ADVISED TO CHECK THE RESULTS
                       WITH MOLECULAR GRAPHICS
 
 
  Some routines (e.g. conn) need vectors normal to cvect: 
     EAST Zero degrees angle is along vector    1.000   0.000   0.000
     NORTH  90 degrees angle is along vector    0.000   0.000   1.000
 highest radius point found:
  at point   29.458  29.767  30.209
  closest atom surface    2.149   O1  7QR X    1
  2nd closest surface     2.150   H49 7QR X    1
  found on step  757
 current point:
  at point   29.459  29.767  30.211
  closest atom surface    2.148   O1  7QR X    1
  2nd closest surface     2.152   H49 7QR X    1
  found on step  953
  no. of rejections          394
 stored as     0

 highest radius point found:
  at point   29.487  29.967  30.116
  closest atom surface    2.182   O1  7QR X    1
  2nd closest surface     2.182   C25 7QR X    1
  found on step  958
  this is also current point
  no. of rejections          358
 stored as     1

 highest radius point found:
  at point   29.526  30.167  30.133
  closest atom surface    2.187   N7  7QR X    1
  2nd closest surface     2.189   H13 7QR X    1
  found on step  696
 current point:
  at point   29.531  30.167  30.125
  closest atom surface    2.186   H13 7QR X    1
  2nd closest surface     2.188   C25 7QR X    1
  found on step  906
  no. of rejections          407
 stored as     2

 highest radius point found:
  at point   29.547  30.367  30.143
  closest atom surface    2.187   C25 7QR X    1
  2nd closest surface     2.188   N7  7QR X    1
  found on step  794
 current point:
  at point   29.552  30.367  30.135
  closest atom surface    2.186   C25 7QR X    1
  2nd closest surface     2.191   H13 7QR X    1
  found on step  964
  no. of rejections          386
 stored as     3

 highest radius point found:
  at point   29.575  30.567  30.156
  closest atom surface    2.201   H13 7QR X    1
  2nd closest surface     2.204   C25 7QR X    1
  found on step  993
  this is also current point
  no. of rejections          400
 stored as     4

 highest radius point found:
  at point   29.598  30.767  30.161
  closest atom surface    2.221   C25 7QR X    1
  2nd closest surface     2.229   H13 7QR X    1
  found on step  194
 current point:
  at point   29.672  30.767  30.033
  closest atom surface    2.203   H13 7QR X    1
  2nd closest surface     2.204   C25 7QR X    1
  found on step  983
  no. of rejections          375
 stored as     5

 highest radius point found:
  at point   29.645  30.967  30.152
  closest atom surface    2.253   H13 7QR X    1
  2nd closest surface     2.258   C25 7QR X    1
  found on step  973
  this is also current point
  no. of rejections          362
 stored as     6

 highest radius point found:
  at point   29.650  31.167  30.213
  closest atom surface    2.302   N7  7QR X    1
  2nd closest surface     2.305   H13 7QR X    1
  found on step  198
 current point:
  at point   30.168  31.167  29.193
  closest atom surface    2.258   C6  7QR X    1
  2nd closest surface     2.258   C25 7QR X    1
  found on step  995
  no. of rejections          403
 stored as     7

 highest radius point found:
  at point   29.678  31.367  30.204
  closest atom surface    2.355   C6  7QR X    1
  2nd closest surface     2.356   C25 7QR X    1
  found on step  987
  this is also current point
  no. of rejections          364
 stored as     8

 highest radius point found:
  at point   29.682  31.567  30.225
  closest atom surface    2.406   C25 7QR X    1
  2nd closest surface     2.406   C6  7QR X    1
  found on step  998
  this is also current point
  no. of rejections          423
 stored as     9

 highest radius point found:
  at point   29.691  31.767  30.240
  closest atom surface    2.463   C6  7QR X    1
  2nd closest surface     2.464   N7  7QR X    1
  found on step  968
  this is also current point
  no. of rejections          360
 stored as    10

 highest radius point found:
  at point   29.702  31.967  30.259
  closest atom surface    2.526   C6  7QR X    1
  2nd closest surface     2.530   N7  7QR X    1
  found on step  316
 current point:
  at point   30.336  31.967  28.976
  closest atom surface    2.495   C25 7QR X    1
  2nd closest surface     2.496   H17 7QR X    1
  found on step  991
  no. of rejections          367
 stored as    11

 highest radius point found:
  at point   29.709  32.167  30.264
  closest atom surface    2.603   C6  7QR X    1
  2nd closest surface     2.603   C25 7QR X    1
  found on step  764
 current point:
  at point   29.706  32.167  30.265
  closest atom surface    2.602   C25 7QR X    1
  2nd closest surface     2.602   N7  7QR X    1
  found on step  966
  no. of rejections          403
 stored as    12

 highest radius point found:
  at point   29.736  32.367  30.243
  closest atom surface    2.677   C6  7QR X    1
  2nd closest surface     2.679   C25 7QR X    1
  found on step  662
 current point:
  at point   29.745  32.367  30.221
  closest atom surface    2.674   C25 7QR X    1
  2nd closest surface     2.675   C6  7QR X    1
  found on step  992
  no. of rejections          356
 stored as    13

 highest radius point found:
  at point   29.767  32.567  30.211
  closest atom surface    2.758   C6  7QR X    1
  2nd closest surface     2.760   C25 7QR X    1
  found on step 1000
  this is also current point
  no. of rejections          392
 stored as    14

 highest radius point found:
  at point   29.786  32.767  30.203
  closest atom surface    2.847   H42 7QR X    1
  2nd closest surface     2.851   H61 7QR X    1
  found on step  965
  this is also current point
  no. of rejections          373
 stored as    15

 highest radius point found:
  at point   29.819  32.967  30.203
  closest atom surface    2.931   H61 7QR X    1
  2nd closest surface     2.935   H42 7QR X    1
  found on step  414
 current point:
  at point   29.827  32.967  30.179
  closest atom surface    2.929   H42 7QR X    1
  2nd closest surface     2.937   C6  7QR X    1
  found on step  999
  no. of rejections          372
 stored as    16

 highest radius point found:
  at point   29.861  33.167  30.183
  closest atom surface    3.028   C6  7QR X    1
  2nd closest surface     3.029   H42 7QR X    1
  found on step  759
 current point:
  at point   29.860  33.167  30.181
  closest atom surface    3.028   H42 7QR X    1
  2nd closest surface     3.029   C6  7QR X    1
  found on step  977
  no. of rejections          384
 stored as    17

 highest radius point found:
  at point   29.889  33.367  30.183
  closest atom surface    3.130   H42 7QR X    1
  2nd closest surface     3.132   C6  7QR X    1
  found on step  559
 current point:
  at point   29.892  33.367  30.182
  closest atom surface    3.130   C6  7QR X    1
  2nd closest surface     3.130   H17 7QR X    1
  found on step  913
  no. of rejections          390
 stored as    18

 highest radius point found:
  at point   29.866  33.567  30.189
  closest atom surface    3.202   H42 7QR X    1
  2nd closest surface     3.203   H17 7QR X    1
  found on step  916
  this is also current point
  no. of rejections          376
 stored as    19

 highest radius point found:
  at point   29.847  33.767  30.169
  closest atom surface    3.268   H56 7QR X    1
  2nd closest surface     3.271   H17 7QR X    1
  found on step  973
  this is also current point
  no. of rejections          375
 stored as    20

 highest radius point found:
  at point   29.858  33.967  30.205
  closest atom surface    3.332   H56 7QR X    1
  2nd closest surface     3.334   H17 7QR X    1
  found on step  999
  this is also current point
  no. of rejections          394
 stored as    21

 highest radius point found:
  at point   29.875  34.167  30.248
  closest atom surface    3.402   H17 7QR X    1
  2nd closest surface     3.404   H56 7QR X    1
  found on step  667
 current point:
  at point   29.877  34.167  30.255
  closest atom surface    3.402   H56 7QR X    1
  2nd closest surface     3.402   H17 7QR X    1
  found on step  880
  no. of rejections          374
 stored as    22

 highest radius point found:
  at point   29.891  34.367  30.298
  closest atom surface    3.479   H33 7QR X    1
  2nd closest surface     3.480   H17 7QR X    1
  found on step  851
 current point:
  at point   29.897  34.367  30.307
  closest atom surface    3.478   H17 7QR X    1
  2nd closest surface     3.480   H56 7QR X    1
  found on step  936
  no. of rejections          363
 stored as    23

 highest radius point found:
  at point   29.914  34.567  30.360
  closest atom surface    3.564   H56 7QR X    1
  2nd closest surface     3.564   H17 7QR X    1
  found on step  872
 current point:
  at point   29.906  34.567  30.351
  closest atom surface    3.562   H56 7QR X    1
  2nd closest surface     3.563   H33 7QR X    1
  found on step  957
  no. of rejections          345
 stored as    24

 highest radius point found:
  at point   29.929  34.767  30.406
  closest atom surface    3.657   H56 7QR X    1
  2nd closest surface     3.659   H17 7QR X    1
  found on step  976
  this is also current point
  no. of rejections          367
 stored as    25

 highest radius point found:
  at point   29.951  34.967  30.459
  closest atom surface    3.756   H17 7QR X    1
  2nd closest surface     3.759   H56 7QR X    1
  found on step  500
 current point:
  at point   29.965  34.967  30.489
  closest atom surface    3.754   H17 7QR X    1
  2nd closest surface     3.755   H56 7QR X    1
  found on step  984
  no. of rejections          358
 stored as    26

 highest radius point found:
  at point   29.969  35.167  30.513
  closest atom surface    3.864   H17 7QR X    1
  2nd closest surface     3.865   H56 7QR X    1
  found on step  929
  this is also current point
  no. of rejections          396
 stored as    27

 highest radius point found:
  at point   29.987  35.367  30.566
  closest atom surface    3.978   H56 7QR X    1
  2nd closest surface     3.978   H17 7QR X    1
  found on step  916
  this is also current point
  no. of rejections          353
 stored as    28

 highest radius point found:
  at point   30.004  35.567  30.620
  closest atom surface    4.095   H56 7QR X    1
  2nd closest surface     4.099   H17 7QR X    1
  found on step  979
  this is also current point
  no. of rejections          367
 stored as    29

 highest radius point found:
  at point   30.026  35.767  30.676
  closest atom surface    4.221   H56 7QR X    1
  2nd closest surface     4.222   H17 7QR X    1
  found on step  291
 current point:
  at point   30.184  35.767  30.997
  closest atom surface    4.216   H17 7QR X    1
  2nd closest surface     4.216   H56 7QR X    1
  found on step  887
  no. of rejections          332
 stored as    30

 highest radius point found:
  at point   30.236  35.967  31.116
  closest atom surface    4.352   H17 7QR X    1
  2nd closest surface     4.353   H56 7QR X    1
  found on step  965
  this is also current point
  no. of rejections          349
 stored as    31

 highest radius point found:
  at point   30.239  36.167  31.137
  closest atom surface    4.490   H17 7QR X    1
  2nd closest surface     4.490   H56 7QR X    1
  found on step  299
 current point:
  at point   30.118  36.167  30.891
  closest atom surface    4.484   H17 7QR X    1
  2nd closest surface     4.484   H56 7QR X    1
  found on step  916
  no. of rejections          321
 stored as    32

 highest radius point found:
  at point   30.270  36.367  31.217
  closest atom surface    4.634   H56 7QR X    1
  2nd closest surface     4.635   H17 7QR X    1
  found on step  985
  this is also current point
  no. of rejections          338
 stored as    33

 highest radius point found:
  at point   30.285  36.567  31.269
  closest atom surface    4.779   H56 7QR X    1
  2nd closest surface     4.784   H17 7QR X    1
  found on step  335
 current point:
  at point   30.098  36.567  30.879
  closest atom surface    4.769   H56 7QR X    1
  2nd closest surface     4.769   H17 7QR X    1
  found on step  983
  no. of rejections          319
 stored as    34

 highest radius point found:
  at point   30.304  36.767  31.312
  closest atom surface    4.931   H17 7QR X    1
  2nd closest surface     4.932   H56 7QR X    1
  found on step  968
  this is also current point
  no. of rejections          339
 stored as    35

 highest radius point found:
  at point   30.329  36.967  31.378
  closest atom surface    5.086   O4  7QR X    1
  2nd closest surface     5.086   H17 7QR X    1
  found on step  962
  this is also current point
  no. of rejections          271
 stored as    36

 highest radius point found:
  at point   30.342  37.167  31.420
  closest atom surface    5.243   H17 7QR X    1
  2nd closest surface     5.243   H56 7QR X    1
  found on step  988
  this is also current point
  no. of rejections          348
 stored as    37

 highest radius point found:
  at point   30.364  37.367  31.478
  closest atom surface    5.403   O4  7QR X    1
  2nd closest surface     5.404   H17 7QR X    1
  found on step  922
  this is also current point
  no. of rejections          291
 stored as    38

 highest radius point found:
  at point   30.379  37.567  31.529
  closest atom surface    5.565   H56 7QR X    1
  2nd closest surface     5.565   O4  7QR X    1
  found on step  917
  this is also current point
  no. of rejections          313
 stored as    39

 highest radius point found:
  at point   30.395  37.767  31.560
  closest atom surface    5.726   H17 7QR X    1
  2nd closest surface     5.733   H56 7QR X    1
  found on step   19
 current point:
  at point   30.398  37.767  34.740
  closest atom surface    5.456   H63 7QR X    1
  2nd closest surface     5.456   C38 7QR X    1
  found on step  944
  no. of rejections          231
 stored as    40

 highest radius point found:
  at point   30.412  37.967  31.629
  closest atom surface    5.896   O4  7QR X    1
  2nd closest surface     5.896   H56 7QR X    1
  found on step  936
  this is also current point
  no. of rejections          276
 stored as    41

 highest radius point found:
  at point   30.429  38.167  31.671
  closest atom surface    6.067   O4  7QR X    1
  2nd closest surface     6.067   H56 7QR X    1
  found on step  908
  this is also current point
  no. of rejections          306
 stored as    42

 highest radius point found:
  at point   30.443  38.367  31.730
  closest atom surface    6.235   O4  7QR X    1
  2nd closest surface     6.235   H56 7QR X    1
  found on step  953
  this is also current point
  no. of rejections          301
 stored as    43

 highest radius point found:
  at point   30.459  38.567  31.767
  closest atom surface    6.409   H56 7QR X    1
  2nd closest surface     6.410   O4  7QR X    1
  found on step  933
  this is also current point
  no. of rejections          308
 stored as    44

 highest radius point found:
  at point   30.480  38.767  31.816
  closest atom surface    6.583   O4  7QR X    1
  2nd closest surface     6.585   H17 7QR X    1
  found on step  939
  this is also current point
  no. of rejections          275
 stored as    45

 highest radius point found:
  at point   30.492  38.967  31.865
  closest atom surface    6.759   H56 7QR X    1
  2nd closest surface     6.759   O4  7QR X    1
  found on step  995
  this is also current point
  no. of rejections          268
 stored as    46

 highest radius point found:
  at point   30.508  39.167  31.919
  closest atom surface    6.935   O4  7QR X    1
  2nd closest surface     6.935   C9  7QR X    1
  found on step  938
  this is also current point
  no. of rejections          286
 stored as    47

 highest radius point found:
  at point   30.520  39.367  31.979
  closest atom surface    7.111   C9  7QR X    1
  2nd closest surface     7.111   O4  7QR X    1
  found on step  942
  this is also current point
  no. of rejections          258
 stored as    48

 highest radius point found:
  at point   30.528  39.567  32.035
  closest atom surface    7.288   H56 7QR X    1
  2nd closest surface     7.289   C9  7QR X    1
  found on step  935
  this is also current point
  no. of rejections          256
 stored as    49

 highest radius point found:
  at point   30.549  39.767  32.104
  closest atom surface    7.466   C9  7QR X    1
  2nd closest surface     7.467   O4  7QR X    1
  found on step  634
 current point:
  at point   30.544  39.767  32.114
  closest atom surface    7.466   O4  7QR X    1
  2nd closest surface     7.467   H56 7QR X    1
  found on step  970
  no. of rejections          282
 stored as    50

 highest radius point found:
  at point   30.555  39.967  32.169
  closest atom surface    7.647   H56 7QR X    1
  2nd closest surface     7.647   O4  7QR X    1
  found on step  961
  this is also current point
  no. of rejections          259
 stored as    51

 highest radius point found:
  at point   30.568  40.167  32.225
  closest atom surface    7.830   C9  7QR X    1
  2nd closest surface     7.830   O4  7QR X    1
  found on step  865
 current point:
  at point   30.567  40.167  32.229
  closest atom surface    7.829   O4  7QR X    1
  2nd closest surface     7.829   H56 7QR X    1
  found on step  913
  no. of rejections          260
 stored as    52

 highest radius point found:
  at point   30.578  40.367  32.282
  closest atom surface    8.012   C9  7QR X    1
  2nd closest surface     8.012   H56 7QR X    1
  found on step  937
  this is also current point
  no. of rejections          271
 stored as    53

 highest radius point found:
  at point   30.594  40.567  32.358
  closest atom surface    8.194   O4  7QR X    1
  2nd closest surface     8.197   H56 7QR X    1
  found on step  988
  this is also current point
  no. of rejections          275
 stored as    54

 highest radius point found:
  at point   30.602  40.767  32.411
  closest atom surface    8.380   H56 7QR X    1
  2nd closest surface     8.381   O4  7QR X    1
  found on step  928
  this is also current point
  no. of rejections          219
 stored as    55

 highest radius point found:
  at point   30.625  40.967  32.446
  closest atom surface    8.554   C9  7QR X    1
  2nd closest surface     8.568   O4  7QR X    1
  found on step   11
 current point:
  at point   30.361  40.967  33.702
  closest atom surface    8.525   O4  7QR X    1
  2nd closest surface     8.528   H56 7QR X    1
  found on step  997
  no. of rejections          203
 stored as    56

 highest radius point found:
  at point   30.626  41.167  32.535
  closest atom surface    8.753   O4  7QR X    1
  2nd closest surface     8.753   H56 7QR X    1
  found on step  341
 current point:
  at point   30.351  41.167  34.161
  closest atom surface    8.730   O4  7QR X    1
  2nd closest surface     8.731   C38 7QR X    1
  found on step  984
  no. of rejections          199
 stored as    57

 highest radius point found:
  at point   30.638  41.367  32.600
  closest atom surface    8.940   O4  7QR X    1
  2nd closest surface     8.941   H56 7QR X    1
  found on step  959
  this is also current point
  no. of rejections          208
 stored as    58

 highest radius point found:
  at point   30.476  41.567  35.110
  closest atom surface    9.178   C38 7QR X    1
  2nd closest surface     9.178   O4  7QR X    1
  found on step  992
  this is also current point
  no. of rejections          186
 stored as    59

 highest radius point found:
  at point   30.552  41.767  35.280
  closest atom surface    9.384   O4  7QR X    1
  2nd closest surface     9.402   C38 7QR X    1
  found on step   14
 current point:
  at point   30.449  41.767  34.904
  closest atom surface    9.355   C38 7QR X    1
  2nd closest surface     9.355   O4  7QR X    1
  found on step  998
  no. of rejections          195
 stored as    60

 highest radius point found:
  at point   30.517  41.967  41.172
  closest atom surface   11.071   H63 7QR X    1
  2nd closest surface    11.084   C39 7QR X    1
  found on step 1000
  this is also current point
  no. of rejections          123
 stored as    61

 highest radius point found:
  at point   31.263  42.167  52.328
  closest atom surface   18.684   C39 7QR X    1
  2nd closest surface    18.839   H62 7QR X    1
  found on step 1000
  this is also current point
  no. of rejections          194
 stored as    62

 highest radius point found:
  at point   32.682  42.367  64.221
  closest atom surface   29.282   H62 7QR X    1
  2nd closest surface    29.301   C39 7QR X    1
  found on step  998
  this is also current point
  no. of rejections          243
 This is an end! (radius above  22.0 angs)
 highest radius point found:
  at point   29.477  29.567  30.444
  closest atom surface    2.125   N7  7QR X    1
  2nd closest surface     2.125   O1  7QR X    1
  found on step  914
  this is also current point
  no. of rejections          391
 stored as    -1

 highest radius point found:
  at point   29.489  29.367  30.659
  closest atom surface    2.122   N7  7QR X    1
  2nd closest surface     2.123   H49 7QR X    1
  found on step  994
  this is also current point
  no. of rejections          391
 stored as    -2

 highest radius point found:
  at point   29.492  29.167  30.869
  closest atom surface    2.135   C38 7QR X    1
  2nd closest surface     2.135   N7  7QR X    1
  found on step  937
  this is also current point
  no. of rejections          383
 stored as    -3

 highest radius point found:
  at point   29.520  28.967  30.979
  closest atom surface    2.137   O1  7QR X    1
  2nd closest surface     2.137   C38 7QR X    1
  found on step  745
 current point:
  at point   29.522  28.967  30.980
  closest atom surface    2.137   O1  7QR X    1
  2nd closest surface     2.137   C38 7QR X    1
  found on step  910
  no. of rejections          388
 stored as    -4

 highest radius point found:
  at point   29.517  28.767  31.072
  closest atom surface    2.123   C3  7QR X    1
  2nd closest surface     2.123   H49 7QR X    1
  found on step  891
  this is also current point
  no. of rejections          393
 stored as    -5

 highest radius point found:
  at point   29.559  28.567  30.985
  closest atom surface    2.051   C3  7QR X    1
  2nd closest surface     2.054   H49 7QR X    1
  found on step  401
 current point:
  at point   29.546  28.567  30.997
  closest atom surface    2.050   C3  7QR X    1
  2nd closest surface     2.051   H49 7QR X    1
  found on step  908
  no. of rejections          377
 stored as    -6

 highest radius point found:
  at point   29.585  28.367  30.910
  closest atom surface    1.992   C3  7QR X    1
  2nd closest surface     1.993   O1  7QR X    1
  found on step  708
 current point:
  at point   29.583  28.367  30.910
  closest atom surface    1.991   H49 7QR X    1
  2nd closest surface     1.993   C3  7QR X    1
  found on step  905
  no. of rejections          397
 stored as    -7

 highest radius point found:
  at point   29.606  28.167  30.838
  closest atom surface    1.944   H49 7QR X    1
  2nd closest surface     1.945   C3  7QR X    1
  found on step    2
 current point:
  at point   29.604  28.167  30.840
  closest atom surface    1.944   C3  7QR X    1
  2nd closest surface     1.944   H49 7QR X    1
  found on step  976
  no. of rejections          382
 stored as    -8

 highest radius point found:
  at point   29.624  27.967  30.767
  closest atom surface    1.908   H49 7QR X    1
  2nd closest surface     1.911   C3  7QR X    1
  found on step  762
 current point:
  at point   29.623  27.967  30.768
  closest atom surface    1.908   H49 7QR X    1
  2nd closest surface     1.910   C3  7QR X    1
  found on step  999
  no. of rejections          395
 stored as    -9

 highest radius point found:
  at point   29.625  27.767  30.729
  closest atom surface    1.874   C3  7QR X    1
  2nd closest surface     1.890   H49 7QR X    1
  found on step   79
 current point:
  at point   29.297  27.767  31.096
  closest atom surface    1.833   H49 7QR X    1
  2nd closest surface     1.834   C3  7QR X    1
  found on step  999
  no. of rejections          367
 stored as   -10

 highest radius point found:
  at point   29.663  27.567  30.618
  closest atom surface    1.882   C3  7QR X    1
  2nd closest surface     1.882   O1  7QR X    1
  found on step  970
  this is also current point
  no. of rejections          383
 stored as   -11

 highest radius point found:
  at point   29.679  27.367  30.542
  closest atom surface    1.889   C3  7QR X    1
  2nd closest surface     1.889   O1  7QR X    1
  found on step  974
  this is also current point
  no. of rejections          397
 stored as   -12

 highest radius point found:
  at point   29.693  27.167  30.466
  closest atom surface    1.910   H49 7QR X    1
  2nd closest surface     1.910   C3  7QR X    1
  found on step  901
  this is also current point
  no. of rejections          374
 stored as   -13

 highest radius point found:
  at point   29.707  26.967  30.388
  closest atom surface    1.943   O1  7QR X    1
  2nd closest surface     1.944   C3  7QR X    1
  found on step  970
  this is also current point
  no. of rejections          392
 stored as   -14

 highest radius point found:
  at point   29.715  26.767  30.292
  closest atom surface    1.985   H49 7QR X    1
  2nd closest surface     1.985   H6  7QR X    1
  found on step  681
 current point:
  at point   29.711  26.767  30.295
  closest atom surface    1.983   H49 7QR X    1
  2nd closest surface     1.986   H6  7QR X    1
  found on step  963
  no. of rejections          381
 stored as   -15

 highest radius point found:
  at point   29.727  26.567  30.184
  closest atom surface    2.040   H6  7QR X    1
  2nd closest surface     2.040   H49 7QR X    1
  found on step  726
 current point:
  at point   29.729  26.567  30.174
  closest atom surface    2.037   O1  7QR X    1
  2nd closest surface     2.039   H49 7QR X    1
  found on step  995
  no. of rejections          358
 stored as   -16

 highest radius point found:
  at point   29.749  26.367  30.082
  closest atom surface    2.098   H6  7QR X    1
  2nd closest surface     2.099   O1  7QR X    1
  found on step  951
  this is also current point
  no. of rejections          386
 stored as   -17

 highest radius point found:
  at point   29.777  26.167  29.981
  closest atom surface    2.165   O1  7QR X    1
  2nd closest surface     2.165   C29 7QR X    1
  found on step 1000
  this is also current point
  no. of rejections          363
 stored as   -18

 highest radius point found:
  at point   29.806  25.967  29.886
  closest atom surface    2.243   C29 7QR X    1
  2nd closest surface     2.243   O1  7QR X    1
  found on step  999
  this is also current point
  no. of rejections          368
 stored as   -19

 highest radius point found:
  at point   29.836  25.767  29.794
  closest atom surface    2.332   O1  7QR X    1
  2nd closest surface     2.332   C29 7QR X    1
  found on step  995
  this is also current point
  no. of rejections          386
 stored as   -20

 highest radius point found:
  at point   29.865  25.567  29.704
  closest atom surface    2.431   C29 7QR X    1
  2nd closest surface     2.432   O1  7QR X    1
  found on step  983
  this is also current point
  no. of rejections          368
 stored as   -21

 highest radius point found:
  at point   29.897  25.367  29.540
  closest atom surface    2.533   C29 7QR X    1
  2nd closest surface     2.534   O1  7QR X    1
  found on step  231
 current point:
  at point   29.915  25.367  29.006
  closest atom surface    2.524   O1  7QR X    1
  2nd closest surface     2.524   C29 7QR X    1
  found on step  940
  no. of rejections          326
 stored as   -22

 highest radius point found:
  at point   29.924  25.167  29.524
  closest atom surface    2.655   C29 7QR X    1
  2nd closest surface     2.658   O1  7QR X    1
  found on step  694
 current point:
  at point   29.927  25.167  29.437
  closest atom surface    2.651   C29 7QR X    1
  2nd closest surface     2.652   O1  7QR X    1
  found on step  991
  no. of rejections          368
 stored as   -23

 highest radius point found:
  at point   29.960  24.967  29.443
  closest atom surface    2.780   O1  7QR X    1
  2nd closest surface     2.785   H6  7QR X    1
  found on step  460
 current point:
  at point   29.961  24.967  29.269
  closest atom surface    2.776   O1  7QR X    1
  2nd closest surface     2.777   C29 7QR X    1
  found on step  983
  no. of rejections          348
 stored as   -24

 highest radius point found:
  at point   29.997  24.767  28.986
  closest atom surface    2.916   C29 7QR X    1
  2nd closest surface     2.916   H29 7QR X    1
  found on step  857
 current point:
  at point   29.998  24.767  28.995
  closest atom surface    2.916   C29 7QR X    1
  2nd closest surface     2.917   O1  7QR X    1
  found on step  989
  no. of rejections          345
 stored as   -25

 highest radius point found:
  at point   30.028  24.567  28.989
  closest atom surface    3.056   O1  7QR X    1
  2nd closest surface     3.059   C29 7QR X    1
  found on step  279
 current point:
  at point   30.024  24.567  29.046
  closest atom surface    3.055   O1  7QR X    1
  2nd closest surface     3.055   C29 7QR X    1
  found on step  991
  no. of rejections          317
 stored as   -26

 highest radius point found:
  at point   30.055  24.367  28.974
  closest atom surface    3.203   O1  7QR X    1
  2nd closest surface     3.203   C29 7QR X    1
  found on step  992
  this is also current point
  no. of rejections          324
 stored as   -27

 highest radius point found:
  at point   30.083  24.167  28.968
  closest atom surface    3.352   C29 7QR X    1
  2nd closest surface     3.352   O1  7QR X    1
  found on step  960
  this is also current point
  no. of rejections          336
 stored as   -28

 highest radius point found:
  at point   30.111  23.967  28.981
  closest atom surface    3.503   C29 7QR X    1
  2nd closest surface     3.503   O1  7QR X    1
  found on step  834
 current point:
  at point   30.110  23.967  29.022
  closest atom surface    3.502   O1  7QR X    1
  2nd closest surface     3.502   C29 7QR X    1
  found on step  992
  no. of rejections          317
 stored as   -29

 highest radius point found:
  at point   30.140  23.767  28.942
  closest atom surface    3.661   O1  7QR X    1
  2nd closest surface     3.661   C29 7QR X    1
  found on step  923
  this is also current point
  no. of rejections          334
 stored as   -30

 highest radius point found:
  at point   30.158  23.567  28.906
  closest atom surface    3.810   H29 7QR X    1
  2nd closest surface     3.812   C29 7QR X    1
  found on step  990
  this is also current point
  no. of rejections          268
 stored as   -31

 highest radius point found:
  at point   30.168  23.367  28.867
  closest atom surface    3.961   H6  7QR X    1
  2nd closest surface     3.962   C29 7QR X    1
  found on step  295
 current point:
  at point   30.170  23.367  28.861
  closest atom surface    3.959   H29 7QR X    1
  2nd closest surface     3.964   C29 7QR X    1
  found on step  974
  no. of rejections          318
 stored as   -32

 highest radius point found:
  at point   30.177  23.167  28.820
  closest atom surface    4.114   C29 7QR X    1
  2nd closest surface     4.114   H29 7QR X    1
  found on step  886
  this is also current point
  no. of rejections          305
 stored as   -33

 highest radius point found:
  at point   30.194  22.967  28.777
  closest atom surface    4.271   H29 7QR X    1
  2nd closest surface     4.271   H6  7QR X    1
  found on step  980
  this is also current point
  no. of rejections          293
 stored as   -34

 highest radius point found:
  at point   30.205  22.767  28.734
  closest atom surface    4.431   H6  7QR X    1
  2nd closest surface     4.431   H29 7QR X    1
  found on step  994
  this is also current point
  no. of rejections          304
 stored as   -35

 highest radius point found:
  at point   30.209  22.567  28.686
  closest atom surface    4.593   C29 7QR X    1
  2nd closest surface     4.593   H29 7QR X    1
  found on step  942
  this is also current point
  no. of rejections          307
 stored as   -36

 highest radius point found:
  at point   30.227  22.367  28.646
  closest atom surface    4.759   H29 7QR X    1
  2nd closest surface     4.760   H6  7QR X    1
  found on step  988
  this is also current point
  no. of rejections          306
 stored as   -37

 highest radius point found:
  at point   30.239  22.167  28.602
  closest atom surface    4.927   H29 7QR X    1
  2nd closest surface     4.928   H6  7QR X    1
  found on step  962
  this is also current point
  no. of rejections          294
 stored as   -38

 highest radius point found:
  at point   30.251  21.967  28.558
  closest atom surface    5.098   H29 7QR X    1
  2nd closest surface     5.098   C29 7QR X    1
  found on step  958
  this is also current point
  no. of rejections          276
 stored as   -39

 highest radius point found:
  at point   30.261  21.767  28.508
  closest atom surface    5.268   H29 7QR X    1
  2nd closest surface     5.268   C29 7QR X    1
  found on step 1000
  this is also current point
  no. of rejections          265
 stored as   -40

 highest radius point found:
  at point   30.278  21.567  28.469
  closest atom surface    5.443   H29 7QR X    1
  2nd closest surface     5.444   C29 7QR X    1
  found on step  962
  this is also current point
  no. of rejections          269
 stored as   -41

 highest radius point found:
  at point   30.288  21.367  28.422
  closest atom surface    5.617   C29 7QR X    1
  2nd closest surface     5.619   H29 7QR X    1
  found on step  436
 current point:
  at point   31.115  21.367  28.287
  closest atom surface    5.570   H29 7QR X    1
  2nd closest surface     5.570   H6  7QR X    1
  found on step  907
  no. of rejections          280
 stored as   -42

 highest radius point found:
  at point   30.302  21.167  28.375
  closest atom surface    5.795   C29 7QR X    1
  2nd closest surface     5.796   H29 7QR X    1
  found on step  948
  this is also current point
  no. of rejections          251
 stored as   -43

 highest radius point found:
  at point   30.331  20.967  28.335
  closest atom surface    5.974   H6  7QR X    1
  2nd closest surface     5.975   H29 7QR X    1
  found on step    7
 current point:
  at point   30.360  20.967  28.326
  closest atom surface    5.970   H29 7QR X    1
  2nd closest surface     5.974   H6  7QR X    1
  found on step  991
  no. of rejections          272
 stored as   -44

 highest radius point found:
  at point   30.341  20.767  28.292
  closest atom surface    6.155   H6  7QR X    1
  2nd closest surface     6.155   H29 7QR X    1
  found on step  911
  this is also current point
  no. of rejections          266
 stored as   -45

 highest radius point found:
  at point   30.425  20.567  28.232
  closest atom surface    6.330   H29 7QR X    1
  2nd closest surface     6.332   H6  7QR X    1
  found on step  560
 current point:
  at point   31.060  20.567  28.128
  closest atom surface    6.302   H29 7QR X    1
  2nd closest surface     6.302   H6  7QR X    1
  found on step  923
  no. of rejections          260
 stored as   -46

 highest radius point found:
  at point   30.363  20.367  28.199
  closest atom surface    6.518   C3  7QR X    1
  2nd closest surface     6.519   C29 7QR X    1
  found on step  848
 current point:
  at point   30.405  20.367  28.191
  closest atom surface    6.515   C3  7QR X    1
  2nd closest surface     6.515   H29 7QR X    1
  found on step  955
  no. of rejections          272
 stored as   -47

 highest radius point found:
  at point   30.379  20.167  28.144
  closest atom surface    6.701   H29 7QR X    1
  2nd closest surface     6.701   C3  7QR X    1
  found on step  974
  this is also current point
  no. of rejections          228
 stored as   -48

 highest radius point found:
  at point   30.385  19.967  28.097
  closest atom surface    6.882   C3  7QR X    1
  2nd closest surface     6.885   C29 7QR X    1
  found on step  276
 current point:
  at point   30.583  19.967  28.060
  closest atom surface    6.871   H29 7QR X    1
  2nd closest surface     6.873   C3  7QR X    1
  found on step  994
  no. of rejections          235
 stored as   -49

 highest radius point found:
  at point   30.401  19.767  28.038
  closest atom surface    7.070   H29 7QR X    1
  2nd closest surface     7.070   C3  7QR X    1
  found on step  987
  this is also current point
  no. of rejections          249
 stored as   -50

 highest radius point found:
  at point   30.418  19.567  27.983
  closest atom surface    7.255   H50 7QR X    1
  2nd closest surface     7.255   H29 7QR X    1
  found on step  991
  this is also current point
  no. of rejections          256
 stored as   -51

 highest radius point found:
  at point   30.452  19.367  27.929
  closest atom surface    7.440   C3  7QR X    1
  2nd closest surface     7.441   H29 7QR X    1
  found on step  939
  this is also current point
  no. of rejections          221
 stored as   -52

 highest radius point found:
  at point   30.467  19.167  27.873
  closest atom surface    7.628   H29 7QR X    1
  2nd closest surface     7.629   C3  7QR X    1
  found on step  947
  this is also current point
  no. of rejections          210
 stored as   -53

 highest radius point found:
  at point   30.476  18.967  27.814
  closest atom surface    7.816   H29 7QR X    1
  2nd closest surface     7.818   H50 7QR X    1
  found on step  311
 current point:
  at point   30.892  18.967  27.755
  closest atom surface    7.802   H29 7QR X    1
  2nd closest surface     7.805   C3  7QR X    1
  found on step  981
  no. of rejections          229
 stored as   -54

 highest radius point found:
  at point   30.493  18.767  27.749
  closest atom surface    8.004   H29 7QR X    1
  2nd closest surface     8.008   H50 7QR X    1
  found on step  197
 current point:
  at point   30.795  18.767  27.722
  closest atom surface    7.994   C3  7QR X    1
  2nd closest surface     7.995   H29 7QR X    1
  found on step  976
  no. of rejections          213
 stored as   -55

 highest radius point found:
  at point   30.509  18.567  27.683
  closest atom surface    8.192   H29 7QR X    1
  2nd closest surface     8.199   H50 7QR X    1
  found on step    8
 current point:
  at point   30.966  18.567  27.642
  closest atom surface    8.184   H29 7QR X    1
  2nd closest surface     8.185   C3  7QR X    1
  found on step  967
  no. of rejections          212
 stored as   -56

 highest radius point found:
  at point   30.538  18.367  27.653
  closest atom surface    8.386   H29 7QR X    1
  2nd closest surface     8.388   C3  7QR X    1
  found on step  313
 current point:
  at point   30.540  18.367  27.645
  closest atom surface    8.385   H29 7QR X    1
  2nd closest surface     8.392   H50 7QR X    1
  found on step  995
  no. of rejections          183
 stored as   -57

 highest radius point found:
  at point   30.566  18.167  27.600
  closest atom surface    8.577   H29 7QR X    1
  2nd closest surface     8.577   C3  7QR X    1
  found on step  998
  this is also current point
  no. of rejections          230
 stored as   -58

 highest radius point found:
  at point   30.578  17.967  27.546
  closest atom surface    8.769   C3  7QR X    1
  2nd closest surface     8.770   H29 7QR X    1
  found on step  987
  this is also current point
  no. of rejections          201
 stored as   -59

 highest radius point found:
  at point   30.597  17.767  27.484
  closest atom surface    8.962   H29 7QR X    1
  2nd closest surface     8.966   C3  7QR X    1
  found on step  771
 current point:
  at point   30.616  17.767  27.489
  closest atom surface    8.961   C3  7QR X    1
  2nd closest surface     8.962   H29 7QR X    1
  found on step  968
  no. of rejections          202
 stored as   -60

 highest radius point found:
  at point   30.609  17.567  27.434
  closest atom surface    9.156   H29 7QR X    1
  2nd closest surface     9.157   H50 7QR X    1
  found on step  984
  this is also current point
  no. of rejections          207
 stored as   -61

 highest radius point found:
  at point   30.633  17.367  27.377
  closest atom surface    9.349   H29 7QR X    1
  2nd closest surface     9.352   C3  7QR X    1
  found on step  988
  this is also current point
  no. of rejections          187
 stored as   -62

 highest radius point found:
  at point   30.703  17.167  27.302
  closest atom surface    9.542   H29 7QR X    1
  2nd closest surface     9.552   C3  7QR X    1
  found on step  745
 current point:
  at point   30.773  17.167  27.306
  closest atom surface    9.542   H29 7QR X    1
  2nd closest surface     9.542   C3  7QR X    1
  found on step  993
  no. of rejections          195
 stored as   -63

 highest radius point found:
  at point   30.685  16.967  27.267
  closest atom surface    9.738   H29 7QR X    1
  2nd closest surface     9.739   C3  7QR X    1
  found on step  993
  this is also current point
  no. of rejections          191
 stored as   -64

 highest radius point found:
  at point   30.689  16.767  27.212
  closest atom surface    9.934   H29 7QR X    1
  2nd closest surface     9.936   C3  7QR X    1
  found on step  931
  this is also current point
  no. of rejections          193
 stored as   -65

 highest radius point found:
  at point   30.724  16.567  27.156
  closest atom surface   10.130   H29 7QR X    1
  2nd closest surface    10.130   C18 7QR X    1
  found on step  903
  this is also current point
  no. of rejections          191
 stored as   -66

 highest radius point found:
  at point   33.152  16.367  22.264
  closest atom surface   10.923   C18 7QR X    1
  2nd closest surface    10.956   C12 7QR X    1
  found on step  999
  this is also current point
  no. of rejections          127
 stored as   -67

 highest radius point found:
  at point   35.201  16.167  13.521
  closest atom surface   15.996   C19 7QR X    1
  2nd closest surface    15.996   C17 7QR X    1
  found on step 1000
  this is also current point
  no. of rejections          209
 stored as   -68

 highest radius point found:
  at point   38.346  15.967   3.847
  closest atom surface   23.994   C15 7QR X    1
  2nd closest surface    24.027   C16 7QR X    1
  found on step 1000
  this is also current point
  no. of rejections          233
 This is an end! (radius above  22.0 angs)
 
 N.b. Graph information routine (HOGRAP) differs 
        markedly from previous versions!
       Information now is written from -ve end
       to +ve in one pass
 
 Explanation of the meaning of each column: 
 First column "cenxyz.cvec" is the coordinate in the
   direction of the channel vector i.e. if the channel
   vector is in z (0 0 1) then it is the z coordinate.
 The second column "radius" is the hole pore radius 
   (as defined in the Biophys J 1993) article).
 The third column "cen_line_D" is the distance 
   measured along the pore centre line - with the 
   first point found set to zero. This was the first
   thing that I used to measure the distance along a pore
   but "cenxyz.cvec" is a much better general measure. 
   However, by comparing changes in this distance to changes in '   "cenxyz.cvec" one can get a measure of how straight a 
   channel is.
 The fourth column "sum{s/(area)}" is useful in conductance
   prediction -
   basically it is the sum of the thickness of each slab
   divided by its area. HOLE uses this measure to estimate
   the macroscopic conductance of a channel.
 If any of this worries you one can see the "raw" results
   of a standard hole run by producing a sphpdb file and 
    directly looking at the results.
 cenxyz.cvec      radius  cen_line_D sum{s/(area point sourc
    16.16743    15.99572   -28.98719     0.00012   (sampled)
    16.26743    13.01465   -24.49584     0.00031 (mid-point)
    16.36743    10.92349   -20.00449     0.00058   (sampled)
    16.46743    10.22807   -17.27215     0.00088 (mid-point)
    16.56743    10.12991   -14.53980     0.00119   (sampled)
    16.66743    10.03195   -14.43443     0.00151 (mid-point)
    16.76743     9.93412   -14.32905     0.00183   (sampled)
    16.86743     9.83625   -14.22530     0.00216 (mid-point)
    16.96743     9.73849   -14.12155     0.00250   (sampled)
    17.06743     9.63998   -14.01962     0.00284 (mid-point)
    17.16743     9.54154   -13.91768     0.00319   (sampled)
    17.26743     9.44516   -13.80525     0.00355 (mid-point)
    17.36743     9.34911   -13.69283     0.00391   (sampled)
    17.46743     9.25223   -13.58808     0.00428 (mid-point)
    17.56743     9.15551   -13.48334     0.00466   (sampled)
    17.66743     9.05846   -13.38009     0.00505 (mid-point)
    17.76743     8.96153   -13.27684     0.00545   (sampled)
    17.86743     8.86544   -13.17171     0.00585 (mid-point)
    17.96743     8.76940   -13.06659     0.00626   (sampled)
    18.06743     8.67325   -12.96289     0.00669 (mid-point)
    18.16743     8.57713   -12.85920     0.00712   (sampled)
    18.26743     8.48132   -12.75480     0.00756 (mid-point)
    18.36743     8.38571   -12.65041     0.00802   (sampled)
    18.46743     8.28883   -12.54827     0.00848 (mid-point)
    18.56743     8.19206   -12.44613     0.00895   (sampled)
    18.66743     8.09767   -12.34041     0.00944 (mid-point)
    18.76743     8.00352   -12.23469     0.00994   (sampled)
    18.86743     7.90952   -12.12923     0.01044 (mid-point)
    18.96743     7.81577   -12.02377     0.01097   (sampled)
    19.06743     7.72167   -11.91946     0.01150 (mid-point)
    19.16743     7.62780   -11.81515     0.01205   (sampled)
    19.26743     7.53404   -11.71102     0.01261 (mid-point)
    19.36743     7.43978   -11.60690     0.01318   (sampled)
    19.46743     7.34758   -11.50192     0.01377 (mid-point)
    19.56743     7.25461   -11.39694     0.01438   (sampled)
    19.66743     7.16209   -11.29292     0.01500 (mid-point)
    19.76743     7.06960   -11.18890     0.01563   (sampled)
    19.86743     6.97590   -11.08436     0.01629 (mid-point)
    19.96743     6.88225   -10.97982     0.01696   (sampled)
    20.06743     6.79160   -10.87706     0.01765 (mid-point)
    20.16743     6.70115   -10.77429     0.01836   (sampled)
    20.26743     6.60942   -10.67027     0.01909 (mid-point)
    20.36743     6.51791   -10.56626     0.01984   (sampled)
    20.46743     6.42453   -10.46024     0.02061 (mid-point)
    20.56743     6.32989   -10.35422     0.02140   (sampled)
    20.66743     6.24233   -10.24192     0.02222 (mid-point)
    20.76743     6.15510   -10.12963     0.02306   (sampled)
    20.86743     6.06455   -10.02713     0.02393 (mid-point)
    20.96743     5.97432    -9.92463     0.02482   (sampled)
    21.06743     5.88491    -9.82165     0.02574 (mid-point)
    21.16743     5.79518    -9.71867     0.02668   (sampled)
    21.26743     5.70608    -9.61570     0.02766 (mid-point)
    21.36743     5.61735    -9.51274     0.02867   (sampled)
    21.46743     5.53042    -9.40992     0.02971 (mid-point)
    21.56743     5.44345    -9.30710     0.03079   (sampled)
    21.66743     5.35555    -9.20483     0.03190 (mid-point)
    21.76743     5.26808    -9.10257     0.03304   (sampled)
    21.86743     5.18254    -8.99938     0.03423 (mid-point)
    21.96743     5.09754    -8.89620     0.03545   (sampled)
    22.06743     5.01210    -8.79367     0.03672 (mid-point)
    22.16743     4.92721    -8.69115     0.03803   (sampled)
    22.26743     4.84300    -8.58855     0.03939 (mid-point)
    22.36743     4.75940    -8.48595     0.04079   (sampled)
    22.46743     4.67586    -8.38359     0.04225 (mid-point)
    22.56743     4.59292    -8.28124     0.04376   (sampled)
    22.66743     4.51172    -8.17832     0.04532 (mid-point)
    22.76743     4.43065    -8.07539     0.04694   (sampled)
    22.86743     4.35047    -7.97299     0.04863 (mid-point)
    22.96743     4.27080    -7.87058     0.05037   (sampled)
    23.06743     4.19212    -7.76795     0.05218 (mid-point)
    23.16743     4.11425    -7.66533     0.05406   (sampled)
    23.26743     4.03771    -7.56249     0.05601 (mid-point)
    23.36743     3.96105    -7.45965     0.05804   (sampled)
    23.46743     3.88588    -7.35768     0.06015 (mid-point)
    23.56743     3.81034    -7.25570     0.06234   (sampled)
    23.66743     3.73561    -7.15372     0.06462 (mid-point)
    23.76743     3.66063    -7.05174     0.06700   (sampled)
    23.86743     3.58156    -6.94874     0.06948 (mid-point)
    23.96743     3.50322    -6.84574     0.07208   (sampled)
    24.06743     3.42702    -6.74456     0.07479 (mid-point)
    24.16743     3.35166    -6.64338     0.07762   (sampled)
    24.26743     3.27672    -6.54234     0.08058 (mid-point)
    24.36743     3.20266    -6.44129     0.08369   (sampled)
    24.46743     3.12894    -6.34010     0.08694 (mid-point)
    24.56743     3.05624    -6.23891     0.09035   (sampled)
    24.66743     2.98620    -6.13776     0.09392 (mid-point)
    24.76743     2.91627    -6.03661     0.09766   (sampled)
    24.86743     2.84221    -5.78633     0.10160 (mid-point)
    24.96743     2.77999    -5.53605     0.10572   (sampled)
    25.06743     2.71830    -5.42679     0.11003 (mid-point)
    25.16743     2.65543    -5.31752     0.11454   (sampled)
    25.26743     2.59351    -5.21630     0.11927 (mid-point)
    25.36743     2.53305    -5.11507     0.12423   (sampled)
    25.46743     2.48045    -4.98495     0.12941 (mid-point)
    25.56743     2.43117    -4.85482     0.13479   (sampled)
    25.66743     2.38045    -4.74425     0.14041 (mid-point)
    25.76743     2.33163    -4.63368     0.14626   (sampled)
    25.86743     2.28587    -4.52260     0.15236 (mid-point)
    25.96743     2.24257    -4.41152     0.15869   (sampled)
    26.06743     2.20231    -4.29970     0.16525 (mid-point)
    26.16743     2.16472    -4.18788     0.17204   (sampled)
    26.26743     2.13016    -4.07497     0.17906 (mid-point)
    26.36743     2.09816    -3.96206     0.18629   (sampled)
    26.46743     2.06699    -3.84940     0.19374 (mid-point)
    26.56743     2.03968    -3.73674     0.20139   (sampled)
    26.66743     2.01051    -3.62292     0.20926 (mid-point)
    26.76743     1.98516    -3.50910     0.21734   (sampled)
    26.86743     1.96327    -3.39799     0.22560 (mid-point)
    26.96743     1.94324    -3.28689     0.23403   (sampled)
    27.06743     1.92511    -3.17938     0.24262 (mid-point)
    27.16743     1.90957    -3.07186     0.25135   (sampled)
    27.26743     1.89744    -2.96462     0.26019 (mid-point)
    27.36743     1.88855    -2.85738     0.26911   (sampled)
    27.46743     1.88353    -2.75021     0.27808 (mid-point)
    27.56743     1.88159    -2.64303     0.28707   (sampled)
    27.66743     1.87586    -2.52696     0.29612 (mid-point)
    27.76743     1.87375    -2.41089     0.30519   (sampled)
    27.86743     1.89090    -2.30911     0.31409 (mid-point)
    27.96743     1.90824    -2.20734     0.32283   (sampled)
    28.06743     1.92434    -2.10088     0.33143 (mid-point)
    28.16743     1.94421    -1.99443     0.33985   (sampled)
    28.26743     1.96682    -1.88772     0.34808 (mid-point)
    28.36743     1.99155    -1.78101     0.35610   (sampled)
    28.46743     2.01974    -1.67336     0.36390 (mid-point)
    28.56743     2.05071    -1.56570     0.37147   (sampled)
    28.66743     2.08525    -1.45455     0.37879 (mid-point)
    28.76743     2.12260    -1.34340     0.38586   (sampled)
    28.86743     2.12816    -1.23306     0.39289 (mid-point)
    28.96743     2.13742    -1.12272     0.39985   (sampled)
    29.06743     2.13433    -1.00789     0.40684 (mid-point)
    29.16743     2.13453    -0.89305     0.41383   (sampled)
    29.26743     2.12587    -0.74789     0.42087 (mid-point)
    29.36743     2.12225    -0.60272     0.42794   (sampled)
    29.46743     2.12073    -0.45580     0.43502 (mid-point)
    29.56743     2.12478    -0.30888     0.44207   (sampled)
    29.66743     2.13364    -0.15444     0.44906 (mid-point)
    29.76743     2.14869    -0.00000     0.45595   (sampled)
    29.86743     2.16396     0.11128     0.46275 (mid-point)
    29.96743     2.18241     0.22256     0.46943   (sampled)
    30.06743     2.18346     0.32477     0.47611 (mid-point)
    30.16743     2.18703     0.42698     0.48277   (sampled)
    30.26743     2.18629     0.52764     0.48943 (mid-point)
    30.36743     2.18745     0.62830     0.49608   (sampled)
    30.46743     2.19442     0.72952     0.50269 (mid-point)
    30.56743     2.20087     0.83074     0.50926   (sampled)
    30.66743     2.21115     0.93142     0.51577 (mid-point)
    30.76743     2.22087     1.03209     0.52222   (sampled)
    30.86743     2.23818     1.13485     0.52858 (mid-point)
    30.96743     2.25321     1.23762     0.53485   (sampled)
    31.06743     2.27767     1.34219     0.54098 (mid-point)
    31.16743     2.30182     1.44676     0.54699   (sampled)
    31.26743     2.33291     1.54780     0.55284 (mid-point)
    31.36743     2.35512     1.64884     0.55858   (sampled)
    31.46743     2.37959     1.74939     0.56420 (mid-point)
    31.56743     2.40553     1.84994     0.56970   (sampled)
    31.66743     2.43366     1.95033     0.57507 (mid-point)
    31.76743     2.46318     2.05072     0.58032   (sampled)
    31.86743     2.49333     2.15135     0.58544 (mid-point)
    31.96743     2.52558     2.25197     0.59043   (sampled)
    32.06743     2.56339     2.35206     0.59528 (mid-point)
    32.16743     2.60313     2.45214     0.59997   (sampled)
    32.26743     2.63931     2.55350     0.60454 (mid-point)
    32.36743     2.67747     2.65486     0.60898   (sampled)
    32.46743     2.71675     2.75739     0.61330 (mid-point)
    32.56743     2.75797     2.85991     0.61748   (sampled)
    32.66743     2.80350     2.96043     0.62153 (mid-point)
    32.76743     2.84710     3.06094     0.62546   (sampled)
    32.86743     2.88978     3.16229     0.62927 (mid-point)
    32.96743     2.93123     3.26364     0.63297   (sampled)
    33.06743     2.98118     3.36627     0.63656 (mid-point)
    33.16743     3.02824     3.46890     0.64003   (sampled)
    33.26743     3.07859     3.56986     0.64338 (mid-point)
    33.36743     3.12976     3.67081     0.64663   (sampled)
    33.46743     3.16485     3.77148     0.64981 (mid-point)
    33.56743     3.20206     3.87215     0.65292   (sampled)
    33.66743     3.23494     3.97309     0.65596 (mid-point)
    33.76743     3.26830     4.07403     0.65894   (sampled)
    33.86743     3.29893     4.17578     0.66186 (mid-point)
    33.96743     3.33173     4.27752     0.66473   (sampled)
    34.06743     3.36665     4.38012     0.66754 (mid-point)
    34.16743     3.40168     4.48273     0.67029   (sampled)
    34.26743     3.43982     4.58612     0.67298 (mid-point)
    34.36743     3.47935     4.68951     0.67561   (sampled)
    34.46743     3.52106     4.79494     0.67818 (mid-point)
    34.56743     3.56355     4.90038     0.68068   (sampled)
    34.66743     3.60936     5.00324     0.68313 (mid-point)
    34.76743     3.65699     5.10611     0.68551   (sampled)
    34.86743     3.70663     5.21011     0.68782 (mid-point)
    34.96743     3.75633     5.31411     0.69008   (sampled)
    35.06743     3.80920     5.41814     0.69227 (mid-point)
    35.16743     3.86372     5.52217     0.69441   (sampled)
    35.26743     3.92013     5.62596     0.69648 (mid-point)
    35.36743     3.97775     5.72976     0.69849   (sampled)
    35.46743     4.03572     5.83374     0.70044 (mid-point)
    35.56743     4.09515     5.93771     0.70234   (sampled)
    35.66743     4.15739     6.04215     0.70418 (mid-point)
    35.76743     4.22097     6.14658     0.70597   (sampled)
    35.86743     4.28063     6.40976     0.70771 (mid-point)
    35.96743     4.35188     6.67294     0.70939   (sampled)
    36.06743     4.42025     6.77351     0.71102 (mid-point)
    36.16743     4.48960     6.87408     0.71260   (sampled)
    36.26743     4.56141     6.98298     0.71413 (mid-point)
    36.36743     4.63424     7.09188     0.71561   (sampled)
    36.46743     4.70620     7.19543     0.71704 (mid-point)
    36.56743     4.77912     7.29898     0.71844   (sampled)
    36.66743     4.85517     7.40166     0.71979 (mid-point)
    36.76743     4.93122     7.50435     0.72110   (sampled)
    36.86743     5.00841     7.61052     0.72237 (mid-point)
    36.96743     5.08635     7.71670     0.72360   (sampled)
    37.06743     5.16444     7.81907     0.72479 (mid-point)
    37.16743     5.24311     7.92144     0.72595   (sampled)
    37.26743     5.32298     8.02606     0.72707 (mid-point)
    37.36743     5.40318     8.13069     0.72816   (sampled)
    37.46743     5.48397     8.23417     0.72922 (mid-point)
    37.56743     5.56523     8.33766     0.73025   (sampled)
    37.66743     5.64653     8.43916     0.73125 (mid-point)
    37.76743     5.72609     8.54067     0.73222   (sampled)
    37.86743     5.81316     8.64689     0.73316 (mid-point)
    37.96743     5.89615     8.75310     0.73408   (sampled)
    38.06743     5.98119     8.85563     0.73497 (mid-point)
    38.16743     6.06665     8.95816     0.73583   (sampled)
    38.26743     6.15064     9.06259     0.73667 (mid-point)
    38.36743     6.23512     9.16702     0.73749   (sampled)
    38.46743     6.32192     9.26904     0.73829 (mid-point)
    38.56743     6.40892     9.37105     0.73906   (sampled)
    38.66743     6.49667     9.47454     0.73982 (mid-point)
    38.76743     6.58323     9.57803     0.74055   (sampled)
    38.86743     6.67116     9.68114     0.74127 (mid-point)
    38.96743     6.75919     9.78424     0.74196   (sampled)
    39.06743     6.84693     9.88821     0.74264 (mid-point)
    39.16743     6.93481     9.99219     0.74330   (sampled)
    39.26743     7.02263    10.09677     0.74395 (mid-point)
    39.36743     7.11073    10.20135     0.74458   (sampled)
    39.46743     7.19949    10.30523     0.74519 (mid-point)
    39.56743     7.28777    10.40912     0.74579   (sampled)
    39.66743     7.37733    10.51550     0.74638 (mid-point)
    39.76743     7.46647    10.62188     0.74695   (sampled)
    39.86743     7.55690    10.72707     0.74750 (mid-point)
    39.96743     7.64741    10.83226     0.74805   (sampled)
    40.06743     7.73845    10.93626     0.74858 (mid-point)
    40.16743     7.82970    11.04026     0.74910   (sampled)
    40.26743     7.92056    11.14437     0.74961 (mid-point)
    40.36743     8.01167    11.24848     0.75010   (sampled)
    40.46743     8.10361    11.35578     0.75059 (mid-point)
    40.56743     8.19421    11.46308     0.75106   (sampled)
    40.66743     8.28741    11.56664     0.75153 (mid-point)
    40.76743     8.38024    11.67020     0.75198   (sampled)
    40.86743     8.46835    11.77235     0.75242 (mid-point)
    40.96743     8.55447    11.87450     0.75286   (sampled)
    41.06743     8.65465    11.98401     0.75328 (mid-point)
    41.16743     8.75291    12.09353     0.75370   (sampled)
    41.26743     8.84637    12.19873     0.75410 (mid-point)
    41.36743     8.94006    12.30393     0.75450   (sampled)
    41.46743     8.98512    13.56591     0.75490 (mid-point)
    41.56743     9.17801    14.82788     0.75527   (sampled)
    41.66743     9.28077    14.96425     0.75564 (mid-point)
    41.76743     9.38418    15.10062     0.75601   (sampled)
    41.86743     9.88242    18.04851     0.75633 (mid-point)
    41.96743    11.07100    20.99639     0.75659   (sampled)
    42.06743    14.37339    26.58789     0.75675 (mid-point)
    42.16743    18.68378    32.17940     0.75684   (sampled)

 Minimum radius found:      1.874 angstroms.



 For spherical probe approach, The geometric factor
         F= sum(ds/area) along channel is    0.757 angstroms**-1
 This yields a macroscopic predicted molar conductance of:
   (1/rho)*(100/F)= (130/rho) pS,
   where rho is the conductivity of 1M permeant ion in ohm m.
 N.B. this is a macroscopic conductance - an overestimate 
 Empirically corrected conductances currently only available
 With the CAPSULE option (although its not that stable!)
 For 1M KCl rho= 1/12 (ohm m), So Gmacro= 1600 pS/M.
  (TAG      1   Rmin=     1.87375   Gmacro=  1585.54658 Conn_Gmacro=    -1.00000 ).
 HOLE: normal completion
