 *** Program HOLE ***
 
 If results of this run are reported or published, please
 cite the publication listed below.
 For the HOLE program:
   Smart, O.S., Goodfellow, J.M., Wallace, B.A. (1993). 
   The pore dimensions of gramicidin A. 
   Biophys. J., 65, 2455-2460.
 
 Originally written by Oliver Smart at Birkbeck College from April 1992.
 Copyright 1993-2005 Oliver Smart
 Copyright 2014-2015 SmartSci Limited.
 Copyright 2016 Oliver Smart.
 
 For help on HOLE suite see  http://www.holeprogram.org/
 
 HOLE release 2.2.005 (07 August 2016) 
 
 usage subject to Apache License, Version 2.0 
 see http://www.apache.org/licenses/LICENSE-2.0 

 Control variables read:

! Input file for Oliver Smart's HOLE program
! written by MDAnalysis.analysis.hole2.HoleAnalysis
! for a Universe
! u = mda.Universe(/afs/crc.nd.edu/user/m/mfarshad/Private/ML-new/traj/host-107/
!    /afs/crc.nd.edu/user/m/mfarshad/Private/ML-new/traj/host-107/host_107.trr
!   )
! Frame 75

COORD  /tmp/2550071.1.long/tmp1ryk76ur.pdb
RADIUS simple2.rad
SPHPDB hole075.sph
SAMPLE 0.200000
ENDRAD 22.000000
IGNORE SOL WAT TIP HOH K   NA  CL
SHORTO 0
RASEED 31415
CPOINT 49.0283903360 47.9175286055 51.4940356970


 WARNING have not found a CVECT record - will try to guess
 Input pdb filename read as:    '/tmp/2550071.1.long/tmp1ryk76ur.pdb'
 Input vdW radius file read as: 'simple2.rad'
 point in channel:   49.028  47.918  51.494
 channel vector:   ************************
 sampling distance between planes:    0.200

 graphics conditions:
 binary plot output file name: NONE
 Dot density:    10
 Draw dots?           T
 Draw close contacts? F
 Draw centre line?    T
 Produce spikes rather than dots? F
 Seed for random number generator:     31415 (0 means value set by program)
 Radius above which a result is regarded as an 'end':  22.000
 Pdb format file for sphere centres: hole075.sph

 Monte Carlo conditions:
  no of steps:  1000
  maximum displacement   0.100 angs
  'kT' initial   0.100 angs
 The spherebox and capsule options are turned off.
 (No molqpt card so will not write qpt file of the molecule)
 IGNORE card read so will ignore residue types: SOL WAT TIP HOH K   NA  CL
 no SHORTO card read so will produce full textual output
 As no PEGRAT card was found will not produce PEG polymer exclusion graph
 (No 2DMAPS card specified so will not produce 2D property maps)
 Have not found a CUT card.  Normal calculation using
   Cutoff lists with a cutsize=       1.000
   (if you wish to turn off option use a CUT -1 card)

 Have read     7 bond radius records and
              16 vdW radius records.
 From file: simple2.rad

 Have read   160 atom records.
 From file: /tmp/2550071.1.long/tmp1ryk76ur.pdb
 Will not produce graphical output

 Have opened file for pdb format output of sphere centres:  hole075.sph

  Seed integer used by ran # generator on this run      31415

 
 S/R cguess will try to guess CPOINT and/or CVECT
 
 THESE GUESSES MAY WELL BE WRONG!!!!
 Routine relies on having a reasonably symmetric
 channel oriented along x, y or z vector
 YOU ARE STRONGLY ADVISED TO CHECK THE RESULTS
                       WITH MOLECULAR GRAPHICS
 testing points from cpoint in X, Y then Z direction
   point                   pore radius
direction     1
  44.028  47.918  51.494     0.271
  45.028  47.918  51.494     0.786
  46.028  47.918  51.494     1.526
  47.028  47.918  51.494     2.296
  48.028  47.918  51.494     3.151
  49.028  47.918  51.494     4.059
  50.028  47.918  51.494     3.597
  51.028  47.918  51.494     2.814
  52.028  47.918  51.494     2.130
  53.028  47.918  51.494     1.431
  54.028  47.918  51.494     0.795
 Average pore radius along the line=      2.078
direction     2
  49.028  42.918  51.494     2.695
  49.028  43.918  51.494     2.757
  49.028  44.918  51.494     2.883
  49.028  45.918  51.494     3.207
  49.028  46.918  51.494     3.695
  49.028  47.918  51.494     4.059
  49.028  48.918  51.494     3.225
  49.028  49.918  51.494     2.344
  49.028  50.918  51.494     1.553
  49.028  51.918  51.494     0.961
  49.028  52.918  51.494     0.634
 Average pore radius along the line=      2.547
direction     3
  49.028  47.918  46.494     2.316
  49.028  47.918  47.494     2.439
  49.028  47.918  48.494     2.744
  49.028  47.918  49.494     3.091
  49.028  47.918  50.494     3.602
  49.028  47.918  51.494     4.059
  49.028  47.918  52.494     3.861
  49.028  47.918  53.494     3.647
  49.028  47.918  54.494     3.643
  49.028  47.918  55.494     3.689
  49.028  47.918  56.494     3.836
 Average pore radius along the line=      3.357
 Best direction is found to be     3
(1=X,2=Y,3=Z)
 s/r cguess has produced initial values for cpoint &/or cvect:
CPOINT      49.0284     47.9175     51.4940
CVECT        0.0000      0.0000      1.0000
 THESE GUESSES MAY WELL BE WRONG!!!!
 Routine relies on having a reasonably symmetric
 channel oriented along x, y or z vector
 YOU ARE STRONGLY ADVISED TO CHECK THE RESULTS
                       WITH MOLECULAR GRAPHICS
 
 
  Some routines (e.g. conn) need vectors normal to cvect: 
     EAST Zero degrees angle is along vector    1.000   0.000   0.000
     NORTH  90 degrees angle is along vector    0.000  -1.000   0.000
 highest radius point found:
  at point   49.234  47.850  51.494
  closest atom surface    4.230   H32 107 X    1
  2nd closest surface     4.231   H51 107 X    1
  found on step  982
  this is also current point
  no. of rejections          409
 stored as     0

 highest radius point found:
  at point   49.274  47.800  51.694
  closest atom surface    4.217   H32 107 X    1
  2nd closest surface     4.217   C10 107 X    1
  found on step  970
  this is also current point
  no. of rejections          405
 stored as     1

 highest radius point found:
  at point   49.310  47.753  51.894
  closest atom surface    4.209   H7  107 X    1
  2nd closest surface     4.210   H32 107 X    1
  found on step  801
 current point:
  at point   49.314  47.751  51.894
  closest atom surface    4.205   H7  107 X    1
  2nd closest surface     4.210   C10 107 X    1
  found on step  998
  no. of rejections          418
 stored as     2

 highest radius point found:
  at point   49.342  47.711  52.094
  closest atom surface    4.208   H32 107 X    1
  2nd closest surface     4.209   H7  107 X    1
  found on step  805
 current point:
  at point   49.341  47.711  52.094
  closest atom surface    4.207   H32 107 X    1
  2nd closest surface     4.210   H7  107 X    1
  found on step  948
  no. of rejections          392
 stored as     3

 highest radius point found:
  at point   49.378  47.668  52.294
  closest atom surface    4.214   H7  107 X    1
  2nd closest surface     4.216   H51 107 X    1
  found on step  825
 current point:
  at point   49.374  47.662  52.294
  closest atom surface    4.213   H7  107 X    1
  2nd closest surface     4.213   H32 107 X    1
  found on step  969
  no. of rejections          406
 stored as     4

 highest radius point found:
  at point   49.406  47.610  52.494
  closest atom surface    4.224   H35 107 X    1
  2nd closest surface     4.224   H7  107 X    1
  found on step  974
  this is also current point
  no. of rejections          403
 stored as     5

 highest radius point found:
  at point   49.465  47.565  52.694
  closest atom surface    4.227   H7  107 X    1
  2nd closest surface     4.228   H35 107 X    1
  found on step  972
  this is also current point
  no. of rejections          396
 stored as     6

 highest radius point found:
  at point   49.522  47.520  52.894
  closest atom surface    4.239   H7  107 X    1
  2nd closest surface     4.239   H35 107 X    1
  found on step  884
  this is also current point
  no. of rejections          396
 stored as     7

 highest radius point found:
  at point   49.578  47.478  53.094
  closest atom surface    4.257   C71 107 X    1
  2nd closest surface     4.258   H35 107 X    1
  found on step  923
  this is also current point
  no. of rejections          392
 stored as     8

 highest radius point found:
  at point   49.639  47.429  53.294
  closest atom surface    4.286   H7  107 X    1
  2nd closest surface     4.288   C71 107 X    1
  found on step  997
  this is also current point
  no. of rejections          368
 stored as     9

 highest radius point found:
  at point   49.694  47.378  53.494
  closest atom surface    4.322   H7  107 X    1
  2nd closest surface     4.324   H35 107 X    1
  found on step  960
  this is also current point
  no. of rejections          372
 stored as    10

 highest radius point found:
  at point   49.749  47.328  53.694
  closest atom surface    4.367   H35 107 X    1
  2nd closest surface     4.367   H7  107 X    1
  found on step  989
  this is also current point
  no. of rejections          394
 stored as    11

 highest radius point found:
  at point   49.800  47.259  53.894
  closest atom surface    4.414   H7  107 X    1
  2nd closest surface     4.415   C82 107 X    1
  found on step  910
  this is also current point
  no. of rejections          395
 stored as    12

 highest radius point found:
  at point   49.834  47.147  54.094
  closest atom surface    4.460   C82 107 X    1
  2nd closest surface     4.462   H35 107 X    1
  found on step  628
 current point:
  at point   49.834  47.136  54.094
  closest atom surface    4.459   H7  107 X    1
  2nd closest surface     4.463   H35 107 X    1
  found on step  984
  no. of rejections          399
 stored as    13

 highest radius point found:
  at point   49.867  47.022  54.294
  closest atom surface    4.517   H7  107 X    1
  2nd closest surface     4.518   H35 107 X    1
  found on step  971
  this is also current point
  no. of rejections          410
 stored as    14

 highest radius point found:
  at point   49.898  46.893  54.494
  closest atom surface    4.581   H7  107 X    1
  2nd closest surface     4.582   H35 107 X    1
  found on step   21
 current point:
  at point   49.483  45.588  54.494
  closest atom surface    4.547   H7  107 X    1
  2nd closest surface     4.547   H32 107 X    1
  found on step  893
  no. of rejections          393
 stored as    15

 highest radius point found:
  at point   49.933  46.775  54.694
  closest atom surface    4.655   H7  107 X    1
  2nd closest surface     4.657   H35 107 X    1
  found on step  974
  this is also current point
  no. of rejections          363
 stored as    16

 highest radius point found:
  at point   49.475  45.038  54.894
  closest atom surface    4.789   H32 107 X    1
  2nd closest surface     4.791   H7  107 X    1
  found on step  998
  this is also current point
  no. of rejections          347
 stored as    17

 highest radius point found:
  at point   49.178  42.636  55.094
  closest atom surface    5.517   C44 107 X    1
  2nd closest surface     5.521   C43 107 X    1
  found on step  999
  this is also current point
  no. of rejections          323
 stored as    18

 highest radius point found:
  at point   49.295  39.255  55.294
  closest atom surface    6.586   H9  107 X    1
  2nd closest surface     6.586   C35 107 X    1
  found on step  995
  this is also current point
  no. of rejections          287
 stored as    19

 highest radius point found:
  at point   50.847  30.704  55.494
  closest atom surface   12.358   C14 107 X    1
  2nd closest surface    12.371   H10 107 X    1
  found on step 1000
  this is also current point
  no. of rejections          234
 stored as    20

 highest radius point found:
  at point   52.276  20.721  55.694
  closest atom surface   21.221   C25 107 X    1
  2nd closest surface    21.314   H18 107 X    1
  found on step  998
  this is also current point
  no. of rejections          260
 stored as    21

 highest radius point found:
  at point   52.741  11.338  55.894
  closest atom surface   29.963   C22 107 X    1
  2nd closest surface    30.034   C25 107 X    1
  found on step  998
  this is also current point
  no. of rejections          255
 This is an end! (radius above  22.0 angs)
 highest radius point found:
  at point   49.257  47.937  51.294
  closest atom surface    4.216   H20 107 X    1
  2nd closest surface     4.217   C10 107 X    1
  found on step  976
  this is also current point
  no. of rejections          384
 stored as    -1

 highest radius point found:
  at point   49.324  48.064  51.094
  closest atom surface    4.193   C10 107 X    1
  2nd closest surface     4.193   H20 107 X    1
  found on step  982
  this is also current point
  no. of rejections          381
 stored as    -2

 highest radius point found:
  at point   49.381  48.189  50.894
  closest atom surface    4.175   H51 107 X    1
  2nd closest surface     4.175   H20 107 X    1
  found on step  964
  this is also current point
  no. of rejections          388
 stored as    -3

 highest radius point found:
  at point   49.451  48.312  50.694
  closest atom surface    4.173   H51 107 X    1
  2nd closest surface     4.173   H20 107 X    1
  found on step  959
  this is also current point
  no. of rejections          367
 stored as    -4

 highest radius point found:
  at point   49.518  48.436  50.494
  closest atom surface    4.180   C10 107 X    1
  2nd closest surface     4.180   H51 107 X    1
  found on step  951
  this is also current point
  no. of rejections          388
 stored as    -5

 highest radius point found:
  at point   49.577  48.560  50.294
  closest atom surface    4.198   H51 107 X    1
  2nd closest surface     4.199   H20 107 X    1
  found on step  820
 current point:
  at point   49.578  48.558  50.294
  closest atom surface    4.197   H20 107 X    1
  2nd closest surface     4.198   C10 107 X    1
  found on step  890
  no. of rejections          394
 stored as    -6

 highest radius point found:
  at point   49.640  48.685  50.094
  closest atom surface    4.226   C10 107 X    1
  2nd closest surface     4.227   H51 107 X    1
  found on step  972
  this is also current point
  no. of rejections          382
 stored as    -7

 highest radius point found:
  at point   49.703  48.812  49.894
  closest atom surface    4.264   C10 107 X    1
  2nd closest surface     4.265   H51 107 X    1
  found on step  927
  this is also current point
  no. of rejections          394
 stored as    -8

 highest radius point found:
  at point   49.786  48.957  49.694
  closest atom surface    4.306   H51 107 X    1
  2nd closest surface     4.306   C29 107 X    1
  found on step  195
 current point:
  at point   49.795  48.963  49.694
  closest atom surface    4.304   H51 107 X    1
  2nd closest surface     4.304   C10 107 X    1
  found on step  959
  no. of rejections          374
 stored as    -9

 highest radius point found:
  at point   49.869  49.109  49.494
  closest atom surface    4.354   H51 107 X    1
  2nd closest surface     4.357   C29 107 X    1
  found on step  992
  this is also current point
  no. of rejections          327
 stored as   -10

 highest radius point found:
  at point   49.963  49.260  49.294
  closest atom surface    4.419   H51 107 X    1
  2nd closest surface     4.419   C29 107 X    1
  found on step  862
 current point:
  at point   49.963  49.261  49.294
  closest atom surface    4.418   H51 107 X    1
  2nd closest surface     4.420   C29 107 X    1
  found on step  986
  no. of rejections          374
 stored as   -11

 highest radius point found:
  at point   49.979  49.423  49.094
  closest atom surface    4.469   H51 107 X    1
  2nd closest surface     4.470   H21 107 X    1
  found on step  998
  this is also current point
  no. of rejections          369
 stored as   -12

 highest radius point found:
  at point   49.974  49.587  48.894
  closest atom surface    4.525   H51 107 X    1
  2nd closest surface     4.528   H21 107 X    1
  found on step  965
  this is also current point
  no. of rejections          354
 stored as   -13

 highest radius point found:
  at point   49.965  49.748  48.694
  closest atom surface    4.593   H51 107 X    1
  2nd closest surface     4.594   H21 107 X    1
  found on step  973
  this is also current point
  no. of rejections          363
 stored as   -14

 highest radius point found:
  at point   49.957  49.909  48.494
  closest atom surface    4.670   H21 107 X    1
  2nd closest surface     4.672   H51 107 X    1
  found on step  774
 current point:
  at point   49.955  49.914  48.494
  closest atom surface    4.670   H51 107 X    1
  2nd closest surface     4.675   H21 107 X    1
  found on step  977
  no. of rejections          328
 stored as   -15

 highest radius point found:
  at point   49.937  50.063  48.294
  closest atom surface    4.749   H21 107 X    1
  2nd closest surface     4.750   H50 107 X    1
  found on step  894
  this is also current point
  no. of rejections          319
 stored as   -16

 highest radius point found:
  at point   49.807  50.225  48.094
  closest atom surface    4.834   H50 107 X    1
  2nd closest surface     4.835   H21 107 X    1
  found on step  769
 current point:
  at point   49.807  50.225  48.094
  closest atom surface    4.834   H50 107 X    1
  2nd closest surface     4.836   H21 107 X    1
  found on step  999
  no. of rejections          333
 stored as   -17

 highest radius point found:
  at point   49.700  50.381  47.894
  closest atom surface    4.929   H21 107 X    1
  2nd closest surface     4.931   H50 107 X    1
  found on step  967
  this is also current point
  no. of rejections          326
 stored as   -18

 highest radius point found:
  at point   49.563  50.536  47.694
  closest atom surface    5.032   H51 107 X    1
  2nd closest surface     5.033   H21 107 X    1
  found on step   20
 current point:
  at point   49.006  50.494  47.694
  closest atom surface    4.993   H51 107 X    1
  2nd closest surface     4.993   H21 107 X    1
  found on step  988
  no. of rejections          297
 stored as   -19

 highest radius point found:
  at point   49.495  50.696  47.494
  closest atom surface    5.152   H50 107 X    1
  2nd closest surface     5.152   H51 107 X    1
  found on step  807
 current point:
  at point   49.358  50.685  47.494
  closest atom surface    5.139   H51 107 X    1
  2nd closest surface     5.141   H21 107 X    1
  found on step  984
  no. of rejections          308
 stored as   -20

 highest radius point found:
  at point   49.390  50.852  47.294
  closest atom surface    5.278   H51 107 X    1
  2nd closest surface     5.279   H50 107 X    1
  found on step  978
  this is also current point
  no. of rejections          342
 stored as   -21

 highest radius point found:
  at point   49.309  51.004  47.094
  closest atom surface    5.411   H50 107 X    1
  2nd closest surface     5.411   C71 107 X    1
  found on step  971
  this is also current point
  no. of rejections          312
 stored as   -22

 highest radius point found:
  at point   47.834  51.237  46.894
  closest atom surface    5.576   H51 107 X    1
  2nd closest surface     5.578   C28 107 X    1
  found on step  957
  this is also current point
  no. of rejections          286
 stored as   -23

 highest radius point found:
  at point   47.851  51.384  46.694
  closest atom surface    5.736   H51 107 X    1
  2nd closest surface     5.736   C28 107 X    1
  found on step  928
  this is also current point
  no. of rejections          223
 stored as   -24

 highest radius point found:
  at point   47.865  51.532  46.494
  closest atom surface    5.900   C28 107 X    1
  2nd closest surface     5.901   H51 107 X    1
  found on step  866
 current point:
  at point   47.856  51.541  46.494
  closest atom surface    5.900   H46 107 X    1
  2nd closest surface     5.900   H51 107 X    1
  found on step  975
  no. of rejections          257
 stored as   -25

 highest radius point found:
  at point   47.887  51.682  46.294
  closest atom surface    6.069   C71 107 X    1
  2nd closest surface     6.069   H51 107 X    1
  found on step  708
 current point:
  at point   47.891  51.681  46.294
  closest atom surface    6.068   C71 107 X    1
  2nd closest surface     6.069   H51 107 X    1
  found on step  934
  no. of rejections          240
 stored as   -26

 highest radius point found:
  at point   47.863  51.825  46.094
  closest atom surface    6.234   C71 107 X    1
  2nd closest surface     6.234   H46 107 X    1
  found on step  998
  this is also current point
  no. of rejections          194
 stored as   -27

 highest radius point found:
  at point   47.836  51.968  45.894
  closest atom surface    6.403   C71 107 X    1
  2nd closest surface     6.403   H46 107 X    1
  found on step  890
  this is also current point
  no. of rejections          258
 stored as   -28

 highest radius point found:
  at point   47.807  52.109  45.694
  closest atom surface    6.575   C28 107 X    1
  2nd closest surface     6.576   H46 107 X    1
  found on step  986
  this is also current point
  no. of rejections          227
 stored as   -29

 highest radius point found:
  at point   47.775  52.254  45.494
  closest atom surface    6.752   H46 107 X    1
  2nd closest surface     6.754   C28 107 X    1
  found on step  995
  this is also current point
  no. of rejections          181
 stored as   -30

 highest radius point found:
  at point   46.475  57.473  45.294
  closest atom surface    7.981   C71 107 X    1
  2nd closest surface     8.017   H46 107 X    1
  found on step  999
  this is also current point
  no. of rejections          154
 stored as   -31

 highest radius point found:
  at point   42.909  62.947  45.094
  closest atom surface   12.046   C64 107 X    1
  2nd closest surface    12.054   H53 107 X    1
  found on step  999
  this is also current point
  no. of rejections          209
 stored as   -32

 highest radius point found:
  at point   38.489  70.302  44.894
  closest atom surface   18.725   H53 107 X    1
  2nd closest surface    18.735   C74 107 X    1
  found on step  999
  this is also current point
  no. of rejections          257
 stored as   -33

 highest radius point found:
  at point   34.852  79.948  44.694
  closest atom surface   27.549   C56 107 X    1
  2nd closest surface    27.558   H40 107 X    1
  found on step  997
  this is also current point
  no. of rejections          262
 This is an end! (radius above  22.0 angs)
 
 N.b. Graph information routine (HOGRAP) differs 
        markedly from previous versions!
       Information now is written from -ve end
       to +ve in one pass
 
 Explanation of the meaning of each column: 
 First column "cenxyz.cvec" is the coordinate in the
   direction of the channel vector i.e. if the channel
   vector is in z (0 0 1) then it is the z coordinate.
 The second column "radius" is the hole pore radius 
   (as defined in the Biophys J 1993) article).
 The third column "cen_line_D" is the distance 
   measured along the pore centre line - with the 
   first point found set to zero. This was the first
   thing that I used to measure the distance along a pore
   but "cenxyz.cvec" is a much better general measure. 
   However, by comparing changes in this distance to changes in '   "cenxyz.cvec" one can get a measure of how straight a 
   channel is.
 The fourth column "sum{s/(area)}" is useful in conductance
   prediction -
   basically it is the sum of the thickness of each slab
   divided by its area. HOLE uses this measure to estimate
   the macroscopic conductance of a channel.
 If any of this worries you one can see the "raw" results
   of a standard hole run by producing a sphpdb file and 
    directly looking at the results.
 cenxyz.cvec      radius  cen_line_D sum{s/(area point sourc
    44.89403    18.72545   -29.40940     0.00009   (sampled)
    44.99403    15.16575   -25.11750     0.00023 (mid-point)
    45.09403    12.04557   -20.82560     0.00045   (sampled)
    45.19403     9.78356   -17.55782     0.00078 (mid-point)
    45.29403     7.98142   -14.29004     0.00128   (sampled)
    45.39403     6.96571   -11.59885     0.00194 (mid-point)
    45.49403     6.75173    -8.90765     0.00264   (sampled)
    45.59403     6.66333    -8.78291     0.00335 (mid-point)
    45.69403     6.57525    -8.65817     0.00409   (sampled)
    45.79403     6.48903    -8.53506     0.00484 (mid-point)
    45.89403     6.40307    -8.41195     0.00562   (sampled)
    45.99403     6.31784    -8.28837     0.00642 (mid-point)
    46.09403     6.23359    -8.16480     0.00724   (sampled)
    46.19403     6.15056    -8.04130     0.00808 (mid-point)
    46.29403     6.06858    -7.91781     0.00894   (sampled)
    46.39403     5.98448    -7.79217     0.00983 (mid-point)
    46.49403     5.89965    -7.66654     0.01075   (sampled)
    46.59403     5.81715    -7.54195     0.01169 (mid-point)
    46.69403     5.73569    -7.41735     0.01265   (sampled)
    46.79403     5.65520    -7.29310     0.01365 (mid-point)
    46.89403     5.57606    -7.16884     0.01467   (sampled)
    46.99403     5.45264    -6.41532     0.01574 (mid-point)
    47.09403     5.41080    -5.66180     0.01683   (sampled)
    47.19403     5.34371    -5.52973     0.01795 (mid-point)
    47.29403     5.27776    -5.39766     0.01909   (sampled)
    47.39403     5.21367    -5.26060     0.02026 (mid-point)
    47.49403     5.15166    -5.12353     0.02146   (sampled)
    47.59403     5.09106    -4.99085     0.02269 (mid-point)
    47.69403     5.03245    -4.85816     0.02394   (sampled)
    47.79403     4.97934    -4.71427     0.02523 (mid-point)
    47.89403     4.92911    -4.57039     0.02654   (sampled)
    47.99403     4.88064    -4.43272     0.02787 (mid-point)
    48.09403     4.83433    -4.29505     0.02924   (sampled)
    48.19403     4.79048    -4.15110     0.03062 (mid-point)
    48.29403     4.74950    -4.00714     0.03203   (sampled)
    48.39403     4.70863    -3.88052     0.03347 (mid-point)
    48.49403     4.67030    -3.75390     0.03493   (sampled)
    48.59403     4.63057    -3.62541     0.03641 (mid-point)
    48.69403     4.59312    -3.49691     0.03792   (sampled)
    48.79403     4.55749    -3.36844     0.03946 (mid-point)
    48.89403     4.52463    -3.23996     0.04101   (sampled)
    48.99403     4.49513    -3.11059     0.04259 (mid-point)
    49.09403     4.46853    -2.98121     0.04418   (sampled)
    49.19403     4.44211    -2.85186     0.04579 (mid-point)
    49.29403     4.41864    -2.72251     0.04742   (sampled)
    49.39403     4.38490    -2.58867     0.04908 (mid-point)
    49.49403     4.35430    -2.45482     0.05076   (sampled)
    49.59403     4.32857    -2.32251     0.05246 (mid-point)
    49.69403     4.30602    -2.19021     0.05417   (sampled)
    49.79403     4.28398    -2.05990     0.05591 (mid-point)
    49.89403     4.26420    -1.92960     0.05766   (sampled)
    49.99403     4.24403    -1.80706     0.05943 (mid-point)
    50.09403     4.22626    -1.68453     0.06121   (sampled)
    50.19403     4.21071    -1.56260     0.06300 (mid-point)
    50.29403     4.19761    -1.44067     0.06481   (sampled)
    50.39403     4.18742    -1.31927     0.06662 (mid-point)
    50.49403     4.17952    -1.19787     0.06845   (sampled)
    50.59403     4.17486    -1.07562     0.07027 (mid-point)
    50.69403     4.17257    -0.95337     0.07210   (sampled)
    50.79403     4.17245    -0.83092     0.07393 (mid-point)
    50.89403     4.17524    -0.70846     0.07576   (sampled)
    50.99403     4.18268    -0.58704     0.07758 (mid-point)
    51.09403     4.19254    -0.46563     0.07939   (sampled)
    51.19403     4.20316    -0.34243     0.08119 (mid-point)
    51.29403     4.21636    -0.21923     0.08298   (sampled)
    51.39403     4.22324    -0.10962     0.08476 (mid-point)
    51.49403     4.22975     0.00000     0.08654   (sampled)
    51.59403     4.22218     0.10497     0.08833 (mid-point)
    51.69403     4.21673     0.20994     0.09012   (sampled)
    51.79403     4.21218     0.31424     0.09191 (mid-point)
    51.89403     4.20927     0.41853     0.09371   (sampled)
    51.99403     4.20784     0.52192     0.09551 (mid-point)
    52.09403     4.20801     0.62530     0.09730   (sampled)
    52.19403     4.21056     0.72914     0.09910 (mid-point)
    52.29403     4.21383     0.83298     0.10089   (sampled)
    52.39403     4.21797     0.93807     0.10268 (mid-point)
    52.49403     4.22369     1.04317     0.10447   (sampled)
    52.59403     4.22438     1.14973     0.10625 (mid-point)
    52.69403     4.22673     1.25629     0.10803   (sampled)
    52.79403     4.23157     1.36274     0.10981 (mid-point)
    52.89403     4.23857     1.46919     0.11158   (sampled)
    52.99403     4.24712     1.57522     0.11334 (mid-point)
    53.09403     4.25740     1.68125     0.11510   (sampled)
    53.19403     4.27169     1.78849     0.11685 (mid-point)
    53.29403     4.28619     1.89574     0.11858   (sampled)
    53.39403     4.30312     2.00260     0.12030 (mid-point)
    53.49403     4.32214     2.10946     0.12200   (sampled)
    53.59403     4.34376     2.21609     0.12369 (mid-point)
    53.69403     4.36729     2.32271     0.12536   (sampled)
    53.79403     4.38984     2.43162     0.12701 (mid-point)
    53.89403     4.41437     2.54052     0.12864   (sampled)
    53.99403     4.43661     2.65643     0.13026 (mid-point)
    54.09403     4.46038     2.77233     0.13186   (sampled)
    54.19403     4.48874     2.89139     0.13344 (mid-point)
    54.29403     4.51747     3.01045     0.13500   (sampled)
    54.39403     4.54803     3.13048     0.13654 (mid-point)
    54.49403     4.58100     3.25051     0.13805   (sampled)
    54.59403     4.61711     3.36773     0.13955 (mid-point)
    54.69403     4.65541     3.48495     0.14102   (sampled)
    54.79403     4.65161     4.38861     0.14249 (mid-point)
    54.89403     4.78901     5.29226     0.14388   (sampled)
    54.99403     5.05477     6.50654     0.14512 (mid-point)
    55.09403     5.51691     7.72082     0.14617   (sampled)
    55.19403     5.88118     9.41539     0.14709 (mid-point)
    55.29403     6.58623    11.10996     0.14782   (sampled)
    55.39403     8.99839    15.45635     0.14821 (mid-point)
    55.49403    12.35827    19.80273     0.14842   (sampled)
    55.59403    16.68291    24.84599     0.14854 (mid-point)
    55.69403    21.22073    29.88924     0.14861   (sampled)

 Minimum radius found:      4.172 angstroms.



 For spherical probe approach, The geometric factor
         F= sum(ds/area) along channel is    0.149 angstroms**-1
 This yields a macroscopic predicted molar conductance of:
   (1/rho)*(100/F)= (670/rho) pS,
   where rho is the conductivity of 1M permeant ion in ohm m.
 N.B. this is a macroscopic conductance - an overestimate 
 Empirically corrected conductances currently only available
 With the CAPSULE option (although its not that stable!)
 For 1M KCl rho= 1/12 (ohm m), So Gmacro= 8100 pS/M.
  (TAG      1   Rmin=     4.17245   Gmacro=  8074.94609 Conn_Gmacro=    -1.00000 ).
 HOLE: normal completion
