 *** Program HOLE ***
 
 If results of this run are reported or published, please
 cite the publication listed below.
 For the HOLE program:
   Smart, O.S., Goodfellow, J.M., Wallace, B.A. (1993). 
   The pore dimensions of gramicidin A. 
   Biophys. J., 65, 2455-2460.
 
 Originally written by Oliver Smart at Birkbeck College from April 1992.
 Copyright 1993-2005 Oliver Smart
 Copyright 2014-2015 SmartSci Limited.
 Copyright 2016 Oliver Smart.
 
 For help on HOLE suite see  http://www.holeprogram.org/
 
 HOLE release 2.2.005 (07 August 2016) 
 
 usage subject to Apache License, Version 2.0 
 see http://www.apache.org/licenses/LICENSE-2.0 

 Control variables read:

! Input file for Oliver Smart's HOLE program
! written by MDAnalysis.analysis.hole2.HoleAnalysis
! for a Universe
! u = mda.Universe(/afs/crc.nd.edu/user/m/mfarshad/Private/ML-new/traj/host-roel
!    /afs/crc.nd.edu/user/m/mfarshad/Private/ML-new/traj/host-roelen/host_roelen
!   )
! Frame 38

COORD  /tmp/2550312.1.long/tmp0_4zr9yx.pdb
RADIUS simple2.rad
SPHPDB hole038.sph
SAMPLE 0.200000
ENDRAD 22.000000
IGNORE SOL WAT TIP HOH K   NA  CL
SHORTO 0
RASEED 31415
CPOINT 30.5442277666 29.6242737392 29.9483822414


 WARNING have not found a CVECT record - will try to guess
 Input pdb filename read as:    '/tmp/2550312.1.long/tmp0_4zr9yx.pdb'
 Input vdW radius file read as: 'simple2.rad'
 point in channel:   30.544  29.624  29.948
 channel vector:   ************************
 sampling distance between planes:    0.200

 graphics conditions:
 binary plot output file name: NONE
 Dot density:    10
 Draw dots?           T
 Draw close contacts? F
 Draw centre line?    T
 Produce spikes rather than dots? F
 Seed for random number generator:     31415 (0 means value set by program)
 Radius above which a result is regarded as an 'end':  22.000
 Pdb format file for sphere centres: hole038.sph

 Monte Carlo conditions:
  no of steps:  1000
  maximum displacement   0.100 angs
  'kT' initial   0.100 angs
 The spherebox and capsule options are turned off.
 (No molqpt card so will not write qpt file of the molecule)
 IGNORE card read so will ignore residue types: SOL WAT TIP HOH K   NA  CL
 no SHORTO card read so will produce full textual output
 As no PEGRAT card was found will not produce PEG polymer exclusion graph
 (No 2DMAPS card specified so will not produce 2D property maps)
 Have not found a CUT card.  Normal calculation using
   Cutoff lists with a cutsize=       1.000
   (if you wish to turn off option use a CUT -1 card)

 Have read     7 bond radius records and
              16 vdW radius records.
 From file: simple2.rad

 Have read   126 atom records.
 From file: /tmp/2550312.1.long/tmp0_4zr9yx.pdb
 Will not produce graphical output

 Have opened file for pdb format output of sphere centres:  hole038.sph

  Seed integer used by ran # generator on this run      31415

 
 S/R cguess will try to guess CPOINT and/or CVECT
 
 THESE GUESSES MAY WELL BE WRONG!!!!
 Routine relies on having a reasonably symmetric
 channel oriented along x, y or z vector
 YOU ARE STRONGLY ADVISED TO CHECK THE RESULTS
                       WITH MOLECULAR GRAPHICS
 testing points from cpoint in X, Y then Z direction
   point                   pore radius
direction     1
  25.544  29.624  29.948     0.102
  26.544  29.624  29.948     0.295
  27.544  29.624  29.948     0.561
  28.544  29.624  29.948     1.164
  29.544  29.624  29.948     1.815
  30.544  29.624  29.948     2.153
  31.544  29.624  29.948     1.920
  32.544  29.624  29.948     1.594
  33.544  29.624  29.948     1.231
  34.544  29.624  29.948     1.067
  35.544  29.624  29.948     1.205
 Average pore radius along the line=      1.192
direction     2
  30.544  24.624  29.948    -0.002
  30.544  25.624  29.948    -0.109
  30.544  26.624  29.948     0.306
  30.544  27.624  29.948     0.982
  30.544  28.624  29.948     1.501
  30.544  29.624  29.948     2.153
  30.544  30.624  29.948     1.527
  30.544  31.624  29.948     0.689
  30.544  32.624  29.948    -0.219
  30.544  33.624  29.948    -0.891
  30.544  34.624  29.948    -1.349
 Average pore radius along the line=      0.417
direction     3
  30.544  29.624  24.948    -0.627
  30.544  29.624  25.948    -0.391
  30.544  29.624  26.948    -0.147
  30.544  29.624  27.948     0.531
  30.544  29.624  28.948     1.381
  30.544  29.624  29.948     2.153
  30.544  29.624  30.948     1.286
  30.544  29.624  31.948     0.424
  30.544  29.624  32.948    -0.265
  30.544  29.624  33.948    -0.489
  30.544  29.624  34.948    -0.384
 Average pore radius along the line=      0.316
 Best direction is found to be     1
(1=X,2=Y,3=Z)
 s/r cguess has produced initial values for cpoint &/or cvect:
CPOINT      30.5442     29.6243     29.9484
CVECT        1.0000      0.0000      0.0000
 THESE GUESSES MAY WELL BE WRONG!!!!
 Routine relies on having a reasonably symmetric
 channel oriented along x, y or z vector
 YOU ARE STRONGLY ADVISED TO CHECK THE RESULTS
                       WITH MOLECULAR GRAPHICS
 
 
  Some routines (e.g. conn) need vectors normal to cvect: 
     EAST Zero degrees angle is along vector    0.000   1.000   0.000
     NORTH  90 degrees angle is along vector    0.000   0.000  -1.000
 highest radius point found:
  at point   30.544  29.709  29.836
  closest atom surface    2.189   C30 REO X    1
  2nd closest surface     2.189   C14 REO X    1
  found on step  886
 current point:
  at point   30.544  29.706  29.838
  closest atom surface    2.189   C30 REO X    1
  2nd closest surface     2.189   C14 REO X    1
  found on step  892
  no. of rejections          382
 stored as     0

 highest radius point found:
  at point   30.744  29.715  29.843
  closest atom surface    2.172   C27 REO X    1
  2nd closest surface     2.173   C14 REO X    1
  found on step  861
 current point:
  at point   30.744  29.714  29.845
  closest atom surface    2.171   C27 REO X    1
  2nd closest surface     2.172   C14 REO X    1
  found on step  899
  no. of rejections          367
 stored as     1

 highest radius point found:
  at point   30.944  29.728  29.860
  closest atom surface    2.155   C14 REO X    1
  2nd closest surface     2.159   C27 REO X    1
  found on step  968
  this is also current point
  no. of rejections          409
 stored as     2

 highest radius point found:
  at point   31.144  29.744  29.858
  closest atom surface    2.145   N3  REO X    1
  2nd closest surface     2.146   H69 REO X    1
  found on step  565
 current point:
  at point   31.144  29.744  29.862
  closest atom surface    2.141   N3  REO X    1
  2nd closest surface     2.149   H69 REO X    1
  found on step  962
  no. of rejections          386
 stored as     3

 highest radius point found:
  at point   31.344  29.762  29.814
  closest atom surface    2.123   N3  REO X    1
  2nd closest surface     2.123   C27 REO X    1
  found on step  994
  this is also current point
  no. of rejections          422
 stored as     4

 highest radius point found:
  at point   31.544  29.817  29.796
  closest atom surface    2.093   H69 REO X    1
  2nd closest surface     2.094   C26 REO X    1
  found on step  999
  this is also current point
  no. of rejections          408
 stored as     5

 highest radius point found:
  at point   31.744  29.876  29.767
  closest atom surface    2.059   C26 REO X    1
  2nd closest surface     2.059   H25 REO X    1
  found on step  795
 current point:
  at point   31.744  29.884  29.763
  closest atom surface    2.057   H8  REO X    1
  2nd closest surface     2.060   H69 REO X    1
  found on step  997
  no. of rejections          400
 stored as     6

 highest radius point found:
  at point   31.944  29.941  29.739
  closest atom surface    2.026   H8  REO X    1
  2nd closest surface     2.026   H25 REO X    1
  found on step  897
  this is also current point
  no. of rejections          399
 stored as     7

 highest radius point found:
  at point   32.144  30.023  29.716
  closest atom surface    2.004   H8  REO X    1
  2nd closest surface     2.005   C3  REO X    1
  found on step  457
 current point:
  at point   32.144  30.028  29.717
  closest atom surface    2.004   H8  REO X    1
  2nd closest surface     2.004   H25 REO X    1
  found on step  917
  no. of rejections          420
 stored as     8

 highest radius point found:
  at point   32.344  30.113  29.696
  closest atom surface    1.998   C3  REO X    1
  2nd closest surface     1.998   H25 REO X    1
  found on step  672
 current point:
  at point   32.344  30.138  29.700
  closest atom surface    1.997   H8  REO X    1
  2nd closest surface     1.998   H25 REO X    1
  found on step  983
  no. of rejections          393
 stored as     9

 highest radius point found:
  at point   32.544  30.187  29.680
  closest atom surface    2.000   C3  REO X    1
  2nd closest surface     2.000   H25 REO X    1
  found on step  978
  this is also current point
  no. of rejections          384
 stored as    10

 highest radius point found:
  at point   32.744  30.246  29.663
  closest atom surface    2.004   C3  REO X    1
  2nd closest surface     2.004   C15 REO X    1
  found on step  971
  this is also current point
  no. of rejections          398
 stored as    11

 highest radius point found:
  at point   32.944  30.367  29.600
  closest atom surface    2.015   C15 REO X    1
  2nd closest surface     2.015   C3  REO X    1
  found on step  990
  this is also current point
  no. of rejections          386
 stored as    12

 highest radius point found:
  at point   33.144  30.464  29.561
  closest atom surface    2.037   C15 REO X    1
  2nd closest surface     2.037   C2  REO X    1
  found on step  981
  this is also current point
  no. of rejections          375
 stored as    13

 highest radius point found:
  at point   33.344  30.484  29.614
  closest atom surface    2.043   C2  REO X    1
  2nd closest surface     2.043   N4  REO X    1
  found on step  608
 current point:
  at point   33.344  30.501  29.604
  closest atom surface    2.041   C2  REO X    1
  2nd closest surface     2.041   C15 REO X    1
  found on step  947
  no. of rejections          413
 stored as    14

 highest radius point found:
  at point   33.544  30.531  29.654
  closest atom surface    2.054   N4  REO X    1
  2nd closest surface     2.054   C15 REO X    1
  found on step  546
 current point:
  at point   33.544  30.708  29.546
  closest atom surface    2.042   C2  REO X    1
  2nd closest surface     2.045   C15 REO X    1
  found on step  997
  no. of rejections          396
 stored as    15

 highest radius point found:
  at point   33.744  30.597  29.677
  closest atom surface    2.080   C15 REO X    1
  2nd closest surface     2.080   C2  REO X    1
  found on step  936
  this is also current point
  no. of rejections          360
 stored as    16

 highest radius point found:
  at point   33.944  31.174  29.404
  closest atom surface    2.117   C2  REO X    1
  2nd closest surface     2.118   C15 REO X    1
  found on step  923
  this is also current point
  no. of rejections          363
 stored as    17

 highest radius point found:
  at point   34.144  31.310  29.390
  closest atom surface    2.177   C15 REO X    1
  2nd closest surface     2.177   C2  REO X    1
  found on step  820
 current point:
  at point   34.144  31.324  29.378
  closest atom surface    2.177   C2  REO X    1
  2nd closest surface     2.179   N9  REO X    1
  found on step  982
  no. of rejections          379
 stored as    18

 highest radius point found:
  at point   34.344  31.469  29.361
  closest atom surface    2.254   C15 REO X    1
  2nd closest surface     2.255   C2  REO X    1
  found on step  968
  this is also current point
  no. of rejections          373
 stored as    19

 highest radius point found:
  at point   34.544  31.617  29.338
  closest atom surface    2.343   N9  REO X    1
  2nd closest surface     2.343   C2  REO X    1
  found on step  967
  this is also current point
  no. of rejections          339
 stored as    20

 highest radius point found:
  at point   34.744  31.766  29.315
  closest atom surface    2.442   N9  REO X    1
  2nd closest surface     2.445   C2  REO X    1
  found on step  986
  this is also current point
  no. of rejections          346
 stored as    21

 highest radius point found:
  at point   34.944  31.911  29.297
  closest atom surface    2.557   N9  REO X    1
  2nd closest surface     2.558   C15 REO X    1
  found on step  898
  this is also current point
  no. of rejections          336
 stored as    22

 highest radius point found:
  at point   35.144  32.068  29.277
  closest atom surface    2.679   N9  REO X    1
  2nd closest surface     2.679   C15 REO X    1
  found on step 1000
  this is also current point
  no. of rejections          295
 stored as    23

 highest radius point found:
  at point   35.344  32.206  29.252
  closest atom surface    2.815   N9  REO X    1
  2nd closest surface     2.817   C2  REO X    1
  found on step  628
 current point:
  at point   35.344  32.207  29.256
  closest atom surface    2.815   C15 REO X    1
  2nd closest surface     2.816   N9  REO X    1
  found on step  987
  no. of rejections          336
 stored as    24

 highest radius point found:
  at point   35.544  32.359  29.229
  closest atom surface    2.957   N9  REO X    1
  2nd closest surface     2.962   C15 REO X    1
  found on step  635
 current point:
  at point   35.544  32.358  29.227
  closest atom surface    2.957   N9  REO X    1
  2nd closest surface     2.962   C2  REO X    1
  found on step  920
  no. of rejections          329
 stored as    25

 highest radius point found:
  at point   35.744  32.498  29.211
  closest atom surface    3.112   C15 REO X    1
  2nd closest surface     3.112   N9  REO X    1
  found on step  956
  this is also current point
  no. of rejections          327
 stored as    26

 highest radius point found:
  at point   35.944  32.644  29.190
  closest atom surface    3.271   C15 REO X    1
  2nd closest surface     3.271   C2  REO X    1
  found on step  224
 current point:
  at point   35.944  32.659  29.190
  closest atom surface    3.270   C15 REO X    1
  2nd closest surface     3.270   N9  REO X    1
  found on step  956
  no. of rejections          312
 stored as    27

 highest radius point found:
  at point   36.144  32.840  29.170
  closest atom surface    3.434   N9  REO X    1
  2nd closest surface     3.437   C15 REO X    1
  found on step  523
 current point:
  at point   36.144  33.081  29.209
  closest atom surface    3.425   N9  REO X    1
  2nd closest surface     3.425   C15 REO X    1
  found on step  952
  no. of rejections          291
 stored as    28

 highest radius point found:
  at point   36.344  32.971  29.148
  closest atom surface    3.610   C15 REO X    1
  2nd closest surface     3.610   C7  REO X    1
  found on step  758
 current point:
  at point   36.344  32.956  29.148
  closest atom surface    3.610   C15 REO X    1
  2nd closest surface     3.611   C7  REO X    1
  found on step  957
  no. of rejections          336
 stored as    29

 highest radius point found:
  at point   36.544  33.559  29.212
  closest atom surface    3.790   C7  REO X    1
  2nd closest surface     3.791   C15 REO X    1
  found on step  976
  this is also current point
  no. of rejections          337
 stored as    30

 highest radius point found:
  at point   36.744  33.426  29.174
  closest atom surface    3.950   C7  REO X    1
  2nd closest surface     3.952   C15 REO X    1
  found on step   35
 current point:
  at point   36.744  33.649  29.160
  closest atom surface    3.945   C7  REO X    1
  2nd closest surface     3.946   C8  REO X    1
  found on step 1000
  no. of rejections          301
 stored as    31

 highest radius point found:
  at point   36.944  33.396  29.138
  closest atom surface    4.112   H21 REO X    1
  2nd closest surface     4.114   C7  REO X    1
  found on step   26
 current point:
  at point   36.944  33.587  29.123
  closest atom surface    4.106   C7  REO X    1
  2nd closest surface     4.107   H21 REO X    1
  found on step  968
  no. of rejections          331
 stored as    32

 highest radius point found:
  at point   37.144  33.418  29.088
  closest atom surface    4.273   C7  REO X    1
  2nd closest surface     4.275   H21 REO X    1
  found on step  448
 current point:
  at point   37.144  33.519  29.083
  closest atom surface    4.270   C7  REO X    1
  2nd closest surface     4.270   H21 REO X    1
  found on step  931
  no. of rejections          324
 stored as    33

 highest radius point found:
  at point   37.344  33.522  29.038
  closest atom surface    4.434   C8  REO X    1
  2nd closest surface     4.435   C7  REO X    1
  found on step  981
  this is also current point
  no. of rejections          323
 stored as    34

 highest radius point found:
  at point   37.544  33.608  29.012
  closest atom surface    4.582   C8  REO X    1
  2nd closest surface     4.583   H21 REO X    1
  found on step  928
  this is also current point
  no. of rejections          328
 stored as    35

 highest radius point found:
  at point   37.744  33.699  28.990
  closest atom surface    4.732   H21 REO X    1
  2nd closest surface     4.735   C8  REO X    1
  found on step  986
  this is also current point
  no. of rejections          303
 stored as    36

 highest radius point found:
  at point   37.944  35.931  29.246
  closest atom surface    5.006   C8  REO X    1
  2nd closest surface     5.027   H21 REO X    1
  found on step  998
  this is also current point
  no. of rejections          244
 stored as    37

 highest radius point found:
  at point   38.144  43.176  31.343
  closest atom surface    9.110   H12 REO X    1
  2nd closest surface     9.128   C9  REO X    1
  found on step  996
  this is also current point
  no. of rejections          201
 stored as    38

 highest radius point found:
  at point   38.344  52.013  34.235
  closest atom surface   17.143   H12 REO X    1
  2nd closest surface    17.219   C16 REO X    1
  found on step  999
  this is also current point
  no. of rejections          235
 stored as    39

 highest radius point found:
  at point   38.544  62.028  37.310
  closest atom surface   27.127   H12 REO X    1
  2nd closest surface    27.219   C16 REO X    1
  found on step 1000
  this is also current point
  no. of rejections          264
 This is an end! (radius above  22.0 angs)
 highest radius point found:
  at point   30.344  29.734  29.827
  closest atom surface    2.196   C30 REO X    1
  2nd closest surface     2.197   C14 REO X    1
  found on step  636
 current point:
  at point   30.344  29.688  29.867
  closest atom surface    2.193   C30 REO X    1
  2nd closest surface     2.193   C14 REO X    1
  found on step  956
  no. of rejections          383
 stored as    -1

 highest radius point found:
  at point   30.144  29.772  29.811
  closest atom surface    2.213   C14 REO X    1
  2nd closest surface     2.215   C30 REO X    1
  found on step  892
  this is also current point
  no. of rejections          378
 stored as    -2

 highest radius point found:
  at point   29.944  29.873  29.805
  closest atom surface    2.195   N5  REO X    1
  2nd closest surface     2.196   H69 REO X    1
  found on step  950
  this is also current point
  no. of rejections          377
 stored as    -3

 highest radius point found:
  at point   29.744  29.975  29.743
  closest atom surface    2.160   H69 REO X    1
  2nd closest surface     2.160   C13 REO X    1
  found on step  982
  this is also current point
  no. of rejections          379
 stored as    -4

 highest radius point found:
  at point   29.544  30.075  29.671
  closest atom surface    2.136   N6  REO X    1
  2nd closest surface     2.137   N5  REO X    1
  found on step  993
  this is also current point
  no. of rejections          369
 stored as    -5

 highest radius point found:
  at point   29.344  30.177  29.518
  closest atom surface    2.097   N5  REO X    1
  2nd closest surface     2.099   H69 REO X    1
  found on step  769
 current point:
  at point   29.344  30.183  29.527
  closest atom surface    2.095   N6  REO X    1
  2nd closest surface     2.097   H69 REO X    1
  found on step  992
  no. of rejections          364
 stored as    -6

 highest radius point found:
  at point   29.144  30.283  29.369
  closest atom surface    2.081   N6  REO X    1
  2nd closest surface     2.081   N5  REO X    1
  found on step 1000
  this is also current point
  no. of rejections          358
 stored as    -7

 highest radius point found:
  at point   28.944  30.402  29.223
  closest atom surface    2.080   N6  REO X    1
  2nd closest surface     2.081   H69 REO X    1
  found on step  987
  this is also current point
  no. of rejections          364
 stored as    -8

 highest radius point found:
  at point   28.744  30.541  29.088
  closest atom surface    2.093   N2  REO X    1
  2nd closest surface     2.093   H42 REO X    1
  found on step  943
  this is also current point
  no. of rejections          398
 stored as    -9

 highest radius point found:
  at point   28.544  30.689  28.880
  closest atom surface    2.113   H42 REO X    1
  2nd closest surface     2.113   N2  REO X    1
  found on step  979
  this is also current point
  no. of rejections          366
 stored as   -10

 highest radius point found:
  at point   28.344  30.803  28.750
  closest atom surface    2.152   N2  REO X    1
  2nd closest surface     2.153   H42 REO X    1
  found on step  944
  this is also current point
  no. of rejections          419
 stored as   -11

 highest radius point found:
  at point   28.144  30.870  28.684
  closest atom surface    2.183   H15 REO X    1
  2nd closest surface     2.183   C47 REO X    1
  found on step  797
 current point:
  at point   28.144  30.870  28.682
  closest atom surface    2.183   H15 REO X    1
  2nd closest surface     2.183   C47 REO X    1
  found on step  964
  no. of rejections          400
 stored as   -12

 highest radius point found:
  at point   27.944  30.927  28.628
  closest atom surface    2.221   C47 REO X    1
  2nd closest surface     2.222   N6  REO X    1
  found on step 1000
  this is also current point
  no. of rejections          387
 stored as   -13

 highest radius point found:
  at point   27.744  31.018  28.540
  closest atom surface    2.263   C47 REO X    1
  2nd closest surface     2.264   H15 REO X    1
  found on step  821
 current point:
  at point   27.744  31.021  28.538
  closest atom surface    2.263   C47 REO X    1
  2nd closest surface     2.263   H15 REO X    1
  found on step  997
  no. of rejections          361
 stored as   -14

 highest radius point found:
  at point   27.544  31.109  28.451
  closest atom surface    2.319   C47 REO X    1
  2nd closest surface     2.322   H15 REO X    1
  found on step  533
 current point:
  at point   27.544  31.107  28.453
  closest atom surface    2.319   C47 REO X    1
  2nd closest surface     2.322   N6  REO X    1
  found on step  974
  no. of rejections          358
 stored as   -15

 highest radius point found:
  at point   27.344  31.207  28.364
  closest atom surface    2.391   C47 REO X    1
  2nd closest surface     2.391   H15 REO X    1
  found on step  985
  this is also current point
  no. of rejections          375
 stored as   -16

 highest radius point found:
  at point   27.144  31.980  27.610
  closest atom surface    2.505   N9  REO X    1
  2nd closest surface     2.507   H64 REO X    1
  found on step  700
 current point:
  at point   27.144  31.985  27.613
  closest atom surface    2.503   N9  REO X    1
  2nd closest surface     2.504   H15 REO X    1
  found on step  996
  no. of rejections          311
 stored as   -17

 highest radius point found:
  at point   26.944  31.980  27.610
  closest atom surface    2.615   H64 REO X    1
  2nd closest surface     2.621   H15 REO X    1
  found on step    1
 current point:
  at point   26.944  31.403  28.190
  closest atom surface    2.573   C47 REO X    1
  2nd closest surface     2.573   H15 REO X    1
  found on step  986
  no. of rejections          361
 stored as   -18

 highest radius point found:
  at point   26.744  33.404  24.571
  closest atom surface    3.370   C7  REO X    1
  2nd closest surface     3.401   H64 REO X    1
  found on step  999
  this is also current point
  no. of rejections          272
 stored as   -19

 highest radius point found:
  at point   26.544  36.267  15.899
  closest atom surface    9.486   H9  REO X    1
  2nd closest surface     9.684   C48 REO X    1
  found on step 1000
  this is also current point
  no. of rejections          228
 stored as   -20

 highest radius point found:
  at point   26.344  39.507   6.683
  closest atom surface   18.728   H9  REO X    1
  2nd closest surface    18.856   C48 REO X    1
  found on step 1000
  this is also current point
  no. of rejections          264
 stored as   -21

 highest radius point found:
  at point   26.144  42.059  -2.603
  closest atom surface   28.145   C48 REO X    1
  2nd closest surface    28.153   H9  REO X    1
  found on step 1000
  this is also current point
  no. of rejections          251
 This is an end! (radius above  22.0 angs)
 
 N.b. Graph information routine (HOGRAP) differs 
        markedly from previous versions!
       Information now is written from -ve end
       to +ve in one pass
 
 Explanation of the meaning of each column: 
 First column "cenxyz.cvec" is the coordinate in the
   direction of the channel vector i.e. if the channel
   vector is in z (0 0 1) then it is the z coordinate.
 The second column "radius" is the hole pore radius 
   (as defined in the Biophys J 1993) article).
 The third column "cen_line_D" is the distance 
   measured along the pore centre line - with the 
   first point found set to zero. This was the first
   thing that I used to measure the distance along a pore
   but "cenxyz.cvec" is a much better general measure. 
   However, by comparing changes in this distance to changes in '   "cenxyz.cvec" one can get a measure of how straight a 
   channel is.
 The fourth column "sum{s/(area)}" is useful in conductance
   prediction -
   basically it is the sum of the thickness of each slab
   divided by its area. HOLE uses this measure to estimate
   the macroscopic conductance of a channel.
 If any of this worries you one can see the "raw" results
   of a standard hole run by producing a sphpdb file and 
    directly looking at the results.
 cenxyz.cvec      radius  cen_line_D sum{s/(area point sourc
    26.34423    18.72792   -27.49756     0.00009   (sampled)
    26.44423    14.02325   -22.61177     0.00025 (mid-point)
    26.54423     9.48557   -17.72599     0.00061   (sampled)
    26.64423     5.70443   -13.15876     0.00158 (mid-point)
    26.74423     3.36958    -8.59153     0.00439   (sampled)
    26.84423     2.65974    -6.91076     0.00889 (mid-point)
    26.94423     2.61526    -5.22999     0.01354   (sampled)
    27.04423     2.55991    -5.12999     0.01840 (mid-point)
    27.14423     2.50538    -5.02999     0.02347   (sampled)
    27.24423     2.40643    -4.48093     0.02897 (mid-point)
    27.34423     2.39140    -3.93187     0.03453   (sampled)
    27.44423     2.35361    -3.81230     0.04028 (mid-point)
    27.54423     2.31891    -3.69272     0.04620   (sampled)
    27.64423     2.28956    -3.57427     0.05227 (mid-point)
    27.74423     2.26341    -3.45581     0.05848   (sampled)
    27.84423     2.24043    -3.33728     0.06483 (mid-point)
    27.94423     2.22079    -3.21874     0.07128   (sampled)
    28.04423     2.20075    -3.11109     0.07785 (mid-point)
    28.14423     2.18262    -3.00344     0.08453   (sampled)
    28.24423     2.16806    -2.89301     0.09131 (mid-point)
    28.34423     2.15195    -2.78258     0.09818   (sampled)
    28.44423     2.13023    -2.65039     0.10519 (mid-point)
    28.54423     2.11263    -2.51820     0.11233   (sampled)
    28.64423     2.09881    -2.35601     0.11955 (mid-point)
    28.74423     2.09331    -2.19381     0.12682   (sampled)
    28.84423     2.08463    -2.05448     0.13414 (mid-point)
    28.94423     2.08041    -1.91515     0.14149   (sampled)
    29.04423     2.07811    -1.77777     0.14887 (mid-point)
    29.14423     2.08074    -1.64040     0.15622   (sampled)
    29.24423     2.08693    -1.50494     0.16353 (mid-point)
    29.34423     2.09732    -1.36948     0.17076   (sampled)
    29.44423     2.11483    -1.23376     0.17788 (mid-point)
    29.54423     2.13571    -1.09803     0.18486   (sampled)
    29.64423     2.14626    -0.98053     0.19177 (mid-point)
    29.74423     2.15952    -0.86304     0.19859   (sampled)
    29.84423     2.17572    -0.74645     0.20532 (mid-point)
    29.94423     2.19470    -0.62986     0.21193   (sampled)
    30.04423     2.20360    -0.51787     0.21848 (mid-point)
    30.14423     2.21345    -0.40588     0.22498   (sampled)
    30.24423     2.20384    -0.30381     0.23153 (mid-point)
    30.34423     2.19553    -0.20175     0.23814   (sampled)
    30.44423     2.19097    -0.10087     0.24477 (mid-point)
    30.54423     2.18893     0.00000     0.25141   (sampled)
    30.64423     2.17956     0.10012     0.25811 (mid-point)
    30.74423     2.17156     0.20024     0.26486   (sampled)
    30.84423     2.16260     0.30079     0.27167 (mid-point)
    30.94423     2.15507     0.40134     0.27852   (sampled)
    31.04423     2.15151     0.50164     0.28540 (mid-point)
    31.14423     2.14479     0.60194     0.29232   (sampled)
    31.24423     2.13253     0.70470     0.29932 (mid-point)
    31.34423     2.12296     0.80746     0.30638   (sampled)
    31.44423     2.10646     0.91161     0.31355 (mid-point)
    31.54423     2.09320     1.01577     0.32082   (sampled)
    31.64423     2.07486     1.12101     0.32821 (mid-point)
    31.74423     2.05862     1.22625     0.33572   (sampled)
    31.84423     2.04054     1.33229     0.34337 (mid-point)
    31.94423     2.02593     1.43834     0.35112   (sampled)
    32.04423     2.01314     1.54711     0.35898 (mid-point)
    32.14423     2.00423     1.65588     0.36690   (sampled)
    32.24423     1.99909     1.76591     0.37487 (mid-point)
    32.34423     1.99757     1.87593     0.38284   (sampled)
    32.44423     1.99672     1.98296     0.39083 (mid-point)
    32.54423     1.99962     2.08999     0.39879   (sampled)
    32.64423     2.00031     2.19458     0.40674 (mid-point)
    32.74423     2.00384     2.29916     0.41467   (sampled)
    32.84423     2.00765     2.42025     0.42257 (mid-point)
    32.94423     2.01510     2.54133     0.43041   (sampled)
    33.04423     2.02442     2.65407     0.43817 (mid-point)
    33.14423     2.03698     2.76681     0.44584   (sampled)
    33.24423     2.03847     2.87066     0.45350 (mid-point)
    33.34423     2.04260     2.97451     0.46113   (sampled)
    33.44423     2.04719     3.07920     0.46873 (mid-point)
    33.54423     2.05419     3.18389     0.47627   (sampled)
    33.64423     2.06567     3.28983     0.48373 (mid-point)
    33.74423     2.07968     3.39577     0.49109   (sampled)
    33.84423     2.08421     3.73004     0.49842 (mid-point)
    33.94423     2.11698     4.06430     0.50552   (sampled)
    34.04423     2.14549     4.18543     0.51244 (mid-point)
    34.14423     2.17705     4.30655     0.51915   (sampled)
    34.24423     2.21362     4.43513     0.52565 (mid-point)
    34.34423     2.25390     4.56371     0.53192   (sampled)
    34.44423     2.29719     4.68858     0.53795 (mid-point)
    34.54423     2.34291     4.81345     0.54375   (sampled)
    34.64423     2.39092     4.93891     0.54931 (mid-point)
    34.74423     2.44214     5.06437     0.55465   (sampled)
    34.84423     2.49835     5.18802     0.55975 (mid-point)
    34.94423     2.55738     5.31167     0.56462   (sampled)
    35.04423     2.61675     5.43933     0.56927 (mid-point)
    35.14423     2.67902     5.56699     0.57370   (sampled)
    35.24423     2.74583     5.68904     0.57792 (mid-point)
    35.34423     2.81494     5.81109     0.58194   (sampled)
    35.44423     2.88481     5.93756     0.58577 (mid-point)
    35.54423     2.95705     6.06402     0.58941   (sampled)
    35.64423     3.03354     6.18622     0.59286 (mid-point)
    35.74423     3.11172     6.30841     0.59615   (sampled)
    35.84423     3.19021     6.43243     0.59928 (mid-point)
    35.94423     3.27051     6.55645     0.60226   (sampled)
    36.04423     3.35215     6.69695     0.60509 (mid-point)
    36.14423     3.43449     6.83744     0.60779   (sampled)
    36.24423     3.52184     6.95745     0.61035 (mid-point)
    36.34423     3.61024     7.07746     0.61280   (sampled)
    36.44423     3.69195     7.38980     0.61513 (mid-point)
    36.54423     3.78979     7.70214     0.61735   (sampled)
    36.64423     3.86907     7.82376     0.61947 (mid-point)
    36.74423     3.94983     7.94538     0.62151   (sampled)
    36.84423     4.03137     8.04809     0.62347 (mid-point)
    36.94423     4.11215     8.15080     0.62535   (sampled)
    37.04423     4.19295     8.25441     0.62717 (mid-point)
    37.14423     4.27305     8.35802     0.62891   (sampled)
    37.24423     4.35330     8.47355     0.63059 (mid-point)
    37.34423     4.43444     8.58907     0.63221   (sampled)
    37.44423     4.50794     8.69877     0.63377 (mid-point)
    37.54423     4.58247     8.80846     0.63529   (sampled)
    37.64423     4.65701     8.91879     0.63676 (mid-point)
    37.74423     4.73239     9.02912     0.63818   (sampled)
    37.84423     4.77211    10.15708     0.63958 (mid-point)
    37.94423     5.00646    11.28505     0.64085   (sampled)
    38.04423     6.51560    15.05724     0.64160 (mid-point)
    38.14423     9.11010    18.82944     0.64198   (sampled)
    38.24423    12.93064    23.48012     0.64217 (mid-point)
    38.34423    17.14301    28.13080     0.64228   (sampled)

 Minimum radius found:      1.997 angstroms.



 For spherical probe approach, The geometric factor
         F= sum(ds/area) along channel is    0.642 angstroms**-1
 This yields a macroscopic predicted molar conductance of:
   (1/rho)*(100/F)= (160/rho) pS,
   where rho is the conductivity of 1M permeant ion in ohm m.
 N.B. this is a macroscopic conductance - an overestimate 
 Empirically corrected conductances currently only available
 With the CAPSULE option (although its not that stable!)
 For 1M KCl rho= 1/12 (ohm m), So Gmacro= 1900 pS/M.
  (TAG      1   Rmin=     1.99672   Gmacro=  1868.35105 Conn_Gmacro=    -1.00000 ).
 HOLE: normal completion
