 *** Program HOLE ***
 
 If results of this run are reported or published, please
 cite the publication listed below.
 For the HOLE program:
   Smart, O.S., Goodfellow, J.M., Wallace, B.A. (1993). 
   The pore dimensions of gramicidin A. 
   Biophys. J., 65, 2455-2460.
 
 Originally written by Oliver Smart at Birkbeck College from April 1992.
 Copyright 1993-2005 Oliver Smart
 Copyright 2014-2015 SmartSci Limited.
 Copyright 2016 Oliver Smart.
 
 For help on HOLE suite see  http://www.holeprogram.org/
 
 HOLE release 2.2.005 (07 August 2016) 
 
 usage subject to Apache License, Version 2.0 
 see http://www.apache.org/licenses/LICENSE-2.0 

 Control variables read:

! Input file for Oliver Smart's HOLE program
! written by MDAnalysis.analysis.hole2.HoleAnalysis
! for a Universe
! u = mda.Universe(/afs/crc.nd.edu/user/m/mfarshad/Private/ML-new/traj/host-roel
!    /afs/crc.nd.edu/user/m/mfarshad/Private/ML-new/traj/host-roelen/host_roelen
!   )
! Frame 2

COORD  /tmp/2550312.1.long/tmpzoexht1q.pdb
RADIUS simple2.rad
SPHPDB hole002.sph
SAMPLE 0.200000
ENDRAD 22.000000
IGNORE SOL WAT TIP HOH K   NA  CL
SHORTO 0
RASEED 31415
CPOINT 29.0920541551 30.3143954807 30.3402875870


 WARNING have not found a CVECT record - will try to guess
 Input pdb filename read as:    '/tmp/2550312.1.long/tmpzoexht1q.pdb'
 Input vdW radius file read as: 'simple2.rad'
 point in channel:   29.092  30.314  30.340
 channel vector:   ************************
 sampling distance between planes:    0.200

 graphics conditions:
 binary plot output file name: NONE
 Dot density:    10
 Draw dots?           T
 Draw close contacts? F
 Draw centre line?    T
 Produce spikes rather than dots? F
 Seed for random number generator:     31415 (0 means value set by program)
 Radius above which a result is regarded as an 'end':  22.000
 Pdb format file for sphere centres: hole002.sph

 Monte Carlo conditions:
  no of steps:  1000
  maximum displacement   0.100 angs
  'kT' initial   0.100 angs
 The spherebox and capsule options are turned off.
 (No molqpt card so will not write qpt file of the molecule)
 IGNORE card read so will ignore residue types: SOL WAT TIP HOH K   NA  CL
 no SHORTO card read so will produce full textual output
 As no PEGRAT card was found will not produce PEG polymer exclusion graph
 (No 2DMAPS card specified so will not produce 2D property maps)
 Have not found a CUT card.  Normal calculation using
   Cutoff lists with a cutsize=       1.000
   (if you wish to turn off option use a CUT -1 card)

 Have read     7 bond radius records and
              16 vdW radius records.
 From file: simple2.rad

 Have read   126 atom records.
 From file: /tmp/2550312.1.long/tmpzoexht1q.pdb
 Will not produce graphical output

 Have opened file for pdb format output of sphere centres:  hole002.sph

  Seed integer used by ran # generator on this run      31415

 
 S/R cguess will try to guess CPOINT and/or CVECT
 
 THESE GUESSES MAY WELL BE WRONG!!!!
 Routine relies on having a reasonably symmetric
 channel oriented along x, y or z vector
 YOU ARE STRONGLY ADVISED TO CHECK THE RESULTS
                       WITH MOLECULAR GRAPHICS
 testing points from cpoint in X, Y then Z direction
   point                   pore radius
direction     1
  24.092  30.314  30.340     1.431
  25.092  30.314  30.340     1.086
  26.092  30.314  30.340     1.072
  27.092  30.314  30.340     1.394
  28.092  30.314  30.340     1.966
  29.092  30.314  30.340     2.275
  30.092  30.314  30.340     1.895
  31.092  30.314  30.340     0.994
  32.092  30.314  30.340     0.191
  33.092  30.314  30.340    -0.332
  34.092  30.314  30.340    -0.990
 Average pore radius along the line=      0.998
direction     2
  29.092  25.314  30.340    -1.234
  29.092  26.314  30.340    -0.935
  29.092  27.314  30.340    -0.139
  29.092  28.314  30.340     0.521
  29.092  29.314  30.340     1.362
  29.092  30.314  30.340     2.275
  29.092  31.314  30.340     1.424
  29.092  32.314  30.340     0.615
  29.092  33.314  30.340    -0.256
  29.092  34.314  30.340    -0.944
  29.092  35.314  30.340    -1.262
 Average pore radius along the line=      0.130
direction     3
  29.092  30.314  25.340     0.266
  29.092  30.314  26.340    -0.048
  29.092  30.314  27.340    -0.074
  29.092  30.314  28.340     0.604
  29.092  30.314  29.340     1.507
  29.092  30.314  30.340     2.275
  29.092  30.314  31.340     1.663
  29.092  30.314  32.340     0.866
  29.092  30.314  33.340     0.055
  29.092  30.314  34.340    -0.456
  29.092  30.314  35.340    -0.304
 Average pore radius along the line=      0.578
 Best direction is found to be     1
(1=X,2=Y,3=Z)
 s/r cguess has produced initial values for cpoint &/or cvect:
CPOINT      29.0921     30.3144     30.3403
CVECT        1.0000      0.0000      0.0000
 THESE GUESSES MAY WELL BE WRONG!!!!
 Routine relies on having a reasonably symmetric
 channel oriented along x, y or z vector
 YOU ARE STRONGLY ADVISED TO CHECK THE RESULTS
                       WITH MOLECULAR GRAPHICS
 
 
  Some routines (e.g. conn) need vectors normal to cvect: 
     EAST Zero degrees angle is along vector    0.000   1.000   0.000
     NORTH  90 degrees angle is along vector    0.000   0.000  -1.000
 highest radius point found:
  at point   29.092  30.342  30.358
  closest atom surface    2.295   C43 REO X    1
  2nd closest surface     2.295   H69 REO X    1
  found on step  890
  this is also current point
  no. of rejections          418
 stored as     0

 highest radius point found:
  at point   29.292  30.272  30.257
  closest atom surface    2.304   C4  REO X    1
  2nd closest surface     2.305   C43 REO X    1
  found on step  977
  this is also current point
  no. of rejections          377
 stored as     1

 highest radius point found:
  at point   29.492  30.272  30.142
  closest atom surface    2.251   N3  REO X    1
  2nd closest surface     2.253   C4  REO X    1
  found on step   44
 current point:
  at point   29.492  30.277  30.148
  closest atom surface    2.250   C4  REO X    1
  2nd closest surface     2.253   N3  REO X    1
  found on step  967
  no. of rejections          386
 stored as     2

 highest radius point found:
  at point   29.692  30.532  30.622
  closest atom surface    2.202   C4  REO X    1
  2nd closest surface     2.202   N3  REO X    1
  found on step  984
  this is also current point
  no. of rejections          358
 stored as     3

 highest radius point found:
  at point   29.892  30.633  30.802
  closest atom surface    2.151   N3  REO X    1
  2nd closest surface     2.152   H69 REO X    1
  found on step  758
 current point:
  at point   29.892  30.632  30.799
  closest atom surface    2.151   N3  REO X    1
  2nd closest surface     2.153   C3  REO X    1
  found on step  966
  no. of rejections          373
 stored as     4

 highest radius point found:
  at point   30.092  30.731  30.969
  closest atom surface    2.115   H69 REO X    1
  2nd closest surface     2.116   C3  REO X    1
  found on step  941
  this is also current point
  no. of rejections          369
 stored as     5

 highest radius point found:
  at point   30.292  30.823  31.139
  closest atom surface    2.103   N3  REO X    1
  2nd closest surface     2.103   H69 REO X    1
  found on step  909
  this is also current point
  no. of rejections          351
 stored as     6

 highest radius point found:
  at point   30.492  30.958  31.330
  closest atom surface    2.087   N8  REO X    1
  2nd closest surface     2.087   H69 REO X    1
  found on step  561
 current point:
  at point   30.492  30.954  31.335
  closest atom surface    2.087   N8  REO X    1
  2nd closest surface     2.087   H69 REO X    1
  found on step  872
  no. of rejections          359
 stored as     7

 highest radius point found:
  at point   30.692  31.081  31.556
  closest atom surface    2.092   H69 REO X    1
  2nd closest surface     2.093   N8  REO X    1
  found on step  728
 current point:
  at point   30.692  31.059  31.578
  closest atom surface    2.091   N8  REO X    1
  2nd closest surface     2.092   H69 REO X    1
  found on step  998
  no. of rejections          325
 stored as     8

 highest radius point found:
  at point   30.892  31.082  31.925
  closest atom surface    2.132   H69 REO X    1
  2nd closest surface     2.133   H25 REO X    1
  found on step  816
 current point:
  at point   30.892  31.168  31.827
  closest atom surface    2.129   H69 REO X    1
  2nd closest surface     2.130   N8  REO X    1
  found on step  924
  no. of rejections          310
 stored as     9

 highest radius point found:
  at point   31.092  31.222  32.145
  closest atom surface    2.205   N8  REO X    1
  2nd closest surface     2.205   H69 REO X    1
  found on step  865
 current point:
  at point   31.092  31.248  32.117
  closest atom surface    2.202   H69 REO X    1
  2nd closest surface     2.203   N8  REO X    1
  found on step  997
  no. of rejections          337
 stored as    10

 highest radius point found:
  at point   31.292  31.326  32.378
  closest atom surface    2.288   N8  REO X    1
  2nd closest surface     2.288   N9  REO X    1
  found on step  349
 current point:
  at point   31.292  31.335  32.367
  closest atom surface    2.287   N9  REO X    1
  2nd closest surface     2.287   N8  REO X    1
  found on step  995
  no. of rejections          312
 stored as    11

 highest radius point found:
  at point   31.492  31.415  32.596
  closest atom surface    2.377   N9  REO X    1
  2nd closest surface     2.378   N8  REO X    1
  found on step  968
  this is also current point
  no. of rejections          336
 stored as    12

 highest radius point found:
  at point   31.692  31.554  32.758
  closest atom surface    2.478   N8  REO X    1
  2nd closest surface     2.479   N9  REO X    1
  found on step  790
 current point:
  at point   31.692  31.557  32.756
  closest atom surface    2.478   N9  REO X    1
  2nd closest surface     2.479   N8  REO X    1
  found on step  934
  no. of rejections          333
 stored as    13

 highest radius point found:
  at point   31.892  31.697  32.919
  closest atom surface    2.596   N9  REO X    1
  2nd closest surface     2.597   N8  REO X    1
  found on step  993
  this is also current point
  no. of rejections          319
 stored as    14

 highest radius point found:
  at point   32.092  32.323  35.347
  closest atom surface    2.824   C10 REO X    1
  2nd closest surface     2.877   H19 REO X    1
  found on step 1000
  this is also current point
  no. of rejections          284
 stored as    15

 highest radius point found:
  at point   32.292  34.514  42.475
  closest atom surface    6.949   C9  REO X    1
  2nd closest surface     6.968   H14 REO X    1
  found on step  999
  this is also current point
  no. of rejections          160
 stored as    16

 highest radius point found:
  at point   32.492  34.947  53.083
  closest atom surface   16.599   H14 REO X    1
  2nd closest surface    16.613   H12 REO X    1
  found on step  997
  this is also current point
  no. of rejections          264
 stored as    17

 highest radius point found:
  at point   32.692  34.024  65.007
  closest atom surface   28.098   H14 REO X    1
  2nd closest surface    28.122   H22 REO X    1
  found on step 1000
  this is also current point
  no. of rejections          269
 This is an end! (radius above  22.0 angs)
 highest radius point found:
  at point   28.892  30.337  30.332
  closest atom surface    2.266   C43 REO X    1
  2nd closest surface     2.266   C46 REO X    1
  found on step  958
  this is also current point
  no. of rejections          400
 stored as    -1

 highest radius point found:
  at point   28.692  30.334  30.313
  closest atom surface    2.245   H69 REO X    1
  2nd closest surface     2.245   C43 REO X    1
  found on step  892
  this is also current point
  no. of rejections          388
 stored as    -2

 highest radius point found:
  at point   28.492  30.330  30.286
  closest atom surface    2.236   C46 REO X    1
  2nd closest surface     2.237   C43 REO X    1
  found on step  975
  this is also current point
  no. of rejections          381
 stored as    -3

 highest radius point found:
  at point   28.292  30.418  30.280
  closest atom surface    2.172   N6  REO X    1
  2nd closest surface     2.172   C46 REO X    1
  found on step  981
  this is also current point
  no. of rejections          372
 stored as    -4

 highest radius point found:
  at point   28.092  30.517  30.281
  closest atom surface    2.114   N6  REO X    1
  2nd closest surface     2.115   C46 REO X    1
  found on step  990
  this is also current point
  no. of rejections          369
 stored as    -5

 highest radius point found:
  at point   27.892  30.613  30.288
  closest atom surface    2.067   H69 REO X    1
  2nd closest surface     2.067   H62 REO X    1
  found on step  962
  this is also current point
  no. of rejections          405
 stored as    -6

 highest radius point found:
  at point   27.692  30.668  30.360
  closest atom surface    2.001   H69 REO X    1
  2nd closest surface     2.002   H62 REO X    1
  found on step  833
 current point:
  at point   27.692  30.725  30.330
  closest atom surface    1.995   H69 REO X    1
  2nd closest surface     1.997   H62 REO X    1
  found on step  957
  no. of rejections          380
 stored as    -7

 highest radius point found:
  at point   27.492  30.724  30.431
  closest atom surface    1.951   H69 REO X    1
  2nd closest surface     1.952   H62 REO X    1
  found on step  887
  this is also current point
  no. of rejections          378
 stored as    -8

 highest radius point found:
  at point   27.292  30.783  30.500
  closest atom surface    1.916   H69 REO X    1
  2nd closest surface     1.917   H62 REO X    1
  found on step  994
  this is also current point
  no. of rejections          368
 stored as    -9

 highest radius point found:
  at point   27.092  30.860  30.559
  closest atom surface    1.896   H62 REO X    1
  2nd closest surface     1.896   H69 REO X    1
  found on step  273
 current point:
  at point   27.092  30.945  30.515
  closest atom surface    1.890   H69 REO X    1
  2nd closest surface     1.890   H62 REO X    1
  found on step  996
  no. of rejections          374
 stored as   -10

 highest radius point found:
  at point   26.892  30.905  30.626
  closest atom surface    1.887   N6  REO X    1
  2nd closest surface     1.887   H62 REO X    1
  found on step  995
  this is also current point
  no. of rejections          408
 stored as   -11

 highest radius point found:
  at point   26.692  30.956  30.670
  closest atom surface    1.877   H62 REO X    1
  2nd closest surface     1.879   N6  REO X    1
  found on step  924
  this is also current point
  no. of rejections          378
 stored as   -12

 highest radius point found:
  at point   26.492  31.006  30.713
  closest atom surface    1.880   H62 REO X    1
  2nd closest surface     1.880   N6  REO X    1
  found on step  845
 current point:
  at point   26.492  31.006  30.719
  closest atom surface    1.880   N9  REO X    1
  2nd closest surface     1.882   N6  REO X    1
  found on step  923
  no. of rejections          381
 stored as   -13

 highest radius point found:
  at point   26.292  31.075  30.745
  closest atom surface    1.897   H62 REO X    1
  2nd closest surface     1.899   N9  REO X    1
  found on step  221
 current point:
  at point   26.292  31.098  30.732
  closest atom surface    1.896   H62 REO X    1
  2nd closest surface     1.896   N9  REO X    1
  found on step  973
  no. of rejections          408
 stored as   -14

 highest radius point found:
  at point   26.092  31.119  30.790
  closest atom surface    1.930   N9  REO X    1
  2nd closest surface     1.930   H62 REO X    1
  found on step  953
  this is also current point
  no. of rejections          374
 stored as   -15

 highest radius point found:
  at point   25.892  31.178  30.822
  closest atom surface    1.973   H62 REO X    1
  2nd closest surface     1.975   N9  REO X    1
  found on step  761
 current point:
  at point   25.892  31.183  30.824
  closest atom surface    1.971   N9  REO X    1
  2nd closest surface     1.977   H62 REO X    1
  found on step  993
  no. of rejections          360
 stored as   -16

 highest radius point found:
  at point   25.692  31.234  30.857
  closest atom surface    2.030   N9  REO X    1
  2nd closest surface     2.031   N6  REO X    1
  found on step  815
 current point:
  at point   25.692  31.245  30.849
  closest atom surface    2.029   H62 REO X    1
  2nd closest surface     2.030   N9  REO X    1
  found on step  907
  no. of rejections          365
 stored as   -17

 highest radius point found:
  at point   25.492  31.297  30.883
  closest atom surface    2.098   H62 REO X    1
  2nd closest surface     2.098   N9  REO X    1
  found on step  653
 current point:
  at point   25.492  31.306  30.878
  closest atom surface    2.098   N9  REO X    1
  2nd closest surface     2.098   H62 REO X    1
  found on step  935
  no. of rejections          370
 stored as   -18

 highest radius point found:
  at point   25.292  31.361  30.909
  closest atom surface    2.177   N9  REO X    1
  2nd closest surface     2.177   H62 REO X    1
  found on step  765
 current point:
  at point   25.292  31.503  30.824
  closest atom surface    2.175   N9  REO X    1
  2nd closest surface     2.176   H62 REO X    1
  found on step  997
  no. of rejections          359
 stored as   -19

 highest radius point found:
  at point   25.092  31.542  30.862
  closest atom surface    2.266   H62 REO X    1
  2nd closest surface     2.266   N9  REO X    1
  found on step  952
  this is also current point
  no. of rejections          366
 stored as   -20

 highest radius point found:
  at point   24.892  31.583  30.896
  closest atom surface    2.366   H62 REO X    1
  2nd closest surface     2.367   N9  REO X    1
  found on step  981
  this is also current point
  no. of rejections          365
 stored as   -21

 highest radius point found:
  at point   24.692  31.614  30.938
  closest atom surface    2.475   N9  REO X    1
  2nd closest surface     2.475   H62 REO X    1
  found on step  822
 current point:
  at point   24.692  31.555  30.973
  closest atom surface    2.474   H62 REO X    1
  2nd closest surface     2.474   N9  REO X    1
  found on step  905
  no. of rejections          360
 stored as   -22

 highest radius point found:
  at point   24.492  31.679  30.956
  closest atom surface    2.591   C47 REO X    1
  2nd closest surface     2.592   H62 REO X    1
  found on step  563
 current point:
  at point   24.492  31.632  30.984
  closest atom surface    2.590   H62 REO X    1
  2nd closest surface     2.591   N9  REO X    1
  found on step  921
  no. of rejections          361
 stored as   -23

 highest radius point found:
  at point   24.292  31.720  30.991
  closest atom surface    2.714   N9  REO X    1
  2nd closest surface     2.715   C47 REO X    1
  found on step  865
 current point:
  at point   24.292  31.721  30.992
  closest atom surface    2.714   N9  REO X    1
  2nd closest surface     2.715   C47 REO X    1
  found on step  986
  no. of rejections          368
 stored as   -24

 highest radius point found:
  at point   24.092  31.822  31.034
  closest atom surface    2.822   C47 REO X    1
  2nd closest surface     2.822   N9  REO X    1
  found on step  934
  this is also current point
  no. of rejections          346
 stored as   -25

 highest radius point found:
  at point   23.892  31.916  31.073
  closest atom surface    2.938   C41 REO X    1
  2nd closest surface     2.939   C47 REO X    1
  found on step   22
 current point:
  at point   23.892  31.921  31.082
  closest atom surface    2.937   N9  REO X    1
  2nd closest surface     2.938   C41 REO X    1
  found on step  951
  no. of rejections          347
 stored as   -26

 highest radius point found:
  at point   23.692  32.023  31.121
  closest atom surface    3.063   N9  REO X    1
  2nd closest surface     3.063   C47 REO X    1
  found on step  972
  this is also current point
  no. of rejections          319
 stored as   -27

 highest radius point found:
  at point   23.492  32.127  31.166
  closest atom surface    3.194   N9  REO X    1
  2nd closest surface     3.196   C47 REO X    1
  found on step 1000
  this is also current point
  no. of rejections          296
 stored as   -28

 highest radius point found:
  at point   23.292  32.227  31.208
  closest atom surface    3.333   C47 REO X    1
  2nd closest surface     3.333   N9  REO X    1
  found on step  989
  this is also current point
  no. of rejections          308
 stored as   -29

 highest radius point found:
  at point   23.092  32.330  31.252
  closest atom surface    3.478   C47 REO X    1
  2nd closest surface     3.478   N9  REO X    1
  found on step  985
  this is also current point
  no. of rejections          342
 stored as   -30

 highest radius point found:
  at point   22.892  32.436  31.298
  closest atom surface    3.627   N9  REO X    1
  2nd closest surface     3.628   C47 REO X    1
  found on step  770
 current point:
  at point   22.892  32.425  31.293
  closest atom surface    3.627   C41 REO X    1
  2nd closest surface     3.628   C47 REO X    1
  found on step  949
  no. of rejections          324
 stored as   -31

 highest radius point found:
  at point   22.692  32.534  31.340
  closest atom surface    3.784   N9  REO X    1
  2nd closest surface     3.784   C47 REO X    1
  found on step  968
  this is also current point
  no. of rejections          301
 stored as   -32

 highest radius point found:
  at point   22.492  32.635  31.388
  closest atom surface    3.944   N9  REO X    1
  2nd closest surface     3.945   C41 REO X    1
  found on step  903
  this is also current point
  no. of rejections          309
 stored as   -33

 highest radius point found:
  at point   22.292  32.738  31.431
  closest atom surface    4.109   N9  REO X    1
  2nd closest surface     4.111   C41 REO X    1
  found on step  995
  this is also current point
  no. of rejections          301
 stored as   -34

 highest radius point found:
  at point   22.092  32.839  31.474
  closest atom surface    4.279   N9  REO X    1
  2nd closest surface     4.280   C41 REO X    1
  found on step  996
  this is also current point
  no. of rejections          243
 stored as   -35

 highest radius point found:
  at point   21.892  32.946  31.519
  closest atom surface    4.452   N9  REO X    1
  2nd closest surface     4.452   C47 REO X    1
  found on step  890
  this is also current point
  no. of rejections          281
 stored as   -36

 highest radius point found:
  at point   21.692  33.061  31.563
  closest atom surface    4.627   C47 REO X    1
  2nd closest surface     4.629   N9  REO X    1
  found on step  682
 current point:
  at point   21.692  33.089  31.570
  closest atom surface    4.627   N9  REO X    1
  2nd closest surface     4.627   C47 REO X    1
  found on step  992
  no. of rejections          295
 stored as   -37

 highest radius point found:
  at point   21.492  33.149  31.607
  closest atom surface    4.809   C7  REO X    1
  2nd closest surface     4.809   N9  REO X    1
  found on step  999
  this is also current point
  no. of rejections          321
 stored as   -38

 highest radius point found:
  at point   21.292  33.231  31.627
  closest atom surface    4.980   C7  REO X    1
  2nd closest surface     4.981   C47 REO X    1
  found on step  977
  this is also current point
  no. of rejections          240
 stored as   -39

 highest radius point found:
  at point   21.092  33.306  31.646
  closest atom surface    5.155   C7  REO X    1
  2nd closest surface     5.155   C47 REO X    1
  found on step  912
  this is also current point
  no. of rejections          296
 stored as   -40

 highest radius point found:
  at point   20.892  33.386  31.663
  closest atom surface    5.331   C47 REO X    1
  2nd closest surface     5.332   C7  REO X    1
  found on step  970
  this is also current point
  no. of rejections          273
 stored as   -41

 highest radius point found:
  at point   20.692  33.465  31.683
  closest atom surface    5.510   C47 REO X    1
  2nd closest surface     5.511   C7  REO X    1
  found on step  988
  this is also current point
  no. of rejections          244
 stored as   -42

 highest radius point found:
  at point   20.492  33.544  31.705
  closest atom surface    5.691   C7  REO X    1
  2nd closest surface     5.692   C47 REO X    1
  found on step  964
  this is also current point
  no. of rejections          263
 stored as   -43

 highest radius point found:
  at point   20.292  33.624  31.724
  closest atom surface    5.873   C7  REO X    1
  2nd closest surface     5.874   H65 REO X    1
  found on step  611
 current point:
  at point   20.292  33.619  31.727
  closest atom surface    5.872   C41 REO X    1
  2nd closest surface     5.873   C7  REO X    1
  found on step  990
  no. of rejections          266
 stored as   -44

 highest radius point found:
  at point   20.092  33.703  31.796
  closest atom surface    6.047   C7  REO X    1
  2nd closest surface     6.049   C41 REO X    1
  found on step  987
  this is also current point
  no. of rejections          303
 stored as   -45

 highest radius point found:
  at point   19.892  33.769  31.838
  closest atom surface    6.214   H65 REO X    1
  2nd closest surface     6.216   C9  REO X    1
  found on step  578
 current point:
  at point   19.892  33.782  31.843
  closest atom surface    6.213   C9  REO X    1
  2nd closest surface     6.213   H65 REO X    1
  found on step  964
  no. of rejections          301
 stored as   -46

 highest radius point found:
  at point   19.692  33.815  31.873
  closest atom surface    6.380   H65 REO X    1
  2nd closest surface     6.381   C9  REO X    1
  found on step  990
  this is also current point
  no. of rejections          293
 stored as   -47

 highest radius point found:
  at point   19.492  33.873  31.908
  closest atom surface    6.547   C9  REO X    1
  2nd closest surface     6.547   H65 REO X    1
  found on step    3
 current point:
  at point   19.492  33.895  31.913
  closest atom surface    6.545   C9  REO X    1
  2nd closest surface     6.545   H65 REO X    1
  found on step  958
  no. of rejections          289
 stored as   -48

 highest radius point found:
  at point   19.292  33.923  31.939
  closest atom surface    6.715   H65 REO X    1
  2nd closest surface     6.717   C9  REO X    1
  found on step  997
  this is also current point
  no. of rejections          269
 stored as   -49

 highest radius point found:
  at point   19.092  33.984  31.974
  closest atom surface    6.885   H65 REO X    1
  2nd closest surface     6.887   C9  REO X    1
  found on step  415
 current point:
  at point   19.092  35.618  32.143
  closest atom surface    6.842   C8  REO X    1
  2nd closest surface     6.845   H65 REO X    1
  found on step 1000
  no. of rejections          271
 stored as   -50

 highest radius point found:
  at point   18.892  34.037  32.008
  closest atom surface    7.058   H65 REO X    1
  2nd closest surface     7.059   C9  REO X    1
  found on step  730
 current point:
  at point   18.892  34.032  32.007
  closest atom surface    7.058   H65 REO X    1
  2nd closest surface     7.059   C9  REO X    1
  found on step  996
  no. of rejections          292
 stored as   -51

 highest radius point found:
  at point   18.692  34.145  32.051
  closest atom surface    7.229   H65 REO X    1
  2nd closest surface     7.230   C9  REO X    1
  found on step  499
 current point:
  at point   18.692  34.579  32.137
  closest atom surface    7.218   C8  REO X    1
  2nd closest surface     7.218   H65 REO X    1
  found on step  877
  no. of rejections          299
 stored as   -52

 highest radius point found:
  at point   18.492  34.188  32.106
  closest atom surface    7.398   C9  REO X    1
  2nd closest surface     7.418   H65 REO X    1
  found on step    2
 current point:
  at point   18.492  34.660  32.177
  closest atom surface    7.398   C9  REO X    1
  2nd closest surface     7.398   C8  REO X    1
  found on step  936
  no. of rejections          259
 stored as   -53

 highest radius point found:
  at point   18.292  34.188  32.106
  closest atom surface    7.586   C9  REO X    1
  2nd closest surface     7.586   H65 REO X    1
  found on step    1
 current point:
  at point   18.292  34.311  32.131
  closest atom surface    7.581   C9  REO X    1
  2nd closest surface     7.582   H65 REO X    1
  found on step 1000
  no. of rejections          252
 stored as   -54

 highest radius point found:
  at point   18.092  37.980  32.423
  closest atom surface    8.178   C8  REO X    1
  2nd closest surface     8.186   H65 REO X    1
  found on step 1000
  this is also current point
  no. of rejections          209
 stored as   -55

 highest radius point found:
  at point   17.892  45.618  32.559
  closest atom surface   12.563   C8  REO X    1
  2nd closest surface    12.620   C48 REO X    1
  found on step 1000
  this is also current point
  no. of rejections          233
 stored as   -56

 highest radius point found:
  at point   17.692  54.802  33.266
  closest atom surface   20.149   H11 REO X    1
  2nd closest surface    20.260   C8  REO X    1
  found on step  999
  this is also current point
  no. of rejections          240
 stored as   -57

 highest radius point found:
  at point   17.492  65.515  32.966
  closest atom surface   30.125   H11 REO X    1
  2nd closest surface    30.224   H10 REO X    1
  found on step 1000
  this is also current point
  no. of rejections          251
 This is an end! (radius above  22.0 angs)
 
 N.b. Graph information routine (HOGRAP) differs 
        markedly from previous versions!
       Information now is written from -ve end
       to +ve in one pass
 
 Explanation of the meaning of each column: 
 First column "cenxyz.cvec" is the coordinate in the
   direction of the channel vector i.e. if the channel
   vector is in z (0 0 1) then it is the z coordinate.
 The second column "radius" is the hole pore radius 
   (as defined in the Biophys J 1993) article).
 The third column "cen_line_D" is the distance 
   measured along the pore centre line - with the 
   first point found set to zero. This was the first
   thing that I used to measure the distance along a pore
   but "cenxyz.cvec" is a much better general measure. 
   However, by comparing changes in this distance to changes in '   "cenxyz.cvec" one can get a measure of how straight a 
   channel is.
 The fourth column "sum{s/(area)}" is useful in conductance
   prediction -
   basically it is the sum of the thickness of each slab
   divided by its area. HOLE uses this measure to estimate
   the macroscopic conductance of a channel.
 If any of this worries you one can see the "raw" results
   of a standard hole run by producing a sphpdb file and 
    directly looking at the results.
 cenxyz.cvec      radius  cen_line_D sum{s/(area point sourc
    17.69206    20.14892   -32.46042     0.00008   (sampled)
    17.79206    16.18519   -27.85398     0.00020 (mid-point)
    17.89206    12.56302   -23.24754     0.00040   (sampled)
    17.99206     9.96316   -19.42631     0.00072 (mid-point)
    18.09206     8.17845   -15.60508     0.00120   (sampled)
    18.19206     7.68481   -13.70016     0.00174 (mid-point)
    18.29206     7.58584   -11.79524     0.00229   (sampled)
    18.39206     7.49207   -11.69524     0.00286 (mid-point)
    18.49206     7.39843   -11.59524     0.00344   (sampled)
    18.59206     7.31423   -11.48931     0.00403 (mid-point)
    18.69206     7.22876   -11.38338     0.00464   (sampled)
    18.79206     7.14324   -11.26762     0.00527 (mid-point)
    18.89206     7.05849   -11.15186     0.00591   (sampled)
    18.99206     6.97168   -11.04698     0.00656 (mid-point)
    19.09206     6.88532   -10.94210     0.00723   (sampled)
    19.19206     6.80003   -10.83610     0.00792 (mid-point)
    19.29206     6.71526   -10.73011     0.00863   (sampled)
    19.39206     6.63097   -10.62587     0.00935 (mid-point)
    19.49206     6.54682   -10.52163     0.01009   (sampled)
    19.59206     6.46345   -10.41615     0.01085 (mid-point)
    19.69206     6.38031   -10.31067     0.01164   (sampled)
    19.79206     6.29682   -10.20658     0.01244 (mid-point)
    19.89206     6.21387   -10.10249     0.01326   (sampled)
    19.99206     6.13140    -9.99502     0.01411 (mid-point)
    20.09206     6.04740    -9.88756     0.01498   (sampled)
    20.19206     5.95987    -9.77421     0.01588 (mid-point)
    20.29206     5.87300    -9.66087     0.01680   (sampled)
    20.39206     5.78158    -9.55273     0.01775 (mid-point)
    20.49206     5.69059    -9.44460     0.01874   (sampled)
    20.59206     5.60033    -9.33648     0.01975 (mid-point)
    20.69206     5.51022    -9.22836     0.02080   (sampled)
    20.79206     5.42051    -9.12041     0.02188 (mid-point)
    20.89206     5.33130    -9.01246     0.02300   (sampled)
    20.99206     5.24309    -8.90439     0.02416 (mid-point)
    21.09206     5.15508    -8.79633     0.02536   (sampled)
    21.19206     5.06720    -8.68917     0.02660 (mid-point)
    21.29206     4.97987    -8.58200     0.02788   (sampled)
    21.39206     4.89389    -8.47348     0.02921 (mid-point)
    21.49206     4.80857    -8.36495     0.03059   (sampled)
    21.59206     4.71783    -8.25341     0.03202 (mid-point)
    21.69206     4.62744    -8.14186     0.03350   (sampled)
    21.79206     4.53942    -8.02448     0.03505 (mid-point)
    21.89206     4.45210    -7.90710     0.03665   (sampled)
    21.99206     4.36506    -7.79164     0.03832 (mid-point)
    22.09206     4.27897    -7.67618     0.04006   (sampled)
    22.19206     4.19365    -7.56188     0.04187 (mid-point)
    22.29206     4.10931    -7.44758     0.04376   (sampled)
    22.39206     4.02596    -7.33312     0.04572 (mid-point)
    22.49206     3.94370    -7.21867     0.04777   (sampled)
    22.59206     3.86325    -7.10419     0.04990 (mid-point)
    22.69206     3.78401    -6.98972     0.05212   (sampled)
    22.79206     3.70488    -6.87631     0.05444 (mid-point)
    22.89206     3.62698    -6.76291     0.05686   (sampled)
    22.99206     3.55169    -6.64741     0.05939 (mid-point)
    23.09206     3.47769    -6.53192     0.06202   (sampled)
    23.19206     3.40474    -6.41728     0.06476 (mid-point)
    23.29206     3.33329    -6.30264     0.06763   (sampled)
    23.39206     3.26272    -6.18894     0.07062 (mid-point)
    23.49206     3.19362    -6.07524     0.07374   (sampled)
    23.59206     3.12756    -5.96032     0.07699 (mid-point)
    23.69206     3.06334    -5.84541     0.08039   (sampled)
    23.79206     3.00007    -5.72940     0.08392 (mid-point)
    23.89206     2.93842    -5.61339     0.08761   (sampled)
    23.99206     2.87933    -5.50140     0.09145 (mid-point)
    24.09206     2.82195    -5.38941     0.09545   (sampled)
    24.19206     2.76710    -5.27490     0.09960 (mid-point)
    24.29206     2.71448    -5.16039     0.10392   (sampled)
    24.39206     2.65204    -5.05681     0.10845 (mid-point)
    24.49206     2.59066    -4.95324     0.11319   (sampled)
    24.59206     2.53221    -4.84770     0.11816 (mid-point)
    24.69206     2.47488    -4.74216     0.12335   (sampled)
    24.79206     2.41920    -4.63887     0.12879 (mid-point)
    24.89206     2.36575    -4.53558     0.13448   (sampled)
    24.99206     2.31481    -4.43199     0.14042 (mid-point)
    25.09206     2.26635    -4.32841     0.14662   (sampled)
    25.19206     2.21929    -4.19150     0.15308 (mid-point)
    25.29206     2.17666    -4.05460     0.15980   (sampled)
    25.39206     2.13609    -3.94883     0.16677 (mid-point)
    25.49206     2.09781    -3.84307     0.17401   (sampled)
    25.59206     2.06268    -3.73741     0.18149 (mid-point)
    25.69206     2.02977    -3.63175     0.18921   (sampled)
    25.79206     2.00043    -3.52650     0.19717 (mid-point)
    25.89206     1.97325    -3.42124     0.20534   (sampled)
    25.99206     1.95005    -3.31573     0.21371 (mid-point)
    26.09206     1.93044    -3.21021     0.22226   (sampled)
    26.19206     1.91197    -3.10540     0.23096 (mid-point)
    26.29206     1.89714    -3.00059     0.23981   (sampled)
    26.39206     1.88658    -2.89352     0.24875 (mid-point)
    26.49206     1.87998    -2.78646     0.25776   (sampled)
    26.59206     1.87648    -2.68126     0.26680 (mid-point)
    26.69206     1.87684    -2.57607     0.27583   (sampled)
    26.79206     1.87993    -2.47045     0.28484 (mid-point)
    26.89206     1.88677    -2.36483     0.29378   (sampled)
    26.99206     1.88954    -2.25708     0.30270 (mid-point)
    27.09206     1.89620    -2.14934     0.31155   (sampled)
    27.19206     1.90421    -2.03815     0.32033 (mid-point)
    27.29206     1.91624    -1.92696     0.32900   (sampled)
    27.39206     1.93181    -1.81706     0.33753 (mid-point)
    27.49206     1.95140    -1.70715     0.34588   (sampled)
    27.59206     1.97442    -1.59752     0.35405 (mid-point)
    27.69206     2.00128    -1.48789     0.36200   (sampled)
    27.79206     2.03221    -1.37813     0.36971 (mid-point)
    27.89206     2.06676    -1.26837     0.37716   (sampled)
    27.99206     2.08904    -1.15728     0.38445 (mid-point)
    28.09206     2.11393    -1.04619     0.39157   (sampled)
    28.19206     2.14137    -0.93475     0.39852 (mid-point)
    28.29206     2.17179    -0.82331     0.40526   (sampled)
    28.39206     2.20252    -0.71392     0.41183 (mid-point)
    28.49206     2.23584    -0.60452     0.41819   (sampled)
    28.59206     2.23952    -0.50360     0.42454 (mid-point)
    28.69206     2.24496    -0.40268     0.43086   (sampled)
    28.79206     2.25413    -0.30219     0.43712 (mid-point)
    28.89206     2.26573    -0.20170     0.44332   (sampled)
    28.99206     2.27914    -0.10085     0.44945 (mid-point)
    29.09206     2.29496     0.00000     0.45549   (sampled)
    29.19206     2.29814     0.11726     0.46152 (mid-point)
    29.29206     2.30418     0.23452     0.46752   (sampled)
    29.39206     2.27704     0.34985     0.47365 (mid-point)
    29.49206     2.25094     0.46518     0.47994   (sampled)
    29.59206     2.21602     0.75596     0.48642 (mid-point)
    29.69206     2.20195     1.04674     0.49298   (sampled)
    29.79206     2.17419     1.19026     0.49972 (mid-point)
    29.89206     2.15120     1.33377     0.50660   (sampled)
    29.99206     2.13047     1.47291     0.51361 (mid-point)
    30.09206     2.11485     1.61205     0.52073   (sampled)
    30.19206     2.10577     1.75133     0.52790 (mid-point)
    30.29206     2.10278     1.89060     0.53510   (sampled)
    30.39206     2.09129     2.04428     0.54238 (mid-point)
    30.49206     2.08678     2.19795     0.54969   (sampled)
    30.59206     2.08522     2.36108     0.55701 (mid-point)
    30.69206     2.09179     2.52421     0.56429   (sampled)
    30.79206     2.10510     2.73398     0.57147 (mid-point)
    30.89206     2.13243     2.94375     0.57847   (sampled)
    30.99206     2.16469     3.10809     0.58526 (mid-point)
    31.09206     2.20463     3.27244     0.59181   (sampled)
    31.19206     2.24338     3.43449     0.59814 (mid-point)
    31.29206     2.28827     3.59655     0.60421   (sampled)
    31.39206     2.33012     3.75136     0.61008 (mid-point)
    31.49206     2.37727     3.90617     0.61571   (sampled)
    31.59206     2.42574     4.05221     0.62112 (mid-point)
    31.69206     2.47797     4.19824     0.62630   (sampled)
    31.79206     2.53551     4.34508     0.63125 (mid-point)
    31.89206     2.59641     4.49193     0.63598   (sampled)
    31.99206     2.57549     5.74976     0.64078 (mid-point)
    32.09206     2.82407     7.00758     0.64477   (sampled)
    32.19206     4.16740    10.73750     0.64660 (mid-point)
    32.29206     6.94871    14.46742     0.64726   (sampled)
    32.39206    11.58660    19.77662     0.64750 (mid-point)
    32.49206    16.59936    25.08582     0.64761   (sampled)

 Minimum radius found:      1.876 angstroms.



 For spherical probe approach, The geometric factor
         F= sum(ds/area) along channel is    0.648 angstroms**-1
 This yields a macroscopic predicted molar conductance of:
   (1/rho)*(100/F)= (150/rho) pS,
   where rho is the conductivity of 1M permeant ion in ohm m.
 N.B. this is a macroscopic conductance - an overestimate 
 Empirically corrected conductances currently only available
 With the CAPSULE option (although its not that stable!)
 For 1M KCl rho= 1/12 (ohm m), So Gmacro= 1900 pS/M.
  (TAG      1   Rmin=     1.87648   Gmacro=  1852.96440 Conn_Gmacro=    -1.00000 ).
 HOLE: normal completion
