 *** Program HOLE ***
 
 If results of this run are reported or published, please
 cite the publication listed below.
 For the HOLE program:
   Smart, O.S., Goodfellow, J.M., Wallace, B.A. (1993). 
   The pore dimensions of gramicidin A. 
   Biophys. J., 65, 2455-2460.
 
 Originally written by Oliver Smart at Birkbeck College from April 1992.
 Copyright 1993-2005 Oliver Smart
 Copyright 2014-2015 SmartSci Limited.
 Copyright 2016 Oliver Smart.
 
 For help on HOLE suite see  http://www.holeprogram.org/
 
 HOLE release 2.2.005 (07 August 2016) 
 
 usage subject to Apache License, Version 2.0 
 see http://www.apache.org/licenses/LICENSE-2.0 

 Control variables read:

! Input file for Oliver Smart's HOLE program
! written by MDAnalysis.analysis.hole2.HoleAnalysis
! for a Universe
! u = mda.Universe(/afs/crc.nd.edu/user/m/mfarshad/Private/ML-new/traj/host-roel
!    /afs/crc.nd.edu/user/m/mfarshad/Private/ML-new/traj/host-roelen/host_roelen
!   )
! Frame 86

COORD  /tmp/2550312.1.long/tmpqp8c8vf9.pdb
RADIUS simple2.rad
SPHPDB hole086.sph
SAMPLE 0.200000
ENDRAD 22.000000
IGNORE SOL WAT TIP HOH K   NA  CL
SHORTO 0
RASEED 31415
CPOINT 30.6022606956 30.3498073760 30.1315363021


 WARNING have not found a CVECT record - will try to guess
 Input pdb filename read as:    '/tmp/2550312.1.long/tmpqp8c8vf9.pdb'
 Input vdW radius file read as: 'simple2.rad'
 point in channel:   30.602  30.350  30.132
 channel vector:   ************************
 sampling distance between planes:    0.200

 graphics conditions:
 binary plot output file name: NONE
 Dot density:    10
 Draw dots?           T
 Draw close contacts? F
 Draw centre line?    T
 Produce spikes rather than dots? F
 Seed for random number generator:     31415 (0 means value set by program)
 Radius above which a result is regarded as an 'end':  22.000
 Pdb format file for sphere centres: hole086.sph

 Monte Carlo conditions:
  no of steps:  1000
  maximum displacement   0.100 angs
  'kT' initial   0.100 angs
 The spherebox and capsule options are turned off.
 (No molqpt card so will not write qpt file of the molecule)
 IGNORE card read so will ignore residue types: SOL WAT TIP HOH K   NA  CL
 no SHORTO card read so will produce full textual output
 As no PEGRAT card was found will not produce PEG polymer exclusion graph
 (No 2DMAPS card specified so will not produce 2D property maps)
 Have not found a CUT card.  Normal calculation using
   Cutoff lists with a cutsize=       1.000
   (if you wish to turn off option use a CUT -1 card)

 Have read     7 bond radius records and
              16 vdW radius records.
 From file: simple2.rad

 Have read   126 atom records.
 From file: /tmp/2550312.1.long/tmpqp8c8vf9.pdb
 Will not produce graphical output

 Have opened file for pdb format output of sphere centres:  hole086.sph

  Seed integer used by ran # generator on this run      31415

 
 S/R cguess will try to guess CPOINT and/or CVECT
 
 THESE GUESSES MAY WELL BE WRONG!!!!
 Routine relies on having a reasonably symmetric
 channel oriented along x, y or z vector
 YOU ARE STRONGLY ADVISED TO CHECK THE RESULTS
                       WITH MOLECULAR GRAPHICS
 testing points from cpoint in X, Y then Z direction
   point                   pore radius
direction     1
  25.602  30.350  30.132     0.572
  26.602  30.350  30.132     0.318
  27.602  30.350  30.132     0.437
  28.602  30.350  30.132     0.950
  29.602  30.350  30.132     1.685
  30.602  30.350  30.132     2.230
  31.602  30.350  30.132     1.841
  32.602  30.350  30.132     1.209
  33.602  30.350  30.132     0.628
  34.602  30.350  30.132     0.556
  35.602  30.350  30.132     0.835
 Average pore radius along the line=      1.024
direction     2
  30.602  25.350  30.132    -0.931
  30.602  26.350  30.132    -0.378
  30.602  27.350  30.132    -0.129
  30.602  28.350  30.132     0.546
  30.602  29.350  30.132     1.399
  30.602  30.350  30.132     2.230
  30.602  31.350  30.132     1.690
  30.602  32.350  30.132     1.306
  30.602  33.350  30.132     0.813
  30.602  34.350  30.132     0.645
  30.602  35.350  30.132     0.862
 Average pore radius along the line=      0.732
direction     3
  30.602  30.350  25.132    -0.889
  30.602  30.350  26.132    -0.932
  30.602  30.350  27.132    -0.188
  30.602  30.350  28.132     0.735
  30.602  30.350  29.132     1.568
  30.602  30.350  30.132     2.230
  30.602  30.350  31.132     1.397
  30.602  30.350  32.132     0.429
  30.602  30.350  33.132    -0.493
  30.602  30.350  34.132    -1.150
  30.602  30.350  35.132    -0.783
 Average pore radius along the line=      0.175
 Best direction is found to be     1
(1=X,2=Y,3=Z)
 s/r cguess has produced initial values for cpoint &/or cvect:
CPOINT      30.6023     30.3498     30.1315
CVECT        1.0000      0.0000      0.0000
 THESE GUESSES MAY WELL BE WRONG!!!!
 Routine relies on having a reasonably symmetric
 channel oriented along x, y or z vector
 YOU ARE STRONGLY ADVISED TO CHECK THE RESULTS
                       WITH MOLECULAR GRAPHICS
 
 
  Some routines (e.g. conn) need vectors normal to cvect: 
     EAST Zero degrees angle is along vector    0.000   1.000   0.000
     NORTH  90 degrees angle is along vector    0.000   0.000  -1.000
 highest radius point found:
  at point   30.602  30.456  30.263
  closest atom surface    2.262   C43 REO X    1
  2nd closest surface     2.263   C3  REO X    1
  found on step  475
 current point:
  at point   30.602  30.473  30.274
  closest atom surface    2.261   C3  REO X    1
  2nd closest surface     2.262   C13 REO X    1
  found on step  973
  no. of rejections          420
 stored as     0

 highest radius point found:
  at point   30.802  30.295  30.022
  closest atom surface    2.243   H32 REO X    1
  2nd closest surface     2.245   C3  REO X    1
  found on step  621
 current point:
  at point   30.802  30.291  30.016
  closest atom surface    2.243   H32 REO X    1
  2nd closest surface     2.243   N6  REO X    1
  found on step  948
  no. of rejections          364
 stored as     1

 highest radius point found:
  at point   31.002  30.241  29.955
  closest atom surface    2.174   N6  REO X    1
  2nd closest surface     2.175   H32 REO X    1
  found on step 1000
  this is also current point
  no. of rejections          377
 stored as     2

 highest radius point found:
  at point   31.202  30.189  29.885
  closest atom surface    2.116   N6  REO X    1
  2nd closest surface     2.118   H32 REO X    1
  found on step  333
 current point:
  at point   31.202  30.187  29.872
  closest atom surface    2.113   H32 REO X    1
  2nd closest surface     2.118   N6  REO X    1
  found on step  996
  no. of rejections          379
 stored as     3

 highest radius point found:
  at point   31.402  30.140  29.814
  closest atom surface    2.071   H32 REO X    1
  2nd closest surface     2.073   N6  REO X    1
  found on step  608
 current point:
  at point   31.402  30.131  29.796
  closest atom surface    2.070   N6  REO X    1
  2nd closest surface     2.070   H32 REO X    1
  found on step  907
  no. of rejections          407
 stored as     4

 highest radius point found:
  at point   31.602  30.077  29.750
  closest atom surface    2.026   N6  REO X    1
  2nd closest surface     2.027   N4  REO X    1
  found on step  471
 current point:
  at point   31.602  30.076  29.747
  closest atom surface    2.026   N6  REO X    1
  2nd closest surface     2.026   N4  REO X    1
  found on step  907
  no. of rejections          388
 stored as     5

 highest radius point found:
  at point   31.802  30.009  29.682
  closest atom surface    1.986   H68 REO X    1
  2nd closest surface     1.987   N6  REO X    1
  found on step  393
 current point:
  at point   31.802  29.918  29.527
  closest atom surface    1.963   N6  REO X    1
  2nd closest surface     1.969   N4  REO X    1
  found on step  999
  no. of rejections          391
 stored as     6

 highest radius point found:
  at point   32.002  29.562  28.951
  closest atom surface    1.946   H42 REO X    1
  2nd closest surface     1.947   N6  REO X    1
  found on step  991
  this is also current point
  no. of rejections          360
 stored as     7

 highest radius point found:
  at point   32.202  29.485  28.865
  closest atom surface    1.957   N4  REO X    1
  2nd closest surface     1.958   N6  REO X    1
  found on step  957
  this is also current point
  no. of rejections          369
 stored as     8

 highest radius point found:
  at point   32.402  29.397  28.769
  closest atom surface    1.980   H42 REO X    1
  2nd closest surface     1.980   N6  REO X    1
  found on step  724
 current point:
  at point   32.402  29.393  28.768
  closest atom surface    1.978   N6  REO X    1
  2nd closest surface     1.978   H42 REO X    1
  found on step  904
  no. of rejections          405
 stored as     9

 highest radius point found:
  at point   32.602  29.327  28.692
  closest atom surface    2.016   N4  REO X    1
  2nd closest surface     2.017   N7  REO X    1
  found on step  996
  this is also current point
  no. of rejections          404
 stored as    10

 highest radius point found:
  at point   32.802  29.252  28.596
  closest atom surface    2.052   N7  REO X    1
  2nd closest surface     2.056   H68 REO X    1
  found on step  372
 current point:
  at point   32.802  29.250  28.611
  closest atom surface    2.052   H68 REO X    1
  2nd closest surface     2.053   N7  REO X    1
  found on step  928
  no. of rejections          380
 stored as    11

 highest radius point found:
  at point   33.002  29.177  28.417
  closest atom surface    2.093   N7  REO X    1
  2nd closest surface     2.094   N4  REO X    1
  found on step  783
 current point:
  at point   33.002  29.177  28.430
  closest atom surface    2.092   H68 REO X    1
  2nd closest surface     2.094   N7  REO X    1
  found on step  982
  no. of rejections          382
 stored as    12

 highest radius point found:
  at point   33.202  29.099  28.267
  closest atom surface    2.152   C28 REO X    1
  2nd closest surface     2.152   H68 REO X    1
  found on step  925
  this is also current point
  no. of rejections          372
 stored as    13

 highest radius point found:
  at point   33.402  28.993  28.205
  closest atom surface    2.211   H68 REO X    1
  2nd closest surface     2.211   N7  REO X    1
  found on step  803
 current point:
  at point   33.402  28.991  28.214
  closest atom surface    2.210   H68 REO X    1
  2nd closest surface     2.210   N7  REO X    1
  found on step  871
  no. of rejections          391
 stored as    14

 highest radius point found:
  at point   33.602  28.894  28.128
  closest atom surface    2.286   C28 REO X    1
  2nd closest surface     2.286   N7  REO X    1
  found on step  806
 current point:
  at point   33.602  28.892  28.135
  closest atom surface    2.285   N7  REO X    1
  2nd closest surface     2.286   H68 REO X    1
  found on step  936
  no. of rejections          366
 stored as    15

 highest radius point found:
  at point   33.802  28.792  28.067
  closest atom surface    2.372   N7  REO X    1
  2nd closest surface     2.374   H68 REO X    1
  found on step  919
  this is also current point
  no. of rejections          363
 stored as    16

 highest radius point found:
  at point   34.002  28.694  28.005
  closest atom surface    2.471   H68 REO X    1
  2nd closest surface     2.472   N7  REO X    1
  found on step  535
 current point:
  at point   34.002  28.692  28.009
  closest atom surface    2.470   N7  REO X    1
  2nd closest surface     2.470   H68 REO X    1
  found on step  990
  no. of rejections          357
 stored as    17

 highest radius point found:
  at point   34.202  28.597  27.937
  closest atom surface    2.581   C28 REO X    1
  2nd closest surface     2.581   H68 REO X    1
  found on step  925
  this is also current point
  no. of rejections          354
 stored as    18

 highest radius point found:
  at point   34.402  28.495  27.881
  closest atom surface    2.698   N7  REO X    1
  2nd closest surface     2.702   H68 REO X    1
  found on step  892
  this is also current point
  no. of rejections          360
 stored as    19

 highest radius point found:
  at point   34.602  28.403  27.818
  closest atom surface    2.828   H68 REO X    1
  2nd closest surface     2.828   N7  REO X    1
  found on step  996
  this is also current point
  no. of rejections          356
 stored as    20

 highest radius point found:
  at point   34.802  28.313  27.756
  closest atom surface    2.958   C36 REO X    1
  2nd closest surface     2.959   C28 REO X    1
  found on step  894
  this is also current point
  no. of rejections          367
 stored as    21

 highest radius point found:
  at point   35.002  28.245  27.685
  closest atom surface    3.081   C28 REO X    1
  2nd closest surface     3.081   C36 REO X    1
  found on step  973
  this is also current point
  no. of rejections          329
 stored as    22

 highest radius point found:
  at point   35.202  28.180  27.623
  closest atom surface    3.212   C36 REO X    1
  2nd closest surface     3.213   C28 REO X    1
  found on step  932
  this is also current point
  no. of rejections          346
 stored as    23

 highest radius point found:
  at point   35.402  28.104  27.539
  closest atom surface    3.344   C44 REO X    1
  2nd closest surface     3.345   C28 REO X    1
  found on step  851
 current point:
  at point   35.402  28.108  27.539
  closest atom surface    3.343   C28 REO X    1
  2nd closest surface     3.344   C44 REO X    1
  found on step  985
  no. of rejections          345
 stored as    24

 highest radius point found:
  at point   35.602  28.031  27.447
  closest atom surface    3.479   C28 REO X    1
  2nd closest surface     3.480   C44 REO X    1
  found on step  968
  this is also current point
  no. of rejections          342
 stored as    25

 highest radius point found:
  at point   35.802  27.994  27.363
  closest atom surface    3.605   C28 REO X    1
  2nd closest surface     3.609   C35 REO X    1
  found on step   78
 current point:
  at point   35.802  27.997  27.376
  closest atom surface    3.604   C44 REO X    1
  2nd closest surface     3.609   C28 REO X    1
  found on step  999
  no. of rejections          340
 stored as    26

 highest radius point found:
  at point   36.002  27.957  27.291
  closest atom surface    3.742   C28 REO X    1
  2nd closest surface     3.742   C35 REO X    1
  found on step  948
  this is also current point
  no. of rejections          364
 stored as    27

 highest radius point found:
  at point   36.202  27.929  27.221
  closest atom surface    3.879   C44 REO X    1
  2nd closest surface     3.881   C28 REO X    1
  found on step  933
  this is also current point
  no. of rejections          308
 stored as    28

 highest radius point found:
  at point   36.402  27.882  27.135
  closest atom surface    4.024   C35 REO X    1
  2nd closest surface     4.026   C28 REO X    1
  found on step  847
 current point:
  at point   36.402  27.880  27.126
  closest atom surface    4.024   C28 REO X    1
  2nd closest surface     4.024   C35 REO X    1
  found on step  981
  no. of rejections          330
 stored as    29

 highest radius point found:
  at point   36.602  27.842  27.048
  closest atom surface    4.173   C35 REO X    1
  2nd closest surface     4.173   C28 REO X    1
  found on step  912
  this is also current point
  no. of rejections          319
 stored as    30

 highest radius point found:
  at point   36.802  27.801  26.960
  closest atom surface    4.324   C35 REO X    1
  2nd closest surface     4.325   C28 REO X    1
  found on step  623
 current point:
  at point   36.802  27.699  26.758
  closest atom surface    4.307   C35 REO X    1
  2nd closest surface     4.307   C28 REO X    1
  found on step  985
  no. of rejections          303
 stored as    31

 highest radius point found:
  at point   37.002  27.756  26.861
  closest atom surface    4.479   C28 REO X    1
  2nd closest surface     4.480   C35 REO X    1
  found on step  261
 current point:
  at point   37.002  27.578  26.512
  closest atom surface    4.462   C28 REO X    1
  2nd closest surface     4.462   C35 REO X    1
  found on step  962
  no. of rejections          282
 stored as    32

 highest radius point found:
  at point   37.202  25.463  21.025
  closest atom surface    6.277   H44 REO X    1
  2nd closest surface     6.327   C34 REO X    1
  found on step  999
  this is also current point
  no. of rejections          212
 stored as    33

 highest radius point found:
  at point   37.402  21.202  10.984
  closest atom surface   15.115   C29 REO X    1
  2nd closest surface    15.222   H39 REO X    1
  found on step  999
  this is also current point
  no. of rejections          239
 stored as    34

 highest radius point found:
  at point   37.602  16.402   0.228
  closest atom surface   26.332   C29 REO X    1
  2nd closest surface    26.332   H39 REO X    1
  found on step 1000
  this is also current point
  no. of rejections          240
 This is an end! (radius above  22.0 angs)
 highest radius point found:
  at point   30.402  30.231  30.142
  closest atom surface    2.264   C3  REO X    1
  2nd closest surface     2.264   N6  REO X    1
  found on step  947
  this is also current point
  no. of rejections          368
 stored as    -1

 highest radius point found:
  at point   30.202  30.134  30.147
  closest atom surface    2.238   C4  REO X    1
  2nd closest surface     2.238   C40 REO X    1
  found on step  811
 current point:
  at point   30.202  30.124  30.139
  closest atom surface    2.235   N6  REO X    1
  2nd closest surface     2.237   C4  REO X    1
  found on step  974
  no. of rejections          360
 stored as    -2

 highest radius point found:
  at point   30.002  29.999  30.148
  closest atom surface    2.200   N1  REO X    1
  2nd closest surface     2.201   N6  REO X    1
  found on step  653
 current point:
  at point   30.002  29.998  30.144
  closest atom surface    2.200   N1  REO X    1
  2nd closest surface     2.201   N6  REO X    1
  found on step  939
  no. of rejections          335
 stored as    -3

 highest radius point found:
  at point   29.802  29.827  30.143
  closest atom surface    2.143   N1  REO X    1
  2nd closest surface     2.143   N6  REO X    1
  found on step  965
  this is also current point
  no. of rejections          346
 stored as    -4

 highest radius point found:
  at point   29.602  29.672  30.193
  closest atom surface    2.105   N6  REO X    1
  2nd closest surface     2.106   N1  REO X    1
  found on step  977
  this is also current point
  no. of rejections          367
 stored as    -5

 highest radius point found:
  at point   29.402  29.508  30.210
  closest atom surface    2.083   N1  REO X    1
  2nd closest surface     2.083   N6  REO X    1
  found on step  733
 current point:
  at point   29.402  29.506  30.202
  closest atom surface    2.082   N1  REO X    1
  2nd closest surface     2.083   N6  REO X    1
  found on step  958
  no. of rejections          357
 stored as    -6

 highest radius point found:
  at point   29.202  29.349  30.245
  closest atom surface    2.079   N1  REO X    1
  2nd closest surface     2.079   N6  REO X    1
  found on step  898
  this is also current point
  no. of rejections          428
 stored as    -7

 highest radius point found:
  at point   29.002  29.213  30.300
  closest atom surface    2.078   C40 REO X    1
  2nd closest surface     2.079   H62 REO X    1
  found on step  896
  this is also current point
  no. of rejections          376
 stored as    -8

 highest radius point found:
  at point   28.802  29.092  30.285
  closest atom surface    2.064   N1  REO X    1
  2nd closest surface     2.066   H62 REO X    1
  found on step  983
  this is also current point
  no. of rejections          403
 stored as    -9

 highest radius point found:
  at point   28.602  28.968  30.265
  closest atom surface    2.065   C41 REO X    1
  2nd closest surface     2.065   N1  REO X    1
  found on step  952
  this is also current point
  no. of rejections          373
 stored as   -10

 highest radius point found:
  at point   28.402  28.839  30.241
  closest atom surface    2.079   C41 REO X    1
  2nd closest surface     2.080   H62 REO X    1
  found on step  957
  this is also current point
  no. of rejections          395
 stored as   -11

 highest radius point found:
  at point   28.202  28.679  30.220
  closest atom surface    2.095   C41 REO X    1
  2nd closest surface     2.096   C47 REO X    1
  found on step  417
 current point:
  at point   28.202  28.702  30.227
  closest atom surface    2.094   C47 REO X    1
  2nd closest surface     2.095   H64 REO X    1
  found on step  954
  no. of rejections          368
 stored as   -12

 highest radius point found:
  at point   28.002  28.458  30.209
  closest atom surface    2.104   H64 REO X    1
  2nd closest surface     2.106   C41 REO X    1
  found on step  899
  this is also current point
  no. of rejections          381
 stored as   -13

 highest radius point found:
  at point   27.802  28.222  30.193
  closest atom surface    2.140   C41 REO X    1
  2nd closest surface     2.142   H64 REO X    1
  found on step  856
 current point:
  at point   27.802  28.223  30.193
  closest atom surface    2.140   C41 REO X    1
  2nd closest surface     2.141   H64 REO X    1
  found on step  986
  no. of rejections          379
 stored as   -14

 highest radius point found:
  at point   27.602  27.990  30.174
  closest atom surface    2.201   C41 REO X    1
  2nd closest surface     2.204   C47 REO X    1
  found on step  808
 current point:
  at point   27.602  27.989  30.175
  closest atom surface    2.200   C41 REO X    1
  2nd closest surface     2.205   C47 REO X    1
  found on step  955
  no. of rejections          338
 stored as   -15

 highest radius point found:
  at point   27.402  27.733  30.149
  closest atom surface    2.289   H62 REO X    1
  2nd closest surface     2.289   C41 REO X    1
  found on step  882
 current point:
  at point   27.402  27.737  30.150
  closest atom surface    2.289   C41 REO X    1
  2nd closest surface     2.289   C47 REO X    1
  found on step  902
  no. of rejections          313
 stored as   -16

 highest radius point found:
  at point   27.202  27.467  30.103
  closest atom surface    2.389   H62 REO X    1
  2nd closest surface     2.390   H52 REO X    1
  found on step  955
  this is also current point
  no. of rejections          379
 stored as   -17

 highest radius point found:
  at point   27.002  27.248  30.083
  closest atom surface    2.500   H52 REO X    1
  2nd closest surface     2.502   N7  REO X    1
  found on step  933
  this is also current point
  no. of rejections          341
 stored as   -18

 highest radius point found:
  at point   26.802  26.042  30.253
  closest atom surface    2.629   H52 REO X    1
  2nd closest surface     2.632   N7  REO X    1
  found on step  997
  this is also current point
  no. of rejections          322
 stored as   -19

 highest radius point found:
  at point   26.602  19.824  29.831
  closest atom surface    5.266   C35 REO X    1
  2nd closest surface     5.364   H48 REO X    1
  found on step 1000
  this is also current point
  no. of rejections          191
 stored as   -20

 highest radius point found:
  at point   26.402  10.042  32.142
  closest atom surface   13.969   C35 REO X    1
  2nd closest surface    14.222   C37 REO X    1
  found on step  998
  this is also current point
  no. of rejections          243
 stored as   -21

 highest radius point found:
  at point   26.202   2.058  35.334
  closest atom surface   22.248   C35 REO X    1
  2nd closest surface    22.388   C37 REO X    1
  found on step  999
  this is also current point
  no. of rejections          273
 This is an end! (radius above  22.0 angs)
 
 N.b. Graph information routine (HOGRAP) differs 
        markedly from previous versions!
       Information now is written from -ve end
       to +ve in one pass
 
 Explanation of the meaning of each column: 
 First column "cenxyz.cvec" is the coordinate in the
   direction of the channel vector i.e. if the channel
   vector is in z (0 0 1) then it is the z coordinate.
 The second column "radius" is the hole pore radius 
   (as defined in the Biophys J 1993) article).
 The third column "cen_line_D" is the distance 
   measured along the pore centre line - with the 
   first point found set to zero. This was the first
   thing that I used to measure the distance along a pore
   but "cenxyz.cvec" is a much better general measure. 
   However, by comparing changes in this distance to changes in '   "cenxyz.cvec" one can get a measure of how straight a 
   channel is.
 The fourth column "sum{s/(area)}" is useful in conductance
   prediction -
   basically it is the sum of the thickness of each slab
   divided by its area. HOLE uses this measure to estimate
   the macroscopic conductance of a channel.
 If any of this worries you one can see the "raw" results
   of a standard hole run by producing a sphpdb file and 
    directly looking at the results.
 cenxyz.cvec      radius  cen_line_D sum{s/(area point sourc
    26.40226    13.96947   -22.43999     0.00016   (sampled)
    26.50226     9.33835   -17.41329     0.00053 (mid-point)
    26.60226     5.26604   -12.38659     0.00168   (sampled)
    26.70226     3.32743    -9.26885     0.00455 (mid-point)
    26.80226     2.62919    -6.15111     0.00916   (sampled)
    26.90226     2.51114    -5.53360     0.01420 (mid-point)
    27.00226     2.49968    -4.91609     0.01930   (sampled)
    27.10226     2.44204    -4.76769     0.02464 (mid-point)
    27.20226     2.38870    -4.61930     0.03021   (sampled)
    27.30226     2.33487    -4.45102     0.03605 (mid-point)
    27.40226     2.28877    -4.28273     0.04213   (sampled)
    27.50226     2.24230    -4.11977     0.04846 (mid-point)
    27.60226     2.20123    -3.95680     0.05503   (sampled)
    27.70226     2.16796    -3.80307     0.06180 (mid-point)
    27.80226     2.14033    -3.64935     0.06875   (sampled)
    27.90226     2.11900    -3.49477     0.07584 (mid-point)
    28.00226     2.10393    -3.34019     0.08303   (sampled)
    28.10226     2.09774    -3.19069     0.09026 (mid-point)
    28.20226     2.09532    -3.04120     0.09751   (sampled)
    28.30226     2.08505    -2.91285     0.10484 (mid-point)
    28.40226     2.07896    -2.78449     0.11220   (sampled)
    28.50226     2.06996    -2.66494     0.11963 (mid-point)
    28.60226     2.06460    -2.54539     0.12710   (sampled)
    28.70226     2.06266    -2.42729     0.13458 (mid-point)
    28.80226     2.06430    -2.30918     0.14205   (sampled)
    28.90226     2.06996    -2.19204     0.14948 (mid-point)
    29.00226     2.07758    -2.07490     0.15685   (sampled)
    29.10226     2.07657    -1.95081     0.16423 (mid-point)
    29.20226     2.07885    -1.82672     0.17160   (sampled)
    29.30226     2.07876    -1.69773     0.17897 (mid-point)
    29.40226     2.08301    -1.56873     0.18630   (sampled)
    29.50226     2.09209    -1.43910     0.19357 (mid-point)
    29.60226     2.10532    -1.30947     0.20076   (sampled)
    29.70226     2.12228    -1.18071     0.20782 (mid-point)
    29.80226     2.14336    -1.05196     0.21475   (sampled)
    29.90226     2.16962    -0.91991     0.22151 (mid-point)
    30.00226     2.20012    -0.78786     0.22809   (sampled)
    30.10226     2.21838    -0.66730     0.23456 (mid-point)
    30.20226     2.23772    -0.54675     0.24091   (sampled)
    30.30226     2.25175    -0.43553     0.24719 (mid-point)
    30.40226     2.26375    -0.32431     0.25340   (sampled)
    30.50226     2.26011    -0.16216     0.25964 (mid-point)
    30.60226     2.26153    -0.00000     0.26586   (sampled)
    30.70226     2.25038     0.17600     0.27214 (mid-point)
    30.80226     2.24346     0.35200     0.27847   (sampled)
    30.90226     2.20755     0.46086     0.28500 (mid-point)
    31.00226     2.17439     0.56973     0.29173   (sampled)
    31.10226     2.14362     0.67890     0.29866 (mid-point)
    31.20226     2.11568     0.78807     0.30577   (sampled)
    31.30226     2.09266     0.89688     0.31304 (mid-point)
    31.40226     2.07105     1.00569     0.32046   (sampled)
    31.50226     2.04809     1.11531     0.32805 (mid-point)
    31.60226     2.02601     1.22494     0.33580   (sampled)
    31.70226     2.00508     1.33592     0.34372 (mid-point)
    31.80226     1.98629     1.44691     0.35179   (sampled)
    31.90226     1.94110     1.88709     0.36024 (mid-point)
    32.00226     1.94583     2.32727     0.36864   (sampled)
    32.10226     1.95004     2.44276     0.37702 (mid-point)
    32.20226     1.95716     2.55824     0.38533   (sampled)
    32.30226     1.96682     2.67737     0.39355 (mid-point)
    32.40226     1.97963     2.79650     0.40168   (sampled)
    32.50226     1.99802     2.90930     0.40965 (mid-point)
    32.60226     2.01566     3.02210     0.41748   (sampled)
    32.70226     2.03259     3.13922     0.42519 (mid-point)
    32.80226     2.05219     3.25633     0.43275   (sampled)
    32.90226     2.07031     3.39550     0.44017 (mid-point)
    33.00226     2.09338     3.53468     0.44744   (sampled)
    33.10226     2.12081     3.66580     0.45451 (mid-point)
    33.20226     2.15190     3.79693     0.46139   (sampled)
    33.30226     2.17958     3.91411     0.46809 (mid-point)
    33.40226     2.21119     4.03129     0.47460   (sampled)
    33.50226     2.24726     4.14950     0.48090 (mid-point)
    33.60226     2.28584     4.26772     0.48699   (sampled)
    33.70226     2.32794     4.38388     0.49287 (mid-point)
    33.80226     2.37241     4.50005     0.49852   (sampled)
    33.90226     2.42055     4.61573     0.50396 (mid-point)
    34.00226     2.47065     4.73142     0.50917   (sampled)
    34.10226     2.52446     4.84757     0.51417 (mid-point)
    34.20226     2.58103     4.96373     0.51894   (sampled)
    34.30226     2.63875     5.07945     0.52351 (mid-point)
    34.40226     2.69801     5.19518     0.52789   (sampled)
    34.50226     2.76223     5.30974     0.53206 (mid-point)
    34.60226     2.82813     5.42430     0.53604   (sampled)
    34.70226     2.89274     5.53815     0.53984 (mid-point)
    34.80226     2.95837     5.65200     0.54348   (sampled)
    34.90226     3.01902     5.76355     0.54697 (mid-point)
    35.00226     3.08117     5.87509     0.55033   (sampled)
    35.10226     3.14574     5.98471     0.55354 (mid-point)
    35.20226     3.21159     6.09433     0.55663   (sampled)
    35.30226     3.27834     6.20918     0.55959 (mid-point)
    35.40226     3.34400     6.32404     0.56244   (sampled)
    35.50226     3.41094     6.43989     0.56517 (mid-point)
    35.60226     3.47868     6.55575     0.56780   (sampled)
    35.70226     3.54110     6.66582     0.57034 (mid-point)
    35.80226     3.60503     6.77589     0.57279   (sampled)
    35.90226     3.67269     6.88382     0.57515 (mid-point)
    36.00226     3.74161     6.99176     0.57742   (sampled)
    36.10226     3.81061     7.09855     0.57962 (mid-point)
    36.20226     3.87903     7.20534     0.58173   (sampled)
    36.30226     3.95297     7.31680     0.58377 (mid-point)
    36.40226     4.02420     7.42826     0.58573   (sampled)
    36.50226     4.09785     7.53895     0.58763 (mid-point)
    36.60226     4.17263     7.64964     0.58946   (sampled)
    36.70226     4.24796     7.76089     0.59122 (mid-point)
    36.80226     4.32438     7.87214     0.59292   (sampled)
    36.90226     4.40113     7.98608     0.59457 (mid-point)
    37.00226     4.47867     8.10003     0.59615   (sampled)
    37.10226     4.78872    11.23663     0.59754 (mid-point)
    37.20226     6.27735    14.37323     0.59835   (sampled)
    37.30226    10.32117    19.82777     0.59865 (mid-point)
    37.40226    15.11502    25.28230     0.59879   (sampled)

 Minimum radius found:      1.941 angstroms.



 For spherical probe approach, The geometric factor
         F= sum(ds/area) along channel is    0.599 angstroms**-1
 This yields a macroscopic predicted molar conductance of:
   (1/rho)*(100/F)= (170/rho) pS,
   where rho is the conductivity of 1M permeant ion in ohm m.
 N.B. this is a macroscopic conductance - an overestimate 
 Empirically corrected conductances currently only available
 With the CAPSULE option (although its not that stable!)
 For 1M KCl rho= 1/12 (ohm m), So Gmacro= 2000 pS/M.
  (TAG      1   Rmin=     1.94110   Gmacro=  2004.04730 Conn_Gmacro=    -1.00000 ).
 HOLE: normal completion
