 *** Program HOLE ***
 
 If results of this run are reported or published, please
 cite the publication listed below.
 For the HOLE program:
   Smart, O.S., Goodfellow, J.M., Wallace, B.A. (1993). 
   The pore dimensions of gramicidin A. 
   Biophys. J., 65, 2455-2460.
 
 Originally written by Oliver Smart at Birkbeck College from April 1992.
 Copyright 1993-2005 Oliver Smart
 Copyright 2014-2015 SmartSci Limited.
 Copyright 2016 Oliver Smart.
 
 For help on HOLE suite see  http://www.holeprogram.org/
 
 HOLE release 2.2.005 (07 August 2016) 
 
 usage subject to Apache License, Version 2.0 
 see http://www.apache.org/licenses/LICENSE-2.0 

 Control variables read:

! Input file for Oliver Smart's HOLE program
! written by MDAnalysis.analysis.hole2.HoleAnalysis
! for a Universe
! u = mda.Universe(/afs/crc.nd.edu/user/m/mfarshad/Private/ML-new/traj/host-3Ant
!    /afs/crc.nd.edu/user/m/mfarshad/Private/ML-new/traj/host-3Anthracene+dithio
!   )
! Frame 82

COORD  /tmp/2550186.1.long/tmp9qpy4imj.pdb
RADIUS simple2.rad
SPHPDB hole082.sph
SAMPLE 0.200000
ENDRAD 22.000000
IGNORE SOL WAT TIP HOH K   NA  CL
SHORTO 0
RASEED 31415
CPOINT 40.3175457884 39.4108903637 40.3965853567


 WARNING have not found a CVECT record - will try to guess
 Input pdb filename read as:    '/tmp/2550186.1.long/tmp9qpy4imj.pdb'
 Input vdW radius file read as: 'simple2.rad'
 point in channel:   40.318  39.411  40.397
 channel vector:   ************************
 sampling distance between planes:    0.200

 graphics conditions:
 binary plot output file name: NONE
 Dot density:    10
 Draw dots?           T
 Draw close contacts? F
 Draw centre line?    T
 Produce spikes rather than dots? F
 Seed for random number generator:     31415 (0 means value set by program)
 Radius above which a result is regarded as an 'end':  22.000
 Pdb format file for sphere centres: hole082.sph

 Monte Carlo conditions:
  no of steps:  1000
  maximum displacement   0.100 angs
  'kT' initial   0.100 angs
 The spherebox and capsule options are turned off.
 (No molqpt card so will not write qpt file of the molecule)
 IGNORE card read so will ignore residue types: SOL WAT TIP HOH K   NA  CL
 no SHORTO card read so will produce full textual output
 As no PEGRAT card was found will not produce PEG polymer exclusion graph
 (No 2DMAPS card specified so will not produce 2D property maps)
 Have not found a CUT card.  Normal calculation using
   Cutoff lists with a cutsize=       1.000
   (if you wish to turn off option use a CUT -1 card)

 Have read     7 bond radius records and
              16 vdW radius records.
 From file: simple2.rad

 Have read   177 atom records.
 From file: /tmp/2550186.1.long/tmp9qpy4imj.pdb
 Will not produce graphical output

 Have opened file for pdb format output of sphere centres:  hole082.sph

  Seed integer used by ran # generator on this run      31415

 
 S/R cguess will try to guess CPOINT and/or CVECT
 
 THESE GUESSES MAY WELL BE WRONG!!!!
 Routine relies on having a reasonably symmetric
 channel oriented along x, y or z vector
 YOU ARE STRONGLY ADVISED TO CHECK THE RESULTS
                       WITH MOLECULAR GRAPHICS
 testing points from cpoint in X, Y then Z direction
   point                   pore radius
direction     1
  35.318  39.411  40.397    -0.993
  36.318  39.411  40.397    -1.203
  37.318  39.411  40.397    -0.399
  38.318  39.411  40.397     0.556
  39.318  39.411  40.397     0.719
  40.318  39.411  40.397     1.307
  41.318  39.411  40.397     0.399
  42.318  39.411  40.397    -0.384
  43.318  39.411  40.397    -0.764
  44.318  39.411  40.397    -0.323
  45.318  39.411  40.397     0.479
 Average pore radius along the line=     -0.055
direction     2
  40.318  34.411  40.397     0.794
  40.318  35.411  40.397     0.813
  40.318  36.411  40.397     0.877
  40.318  37.411  40.397     1.246
  40.318  38.411  40.397     1.137
  40.318  39.411  40.397     1.307
  40.318  40.411  40.397     0.679
  40.318  41.411  40.397    -0.156
  40.318  42.411  40.397    -0.691
  40.318  43.411  40.397    -0.502
  40.318  44.411  40.397    -0.376
 Average pore radius along the line=      0.466
direction     3
  40.318  39.411  35.397     0.814
  40.318  39.411  36.397     1.456
  40.318  39.411  37.397     1.883
  40.318  39.411  38.397     2.116
  40.318  39.411  39.397     1.592
  40.318  39.411  40.397     1.307
  40.318  39.411  41.397     0.878
  40.318  39.411  42.397     0.453
  40.318  39.411  43.397     0.398
  40.318  39.411  44.397    -0.331
  40.318  39.411  45.397    -1.207
 Average pore radius along the line=      0.851
 Best direction is found to be     3
(1=X,2=Y,3=Z)
 s/r cguess has produced initial values for cpoint &/or cvect:
CPOINT      40.3175     39.4109     40.3966
CVECT        0.0000      0.0000      1.0000
 THESE GUESSES MAY WELL BE WRONG!!!!
 Routine relies on having a reasonably symmetric
 channel oriented along x, y or z vector
 YOU ARE STRONGLY ADVISED TO CHECK THE RESULTS
                       WITH MOLECULAR GRAPHICS
 
 
  Some routines (e.g. conn) need vectors normal to cvect: 
     EAST Zero degrees angle is along vector    1.000   0.000   0.000
     NORTH  90 degrees angle is along vector    0.000  -1.000   0.000
 highest radius point found:
  at point   39.467  37.856  40.397
  closest atom surface    2.000   C36 URE X    1
  2nd closest surface     2.001   C68 URE X    1
  found on step  832
 current point:
  at point   39.467  37.892  40.397
  closest atom surface    1.995   C68 URE X    1
  2nd closest surface     2.008   C35 URE X    1
  found on step  996
  no. of rejections          386
 stored as     0

 highest radius point found:
  at point   39.423  37.960  40.597
  closest atom surface    1.960   C68 URE X    1
  2nd closest surface     1.960   C35 URE X    1
  found on step  828
 current point:
  at point   39.426  38.002  40.597
  closest atom surface    1.956   C35 URE X    1
  2nd closest surface     1.957   C68 URE X    1
  found on step  948
  no. of rejections          407
 stored as     1

 highest radius point found:
  at point   39.373  38.023  40.797
  closest atom surface    1.929   C36 URE X    1
  2nd closest surface     1.929   C35 URE X    1
  found on step  666
 current point:
  at point   39.371  38.032  40.797
  closest atom surface    1.928   C68 URE X    1
  2nd closest surface     1.931   C35 URE X    1
  found on step  922
  no. of rejections          394
 stored as     2

 highest radius point found:
  at point   39.318  38.077  40.997
  closest atom surface    1.910   C36 URE X    1
  2nd closest surface     1.911   C68 URE X    1
  found on step 1000
  this is also current point
  no. of rejections          380
 stored as     3

 highest radius point found:
  at point   39.259  38.118  41.197
  closest atom surface    1.900   C68 URE X    1
  2nd closest surface     1.901   C36 URE X    1
  found on step  977
  this is also current point
  no. of rejections          376
 stored as     4

 highest radius point found:
  at point   39.199  38.147  41.397
  closest atom surface    1.901   C36 URE X    1
  2nd closest surface     1.902   C68 URE X    1
  found on step  982
  this is also current point
  no. of rejections          418
 stored as     5

 highest radius point found:
  at point   39.140  38.176  41.597
  closest atom surface    1.913   C36 URE X    1
  2nd closest surface     1.914   C55 URE X    1
  found on step  847
  this is also current point
  no. of rejections          402
 stored as     6

 highest radius point found:
  at point   39.115  38.216  41.797
  closest atom surface    1.908   C36 URE X    1
  2nd closest surface     1.913   C55 URE X    1
  found on step  944
  this is also current point
  no. of rejections          401
 stored as     7

 highest radius point found:
  at point   39.093  38.205  41.997
  closest atom surface    1.893   C36 URE X    1
  2nd closest surface     1.893   C61 URE X    1
  found on step  373
 current point:
  at point   39.118  38.257  41.997
  closest atom surface    1.891   C36 URE X    1
  2nd closest surface     1.891   C61 URE X    1
  found on step  995
  no. of rejections          377
 stored as     8

 highest radius point found:
  at point   39.077  38.155  42.197
  closest atom surface    1.870   C36 URE X    1
  2nd closest surface     1.871   C61 URE X    1
  found on step  798
 current point:
  at point   39.139  38.291  42.197
  closest atom surface    1.865   C36 URE X    1
  2nd closest surface     1.865   C61 URE X    1
  found on step  988
  no. of rejections          391
 stored as     9

 highest radius point found:
  at point   39.110  38.217  42.397
  closest atom surface    1.852   C36 URE X    1
  2nd closest surface     1.853   S3  URE X    1
  found on step  751
 current point:
  at point   39.110  38.223  42.397
  closest atom surface    1.851   C61 URE X    1
  2nd closest surface     1.854   C36 URE X    1
  found on step  995
  no. of rejections          407
 stored as    10

 highest radius point found:
  at point   39.123  38.279  42.597
  closest atom surface    1.828   C61 URE X    1
  2nd closest surface     1.829   S3  URE X    1
  found on step  946
  this is also current point
  no. of rejections          382
 stored as    11

 highest radius point found:
  at point   38.989  38.254  42.797
  closest atom surface    1.702   C   URE X    1
  2nd closest surface     1.704   S3  URE X    1
  found on step  611
 current point:
  at point   38.998  38.255  42.797
  closest atom surface    1.699   C   URE X    1
  2nd closest surface     1.707   S3  URE X    1
  found on step 1000
  no. of rejections          352
 stored as    12

 highest radius point found:
  at point   38.820  38.236  42.997
  closest atom surface    1.591   S3  URE X    1
  2nd closest surface     1.595   C   URE X    1
  found on step  649
 current point:
  at point   38.826  38.233  42.997
  closest atom surface    1.590   S3  URE X    1
  2nd closest surface     1.594   C   URE X    1
  found on step  994
  no. of rejections          327
 stored as    13

 highest radius point found:
  at point   38.667  38.222  43.197
  closest atom surface    1.497   C   URE X    1
  2nd closest surface     1.498   C61 URE X    1
  found on step  769
 current point:
  at point   38.678  38.213  43.197
  closest atom surface    1.494   S3  URE X    1
  2nd closest surface     1.496   C   URE X    1
  found on step  903
  no. of rejections          342
 stored as    14

 highest radius point found:
  at point   38.510  38.200  43.397
  closest atom surface    1.417   C61 URE X    1
  2nd closest surface     1.418   S3  URE X    1
  found on step  904
  this is also current point
  no. of rejections          374
 stored as    15

 highest radius point found:
  at point   38.368  38.180  43.597
  closest atom surface    1.355   C   URE X    1
  2nd closest surface     1.356   S3  URE X    1
  found on step  891
  this is also current point
  no. of rejections          357
 stored as    16

 highest radius point found:
  at point   38.213  38.160  43.797
  closest atom surface    1.311   S3  URE X    1
  2nd closest surface     1.311   C56 URE X    1
  found on step  968
  this is also current point
  no. of rejections          390
 stored as    17

 highest radius point found:
  at point   38.083  38.142  43.997
  closest atom surface    1.277   C   URE X    1
  2nd closest surface     1.278   C56 URE X    1
  found on step  400
 current point:
  at point   38.088  38.133  43.997
  closest atom surface    1.276   S3  URE X    1
  2nd closest surface     1.278   C   URE X    1
  found on step  948
  no. of rejections          375
 stored as    18

 highest radius point found:
  at point   37.966  38.101  44.197
  closest atom surface    1.252   H3  URE X    1
  2nd closest surface     1.253   S3  URE X    1
  found on step  894
  this is also current point
  no. of rejections          412
 stored as    19

 highest radius point found:
  at point   37.907  38.014  44.397
  closest atom surface    1.186   H3  URE X    1
  2nd closest surface     1.187   S3  URE X    1
  found on step  829
 current point:
  at point   37.903  38.020  44.397
  closest atom surface    1.186   H3  URE X    1
  2nd closest surface     1.187   C58 URE X    1
  found on step  992
  no. of rejections          401
 stored as    20

 highest radius point found:
  at point   37.870  37.926  44.597
  closest atom surface    1.131   H3  URE X    1
  2nd closest surface     1.131   S3  URE X    1
  found on step  965
  this is also current point
  no. of rejections          358
 stored as    21

 highest radius point found:
  at point   37.836  37.843  44.797
  closest atom surface    1.093   H3  URE X    1
  2nd closest surface     1.095   S3  URE X    1
  found on step  865
 current point:
  at point   37.828  37.843  44.797
  closest atom surface    1.092   C58 URE X    1
  2nd closest surface     1.096   S3  URE X    1
  found on step  999
  no. of rejections          363
 stored as    22

 highest radius point found:
  at point   37.803  37.765  44.997
  closest atom surface    1.073   H3  URE X    1
  2nd closest surface     1.076   C58 URE X    1
  found on step  994
  this is also current point
  no. of rejections          360
 stored as    23

 highest radius point found:
  at point   37.778  37.683  45.197
  closest atom surface    1.073   H3  URE X    1
  2nd closest surface     1.073   S3  URE X    1
  found on step  985
  this is also current point
  no. of rejections          403
 stored as    24

 highest radius point found:
  at point   37.750  37.608  45.397
  closest atom surface    1.090   S3  URE X    1
  2nd closest surface     1.091   C58 URE X    1
  found on step  748
 current point:
  at point   37.756  37.609  45.397
  closest atom surface    1.088   H3  URE X    1
  2nd closest surface     1.090   S3  URE X    1
  found on step  923
  no. of rejections          415
 stored as    25

 highest radius point found:
  at point   37.730  37.536  45.597
  closest atom surface    1.122   S3  URE X    1
  2nd closest surface     1.126   C58 URE X    1
  found on step  995
  this is also current point
  no. of rejections          390
 stored as    26

 highest radius point found:
  at point   37.713  37.466  45.797
  closest atom surface    1.170   S3  URE X    1
  2nd closest surface     1.177   C58 URE X    1
  found on step  850
 current point:
  at point   37.709  37.479  45.797
  closest atom surface    1.168   C58 URE X    1
  2nd closest surface     1.171   H3  URE X    1
  found on step  992
  no. of rejections          400
 stored as    27

 highest radius point found:
  at point   37.697  37.406  45.997
  closest atom surface    1.239   S3  URE X    1
  2nd closest surface     1.239   H46 URE X    1
  found on step  811
 current point:
  at point   37.703  37.407  45.997
  closest atom surface    1.235   H3  URE X    1
  2nd closest surface     1.239   S3  URE X    1
  found on step  992
  no. of rejections          403
 stored as    28

 highest radius point found:
  at point   37.657  37.462  46.197
  closest atom surface    1.245   H46 URE X    1
  2nd closest surface     1.247   H3  URE X    1
  found on step  991
  this is also current point
  no. of rejections          367
 stored as    29

 highest radius point found:
  at point   38.136  37.156  46.397
  closest atom surface    1.273   H46 URE X    1
  2nd closest surface     1.274   H3  URE X    1
  found on step  951
  this is also current point
  no. of rejections          362
 stored as    30

 highest radius point found:
  at point   38.283  37.083  46.597
  closest atom surface    1.336   H3  URE X    1
  2nd closest surface     1.338   H46 URE X    1
  found on step    4
 current point:
  at point   38.717  36.956  46.597
  closest atom surface    1.328   S3  URE X    1
  2nd closest surface     1.334   C   URE X    1
  found on step  935
  no. of rejections          378
 stored as    31

 highest radius point found:
  at point   38.528  36.947  46.797
  closest atom surface    1.454   S3  URE X    1
  2nd closest surface     1.455   H3  URE X    1
  found on step  962
  this is also current point
  no. of rejections          386
 stored as    32

 highest radius point found:
  at point   39.487  36.529  46.997
  closest atom surface    1.608   S3  URE X    1
  2nd closest surface     1.624   C   URE X    1
  found on step 1000
  this is also current point
  no. of rejections          345
 stored as    33

 highest radius point found:
  at point   39.400  36.502  47.197
  closest atom surface    1.732   S3  URE X    1
  2nd closest surface     1.735   C   URE X    1
  found on step   42
 current point:
  at point   39.237  36.561  47.197
  closest atom surface    1.711   S3  URE X    1
  2nd closest surface     1.713   C   URE X    1
  found on step  954
  no. of rejections          336
 stored as    34

 highest radius point found:
  at point   39.598  36.366  47.397
  closest atom surface    1.909   C   URE X    1
  2nd closest surface     1.909   H42 URE X    1
  found on step  548
 current point:
  at point   39.590  36.368  47.397
  closest atom surface    1.908   C   URE X    1
  2nd closest surface     1.910   S3  URE X    1
  found on step  995
  no. of rejections          347
 stored as    35

 highest radius point found:
  at point   39.523  36.323  47.597
  closest atom surface    2.043   C   URE X    1
  2nd closest surface     2.044   S3  URE X    1
  found on step  858
 current point:
  at point   39.520  36.316  47.597
  closest atom surface    2.040   S3  URE X    1
  2nd closest surface     2.044   H42 URE X    1
  found on step  944
  no. of rejections          347
 stored as    36

 highest radius point found:
  at point   39.463  36.277  47.797
  closest atom surface    2.185   C   URE X    1
  2nd closest surface     2.185   S3  URE X    1
  found on step  964
  this is also current point
  no. of rejections          323
 stored as    37

 highest radius point found:
  at point   39.409  36.231  47.997
  closest atom surface    2.331   C   URE X    1
  2nd closest surface     2.334   H42 URE X    1
  found on step  983
  this is also current point
  no. of rejections          394
 stored as    38

 highest radius point found:
  at point   39.393  36.229  48.197
  closest atom surface    2.440   O14 URE X    1
  2nd closest surface     2.441   H46 URE X    1
  found on step  818
 current point:
  at point   39.396  36.229  48.197
  closest atom surface    2.439   O14 URE X    1
  2nd closest surface     2.441   C   URE X    1
  found on step  964
  no. of rejections          346
 stored as    39

 highest radius point found:
  at point   39.369  36.256  48.397
  closest atom surface    2.537   C   URE X    1
  2nd closest surface     2.537   O14 URE X    1
  found on step  997
  this is also current point
  no. of rejections          380
 stored as    40

 highest radius point found:
  at point   39.342  36.279  48.597
  closest atom surface    2.641   O14 URE X    1
  2nd closest surface     2.641   C   URE X    1
  found on step  682
 current point:
  at point   39.344  36.282  48.597
  closest atom surface    2.639   C   URE X    1
  2nd closest surface     2.642   O14 URE X    1
  found on step  989
  no. of rejections          361
 stored as    41

 highest radius point found:
  at point   39.314  36.305  48.797
  closest atom surface    2.752   C   URE X    1
  2nd closest surface     2.754   O14 URE X    1
  found on step  924
  this is also current point
  no. of rejections          354
 stored as    42

 highest radius point found:
  at point   39.283  36.328  48.997
  closest atom surface    2.870   C   URE X    1
  2nd closest surface     2.871   H46 URE X    1
  found on step  759
 current point:
  at point   39.282  36.329  48.997
  closest atom surface    2.870   C   URE X    1
  2nd closest surface     2.870   H46 URE X    1
  found on step  983
  no. of rejections          357
 stored as    43

 highest radius point found:
  at point   39.251  36.351  49.197
  closest atom surface    2.993   H46 URE X    1
  2nd closest surface     2.995   C   URE X    1
  found on step  873
 current point:
  at point   39.257  36.350  49.197
  closest atom surface    2.993   O14 URE X    1
  2nd closest surface     2.995   C   URE X    1
  found on step  940
  no. of rejections          395
 stored as    44

 highest radius point found:
  at point   39.225  36.373  49.397
  closest atom surface    3.123   O14 URE X    1
  2nd closest surface     3.124   C   URE X    1
  found on step  962
  this is also current point
  no. of rejections          353
 stored as    45

 highest radius point found:
  at point   39.193  36.395  49.597
  closest atom surface    3.258   O14 URE X    1
  2nd closest surface     3.260   C   URE X    1
  found on step  835
 current point:
  at point   39.190  36.400  49.597
  closest atom surface    3.257   C   URE X    1
  2nd closest surface     3.260   H46 URE X    1
  found on step  982
  no. of rejections          309
 stored as    46

 highest radius point found:
  at point   39.161  36.419  49.797
  closest atom surface    3.398   C   URE X    1
  2nd closest surface     3.399   O14 URE X    1
  found on step  899
  this is also current point
  no. of rejections          321
 stored as    47

 highest radius point found:
  at point   39.122  36.439  49.997
  closest atom surface    3.542   H46 URE X    1
  2nd closest surface     3.543   O14 URE X    1
  found on step  987
  this is also current point
  no. of rejections          340
 stored as    48

 highest radius point found:
  at point   39.086  36.466  50.197
  closest atom surface    3.690   H46 URE X    1
  2nd closest surface     3.690   C   URE X    1
  found on step  989
  this is also current point
  no. of rejections          326
 stored as    49

 highest radius point found:
  at point   39.119  36.497  50.397
  closest atom surface    3.825   C   URE X    1
  2nd closest surface     3.826   O14 URE X    1
  found on step  990
  this is also current point
  no. of rejections          360
 stored as    50

 highest radius point found:
  at point   39.150  36.533  50.597
  closest atom surface    3.962   C   URE X    1
  2nd closest surface     3.965   O14 URE X    1
  found on step  967
  this is also current point
  no. of rejections          343
 stored as    51

 highest radius point found:
  at point   39.182  36.569  50.797
  closest atom surface    4.103   C   URE X    1
  2nd closest surface     4.104   C51 URE X    1
  found on step  919
  this is also current point
  no. of rejections          316
 stored as    52

 highest radius point found:
  at point   39.219  36.601  50.997
  closest atom surface    4.249   C   URE X    1
  2nd closest surface     4.249   C51 URE X    1
  found on step  998
  this is also current point
  no. of rejections          331
 stored as    53

 highest radius point found:
  at point   39.256  36.636  51.197
  closest atom surface    4.396   O14 URE X    1
  2nd closest surface     4.397   C   URE X    1
  found on step  983
  this is also current point
  no. of rejections          322
 stored as    54

 highest radius point found:
  at point   39.289  36.667  51.397
  closest atom surface    4.545   C51 URE X    1
  2nd closest surface     4.546   O14 URE X    1
  found on step  487
 current point:
  at point   39.287  36.678  51.397
  closest atom surface    4.545   C   URE X    1
  2nd closest surface     4.547   C51 URE X    1
  found on step  965
  no. of rejections          336
 stored as    55

 highest radius point found:
  at point   39.328  36.707  51.597
  closest atom surface    4.701   C   URE X    1
  2nd closest surface     4.702   O14 URE X    1
  found on step  905
  this is also current point
  no. of rejections          316
 stored as    56

 highest radius point found:
  at point   39.364  36.742  51.797
  closest atom surface    4.858   C   URE X    1
  2nd closest surface     4.859   O14 URE X    1
  found on step  927
  this is also current point
  no. of rejections          320
 stored as    57

 highest radius point found:
  at point   39.398  36.776  51.997
  closest atom surface    5.018   C   URE X    1
  2nd closest surface     5.019   C51 URE X    1
  found on step  854
 current point:
  at point   39.393  36.778  51.997
  closest atom surface    5.016   C51 URE X    1
  2nd closest surface     5.018   C   URE X    1
  found on step  999
  no. of rejections          306
 stored as    58

 highest radius point found:
  at point   39.436  36.808  52.197
  closest atom surface    5.179   O14 URE X    1
  2nd closest surface     5.181   C   URE X    1
  found on step  972
  this is also current point
  no. of rejections          320
 stored as    59

 highest radius point found:
  at point   39.468  36.841  52.397
  closest atom surface    5.341   H5  URE X    1
  2nd closest surface     5.342   C51 URE X    1
  found on step  993
  this is also current point
  no. of rejections          321
 stored as    60

 highest radius point found:
  at point   39.501  36.865  52.597
  closest atom surface    5.504   C51 URE X    1
  2nd closest surface     5.505   H5  URE X    1
  found on step  929
  this is also current point
  no. of rejections          290
 stored as    61

 highest radius point found:
  at point   39.534  36.892  52.797
  closest atom surface    5.669   C51 URE X    1
  2nd closest surface     5.669   O14 URE X    1
  found on step  991
  this is also current point
  no. of rejections          290
 stored as    62

 highest radius point found:
  at point   39.568  36.919  52.997
  closest atom surface    5.836   C51 URE X    1
  2nd closest surface     5.836   H5  URE X    1
  found on step  980
  this is also current point
  no. of rejections          283
 stored as    63

 highest radius point found:
  at point   39.602  36.944  53.197
  closest atom surface    6.004   O14 URE X    1
  2nd closest surface     6.004   C51 URE X    1
  found on step  975
  this is also current point
  no. of rejections          302
 stored as    64

 highest radius point found:
  at point   39.646  36.974  53.397
  closest atom surface    6.173   H5  URE X    1
  2nd closest surface     6.174   O14 URE X    1
  found on step  998
  this is also current point
  no. of rejections          273
 stored as    65

 highest radius point found:
  at point   39.670  36.998  53.597
  closest atom surface    6.346   O14 URE X    1
  2nd closest surface     6.347   C51 URE X    1
  found on step  994
  this is also current point
  no. of rejections          261
 stored as    66

 highest radius point found:
  at point   39.705  37.027  53.797
  closest atom surface    6.521   O14 URE X    1
  2nd closest surface     6.521   C51 URE X    1
  found on step  962
  this is also current point
  no. of rejections          279
 stored as    67

 highest radius point found:
  at point   39.740  37.055  53.997
  closest atom surface    6.696   O14 URE X    1
  2nd closest surface     6.696   H5  URE X    1
  found on step  960
  this is also current point
  no. of rejections          265
 stored as    68

 highest radius point found:
  at point   39.774  37.083  54.197
  closest atom surface    6.872   O14 URE X    1
  2nd closest surface     6.873   H5  URE X    1
  found on step  999
  this is also current point
  no. of rejections          288
 stored as    69

 highest radius point found:
  at point   45.748  37.964  54.397
  closest atom surface    8.359   H5  URE X    1
  2nd closest surface     8.397   O14 URE X    1
  found on step 1000
  this is also current point
  no. of rejections          174
 stored as    70

 highest radius point found:
  at point   54.458  39.890  54.597
  closest atom surface   14.786   H7  URE X    1
  2nd closest surface    14.810   O5  URE X    1
  found on step 1000
  this is also current point
  no. of rejections          263
 stored as    71

 highest radius point found:
  at point   64.188  41.596  54.797
  closest atom surface   22.433   C10 URE X    1
  2nd closest surface    22.579   H13 URE X    1
  found on step 1000
  this is also current point
  no. of rejections          245
 This is an end! (radius above  22.0 angs)
 highest radius point found:
  at point   39.419  37.404  40.197
  closest atom surface    2.052   C36 URE X    1
  2nd closest surface     2.053   C68 URE X    1
  found on step  977
  this is also current point
  no. of rejections          368
 stored as    -1

 highest radius point found:
  at point   39.503  37.560  39.997
  closest atom surface    2.094   C68 URE X    1
  2nd closest surface     2.097   C32 URE X    1
  found on step  773
 current point:
  at point   39.489  37.513  39.997
  closest atom surface    2.092   C68 URE X    1
  2nd closest surface     2.093   C32 URE X    1
  found on step  993
  no. of rejections          384
 stored as    -2

 highest radius point found:
  at point   39.489  37.503  39.797
  closest atom surface    2.106   C68 URE X    1
  2nd closest surface     2.107   C32 URE X    1
  found on step  826
 current point:
  at point   39.493  37.523  39.797
  closest atom surface    2.105   C68 URE X    1
  2nd closest surface     2.107   C33 URE X    1
  found on step  976
  no. of rejections          391
 stored as    -3

 highest radius point found:
  at point   39.475  37.452  39.597
  closest atom surface    2.128   O11 URE X    1
  2nd closest surface     2.129   C68 URE X    1
  found on step   38
 current point:
  at point   39.489  37.563  39.597
  closest atom surface    2.113   C68 URE X    1
  2nd closest surface     2.121   C33 URE X    1
  found on step  988
  no. of rejections          389
 stored as    -4

 highest radius point found:
  at point   39.477  37.507  39.397
  closest atom surface    2.149   C68 URE X    1
  2nd closest surface     2.150   C33 URE X    1
  found on step  254
 current point:
  at point   39.477  37.507  39.397
  closest atom surface    2.148   C68 URE X    1
  2nd closest surface     2.150   C33 URE X    1
  found on step  996
  no. of rejections          394
 stored as    -5

 highest radius point found:
  at point   39.520  37.852  39.197
  closest atom surface    2.157   C33 URE X    1
  2nd closest surface     2.157   C68 URE X    1
  found on step  387
 current point:
  at point   39.517  37.803  39.197
  closest atom surface    2.156   C33 URE X    1
  2nd closest surface     2.156   C67 URE X    1
  found on step  959
  no. of rejections          386
 stored as    -6

 highest radius point found:
  at point   39.525  37.538  38.997
  closest atom surface    2.171   C33 URE X    1
  2nd closest surface     2.172   C67 URE X    1
  found on step  570
 current point:
  at point   39.535  37.732  38.997
  closest atom surface    2.169   C67 URE X    1
  2nd closest surface     2.170   C33 URE X    1
  found on step  919
  no. of rejections          395
 stored as    -7

 highest radius point found:
  at point   39.557  37.528  38.797
  closest atom surface    2.187   C66 URE X    1
  2nd closest surface     2.188   C33 URE X    1
  found on step  986
  this is also current point
  no. of rejections          372
 stored as    -8

 highest radius point found:
  at point   39.637  37.703  38.597
  closest atom surface    2.175   H32 URE X    1
  2nd closest surface     2.175   C65 URE X    1
  found on step  977
  this is also current point
  no. of rejections          386
 stored as    -9

 highest radius point found:
  at point   39.749  37.860  38.397
  closest atom surface    2.155   H32 URE X    1
  2nd closest surface     2.155   C65 URE X    1
  found on step  982
  this is also current point
  no. of rejections          399
 stored as   -10

 highest radius point found:
  at point   40.454  39.927  38.197
  closest atom surface    2.306   C34 URE X    1
  2nd closest surface     2.307   C65 URE X    1
  found on step  997
  this is also current point
  no. of rejections          380
 stored as   -11

 highest radius point found:
  at point   40.484  40.017  37.997
  closest atom surface    2.321   O9  URE X    1
  2nd closest surface     2.322   S2  URE X    1
  found on step  937
  this is also current point
  no. of rejections          366
 stored as   -12

 highest radius point found:
  at point   40.439  40.121  37.797
  closest atom surface    2.275   O9  URE X    1
  2nd closest surface     2.278   S2  URE X    1
  found on step   11
 current point:
  at point   40.401  39.972  37.797
  closest atom surface    2.237   C65 URE X    1
  2nd closest surface     2.241   S2  URE X    1
  found on step  996
  no. of rejections          351
 stored as   -13

 highest radius point found:
  at point   40.371  40.142  37.597
  closest atom surface    2.222   C65 URE X    1
  2nd closest surface     2.222   S1  URE X    1
  found on step  918
  this is also current point
  no. of rejections          379
 stored as   -14

 highest radius point found:
  at point   40.292  40.093  37.397
  closest atom surface    2.155   S1  URE X    1
  2nd closest surface     2.156   S2  URE X    1
  found on step  950
  this is also current point
  no. of rejections          379
 stored as   -15

 highest radius point found:
  at point   40.211  40.045  37.197
  closest atom surface    2.099   C65 URE X    1
  2nd closest surface     2.100   S1  URE X    1
  found on step  338
 current point:
  at point   40.210  40.043  37.197
  closest atom surface    2.098   C65 URE X    1
  2nd closest surface     2.101   S2  URE X    1
  found on step  890
  no. of rejections          383
 stored as   -16

 highest radius point found:
  at point   40.129  40.006  36.997
  closest atom surface    2.054   C24 URE X    1
  2nd closest surface     2.054   S1  URE X    1
  found on step 1000
  this is also current point
  no. of rejections          371
 stored as   -17

 highest radius point found:
  at point   40.018  40.117  36.797
  closest atom surface    2.000   C65 URE X    1
  2nd closest surface     2.003   C24 URE X    1
  found on step  343
 current point:
  at point   39.894  40.817  36.797
  closest atom surface    1.997   C65 URE X    1
  2nd closest surface     1.998   S1  URE X    1
  found on step  988
  no. of rejections          374
 stored as   -18

 highest radius point found:
  at point   39.798  40.859  36.597
  closest atom surface    1.978   S1  URE X    1
  2nd closest surface     1.978   C65 URE X    1
  found on step  971
  this is also current point
  no. of rejections          379
 stored as   -19

 highest radius point found:
  at point   39.750  40.632  36.397
  closest atom surface    1.949   S1  URE X    1
  2nd closest surface     1.949   C65 URE X    1
  found on step  876
 current point:
  at point   39.751  40.620  36.397
  closest atom surface    1.948   C65 URE X    1
  2nd closest surface     1.949   S1  URE X    1
  found on step  917
  no. of rejections          380
 stored as   -20

 highest radius point found:
  at point   39.642  40.592  36.197
  closest atom surface    1.888   H22 URE X    1
  2nd closest surface     1.926   C65 URE X    1
  found on step    9
 current point:
  at point   39.175  41.515  36.197
  closest atom surface    1.839   H22 URE X    1
  2nd closest surface     1.839   O9  URE X    1
  found on step  891
  no. of rejections          363
 stored as   -21

 highest radius point found:
  at point   39.551  40.429  35.997
  closest atom surface    1.897   H22 URE X    1
  2nd closest surface     1.908   C65 URE X    1
  found on step   14
 current point:
  at point   38.917  41.767  35.997
  closest atom surface    1.858   O9  URE X    1
  2nd closest surface     1.859   H22 URE X    1
  found on step  993
  no. of rejections          328
 stored as   -22

 highest radius point found:
  at point   39.434  40.342  35.797
  closest atom surface    1.896   H1  URE X    1
  2nd closest surface     1.899   C65 URE X    1
  found on step  631
 current point:
  at point   39.429  40.345  35.797
  closest atom surface    1.895   C65 URE X    1
  2nd closest surface     1.900   H1  URE X    1
  found on step  997
  no. of rejections          366
 stored as   -23

 highest radius point found:
  at point   39.292  40.327  35.597
  closest atom surface    1.895   C65 URE X    1
  2nd closest surface     1.895   H1  URE X    1
  found on step  912
  this is also current point
  no. of rejections          390
 stored as   -24

 highest radius point found:
  at point   39.169  40.315  35.397
  closest atom surface    1.896   H59 URE X    1
  2nd closest surface     1.897   H22 URE X    1
  found on step  988
  this is also current point
  no. of rejections          374
 stored as   -25

 highest radius point found:
  at point   39.062  40.300  35.197
  closest atom surface    1.909   H1  URE X    1
  2nd closest surface     1.909   H22 URE X    1
  found on step  988
  this is also current point
  no. of rejections          379
 stored as   -26

 highest radius point found:
  at point   38.797  39.262  34.997
  closest atom surface    1.950   C65 URE X    1
  2nd closest surface     1.958   H59 URE X    1
  found on step  569
 current point:
  at point   38.949  40.285  34.997
  closest atom surface    1.939   H59 URE X    1
  2nd closest surface     1.940   H1  URE X    1
  found on step  934
  no. of rejections          378
 stored as   -27

 highest radius point found:
  at point   38.062  37.326  34.797
  closest atom surface    2.112   C66 URE X    1
  2nd closest surface     2.127   H29 URE X    1
  found on step  999
  this is also current point
  no. of rejections          353
 stored as   -28

 highest radius point found:
  at point   37.996  37.368  34.597
  closest atom surface    2.217   C66 URE X    1
  2nd closest surface     2.218   H29 URE X    1
  found on step   27
 current point:
  at point   38.217  38.359  34.597
  closest atom surface    2.172   C66 URE X    1
  2nd closest surface     2.172   C65 URE X    1
  found on step  963
  no. of rejections          352
 stored as   -29

 highest radius point found:
  at point   36.144  34.852  34.397
  closest atom surface    3.082   O12 URE X    1
  2nd closest surface     3.084   H60 URE X    1
  found on step  942
  this is also current point
  no. of rejections          321
 stored as   -30

 highest radius point found:
  at point   27.534  34.221  34.197
  closest atom surface    8.088   O7  URE X    1
  2nd closest surface     8.124   O12 URE X    1
  found on step 1000
  this is also current point
  no. of rejections          223
 stored as   -31

 highest radius point found:
  at point   18.156  33.790  33.997
  closest atom surface   15.861   O7  URE X    1
  2nd closest surface    16.668   C67 URE X    1
  found on step 1000
  this is also current point
  no. of rejections          248
 stored as   -32

 highest radius point found:
  at point    8.402  31.592  33.797
  closest atom surface   25.293   O7  URE X    1
  2nd closest surface    26.209   C54 URE X    1
  found on step  996
  this is also current point
  no. of rejections          262
 This is an end! (radius above  22.0 angs)
 
 N.b. Graph information routine (HOGRAP) differs 
        markedly from previous versions!
       Information now is written from -ve end
       to +ve in one pass
 
 Explanation of the meaning of each column: 
 First column "cenxyz.cvec" is the coordinate in the
   direction of the channel vector i.e. if the channel
   vector is in z (0 0 1) then it is the z coordinate.
 The second column "radius" is the hole pore radius 
   (as defined in the Biophys J 1993) article).
 The third column "cen_line_D" is the distance 
   measured along the pore centre line - with the 
   first point found set to zero. This was the first
   thing that I used to measure the distance along a pore
   but "cenxyz.cvec" is a much better general measure. 
   However, by comparing changes in this distance to changes in '   "cenxyz.cvec" one can get a measure of how straight a 
   channel is.
 The fourth column "sum{s/(area)}" is useful in conductance
   prediction -
   basically it is the sum of the thickness of each slab
   divided by its area. HOLE uses this measure to estimate
   the macroscopic conductance of a channel.
 If any of this worries you one can see the "raw" results
   of a standard hole run by producing a sphpdb file and 
    directly looking at the results.
 cenxyz.cvec      radius  cen_line_D sum{s/(area point sourc
    33.99658    15.86090   -33.79751     0.00013   (sampled)
    34.09658    11.71753   -29.10243     0.00036 (mid-point)
    34.19658     8.08846   -24.40735     0.00084   (sampled)
    34.29658     4.69940   -20.08968     0.00229 (mid-point)
    34.39658     3.08194   -15.77201     0.00564   (sampled)
    34.49658     2.36563   -14.20673     0.01133 (mid-point)
    34.59658     2.21727   -12.64146     0.01780   (sampled)
    34.69658     2.16365   -12.53419     0.02460 (mid-point)
    34.79658     2.11221   -12.42692     0.03173   (sampled)
    34.89658     1.92296   -11.38670     0.04034 (mid-point)
    34.99658     1.95042   -10.34647     0.04871   (sampled)
    35.09658     1.88348    -9.80160     0.05768 (mid-point)
    35.19658     1.90864    -9.25673     0.06642   (sampled)
    35.29658     1.90068    -9.14284     0.07523 (mid-point)
    35.39658     1.89611    -9.02895     0.08409   (sampled)
    35.49658     1.89407    -8.91157     0.09296 (mid-point)
    35.59658     1.89478    -8.79418     0.10182   (sampled)
    35.69658     1.89274    -8.67136     0.11071 (mid-point)
    35.79658     1.89579    -8.54854     0.11957   (sampled)
    35.89658     1.89603    -8.42469     0.12842 (mid-point)
    35.99658     1.89691    -8.30084     0.13727   (sampled)
    36.09658     1.88922    -8.16411     0.14618 (mid-point)
    36.19658     1.88799    -8.02737     0.15511   (sampled)
    36.29658     1.91968    -7.91217     0.16375 (mid-point)
    36.39658     1.94892    -7.79696     0.17213   (sampled)
    36.49658     1.96035    -7.64362     0.18042 (mid-point)
    36.59658     1.97767    -7.49028     0.18855   (sampled)
    36.69658     1.96787    -7.09049     0.19677 (mid-point)
    36.79658     1.99961    -6.69070     0.20473   (sampled)
    36.89658     2.02495    -6.56344     0.21250 (mid-point)
    36.99658     2.05388    -6.43617     0.22004   (sampled)
    37.09658     2.07524    -6.32652     0.22743 (mid-point)
    37.19658     2.09914    -6.21686     0.23466   (sampled)
    37.29658     2.12627    -6.10630     0.24170 (mid-point)
    37.39658     2.15515    -5.99574     0.24855   (sampled)
    37.49658     2.18749    -5.88548     0.25520 (mid-point)
    37.59658     2.22209    -5.77521     0.26165   (sampled)
    37.69658     2.24932    -5.66904     0.26794 (mid-point)
    37.79658     2.27483    -5.56286     0.27409   (sampled)
    37.89658     2.29649    -5.44786     0.28013 (mid-point)
    37.99658     2.32137    -5.33286     0.28604   (sampled)
    38.09658     2.31476    -5.22223     0.29198 (mid-point)
    38.19658     2.30622    -5.11161     0.29796   (sampled)
    38.29658     2.08136    -4.01519     0.30531 (mid-point)
    38.39658     2.15460    -2.91878     0.31217   (sampled)
    38.49658     2.16187    -2.77982     0.31898 (mid-point)
    38.59658     2.17521    -2.64086     0.32570   (sampled)
    38.69658     2.17875    -2.50210     0.33241 (mid-point)
    38.79658     2.18734    -2.36335     0.33906   (sampled)
    38.89658     2.17801    -2.26196     0.34577 (mid-point)
    38.99658     2.17077    -2.16057     0.35253   (sampled)
    39.09658     2.15976    -1.97407     0.35935 (mid-point)
    39.19658     2.15742    -1.78758     0.36619   (sampled)
    39.29658     2.14804    -1.58690     0.37309 (mid-point)
    39.39658     2.14868    -1.38623     0.37998   (sampled)
    39.49658     2.13748    -1.28255     0.38695 (mid-point)
    39.59658     2.12784    -1.17887     0.39398   (sampled)
    39.69658     2.11640    -1.07550     0.40109 (mid-point)
    39.79658     2.10650    -0.97213     0.40826   (sampled)
    39.89658     2.09873    -0.86792     0.41549 (mid-point)
    39.99658     2.09371    -0.76371     0.42275   (sampled)
    40.09658     2.07114    -0.63024     0.43017 (mid-point)
    40.19658     2.05203    -0.49676     0.43773   (sampled)
    40.29658     2.01790    -0.24838     0.44555 (mid-point)
    40.39658     1.99953     0.00000     0.45351   (sampled)
    40.49658     1.97847     0.11483     0.46164 (mid-point)
    40.59658     1.95956     0.22965     0.46993   (sampled)
    40.69658     1.94309     0.33734     0.47836 (mid-point)
    40.79658     1.92860     0.44503     0.48692   (sampled)
    40.89658     1.91759     0.55231     0.49557 (mid-point)
    40.99658     1.90961     0.65959     0.50430   (sampled)
    41.09658     1.90383     0.76581     0.51308 (mid-point)
    41.19658     1.90041     0.87203     0.52190   (sampled)
    41.29658     1.89975     0.97746     0.53072 (mid-point)
    41.39658     1.90140     1.08288     0.53952   (sampled)
    41.49658     1.90560     1.18817     0.54829 (mid-point)
    41.59658     1.91274     1.29346     0.55699   (sampled)
    41.69658     1.90910     1.39618     0.56572 (mid-point)
    41.79658     1.90825     1.49889     0.57446   (sampled)
    41.89658     1.89924     1.59964     0.58329 (mid-point)
    41.99658     1.89291     1.70039     0.59217   (sampled)
    42.09658     1.87990     1.80374     0.60118 (mid-point)
    42.19658     1.86971     1.90710     0.61028   (sampled)
    42.29658     1.85956     2.01300     0.61949 (mid-point)
    42.39658     1.85242     2.11890     0.62877   (sampled)
    42.49658     1.83916     2.22381     0.63818 (mid-point)
    42.59658     1.82827     2.32871     0.64770   (sampled)
    42.69658     1.76443     2.44966     0.65792 (mid-point)
    42.79658     1.70184     2.57061     0.66891   (sampled)
    42.89658     1.64577     2.70199     0.68067 (mid-point)
    42.99658     1.59131     2.83338     0.69324   (sampled)
    43.09658     1.54389     2.95935     0.70659 (mid-point)
    43.19658     1.49660     3.08532     0.72080   (sampled)
    43.29658     1.45528     3.21292     0.73583 (mid-point)
    43.39658     1.41722     3.34051     0.75168   (sampled)
    43.49658     1.38495     3.46357     0.76827 (mid-point)
    43.59658     1.35499     3.58662     0.78561   (sampled)
    43.69658     1.33094     3.71347     0.80358 (mid-point)
    43.79658     1.31065     3.84032     0.82211   (sampled)
    43.89658     1.29248     3.96007     0.84117 (mid-point)
    43.99658     1.27691     4.07981     0.86069   (sampled)
    44.09658     1.26688     4.19746     0.88052 (mid-point)
    44.19658     1.25181     4.31510     0.90083   (sampled)
    44.29658     1.21639     4.42795     0.92235 (mid-point)
    44.39658     1.18623     4.54080     0.94497   (sampled)
    44.49658     1.15585     4.65169     0.96879 (mid-point)
    44.59658     1.13081     4.76259     0.99369   (sampled)
    44.69658     1.10895     4.87224     1.01957 (mid-point)
    44.79658     1.09261     4.98190     1.04623   (sampled)
    44.89658     1.07986     5.09046     1.07353 (mid-point)
    44.99658     1.07273     5.19901     1.10119   (sampled)
    45.09658     1.07000     5.30785     1.12899 (mid-point)
    45.19658     1.07299     5.41668     1.15664   (sampled)
    45.29658     1.07960     5.52433     1.18395 (mid-point)
    45.39658     1.08983     5.63199     1.21075   (sampled)
    45.49658     1.10427     5.73879     1.23686 (mid-point)
    45.59658     1.12230     5.84559     1.26213   (sampled)
    45.69658     1.14457     5.95187     1.28643 (mid-point)
    45.79658     1.17026     6.05815     1.30967   (sampled)
    45.89658     1.20293     6.16287     1.33167 (mid-point)
    45.99658     1.23866     6.26760     1.35241   (sampled)
    46.09658     1.23928     6.37341     1.37314 (mid-point)
    46.19658     1.24486     6.47922     1.39368   (sampled)
    46.29658     1.23894     6.78057     1.41442 (mid-point)
    46.39658     1.27331     7.08191     1.43405   (sampled)
    46.49658     1.30173     7.21118     1.45283 (mid-point)
    46.59658     1.33643     7.34046     1.47065   (sampled)
    46.69658     1.39047     7.51260     1.48712 (mid-point)
    46.79658     1.45432     7.68475     1.50217   (sampled)
    46.89658     1.49181     8.21703     1.51647 (mid-point)
    46.99658     1.60830     8.74931     1.52878   (sampled)
    47.09658     1.66915     8.85912     1.54020 (mid-point)
    47.19658     1.73224     8.96894     1.55081   (sampled)
    47.29658     1.81928     9.12494     1.56043 (mid-point)
    47.39658     1.90853     9.28094     1.56917   (sampled)
    47.49658     1.97459     9.38985     1.57733 (mid-point)
    47.59658     2.04258     9.49877     1.58496   (sampled)
    47.69658     2.11274     9.60567     1.59209 (mid-point)
    47.79658     2.18451     9.71257     1.59876   (sampled)
    47.89658     2.25725     9.81874     1.60501 (mid-point)
    47.99658     2.33142     9.92491     1.61086   (sampled)
    48.09658     2.38574    10.02522     1.61646 (mid-point)
    48.19658     2.43970    10.12553     1.62180   (sampled)
    48.29658     2.48747    10.22714     1.62695 (mid-point)
    48.39658     2.53657    10.32874     1.63190   (sampled)
    48.49658     2.58808    10.43033     1.63665 (mid-point)
    48.59658     2.64080    10.53192     1.64121   (sampled)
    48.69658     2.69570    10.63374     1.64559 (mid-point)
    48.79658     2.75156    10.73557     1.64980   (sampled)
    48.89658     2.81027    10.83737     1.65383 (mid-point)
    48.99658     2.87045    10.93916     1.65769   (sampled)
    49.09658     2.93116    11.04118     1.66140 (mid-point)
    49.19658     2.99318    11.14320     1.66495   (sampled)
    49.29658     3.05901    11.24457     1.66835 (mid-point)
    49.39658     3.12347    11.34595     1.67161   (sampled)
    49.49658     3.19014    11.44784     1.67474 (mid-point)
    49.59658     3.25801    11.54974     1.67774   (sampled)
    49.69658     3.32794    11.65176     1.68061 (mid-point)
    49.79658     3.39814    11.75377     1.68337   (sampled)
    49.89658     3.47048    11.85604     1.68601 (mid-point)
    49.99658     3.54198    11.95831     1.68855   (sampled)
    50.09658     3.61537    12.06091     1.69099 (mid-point)
    50.19658     3.68986    12.16350     1.69332   (sampled)
    50.29658     3.75696    12.26613     1.69558 (mid-point)
    50.39658     3.82494    12.36876     1.69775   (sampled)
    50.49658     3.89295    12.47153     1.69985 (mid-point)
    50.59658     3.96198    12.57430     1.70188   (sampled)
    50.69658     4.03190    12.67715     1.70384 (mid-point)
    50.79658     4.10277    12.78000     1.70573   (sampled)
    50.89658     4.17523    12.88295     1.70756 (mid-point)
    50.99658     4.24857    12.98589     1.70932   (sampled)
    51.09658     4.32220    13.08899     1.71102 (mid-point)
    51.19658     4.39626    13.19208     1.71267   (sampled)
    51.29658     4.47065    13.29461     1.71426 (mid-point)
    51.39658     4.54525    13.39714     1.71580   (sampled)
    51.49658     4.62362    13.50102     1.71729 (mid-point)
    51.59658     4.70123    13.60490     1.71873   (sampled)
    51.69658     4.77933    13.70802     1.72013 (mid-point)
    51.79658     4.85810    13.81115     1.72148   (sampled)
    51.89658     4.93779    13.91400     1.72278 (mid-point)
    51.99658     5.01810    14.01685     1.72405   (sampled)
    52.09658     5.09875    14.11994     1.72527 (mid-point)
    52.19658     5.17897    14.22303     1.72646   (sampled)
    52.29658     5.26083    14.32553     1.72761 (mid-point)
    52.39658     5.34150    14.42802     1.72872   (sampled)
    52.49658     5.42280    14.53012     1.72981 (mid-point)
    52.59658     5.50394    14.63221     1.73086   (sampled)
    52.69658     5.58606    14.73447     1.73188 (mid-point)
    52.79658     5.66867    14.83673     1.73287   (sampled)
    52.89658     5.75190    14.93908     1.73383 (mid-point)
    52.99658     5.83558    15.04142     1.73476   (sampled)
    53.09658     5.91969    15.14366     1.73567 (mid-point)
    53.19658     6.00413    15.24590     1.73655   (sampled)
    53.29658     6.08871    15.34938     1.73741 (mid-point)
    53.39658     6.17333    15.45285     1.73825   (sampled)
    53.49658     6.25988    15.55426     1.73906 (mid-point)
    53.59658     6.34637    15.65567     1.73985   (sampled)
    53.69658     6.43341    15.75820     1.74062 (mid-point)
    53.79658     6.52081    15.86073     1.74137   (sampled)
    53.89658     6.60810    15.96325     1.74210 (mid-point)
    53.99658     6.69574    16.06578     1.74281   (sampled)
    54.09658     6.78380    16.16814     1.74350 (mid-point)
    54.19658     6.87218    16.27050     1.74417   (sampled)
    54.29658     7.10303    19.29139     1.74480 (mid-point)
    54.39658     8.35903    22.31229     1.74526   (sampled)
    54.49658    11.29192    26.77357     1.74551 (mid-point)
    54.59658    14.78586    31.23485     1.74566   (sampled)

 Minimum radius found:      1.070 angstroms.



 For spherical probe approach, The geometric factor
         F= sum(ds/area) along channel is    1.746 angstroms**-1
 This yields a macroscopic predicted molar conductance of:
   (1/rho)*(100/F)= (57/rho) pS,
   where rho is the conductivity of 1M permeant ion in ohm m.
 N.B. this is a macroscopic conductance - an overestimate 
 Empirically corrected conductances currently only available
 With the CAPSULE option (although its not that stable!)
 For 1M KCl rho= 1/12 (ohm m), So Gmacro= 690 pS/M.
  (TAG      1   Rmin=     1.07000   Gmacro=   687.42092 Conn_Gmacro=    -1.00000 ).
 HOLE: normal completion
