 *** Program HOLE ***
 
 If results of this run are reported or published, please
 cite the publication listed below.
 For the HOLE program:
   Smart, O.S., Goodfellow, J.M., Wallace, B.A. (1993). 
   The pore dimensions of gramicidin A. 
   Biophys. J., 65, 2455-2460.
 
 Originally written by Oliver Smart at Birkbeck College from April 1992.
 Copyright 1993-2005 Oliver Smart
 Copyright 2014-2015 SmartSci Limited.
 Copyright 2016 Oliver Smart.
 
 For help on HOLE suite see  http://www.holeprogram.org/
 
 HOLE release 2.2.005 (07 August 2016) 
 
 usage subject to Apache License, Version 2.0 
 see http://www.apache.org/licenses/LICENSE-2.0 

 Control variables read:

! Input file for Oliver Smart's HOLE program
! written by MDAnalysis.analysis.hole2.HoleAnalysis
! for a Universe
! u = mda.Universe(/afs/crc.nd.edu/user/m/mfarshad/Private/ML-new/traj/host-asb1
!    /afs/crc.nd.edu/user/m/mfarshad/Private/ML-new/traj/host-asb16/host_asb16.t
!   )
! Frame 38

COORD  /tmp/2550256.1.long/tmpfgpf337j.pdb
RADIUS simple2.rad
SPHPDB hole038.sph
SAMPLE 0.200000
ENDRAD 22.000000
IGNORE SOL WAT TIP HOH K   NA  CL
SHORTO 0
RASEED 31415
CPOINT 39.5718042620 40.1855397686 39.7507820283


 WARNING have not found a CVECT record - will try to guess
 Input pdb filename read as:    '/tmp/2550256.1.long/tmpfgpf337j.pdb'
 Input vdW radius file read as: 'simple2.rad'
 point in channel:   39.572  40.186  39.751
 channel vector:   ************************
 sampling distance between planes:    0.200

 graphics conditions:
 binary plot output file name: NONE
 Dot density:    10
 Draw dots?           T
 Draw close contacts? F
 Draw centre line?    T
 Produce spikes rather than dots? F
 Seed for random number generator:     31415 (0 means value set by program)
 Radius above which a result is regarded as an 'end':  22.000
 Pdb format file for sphere centres: hole038.sph

 Monte Carlo conditions:
  no of steps:  1000
  maximum displacement   0.100 angs
  'kT' initial   0.100 angs
 The spherebox and capsule options are turned off.
 (No molqpt card so will not write qpt file of the molecule)
 IGNORE card read so will ignore residue types: SOL WAT TIP HOH K   NA  CL
 no SHORTO card read so will produce full textual output
 As no PEGRAT card was found will not produce PEG polymer exclusion graph
 (No 2DMAPS card specified so will not produce 2D property maps)
 Have not found a CUT card.  Normal calculation using
   Cutoff lists with a cutsize=       1.000
   (if you wish to turn off option use a CUT -1 card)

 Have read     7 bond radius records and
              16 vdW radius records.
 From file: simple2.rad

 Have read   124 atom records.
 From file: /tmp/2550256.1.long/tmpfgpf337j.pdb
 Will not produce graphical output

 Have opened file for pdb format output of sphere centres:  hole038.sph

  Seed integer used by ran # generator on this run      31415

 
 S/R cguess will try to guess CPOINT and/or CVECT
 
 THESE GUESSES MAY WELL BE WRONG!!!!
 Routine relies on having a reasonably symmetric
 channel oriented along x, y or z vector
 YOU ARE STRONGLY ADVISED TO CHECK THE RESULTS
                       WITH MOLECULAR GRAPHICS
 testing points from cpoint in X, Y then Z direction
   point                   pore radius
direction     1
  34.572  40.186  39.751    -1.367
  35.572  40.186  39.751    -1.042
  36.572  40.186  39.751    -0.097
  37.572  40.186  39.751     0.869
  38.572  40.186  39.751     1.708
  39.572  40.186  39.751     2.126
  40.572  40.186  39.751     1.342
  41.572  40.186  39.751     0.686
  42.572  40.186  39.751     0.189
  43.572  40.186  39.751    -0.766
  44.572  40.186  39.751    -1.411
 Average pore radius along the line=      0.203
direction     2
  39.572  35.186  39.751     2.767
  39.572  36.186  39.751     2.305
  39.572  37.186  39.751     1.981
  39.572  38.186  39.751     1.715
  39.572  39.186  39.751     1.752
  39.572  40.186  39.751     2.126
  39.572  41.186  39.751     2.505
  39.572  42.186  39.751     2.731
  39.572  43.186  39.751     3.132
  39.572  44.186  39.751     2.981
  39.572  45.186  39.751     2.815
 Average pore radius along the line=      2.437
direction     3
  39.572  40.186  34.751     0.732
  39.572  40.186  35.751     1.463
  39.572  40.186  36.751     2.138
  39.572  40.186  37.751     2.016
  39.572  40.186  38.751     1.952
  39.572  40.186  39.751     2.126
  39.572  40.186  40.751     2.062
  39.572  40.186  41.751     1.844
  39.572  40.186  42.751     1.758
  39.572  40.186  43.751     1.771
  39.572  40.186  44.751     1.146
 Average pore radius along the line=      1.728
 Best direction is found to be     2
(1=X,2=Y,3=Z)
 s/r cguess has produced initial values for cpoint &/or cvect:
CPOINT      39.5718     40.1855     39.7508
CVECT        0.0000      1.0000      0.0000
 THESE GUESSES MAY WELL BE WRONG!!!!
 Routine relies on having a reasonably symmetric
 channel oriented along x, y or z vector
 YOU ARE STRONGLY ADVISED TO CHECK THE RESULTS
                       WITH MOLECULAR GRAPHICS
 
 
  Some routines (e.g. conn) need vectors normal to cvect: 
     EAST Zero degrees angle is along vector    1.000   0.000   0.000
     NORTH  90 degrees angle is along vector    0.000   0.000   1.000
 highest radius point found:
  at point   39.266  40.186  39.569
  closest atom surface    2.357   C33 ASB X    1
  2nd closest surface     2.357   C13 ASB X    1
  found on step 1000
  this is also current point
  no. of rejections          376
 stored as     0

 highest radius point found:
  at point   39.329  40.386  39.568
  closest atom surface    2.389   C33 ASB X    1
  2nd closest surface     2.389   C13 ASB X    1
  found on step  692
 current point:
  at point   39.327  40.386  39.566
  closest atom surface    2.387   C30 ASB X    1
  2nd closest surface     2.388   C33 ASB X    1
  found on step  952
  no. of rejections          368
 stored as     1

 highest radius point found:
  at point   39.395  40.586  39.573
  closest atom surface    2.429   C13 ASB X    1
  2nd closest surface     2.430   C33 ASB X    1
  found on step  955
  this is also current point
  no. of rejections          383
 stored as     2

 highest radius point found:
  at point   39.460  40.786  39.572
  closest atom surface    2.479   C13 ASB X    1
  2nd closest surface     2.479   C30 ASB X    1
  found on step  970
  this is also current point
  no. of rejections          395
 stored as     3

 highest radius point found:
  at point   39.526  40.986  39.584
  closest atom surface    2.540   C13 ASB X    1
  2nd closest surface     2.540   C33 ASB X    1
  found on step  999
  this is also current point
  no. of rejections          395
 stored as     4

 highest radius point found:
  at point   39.590  41.186  39.589
  closest atom surface    2.608   C30 ASB X    1
  2nd closest surface     2.609   C33 ASB X    1
  found on step  179
 current point:
  at point   39.587  41.186  39.228
  closest atom surface    2.538   C13 ASB X    1
  2nd closest surface     2.539   C30 ASB X    1
  found on step  963
  no. of rejections          364
 stored as     5

 highest radius point found:
  at point   39.657  41.386  39.596
  closest atom surface    2.687   C33 ASB X    1
  2nd closest surface     2.687   C13 ASB X    1
  found on step  996
  this is also current point
  no. of rejections          368
 stored as     6

 highest radius point found:
  at point   39.722  41.586  39.602
  closest atom surface    2.773   C33 ASB X    1
  2nd closest surface     2.774   C13 ASB X    1
  found on step  951
  this is also current point
  no. of rejections          371
 stored as     7

 highest radius point found:
  at point   39.796  41.786  39.622
  closest atom surface    2.866   C33 ASB X    1
  2nd closest surface     2.866   C13 ASB X    1
  found on step  958
  this is also current point
  no. of rejections          338
 stored as     8

 highest radius point found:
  at point   39.858  41.986  39.619
  closest atom surface    2.968   C13 ASB X    1
  2nd closest surface     2.969   C33 ASB X    1
  found on step  979
  this is also current point
  no. of rejections          339
 stored as     9

 highest radius point found:
  at point   39.922  42.186  39.623
  closest atom surface    3.076   C33 ASB X    1
  2nd closest surface     3.077   C13 ASB X    1
  found on step  915
  this is also current point
  no. of rejections          352
 stored as    10

 highest radius point found:
  at point   39.955  42.386  36.875
  closest atom surface    3.342   C13 ASB X    1
  2nd closest surface     3.342   H26 ASB X    1
  found on step  695
 current point:
  at point   39.950  42.386  36.885
  closest atom surface    3.342   C13 ASB X    1
  2nd closest surface     3.343   C30 ASB X    1
  found on step  970
  no. of rejections          363
 stored as    11

 highest radius point found:
  at point   40.041  42.586  36.827
  closest atom surface    3.461   C13 ASB X    1
  2nd closest surface     3.467   H26 ASB X    1
  found on step  128
 current point:
  at point   40.565  42.586  36.259
  closest atom surface    3.408   C13 ASB X    1
  2nd closest surface     3.408   H26 ASB X    1
  found on step  989
  no. of rejections          345
 stored as    12

 highest radius point found:
  at point   40.079  42.786  36.822
  closest atom surface    3.599   C30 ASB X    1
  2nd closest surface     3.599   C13 ASB X    1
  found on step  739
 current point:
  at point   40.081  42.786  36.827
  closest atom surface    3.597   C13 ASB X    1
  2nd closest surface     3.598   C30 ASB X    1
  found on step  959
  no. of rejections          355
 stored as    13

 highest radius point found:
  at point   40.148  42.986  36.782
  closest atom surface    3.736   C13 ASB X    1
  2nd closest surface     3.737   H26 ASB X    1
  found on step  943
  this is also current point
  no. of rejections          397
 stored as    14

 highest radius point found:
  at point   40.141  43.186  36.713
  closest atom surface    3.824   C51 ASB X    1
  2nd closest surface     3.825   H26 ASB X    1
  found on step  967
  this is also current point
  no. of rejections          350
 stored as    15

 highest radius point found:
  at point   40.134  43.386  36.623
  closest atom surface    3.910   H26 ASB X    1
  2nd closest surface     3.912   H31 ASB X    1
  found on step  923
  this is also current point
  no. of rejections          341
 stored as    16

 highest radius point found:
  at point   40.130  43.586  36.540
  closest atom surface    4.003   H31 ASB X    1
  2nd closest surface     4.004   C51 ASB X    1
  found on step  995
  this is also current point
  no. of rejections          366
 stored as    17

 highest radius point found:
  at point   40.124  43.786  36.448
  closest atom surface    4.105   H31 ASB X    1
  2nd closest surface     4.105   C51 ASB X    1
  found on step  936
  this is also current point
  no. of rejections          384
 stored as    18

 highest radius point found:
  at point   40.111  43.986  36.351
  closest atom surface    4.208   H26 ASB X    1
  2nd closest surface     4.209   H31 ASB X    1
  found on step   20
 current point:
  at point   40.260  43.986  36.116
  closest atom surface    4.167   H26 ASB X    1
  2nd closest surface     4.170   C51 ASB X    1
  found on step  944
  no. of rejections          355
 stored as    19

 highest radius point found:
  at point   40.113  44.186  36.265
  closest atom surface    4.326   C51 ASB X    1
  2nd closest surface     4.328   H26 ASB X    1
  found on step  910
  this is also current point
  no. of rejections          365
 stored as    20

 highest radius point found:
  at point   40.110  44.386  36.167
  closest atom surface    4.446   C51 ASB X    1
  2nd closest surface     4.447   H26 ASB X    1
  found on step  732
 current point:
  at point   40.108  44.386  36.165
  closest atom surface    4.445   H26 ASB X    1
  2nd closest surface     4.448   C51 ASB X    1
  found on step  993
  no. of rejections          352
 stored as    21

 highest radius point found:
  at point   40.095  44.586  36.082
  closest atom surface    4.573   H26 ASB X    1
  2nd closest surface     4.573   H31 ASB X    1
  found on step  959
  this is also current point
  no. of rejections          337
 stored as    22

 highest radius point found:
  at point   40.053  44.786  35.988
  closest atom surface    4.680   H31 ASB X    1
  2nd closest surface     4.691   H26 ASB X    1
  found on step   21
 current point:
  at point   40.612  44.786  35.094
  closest atom surface    4.669   H26 ASB X    1
  2nd closest surface     4.670   C51 ASB X    1
  found on step 1000
  no. of rejections          331
 stored as    23

 highest radius point found:
  at point   40.081  44.986  35.899
  closest atom surface    4.842   C51 ASB X    1
  2nd closest surface     4.842   H26 ASB X    1
  found on step  868
 current point:
  at point   40.082  44.986  35.904
  closest atom surface    4.839   C51 ASB X    1
  2nd closest surface     4.841   H31 ASB X    1
  found on step  980
  no. of rejections          332
 stored as    24

 highest radius point found:
  at point   40.075  45.186  35.802
  closest atom surface    4.983   H26 ASB X    1
  2nd closest surface     4.983   C51 ASB X    1
  found on step  959
  this is also current point
  no. of rejections          325
 stored as    25

 highest radius point found:
  at point   40.061  45.386  35.715
  closest atom surface    5.129   H26 ASB X    1
  2nd closest surface     5.130   C51 ASB X    1
  found on step 1000
  this is also current point
  no. of rejections          334
 stored as    26

 highest radius point found:
  at point   40.566  45.586  34.733
  closest atom surface    5.292   H23 ASB X    1
  2nd closest surface     5.293   H26 ASB X    1
  found on step  988
  this is also current point
  no. of rejections          306
 stored as    27

 highest radius point found:
  at point   40.553  45.786  34.646
  closest atom surface    5.456   C51 ASB X    1
  2nd closest surface     5.457   H23 ASB X    1
  found on step  990
  this is also current point
  no. of rejections          251
 stored as    28

 highest radius point found:
  at point   40.541  45.986  34.554
  closest atom surface    5.624   H23 ASB X    1
  2nd closest surface     5.624   C51 ASB X    1
  found on step  796
 current point:
  at point   40.536  45.986  34.562
  closest atom surface    5.624   C51 ASB X    1
  2nd closest surface     5.624   H26 ASB X    1
  found on step  910
  no. of rejections          326
 stored as    29

 highest radius point found:
  at point   40.523  46.186  34.469
  closest atom surface    5.795   H26 ASB X    1
  2nd closest surface     5.795   H23 ASB X    1
  found on step  391
 current point:
  at point   40.523  46.186  34.474
  closest atom surface    5.793   C51 ASB X    1
  2nd closest surface     5.795   H26 ASB X    1
  found on step  991
  no. of rejections          247
 stored as    30

 highest radius point found:
  at point   42.520  46.386  32.265
  closest atom surface    6.289   C51 ASB X    1
  2nd closest surface     6.308   H23 ASB X    1
  found on step  997
  this is also current point
  no. of rejections          203
 stored as    31

 highest radius point found:
  at point   40.633  46.586  24.191
  closest atom surface    9.950   H24 ASB X    1
  2nd closest surface     9.957   C22 ASB X    1
  found on step  998
  this is also current point
  no. of rejections          195
 stored as    32

 highest radius point found:
  at point   42.989  46.786  15.971
  closest atom surface   17.123   C22 ASB X    1
  2nd closest surface    17.135   H22 ASB X    1
  found on step  998
  this is also current point
  no. of rejections          235
 stored as    33

 highest radius point found:
  at point   43.719  46.986   6.510
  closest atom surface   25.946   H22 ASB X    1
  2nd closest surface    26.020   C22 ASB X    1
  found on step 1000
  this is also current point
  no. of rejections          259
 This is an end! (radius above  22.0 angs)
 highest radius point found:
  at point   39.266  39.986  39.569
  closest atom surface    2.277   H12 ASB X    1
  2nd closest surface     2.280   C13 ASB X    1
  found on step    1
 current point:
  at point   39.184  39.986  38.512
  closest atom surface    2.214   C13 ASB X    1
  2nd closest surface     2.214   C30 ASB X    1
  found on step  985
  no. of rejections          376
 stored as    -1

 highest radius point found:
  at point   39.128  39.786  39.554
  closest atom surface    2.324   H12 ASB X    1
  2nd closest surface     2.324   C33 ASB X    1
  found on step  926
  this is also current point
  no. of rejections          387
 stored as    -2

 highest radius point found:
  at point   39.059  39.586  39.543
  closest atom surface    2.322   H12 ASB X    1
  2nd closest surface     2.322   C30 ASB X    1
  found on step  855
 current point:
  at point   39.059  39.586  39.542
  closest atom surface    2.322   H12 ASB X    1
  2nd closest surface     2.322   C30 ASB X    1
  found on step  992
  no. of rejections          387
 stored as    -3

 highest radius point found:
  at point   38.990  39.386  39.534
  closest atom surface    2.331   C30 ASB X    1
  2nd closest surface     2.332   H12 ASB X    1
  found on step  920
  this is also current point
  no. of rejections          420
 stored as    -4

 highest radius point found:
  at point   38.927  39.186  39.545
  closest atom surface    2.352   C33 ASB X    1
  2nd closest surface     2.353   H12 ASB X    1
  found on step  749
 current point:
  at point   38.927  39.186  39.545
  closest atom surface    2.351   C33 ASB X    1
  2nd closest surface     2.353   H12 ASB X    1
  found on step  975
  no. of rejections          391
 stored as    -5

 highest radius point found:
  at point   38.863  38.986  39.540
  closest atom surface    2.385   C33 ASB X    1
  2nd closest surface     2.386   H12 ASB X    1
  found on step  959
  this is also current point
  no. of rejections          384
 stored as    -6

 highest radius point found:
  at point   38.840  38.786  39.635
  closest atom surface    2.395   C28 ASB X    1
  2nd closest surface     2.397   C33 ASB X    1
  found on step  682
 current point:
  at point   38.846  38.786  39.615
  closest atom surface    2.391   C28 ASB X    1
  2nd closest surface     2.392   H12 ASB X    1
  found on step  895
  no. of rejections          387
 stored as    -7

 highest radius point found:
  at point   38.825  38.586  39.727
  closest atom surface    2.419   H12 ASB X    1
  2nd closest surface     2.421   C28 ASB X    1
  found on step  872
 current point:
  at point   38.826  38.586  39.727
  closest atom surface    2.419   H12 ASB X    1
  2nd closest surface     2.421   C28 ASB X    1
  found on step  962
  no. of rejections          376
 stored as    -8

 highest radius point found:
  at point   38.805  38.386  39.833
  closest atom surface    2.459   C28 ASB X    1
  2nd closest surface     2.461   H12 ASB X    1
  found on step  979
  this is also current point
  no. of rejections          420
 stored as    -9

 highest radius point found:
  at point   39.784  38.186  42.796
  closest atom surface    2.787   C10 ASB X    1
  2nd closest surface     2.800   C33 ASB X    1
  found on step  996
  this is also current point
  no. of rejections          377
 stored as   -10

 highest radius point found:
  at point   39.802  37.986  43.581
  closest atom surface    3.104   C33 ASB X    1
  2nd closest surface     3.106   C9  ASB X    1
  found on step  986
  this is also current point
  no. of rejections          376
 stored as   -11

 highest radius point found:
  at point   39.795  37.786  43.600
  closest atom surface    3.214   C9  ASB X    1
  2nd closest surface     3.216   C33 ASB X    1
  found on step  763
 current point:
  at point   39.785  37.786  43.613
  closest atom surface    3.212   H44 ASB X    1
  2nd closest surface     3.212   C33 ASB X    1
  found on step  949
  no. of rejections          383
 stored as   -12

 highest radius point found:
  at point   39.784  37.586  43.625
  closest atom surface    3.332   C33 ASB X    1
  2nd closest surface     3.332   C10 ASB X    1
  found on step  932
  this is also current point
  no. of rejections          341
 stored as   -13

 highest radius point found:
  at point   39.756  37.386  43.667
  closest atom surface    3.446   C33 ASB X    1
  2nd closest surface     3.447   C10 ASB X    1
  found on step  787
 current point:
  at point   39.756  37.386  43.675
  closest atom surface    3.445   H44 ASB X    1
  2nd closest surface     3.448   C33 ASB X    1
  found on step  956
  no. of rejections          347
 stored as   -14

 highest radius point found:
  at point   39.731  37.186  43.714
  closest atom surface    3.568   C10 ASB X    1
  2nd closest surface     3.568   H44 ASB X    1
  found on step  929
  this is also current point
  no. of rejections          355
 stored as   -15

 highest radius point found:
  at point   39.701  36.986  43.762
  closest atom surface    3.694   C33 ASB X    1
  2nd closest surface     3.694   H44 ASB X    1
  found on step  981
  this is also current point
  no. of rejections          336
 stored as   -16

 highest radius point found:
  at point   39.684  36.786  43.810
  closest atom surface    3.820   H32 ASB X    1
  2nd closest surface     3.822   H44 ASB X    1
  found on step  683
 current point:
  at point   39.673  36.786  43.823
  closest atom surface    3.818   H44 ASB X    1
  2nd closest surface     3.818   H32 ASB X    1
  found on step  903
  no. of rejections          331
 stored as   -17

 highest radius point found:
  at point   39.671  36.586  43.861
  closest atom surface    3.950   C10 ASB X    1
  2nd closest surface     3.952   H44 ASB X    1
  found on step  655
 current point:
  at point   39.672  36.586  43.862
  closest atom surface    3.950   C10 ASB X    1
  2nd closest surface     3.950   H44 ASB X    1
  found on step  972
  no. of rejections          371
 stored as   -18

 highest radius point found:
  at point   39.653  36.386  43.917
  closest atom surface    4.086   H44 ASB X    1
  2nd closest surface     4.088   H32 ASB X    1
  found on step  889
  this is also current point
  no. of rejections          356
 stored as   -19

 highest radius point found:
  at point   39.632  36.186  43.967
  closest atom surface    4.225   H32 ASB X    1
  2nd closest surface     4.228   H44 ASB X    1
  found on step   27
 current point:
  at point   39.630  36.186  43.975
  closest atom surface    4.225   H44 ASB X    1
  2nd closest surface     4.227   H32 ASB X    1
  found on step  991
  no. of rejections          330
 stored as   -20

 highest radius point found:
  at point   39.614  35.986  44.027
  closest atom surface    4.369   H44 ASB X    1
  2nd closest surface     4.370   H11 ASB X    1
  found on step  996
  this is also current point
  no. of rejections          304
 stored as   -21

 highest radius point found:
  at point   39.583  35.786  44.092
  closest atom surface    4.516   H44 ASB X    1
  2nd closest surface     4.517   H32 ASB X    1
  found on step  962
  this is also current point
  no. of rejections          343
 stored as   -22

 highest radius point found:
  at point   39.541  35.586  44.172
  closest atom surface    4.665   H32 ASB X    1
  2nd closest surface     4.665   H44 ASB X    1
  found on step  983
  this is also current point
  no. of rejections          312
 stored as   -23

 highest radius point found:
  at point   39.526  35.386  44.224
  closest atom surface    4.821   H44 ASB X    1
  2nd closest surface     4.822   H32 ASB X    1
  found on step  788
 current point:
  at point   39.519  35.386  44.229
  closest atom surface    4.820   H32 ASB X    1
  2nd closest surface     4.821   H44 ASB X    1
  found on step  994
  no. of rejections          305
 stored as   -24

 highest radius point found:
  at point   39.501  35.186  44.287
  closest atom surface    4.979   H11 ASB X    1
  2nd closest surface     4.979   H44 ASB X    1
  found on step  946
  this is also current point
  no. of rejections          284
 stored as   -25

 highest radius point found:
  at point   39.472  34.986  44.352
  closest atom surface    5.140   H44 ASB X    1
  2nd closest surface     5.141   H11 ASB X    1
  found on step  639
 current point:
  at point   39.448  34.986  44.375
  closest atom surface    5.138   H32 ASB X    1
  2nd closest surface     5.140   H44 ASB X    1
  found on step  962
  no. of rejections          315
 stored as   -26

 highest radius point found:
  at point   39.428  34.786  44.434
  closest atom surface    5.304   H44 ASB X    1
  2nd closest surface     5.305   H32 ASB X    1
  found on step  762
 current point:
  at point   39.400  34.786  44.464
  closest atom surface    5.302   H44 ASB X    1
  2nd closest surface     5.303   H32 ASB X    1
  found on step  989
  no. of rejections          287
 stored as   -27

 highest radius point found:
  at point   39.413  34.586  44.482
  closest atom surface    5.472   H32 ASB X    1
  2nd closest surface     5.472   H44 ASB X    1
  found on step  949
  this is also current point
  no. of rejections          278
 stored as   -28

 highest radius point found:
  at point   39.381  34.386  44.549
  closest atom surface    5.640   H32 ASB X    1
  2nd closest surface     5.643   H44 ASB X    1
  found on step  691
 current point:
  at point   39.297  34.386  44.644
  closest atom surface    5.639   H32 ASB X    1
  2nd closest surface     5.639   H44 ASB X    1
  found on step  919
  no. of rejections          288
 stored as   -29

 highest radius point found:
  at point   39.112  34.186  44.880
  closest atom surface    5.817   H32 ASB X    1
  2nd closest surface     5.817   H44 ASB X    1
  found on step  998
  this is also current point
  no. of rejections          229
 stored as   -30

 highest radius point found:
  at point   39.079  33.986  44.949
  closest atom surface    5.994   H32 ASB X    1
  2nd closest surface     5.995   H41 ASB X    1
  found on step  970
  this is also current point
  no. of rejections          248
 stored as   -31

 highest radius point found:
  at point   39.062  33.786  45.004
  closest atom surface    6.174   H44 ASB X    1
  2nd closest surface     6.174   H32 ASB X    1
  found on step  986
  this is also current point
  no. of rejections          254
 stored as   -32

 highest radius point found:
  at point   39.030  33.586  45.069
  closest atom surface    6.353   H41 ASB X    1
  2nd closest surface     6.354   H32 ASB X    1
  found on step  171
 current point:
  at point   37.287  33.586  46.189
  closest atom surface    6.347   C45 ASB X    1
  2nd closest surface     6.350   H41 ASB X    1
  found on step  996
  no. of rejections          258
 stored as   -33

 highest radius point found:
  at point   39.026  33.386  45.112
  closest atom surface    6.536   H44 ASB X    1
  2nd closest surface     6.536   H32 ASB X    1
  found on step  978
  this is also current point
  no. of rejections          262
 stored as   -34

 highest radius point found:
  at point   38.998  33.186  45.177
  closest atom surface    6.720   H41 ASB X    1
  2nd closest surface     6.720   H44 ASB X    1
  found on step  982
  this is also current point
  no. of rejections          259
 stored as   -35

 highest radius point found:
  at point   38.977  32.986  45.232
  closest atom surface    6.904   H32 ASB X    1
  2nd closest surface     6.904   H41 ASB X    1
  found on step  953
  this is also current point
  no. of rejections          270
 stored as   -36

 highest radius point found:
  at point   38.949  32.786  45.294
  closest atom surface    7.089   H41 ASB X    1
  2nd closest surface     7.090   H32 ASB X    1
  found on step  979
  this is also current point
  no. of rejections          241
 stored as   -37

 highest radius point found:
  at point   38.934  32.586  45.350
  closest atom surface    7.276   H41 ASB X    1
  2nd closest surface     7.277   H44 ASB X    1
  found on step  802
 current point:
  at point   38.932  32.586  45.351
  closest atom surface    7.276   H41 ASB X    1
  2nd closest surface     7.278   H44 ASB X    1
  found on step  972
  no. of rejections          236
 stored as   -38

 highest radius point found:
  at point   38.872  32.386  45.427
  closest atom surface    7.461   H41 ASB X    1
  2nd closest surface     7.462   H32 ASB X    1
  found on step    2
 current point:
  at point   38.554  32.386  45.614
  closest atom surface    7.440   H41 ASB X    1
  2nd closest surface     7.449   H32 ASB X    1
  found on step  986
  no. of rejections          206
 stored as   -39

 highest radius point found:
  at point   33.442  32.186  50.777
  closest atom surface    9.703   C42 ASB X    1
  2nd closest surface     9.827   C45 ASB X    1
  found on step 1000
  this is also current point
  no. of rejections          170
 stored as   -40

 highest radius point found:
  at point   26.064  31.986  57.486
  closest atom surface   17.276   C42 ASB X    1
  2nd closest surface    17.323   C45 ASB X    1
  found on step 1000
  this is also current point
  no. of rejections          216
 stored as   -41

 highest radius point found:
  at point   19.505  31.786  63.300
  closest atom surface   25.241   C45 ASB X    1
  2nd closest surface    25.262   C42 ASB X    1
  found on step 1000
  this is also current point
  no. of rejections          277
 This is an end! (radius above  22.0 angs)
 
 N.b. Graph information routine (HOGRAP) differs 
        markedly from previous versions!
       Information now is written from -ve end
       to +ve in one pass
 
 Explanation of the meaning of each column: 
 First column "cenxyz.cvec" is the coordinate in the
   direction of the channel vector i.e. if the channel
   vector is in z (0 0 1) then it is the z coordinate.
 The second column "radius" is the hole pore radius 
   (as defined in the Biophys J 1993) article).
 The third column "cen_line_D" is the distance 
   measured along the pore centre line - with the 
   first point found set to zero. This was the first
   thing that I used to measure the distance along a pore
   but "cenxyz.cvec" is a much better general measure. 
   However, by comparing changes in this distance to changes in '   "cenxyz.cvec" one can get a measure of how straight a 
   channel is.
 The fourth column "sum{s/(area)}" is useful in conductance
   prediction -
   basically it is the sum of the thickness of each slab
   divided by its area. HOLE uses this measure to estimate
   the macroscopic conductance of a channel.
 If any of this worries you one can see the "raw" results
   of a standard hole run by producing a sphpdb file and 
    directly looking at the results.
 cenxyz.cvec      radius  cen_line_D sum{s/(area point sourc
    31.98554    17.27607   -29.63283     0.00011   (sampled)
    32.08554    13.14227   -24.64574     0.00029 (mid-point)
    32.18554     9.70300   -19.65866     0.00063   (sampled)
    32.28554     7.98389   -15.84592     0.00113 (mid-point)
    32.38554     7.46101   -12.03318     0.00170   (sampled)
    32.48554     7.36843   -11.92177     0.00229 (mid-point)
    32.58554     7.27632   -11.81037     0.00289   (sampled)
    32.68554     7.18266   -11.70622     0.00350 (mid-point)
    32.78554     7.08925   -11.60208     0.00414   (sampled)
    32.88554     6.99669   -11.49647     0.00479 (mid-point)
    32.98554     6.90430   -11.39087     0.00546   (sampled)
    33.08554     6.81191   -11.28654     0.00614 (mid-point)
    33.18554     6.71965   -11.18222     0.00685   (sampled)
    33.28554     6.62752   -11.07622     0.00757 (mid-point)
    33.38554     6.53573   -10.97023     0.00832   (sampled)
    33.48554     6.44487   -10.86793     0.00908 (mid-point)
    33.58554     6.35282   -10.76564     0.00987   (sampled)
    33.68554     6.26350   -10.65921     0.01068 (mid-point)
    33.78554     6.17361   -10.55278     0.01152   (sampled)
    33.88554     6.08387   -10.44881     0.01238 (mid-point)
    33.98554     5.99426   -10.34485     0.01326   (sampled)
    34.08554     5.90531   -10.23771     0.01418 (mid-point)
    34.18554     5.81687   -10.13057     0.01512   (sampled)
    34.28554     5.72510    -9.89528     0.01609 (mid-point)
    34.38554     5.64041    -9.65998     0.01709   (sampled)
    34.48554     5.55594    -9.55327     0.01812 (mid-point)
    34.58554     5.47214    -9.44656     0.01918   (sampled)
    34.68554     5.38775    -9.34344     0.02028 (mid-point)
    34.78554     5.30356    -9.24032     0.02141   (sampled)
    34.88554     5.22155    -9.13001     0.02258 (mid-point)
    34.98554     5.14042    -9.01970     0.02378   (sampled)
    35.08554     5.05940    -8.91353     0.02503 (mid-point)
    35.18554     4.97910    -8.80735     0.02631   (sampled)
    35.28554     4.89980    -8.70180     0.02764 (mid-point)
    35.38554     4.82127    -8.59625     0.02901   (sampled)
    35.48554     4.74275    -8.49265     0.03042 (mid-point)
    35.58554     4.66457    -8.38904     0.03188   (sampled)
    35.68554     4.58999    -8.27928     0.03340 (mid-point)
    35.78554     4.51646    -8.16951     0.03496   (sampled)
    35.88554     4.44236    -8.06323     0.03657 (mid-point)
    35.98554     4.36935    -7.95696     0.03824   (sampled)
    36.08554     4.29782    -7.85219     0.03996 (mid-point)
    36.18554     4.22526    -7.74743     0.04174   (sampled)
    36.28554     4.15617    -7.64376     0.04359 (mid-point)
    36.38554     4.08568    -7.54010     0.04549   (sampled)
    36.48554     4.01802    -7.43589     0.04746 (mid-point)
    36.58554     3.95006    -7.33169     0.04950   (sampled)
    36.68554     3.88549    -7.22827     0.05161 (mid-point)
    36.78554     3.82034    -7.12484     0.05379   (sampled)
    36.88554     3.75741    -7.02162     0.05605 (mid-point)
    36.98554     3.69384    -6.91839     0.05838   (sampled)
    37.08554     3.63053    -6.81458     0.06080 (mid-point)
    37.18554     3.56778    -6.71076     0.06330   (sampled)
    37.28554     3.50643    -6.60720     0.06589 (mid-point)
    37.38554     3.44570    -6.50365     0.06857   (sampled)
    37.48554     3.38823    -6.40058     0.07134 (mid-point)
    37.58554     3.33217    -6.29751     0.07421   (sampled)
    37.68554     3.27248    -6.19658     0.07718 (mid-point)
    37.78554     3.21375    -6.09565     0.08026   (sampled)
    37.88554     3.15892    -5.99510     0.08345 (mid-point)
    37.98554     3.10414    -5.89456     0.08675   (sampled)
    38.08554     2.93748    -5.48952     0.09044 (mid-point)
    38.18554     2.78747    -5.08449     0.09454   (sampled)
    38.28554     2.35252    -3.52122     0.10029 (mid-point)
    38.38554     2.45933    -1.95796     0.10555   (sampled)
    38.48554     2.43810    -1.84428     0.11091 (mid-point)
    38.58554     2.41928    -1.73061     0.11635   (sampled)
    38.68554     2.40618    -1.62037     0.12184 (mid-point)
    38.78554     2.39459    -1.51012     0.12740   (sampled)
    38.88554     2.38920    -1.39860     0.13297 (mid-point)
    38.98554     2.38522    -1.28709     0.13857   (sampled)
    39.08554     2.36718    -1.18207     0.14425 (mid-point)
    39.18554     2.35168    -1.07705     0.15000   (sampled)
    39.28554     2.34095    -0.97207     0.15581 (mid-point)
    39.38554     2.33100    -0.86709     0.16167   (sampled)
    39.48554     2.32537    -0.76133     0.16756 (mid-point)
    39.58554     2.32196    -0.65558     0.17346   (sampled)
    39.68554     2.32117    -0.54958     0.17937 (mid-point)
    39.78554     2.32376    -0.44357     0.18526   (sampled)
    39.88554     2.29840    -0.32178     0.19129 (mid-point)
    39.98554     2.27736    -0.20000     0.19743   (sampled)
    40.08554     2.31757    -0.10000     0.20335 (mid-point)
    40.18554     2.35707     0.00000     0.20908   (sampled)
    40.28554     2.37165     0.10483     0.21474 (mid-point)
    40.38554     2.38877     0.20966     0.22032   (sampled)
    40.48554     2.40776     0.31494     0.22581 (mid-point)
    40.58554     2.42919     0.42021     0.23120   (sampled)
    40.68554     2.45276     0.52536     0.23650 (mid-point)
    40.78554     2.47875     0.63051     0.24168   (sampled)
    40.88554     2.50828     0.73598     0.24674 (mid-point)
    40.98554     2.54015     0.84146     0.25167   (sampled)
    41.08554     2.57337     0.94649     0.25648 (mid-point)
    41.18554     2.60834     1.05152     0.26115   (sampled)
    41.28554     2.64687     1.15703     0.26570 (mid-point)
    41.38554     2.68714     1.26254     0.27011   (sampled)
    41.48554     2.72905     1.36781     0.27438 (mid-point)
    41.58554     2.77298     1.47308     0.27852   (sampled)
    41.68554     2.81831     1.58016     0.28253 (mid-point)
    41.78554     2.86564     1.68725     0.28640   (sampled)
    41.88554     2.91620     1.79192     0.29015 (mid-point)
    41.98554     2.96817     1.89660     0.29376   (sampled)
    42.08554     3.02166     2.00165     0.29724 (mid-point)
    42.18554     3.07649     2.10670     0.30061   (sampled)
    42.28554     3.02018     3.48440     0.30410 (mid-point)
    42.38554     3.34200     4.86211     0.30695   (sampled)
    42.48554     3.40077     4.97368     0.30970 (mid-point)
    42.58554     3.46124     5.08526     0.31236   (sampled)
    42.68554     3.52962     5.18712     0.31491 (mid-point)
    42.78554     3.59874     5.28897     0.31737   (sampled)
    42.88554     3.66698     5.39649     0.31974 (mid-point)
    42.98554     3.73617     5.50402     0.32202   (sampled)
    43.08554     3.78009     5.60995     0.32424 (mid-point)
    43.18554     3.82432     5.71588     0.32642   (sampled)
    43.28554     3.86639     5.82549     0.32855 (mid-point)
    43.38554     3.90984     5.93509     0.33063   (sampled)
    43.48554     3.95669     6.04343     0.33267 (mid-point)
    43.58554     4.00336     6.15177     0.33465   (sampled)
    43.68554     4.05306     6.26187     0.33659 (mid-point)
    43.78554     4.10466     6.37198     0.33848   (sampled)
    43.88554     4.15584     6.48333     0.34032 (mid-point)
    43.98554     4.20792     6.59467     0.34212   (sampled)
    44.08554     4.26720     6.70350     0.34387 (mid-point)
    44.18554     4.32628     6.81233     0.34557   (sampled)
    44.28554     4.38523     6.92377     0.34722 (mid-point)
    44.38554     4.44559     7.03521     0.34883   (sampled)
    44.48554     4.50904     7.14408     0.35040 (mid-point)
    44.58554     4.57263     7.25294     0.35192   (sampled)
    44.68554     4.62562     7.36528     0.35341 (mid-point)
    44.78554     4.68028     7.47763     0.35486   (sampled)
    44.88554     4.76128     7.58805     0.35627 (mid-point)
    44.98554     4.84179     7.69848     0.35763   (sampled)
    45.08554     4.91168     7.80961     0.35894 (mid-point)
    45.18554     4.98267     7.92073     0.36023   (sampled)
    45.28554     5.05509     8.03012     0.36147 (mid-point)
    45.38554     5.12861     8.13950     0.36268   (sampled)
    45.48554     5.18576     8.70028     0.36387 (mid-point)
    45.58554     5.29171     9.26105     0.36500   (sampled)
    45.68554     5.37394     9.37028     0.36611 (mid-point)
    45.78554     5.45627     9.47951     0.36717   (sampled)
    45.88554     5.53997     9.58979     0.36821 (mid-point)
    45.98554     5.62412     9.70007     0.36922   (sampled)
    46.08554     5.70944     9.80904     0.37019 (mid-point)
    46.18554     5.79471     9.91801     0.37114   (sampled)
    46.28554     5.89708    11.40852     0.37206 (mid-point)
    46.38554     6.28920    12.89903     0.37286   (sampled)
    46.48554     7.41219    17.04629     0.37344 (mid-point)
    46.58554     9.95000    21.19354     0.37376   (sampled)
    46.68554    13.36151    25.46992     0.37394 (mid-point)
    46.78554    17.12252    29.74629     0.37405   (sampled)

 Minimum radius found:      2.277 angstroms.



 For spherical probe approach, The geometric factor
         F= sum(ds/area) along channel is    0.374 angstroms**-1
 This yields a macroscopic predicted molar conductance of:
   (1/rho)*(100/F)= (270/rho) pS,
   where rho is the conductivity of 1M permeant ion in ohm m.
 N.B. this is a macroscopic conductance - an overestimate 
 Empirically corrected conductances currently only available
 With the CAPSULE option (although its not that stable!)
 For 1M KCl rho= 1/12 (ohm m), So Gmacro= 3200 pS/M.
  (TAG      1   Rmin=     2.27736   Gmacro=  3208.12642 Conn_Gmacro=    -1.00000 ).
 HOLE: normal completion
