 *** Program HOLE ***
 
 If results of this run are reported or published, please
 cite the publication listed below.
 For the HOLE program:
   Smart, O.S., Goodfellow, J.M., Wallace, B.A. (1993). 
   The pore dimensions of gramicidin A. 
   Biophys. J., 65, 2455-2460.
 
 Originally written by Oliver Smart at Birkbeck College from April 1992.
 Copyright 1993-2005 Oliver Smart
 Copyright 2014-2015 SmartSci Limited.
 Copyright 2016 Oliver Smart.
 
 For help on HOLE suite see  http://www.holeprogram.org/
 
 HOLE release 2.2.005 (07 August 2016) 
 
 usage subject to Apache License, Version 2.0 
 see http://www.apache.org/licenses/LICENSE-2.0 

 Control variables read:

! Input file for Oliver Smart's HOLE program
! written by MDAnalysis.analysis.hole2.HoleAnalysis
! for a Universe
! u = mda.Universe(/afs/crc.nd.edu/user/m/mfarshad/Private/ML-new/traj/host-97/h
!    /afs/crc.nd.edu/user/m/mfarshad/Private/ML-new/traj/host-97/host_97.trr
!   )
! Frame 22

COORD  /tmp/2550245.1.long/tmp3n75n4fc.pdb
RADIUS simple2.rad
SPHPDB hole022.sph
SAMPLE 0.200000
ENDRAD 22.000000
IGNORE SOL WAT TIP HOH K   NA  CL
SHORTO 0
RASEED 31415
CPOINT 60.7077448164 60.5906852904 61.5561767760


 WARNING have not found a CVECT record - will try to guess
 Input pdb filename read as:    '/tmp/2550245.1.long/tmp3n75n4fc.pdb'
 Input vdW radius file read as: 'simple2.rad'
 point in channel:   60.708  60.591  61.556
 channel vector:   ************************
 sampling distance between planes:    0.200

 graphics conditions:
 binary plot output file name: NONE
 Dot density:    10
 Draw dots?           T
 Draw close contacts? F
 Draw centre line?    T
 Produce spikes rather than dots? F
 Seed for random number generator:     31415 (0 means value set by program)
 Radius above which a result is regarded as an 'end':  22.000
 Pdb format file for sphere centres: hole022.sph

 Monte Carlo conditions:
  no of steps:  1000
  maximum displacement   0.100 angs
  'kT' initial   0.100 angs
 The spherebox and capsule options are turned off.
 (No molqpt card so will not write qpt file of the molecule)
 IGNORE card read so will ignore residue types: SOL WAT TIP HOH K   NA  CL
 no SHORTO card read so will produce full textual output
 As no PEGRAT card was found will not produce PEG polymer exclusion graph
 (No 2DMAPS card specified so will not produce 2D property maps)
 Have not found a CUT card.  Normal calculation using
   Cutoff lists with a cutsize=       1.000
   (if you wish to turn off option use a CUT -1 card)

 Have read     7 bond radius records and
              16 vdW radius records.
 From file: simple2.rad

 Have read   210 atom records.
 From file: /tmp/2550245.1.long/tmp3n75n4fc.pdb
 Will not produce graphical output

 Have opened file for pdb format output of sphere centres:  hole022.sph

  Seed integer used by ran # generator on this run      31415

 
 S/R cguess will try to guess CPOINT and/or CVECT
 
 THESE GUESSES MAY WELL BE WRONG!!!!
 Routine relies on having a reasonably symmetric
 channel oriented along x, y or z vector
 YOU ARE STRONGLY ADVISED TO CHECK THE RESULTS
                       WITH MOLECULAR GRAPHICS
 testing points from cpoint in X, Y then Z direction
   point                   pore radius
direction     1
  55.708  60.591  61.556    -0.905
  56.708  60.591  61.556    -0.480
  57.708  60.591  61.556     0.255
  58.708  60.591  61.556     0.726
  59.708  60.591  61.556     1.422
  60.708  60.591  61.556     1.451
  61.708  60.591  61.556     0.698
  62.708  60.591  61.556     0.328
  63.708  60.591  61.556     0.517
  64.708  60.591  61.556     0.636
  65.708  60.591  61.556     0.792
 Average pore radius along the line=      0.494
direction     2
  60.708  55.591  61.556     0.065
  60.708  56.591  61.556     0.796
  60.708  57.591  61.556     1.169
  60.708  58.591  61.556     1.799
  60.708  59.591  61.556     1.990
  60.708  60.591  61.556     1.451
  60.708  61.591  61.556     1.055
  60.708  62.591  61.556     0.627
  60.708  63.591  61.556     0.253
  60.708  64.591  61.556    -0.047
  60.708  65.591  61.556    -0.871
 Average pore radius along the line=      0.753
direction     3
  60.708  60.591  56.556     0.061
  60.708  60.591  57.556     0.947
  60.708  60.591  58.556     1.803
  60.708  60.591  59.556     2.250
  60.708  60.591  60.556     1.824
  60.708  60.591  61.556     1.451
  60.708  60.591  62.556     1.457
  60.708  60.591  63.556     1.056
  60.708  60.591  64.556     0.612
  60.708  60.591  65.556     0.243
  60.708  60.591  66.556     0.232
 Average pore radius along the line=      1.085
 Best direction is found to be     3
(1=X,2=Y,3=Z)
 s/r cguess has produced initial values for cpoint &/or cvect:
CPOINT      60.7077     60.5907     61.5562
CVECT        0.0000      0.0000      1.0000
 THESE GUESSES MAY WELL BE WRONG!!!!
 Routine relies on having a reasonably symmetric
 channel oriented along x, y or z vector
 YOU ARE STRONGLY ADVISED TO CHECK THE RESULTS
                       WITH MOLECULAR GRAPHICS
 
 
  Some routines (e.g. conn) need vectors normal to cvect: 
     EAST Zero degrees angle is along vector    1.000   0.000   0.000
     NORTH  90 degrees angle is along vector    0.000  -1.000   0.000
 highest radius point found:
  at point   60.182  59.514  61.556
  closest atom surface    2.358   N16 97  X    1
  2nd closest surface     2.360   H87 97  X    1
  found on step  991
  this is also current point
  no. of rejections          377
 stored as     0

 highest radius point found:
  at point   60.143  59.644  61.756
  closest atom surface    2.316   N16 97  X    1
  2nd closest surface     2.317   C31 97  X    1
  found on step  589
 current point:
  at point   60.146  59.652  61.756
  closest atom surface    2.316   N16 97  X    1
  2nd closest surface     2.317   H87 97  X    1
  found on step  997
  no. of rejections          380
 stored as     1

 highest radius point found:
  at point   60.103  59.782  61.956
  closest atom surface    2.291   C31 97  X    1
  2nd closest surface     2.291   N16 97  X    1
  found on step  380
 current point:
  at point   60.107  59.789  61.956
  closest atom surface    2.291   N16 97  X    1
  2nd closest surface     2.291   H87 97  X    1
  found on step  995
  no. of rejections          409
 stored as     2

 highest radius point found:
  at point   60.064  59.924  62.156
  closest atom surface    2.282   H87 97  X    1
  2nd closest surface     2.282   N16 97  X    1
  found on step  962
  this is also current point
  no. of rejections          373
 stored as     3

 highest radius point found:
  at point   59.999  60.091  62.356
  closest atom surface    2.261   C23 97  X    1
  2nd closest surface     2.261   H87 97  X    1
  found on step  803
 current point:
  at point   59.977  60.059  62.356
  closest atom surface    2.260   C23 97  X    1
  2nd closest surface     2.261   H87 97  X    1
  found on step  981
  no. of rejections          379
 stored as     4

 highest radius point found:
  at point   59.897  60.134  62.556
  closest atom surface    2.156   C23 97  X    1
  2nd closest surface     2.157   H84 97  X    1
  found on step  980
  this is also current point
  no. of rejections          327
 stored as     5

 highest radius point found:
  at point   59.832  60.189  62.756
  closest atom surface    2.048   C23 97  X    1
  2nd closest surface     2.048   H84 97  X    1
  found on step  918
  this is also current point
  no. of rejections          379
 stored as     6

 highest radius point found:
  at point   59.778  60.252  62.956
  closest atom surface    1.947   C23 97  X    1
  2nd closest surface     1.950   H84 97  X    1
  found on step  822
 current point:
  at point   59.777  60.250  62.956
  closest atom surface    1.947   C23 97  X    1
  2nd closest surface     1.950   N5  97  X    1
  found on step  976
  no. of rejections          363
 stored as     7

 highest radius point found:
  at point   59.719  60.320  63.156
  closest atom surface    1.859   H84 97  X    1
  2nd closest surface     1.860   C23 97  X    1
  found on step  963
  this is also current point
  no. of rejections          387
 stored as     8

 highest radius point found:
  at point   59.657  60.384  63.356
  closest atom surface    1.784   H84 97  X    1
  2nd closest surface     1.784   C23 97  X    1
  found on step  789
 current point:
  at point   59.657  60.382  63.356
  closest atom surface    1.783   C23 97  X    1
  2nd closest surface     1.784   N5  97  X    1
  found on step  954
  no. of rejections          374
 stored as     9

 highest radius point found:
  at point   59.611  60.391  63.556
  closest atom surface    1.681   H63 97  X    1
  2nd closest surface     1.684   N5  97  X    1
  found on step  719
 current point:
  at point   59.613  60.393  63.556
  closest atom surface    1.680   H63 97  X    1
  2nd closest surface     1.684   C23 97  X    1
  found on step  978
  no. of rejections          347
 stored as    10

 highest radius point found:
  at point   59.583  60.324  63.756
  closest atom surface    1.544   H63 97  X    1
  2nd closest surface     1.545   N5  97  X    1
  found on step  953
  this is also current point
  no. of rejections          315
 stored as    11

 highest radius point found:
  at point   59.555  60.261  63.956
  closest atom surface    1.416   H63 97  X    1
  2nd closest surface     1.418   N5  97  X    1
  found on step  836
 current point:
  at point   59.552  60.262  63.956
  closest atom surface    1.416   H63 97  X    1
  2nd closest surface     1.417   N5  97  X    1
  found on step  989
  no. of rejections          365
 stored as    12

 highest radius point found:
  at point   59.529  60.198  64.156
  closest atom surface    1.301   H63 97  X    1
  2nd closest surface     1.301   N5  97  X    1
  found on step  942
  this is also current point
  no. of rejections          387
 stored as    13

 highest radius point found:
  at point   59.542  60.163  64.356
  closest atom surface    1.177   C23 97  X    1
  2nd closest surface     1.177   H53 97  X    1
  found on step  851
  this is also current point
  no. of rejections          383
 stored as    14

 highest radius point found:
  at point   59.554  60.137  64.556
  closest atom surface    1.061   H53 97  X    1
  2nd closest surface     1.065   C23 97  X    1
  found on step  508
 current point:
  at point   59.551  60.125  64.556
  closest atom surface    1.060   H53 97  X    1
  2nd closest surface     1.061   C23 97  X    1
  found on step  998
  no. of rejections          364
 stored as    15

 highest radius point found:
  at point   59.567  60.108  64.756
  closest atom surface    0.960   C23 97  X    1
  2nd closest surface     0.960   H53 97  X    1
  found on step  956
  this is also current point
  no. of rejections          370
 stored as    16

 highest radius point found:
  at point   59.583  60.088  64.956
  closest atom surface    0.869   C23 97  X    1
  2nd closest surface     0.877   H53 97  X    1
  found on step  425
 current point:
  at point   59.479  59.843  64.956
  closest atom surface    0.849   C23 97  X    1
  2nd closest surface     0.849   H53 97  X    1
  found on step  913
  no. of rejections          376
 stored as    17

 highest radius point found:
  at point   59.585  60.065  65.156
  closest atom surface    0.800   C23 97  X    1
  2nd closest surface     0.801   H53 97  X    1
  found on step  924
  this is also current point
  no. of rejections          391
 stored as    18

 highest radius point found:
  at point   59.592  60.055  65.356
  closest atom surface    0.746   H53 97  X    1
  2nd closest surface     0.748   C23 97  X    1
  found on step  842
 current point:
  at point   59.594  60.054  65.356
  closest atom surface    0.746   C23 97  X    1
  2nd closest surface     0.748   H53 97  X    1
  found on step  986
  no. of rejections          393
 stored as    19

 highest radius point found:
  at point   59.598  60.044  65.556
  closest atom surface    0.711   C23 97  X    1
  2nd closest surface     0.711   H63 97  X    1
  found on step  863
 current point:
  at point   59.588  60.024  65.556
  closest atom surface    0.707   H53 97  X    1
  2nd closest surface     0.709   C23 97  X    1
  found on step  997
  no. of rejections          394
 stored as    20

 highest radius point found:
  at point   59.352  59.461  65.756
  closest atom surface    0.698   N5  97  X    1
  2nd closest surface     0.701   C23 97  X    1
  found on step  416
 current point:
  at point   59.596  60.033  65.756
  closest atom surface    0.694   H53 97  X    1
  2nd closest surface     0.695   H63 97  X    1
  found on step  998
  no. of rejections          403
 stored as    21

 highest radius point found:
  at point   59.322  59.399  65.956
  closest atom surface    0.718   H53 97  X    1
  2nd closest surface     0.718   C23 97  X    1
  found on step  897
  this is also current point
  no. of rejections          399
 stored as    22

 highest radius point found:
  at point   59.290  59.339  66.156
  closest atom surface    0.755   C23 97  X    1
  2nd closest surface     0.755   N5  97  X    1
  found on step  944
  this is also current point
  no. of rejections          374
 stored as    23

 highest radius point found:
  at point   59.256  59.290  66.356
  closest atom surface    0.811   H53 97  X    1
  2nd closest surface     0.812   C23 97  X    1
  found on step  990
  this is also current point
  no. of rejections          381
 stored as    24

 highest radius point found:
  at point   59.221  59.244  66.556
  closest atom surface    0.885   H53 97  X    1
  2nd closest surface     0.885   C23 97  X    1
  found on step  977
  this is also current point
  no. of rejections          383
 stored as    25

 highest radius point found:
  at point   59.184  59.199  66.756
  closest atom surface    0.974   C23 97  X    1
  2nd closest surface     0.975   H53 97  X    1
  found on step  801
 current point:
  at point   59.184  59.197  66.756
  closest atom surface    0.973   C23 97  X    1
  2nd closest surface     0.977   H53 97  X    1
  found on step  969
  no. of rejections          369
 stored as    26

 highest radius point found:
  at point   59.141  59.157  66.956
  closest atom surface    1.078   N5  97  X    1
  2nd closest surface     1.078   H53 97  X    1
  found on step  882
 current point:
  at point   59.142  59.159  66.956
  closest atom surface    1.078   H53 97  X    1
  2nd closest surface     1.079   C23 97  X    1
  found on step  924
  no. of rejections          408
 stored as    27

 highest radius point found:
  at point   59.065  59.089  67.156
  closest atom surface    1.160   N3  97  X    1
  2nd closest surface     1.160   N6  97  X    1
  found on step  998
  this is also current point
  no. of rejections          370
 stored as    28

 highest radius point found:
  at point   58.968  59.005  67.356
  closest atom surface    1.230   N3  97  X    1
  2nd closest surface     1.231   N6  97  X    1
  found on step  893
  this is also current point
  no. of rejections          390
 stored as    29

 highest radius point found:
  at point   58.944  59.030  67.556
  closest atom surface    1.296   N3  97  X    1
  2nd closest surface     1.297   N6  97  X    1
  found on step  835
 current point:
  at point   58.941  59.024  67.556
  closest atom surface    1.296   N3  97  X    1
  2nd closest surface     1.297   C33 97  X    1
  found on step  935
  no. of rejections          412
 stored as    30

 highest radius point found:
  at point   58.735  58.494  67.756
  closest atom surface    1.357   N3  97  X    1
  2nd closest surface     1.358   C33 97  X    1
  found on step  987
  this is also current point
  no. of rejections          338
 stored as    31

 highest radius point found:
  at point   58.623  58.250  67.956
  closest atom surface    1.472   N3  97  X    1
  2nd closest surface     1.472   C33 97  X    1
  found on step  966
  this is also current point
  no. of rejections          297
 stored as    32

 highest radius point found:
  at point   58.506  57.973  68.156
  closest atom surface    1.612   N5  97  X    1
  2nd closest surface     1.618   N3  97  X    1
  found on step  976
  this is also current point
  no. of rejections          332
 stored as    33

 highest radius point found:
  at point   57.315  56.408  68.356
  closest atom surface    2.027   N5  97  X    1
  2nd closest surface     2.127   H52 97  X    1
  found on step 1000
  this is also current point
  no. of rejections          271
 stored as    34

 highest radius point found:
  at point   51.084  48.924  68.556
  closest atom surface    9.273   C76 97  X    1
  2nd closest surface     9.331   H44 97  X    1
  found on step  999
  this is also current point
  no. of rejections          262
 stored as    35

 highest radius point found:
  at point   44.848  40.106  68.756
  closest atom surface   19.335   C76 97  X    1
  2nd closest surface    19.346   H44 97  X    1
  found on step  999
  this is also current point
  no. of rejections          263
 stored as    36

 highest radius point found:
  at point   38.405  31.676  68.956
  closest atom surface   29.684   C76 97  X    1
  2nd closest surface    29.769   H44 97  X    1
  found on step 1000
  this is also current point
  no. of rejections          250
 This is an end! (radius above  22.0 angs)
 highest radius point found:
  at point   60.222  59.386  61.356
  closest atom surface    2.413   N16 97  X    1
  2nd closest surface     2.416   H87 97  X    1
  found on step  273
 current point:
  at point   60.236  59.410  61.356
  closest atom surface    2.409   N16 97  X    1
  2nd closest surface     2.410   H87 97  X    1
  found on step  885
  no. of rejections          374
 stored as    -1

 highest radius point found:
  at point   60.255  59.254  61.156
  closest atom surface    2.485   H87 97  X    1
  2nd closest surface     2.486   N16 97  X    1
  found on step  832
 current point:
  at point   60.258  59.250  61.156
  closest atom surface    2.483   N16 97  X    1
  2nd closest surface     2.485   C31 97  X    1
  found on step  974
  no. of rejections          359
 stored as    -2

 highest radius point found:
  at point   60.323  59.240  60.956
  closest atom surface    2.514   H87 97  X    1
  2nd closest surface     2.515   H21 97  X    1
  found on step  957
  this is also current point
  no. of rejections          391
 stored as    -3

 highest radius point found:
  at point   60.360  59.251  60.756
  closest atom surface    2.512   H21 97  X    1
  2nd closest surface     2.513   H32 97  X    1
  found on step  978
  this is also current point
  no. of rejections          366
 stored as    -4

 highest radius point found:
  at point   60.454  59.369  60.556
  closest atom surface    2.501   H18 97  X    1
  2nd closest surface     2.501   H87 97  X    1
  found on step  956
  this is also current point
  no. of rejections          400
 stored as    -5

 highest radius point found:
  at point   60.558  59.504  60.356
  closest atom surface    2.504   H87 97  X    1
  2nd closest surface     2.504   H32 97  X    1
  found on step  993
  this is also current point
  no. of rejections          379
 stored as    -6

 highest radius point found:
  at point   60.660  59.635  60.156
  closest atom surface    2.526   H87 97  X    1
  2nd closest surface     2.526   H18 97  X    1
  found on step  722
 current point:
  at point   60.666  59.642  60.156
  closest atom surface    2.525   H32 97  X    1
  2nd closest surface     2.527   H87 97  X    1
  found on step  892
  no. of rejections          411
 stored as    -7

 highest radius point found:
  at point   60.750  59.758  59.956
  closest atom surface    2.561   H18 97  X    1
  2nd closest surface     2.561   H87 97  X    1
  found on step  979
  this is also current point
  no. of rejections          391
 stored as    -8

 highest radius point found:
  at point   60.808  59.927  59.756
  closest atom surface    2.560   H70 97  X    1
  2nd closest surface     2.561   N17 97  X    1
  found on step  527
 current point:
  at point   60.808  59.924  59.756
  closest atom surface    2.559   N17 97  X    1
  2nd closest surface     2.561   H70 97  X    1
  found on step  901
  no. of rejections          353
 stored as    -9

 highest radius point found:
  at point   60.859  60.138  59.556
  closest atom surface    2.559   N17 97  X    1
  2nd closest surface     2.559   H70 97  X    1
  found on step  925
  this is also current point
  no. of rejections          351
 stored as   -10

 highest radius point found:
  at point   60.894  60.304  59.356
  closest atom surface    2.545   H10197  X    1
  2nd closest surface     2.545   N17 97  X    1
  found on step  992
  this is also current point
  no. of rejections          351
 stored as   -11

 highest radius point found:
  at point   60.706  60.277  59.156
  closest atom surface    2.428   H96 97  X    1
  2nd closest surface     2.431   N17 97  X    1
  found on step  967
  this is also current point
  no. of rejections          354
 stored as   -12

 highest radius point found:
  at point   60.415  60.199  58.956
  closest atom surface    2.318   H96 97  X    1
  2nd closest surface     2.318   H12 97  X    1
  found on step  968
  this is also current point
  no. of rejections          272
 stored as   -13

 highest radius point found:
  at point   59.994  60.066  58.756
  closest atom surface    2.240   H96 97  X    1
  2nd closest surface     2.241   N17 97  X    1
  found on step  993
  this is also current point
  no. of rejections          333
 stored as   -14

 highest radius point found:
  at point   59.641  59.929  58.556
  closest atom surface    2.185   N12 97  X    1
  2nd closest surface     2.185   N17 97  X    1
  found on step  779
 current point:
  at point   59.633  59.923  58.556
  closest atom surface    2.185   N17 97  X    1
  2nd closest surface     2.185   C62 97  X    1
  found on step  985
  no. of rejections          344
 stored as   -15

 highest radius point found:
  at point   59.175  59.634  58.356
  closest atom surface    2.109   C4  97  X    1
  2nd closest surface     2.110   H13 97  X    1
  found on step  577
 current point:
  at point   59.206  59.661  58.356
  closest atom surface    2.107   C4  97  X    1
  2nd closest surface     2.111   C62 97  X    1
  found on step  975
  no. of rejections          299
 stored as   -16

 highest radius point found:
  at point   56.892  57.674  58.156
  closest atom surface    2.861   H88 97  X    1
  2nd closest surface     2.896   H13 97  X    1
  found on step  999
  this is also current point
  no. of rejections          258
 stored as   -17

 highest radius point found:
  at point   53.930  52.378  57.956
  closest atom surface    5.387   C77 97  X    1
  2nd closest surface     5.389   C76 97  X    1
  found on step  999
  this is also current point
  no. of rejections          151
 stored as   -18

 highest radius point found:
  at point   50.814  42.473  57.756
  closest atom surface   14.452   H24 97  X    1
  2nd closest surface    14.458   C77 97  X    1
  found on step 1000
  this is also current point
  no. of rejections          232
 stored as   -19

 highest radius point found:
  at point   46.420  35.706  57.556
  closest atom surface   22.184   H24 97  X    1
  2nd closest surface    22.220   C77 97  X    1
  found on step  998
  this is also current point
  no. of rejections          280
 This is an end! (radius above  22.0 angs)
 
 N.b. Graph information routine (HOGRAP) differs 
        markedly from previous versions!
       Information now is written from -ve end
       to +ve in one pass
 
 Explanation of the meaning of each column: 
 First column "cenxyz.cvec" is the coordinate in the
   direction of the channel vector i.e. if the channel
   vector is in z (0 0 1) then it is the z coordinate.
 The second column "radius" is the hole pore radius 
   (as defined in the Biophys J 1993) article).
 The third column "cen_line_D" is the distance 
   measured along the pore centre line - with the 
   first point found set to zero. This was the first
   thing that I used to measure the distance along a pore
   but "cenxyz.cvec" is a much better general measure. 
   However, by comparing changes in this distance to changes in '   "cenxyz.cvec" one can get a measure of how straight a 
   channel is.
 The fourth column "sum{s/(area)}" is useful in conductance
   prediction -
   basically it is the sum of the thickness of each slab
   divided by its area. HOLE uses this measure to estimate
   the macroscopic conductance of a channel.
 If any of this worries you one can see the "raw" results
   of a standard hole run by producing a sphpdb file and 
    directly looking at the results.
 cenxyz.cvec      radius  cen_line_D sum{s/(area point sourc
    57.75617    14.45208   -24.35906     0.00015   (sampled)
    57.85617     9.64702   -19.16600     0.00049 (mid-point)
    57.95617     5.38688   -13.97293     0.00159   (sampled)
    58.05617     3.52438   -10.93731     0.00415 (mid-point)
    58.15617     2.86053    -7.90168     0.00804   (sampled)
    58.25617     2.18645    -6.39388     0.01470 (mid-point)
    58.35617     2.10894    -4.88609     0.02186   (sampled)
    58.45617     2.13843    -4.59280     0.02882 (mid-point)
    58.55617     2.18464    -4.29951     0.03549   (sampled)
    58.65617     2.20728    -4.08551     0.04202 (mid-point)
    58.75617     2.24046    -3.87152     0.04836   (sampled)
    58.85617     2.27042    -3.62871     0.05454 (mid-point)
    58.95617     2.31792    -3.38591     0.06046   (sampled)
    59.05617     2.36877    -3.20529     0.06614 (mid-point)
    59.15617     2.42840    -3.02467     0.07153   (sampled)
    59.25617     2.48469    -2.88666     0.07669 (mid-point)
    59.35617     2.54523    -2.74865     0.08160   (sampled)
    59.45617     2.55024    -2.61743     0.08650 (mid-point)
    59.55617     2.55920    -2.48621     0.09136   (sampled)
    59.65617     2.55648    -2.33844     0.09623 (mid-point)
    59.75617     2.55969    -2.19067     0.10109   (sampled)
    59.85617     2.55899    -2.05659     0.10595 (mid-point)
    59.95617     2.56056    -1.92252     0.11080   (sampled)
    60.05617     2.54089    -1.79708     0.11573 (mid-point)
    60.15617     2.52551    -1.67164     0.12072   (sampled)
    60.25617     2.51217    -1.54144     0.12577 (mid-point)
    60.35617     2.50361    -1.41124     0.13085   (sampled)
    60.45617     2.49997    -1.28000     0.13594 (mid-point)
    60.55617     2.50108    -1.14877     0.14103   (sampled)
    60.65617     2.50499    -1.02350     0.14610 (mid-point)
    60.75617     2.51224    -0.89824     0.15114   (sampled)
    60.85617     2.51192    -0.79642     0.15619 (mid-point)
    60.95617     2.51384    -0.69459     0.16122   (sampled)
    61.05617     2.49802    -0.58876     0.16633 (mid-point)
    61.15617     2.48535    -0.48292     0.17148   (sampled)
    61.25617     2.44795    -0.36205     0.17679 (mid-point)
    61.35617     2.41344    -0.24118     0.18226   (sampled)
    61.45617     2.38406    -0.12059     0.18786 (mid-point)
    61.55617     2.35802     0.00000     0.19358   (sampled)
    61.65617     2.33535     0.12086     0.19942 (mid-point)
    61.75617     2.31614     0.24172     0.20535   (sampled)
    61.85617     2.30188     0.36473     0.21136 (mid-point)
    61.95617     2.29111     0.48774     0.21742   (sampled)
    62.05617     2.28489     0.61181     0.22352 (mid-point)
    62.15617     2.28209     0.73588     0.22963   (sampled)
    62.25617     2.26858     0.87019     0.23582 (mid-point)
    62.35617     2.26050     1.00449     0.24205   (sampled)
    62.45617     2.20721     1.11880     0.24858 (mid-point)
    62.55617     2.15647     1.23311     0.25542   (sampled)
    62.65617     2.10115     1.34170     0.26263 (mid-point)
    62.75617     2.04808     1.45030     0.27022   (sampled)
    62.85617     1.99638     1.55873     0.27821 (mid-point)
    62.95617     1.94708     1.66717     0.28661   (sampled)
    63.05617     1.90211     1.77668     0.29540 (mid-point)
    63.15617     1.85923     1.88619     0.30461   (sampled)
    63.25617     1.81952     1.99567     0.31423 (mid-point)
    63.35617     1.78355     2.10516     0.32423   (sampled)
    63.45617     1.73336     2.20789     0.33483 (mid-point)
    63.55617     1.68085     2.31061     0.34609   (sampled)
    63.65617     1.61128     2.41693     0.35835 (mid-point)
    63.75617     1.54425     2.52325     0.37170   (sampled)
    63.85617     1.47888     2.62907     0.38626 (mid-point)
    63.95617     1.41638     2.73489     0.40212   (sampled)
    64.05617     1.35689     2.84045     0.41941 (mid-point)
    64.15617     1.30071     2.94602     0.43823   (sampled)
    64.25617     1.23817     3.04774     0.45899 (mid-point)
    64.35617     1.17653     3.14946     0.48198   (sampled)
    64.45617     1.11698     3.25047     0.50750 (mid-point)
    64.55617     1.06063     3.35149     0.53579   (sampled)
    64.65617     1.00846     3.45278     0.56709 (mid-point)
    64.75617     0.96012     3.55408     0.60162   (sampled)
    64.85617     0.91326     3.65487     0.63979 (mid-point)
    64.95617     0.86933     3.75566     0.68191   (sampled)
    65.05617     0.83322     3.85632     0.72776 (mid-point)
    65.15617     0.80045     3.95697     0.77744   (sampled)
    65.25617     0.77055     4.05715     0.83105 (mid-point)
    65.35617     0.74576     4.15733     0.88828   (sampled)
    65.45617     0.72601     4.25753     0.94867 (mid-point)
    65.55617     0.71060     4.35772     1.01171   (sampled)
    65.65617     0.67396     4.68954     1.08179 (mid-point)
    65.75617     0.69834     5.02135     1.14706   (sampled)
    65.85617     0.70606     5.12704     1.21091 (mid-point)
    65.95617     0.71766     5.23272     1.27271   (sampled)
    66.05617     0.73393     5.33843     1.33180 (mid-point)
    66.15617     0.75487     5.44414     1.38766   (sampled)
    66.25617     0.78068     5.54847     1.43989 (mid-point)
    66.35617     0.81063     5.65281     1.48833   (sampled)
    66.45617     0.84513     5.75692     1.53290 (mid-point)
    66.55617     0.88475     5.86102     1.57356   (sampled)
    66.65617     0.92758     5.96515     1.61056 (mid-point)
    66.75617     0.97421     6.06929     1.64410   (sampled)
    66.85617     1.02469     6.17369     1.67441 (mid-point)
    66.95617     1.07830     6.27809     1.70179   (sampled)
    67.05617     1.11901     6.39024     1.72721 (mid-point)
    67.15617     1.15970     6.50240     1.75087   (sampled)
    67.25617     1.19272     6.62138     1.77325 (mid-point)
    67.35617     1.23012     6.74035     1.79429   (sampled)
    67.45617     1.26162     6.84187     1.81428 (mid-point)
    67.55617     1.29619     6.94339     1.83323   (sampled)
    67.65617     1.31158     7.24777     1.85173 (mid-point)
    67.75617     1.35687     7.55216     1.86902   (sampled)
    67.85617     1.41041     7.71953     1.88502 (mid-point)
    67.95617     1.47176     7.88691     1.89972   (sampled)
    68.05617     1.53823     8.06766     1.91317 (mid-point)
    68.15617     1.61247     8.24840     1.92541   (sampled)
    68.25617     1.68667     9.23666     1.93660 (mid-point)
    68.35617     2.02736    10.22491     1.94435   (sampled)
    68.45617     5.36345    15.09525     1.94545 (mid-point)
    68.55617     9.27315    19.96560     1.94582   (sampled)
    68.65617    14.18433    25.36642     1.94598 (mid-point)
    68.75617    19.33520    30.76723     1.94607   (sampled)

 Minimum radius found:      0.674 angstroms.



 For spherical probe approach, The geometric factor
         F= sum(ds/area) along channel is    1.946 angstroms**-1
 This yields a macroscopic predicted molar conductance of:
   (1/rho)*(100/F)= (51/rho) pS,
   where rho is the conductivity of 1M permeant ion in ohm m.
 N.B. this is a macroscopic conductance - an overestimate 
 Empirically corrected conductances currently only available
 With the CAPSULE option (although its not that stable!)
 For 1M KCl rho= 1/12 (ohm m), So Gmacro= 620 pS/M.
  (TAG      1   Rmin=     0.67396   Gmacro=   616.62797 Conn_Gmacro=    -1.00000 ).
 HOLE: normal completion
