 *** Program HOLE ***
 
 If results of this run are reported or published, please
 cite the publication listed below.
 For the HOLE program:
   Smart, O.S., Goodfellow, J.M., Wallace, B.A. (1993). 
   The pore dimensions of gramicidin A. 
   Biophys. J., 65, 2455-2460.
 
 Originally written by Oliver Smart at Birkbeck College from April 1992.
 Copyright 1993-2005 Oliver Smart
 Copyright 2014-2015 SmartSci Limited.
 Copyright 2016 Oliver Smart.
 
 For help on HOLE suite see  http://www.holeprogram.org/
 
 HOLE release 2.2.005 (07 August 2016) 
 
 usage subject to Apache License, Version 2.0 
 see http://www.apache.org/licenses/LICENSE-2.0 

 Control variables read:

! Input file for Oliver Smart's HOLE program
! written by MDAnalysis.analysis.hole2.HoleAnalysis
! for a Universe
! u = mda.Universe(/afs/crc.nd.edu/user/m/mfarshad/Private/ML-new/traj/host-97/h
!    /afs/crc.nd.edu/user/m/mfarshad/Private/ML-new/traj/host-97/host_97.trr
!   )
! Frame 38

COORD  /tmp/2550245.1.long/tmpt5x2anfa.pdb
RADIUS simple2.rad
SPHPDB hole038.sph
SAMPLE 0.200000
ENDRAD 22.000000
IGNORE SOL WAT TIP HOH K   NA  CL
SHORTO 0
RASEED 31415
CPOINT 59.9484343029 59.0775327410 60.9223589034


 WARNING have not found a CVECT record - will try to guess
 Input pdb filename read as:    '/tmp/2550245.1.long/tmpt5x2anfa.pdb'
 Input vdW radius file read as: 'simple2.rad'
 point in channel:   59.948  59.078  60.922
 channel vector:   ************************
 sampling distance between planes:    0.200

 graphics conditions:
 binary plot output file name: NONE
 Dot density:    10
 Draw dots?           T
 Draw close contacts? F
 Draw centre line?    T
 Produce spikes rather than dots? F
 Seed for random number generator:     31415 (0 means value set by program)
 Radius above which a result is regarded as an 'end':  22.000
 Pdb format file for sphere centres: hole038.sph

 Monte Carlo conditions:
  no of steps:  1000
  maximum displacement   0.100 angs
  'kT' initial   0.100 angs
 The spherebox and capsule options are turned off.
 (No molqpt card so will not write qpt file of the molecule)
 IGNORE card read so will ignore residue types: SOL WAT TIP HOH K   NA  CL
 no SHORTO card read so will produce full textual output
 As no PEGRAT card was found will not produce PEG polymer exclusion graph
 (No 2DMAPS card specified so will not produce 2D property maps)
 Have not found a CUT card.  Normal calculation using
   Cutoff lists with a cutsize=       1.000
   (if you wish to turn off option use a CUT -1 card)

 Have read     7 bond radius records and
              16 vdW radius records.
 From file: simple2.rad

 Have read   210 atom records.
 From file: /tmp/2550245.1.long/tmpt5x2anfa.pdb
 Will not produce graphical output

 Have opened file for pdb format output of sphere centres:  hole038.sph

  Seed integer used by ran # generator on this run      31415

 
 S/R cguess will try to guess CPOINT and/or CVECT
 
 THESE GUESSES MAY WELL BE WRONG!!!!
 Routine relies on having a reasonably symmetric
 channel oriented along x, y or z vector
 YOU ARE STRONGLY ADVISED TO CHECK THE RESULTS
                       WITH MOLECULAR GRAPHICS
 testing points from cpoint in X, Y then Z direction
   point                   pore radius
direction     1
  54.948  59.078  60.922     0.180
  55.948  59.078  60.922     0.677
  56.948  59.078  60.922     1.413
  57.948  59.078  60.922     1.813
  58.948  59.078  60.922     1.427
  59.948  59.078  60.922     1.272
  60.948  59.078  60.922     0.680
  61.948  59.078  60.922    -0.098
  62.948  59.078  60.922    -0.640
  63.948  59.078  60.922    -0.448
  64.948  59.078  60.922    -0.648
 Average pore radius along the line=      0.511
direction     2
  59.948  54.078  60.922     0.001
  59.948  55.078  60.922     0.142
  59.948  56.078  60.922    -0.100
  59.948  57.078  60.922     0.189
  59.948  58.078  60.922     0.843
  59.948  59.078  60.922     1.272
  59.948  60.078  60.922     1.221
  59.948  61.078  60.922     1.270
  59.948  62.078  60.922     0.689
  59.948  63.078  60.922     0.480
  59.948  64.078  60.922     0.502
 Average pore radius along the line=      0.592
direction     3
  59.948  59.078  55.922     0.030
  59.948  59.078  56.922     0.359
  59.948  59.078  57.922     0.938
  59.948  59.078  58.922     1.396
  59.948  59.078  59.922     1.985
  59.948  59.078  60.922     1.272
  59.948  59.078  61.922     0.438
  59.948  59.078  62.922    -0.306
  59.948  59.078  63.922    -0.853
  59.948  59.078  64.922    -1.433
  59.948  59.078  65.922    -1.042
 Average pore radius along the line=      0.253
 Best direction is found to be     2
(1=X,2=Y,3=Z)
 s/r cguess has produced initial values for cpoint &/or cvect:
CPOINT      59.9484     59.0775     60.9224
CVECT        0.0000      1.0000      0.0000
 THESE GUESSES MAY WELL BE WRONG!!!!
 Routine relies on having a reasonably symmetric
 channel oriented along x, y or z vector
 YOU ARE STRONGLY ADVISED TO CHECK THE RESULTS
                       WITH MOLECULAR GRAPHICS
 
 
  Some routines (e.g. conn) need vectors normal to cvect: 
     EAST Zero degrees angle is along vector    1.000   0.000   0.000
     NORTH  90 degrees angle is along vector    0.000   0.000   1.000
 highest radius point found:
  at point   57.988  59.078  60.136
  closest atom surface    2.452   N16 97  X    1
  2nd closest surface     2.452   C76 97  X    1
  found on step  999
  this is also current point
  no. of rejections          371
 stored as     0

 highest radius point found:
  at point   58.065  59.278  60.249
  closest atom surface    2.381   H87 97  X    1
  2nd closest surface     2.382   N16 97  X    1
  found on step  796
 current point:
  at point   58.063  59.278  60.248
  closest atom surface    2.380   C76 97  X    1
  2nd closest surface     2.381   H87 97  X    1
  found on step  997
  no. of rejections          360
 stored as     1

 highest radius point found:
  at point   58.141  59.478  60.363
  closest atom surface    2.324   C76 97  X    1
  2nd closest surface     2.326   H87 97  X    1
  found on step  996
  this is also current point
  no. of rejections          370
 stored as     2

 highest radius point found:
  at point   58.222  59.678  60.474
  closest atom surface    2.284   C76 97  X    1
  2nd closest surface     2.285   H87 97  X    1
  found on step  963
  this is also current point
  no. of rejections          410
 stored as     3

 highest radius point found:
  at point   58.304  59.878  60.583
  closest atom surface    2.258   N16 97  X    1
  2nd closest surface     2.259   C76 97  X    1
  found on step  984
  this is also current point
  no. of rejections          409
 stored as     4

 highest radius point found:
  at point   58.388  60.078  60.690
  closest atom surface    2.248   N16 97  X    1
  2nd closest surface     2.248   H87 97  X    1
  found on step  891
  this is also current point
  no. of rejections          374
 stored as     5

 highest radius point found:
  at point   58.423  60.278  60.800
  closest atom surface    2.205   H37 97  X    1
  2nd closest surface     2.205   H84 97  X    1
  found on step  971
  this is also current point
  no. of rejections          365
 stored as     6

 highest radius point found:
  at point   58.393  60.478  60.914
  closest atom surface    2.122   C76 97  X    1
  2nd closest surface     2.123   H37 97  X    1
  found on step  957
  this is also current point
  no. of rejections          365
 stored as     7

 highest radius point found:
  at point   58.378  60.678  61.031
  closest atom surface    2.054   H37 97  X    1
  2nd closest surface     2.054   H84 97  X    1
  found on step  927
  this is also current point
  no. of rejections          368
 stored as     8

 highest radius point found:
  at point   58.423  60.878  61.174
  closest atom surface    1.984   H84 97  X    1
  2nd closest surface     1.986   C75 97  X    1
  found on step  893
  this is also current point
  no. of rejections          376
 stored as     9

 highest radius point found:
  at point   58.471  61.078  61.317
  closest atom surface    1.933   C75 97  X    1
  2nd closest surface     1.934   H84 97  X    1
  found on step  888
  this is also current point
  no. of rejections          376
 stored as    10

 highest radius point found:
  at point   58.525  61.278  61.464
  closest atom surface    1.903   H84 97  X    1
  2nd closest surface     1.904   C75 97  X    1
  found on step  992
  this is also current point
  no. of rejections          336
 stored as    11

 highest radius point found:
  at point   58.591  61.478  61.617
  closest atom surface    1.895   H84 97  X    1
  2nd closest surface     1.895   H37 97  X    1
  found on step  984
  this is also current point
  no. of rejections          371
 stored as    12

 highest radius point found:
  at point   58.654  61.678  61.657
  closest atom surface    1.817   H53 97  X    1
  2nd closest surface     1.817   H84 97  X    1
  found on step  895
  this is also current point
  no. of rejections          345
 stored as    13

 highest radius point found:
  at point   58.684  61.878  61.604
  closest atom surface    1.691   H84 97  X    1
  2nd closest surface     1.691   H53 97  X    1
  found on step  986
  this is also current point
  no. of rejections          341
 stored as    14

 highest radius point found:
  at point   58.736  62.078  61.554
  closest atom surface    1.566   N6  97  X    1
  2nd closest surface     1.568   H63 97  X    1
  found on step  998
  this is also current point
  no. of rejections          354
 stored as    15

 highest radius point found:
  at point   58.810  62.278  61.502
  closest atom surface    1.446   H84 97  X    1
  2nd closest surface     1.446   N6  97  X    1
  found on step  526
 current point:
  at point   58.812  62.278  61.509
  closest atom surface    1.442   H63 97  X    1
  2nd closest surface     1.445   N6  97  X    1
  found on step  973
  no. of rejections          343
 stored as    16

 highest radius point found:
  at point   58.890  62.478  61.453
  closest atom surface    1.337   H63 97  X    1
  2nd closest surface     1.338   H84 97  X    1
  found on step  879
 current point:
  at point   58.892  62.478  61.453
  closest atom surface    1.337   H63 97  X    1
  2nd closest surface     1.337   H84 97  X    1
  found on step  880
  no. of rejections          368
 stored as    17

 highest radius point found:
  at point   58.975  62.678  61.403
  closest atom surface    1.243   H84 97  X    1
  2nd closest surface     1.244   H63 97  X    1
  found on step  968
  this is also current point
  no. of rejections          363
 stored as    18

 highest radius point found:
  at point   59.060  62.878  61.354
  closest atom surface    1.167   H63 97  X    1
  2nd closest surface     1.168   N6  97  X    1
  found on step  952
  this is also current point
  no. of rejections          366
 stored as    19

 highest radius point found:
  at point   59.148  63.078  61.316
  closest atom surface    1.100   C56 97  X    1
  2nd closest surface     1.102   N6  97  X    1
  found on step  952
  this is also current point
  no. of rejections          378
 stored as    20

 highest radius point found:
  at point   59.229  63.278  61.300
  closest atom surface    1.036   N6  97  X    1
  2nd closest surface     1.037   C56 97  X    1
  found on step  917
  this is also current point
  no. of rejections          371
 stored as    21

 highest radius point found:
  at point   59.319  63.478  61.290
  closest atom surface    0.989   C56 97  X    1
  2nd closest surface     0.989   H63 97  X    1
  found on step  777
 current point:
  at point   59.317  63.478  61.288
  closest atom surface    0.988   C56 97  X    1
  2nd closest surface     0.990   N6  97  X    1
  found on step  980
  no. of rejections          398
 stored as    22

 highest radius point found:
  at point   59.406  63.678  61.282
  closest atom surface    0.959   N6  97  X    1
  2nd closest surface     0.961   C56 97  X    1
  found on step  483
 current point:
  at point   59.417  63.678  61.283
  closest atom surface    0.959   C56 97  X    1
  2nd closest surface     0.960   H63 97  X    1
  found on step  900
  no. of rejections          397
 stored as    23

 highest radius point found:
  at point   59.489  63.878  61.265
  closest atom surface    0.943   C56 97  X    1
  2nd closest surface     0.945   N6  97  X    1
  found on step   68
 current point:
  at point   59.506  63.878  61.269
  closest atom surface    0.942   C56 97  X    1
  2nd closest surface     0.948   N7  97  X    1
  found on step  987
  no. of rejections          375
 stored as    24

 highest radius point found:
  at point   59.545  64.078  61.229
  closest atom surface    0.932   C56 97  X    1
  2nd closest surface     0.937   N7  97  X    1
  found on step  924
  this is also current point
  no. of rejections          383
 stored as    25

 highest radius point found:
  at point   59.590  64.278  61.190
  closest atom surface    0.938   N6  97  X    1
  2nd closest surface     0.938   C56 97  X    1
  found on step  934
  this is also current point
  no. of rejections          403
 stored as    26

 highest radius point found:
  at point   59.602  64.478  61.137
  closest atom surface    0.935   N6  97  X    1
  2nd closest surface     0.936   C55 97  X    1
  found on step  827
 current point:
  at point   59.592  64.478  61.122
  closest atom surface    0.934   C55 97  X    1
  2nd closest surface     0.935   N6  97  X    1
  found on step  934
  no. of rejections          419
 stored as    27

 highest radius point found:
  at point   59.417  64.678  60.905
  closest atom surface    0.897   N6  97  X    1
  2nd closest surface     0.899   C72 97  X    1
  found on step  946
  this is also current point
  no. of rejections          380
 stored as    28

 highest radius point found:
  at point   59.235  64.878  60.686
  closest atom surface    0.899   C56 97  X    1
  2nd closest surface     0.900   N6  97  X    1
  found on step  944
  this is also current point
  no. of rejections          383
 stored as    29

 highest radius point found:
  at point   57.540  65.078  58.909
  closest atom surface    1.434   H11197  X    1
  2nd closest surface     1.434   H85 97  X    1
  found on step  986
  this is also current point
  no. of rejections          377
 stored as    30

 highest radius point found:
  at point   57.443  65.278  58.729
  closest atom surface    1.565   H85 97  X    1
  2nd closest surface     1.565   H89 97  X    1
  found on step  985
  this is also current point
  no. of rejections          362
 stored as    31

 highest radius point found:
  at point   51.086  65.478  55.124
  closest atom surface    5.504   C76 97  X    1
  2nd closest surface     5.541   H90 97  X    1
  found on step 1000
  this is also current point
  no. of rejections          251
 stored as    32

 highest radius point found:
  at point   42.458  65.678  49.452
  closest atom surface   15.011   C76 97  X    1
  2nd closest surface    15.018   H90 97  X    1
  found on step  998
  this is also current point
  no. of rejections          249
 stored as    33

 highest radius point found:
  at point   33.059  65.878  43.585
  closest atom surface   25.847   C76 97  X    1
  2nd closest surface    25.925   H90 97  X    1
  found on step 1000
  this is also current point
  no. of rejections          242
 This is an end! (radius above  22.0 angs)
 highest radius point found:
  at point   57.910  58.878  59.972
  closest atom surface    2.507   H18 97  X    1
  2nd closest surface     2.508   H87 97  X    1
  found on step  353
 current point:
  at point   57.146  58.878  58.647
  closest atom surface    2.370   C57 97  X    1
  2nd closest surface     2.370   C76 97  X    1
  found on step  989
  no. of rejections          332
 stored as    -1

 highest radius point found:
  at point   58.302  58.678  59.896
  closest atom surface    2.443   H87 97  X    1
  2nd closest surface     2.444   H18 97  X    1
  found on step  972
  this is also current point
  no. of rejections          298
 stored as    -2

 highest radius point found:
  at point   58.685  58.478  59.697
  closest atom surface    2.366   C17 97  X    1
  2nd closest surface     2.368   H87 97  X    1
  found on step  843
 current point:
  at point   58.643  58.478  59.726
  closest atom surface    2.365   N17 97  X    1
  2nd closest surface     2.366   C17 97  X    1
  found on step  950
  no. of rejections          268
 stored as    -3

 highest radius point found:
  at point   59.174  58.278  59.401
  closest atom surface    2.270   N17 97  X    1
  2nd closest surface     2.270   C17 97  X    1
  found on step  971
  this is also current point
  no. of rejections          291
 stored as    -4

 highest radius point found:
  at point   59.241  58.078  59.421
  closest atom surface    2.124   H12 97  X    1
  2nd closest surface     2.125   N17 97  X    1
  found on step  937
  this is also current point
  no. of rejections          301
 stored as    -5

 highest radius point found:
  at point   59.307  57.878  59.441
  closest atom surface    1.985   N17 97  X    1
  2nd closest surface     1.985   H12 97  X    1
  found on step  447
 current point:
  at point   59.301  57.878  59.444
  closest atom surface    1.983   N17 97  X    1
  2nd closest surface     1.987   C17 97  X    1
  found on step  999
  no. of rejections          341
 stored as    -6

 highest radius point found:
  at point   59.380  57.678  59.461
  closest atom surface    1.853   C17 97  X    1
  2nd closest surface     1.854   H12 97  X    1
  found on step  965
  this is also current point
  no. of rejections          303
 stored as    -7

 highest radius point found:
  at point   59.447  57.478  59.482
  closest atom surface    1.729   C17 97  X    1
  2nd closest surface     1.732   N17 97  X    1
  found on step  700
 current point:
  at point   59.452  57.478  59.480
  closest atom surface    1.729   C17 97  X    1
  2nd closest surface     1.733   H12 97  X    1
  found on step  910
  no. of rejections          367
 stored as    -8

 highest radius point found:
  at point   59.526  57.278  59.491
  closest atom surface    1.617   H12 97  X    1
  2nd closest surface     1.619   C17 97  X    1
  found on step  319
 current point:
  at point   59.522  57.278  59.487
  closest atom surface    1.614   H12 97  X    1
  2nd closest surface     1.617   N17 97  X    1
  found on step  993
  no. of rejections          358
 stored as    -9

 highest radius point found:
  at point   59.601  57.078  59.506
  closest atom surface    1.516   C17 97  X    1
  2nd closest surface     1.516   H12 97  X    1
  found on step  989
  this is also current point
  no. of rejections          410
 stored as   -10

 highest radius point found:
  at point   59.679  56.878  59.517
  closest atom surface    1.426   C17 97  X    1
  2nd closest surface     1.427   H12 97  X    1
  found on step  739
 current point:
  at point   59.676  56.878  59.519
  closest atom surface    1.426   C17 97  X    1
  2nd closest surface     1.428   N17 97  X    1
  found on step  994
  no. of rejections          383
 stored as   -11

 highest radius point found:
  at point   59.731  56.678  59.546
  closest atom surface    1.339   N17 97  X    1
  2nd closest surface     1.339   C17 97  X    1
  found on step  872
 current point:
  at point   59.728  56.678  59.542
  closest atom surface    1.336   N17 97  X    1
  2nd closest surface     1.341   H10197  X    1
  found on step  961
  no. of rejections          394
 stored as   -12

 highest radius point found:
  at point   59.755  56.478  59.596
  closest atom surface    1.249   N17 97  X    1
  2nd closest surface     1.250   C17 97  X    1
  found on step  958
  this is also current point
  no. of rejections          368
 stored as   -13

 highest radius point found:
  at point   59.778  56.278  59.649
  closest atom surface    1.171   C17 97  X    1
  2nd closest surface     1.171   N17 97  X    1
  found on step  767
 current point:
  at point   59.775  56.278  59.651
  closest atom surface    1.169   N17 97  X    1
  2nd closest surface     1.170   C17 97  X    1
  found on step  889
  no. of rejections          385
 stored as   -14

 highest radius point found:
  at point   59.817  56.078  59.692
  closest atom surface    1.109   C17 97  X    1
  2nd closest surface     1.109   H10197  X    1
  found on step   85
 current point:
  at point   59.810  56.078  59.696
  closest atom surface    1.108   C17 97  X    1
  2nd closest surface     1.110   N17 97  X    1
  found on step  954
  no. of rejections          379
 stored as   -15

 highest radius point found:
  at point   59.847  55.878  59.735
  closest atom surface    1.063   C17 97  X    1
  2nd closest surface     1.063   N14 97  X    1
  found on step  979
  this is also current point
  no. of rejections          378
 stored as   -16

 highest radius point found:
  at point   59.857  55.678  59.794
  closest atom surface    1.020   N17 97  X    1
  2nd closest surface     1.021   N14 97  X    1
  found on step  975
  this is also current point
  no. of rejections          379
 stored as   -17

 highest radius point found:
  at point   59.869  55.478  59.854
  closest atom surface    0.992   N14 97  X    1
  2nd closest surface     0.993   N17 97  X    1
  found on step  968
  this is also current point
  no. of rejections          390
 stored as   -18

 highest radius point found:
  at point   59.880  55.278  59.901
  closest atom surface    0.973   N14 97  X    1
  2nd closest surface     0.974   H20 97  X    1
  found on step  973
  this is also current point
  no. of rejections          399
 stored as   -19

 highest radius point found:
  at point   59.889  55.078  59.843
  closest atom surface    0.916   N17 97  X    1
  2nd closest surface     0.917   H20 97  X    1
  found on step  990
  this is also current point
  no. of rejections          376
 stored as   -20

 highest radius point found:
  at point   59.901  54.878  59.791
  closest atom surface    0.877   N14 97  X    1
  2nd closest surface     0.878   H20 97  X    1
  found on step  693
 current point:
  at point   59.901  54.878  59.782
  closest atom surface    0.873   N14 97  X    1
  2nd closest surface     0.874   N17 97  X    1
  found on step  976
  no. of rejections          380
 stored as   -21

 highest radius point found:
  at point   59.910  54.678  59.743
  closest atom surface    0.857   N17 97  X    1
  2nd closest surface     0.857   N14 97  X    1
  found on step  889
  this is also current point
  no. of rejections          402
 stored as   -22

 highest radius point found:
  at point   59.926  54.478  59.707
  closest atom surface    0.852   N14 97  X    1
  2nd closest surface     0.853   H20 97  X    1
  found on step  950
  this is also current point
  no. of rejections          410
 stored as   -23

 highest radius point found:
  at point   59.917  54.278  59.666
  closest atom surface    0.859   N17 97  X    1
  2nd closest surface     0.862   H20 97  X    1
  found on step    9
 current point:
  at point   60.547  54.278  60.340
  closest atom surface    0.796   N2  97  X    1
  2nd closest surface     0.801   N14 97  X    1
  found on step  936
  no. of rejections          395
 stored as   -24

 highest radius point found:
  at point   60.033  54.078  59.725
  closest atom surface    0.870   H20 97  X    1
  2nd closest surface     0.870   N14 97  X    1
  found on step  906
  this is also current point
  no. of rejections          397
 stored as   -25

 highest radius point found:
  at point   60.138  53.878  59.798
  closest atom surface    0.888   H   97  X    1
  2nd closest surface     0.890   H20 97  X    1
  found on step  426
 current point:
  at point   60.408  53.878  60.092
  closest atom surface    0.858   H20 97  X    1
  2nd closest surface     0.859   N14 97  X    1
  found on step  883
  no. of rejections          397
 stored as   -26

 highest radius point found:
  at point   60.625  53.678  60.307
  closest atom surface    0.946   H20 97  X    1
  2nd closest surface     0.947   N14 97  X    1
  found on step  686
 current point:
  at point   60.606  53.678  60.285
  closest atom surface    0.942   H20 97  X    1
  2nd closest surface     0.943   N14 97  X    1
  found on step  981
  no. of rejections          382
 stored as   -27

 highest radius point found:
  at point   60.637  53.478  60.288
  closest atom surface    1.026   N14 97  X    1
  2nd closest surface     1.026   H20 97  X    1
  found on step  997
  this is also current point
  no. of rejections          374
 stored as   -28

 highest radius point found:
  at point   60.656  53.278  60.281
  closest atom surface    1.121   H20 97  X    1
  2nd closest surface     1.121   N14 97  X    1
  found on step  918
  this is also current point
  no. of rejections          399
 stored as   -29

 highest radius point found:
  at point   60.679  53.078  60.273
  closest atom surface    1.223   N1  97  X    1
  2nd closest surface     1.224   N14 97  X    1
  found on step  584
 current point:
  at point   60.688  53.078  60.278
  closest atom surface    1.222   N14 97  X    1
  2nd closest surface     1.223   N2  97  X    1
  found on step  909
  no. of rejections          403
 stored as   -30

 highest radius point found:
  at point   60.718  52.878  60.309
  closest atom surface    1.293   N1  97  X    1
  2nd closest surface     1.294   H10397  X    1
  found on step  998
  this is also current point
  no. of rejections          385
 stored as   -31

 highest radius point found:
  at point   60.726  52.678  60.413
  closest atom surface    1.323   N1  97  X    1
  2nd closest surface     1.324   H10397  X    1
  found on step  970
  this is also current point
  no. of rejections          370
 stored as   -32

 highest radius point found:
  at point   60.748  52.478  60.524
  closest atom surface    1.372   N2  97  X    1
  2nd closest surface     1.372   H10397  X    1
  found on step  966
  this is also current point
  no. of rejections          371
 stored as   -33

 highest radius point found:
  at point   65.413  52.278  62.361
  closest atom surface    3.408   N2  97  X    1
  2nd closest surface     3.417   H74 97  X    1
  found on step 1000
  this is also current point
  no. of rejections          299
 stored as   -34

 highest radius point found:
  at point   68.310  52.078  66.829
  closest atom surface    6.396   H74 97  X    1
  2nd closest surface     6.463   H33 97  X    1
  found on step 1000
  this is also current point
  no. of rejections          191
 stored as   -35

 highest radius point found:
  at point   77.236  51.878  75.044
  closest atom surface   16.856   H72 97  X    1
  2nd closest surface    16.910   C48 97  X    1
  found on step  999
  this is also current point
  no. of rejections          223
 stored as   -36

 highest radius point found:
  at point   86.045  51.678  81.280
  closest atom surface   27.028   H72 97  X    1
  2nd closest surface    27.166   C48 97  X    1
  found on step  999
  this is also current point
  no. of rejections          262
 This is an end! (radius above  22.0 angs)
 
 N.b. Graph information routine (HOGRAP) differs 
        markedly from previous versions!
       Information now is written from -ve end
       to +ve in one pass
 
 Explanation of the meaning of each column: 
 First column "cenxyz.cvec" is the coordinate in the
   direction of the channel vector i.e. if the channel
   vector is in z (0 0 1) then it is the z coordinate.
 The second column "radius" is the hole pore radius 
   (as defined in the Biophys J 1993) article).
 The third column "cen_line_D" is the distance 
   measured along the pore centre line - with the 
   first point found set to zero. This was the first
   thing that I used to measure the distance along a pore
   but "cenxyz.cvec" is a much better general measure. 
   However, by comparing changes in this distance to changes in '   "cenxyz.cvec" one can get a measure of how straight a 
   channel is.
 The fourth column "sum{s/(area)}" is useful in conductance
   prediction -
   basically it is the sum of the thickness of each slab
   divided by its area. HOLE uses this measure to estimate
   the macroscopic conductance of a channel.
 If any of this worries you one can see the "raw" results
   of a standard hole run by producing a sphpdb file and 
    directly looking at the results.
 cenxyz.cvec      radius  cen_line_D sum{s/(area point sourc
    51.87753    16.85562   -30.93826     0.00011   (sampled)
    51.97753    11.39484   -24.87210     0.00036 (mid-point)
    52.07753     6.39631   -18.80594     0.00114   (sampled)
    52.17753     4.47797   -16.14158     0.00272 (mid-point)
    52.27753     3.40781   -13.47723     0.00546   (sampled)
    52.37753     1.69652   -10.96807     0.01652 (mid-point)
    52.47753     1.37182    -8.45890     0.03344   (sampled)
    52.57753     1.34511    -8.34407     0.05103 (mid-point)
    52.67753     1.32327    -8.22925     0.06921   (sampled)
    52.77753     1.30621    -8.11642     0.08786 (mid-point)
    52.87753     1.29334    -8.00359     0.10689   (sampled)
    52.97753     1.25637    -7.90016     0.12706 (mid-point)
    53.07753     1.22255    -7.79673     0.14836   (sampled)
    53.17753     1.17090    -7.69599     0.17157 (mid-point)
    53.27753     1.12072    -7.59524     0.19692   (sampled)
    53.37753     1.07139    -7.49475     0.22465 (mid-point)
    53.47753     1.02564    -7.39425     0.25491   (sampled)
    53.57753     0.98360    -7.29357     0.28781 (mid-point)
    53.67753     0.94565    -7.19290     0.32340   (sampled)
    53.77753     0.88306    -6.82708     0.36422 (mid-point)
    53.87753     0.88781    -6.46126     0.40461   (sampled)
    53.97753     0.87537    -6.34250     0.44615 (mid-point)
    54.07753     0.86969    -6.22373     0.48823   (sampled)
    54.17753     0.86179    -6.10431     0.53109 (mid-point)
    54.27753     0.85854    -5.98489     0.57428   (sampled)
    54.37753     0.85425    -5.88270     0.61790 (mid-point)
    54.47753     0.85237    -5.78052     0.66171   (sampled)
    54.57753     0.85213    -5.67855     0.70554 (mid-point)
    54.67753     0.85664    -5.57657     0.74892   (sampled)
    54.77753     0.86498    -5.47365     0.79146 (mid-point)
    54.87753     0.87690    -5.37073     0.83286   (sampled)
    54.97753     0.89494    -5.26726     0.87260 (mid-point)
    55.07753     0.91601    -5.16379     0.91054   (sampled)
    55.17753     0.94266    -5.05953     0.94636 (mid-point)
    55.27753     0.97319    -4.95527     0.97997   (sampled)
    55.37753     0.98068    -4.85231     1.01307 (mid-point)
    55.47753     0.99201    -4.74935     1.04541   (sampled)
    55.57753     1.00427    -4.64487     1.07697 (mid-point)
    55.67753     1.01984    -4.54039     1.10758   (sampled)
    55.77753     1.03998    -4.43596     1.13701 (mid-point)
    55.87753     1.06318    -4.33152     1.16517   (sampled)
    55.97753     1.08433    -4.22809     1.19224 (mid-point)
    56.07753     1.10937    -4.12466     1.21810   (sampled)
    56.17753     1.13831    -4.02061     1.24267 (mid-point)
    56.27753     1.17056    -3.91655     1.26590   (sampled)
    56.37753     1.20817    -3.81247     1.28771 (mid-point)
    56.47753     1.24886    -3.70840     1.30812   (sampled)
    56.57753     1.29261    -3.60455     1.32717 (mid-point)
    56.67753     1.33923    -3.50071     1.34492   (sampled)
    56.77753     1.38151    -3.39642     1.36159 (mid-point)
    56.87753     1.42646    -3.29212     1.37724   (sampled)
    56.97753     1.46964    -3.18462     1.39197 (mid-point)
    57.07753     1.51614    -3.07711     1.40582   (sampled)
    57.17753     1.56471    -2.97014     1.41882 (mid-point)
    57.27753     1.61656    -2.86318     1.43100   (sampled)
    57.37753     1.67291    -2.75547     1.44238 (mid-point)
    57.47753     1.72894    -2.64777     1.45303   (sampled)
    57.57753     1.79014    -2.54180     1.46296 (mid-point)
    57.67753     1.85336    -2.43583     1.47223   (sampled)
    57.77753     1.91849    -2.32887     1.48087 (mid-point)
    57.87753     1.98498    -2.22191     1.48895   (sampled)
    57.97753     2.05355    -2.11619     1.49650 (mid-point)
    58.07753     2.12416    -2.01048     1.50356   (sampled)
    58.17753     2.19656    -1.90446     1.51015 (mid-point)
    58.27753     2.27004    -1.79844     1.51633   (sampled)
    58.37753     2.30768    -1.49554     1.52231 (mid-point)
    58.47753     2.36648    -1.19265     1.52799   (sampled)
    58.57753     2.39719    -0.95471     1.53353 (mid-point)
    58.67753     2.44309    -0.71676     1.53886   (sampled)
    58.77753     2.46828    -0.49348     1.54409 (mid-point)
    58.87753     2.50708    -0.27020     1.54915   (sampled)
    58.97753     2.47771    -0.13510     1.55434 (mid-point)
    59.07753     2.45168    -0.00000     1.55963   (sampled)
    59.17753     2.41445     0.12127     1.56509 (mid-point)
    59.27753     2.38060     0.24253     1.57071   (sampled)
    59.37753     2.35125     0.36346     1.57647 (mid-point)
    59.47753     2.32413     0.48439     1.58236   (sampled)
    59.57753     2.30252     0.60587     1.58836 (mid-point)
    59.67753     2.28437     0.72735     1.59446   (sampled)
    59.77753     2.26942     0.84834     1.60064 (mid-point)
    59.87753     2.25845     0.96933     1.60688   (sampled)
    59.97753     2.25118     1.09024     1.61317 (mid-point)
    60.07753     2.24755     1.21114     1.61947   (sampled)
    60.17753     2.22756     1.32660     1.62588 (mid-point)
    60.27753     2.20500     1.44206     1.63243   (sampled)
    60.37753     2.16191     1.55819     1.63924 (mid-point)
    60.47753     2.12221     1.67431     1.64631   (sampled)
    60.57753     2.08624     1.79054     1.65362 (mid-point)
    60.67753     2.05393     1.90677     1.66117   (sampled)
    60.77753     2.01696     2.03151     1.66899 (mid-point)
    60.87753     1.98436     2.15624     1.67707   (sampled)
    60.97753     1.95658     2.28162     1.68539 (mid-point)
    61.07753     1.93340     2.40699     1.69390   (sampled)
    61.17753     1.91589     2.53404     1.70258 (mid-point)
    61.27753     1.90334     2.66109     1.71136   (sampled)
    61.37753     1.89608     2.79124     1.72022 (mid-point)
    61.47753     1.89466     2.92138     1.72908   (sampled)
    61.57753     1.85418     3.02813     1.73834 (mid-point)
    61.67753     1.81702     3.13487     1.74798   (sampled)
    61.77753     1.75296     3.23936     1.75834 (mid-point)
    61.87753     1.69134     3.34384     1.76947   (sampled)
    61.97753     1.62842     3.45018     1.78147 (mid-point)
    62.07753     1.56647     3.55652     1.79445   (sampled)
    62.17753     1.50503     3.66631     1.80850 (mid-point)
    62.27753     1.44565     3.77610     1.82373   (sampled)
    62.37753     1.38982     3.88655     1.84021 (mid-point)
    62.47753     1.33708     3.99699     1.85801   (sampled)
    62.57753     1.28809     4.10849     1.87720 (mid-point)
    62.67753     1.24303     4.21998     1.89780   (sampled)
    62.77753     1.20302     4.33128     1.91979 (mid-point)
    62.87753     1.16742     4.44259     1.94315   (sampled)
    62.97753     1.13198     4.55356     1.96799 (mid-point)
    63.07753     1.10046     4.66454     1.99427   (sampled)
    63.17753     1.06680     4.77265     2.02224 (mid-point)
    63.27753     1.03629     4.88077     2.05188   (sampled)
    63.37753     1.01034     4.99070     2.08307 (mid-point)
    63.47753     0.98893     5.10063     2.11561   (sampled)
    63.57753     0.97234     5.20968     2.14928 (mid-point)
    63.67753     0.95881     5.31873     2.18391   (sampled)
    63.77753     0.94985     5.42732     2.21919 (mid-point)
    63.87753     0.94344     5.53591     2.25495   (sampled)
    63.97753     0.93592     5.64131     2.29129 (mid-point)
    64.07753     0.93237     5.74672     2.32791   (sampled)
    64.17753     0.93314     5.85104     2.36446 (mid-point)
    64.27753     0.93768     5.95536     2.40066   (sampled)
    64.37753     0.93412     6.05892     2.43714 (mid-point)
    64.47753     0.93457     6.16249     2.47359   (sampled)
    64.57753     0.90992     6.34129     2.51203 (mid-point)
    64.67753     0.89714     6.52008     2.55158   (sampled)
    64.77753     0.89306     6.69406     2.59149 (mid-point)
    64.87753     0.89919     6.86803     2.63086   (sampled)
    64.97753     0.92733     8.09986     2.66788 (mid-point)
    65.07753     1.43410     9.33168     2.68335   (sampled)
    65.17753     1.49627     9.47494     2.69757 (mid-point)
    65.27753     1.56463     9.61821     2.71057   (sampled)
    65.37753     2.68912    13.27380     2.71497 (mid-point)
    65.47753     5.50373    16.92940     2.71603   (sampled)
    65.57753    10.08809    22.09298     2.71634 (mid-point)
    65.67753    15.01071    27.25656     2.71648   (sampled)

 Minimum radius found:      0.852 angstroms.



 For spherical probe approach, The geometric factor
         F= sum(ds/area) along channel is    2.716 angstroms**-1
 This yields a macroscopic predicted molar conductance of:
   (1/rho)*(100/F)= (37/rho) pS,
   where rho is the conductivity of 1M permeant ion in ohm m.
 N.B. this is a macroscopic conductance - an overestimate 
 Empirically corrected conductances currently only available
 With the CAPSULE option (although its not that stable!)
 For 1M KCl rho= 1/12 (ohm m), So Gmacro= 440 pS/M.
  (TAG      1   Rmin=     0.85213   Gmacro=   441.74817 Conn_Gmacro=    -1.00000 ).
 HOLE: normal completion
