 *** Program HOLE ***
 
 If results of this run are reported or published, please
 cite the publication listed below.
 For the HOLE program:
   Smart, O.S., Goodfellow, J.M., Wallace, B.A. (1993). 
   The pore dimensions of gramicidin A. 
   Biophys. J., 65, 2455-2460.
 
 Originally written by Oliver Smart at Birkbeck College from April 1992.
 Copyright 1993-2005 Oliver Smart
 Copyright 2014-2015 SmartSci Limited.
 Copyright 2016 Oliver Smart.
 
 For help on HOLE suite see  http://www.holeprogram.org/
 
 HOLE release 2.2.005 (07 August 2016) 
 
 usage subject to Apache License, Version 2.0 
 see http://www.apache.org/licenses/LICENSE-2.0 

 Control variables read:

! Input file for Oliver Smart's HOLE program
! written by MDAnalysis.analysis.hole2.HoleAnalysis
! for a Universe
! u = mda.Universe(/afs/crc.nd.edu/user/m/mfarshad/Private/ML-new/traj/host-97/h
!    /afs/crc.nd.edu/user/m/mfarshad/Private/ML-new/traj/host-97/host_97.trr
!   )
! Frame 53

COORD  /tmp/2550245.1.long/tmpikt_ahtl.pdb
RADIUS simple2.rad
SPHPDB hole053.sph
SAMPLE 0.200000
ENDRAD 22.000000
IGNORE SOL WAT TIP HOH K   NA  CL
SHORTO 0
RASEED 31415
CPOINT 60.0834619431 59.9636717297 60.2193830218


 WARNING have not found a CVECT record - will try to guess
 Input pdb filename read as:    '/tmp/2550245.1.long/tmpikt_ahtl.pdb'
 Input vdW radius file read as: 'simple2.rad'
 point in channel:   60.083  59.964  60.219
 channel vector:   ************************
 sampling distance between planes:    0.200

 graphics conditions:
 binary plot output file name: NONE
 Dot density:    10
 Draw dots?           T
 Draw close contacts? F
 Draw centre line?    T
 Produce spikes rather than dots? F
 Seed for random number generator:     31415 (0 means value set by program)
 Radius above which a result is regarded as an 'end':  22.000
 Pdb format file for sphere centres: hole053.sph

 Monte Carlo conditions:
  no of steps:  1000
  maximum displacement   0.100 angs
  'kT' initial   0.100 angs
 The spherebox and capsule options are turned off.
 (No molqpt card so will not write qpt file of the molecule)
 IGNORE card read so will ignore residue types: SOL WAT TIP HOH K   NA  CL
 no SHORTO card read so will produce full textual output
 As no PEGRAT card was found will not produce PEG polymer exclusion graph
 (No 2DMAPS card specified so will not produce 2D property maps)
 Have not found a CUT card.  Normal calculation using
   Cutoff lists with a cutsize=       1.000
   (if you wish to turn off option use a CUT -1 card)

 Have read     7 bond radius records and
              16 vdW radius records.
 From file: simple2.rad

 Have read   210 atom records.
 From file: /tmp/2550245.1.long/tmpikt_ahtl.pdb
 Will not produce graphical output

 Have opened file for pdb format output of sphere centres:  hole053.sph

  Seed integer used by ran # generator on this run      31415

 
 S/R cguess will try to guess CPOINT and/or CVECT
 
 THESE GUESSES MAY WELL BE WRONG!!!!
 Routine relies on having a reasonably symmetric
 channel oriented along x, y or z vector
 YOU ARE STRONGLY ADVISED TO CHECK THE RESULTS
                       WITH MOLECULAR GRAPHICS
 testing points from cpoint in X, Y then Z direction
   point                   pore radius
direction     1
  55.083  59.964  60.219    -0.758
  56.083  59.964  60.219    -0.402
  57.083  59.964  60.219     0.549
  58.083  59.964  60.219     1.084
  59.083  59.964  60.219     1.200
  60.083  59.964  60.219     1.185
  61.083  59.964  60.219     0.464
  62.083  59.964  60.219    -0.208
  63.083  59.964  60.219    -1.113
  64.083  59.964  60.219    -1.318
  65.083  59.964  60.219    -1.406
 Average pore radius along the line=     -0.066
direction     2
  60.083  54.964  60.219    -0.048
  60.083  55.964  60.219     0.222
  60.083  56.964  60.219     0.086
  60.083  57.964  60.219     0.552
  60.083  58.964  60.219     0.832
  60.083  59.964  60.219     1.185
  60.083  60.964  60.219     1.721
  60.083  61.964  60.219     1.418
  60.083  62.964  60.219     0.624
  60.083  63.964  60.219    -0.325
  60.083  64.964  60.219    -1.101
 Average pore radius along the line=      0.470
direction     3
  60.083  59.964  55.219     2.084
  60.083  59.964  56.219     2.027
  60.083  59.964  57.219     2.105
  60.083  59.964  58.219     2.253
  60.083  59.964  59.219     1.642
  60.083  59.964  60.219     1.185
  60.083  59.964  61.219     0.746
  60.083  59.964  62.219     0.061
  60.083  59.964  63.219    -0.418
  60.083  59.964  64.219     0.013
  60.083  59.964  65.219     0.040
 Average pore radius along the line=      1.067
 Best direction is found to be     3
(1=X,2=Y,3=Z)
 s/r cguess has produced initial values for cpoint &/or cvect:
CPOINT      60.0835     59.9637     60.2194
CVECT        0.0000      0.0000      1.0000
 THESE GUESSES MAY WELL BE WRONG!!!!
 Routine relies on having a reasonably symmetric
 channel oriented along x, y or z vector
 YOU ARE STRONGLY ADVISED TO CHECK THE RESULTS
                       WITH MOLECULAR GRAPHICS
 
 
  Some routines (e.g. conn) need vectors normal to cvect: 
     EAST Zero degrees angle is along vector    1.000   0.000   0.000
     NORTH  90 degrees angle is along vector    0.000  -1.000   0.000
 highest radius point found:
  at point   60.127  61.324  60.219
  closest atom surface    1.851   H96 97  X    1
  2nd closest surface     1.851   C18 97  X    1
  found on step  961
  this is also current point
  no. of rejections          375
 stored as     0

 highest radius point found:
  at point   60.335  61.717  60.419
  closest atom surface    1.804   C17 97  X    1
  2nd closest surface     1.805   N8  97  X    1
  found on step  266
 current point:
  at point   60.339  61.725  60.419
  closest atom surface    1.803   C17 97  X    1
  2nd closest surface     1.803   H96 97  X    1
  found on step  992
  no. of rejections          349
 stored as     1

 highest radius point found:
  at point   60.386  61.587  60.619
  closest atom surface    1.666   N8  97  X    1
  2nd closest surface     1.668   H75 97  X    1
  found on step  900
  this is also current point
  no. of rejections          314
 stored as     2

 highest radius point found:
  at point   60.416  61.443  60.819
  closest atom surface    1.527   N8  97  X    1
  2nd closest surface     1.528   C18 97  X    1
  found on step  987
  this is also current point
  no. of rejections          315
 stored as     3

 highest radius point found:
  at point   60.450  61.317  61.019
  closest atom surface    1.403   H75 97  X    1
  2nd closest surface     1.403   N8  97  X    1
  found on step  970
  this is also current point
  no. of rejections          326
 stored as     4

 highest radius point found:
  at point   60.512  61.210  61.219
  closest atom surface    1.273   C46 97  X    1
  2nd closest surface     1.274   H75 97  X    1
  found on step  990
  this is also current point
  no. of rejections          322
 stored as     5

 highest radius point found:
  at point   60.586  61.105  61.419
  closest atom surface    1.156   C46 97  X    1
  2nd closest surface     1.157   C18 97  X    1
  found on step  892
  this is also current point
  no. of rejections          346
 stored as     6

 highest radius point found:
  at point   60.635  61.034  61.619
  closest atom surface    1.047   C19 97  X    1
  2nd closest surface     1.048   H75 97  X    1
  found on step  970
  this is also current point
  no. of rejections          341
 stored as     7

 highest radius point found:
  at point   60.663  60.984  61.819
  closest atom surface    0.943   C46 97  X    1
  2nd closest surface     0.944   H75 97  X    1
  found on step  495
 current point:
  at point   60.662  60.986  61.819
  closest atom surface    0.943   C46 97  X    1
  2nd closest surface     0.943   H75 97  X    1
  found on step  989
  no. of rejections          358
 stored as     8

 highest radius point found:
  at point   60.695  60.932  62.019
  closest atom surface    0.853   C46 97  X    1
  2nd closest surface     0.854   C19 97  X    1
  found on step  817
 current point:
  at point   60.692  60.935  62.019
  closest atom surface    0.851   C46 97  X    1
  2nd closest surface     0.857   H75 97  X    1
  found on step  994
  no. of rejections          370
 stored as     9

 highest radius point found:
  at point   60.726  60.895  62.219
  closest atom surface    0.779   C46 97  X    1
  2nd closest surface     0.780   C19 97  X    1
  found on step  803
 current point:
  at point   60.727  60.884  62.219
  closest atom surface    0.775   C19 97  X    1
  2nd closest surface     0.777   C46 97  X    1
  found on step  995
  no. of rejections          401
 stored as    10

 highest radius point found:
  at point   60.756  60.860  62.419
  closest atom surface    0.720   C19 97  X    1
  2nd closest surface     0.721   C49 97  X    1
  found on step  932
  this is also current point
  no. of rejections          404
 stored as    11

 highest radius point found:
  at point   60.783  60.772  62.619
  closest atom surface    0.659   C46 97  X    1
  2nd closest surface     0.663   C49 97  X    1
  found on step  857
 current point:
  at point   60.794  60.775  62.619
  closest atom surface    0.658   C19 97  X    1
  2nd closest surface     0.658   C49 97  X    1
  found on step  979
  no. of rejections          407
 stored as    12

 highest radius point found:
  at point   60.821  60.673  62.819
  closest atom surface    0.621   C46 97  X    1
  2nd closest surface     0.622   C19 97  X    1
  found on step  999
  this is also current point
  no. of rejections          399
 stored as    13

 highest radius point found:
  at point   60.838  60.621  63.019
  closest atom surface    0.578   C49 97  X    1
  2nd closest surface     0.579   C20 97  X    1
  found on step  925
  this is also current point
  no. of rejections          388
 stored as    14

 highest radius point found:
  at point   60.823  60.568  63.219
  closest atom surface    0.513   C48 97  X    1
  2nd closest surface     0.514   H69 97  X    1
  found on step  605
 current point:
  at point   60.826  60.570  63.219
  closest atom surface    0.512   C48 97  X    1
  2nd closest surface     0.515   C20 97  X    1
  found on step  931
  no. of rejections          406
 stored as    15

 highest radius point found:
  at point   60.810  60.446  63.419
  closest atom surface    0.440   C48 97  X    1
  2nd closest surface     0.440   H69 97  X    1
  found on step  990
  this is also current point
  no. of rejections          374
 stored as    16

 highest radius point found:
  at point   60.790  60.319  63.619
  closest atom surface    0.392   C48 97  X    1
  2nd closest surface     0.392   H69 97  X    1
  found on step  894
  this is also current point
  no. of rejections          383
 stored as    17

 highest radius point found:
  at point   60.759  60.180  63.819
  closest atom surface    0.373   H69 97  X    1
  2nd closest surface     0.375   C20 97  X    1
  found on step  312
 current point:
  at point   60.758  60.185  63.819
  closest atom surface    0.372   C48 97  X    1
  2nd closest surface     0.374   H69 97  X    1
  found on step  943
  no. of rejections          408
 stored as    18

 highest radius point found:
  at point   60.718  59.984  64.019
  closest atom surface    0.377   H69 97  X    1
  2nd closest surface     0.382   H73 97  X    1
  found on step  913
  this is also current point
  no. of rejections          388
 stored as    19

 highest radius point found:
  at point   60.617  59.782  64.219
  closest atom surface    0.388   H73 97  X    1
  2nd closest surface     0.389   C21 97  X    1
  found on step  506
 current point:
  at point   60.619  59.782  64.219
  closest atom surface    0.388   C21 97  X    1
  2nd closest surface     0.388   H73 97  X    1
  found on step  988
  no. of rejections          372
 stored as    20

 highest radius point found:
  at point   60.479  59.595  64.419
  closest atom surface    0.442   C21 97  X    1
  2nd closest surface     0.442   H73 97  X    1
  found on step  982
  this is also current point
  no. of rejections          351
 stored as    21

 highest radius point found:
  at point   58.859  55.370  64.619
  closest atom surface    1.650   N3  97  X    1
  2nd closest surface     1.653   C42 97  X    1
  found on step  991
  this is also current point
  no. of rejections          342
 stored as    22

 highest radius point found:
  at point   57.648  48.775  64.819
  closest atom surface    5.347   H3  97  X    1
  2nd closest surface     5.455   C25 97  X    1
  found on step  999
  this is also current point
  no. of rejections          269
 stored as    23

 highest radius point found:
  at point   57.376  39.882  65.019
  closest atom surface   12.661   H57 97  X    1
  2nd closest surface    12.684   H42 97  X    1
  found on step  999
  this is also current point
  no. of rejections          300
 stored as    24

 highest radius point found:
  at point   56.772  30.227  65.219
  closest atom surface   21.654   H57 97  X    1
  2nd closest surface    21.721   H42 97  X    1
  found on step  998
  this is also current point
  no. of rejections          283
 stored as    25

 highest radius point found:
  at point   54.696  19.209  65.419
  closest atom surface   32.285   H57 97  X    1
  2nd closest surface    32.440   C36 97  X    1
  found on step  999
  this is also current point
  no. of rejections          280
 This is an end! (radius above  22.0 angs)
 highest radius point found:
  at point   60.027  61.108  60.019
  closest atom surface    1.907   H96 97  X    1
  2nd closest surface     1.907   C18 97  X    1
  found on step  992
  this is also current point
  no. of rejections          355
 stored as    -1

 highest radius point found:
  at point   59.924  60.902  59.819
  closest atom surface    1.985   H96 97  X    1
  2nd closest surface     1.985   N16 97  X    1
  found on step  714
 current point:
  at point   59.931  60.908  59.819
  closest atom surface    1.984   H96 97  X    1
  2nd closest surface     1.984   N16 97  X    1
  found on step  991
  no. of rejections          359
 stored as    -2

 highest radius point found:
  at point   59.884  60.811  59.619
  closest atom surface    2.031   H96 97  X    1
  2nd closest surface     2.032   N16 97  X    1
  found on step  877
 current point:
  at point   59.884  60.811  59.619
  closest atom surface    2.031   H96 97  X    1
  2nd closest surface     2.032   N16 97  X    1
  found on step  957
  no. of rejections          400
 stored as    -3

 highest radius point found:
  at point   59.917  60.720  59.419
  closest atom surface    2.041   H87 97  X    1
  2nd closest surface     2.042   N16 97  X    1
  found on step  669
 current point:
  at point   59.929  60.792  59.419
  closest atom surface    2.039   C17 97  X    1
  2nd closest surface     2.039   H87 97  X    1
  found on step  998
  no. of rejections          387
 stored as    -4

 highest radius point found:
  at point   59.942  60.628  59.219
  closest atom surface    2.057   C17 97  X    1
  2nd closest surface     2.057   H87 97  X    1
  found on step  987
  this is also current point
  no. of rejections          352
 stored as    -5

 highest radius point found:
  at point   59.956  60.495  59.019
  closest atom surface    2.090   C17 97  X    1
  2nd closest surface     2.090   H87 97  X    1
  found on step  696
 current point:
  at point   59.957  60.489  59.019
  closest atom surface    2.089   C17 97  X    1
  2nd closest surface     2.092   N16 97  X    1
  found on step  898
  no. of rejections          379
 stored as    -6

 highest radius point found:
  at point   59.295  59.082  58.819
  closest atom surface    2.218   N16 97  X    1
  2nd closest surface     2.222   H87 97  X    1
  found on step  986
  this is also current point
  no. of rejections          392
 stored as    -7

 highest radius point found:
  at point   59.430  59.197  58.619
  closest atom surface    2.255   N16 97  X    1
  2nd closest surface     2.255   H87 97  X    1
  found on step  835
 current point:
  at point   59.429  59.195  58.619
  closest atom surface    2.255   N16 97  X    1
  2nd closest surface     2.256   C31 97  X    1
  found on step  933
  no. of rejections          385
 stored as    -8

 highest radius point found:
  at point   59.564  59.311  58.419
  closest atom surface    2.310   N16 97  X    1
  2nd closest surface     2.310   C31 97  X    1
  found on step  999
  this is also current point
  no. of rejections          353
 stored as    -9

 highest radius point found:
  at point   59.719  59.474  58.219
  closest atom surface    2.375   H87 97  X    1
  2nd closest surface     2.379   N16 97  X    1
  found on step  142
 current point:
  at point   59.840  59.700  58.219
  closest atom surface    2.358   H87 97  X    1
  2nd closest surface     2.361   N16 97  X    1
  found on step  996
  no. of rejections          344
 stored as   -10

 highest radius point found:
  at point   59.838  59.563  58.019
  closest atom surface    2.471   N16 97  X    1
  2nd closest surface     2.471   H87 97  X    1
  found on step  977
  this is also current point
  no. of rejections          368
 stored as   -11

 highest radius point found:
  at point   59.833  59.594  57.819
  closest atom surface    2.508   H87 97  X    1
  2nd closest surface     2.509   C31 97  X    1
  found on step  947
  this is also current point
  no. of rejections          390
 stored as   -12

 highest radius point found:
  at point   59.761  59.613  57.619
  closest atom surface    2.509   H87 97  X    1
  2nd closest surface     2.510   C77 97  X    1
  found on step  960
  this is also current point
  no. of rejections          407
 stored as   -13

 highest radius point found:
  at point   59.696  59.665  57.419
  closest atom surface    2.512   H87 97  X    1
  2nd closest surface     2.513   C77 97  X    1
  found on step  999
  this is also current point
  no. of rejections          386
 stored as   -14

 highest radius point found:
  at point   59.635  59.718  57.219
  closest atom surface    2.528   C77 97  X    1
  2nd closest surface     2.528   H18 97  X    1
  found on step  935
  this is also current point
  no. of rejections          364
 stored as   -15

 highest radius point found:
  at point   59.581  59.769  57.019
  closest atom surface    2.549   H18 97  X    1
  2nd closest surface     2.549   C57 97  X    1
  found on step  739
 current point:
  at point   59.582  59.777  57.019
  closest atom surface    2.546   C57 97  X    1
  2nd closest surface     2.547   H18 97  X    1
  found on step  892
  no. of rejections          420
 stored as   -16

 highest radius point found:
  at point   59.538  59.823  56.819
  closest atom surface    2.568   C57 97  X    1
  2nd closest surface     2.570   H18 97  X    1
  found on step  787
 current point:
  at point   59.540  59.826  56.819
  closest atom surface    2.568   C57 97  X    1
  2nd closest surface     2.568   H18 97  X    1
  found on step  932
  no. of rejections          391
 stored as   -17

 highest radius point found:
  at point   59.494  59.854  56.619
  closest atom surface    2.603   H18 97  X    1
  2nd closest surface     2.606   C57 97  X    1
  found on step  888
  this is also current point
  no. of rejections          418
 stored as   -18

 highest radius point found:
  at point   59.460  59.873  56.419
  closest atom surface    2.623   H88 97  X    1
  2nd closest surface     2.625   N17 97  X    1
  found on step  623
 current point:
  at point   59.457  59.869  56.419
  closest atom surface    2.621   C77 97  X    1
  2nd closest surface     2.621   H88 97  X    1
  found on step  943
  no. of rejections          406
 stored as   -19

 highest radius point found:
  at point   59.438  59.870  56.219
  closest atom surface    2.627   H88 97  X    1
  2nd closest surface     2.628   N17 97  X    1
  found on step  793
 current point:
  at point   59.435  59.879  56.219
  closest atom surface    2.621   H88 97  X    1
  2nd closest surface     2.627   N17 97  X    1
  found on step  992
  no. of rejections          394
 stored as   -20

 highest radius point found:
  at point   59.413  59.866  56.019
  closest atom surface    2.640   H88 97  X    1
  2nd closest surface     2.640   C77 97  X    1
  found on step  979
  this is also current point
  no. of rejections          395
 stored as   -21

 highest radius point found:
  at point   59.388  59.863  55.819
  closest atom surface    2.662   C77 97  X    1
  2nd closest surface     2.663   H88 97  X    1
  found on step  972
  this is also current point
  no. of rejections          393
 stored as   -22

 highest radius point found:
  at point   59.364  59.865  55.619
  closest atom surface    2.697   H88 97  X    1
  2nd closest surface     2.698   N17 97  X    1
  found on step  822
 current point:
  at point   59.364  59.870  55.619
  closest atom surface    2.695   H88 97  X    1
  2nd closest surface     2.696   N17 97  X    1
  found on step  968
  no. of rejections          399
 stored as   -23

 highest radius point found:
  at point   59.337  59.867  55.419
  closest atom surface    2.738   H88 97  X    1
  2nd closest surface     2.739   N17 97  X    1
  found on step  950
  this is also current point
  no. of rejections          384
 stored as   -24

 highest radius point found:
  at point   59.310  59.866  55.219
  closest atom surface    2.791   N17 97  X    1
  2nd closest surface     2.791   H88 97  X    1
  found on step  948
  this is also current point
  no. of rejections          366
 stored as   -25

 highest radius point found:
  at point   59.282  59.866  55.019
  closest atom surface    2.848   C76 97  X    1
  2nd closest surface     2.850   N17 97  X    1
  found on step  927
  this is also current point
  no. of rejections          385
 stored as   -26

 highest radius point found:
  at point   59.249  59.898  54.819
  closest atom surface    2.908   N17 97  X    1
  2nd closest surface     2.910   C76 97  X    1
  found on step  917
  this is also current point
  no. of rejections          401
 stored as   -27

 highest radius point found:
  at point   59.215  59.927  54.619
  closest atom surface    2.977   N17 97  X    1
  2nd closest surface     2.978   C76 97  X    1
  found on step  995
  this is also current point
  no. of rejections          392
 stored as   -28

 highest radius point found:
  at point   59.178  59.956  54.419
  closest atom surface    3.052   H88 97  X    1
  2nd closest surface     3.053   C76 97  X    1
  found on step  732
 current point:
  at point   59.183  59.957  54.419
  closest atom surface    3.051   N17 97  X    1
  2nd closest surface     3.055   C76 97  X    1
  found on step  966
  no. of rejections          382
 stored as   -29

 highest radius point found:
  at point   59.139  59.984  54.219
  closest atom surface    3.134   H88 97  X    1
  2nd closest surface     3.134   C76 97  X    1
  found on step  787
 current point:
  at point   59.141  59.995  54.219
  closest atom surface    3.133   H88 97  X    1
  2nd closest surface     3.137   N17 97  X    1
  found on step  988
  no. of rejections          387
 stored as   -30

 highest radius point found:
  at point   59.107  60.028  54.019
  closest atom surface    3.226   H88 97  X    1
  2nd closest surface     3.226   N17 97  X    1
  found on step  991
  this is also current point
  no. of rejections          381
 stored as   -31

 highest radius point found:
  at point   59.070  60.050  53.819
  closest atom surface    3.327   H88 97  X    1
  2nd closest surface     3.327   C76 97  X    1
  found on step  990
  this is also current point
  no. of rejections          390
 stored as   -32

 highest radius point found:
  at point   59.033  60.082  53.619
  closest atom surface    3.433   C76 97  X    1
  2nd closest surface     3.433   H88 97  X    1
  found on step  920
  this is also current point
  no. of rejections          346
 stored as   -33

 highest radius point found:
  at point   58.995  60.120  53.419
  closest atom surface    3.543   N17 97  X    1
  2nd closest surface     3.544   H88 97  X    1
  found on step  217
 current point:
  at point   58.996  60.119  53.419
  closest atom surface    3.543   N17 97  X    1
  2nd closest surface     3.545   H88 97  X    1
  found on step  879
  no. of rejections          377
 stored as   -34

 highest radius point found:
  at point   58.954  60.151  53.219
  closest atom surface    3.662   H88 97  X    1
  2nd closest surface     3.663   N17 97  X    1
  found on step  180
 current point:
  at point   58.954  60.155  53.219
  closest atom surface    3.660   H88 97  X    1
  2nd closest surface     3.662   N17 97  X    1
  found on step  981
  no. of rejections          352
 stored as   -35

 highest radius point found:
  at point   58.915  60.183  53.019
  closest atom surface    3.785   C76 97  X    1
  2nd closest surface     3.786   H88 97  X    1
  found on step  994
  this is also current point
  no. of rejections          370
 stored as   -36

 highest radius point found:
  at point   58.876  60.223  52.819
  closest atom surface    3.912   N17 97  X    1
  2nd closest surface     3.914   H88 97  X    1
  found on step  965
  this is also current point
  no. of rejections          348
 stored as   -37

 highest radius point found:
  at point   58.816  60.245  52.619
  closest atom surface    4.039   H88 97  X    1
  2nd closest surface     4.040   C76 97  X    1
  found on step  481
 current point:
  at point   58.814  60.256  52.619
  closest atom surface    4.036   H88 97  X    1
  2nd closest surface     4.038   C5  97  X    1
  found on step  939
  no. of rejections          349
 stored as   -38

 highest radius point found:
  at point   58.755  60.271  52.419
  closest atom surface    4.168   H88 97  X    1
  2nd closest surface     4.168   C5  97  X    1
  found on step  865
 current point:
  at point   58.753  60.268  52.419
  closest atom surface    4.167   C76 97  X    1
  2nd closest surface     4.168   H88 97  X    1
  found on step  906
  no. of rejections          344
 stored as   -39

 highest radius point found:
  at point   58.689  60.295  52.219
  closest atom surface    4.300   H88 97  X    1
  2nd closest surface     4.302   C5  97  X    1
  found on step  955
  this is also current point
  no. of rejections          343
 stored as   -40

 highest radius point found:
  at point   58.626  60.318  52.019
  closest atom surface    4.439   H88 97  X    1
  2nd closest surface     4.439   C5  97  X    1
  found on step  999
  this is also current point
  no. of rejections          318
 stored as   -41

 highest radius point found:
  at point   58.559  60.342  51.819
  closest atom surface    4.580   H88 97  X    1
  2nd closest surface     4.581   C76 97  X    1
  found on step  993
  this is also current point
  no. of rejections          337
 stored as   -42

 highest radius point found:
  at point   58.492  60.371  51.619
  closest atom surface    4.726   H88 97  X    1
  2nd closest surface     4.727   C5  97  X    1
  found on step  883
 current point:
  at point   58.492  60.370  51.619
  closest atom surface    4.725   H88 97  X    1
  2nd closest surface     4.727   C5  97  X    1
  found on step  890
  no. of rejections          313
 stored as   -43

 highest radius point found:
  at point   58.425  60.394  51.419
  closest atom surface    4.875   H88 97  X    1
  2nd closest surface     4.878   C5  97  X    1
  found on step  824
 current point:
  at point   58.424  60.401  51.419
  closest atom surface    4.874   H88 97  X    1
  2nd closest surface     4.875   C5  97  X    1
  found on step  967
  no. of rejections          359
 stored as   -44

 highest radius point found:
  at point   58.377  60.410  51.219
  closest atom surface    5.021   H92 97  X    1
  2nd closest surface     5.021   C5  97  X    1
  found on step  968
  this is also current point
  no. of rejections          349
 stored as   -45

 highest radius point found:
  at point   58.360  60.409  51.019
  closest atom surface    5.153   C5  97  X    1
  2nd closest surface     5.154   H92 97  X    1
  found on step    2
 current point:
  at point   58.356  60.408  51.019
  closest atom surface    5.152   H92 97  X    1
  2nd closest surface     5.156   C76 97  X    1
  found on step  951
  no. of rejections          366
 stored as   -46

 highest radius point found:
  at point   58.342  60.406  50.819
  closest atom surface    5.289   C5  97  X    1
  2nd closest surface     5.291   H92 97  X    1
  found on step  845
 current point:
  at point   58.339  60.402  50.819
  closest atom surface    5.289   C76 97  X    1
  2nd closest surface     5.291   H92 97  X    1
  found on step  948
  no. of rejections          345
 stored as   -47

 highest radius point found:
  at point   58.322  60.404  50.619
  closest atom surface    5.430   C5  97  X    1
  2nd closest surface     5.430   H92 97  X    1
  found on step  945
  this is also current point
  no. of rejections          355
 stored as   -48

 highest radius point found:
  at point   58.300  60.401  50.419
  closest atom surface    5.572   C76 97  X    1
  2nd closest surface     5.572   H92 97  X    1
  found on step  976
  this is also current point
  no. of rejections          328
 stored as   -49

 highest radius point found:
  at point   58.280  60.401  50.219
  closest atom surface    5.717   H92 97  X    1
  2nd closest surface     5.718   C76 97  X    1
  found on step 1000
  this is also current point
  no. of rejections          334
 stored as   -50

 highest radius point found:
  at point   58.261  60.404  50.019
  closest atom surface    5.863   H92 97  X    1
  2nd closest surface     5.865   C6  97  X    1
  found on step  939
  this is also current point
  no. of rejections          344
 stored as   -51

 highest radius point found:
  at point   58.215  60.400  49.819
  closest atom surface    6.002   H11297  X    1
  2nd closest surface     6.005   H92 97  X    1
  found on step  699
 current point:
  at point   58.212  60.405  49.819
  closest atom surface    6.002   H92 97  X    1
  2nd closest surface     6.005   H11297  X    1
  found on step  953
  no. of rejections          340
 stored as   -52

 highest radius point found:
  at point   58.176  60.406  49.619
  closest atom surface    6.148   C6  97  X    1
  2nd closest surface     6.148   H92 97  X    1
  found on step  889
  this is also current point
  no. of rejections          315
 stored as   -53

 highest radius point found:
  at point   58.128  60.409  49.419
  closest atom surface    6.292   H92 97  X    1
  2nd closest surface     6.296   C6  97  X    1
  found on step  956
  this is also current point
  no. of rejections          324
 stored as   -54

 highest radius point found:
  at point   58.090  60.406  49.219
  closest atom surface    6.443   H11297  X    1
  2nd closest surface     6.443   C6  97  X    1
  found on step  129
 current point:
  at point   56.876  59.937  49.219
  closest atom surface    6.331   H92 97  X    1
  2nd closest surface     6.332   H11297  X    1
  found on step  922
  no. of rejections          298
 stored as   -55

 highest radius point found:
  at point   58.043  60.408  49.019
  closest atom surface    6.595   H92 97  X    1
  2nd closest surface     6.595   H11297  X    1
  found on step  933
  this is also current point
  no. of rejections          317
 stored as   -56

 highest radius point found:
  at point   57.999  60.410  48.819
  closest atom surface    6.748   H92 97  X    1
  2nd closest surface     6.749   C6  97  X    1
  found on step  928
  this is also current point
  no. of rejections          306
 stored as   -57

 highest radius point found:
  at point   57.940  60.404  48.619
  closest atom surface    6.903   H92 97  X    1
  2nd closest surface     6.903   H11297  X    1
  found on step  996
  this is also current point
  no. of rejections          287
 stored as   -58

 highest radius point found:
  at point   55.319  59.263  48.419
  closest atom surface    7.084   H90 97  X    1
  2nd closest surface     7.088   H11297  X    1
  found on step  990
  this is also current point
  no. of rejections          295
 stored as   -59

 highest radius point found:
  at point   50.961  56.369  48.219
  closest atom surface    8.836   H90 97  X    1
  2nd closest surface     8.864   H11197  X    1
  found on step 1000
  this is also current point
  no. of rejections          221
 stored as   -60

 highest radius point found:
  at point   43.010  55.344  48.019
  closest atom surface   13.836   H56 97  X    1
  2nd closest surface    13.845   H90 97  X    1
  found on step 1000
  this is also current point
  no. of rejections          191
 stored as   -61

 highest radius point found:
  at point   32.274  55.794  47.819
  closest atom surface   22.145   H56 97  X    1
  2nd closest surface    22.193   C37 97  X    1
  found on step  998
  this is also current point
  no. of rejections          231
 This is an end! (radius above  22.0 angs)
 
 N.b. Graph information routine (HOGRAP) differs 
        markedly from previous versions!
       Information now is written from -ve end
       to +ve in one pass
 
 Explanation of the meaning of each column: 
 First column "cenxyz.cvec" is the coordinate in the
   direction of the channel vector i.e. if the channel
   vector is in z (0 0 1) then it is the z coordinate.
 The second column "radius" is the hole pore radius 
   (as defined in the Biophys J 1993) article).
 The third column "cen_line_D" is the distance 
   measured along the pore centre line - with the 
   first point found set to zero. This was the first
   thing that I used to measure the distance along a pore
   but "cenxyz.cvec" is a much better general measure. 
   However, by comparing changes in this distance to changes in '   "cenxyz.cvec" one can get a measure of how straight a 
   channel is.
 The fourth column "sum{s/(area)}" is useful in conductance
   prediction -
   basically it is the sum of the thickness of each slab
   divided by its area. HOLE uses this measure to estimate
   the macroscopic conductance of a channel.
 If any of this worries you one can see the "raw" results
   of a standard hole run by producing a sphpdb file and 
    directly looking at the results.
 cenxyz.cvec      radius  cen_line_D sum{s/(area point sourc
    48.01939    13.83624   -29.99217     0.00017   (sampled)
    48.11939    10.93699   -25.98243     0.00043 (mid-point)
    48.21939     8.83625   -21.97270     0.00084   (sampled)
    48.31939     7.61370   -19.35506     0.00139 (mid-point)
    48.41939     7.08354   -16.73743     0.00202   (sampled)
    48.51939     6.86644   -15.30462     0.00270 (mid-point)
    48.61939     6.90306   -13.87181     0.00337   (sampled)
    48.71939     6.82538   -13.76756     0.00405 (mid-point)
    48.81939     6.74832   -13.66331     0.00475   (sampled)
    48.91939     6.67128   -13.56090     0.00546 (mid-point)
    49.01939     6.59483   -13.45848     0.00620   (sampled)
    49.11939     6.51852   -13.35579     0.00695 (mid-point)
    49.21939     6.44262   -13.25309     0.00771   (sampled)
    49.31939     6.36785   -13.15122     0.00850 (mid-point)
    49.41939     6.29181   -13.04934     0.00930   (sampled)
    49.51939     6.21939   -12.94659     0.01012 (mid-point)
    49.61939     6.14765   -12.84383     0.01097   (sampled)
    49.71939     6.07476   -12.74188     0.01183 (mid-point)
    49.81939     6.00166   -12.63992     0.01271   (sampled)
    49.91939     5.93280   -12.53731     0.01362 (mid-point)
    50.01939     5.86316   -12.43471     0.01454   (sampled)
    50.11939     5.78969   -12.33424     0.01549 (mid-point)
    50.21939     5.71692   -12.23376     0.01647   (sampled)
    50.31939     5.64431   -12.13324     0.01747 (mid-point)
    50.41939     5.57194   -12.03271     0.01849   (sampled)
    50.51939     5.50084   -11.93211     0.01954 (mid-point)
    50.61939     5.42955   -11.83150     0.02062   (sampled)
    50.71939     5.35904   -11.73100     0.02173 (mid-point)
    50.81939     5.28925   -11.63049     0.02287   (sampled)
    50.91939     5.22075   -11.53009     0.02404 (mid-point)
    51.01939     5.15302   -11.42968     0.02524   (sampled)
    51.11939     5.08654   -11.32930     0.02647 (mid-point)
    51.21939     5.02050   -11.22892     0.02773   (sampled)
    51.31939     4.94902   -11.12588     0.02903 (mid-point)
    51.41939     4.87521   -11.02284     0.03037   (sampled)
    51.51939     4.79990   -10.91664     0.03175 (mid-point)
    51.61939     4.72558   -10.81044     0.03317   (sampled)
    51.71939     4.65238   -10.70406     0.03464 (mid-point)
    51.81939     4.58024   -10.59767     0.03616   (sampled)
    51.91939     4.50887   -10.49162     0.03773 (mid-point)
    52.01939     4.43864   -10.38556     0.03934   (sampled)
    52.11939     4.36874   -10.28003     0.04101 (mid-point)
    52.21939     4.30002   -10.17451     0.04273   (sampled)
    52.31939     4.23329   -10.06852     0.04451 (mid-point)
    52.41939     4.16788    -9.96253     0.04634   (sampled)
    52.51939     4.10270    -9.85714     0.04823 (mid-point)
    52.61939     4.03887    -9.75175     0.05018   (sampled)
    52.71939     3.97572    -9.64681     0.05220 (mid-point)
    52.81939     3.91190    -9.54187     0.05428   (sampled)
    52.91939     3.84824    -9.43804     0.05643 (mid-point)
    53.01939     3.78522    -9.33421     0.05865   (sampled)
    53.11939     3.72294    -9.23105     0.06095 (mid-point)
    53.21939     3.66154    -9.12789     0.06332   (sampled)
    53.31939     3.60203    -9.02471     0.06577 (mid-point)
    53.41939     3.54343    -8.92153     0.06831   (sampled)
    53.51939     3.48774    -8.81797     0.07092 (mid-point)
    53.61939     3.43261    -8.71441     0.07363   (sampled)
    53.71939     3.37909    -8.61142     0.07641 (mid-point)
    53.81939     3.32701    -8.50843     0.07929   (sampled)
    53.91939     3.27543    -8.40619     0.08226 (mid-point)
    54.01939     3.22568    -8.30395     0.08532   (sampled)
    54.11939     3.17883    -8.20026     0.08847 (mid-point)
    54.21939     3.13404    -8.09657     0.09171   (sampled)
    54.31939     3.09217    -7.99367     0.09504 (mid-point)
    54.41939     3.05248    -7.89076     0.09845   (sampled)
    54.51939     3.01399    -7.78807     0.10196 (mid-point)
    54.61939     2.97698    -7.68538     0.10555   (sampled)
    54.71939     2.94162    -7.58292     0.10923 (mid-point)
    54.81939     2.90824    -7.48046     0.11299   (sampled)
    54.91939     2.87804    -7.37788     0.11683 (mid-point)
    55.01939     2.84778    -7.27529     0.12076   (sampled)
    55.11939     2.81945    -7.17434     0.12476 (mid-point)
    55.21939     2.79066    -7.07338     0.12885   (sampled)
    55.31939     2.76354    -6.97246     0.13302 (mid-point)
    55.41939     2.73849    -6.87154     0.13726   (sampled)
    55.51939     2.71640    -6.77063     0.14158 (mid-point)
    55.61939     2.69694    -6.66972     0.14595   (sampled)
    55.71939     2.67880    -6.56900     0.15039 (mid-point)
    55.81939     2.66218    -6.46828     0.15488   (sampled)
    55.91939     2.65009    -6.36747     0.15941 (mid-point)
    56.01939     2.64011    -6.26667     0.16398   (sampled)
    56.11939     2.63224    -6.16589     0.16857 (mid-point)
    56.21939     2.62715    -6.06510     0.17318   (sampled)
    56.31939     2.62350    -5.96450     0.17781 (mid-point)
    56.41939     2.62264    -5.86391     0.18244   (sampled)
    56.51939     2.61479    -5.76191     0.18709 (mid-point)
    56.61939     2.60345    -5.65992     0.19179   (sampled)
    56.71939     2.58515    -5.55637     0.19655 (mid-point)
    56.81939     2.56782    -5.45281     0.20138   (sampled)
    56.91939     2.55706    -5.34718     0.20625 (mid-point)
    57.01939     2.54851    -5.24155     0.21115   (sampled)
    57.11939     2.53688    -5.13479     0.21609 (mid-point)
    57.21939     2.52802    -5.02803     0.22107   (sampled)
    57.31939     2.51918    -4.92023     0.22609 (mid-point)
    57.41939     2.51214    -4.81242     0.23113   (sampled)
    57.51939     2.50897    -4.70405     0.23619 (mid-point)
    57.61939     2.50914    -4.59569     0.24125   (sampled)
    57.71939     2.50713    -4.48902     0.24631 (mid-point)
    57.81939     2.50836    -4.38234     0.25137   (sampled)
    57.91939     2.48830    -4.28114     0.25651 (mid-point)
    58.01939     2.47098    -4.17993     0.26172   (sampled)
    58.11939     2.42089    -4.05538     0.26715 (mid-point)
    58.21939     2.37455    -3.93083     0.27280   (sampled)
    58.31939     2.33922    -3.78046     0.27862 (mid-point)
    58.41939     2.30974    -3.63009     0.28458   (sampled)
    58.51939     2.28024    -3.49679     0.29071 (mid-point)
    58.61939     2.25508    -3.36350     0.29697   (sampled)
    58.71939     2.23426    -3.22981     0.30334 (mid-point)
    58.81939     2.21784    -3.09612     0.30981   (sampled)
    58.91939     2.05719    -2.30960     0.31733 (mid-point)
    59.01939     2.09001    -1.52308     0.32462   (sampled)
    59.11939     2.07120    -1.40281     0.33204 (mid-point)
    59.21939     2.05660    -1.28254     0.33957   (sampled)
    59.31939     2.04692    -1.17180     0.34716 (mid-point)
    59.41939     2.04096    -1.06106     0.35481   (sampled)
    59.51939     2.03474    -0.95004     0.36249 (mid-point)
    59.61939     2.03111    -0.83903     0.37021   (sampled)
    59.71939     2.00591    -0.72728     0.37812 (mid-point)
    59.81939     1.98469    -0.61554     0.38620   (sampled)
    59.91939     1.94204    -0.46328     0.39464 (mid-point)
    60.01939     1.90674    -0.31102     0.40340   (sampled)
    60.11939     1.87458    -0.15551     0.41246 (mid-point)
    60.21939     1.85055     0.00000     0.42175   (sampled)
    60.31939     1.81716     0.24389     0.43139 (mid-point)
    60.41939     1.80407     0.48777     0.44117   (sampled)
    60.51939     1.73402     0.60966     0.45176 (mid-point)
    60.61939     1.66637     0.73156     0.46322   (sampled)
    60.71939     1.59525     0.85574     0.47573 (mid-point)
    60.81939     1.52729     0.97992     0.48937   (sampled)
    60.91939     1.46341     1.09928     0.50424 (mid-point)
    61.01939     1.40259     1.21865     0.52042   (sampled)
    61.11939     1.33616     1.33622     0.53825 (mid-point)
    61.21939     1.27295     1.45379     0.55789   (sampled)
    61.31939     1.21277     1.57266     0.57953 (mid-point)
    61.41939     1.15608     1.69153     0.60335   (sampled)
    61.51939     1.10043     1.80048     0.62964 (mid-point)
    61.61939     1.04719     1.90943     0.65866   (sampled)
    61.71939     0.99360     2.01346     0.69090 (mid-point)
    61.81939     0.94311     2.11749     0.72669   (sampled)
    61.91939     0.89625     2.22203     0.76632 (mid-point)
    62.01939     0.85263     2.32656     0.81010   (sampled)
    62.11939     0.81428     2.42941     0.85811 (mid-point)
    62.21939     0.77940     2.53225     0.91051   (sampled)
    62.31939     0.74822     2.63493     0.96737 (mid-point)
    62.41939     0.72039     2.73762     1.02870   (sampled)
    62.51939     0.68799     2.84774     1.09595 (mid-point)
    62.61939     0.65897     2.95786     1.16925   (sampled)
    62.71939     0.63772     3.07093     1.24752 (mid-point)
    62.81939     0.62147     3.18399     1.32994   (sampled)
    62.91939     0.60194     3.28762     1.41779 (mid-point)
    63.01939     0.57823     3.39125     1.51299   (sampled)
    63.11939     0.54458     3.49506     1.62032 (mid-point)
    63.21939     0.51281     3.59887     1.74136   (sampled)
    63.31939     0.47275     3.71596     1.88379 (mid-point)
    63.41939     0.44013     3.83305     2.04811   (sampled)
    63.51939     0.41154     3.95216     2.23605 (mid-point)
    63.61939     0.39248     4.07127     2.44269   (sampled)
    63.71939     0.37712     4.19401     2.66650 (mid-point)
    63.81939     0.37259     4.31675     2.89579   (sampled)
    63.91939     0.36748     4.45807     3.13150 (mid-point)
    64.01939     0.37694     4.59939     3.35553   (sampled)
    64.11939     0.37578     4.75043     3.58095 (mid-point)
    64.21939     0.38797     4.90147     3.79241   (sampled)
    64.31939     0.40708     5.05449     3.98450 (mid-point)
    64.41939     0.44209     5.20752     4.14737   (sampled)
    64.51939     0.75122     7.47239     4.20377 (mid-point)
    64.61939     1.65049     9.73727     4.21546   (sampled)
    64.71939     3.34613    13.09154     4.21830 (mid-point)
    64.81939     5.34717    16.44580     4.21941   (sampled)
    64.91939     8.89046    20.89561     4.21982 (mid-point)
    65.01939    12.66080    25.34541     4.22002   (sampled)
    65.11939    17.06938    30.18320     4.22012 (mid-point)
    65.21939    21.65383    35.02098     4.22019   (sampled)

 Minimum radius found:      0.367 angstroms.



 For spherical probe approach, The geometric factor
         F= sum(ds/area) along channel is    4.220 angstroms**-1
 This yields a macroscopic predicted molar conductance of:
   (1/rho)*(100/F)= (24/rho) pS,
   where rho is the conductivity of 1M permeant ion in ohm m.
 N.B. this is a macroscopic conductance - an overestimate 
 Empirically corrected conductances currently only available
 With the CAPSULE option (although its not that stable!)
 For 1M KCl rho= 1/12 (ohm m), So Gmacro= 280 pS/M.
  (TAG      1   Rmin=     0.36748   Gmacro=   284.34723 Conn_Gmacro=    -1.00000 ).
 HOLE: normal completion
