 *** Program HOLE ***
 
 If results of this run are reported or published, please
 cite the publication listed below.
 For the HOLE program:
   Smart, O.S., Goodfellow, J.M., Wallace, B.A. (1993). 
   The pore dimensions of gramicidin A. 
   Biophys. J., 65, 2455-2460.
 
 Originally written by Oliver Smart at Birkbeck College from April 1992.
 Copyright 1993-2005 Oliver Smart
 Copyright 2014-2015 SmartSci Limited.
 Copyright 2016 Oliver Smart.
 
 For help on HOLE suite see  http://www.holeprogram.org/
 
 HOLE release 2.2.005 (07 August 2016) 
 
 usage subject to Apache License, Version 2.0 
 see http://www.apache.org/licenses/LICENSE-2.0 

 Control variables read:

! Input file for Oliver Smart's HOLE program
! written by MDAnalysis.analysis.hole2.HoleAnalysis
! for a Universe
! u = mda.Universe(/afs/crc.nd.edu/user/m/mfarshad/Private/ML-new/traj/host-97/h
!    /afs/crc.nd.edu/user/m/mfarshad/Private/ML-new/traj/host-97/host_97.trr
!   )
! Frame 9

COORD  /tmp/2550245.1.long/tmpj_doluqx.pdb
RADIUS simple2.rad
SPHPDB hole009.sph
SAMPLE 0.200000
ENDRAD 22.000000
IGNORE SOL WAT TIP HOH K   NA  CL
SHORTO 0
RASEED 31415
CPOINT 59.1373376574 59.4301791237 60.6389697302


 WARNING have not found a CVECT record - will try to guess
 Input pdb filename read as:    '/tmp/2550245.1.long/tmpj_doluqx.pdb'
 Input vdW radius file read as: 'simple2.rad'
 point in channel:   59.137  59.430  60.639
 channel vector:   ************************
 sampling distance between planes:    0.200

 graphics conditions:
 binary plot output file name: NONE
 Dot density:    10
 Draw dots?           T
 Draw close contacts? F
 Draw centre line?    T
 Produce spikes rather than dots? F
 Seed for random number generator:     31415 (0 means value set by program)
 Radius above which a result is regarded as an 'end':  22.000
 Pdb format file for sphere centres: hole009.sph

 Monte Carlo conditions:
  no of steps:  1000
  maximum displacement   0.100 angs
  'kT' initial   0.100 angs
 The spherebox and capsule options are turned off.
 (No molqpt card so will not write qpt file of the molecule)
 IGNORE card read so will ignore residue types: SOL WAT TIP HOH K   NA  CL
 no SHORTO card read so will produce full textual output
 As no PEGRAT card was found will not produce PEG polymer exclusion graph
 (No 2DMAPS card specified so will not produce 2D property maps)
 Have not found a CUT card.  Normal calculation using
   Cutoff lists with a cutsize=       1.000
   (if you wish to turn off option use a CUT -1 card)

 Have read     7 bond radius records and
              16 vdW radius records.
 From file: simple2.rad

 Have read   210 atom records.
 From file: /tmp/2550245.1.long/tmpj_doluqx.pdb
 Will not produce graphical output

 Have opened file for pdb format output of sphere centres:  hole009.sph

  Seed integer used by ran # generator on this run      31415

 
 S/R cguess will try to guess CPOINT and/or CVECT
 
 THESE GUESSES MAY WELL BE WRONG!!!!
 Routine relies on having a reasonably symmetric
 channel oriented along x, y or z vector
 YOU ARE STRONGLY ADVISED TO CHECK THE RESULTS
                       WITH MOLECULAR GRAPHICS
 testing points from cpoint in X, Y then Z direction
   point                   pore radius
direction     1
  54.137  59.430  60.639    -0.765
  55.137  59.430  60.639     0.205
  56.137  59.430  60.639     1.018
  57.137  59.430  60.639     1.829
  58.137  59.430  60.639     2.322
  59.137  59.430  60.639     1.590
  60.137  59.430  60.639     1.024
  61.137  59.430  60.639     0.736
  62.137  59.430  60.639     0.249
  63.137  59.430  60.639     0.173
  64.137  59.430  60.639    -0.247
 Average pore radius along the line=      0.740
direction     2
  59.137  54.430  60.639    -1.173
  59.137  55.430  60.639    -0.930
  59.137  56.430  60.639    -0.052
  59.137  57.430  60.639     0.911
  59.137  58.430  60.639     1.893
  59.137  59.430  60.639     1.590
  59.137  60.430  60.639     1.327
  59.137  61.430  60.639     1.368
  59.137  62.430  60.639     0.888
  59.137  63.430  60.639     0.040
  59.137  64.430  60.639    -0.665
 Average pore radius along the line=      0.472
direction     3
  59.137  59.430  55.639    -0.547
  59.137  59.430  56.639    -0.315
  59.137  59.430  57.639     0.260
  59.137  59.430  58.639     0.814
  59.137  59.430  59.639     1.063
  59.137  59.430  60.639     1.590
  59.137  59.430  61.639     2.031
  59.137  59.430  62.639     1.179
  59.137  59.430  63.639     0.398
  59.137  59.430  64.639    -0.231
  59.137  59.430  65.639    -0.370
 Average pore radius along the line=      0.534
 Best direction is found to be     1
(1=X,2=Y,3=Z)
 s/r cguess has produced initial values for cpoint &/or cvect:
CPOINT      59.1373     59.4302     60.6390
CVECT        1.0000      0.0000      0.0000
 THESE GUESSES MAY WELL BE WRONG!!!!
 Routine relies on having a reasonably symmetric
 channel oriented along x, y or z vector
 YOU ARE STRONGLY ADVISED TO CHECK THE RESULTS
                       WITH MOLECULAR GRAPHICS
 
 
  Some routines (e.g. conn) need vectors normal to cvect: 
     EAST Zero degrees angle is along vector    0.000   1.000   0.000
     NORTH  90 degrees angle is along vector    0.000   0.000  -1.000
 highest radius point found:
  at point   59.137  59.022  61.501
  closest atom surface    2.347   C8  97  X    1
  2nd closest surface     2.348   N5  97  X    1
  found on step  769
 current point:
  at point   59.137  59.026  61.503
  closest atom surface    2.347   C8  97  X    1
  2nd closest surface     2.348   C41 97  X    1
  found on step  907
  no. of rejections          403
 stored as     0

 highest radius point found:
  at point   59.337  58.966  61.559
  closest atom surface    2.308   C42 97  X    1
  2nd closest surface     2.309   C8  97  X    1
  found on step  882
 current point:
  at point   59.337  58.967  61.558
  closest atom surface    2.308   C42 97  X    1
  2nd closest surface     2.308   C8  97  X    1
  found on step  886
  no. of rejections          390
 stored as     1

 highest radius point found:
  at point   59.537  58.888  61.587
  closest atom surface    2.269   C8  97  X    1
  2nd closest surface     2.270   N5  97  X    1
  found on step  964
  this is also current point
  no. of rejections          380
 stored as     2

 highest radius point found:
  at point   59.737  58.848  61.627
  closest atom surface    2.226   C30 97  X    1
  2nd closest surface     2.226   C42 97  X    1
  found on step  486
 current point:
  at point   59.737  58.857  61.625
  closest atom surface    2.225   C42 97  X    1
  2nd closest surface     2.226   C8  97  X    1
  found on step  943
  no. of rejections          393
 stored as     3

 highest radius point found:
  at point   59.937  58.805  61.714
  closest atom surface    2.139   H18 97  X    1
  2nd closest surface     2.146   C30 97  X    1
  found on step  829
 current point:
  at point   59.937  58.869  61.697
  closest atom surface    2.137   C42 97  X    1
  2nd closest surface     2.138   H18 97  X    1
  found on step  983
  no. of rejections          389
 stored as     4

 highest radius point found:
  at point   60.137  58.744  61.832
  closest atom surface    2.055   H18 97  X    1
  2nd closest surface     2.058   C42 97  X    1
  found on step  975
  this is also current point
  no. of rejections          379
 stored as     5

 highest radius point found:
  at point   60.337  58.923  61.862
  closest atom surface    1.958   H18 97  X    1
  2nd closest surface     1.959   N16 97  X    1
  found on step  996
  this is also current point
  no. of rejections          349
 stored as     6

 highest radius point found:
  at point   60.537  59.346  61.760
  closest atom surface    1.859   H18 97  X    1
  2nd closest surface     1.860   C8  97  X    1
  found on step  847
 current point:
  at point   60.537  59.351  61.764
  closest atom surface    1.859   C43 97  X    1
  2nd closest surface     1.862   C8  97  X    1
  found on step  908
  no. of rejections          325
 stored as     7

 highest radius point found:
  at point   60.737  59.445  61.711
  closest atom surface    1.735   N16 97  X    1
  2nd closest surface     1.735   C8  97  X    1
  found on step  796
 current point:
  at point   60.737  59.445  61.710
  closest atom surface    1.734   C8  97  X    1
  2nd closest surface     1.735   H18 97  X    1
  found on step  960
  no. of rejections          348
 stored as     8

 highest radius point found:
  at point   60.937  59.767  61.744
  closest atom surface    1.622   N16 97  X    1
  2nd closest surface     1.623   C8  97  X    1
  found on step  555
 current point:
  at point   60.937  59.599  61.681
  closest atom surface    1.617   N16 97  X    1
  2nd closest surface     1.618   C8  97  X    1
  found on step  922
  no. of rejections          394
 stored as     9

 highest radius point found:
  at point   61.137  59.594  61.610
  closest atom surface    1.501   N16 97  X    1
  2nd closest surface     1.501   H32 97  X    1
  found on step  985
  this is also current point
  no. of rejections          296
 stored as    10

 highest radius point found:
  at point   61.337  59.477  61.589
  closest atom surface    1.338   H32 97  X    1
  2nd closest surface     1.339   N16 97  X    1
  found on step  923
  this is also current point
  no. of rejections          247
 stored as    11

 highest radius point found:
  at point   61.537  59.361  61.568
  closest atom surface    1.187   N16 97  X    1
  2nd closest surface     1.187   H18 97  X    1
  found on step  785
 current point:
  at point   61.537  59.362  61.566
  closest atom surface    1.186   H18 97  X    1
  2nd closest surface     1.187   H32 97  X    1
  found on step  917
  no. of rejections          316
 stored as    12

 highest radius point found:
  at point   61.737  59.262  61.554
  closest atom surface    1.043   N16 97  X    1
  2nd closest surface     1.045   H32 97  X    1
  found on step   83
 current point:
  at point   61.737  58.155  61.687
  closest atom surface    1.016   N16 97  X    1
  2nd closest surface     1.017   H18 97  X    1
  found on step  957
  no. of rejections          375
 stored as    13

 highest radius point found:
  at point   61.937  59.147  61.516
  closest atom surface    0.926   H32 97  X    1
  2nd closest surface     0.926   N16 97  X    1
  found on step  848
 current point:
  at point   61.937  59.141  61.515
  closest atom surface    0.925   H18 97  X    1
  2nd closest surface     0.926   N16 97  X    1
  found on step  992
  no. of rejections          364
 stored as    14

 highest radius point found:
  at point   62.137  58.110  61.596
  closest atom surface    0.842   H18 97  X    1
  2nd closest surface     0.842   N16 97  X    1
  found on step  924
  this is also current point
  no. of rejections          380
 stored as    15

 highest radius point found:
  at point   62.337  58.082  61.546
  closest atom surface    0.780   H47 97  X    1
  2nd closest surface     0.781   H18 97  X    1
  found on step  902
  this is also current point
  no. of rejections          383
 stored as    16

 highest radius point found:
  at point   62.537  58.074  61.493
  closest atom surface    0.733   N16 97  X    1
  2nd closest surface     0.736   H18 97  X    1
  found on step  224
 current point:
  at point   62.537  58.847  61.405
  closest atom surface    0.676   H18 97  X    1
  2nd closest surface     0.677   N16 97  X    1
  found on step 1000
  no. of rejections          369
 stored as    17

 highest radius point found:
  at point   62.737  58.014  61.433
  closest atom surface    0.720   H18 97  X    1
  2nd closest surface     0.721   H47 97  X    1
  found on step  561
 current point:
  at point   62.737  58.023  61.436
  closest atom surface    0.719   N16 97  X    1
  2nd closest surface     0.720   H18 97  X    1
  found on step  937
  no. of rejections          407
 stored as    18

 highest radius point found:
  at point   62.937  57.975  61.374
  closest atom surface    0.726   H18 97  X    1
  2nd closest surface     0.726   N16 97  X    1
  found on step  950
  this is also current point
  no. of rejections          402
 stored as    19

 highest radius point found:
  at point   63.137  57.906  61.386
  closest atom surface    0.694   N16 97  X    1
  2nd closest surface     0.695   H21 97  X    1
  found on step  978
  this is also current point
  no. of rejections          364
 stored as    20

 highest radius point found:
  at point   63.337  57.793  61.503
  closest atom surface    0.604   H21 97  X    1
  2nd closest surface     0.605   N16 97  X    1
  found on step  955
  this is also current point
  no. of rejections          331
 stored as    21

 highest radius point found:
  at point   63.537  57.674  61.616
  closest atom surface    0.550   H21 97  X    1
  2nd closest surface     0.550   N16 97  X    1
  found on step  843
 current point:
  at point   63.537  57.669  61.613
  closest atom surface    0.549   H47 97  X    1
  2nd closest surface     0.549   H21 97  X    1
  found on step  995
  no. of rejections          368
 stored as    22

 highest radius point found:
  at point   63.737  57.563  61.718
  closest atom surface    0.527   N16 97  X    1
  2nd closest surface     0.527   H21 97  X    1
  found on step  957
  this is also current point
  no. of rejections          329
 stored as    23

 highest radius point found:
  at point   63.937  57.492  61.804
  closest atom surface    0.516   C29 97  X    1
  2nd closest surface     0.516   H21 97  X    1
  found on step  997
  this is also current point
  no. of rejections          371
 stored as    24

 highest radius point found:
  at point   64.137  57.429  61.886
  closest atom surface    0.532   N16 97  X    1
  2nd closest surface     0.532   H21 97  X    1
  found on step  829
 current point:
  at point   64.137  57.427  61.891
  closest atom surface    0.530   N16 97  X    1
  2nd closest surface     0.531   C29 97  X    1
  found on step  944
  no. of rejections          395
 stored as    25

 highest radius point found:
  at point   64.337  57.366  61.960
  closest atom surface    0.573   C29 97  X    1
  2nd closest surface     0.573   N16 97  X    1
  found on step  957
  this is also current point
  no. of rejections          374
 stored as    26

 highest radius point found:
  at point   64.537  57.306  62.025
  closest atom surface    0.635   C29 97  X    1
  2nd closest surface     0.636   H21 97  X    1
  found on step  986
  this is also current point
  no. of rejections          381
 stored as    27

 highest radius point found:
  at point   64.737  57.250  62.088
  closest atom surface    0.718   N16 97  X    1
  2nd closest surface     0.719   H21 97  X    1
  found on step  918
  this is also current point
  no. of rejections          362
 stored as    28

 highest radius point found:
  at point   64.937  57.194  62.146
  closest atom surface    0.818   C29 97  X    1
  2nd closest surface     0.818   N16 97  X    1
  found on step  955
  this is also current point
  no. of rejections          398
 stored as    29

 highest radius point found:
  at point   65.137  57.187  62.189
  closest atom surface    0.902   C24 97  X    1
  2nd closest surface     0.903   H21 97  X    1
  found on step  797
 current point:
  at point   65.137  57.186  62.188
  closest atom surface    0.901   C24 97  X    1
  2nd closest surface     0.903   H21 97  X    1
  found on step  961
  no. of rejections          399
 stored as    30

 highest radius point found:
  at point   65.337  57.163  62.197
  closest atom surface    0.971   H45 97  X    1
  2nd closest surface     0.972   C18 97  X    1
  found on step  913
  this is also current point
  no. of rejections          383
 stored as    31

 highest radius point found:
  at point   65.537  57.131  62.240
  closest atom surface    1.043   C18 97  X    1
  2nd closest surface     1.044   H45 97  X    1
  found on step  959
  this is also current point
  no. of rejections          407
 stored as    32

 highest radius point found:
  at point   65.737  57.121  62.255
  closest atom surface    1.116   H2  97  X    1
  2nd closest surface     1.117   C11 97  X    1
  found on step  982
  this is also current point
  no. of rejections          406
 stored as    33

 highest radius point found:
  at point   65.937  57.044  62.228
  closest atom surface    1.175   C16 97  X    1
  2nd closest surface     1.176   H45 97  X    1
  found on step  949
  this is also current point
  no. of rejections          402
 stored as    34

 highest radius point found:
  at point   66.137  56.960  62.226
  closest atom surface    1.235   C16 97  X    1
  2nd closest surface     1.236   H2  97  X    1
  found on step  972
  this is also current point
  no. of rejections          360
 stored as    35

 highest radius point found:
  at point   66.337  56.860  62.210
  closest atom surface    1.315   H2  97  X    1
  2nd closest surface     1.315   C16 97  X    1
  found on step  761
 current point:
  at point   66.337  56.867  62.220
  closest atom surface    1.313   H2  97  X    1
  2nd closest surface     1.315   C16 97  X    1
  found on step  986
  no. of rejections          364
 stored as    36

 highest radius point found:
  at point   66.537  56.754  62.209
  closest atom surface    1.401   H2  97  X    1
  2nd closest surface     1.402   H1  97  X    1
  found on step  983
  this is also current point
  no. of rejections          331
 stored as    37

 highest radius point found:
  at point   66.737  56.633  62.194
  closest atom surface    1.507   H2  97  X    1
  2nd closest surface     1.508   H45 97  X    1
  found on step  862
 current point:
  at point   66.737  56.631  62.193
  closest atom surface    1.506   H45 97  X    1
  2nd closest surface     1.508   H2  97  X    1
  found on step  928
  no. of rejections          362
 stored as    38

 highest radius point found:
  at point   66.937  56.520  62.190
  closest atom surface    1.626   H2  97  X    1
  2nd closest surface     1.628   H1  97  X    1
  found on step  883
 current point:
  at point   66.937  56.519  62.179
  closest atom surface    1.625   H1  97  X    1
  2nd closest surface     1.626   H45 97  X    1
  found on step  951
  no. of rejections          320
 stored as    39

 highest radius point found:
  at point   67.137  56.402  62.177
  closest atom surface    1.762   H45 97  X    1
  2nd closest surface     1.763   H1  97  X    1
  found on step  997
  this is also current point
  no. of rejections          338
 stored as    40

 highest radius point found:
  at point   67.337  56.317  62.211
  closest atom surface    1.895   H1  97  X    1
  2nd closest surface     1.895   H2  97  X    1
  found on step  922
  this is also current point
  no. of rejections          371
 stored as    41

 highest radius point found:
  at point   67.537  56.327  62.379
  closest atom surface    1.997   H1  97  X    1
  2nd closest surface     1.997   H2  97  X    1
  found on step  988
  this is also current point
  no. of rejections          363
 stored as    42

 highest radius point found:
  at point   67.737  56.299  62.402
  closest atom surface    2.092   H41 97  X    1
  2nd closest surface     2.095   H1  97  X    1
  found on step  954
  this is also current point
  no. of rejections          359
 stored as    43

 highest radius point found:
  at point   67.937  56.253  62.452
  closest atom surface    2.182   H41 97  X    1
  2nd closest surface     2.185   C20 97  X    1
  found on step  243
 current point:
  at point   67.937  56.253  62.447
  closest atom surface    2.182   H26 97  X    1
  2nd closest surface     2.182   H41 97  X    1
  found on step  875
  no. of rejections          411
 stored as    44

 highest radius point found:
  at point   68.137  56.191  62.531
  closest atom surface    2.271   H41 97  X    1
  2nd closest surface     2.272   H26 97  X    1
  found on step  979
  this is also current point
  no. of rejections          365
 stored as    45

 highest radius point found:
  at point   68.337  56.128  62.611
  closest atom surface    2.371   C20 97  X    1
  2nd closest surface     2.371   H41 97  X    1
  found on step  951
  this is also current point
  no. of rejections          365
 stored as    46

 highest radius point found:
  at point   68.537  56.061  62.690
  closest atom surface    2.481   H41 97  X    1
  2nd closest surface     2.482   C20 97  X    1
  found on step  964
  this is also current point
  no. of rejections          337
 stored as    47

 highest radius point found:
  at point   68.737  55.997  62.765
  closest atom surface    2.602   C20 97  X    1
  2nd closest surface     2.603   H41 97  X    1
  found on step  989
  this is also current point
  no. of rejections          346
 stored as    48

 highest radius point found:
  at point   68.937  55.924  62.837
  closest atom surface    2.730   H41 97  X    1
  2nd closest surface     2.736   H26 97  X    1
  found on step  719
 current point:
  at point   68.937  55.924  62.828
  closest atom surface    2.729   H41 97  X    1
  2nd closest surface     2.729   H26 97  X    1
  found on step  991
  no. of rejections          347
 stored as    49

 highest radius point found:
  at point   69.137  54.211  67.612
  closest atom surface    4.144   H39 97  X    1
  2nd closest surface     4.239   C21 97  X    1
  found on step  996
  this is also current point
  no. of rejections          240
 stored as    50

 highest radius point found:
  at point   69.337  51.741  75.607
  closest atom surface   10.715   H35 97  X    1
  2nd closest surface    10.857   H39 97  X    1
  found on step  997
  this is also current point
  no. of rejections          245
 stored as    51

 highest radius point found:
  at point   69.537  47.036  86.730
  closest atom surface   22.325   H38 97  X    1
  2nd closest surface    22.386   H35 97  X    1
  found on step 1000
  this is also current point
  no. of rejections          261
 This is an end! (radius above  22.0 angs)
 highest radius point found:
  at point   58.937  59.068  61.428
  closest atom surface    2.389   C41 97  X    1
  2nd closest surface     2.389   C8  97  X    1
  found on step  948
  this is also current point
  no. of rejections          396
 stored as    -1

 highest radius point found:
  at point   58.737  59.160  61.346
  closest atom surface    2.415   N6  97  X    1
  2nd closest surface     2.418   C8  97  X    1
  found on step  868
 current point:
  at point   58.737  59.149  61.335
  closest atom surface    2.415   C8  97  X    1
  2nd closest surface     2.415   N6  97  X    1
  found on step  975
  no. of rejections          397
 stored as    -2

 highest radius point found:
  at point   58.537  59.297  61.266
  closest atom surface    2.444   N6  97  X    1
  2nd closest surface     2.445   C8  97  X    1
  found on step  986
  this is also current point
  no. of rejections          347
 stored as    -3

 highest radius point found:
  at point   58.337  59.426  61.183
  closest atom surface    2.487   N6  97  X    1
  2nd closest surface     2.487   C8  97  X    1
  found on step  951
  this is also current point
  no. of rejections          365
 stored as    -4

 highest radius point found:
  at point   58.137  59.432  61.003
  closest atom surface    2.523   C8  97  X    1
  2nd closest surface     2.523   C58 97  X    1
  found on step  918
  this is also current point
  no. of rejections          348
 stored as    -5

 highest radius point found:
  at point   57.937  59.120  60.587
  closest atom surface    2.561   C32 97  X    1
  2nd closest surface     2.564   H88 97  X    1
  found on step  976
  this is also current point
  no. of rejections          329
 stored as    -6

 highest radius point found:
  at point   57.737  59.037  60.240
  closest atom surface    2.604   H88 97  X    1
  2nd closest surface     2.606   C8  97  X    1
  found on step  589
 current point:
  at point   57.737  59.022  60.219
  closest atom surface    2.603   C32 97  X    1
  2nd closest surface     2.603   C8  97  X    1
  found on step  960
  no. of rejections          324
 stored as    -7

 highest radius point found:
  at point   57.537  58.918  60.095
  closest atom surface    2.555   C32 97  X    1
  2nd closest surface     2.555   C63 97  X    1
  found on step   69
 current point:
  at point   57.537  58.922  60.097
  closest atom surface    2.555   C63 97  X    1
  2nd closest surface     2.557   H88 97  X    1
  found on step  963
  no. of rejections          346
 stored as    -8

 highest radius point found:
  at point   57.337  58.784  60.091
  closest atom surface    2.435   C32 97  X    1
  2nd closest surface     2.436   C63 97  X    1
  found on step  989
  this is also current point
  no. of rejections          319
 stored as    -9

 highest radius point found:
  at point   57.137  58.536  59.982
  closest atom surface    2.284   H5  97  X    1
  2nd closest surface     2.285   C32 97  X    1
  found on step  941
  this is also current point
  no. of rejections          284
 stored as   -10

 highest radius point found:
  at point   56.937  58.327  59.852
  closest atom surface    2.133   H98 97  X    1
  2nd closest surface     2.133   C75 97  X    1
  found on step  820
 current point:
  at point   56.937  58.329  59.860
  closest atom surface    2.132   H5  97  X    1
  2nd closest surface     2.133   C75 97  X    1
  found on step  960
  no. of rejections          256
 stored as   -11

 highest radius point found:
  at point   56.737  58.161  59.758
  closest atom surface    1.993   H5  97  X    1
  2nd closest surface     1.998   C75 97  X    1
  found on step   70
 current point:
  at point   56.737  58.187  59.890
  closest atom surface    1.967   H5  97  X    1
  2nd closest surface     1.976   C75 97  X    1
  found on step  997
  no. of rejections          255
 stored as   -12

 highest radius point found:
  at point   56.537  57.336  57.852
  closest atom surface    1.969   N   97  X    1
  2nd closest surface     1.969   H98 97  X    1
  found on step  951
  this is also current point
  no. of rejections          354
 stored as   -13

 highest radius point found:
  at point   56.337  57.166  57.658
  closest atom surface    1.995   N   97  X    1
  2nd closest surface     1.998   C76 97  X    1
  found on step  981
  this is also current point
  no. of rejections          361
 stored as   -14

 highest radius point found:
  at point   56.137  57.017  57.505
  closest atom surface    2.037   H10297  X    1
  2nd closest surface     2.040   C76 97  X    1
  found on step  959
  this is also current point
  no. of rejections          377
 stored as   -15

 highest radius point found:
  at point   55.937  56.910  57.491
  closest atom surface    2.036   H10297  X    1
  2nd closest surface     2.037   H98 97  X    1
  found on step  835
 current point:
  at point   55.937  56.910  57.498
  closest atom surface    2.035   H98 97  X    1
  2nd closest surface     2.036   C76 97  X    1
  found on step  965
  no. of rejections          398
 stored as   -16

 highest radius point found:
  at point   55.737  56.798  57.476
  closest atom surface    2.052   C76 97  X    1
  2nd closest surface     2.053   H10297  X    1
  found on step  995
  this is also current point
  no. of rejections          369
 stored as   -17

 highest radius point found:
  at point   55.537  56.694  57.458
  closest atom surface    2.080   N13 97  X    1
  2nd closest surface     2.081   H98 97  X    1
  found on step  995
  this is also current point
  no. of rejections          383
 stored as   -18

 highest radius point found:
  at point   55.337  56.553  57.421
  closest atom surface    2.114   H10297  X    1
  2nd closest surface     2.116   N13 97  X    1
  found on step  787
 current point:
  at point   55.337  56.564  57.436
  closest atom surface    2.113   N13 97  X    1
  2nd closest surface     2.115   C76 97  X    1
  found on step  993
  no. of rejections          385
 stored as   -19

 highest radius point found:
  at point   55.137  56.411  57.386
  closest atom surface    2.166   C76 97  X    1
  2nd closest surface     2.167   H10297  X    1
  found on step  946
  this is also current point
  no. of rejections          367
 stored as   -20

 highest radius point found:
  at point   54.937  53.744  56.067
  closest atom surface    2.548   H7  97  X    1
  2nd closest surface     2.550   H11297  X    1
  found on step  994
  this is also current point
  no. of rejections          351
 stored as   -21

 highest radius point found:
  at point   54.737  45.280  54.623
  closest atom surface    8.853   C   97  X    1
  2nd closest surface     8.857   H7  97  X    1
  found on step  997
  this is also current point
  no. of rejections          264
 stored as   -22

 highest radius point found:
  at point   54.537  35.575  53.267
  closest atom surface   18.183   C76 97  X    1
  2nd closest surface    18.240   C   97  X    1
  found on step  998
  this is also current point
  no. of rejections          267
 stored as   -23

 highest radius point found:
  at point   54.337  25.634  51.537
  closest atom surface   28.128   C76 97  X    1
  2nd closest surface    28.136   C   97  X    1
  found on step  998
  this is also current point
  no. of rejections          275
 This is an end! (radius above  22.0 angs)
 
 N.b. Graph information routine (HOGRAP) differs 
        markedly from previous versions!
       Information now is written from -ve end
       to +ve in one pass
 
 Explanation of the meaning of each column: 
 First column "cenxyz.cvec" is the coordinate in the
   direction of the channel vector i.e. if the channel
   vector is in z (0 0 1) then it is the z coordinate.
 The second column "radius" is the hole pore radius 
   (as defined in the Biophys J 1993) article).
 The third column "cen_line_D" is the distance 
   measured along the pore centre line - with the 
   first point found set to zero. This was the first
   thing that I used to measure the distance along a pore
   but "cenxyz.cvec" is a much better general measure. 
   However, by comparing changes in this distance to changes in '   "cenxyz.cvec" one can get a measure of how straight a 
   channel is.
 The fourth column "sum{s/(area)}" is useful in conductance
   prediction -
   basically it is the sum of the thickness of each slab
   divided by its area. HOLE uses this measure to estimate
   the macroscopic conductance of a channel.
 If any of this worries you one can see the "raw" results
   of a standard hole run by producing a sphpdb file and 
    directly looking at the results.
 cenxyz.cvec      radius  cen_line_D sum{s/(area point sourc
    54.53733    18.18320   -28.89673     0.00010   (sampled)
    54.63733    13.46243   -23.99577     0.00027 (mid-point)
    54.73733     8.85285   -19.09480     0.00068   (sampled)
    54.83733     5.03588   -14.80061     0.00193 (mid-point)
    54.93733     2.54790   -10.50642     0.00684   (sampled)
    55.03733     2.15463    -9.01538     0.01369 (mid-point)
    55.13733     2.16583    -7.52435     0.02048   (sampled)
    55.23733     2.13814    -7.40043     0.02744 (mid-point)
    55.33733     2.11410    -7.27651     0.03456   (sampled)
    55.43733     2.09555    -7.15266     0.04181 (mid-point)
    55.53733     2.08027    -7.02881     0.04917   (sampled)
    55.63733     2.06524    -6.91574     0.05663 (mid-point)
    55.73733     2.05177    -6.80268     0.06419   (sampled)
    55.83733     2.04234    -6.68800     0.07182 (mid-point)
    55.93733     2.03626    -6.57332     0.07950   (sampled)
    56.03733     2.03449    -6.45953     0.08719 (mid-point)
    56.13733     2.03700    -6.34574     0.09486   (sampled)
    56.23733     2.01616    -6.19958     0.10269 (mid-point)
    56.33733     1.99545    -6.05342     0.11069   (sampled)
    56.43733     1.97850    -5.89030     0.11882 (mid-point)
    56.53733     1.96864    -5.72717     0.12703   (sampled)
    56.63733     1.79835    -4.68379     0.13687 (mid-point)
    56.73733     1.99278    -3.64041     0.14489   (sampled)
    56.83733     2.06106    -3.50227     0.15238 (mid-point)
    56.93733     2.13263    -3.36413     0.15938   (sampled)
    57.03733     2.20568    -3.20553     0.16592 (mid-point)
    57.13733     2.28350    -3.04693     0.17203   (sampled)
    57.23733     2.35702    -2.87855     0.17776 (mid-point)
    57.33733     2.43466    -2.71018     0.18313   (sampled)
    57.43733     2.49364    -2.58990     0.18825 (mid-point)
    57.53733     2.55512    -2.46963     0.19312   (sampled)
    57.63733     2.57858    -2.33234     0.19791 (mid-point)
    57.73733     2.60424    -2.19506     0.20260   (sampled)
    57.83733     2.57814    -1.99070     0.20739 (mid-point)
    57.93733     2.56145    -1.78635     0.21224   (sampled)
    58.03733     2.53461    -1.50796     0.21720 (mid-point)
    58.13733     2.52265    -1.22958     0.22220   (sampled)
    58.23733     2.50275    -1.09489     0.22728 (mid-point)
    58.33733     2.48677    -0.96021     0.23243   (sampled)
    58.43733     2.46375    -0.83409     0.23767 (mid-point)
    58.53733     2.44440    -0.70797     0.24300   (sampled)
    58.63733     2.42769    -0.58047     0.24840 (mid-point)
    58.73733     2.41483    -0.45296     0.25386   (sampled)
    58.83733     2.40171    -0.33543     0.25938 (mid-point)
    58.93733     2.38884    -0.21790     0.26496   (sampled)
    59.03733     2.36675    -0.10895     0.27064 (mid-point)
    59.13733     2.34715    -0.00000     0.27642   (sampled)
    59.23733     2.32654     0.10770     0.28230 (mid-point)
    59.33733     2.30824     0.21540     0.28827   (sampled)
    59.43733     2.28763     0.32372     0.29435 (mid-point)
    59.53733     2.26939     0.43205     0.30053   (sampled)
    59.63733     2.24921     0.53601     0.30683 (mid-point)
    59.73733     2.22584     0.63997     0.31325   (sampled)
    59.83733     2.18448     0.75103     0.31992 (mid-point)
    59.93733     2.13920     0.86208     0.32688   (sampled)
    60.03733     2.09530     0.98219     0.33413 (mid-point)
    60.13733     2.05549     1.10230     0.34166   (sampled)
    60.23733     2.00415     1.23739     0.34959 (mid-point)
    60.33733     1.95809     1.37248     0.35789   (sampled)
    60.43733     1.89916     1.61169     0.36671 (mid-point)
    60.53733     1.85909     1.85090     0.37592   (sampled)
    60.63733     1.79542     1.96511     0.38580 (mid-point)
    60.73733     1.73458     2.07932     0.39638   (sampled)
    60.83733     1.67363     2.26941     0.40774 (mid-point)
    60.93733     1.62231     2.45950     0.41984   (sampled)
    61.03733     1.55884     2.60741     0.43294 (mid-point)
    61.13733     1.50086     2.75532     0.44707   (sampled)
    61.23733     1.41853     2.87169     0.46288 (mid-point)
    61.33733     1.33847     2.98806     0.48065   (sampled)
    61.43733     1.26148     3.10431     0.50066 (mid-point)
    61.53733     1.18650     3.22056     0.52327   (sampled)
    61.63733     1.11339     3.33221     0.54894 (mid-point)
    61.73733     1.04282     3.44386     0.57821   (sampled)
    61.83733     0.98277     3.56081     0.61117 (mid-point)
    61.93733     0.92573     3.67776     0.64831   (sampled)
    62.03733     0.80958     4.20740     0.69688 (mid-point)
    62.13733     0.84233     4.73704     0.74174   (sampled)
    62.23733     0.80889     4.84111     0.79039 (mid-point)
    62.33733     0.78038     4.94517     0.84266   (sampled)
    62.43733     0.75538     5.04868     0.89845 (mid-point)
    62.53733     0.73288     5.15219     0.95771   (sampled)
    62.63733     0.72462     5.26076     1.01833 (mid-point)
    62.73733     0.71980     5.36933     1.07977   (sampled)
    62.83733     0.71945     5.47544     1.14126 (mid-point)
    62.93733     0.72564     5.58154     1.20171   (sampled)
    63.03733     0.70745     5.68761     1.26531 (mid-point)
    63.13733     0.69397     5.79368     1.33141   (sampled)
    63.23733     0.64504     5.92253     1.40791 (mid-point)
    63.33733     0.60402     6.05138     1.49516   (sampled)
    63.43733     0.57180     6.18067     1.59251 (mid-point)
    63.53733     0.54973     6.30996     1.69784   (sampled)
    63.63733     0.53346     6.43525     1.80970 (mid-point)
    63.73733     0.52684     6.56054     1.92438   (sampled)
    63.83733     0.51742     6.67508     2.04328 (mid-point)
    63.93733     0.51572     6.78963     2.16296   (sampled)
    64.03733     0.52008     6.90220     2.28064 (mid-point)
    64.13733     0.53217     7.01478     2.39303   (sampled)
    64.23733     0.54904     7.12590     2.49863 (mid-point)
    64.33733     0.57282     7.23701     2.59564   (sampled)
    64.43733     0.60106     7.34646     2.68375 (mid-point)
    64.53733     0.63547     7.45592     2.76257   (sampled)
    64.63733     0.67406     7.56434     2.83263 (mid-point)
    64.73733     0.71826     7.67277     2.89433   (sampled)
    64.83733     0.76620     7.78058     2.94855 (mid-point)
    64.93733     0.81750     7.88839     2.99618   (sampled)
    65.03733     0.85925     7.99075     3.03929 (mid-point)
    65.13733     0.90217     8.09311     3.07840   (sampled)
    65.23733     0.93839     8.19393     3.11455 (mid-point)
    65.33733     0.97086     8.29475     3.14832   (sampled)
    65.43733     1.00489     8.39834     3.17984 (mid-point)
    65.53733     1.04337     8.50192     3.20908   (sampled)
    65.63733     1.07919     8.60232     3.23641 (mid-point)
    65.73733     1.11643     8.70272     3.26195   (sampled)
    65.83733     1.14378     8.81064     3.28628 (mid-point)
    65.93733     1.17519     8.91856     3.30933   (sampled)
    66.03733     1.20341     9.02699     3.33131 (mid-point)
    66.13733     1.23518     9.13543     3.35217   (sampled)
    66.23733     1.27325     9.24745     3.37181 (mid-point)
    66.33733     1.31502     9.35948     3.39021   (sampled)
    66.43733     1.35576     9.47277     3.40753 (mid-point)
    66.53733     1.40115     9.58606     3.42374   (sampled)
    66.63733     1.45204     9.70313     3.43884 (mid-point)
    66.73733     1.50736     9.82020     3.45285   (sampled)
    66.83733     1.56500     9.93507     3.46585 (mid-point)
    66.93733     1.62641    10.04994     3.47788   (sampled)
    67.03733     1.69334    10.16623     3.48898 (mid-point)
    67.13733     1.76203    10.28252     3.49923   (sampled)
    67.23733     1.82745    10.39252     3.50877 (mid-point)
    67.33733     1.89467    10.50253     3.51763   (sampled)
    67.43733     1.94336    10.63327     3.52606 (mid-point)
    67.53733     1.99698    10.76402     3.53404   (sampled)
    67.63733     2.04347    10.86561     3.54167 (mid-point)
    67.73733     2.09216    10.96720     3.54894   (sampled)
    67.83733     2.13558    11.07277     3.55592 (mid-point)
    67.93733     2.18191    11.17835     3.56260   (sampled)
    68.03733     2.22474    11.29031     3.56903 (mid-point)
    68.13733     2.27083    11.40228     3.57521   (sampled)
    68.23733     2.31961    11.51458     3.58112 (mid-point)
    68.33733     2.37125    11.62689     3.58678   (sampled)
    68.43733     2.42477    11.73960     3.59220 (mid-point)
    68.53733     2.48094    11.85232     3.59737   (sampled)
    68.63733     2.54087    11.96367     3.60230 (mid-point)
    68.73733     2.60233    12.07501     3.60700   (sampled)
    68.83733     2.66535    12.18738     3.61148 (mid-point)
    68.93733     2.72983    12.29975     3.61575   (sampled)
    69.03733     2.95155    14.83803     3.61941 (mid-point)
    69.13733     4.14377    17.37630     3.62126   (sampled)
    69.23733     7.05845    21.56147     3.62190 (mid-point)
    69.33733    10.71471    25.74664     3.62218   (sampled)

 Minimum radius found:      0.516 angstroms.



 For spherical probe approach, The geometric factor
         F= sum(ds/area) along channel is    3.622 angstroms**-1
 This yields a macroscopic predicted molar conductance of:
   (1/rho)*(100/F)= (28/rho) pS,
   where rho is the conductivity of 1M permeant ion in ohm m.
 N.B. this is a macroscopic conductance - an overestimate 
 Empirically corrected conductances currently only available
 With the CAPSULE option (although its not that stable!)
 For 1M KCl rho= 1/12 (ohm m), So Gmacro= 330 pS/M.
  (TAG      1   Rmin=     0.51572   Gmacro=   331.29257 Conn_Gmacro=    -1.00000 ).
 HOLE: normal completion
