 *** Program HOLE ***
 
 If results of this run are reported or published, please
 cite the publication listed below.
 For the HOLE program:
   Smart, O.S., Goodfellow, J.M., Wallace, B.A. (1993). 
   The pore dimensions of gramicidin A. 
   Biophys. J., 65, 2455-2460.
 
 Originally written by Oliver Smart at Birkbeck College from April 1992.
 Copyright 1993-2005 Oliver Smart
 Copyright 2014-2015 SmartSci Limited.
 Copyright 2016 Oliver Smart.
 
 For help on HOLE suite see  http://www.holeprogram.org/
 
 HOLE release 2.2.005 (07 August 2016) 
 
 usage subject to Apache License, Version 2.0 
 see http://www.apache.org/licenses/LICENSE-2.0 

 Control variables read:

! Input file for Oliver Smart's HOLE program
! written by MDAnalysis.analysis.hole2.HoleAnalysis
! for a Universe
! u = mda.Universe(/afs/crc.nd.edu/user/m/mfarshad/Private/ML-new/traj/host-56/h
!    /afs/crc.nd.edu/user/m/mfarshad/Private/ML-new/traj/host-56/host_56.trr
!   )
! Frame 54

COORD  /tmp/2550202.1.long/tmpg42kflzs.pdb
RADIUS simple2.rad
SPHPDB hole054.sph
SAMPLE 0.200000
ENDRAD 22.000000
IGNORE SOL WAT TIP HOH K   NA  CL
SHORTO 0
RASEED 31415
CPOINT 39.8798447715 39.7776907108 39.6316603908


 WARNING have not found a CVECT record - will try to guess
 Input pdb filename read as:    '/tmp/2550202.1.long/tmpg42kflzs.pdb'
 Input vdW radius file read as: 'simple2.rad'
 point in channel:   39.880  39.778  39.632
 channel vector:   ************************
 sampling distance between planes:    0.200

 graphics conditions:
 binary plot output file name: NONE
 Dot density:    10
 Draw dots?           T
 Draw close contacts? F
 Draw centre line?    T
 Produce spikes rather than dots? F
 Seed for random number generator:     31415 (0 means value set by program)
 Radius above which a result is regarded as an 'end':  22.000
 Pdb format file for sphere centres: hole054.sph

 Monte Carlo conditions:
  no of steps:  1000
  maximum displacement   0.100 angs
  'kT' initial   0.100 angs
 The spherebox and capsule options are turned off.
 (No molqpt card so will not write qpt file of the molecule)
 IGNORE card read so will ignore residue types: SOL WAT TIP HOH K   NA  CL
 no SHORTO card read so will produce full textual output
 As no PEGRAT card was found will not produce PEG polymer exclusion graph
 (No 2DMAPS card specified so will not produce 2D property maps)
 Have not found a CUT card.  Normal calculation using
   Cutoff lists with a cutsize=       1.000
   (if you wish to turn off option use a CUT -1 card)

 Have read     7 bond radius records and
              16 vdW radius records.
 From file: simple2.rad

 Have read   108 atom records.
 From file: /tmp/2550202.1.long/tmpg42kflzs.pdb
 Will not produce graphical output

 Have opened file for pdb format output of sphere centres:  hole054.sph

  Seed integer used by ran # generator on this run      31415

 
 S/R cguess will try to guess CPOINT and/or CVECT
 
 THESE GUESSES MAY WELL BE WRONG!!!!
 Routine relies on having a reasonably symmetric
 channel oriented along x, y or z vector
 YOU ARE STRONGLY ADVISED TO CHECK THE RESULTS
                       WITH MOLECULAR GRAPHICS
 testing points from cpoint in X, Y then Z direction
   point                   pore radius
direction     1
  34.880  39.778  39.632     2.102
  35.880  39.778  39.632     1.821
  36.880  39.778  39.632     1.724
  37.880  39.778  39.632     1.748
  38.880  39.778  39.632     2.037
  39.880  39.778  39.632     2.102
  40.880  39.778  39.632     1.204
  41.880  39.778  39.632     0.394
  42.880  39.778  39.632    -0.196
  43.880  39.778  39.632    -0.445
  44.880  39.778  39.632     0.191
 Average pore radius along the line=      1.153
direction     2
  39.880  34.778  39.632     0.235
  39.880  35.778  39.632     0.147
  39.880  36.778  39.632     0.521
  39.880  37.778  39.632     1.193
  39.880  38.778  39.632     1.811
  39.880  39.778  39.632     2.102
  39.880  40.778  39.632     1.563
  39.880  41.778  39.632     1.159
  39.880  42.778  39.632     0.805
  39.880  43.778  39.632     0.338
  39.880  44.778  39.632     0.275
 Average pore radius along the line=      0.923
direction     3
  39.880  39.778  34.632    -1.014
  39.880  39.778  35.632    -0.532
  39.880  39.778  36.632     0.176
  39.880  39.778  37.632     0.938
  39.880  39.778  38.632     1.617
  39.880  39.778  39.632     2.102
  39.880  39.778  40.632     1.332
  39.880  39.778  41.632     0.462
  39.880  39.778  42.632    -0.237
  39.880  39.778  43.632    -0.627
  39.880  39.778  44.632    -0.972
 Average pore radius along the line=      0.295
 Best direction is found to be     1
(1=X,2=Y,3=Z)
 s/r cguess has produced initial values for cpoint &/or cvect:
CPOINT      39.8798     39.7777     39.6317
CVECT        1.0000      0.0000      0.0000
 THESE GUESSES MAY WELL BE WRONG!!!!
 Routine relies on having a reasonably symmetric
 channel oriented along x, y or z vector
 YOU ARE STRONGLY ADVISED TO CHECK THE RESULTS
                       WITH MOLECULAR GRAPHICS
 
 
  Some routines (e.g. conn) need vectors normal to cvect: 
     EAST Zero degrees angle is along vector    0.000   1.000   0.000
     NORTH  90 degrees angle is along vector    0.000   0.000  -1.000
 highest radius point found:
  at point   39.880  39.217  39.228
  closest atom surface    2.380   C40 56  X    1
  2nd closest surface     2.381   C29 56  X    1
  found on step  944
  this is also current point
  no. of rejections          361
 stored as     0

 highest radius point found:
  at point   40.080  38.797  38.862
  closest atom surface    2.444   C29 56  X    1
  2nd closest surface     2.446   C41 56  X    1
  found on step  863
 current point:
  at point   40.080  38.790  38.852
  closest atom surface    2.442   C29 56  X    1
  2nd closest surface     2.446   C41 56  X    1
  found on step  990
  no. of rejections          362
 stored as     1

 highest radius point found:
  at point   40.280  38.671  38.710
  closest atom surface    2.506   C29 56  X    1
  2nd closest surface     2.506   C41 56  X    1
  found on step  996
  this is also current point
  no. of rejections          379
 stored as     2

 highest radius point found:
  at point   40.480  38.500  38.567
  closest atom surface    2.520   C38 56  X    1
  2nd closest surface     2.521   C36 56  X    1
  found on step  976
  this is also current point
  no. of rejections          372
 stored as     3

 highest radius point found:
  at point   40.680  38.318  38.450
  closest atom surface    2.539   H7  56  X    1
  2nd closest surface     2.539   C38 56  X    1
  found on step  942
  this is also current point
  no. of rejections          386
 stored as     4

 highest radius point found:
  at point   40.880  38.238  38.322
  closest atom surface    2.531   C38 56  X    1
  2nd closest surface     2.534   C36 56  X    1
  found on step  851
 current point:
  at point   40.880  38.229  38.330
  closest atom surface    2.530   C38 56  X    1
  2nd closest surface     2.532   H5  56  X    1
  found on step  992
  no. of rejections          389
 stored as     5

 highest radius point found:
  at point   41.080  38.195  38.197
  closest atom surface    2.514   C38 56  X    1
  2nd closest surface     2.528   H5  56  X    1
  found on step  711
 current point:
  at point   41.080  38.173  38.214
  closest atom surface    2.513   H5  56  X    1
  2nd closest surface     2.515   C38 56  X    1
  found on step  961
  no. of rejections          373
 stored as     6

 highest radius point found:
  at point   41.280  38.150  38.046
  closest atom surface    2.525   C36 56  X    1
  2nd closest surface     2.526   H5  56  X    1
  found on step  964
  this is also current point
  no. of rejections          386
 stored as     7

 highest radius point found:
  at point   41.480  38.095  37.892
  closest atom surface    2.532   H56 56  X    1
  2nd closest surface     2.533   H5  56  X    1
  found on step  896
  this is also current point
  no. of rejections          355
 stored as     8

 highest radius point found:
  at point   41.680  38.034  37.730
  closest atom surface    2.552   H5  56  X    1
  2nd closest surface     2.553   C36 56  X    1
  found on step  792
 current point:
  at point   41.680  38.038  37.733
  closest atom surface    2.551   H56 56  X    1
  2nd closest surface     2.554   C36 56  X    1
  found on step  961
  no. of rejections          357
 stored as     9

 highest radius point found:
  at point   41.880  37.974  37.574
  closest atom surface    2.592   C36 56  X    1
  2nd closest surface     2.592   H56 56  X    1
  found on step  992
  this is also current point
  no. of rejections          361
 stored as    10

 highest radius point found:
  at point   42.080  37.909  37.419
  closest atom surface    2.647   H5  56  X    1
  2nd closest surface     2.648   C36 56  X    1
  found on step  968
  this is also current point
  no. of rejections          375
 stored as    11

 highest radius point found:
  at point   42.280  37.845  37.265
  closest atom surface    2.719   C36 56  X    1
  2nd closest surface     2.720   H5  56  X    1
  found on step  950
  this is also current point
  no. of rejections          369
 stored as    12

 highest radius point found:
  at point   42.480  37.784  37.118
  closest atom surface    2.807   C36 56  X    1
  2nd closest surface     2.807   H56 56  X    1
  found on step   81
 current point:
  at point   42.480  37.780  37.114
  closest atom surface    2.806   C36 56  X    1
  2nd closest surface     2.810   H5  56  X    1
  found on step  972
  no. of rejections          326
 stored as    13

 highest radius point found:
  at point   42.680  37.711  36.971
  closest atom surface    2.910   C36 56  X    1
  2nd closest surface     2.911   H5  56  X    1
  found on step  446
 current point:
  at point   42.680  37.710  36.972
  closest atom surface    2.910   H5  56  X    1
  2nd closest surface     2.912   C36 56  X    1
  found on step  944
  no. of rejections          363
 stored as    14

 highest radius point found:
  at point   42.880  37.644  36.827
  closest atom surface    3.025   C36 56  X    1
  2nd closest surface     3.026   H56 56  X    1
  found on step  940
  this is also current point
  no. of rejections          336
 stored as    15

 highest radius point found:
  at point   43.080  37.571  36.682
  closest atom surface    3.152   H5  56  X    1
  2nd closest surface     3.152   C36 56  X    1
  found on step  776
 current point:
  at point   43.080  37.572  36.681
  closest atom surface    3.151   C36 56  X    1
  2nd closest surface     3.152   H5  56  X    1
  found on step  983
  no. of rejections          338
 stored as    16

 highest radius point found:
  at point   43.280  37.497  36.535
  closest atom surface    3.288   H5  56  X    1
  2nd closest surface     3.289   C36 56  X    1
  found on step  769
 current point:
  at point   43.280  37.494  36.531
  closest atom surface    3.287   H5  56  X    1
  2nd closest surface     3.288   C36 56  X    1
  found on step  995
  no. of rejections          326
 stored as    17

 highest radius point found:
  at point   43.480  37.471  36.405
  closest atom surface    3.412   H   56  X    1
  2nd closest surface     3.413   H56 56  X    1
  found on step  767
 current point:
  at point   43.480  37.482  36.399
  closest atom surface    3.411   H56 56  X    1
  2nd closest surface     3.413   C36 56  X    1
  found on step  991
  no. of rejections          353
 stored as    18

 highest radius point found:
  at point   43.680  37.530  36.243
  closest atom surface    3.511   H   56  X    1
  2nd closest surface     3.514   H56 56  X    1
  found on step  971
  this is also current point
  no. of rejections          322
 stored as    19

 highest radius point found:
  at point   43.880  37.473  36.181
  closest atom surface    3.607   H   56  X    1
  2nd closest surface     3.607   H56 56  X    1
  found on step  956
  this is also current point
  no. of rejections          332
 stored as    20

 highest radius point found:
  at point   44.080  37.623  35.943
  closest atom surface    3.744   H   56  X    1
  2nd closest surface     3.745   H56 56  X    1
  found on step  898
  this is also current point
  no. of rejections          354
 stored as    21

 highest radius point found:
  at point   44.280  37.675  35.789
  closest atom surface    3.877   H   56  X    1
  2nd closest surface     3.878   H56 56  X    1
  found on step  871
  this is also current point
  no. of rejections          304
 stored as    22

 highest radius point found:
  at point   44.480  37.719  35.641
  closest atom surface    4.018   H   56  X    1
  2nd closest surface     4.018   H56 56  X    1
  found on step  985
  this is also current point
  no. of rejections          313
 stored as    23

 highest radius point found:
  at point   44.680  37.761  35.492
  closest atom surface    4.166   H   56  X    1
  2nd closest surface     4.167   C36 56  X    1
  found on step  959
  this is also current point
  no. of rejections          311
 stored as    24

 highest radius point found:
  at point   44.880  37.803  35.348
  closest atom surface    4.322   H   56  X    1
  2nd closest surface     4.323   C36 56  X    1
  found on step  996
  this is also current point
  no. of rejections          306
 stored as    25

 highest radius point found:
  at point   45.080  37.841  35.199
  closest atom surface    4.484   H   56  X    1
  2nd closest surface     4.485   C36 56  X    1
  found on step  860
 current point:
  at point   45.080  37.844  35.188
  closest atom surface    4.483   H   56  X    1
  2nd closest surface     4.483   C36 56  X    1
  found on step  983
  no. of rejections          309
 stored as    26

 highest radius point found:
  at point   45.280  37.879  35.062
  closest atom surface    4.653   H   56  X    1
  2nd closest surface     4.654   H56 56  X    1
  found on step  984
  this is also current point
  no. of rejections          263
 stored as    27

 highest radius point found:
  at point   45.480  37.851  28.906
  closest atom surface    6.763   H54 56  X    1
  2nd closest surface     6.790   C   56  X    1
  found on step  999
  this is also current point
  no. of rejections          191
 stored as    28

 highest radius point found:
  at point   45.680  38.287  20.476
  closest atom surface   13.715   C   56  X    1
  2nd closest surface    13.752   H54 56  X    1
  found on step 1000
  this is also current point
  no. of rejections          255
 stored as    29

 highest radius point found:
  at point   45.880  39.622  10.017
  closest atom surface   23.676   C36 56  X    1
  2nd closest surface    23.710   H54 56  X    1
  found on step 1000
  this is also current point
  no. of rejections          269
 This is an end! (radius above  22.0 angs)
 highest radius point found:
  at point   39.680  39.463  39.438
  closest atom surface    2.355   C29 56  X    1
  2nd closest surface     2.355   N1  56  X    1
  found on step  999
  this is also current point
  no. of rejections          372
 stored as    -1

 highest radius point found:
  at point   39.480  39.445  39.450
  closest atom surface    2.298   C30 56  X    1
  2nd closest surface     2.300   C40 56  X    1
  found on step  407
 current point:
  at point   39.480  39.267  39.308
  closest atom surface    2.269   C40 56  X    1
  2nd closest surface     2.269   C30 56  X    1
  found on step  990
  no. of rejections          390
 stored as    -2

 highest radius point found:
  at point   39.280  39.440  39.496
  closest atom surface    2.234   C30 56  X    1
  2nd closest surface     2.235   N1  56  X    1
  found on step  267
 current point:
  at point   39.280  39.445  39.499
  closest atom surface    2.233   N1  56  X    1
  2nd closest surface     2.234   C30 56  X    1
  found on step  979
  no. of rejections          390
 stored as    -3

 highest radius point found:
  at point   39.080  39.436  39.539
  closest atom surface    2.176   C30 56  X    1
  2nd closest surface     2.177   N1  56  X    1
  found on step  931
  this is also current point
  no. of rejections          387
 stored as    -4

 highest radius point found:
  at point   38.880  39.412  39.578
  closest atom surface    2.127   C40 56  X    1
  2nd closest surface     2.130   N1  56  X    1
  found on step  991
  this is also current point
  no. of rejections          373
 stored as    -5

 highest radius point found:
  at point   38.680  41.445  40.295
  closest atom surface    2.242   N1  56  X    1
  2nd closest surface     2.244   N4  56  X    1
  found on step  858
 current point:
  at point   38.680  41.440  40.290
  closest atom surface    2.241   N4  56  X    1
  2nd closest surface     2.244   N1  56  X    1
  found on step  912
  no. of rejections          377
 stored as    -6

 highest radius point found:
  at point   38.480  41.423  40.273
  closest atom surface    2.260   C28 56  X    1
  2nd closest surface     2.261   N1  56  X    1
  found on step  917
  this is also current point
  no. of rejections          394
 stored as    -7

 highest radius point found:
  at point   38.280  41.388  40.301
  closest atom surface    2.240   C30 56  X    1
  2nd closest surface     2.241   H16 56  X    1
  found on step  361
 current point:
  at point   38.280  41.470  40.293
  closest atom surface    2.239   H16 56  X    1
  2nd closest surface     2.239   C30 56  X    1
  found on step  968
  no. of rejections          381
 stored as    -8

 highest radius point found:
  at point   38.080  41.685  40.303
  closest atom surface    2.227   H16 56  X    1
  2nd closest surface     2.230   C30 56  X    1
  found on step   79
 current point:
  at point   38.080  41.502  40.319
  closest atom surface    2.224   C30 56  X    1
  2nd closest surface     2.224   H16 56  X    1
  found on step 1000
  no. of rejections          395
 stored as    -9

 highest radius point found:
  at point   37.880  41.662  40.332
  closest atom surface    2.221   C30 56  X    1
  2nd closest surface     2.226   H16 56  X    1
  found on step  986
  this is also current point
  no. of rejections          412
 stored as   -10

 highest radius point found:
  at point   37.680  42.092  40.330
  closest atom surface    2.273   H16 56  X    1
  2nd closest surface     2.276   C30 56  X    1
  found on step  584
 current point:
  at point   37.680  42.045  40.332
  closest atom surface    2.267   C30 56  X    1
  2nd closest surface     2.268   H16 56  X    1
  found on step  892
  no. of rejections          373
 stored as   -11

 highest radius point found:
  at point   37.480  46.596  41.917
  closest atom surface    3.950   C12 56  X    1
  2nd closest surface     3.976   H42 56  X    1
  found on step 1000
  this is also current point
  no. of rejections          340
 stored as   -12

 highest radius point found:
  at point   37.280  54.259  45.575
  closest atom surface   10.040   H38 56  X    1
  2nd closest surface    10.043   C13 56  X    1
  found on step  999
  this is also current point
  no. of rejections          266
 stored as   -13

 highest radius point found:
  at point   37.080  65.637  50.522
  closest atom surface   21.699   C25 56  X    1
  2nd closest surface    21.773   H38 56  X    1
  found on step 1000
  this is also current point
  no. of rejections          243
 stored as   -14

 highest radius point found:
  at point   36.880  77.031  56.390
  closest atom surface   34.264   C13 56  X    1
  2nd closest surface    34.276   H21 56  X    1
  found on step 1000
  this is also current point
  no. of rejections          259
 This is an end! (radius above  22.0 angs)
 
 N.b. Graph information routine (HOGRAP) differs 
        markedly from previous versions!
       Information now is written from -ve end
       to +ve in one pass
 
 Explanation of the meaning of each column: 
 First column "cenxyz.cvec" is the coordinate in the
   direction of the channel vector i.e. if the channel
   vector is in z (0 0 1) then it is the z coordinate.
 The second column "radius" is the hole pore radius 
   (as defined in the Biophys J 1993) article).
 The third column "cen_line_D" is the distance 
   measured along the pore centre line - with the 
   first point found set to zero. This was the first
   thing that I used to measure the distance along a pore
   but "cenxyz.cvec" is a much better general measure. 
   However, by comparing changes in this distance to changes in '   "cenxyz.cvec" one can get a measure of how straight a 
   channel is.
 The fourth column "sum{s/(area)}" is useful in conductance
   prediction -
   basically it is the sum of the thickness of each slab
   divided by its area. HOLE uses this measure to estimate
   the macroscopic conductance of a channel.
 If any of this worries you one can see the "raw" results
   of a standard hole run by producing a sphpdb file and 
    directly looking at the results.
 cenxyz.cvec      radius  cen_line_D sum{s/(area point sourc
    37.07984    21.69920   -30.48601     0.00007   (sampled)
    37.17984    15.77526   -24.28140     0.00020 (mid-point)
    37.27984    10.04010   -18.07679     0.00051   (sampled)
    37.37984     6.45400   -13.83002     0.00128 (mid-point)
    37.47984     3.94987    -9.58324     0.00332   (sampled)
    37.57984     2.56682    -7.19355     0.00815 (mid-point)
    37.67984     2.27346    -4.80387     0.01431   (sampled)
    37.77984     2.24122    -4.56670     0.02064 (mid-point)
    37.87984     2.22083    -4.32953     0.02710   (sampled)
    37.97984     2.22403    -4.22784     0.03353 (mid-point)
    38.07984     2.22668    -4.12615     0.03995   (sampled)
    38.17984     2.22888    -3.94715     0.04636 (mid-point)
    38.27984     2.24018    -3.76814     0.05270   (sampled)
    38.37984     2.25004    -3.66566     0.05899 (mid-point)
    38.47984     2.26002    -3.56318     0.06522   (sampled)
    38.57984     2.25038    -3.46204     0.07151 (mid-point)
    38.67984     2.24242    -3.36090     0.07784   (sampled)
    38.77984     2.03475    -2.27860     0.08553 (mid-point)
    38.87984     2.12744    -1.19629     0.09256   (sampled)
    38.97984     2.15182    -1.09373     0.09943 (mid-point)
    39.07984     2.17645    -0.99116     0.10615   (sampled)
    39.17984     2.20398    -0.88885     0.11271 (mid-point)
    39.27984     2.23389    -0.78653     0.11908   (sampled)
    39.37984     2.26493    -0.68389     0.12529 (mid-point)
    39.47984     2.29827    -0.58125     0.13132   (sampled)
    39.57984     2.32957    -0.48065     0.13718 (mid-point)
    39.67984     2.35469    -0.38005     0.14292   (sampled)
    39.77984     2.36344    -0.19002     0.14862 (mid-point)
    39.87984     2.38040    -0.00000     0.15424   (sampled)
    39.97984     2.40235     0.29594     0.15975 (mid-point)
    40.07984     2.44433     0.59187     0.16508   (sampled)
    40.17984     2.47281     0.73242     0.17029 (mid-point)
    40.27984     2.50564     0.87298     0.17536   (sampled)
    40.37984     2.51400     1.02255     0.18039 (mid-point)
    40.47984     2.52033     1.17213     0.18540   (sampled)
    40.57984     2.52740     1.31960     0.19039 (mid-point)
    40.67984     2.53936     1.46708     0.19532   (sampled)
    40.77984     2.53327     1.59250     0.20028 (mid-point)
    40.87984     2.53071     1.71792     0.20525   (sampled)
    40.97984     2.52068     1.83769     0.21026 (mid-point)
    41.07984     2.51391     1.95747     0.21530   (sampled)
    41.17984     2.51952     2.08465     0.22031 (mid-point)
    41.27984     2.52493     2.21184     0.22531   (sampled)
    41.37984     2.52672     2.34100     0.23029 (mid-point)
    41.47984     2.53220     2.47017     0.23526   (sampled)
    41.57984     2.53955     2.60258     0.24019 (mid-point)
    41.67984     2.55152     2.73499     0.24508   (sampled)
    41.77984     2.56978     2.86522     0.24990 (mid-point)
    41.87984     2.59190     2.99546     0.25464   (sampled)
    41.97984     2.61781     3.12616     0.25929 (mid-point)
    42.07984     2.64748     3.25687     0.26383   (sampled)
    42.17984     2.68175     3.38719     0.26825 (mid-point)
    42.27984     2.71945     3.51751     0.27256   (sampled)
    42.37984     2.76149     3.64503     0.27673 (mid-point)
    42.47984     2.80664     3.77255     0.28077   (sampled)
    42.57984     2.85707     3.90209     0.28467 (mid-point)
    42.67984     2.91049     4.03164     0.28843   (sampled)
    42.77984     2.96653     4.15916     0.29205 (mid-point)
    42.87984     3.02526     4.28669     0.29552   (sampled)
    42.97984     3.08733     4.41567     0.29886 (mid-point)
    43.07984     3.15165     4.54464     0.30207   (sampled)
    43.17984     3.21847     4.67398     0.30514 (mid-point)
    43.27984     3.28815     4.80331     0.30808   (sampled)
    43.37984     3.35323     4.92335     0.31092 (mid-point)
    43.47984     3.41249     5.04339     0.31365   (sampled)
    43.57984     3.46024     5.17521     0.31631 (mid-point)
    43.67984     3.51135     5.30704     0.31889   (sampled)
    43.77984     3.55823     5.41560     0.32140 (mid-point)
    43.87984     3.60720     5.52415     0.32385   (sampled)
    43.97984     3.67286     5.69646     0.32621 (mid-point)
    44.07984     3.74388     5.86877     0.32848   (sampled)
    44.17984     3.80914     5.99759     0.33067 (mid-point)
    44.27984     3.87692     6.12640     0.33279   (sampled)
    44.37984     3.94617     6.25278     0.33484 (mid-point)
    44.47984     4.01764     6.37916     0.33681   (sampled)
    44.57984     4.09062     6.50557     0.33871 (mid-point)
    44.67984     4.16566     6.63199     0.34054   (sampled)
    44.77984     4.24317     6.75708     0.34231 (mid-point)
    44.87984     4.32249     6.88218     0.34402   (sampled)
    44.97984     4.40222     7.00823     0.34566 (mid-point)
    45.07984     4.48369     7.13427     0.34724   (sampled)
    45.17984     4.56788     7.25700     0.34877 (mid-point)
    45.27984     4.65348     7.37974     0.35024   (sampled)
    45.37984     5.10460    10.45936     0.35146 (mid-point)
    45.47984     6.76311    13.53899     0.35216   (sampled)
    45.57984    10.00547    17.76117     0.35247 (mid-point)
    45.67984    13.71546    21.98334     0.35264   (sampled)

 Minimum radius found:      2.035 angstroms.



 For spherical probe approach, The geometric factor
         F= sum(ds/area) along channel is    0.353 angstroms**-1
 This yields a macroscopic predicted molar conductance of:
   (1/rho)*(100/F)= (280/rho) pS,
   where rho is the conductivity of 1M permeant ion in ohm m.
 N.B. this is a macroscopic conductance - an overestimate 
 Empirically corrected conductances currently only available
 With the CAPSULE option (although its not that stable!)
 For 1M KCl rho= 1/12 (ohm m), So Gmacro= 3400 pS/M.
  (TAG      1   Rmin=     2.03475   Gmacro=  3402.88222 Conn_Gmacro=    -1.00000 ).
 HOLE: normal completion
