 *** Program HOLE ***
 
 If results of this run are reported or published, please
 cite the publication listed below.
 For the HOLE program:
   Smart, O.S., Goodfellow, J.M., Wallace, B.A. (1993). 
   The pore dimensions of gramicidin A. 
   Biophys. J., 65, 2455-2460.
 
 Originally written by Oliver Smart at Birkbeck College from April 1992.
 Copyright 1993-2005 Oliver Smart
 Copyright 2014-2015 SmartSci Limited.
 Copyright 2016 Oliver Smart.
 
 For help on HOLE suite see  http://www.holeprogram.org/
 
 HOLE release 2.2.005 (07 August 2016) 
 
 usage subject to Apache License, Version 2.0 
 see http://www.apache.org/licenses/LICENSE-2.0 

 Control variables read:

! Input file for Oliver Smart's HOLE program
! written by MDAnalysis.analysis.hole2.HoleAnalysis
! for a Universe
! u = mda.Universe(/afs/crc.nd.edu/user/m/mfarshad/Private/ML-new/traj/host-56/h
!    /afs/crc.nd.edu/user/m/mfarshad/Private/ML-new/traj/host-56/host_56.trr
!   )
! Frame 71

COORD  /tmp/2550202.1.long/tmpaf6a8xpy.pdb
RADIUS simple2.rad
SPHPDB hole071.sph
SAMPLE 0.200000
ENDRAD 22.000000
IGNORE SOL WAT TIP HOH K   NA  CL
SHORTO 0
RASEED 31415
CPOINT 39.4386588556 38.7630909814 39.7254600878


 WARNING have not found a CVECT record - will try to guess
 Input pdb filename read as:    '/tmp/2550202.1.long/tmpaf6a8xpy.pdb'
 Input vdW radius file read as: 'simple2.rad'
 point in channel:   39.439  38.763  39.725
 channel vector:   ************************
 sampling distance between planes:    0.200

 graphics conditions:
 binary plot output file name: NONE
 Dot density:    10
 Draw dots?           T
 Draw close contacts? F
 Draw centre line?    T
 Produce spikes rather than dots? F
 Seed for random number generator:     31415 (0 means value set by program)
 Radius above which a result is regarded as an 'end':  22.000
 Pdb format file for sphere centres: hole071.sph

 Monte Carlo conditions:
  no of steps:  1000
  maximum displacement   0.100 angs
  'kT' initial   0.100 angs
 The spherebox and capsule options are turned off.
 (No molqpt card so will not write qpt file of the molecule)
 IGNORE card read so will ignore residue types: SOL WAT TIP HOH K   NA  CL
 no SHORTO card read so will produce full textual output
 As no PEGRAT card was found will not produce PEG polymer exclusion graph
 (No 2DMAPS card specified so will not produce 2D property maps)
 Have not found a CUT card.  Normal calculation using
   Cutoff lists with a cutsize=       1.000
   (if you wish to turn off option use a CUT -1 card)

 Have read     7 bond radius records and
              16 vdW radius records.
 From file: simple2.rad

 Have read   108 atom records.
 From file: /tmp/2550202.1.long/tmpaf6a8xpy.pdb
 Will not produce graphical output

 Have opened file for pdb format output of sphere centres:  hole071.sph

  Seed integer used by ran # generator on this run      31415

 
 S/R cguess will try to guess CPOINT and/or CVECT
 
 THESE GUESSES MAY WELL BE WRONG!!!!
 Routine relies on having a reasonably symmetric
 channel oriented along x, y or z vector
 YOU ARE STRONGLY ADVISED TO CHECK THE RESULTS
                       WITH MOLECULAR GRAPHICS
 testing points from cpoint in X, Y then Z direction
   point                   pore radius
direction     1
  34.439  38.763  39.725    -1.339
  35.439  38.763  39.725    -1.186
  36.439  38.763  39.725    -0.487
  37.439  38.763  39.725     0.273
  38.439  38.763  39.725     1.176
  39.439  38.763  39.725     2.126
  40.439  38.763  39.725     2.130
  41.439  38.763  39.725     1.779
  42.439  38.763  39.725     1.046
  43.439  38.763  39.725     0.473
  44.439  38.763  39.725     0.267
 Average pore radius along the line=      0.569
direction     2
  39.439  33.763  39.725    -0.077
  39.439  34.763  39.725     0.075
  39.439  35.763  39.725     0.654
  39.439  36.763  39.725     1.293
  39.439  37.763  39.725     1.895
  39.439  38.763  39.725     2.126
  39.439  39.763  39.725     1.860
  39.439  40.763  39.725     0.873
  39.439  41.763  39.725    -0.104
  39.439  42.763  39.725    -1.014
  39.439  43.763  39.725    -1.138
 Average pore radius along the line=      0.586
direction     3
  39.439  38.763  34.725     2.534
  39.439  38.763  35.725     2.125
  39.439  38.763  36.725     1.896
  39.439  38.763  37.725     1.810
  39.439  38.763  38.725     1.903
  39.439  38.763  39.725     2.126
  39.439  38.763  40.725     1.963
  39.439  38.763  41.725     1.663
  39.439  38.763  42.725     1.635
  39.439  38.763  43.725     1.795
  39.439  38.763  44.725     2.120
 Average pore radius along the line=      1.961
 Best direction is found to be     3
(1=X,2=Y,3=Z)
 s/r cguess has produced initial values for cpoint &/or cvect:
CPOINT      39.4387     38.7631     39.7255
CVECT        0.0000      0.0000      1.0000
 THESE GUESSES MAY WELL BE WRONG!!!!
 Routine relies on having a reasonably symmetric
 channel oriented along x, y or z vector
 YOU ARE STRONGLY ADVISED TO CHECK THE RESULTS
                       WITH MOLECULAR GRAPHICS
 
 
  Some routines (e.g. conn) need vectors normal to cvect: 
     EAST Zero degrees angle is along vector    1.000   0.000   0.000
     NORTH  90 degrees angle is along vector    0.000  -1.000   0.000
 highest radius point found:
  at point   39.716  38.811  39.725
  closest atom surface    2.394   C30 56  X    1
  2nd closest surface     2.397   C38 56  X    1
  found on step  988
  this is also current point
  no. of rejections          388
 stored as     0

 highest radius point found:
  at point   39.656  38.968  39.925
  closest atom surface    2.411   C30 56  X    1
  2nd closest surface     2.411   C38 56  X    1
  found on step   14
 current point:
  at point   39.644  38.985  39.925
  closest atom surface    2.403   C38 56  X    1
  2nd closest surface     2.404   C40 56  X    1
  found on step  997
  no. of rejections          359
 stored as     1

 highest radius point found:
  at point   39.594  39.128  40.125
  closest atom surface    2.439   C40 56  X    1
  2nd closest surface     2.440   C38 56  X    1
  found on step  601
 current point:
  at point   39.598  39.127  40.125
  closest atom surface    2.438   C40 56  X    1
  2nd closest surface     2.443   C38 56  X    1
  found on step  998
  no. of rejections          395
 stored as     2

 highest radius point found:
  at point   39.530  39.258  40.325
  closest atom surface    2.473   N1  56  X    1
  2nd closest surface     2.475   C30 56  X    1
  found on step  948
  this is also current point
  no. of rejections          401
 stored as     3

 highest radius point found:
  at point   39.428  39.310  40.525
  closest atom surface    2.473   C30 56  X    1
  2nd closest surface     2.475   C38 56  X    1
  found on step  916
  this is also current point
  no. of rejections          392
 stored as     4

 highest radius point found:
  at point   39.326  39.366  40.725
  closest atom surface    2.486   N1  56  X    1
  2nd closest surface     2.487   C30 56  X    1
  found on step  915
  this is also current point
  no. of rejections          380
 stored as     5

 highest radius point found:
  at point   39.223  39.420  40.925
  closest atom surface    2.510   C30 56  X    1
  2nd closest surface     2.511   C38 56  X    1
  found on step  838
 current point:
  at point   39.227  39.423  40.925
  closest atom surface    2.509   N1  56  X    1
  2nd closest surface     2.511   C30 56  X    1
  found on step  963
  no. of rejections          392
 stored as     6

 highest radius point found:
  at point   39.126  39.477  41.125
  closest atom surface    2.546   N1  56  X    1
  2nd closest surface     2.547   C30 56  X    1
  found on step  993
  this is also current point
  no. of rejections          377
 stored as     7

 highest radius point found:
  at point   39.052  39.539  41.325
  closest atom surface    2.586   C30 56  X    1
  2nd closest surface     2.586   N1  56  X    1
  found on step  957
  this is also current point
  no. of rejections          349
 stored as     8

 highest radius point found:
  at point   39.037  39.618  41.525
  closest atom surface    2.616   N3  56  X    1
  2nd closest surface     2.618   N1  56  X    1
  found on step  955
  this is also current point
  no. of rejections          412
 stored as     9

 highest radius point found:
  at point   39.030  39.698  41.725
  closest atom surface    2.658   N1  56  X    1
  2nd closest surface     2.658   C30 56  X    1
  found on step  860
 current point:
  at point   39.030  39.699  41.725
  closest atom surface    2.658   N1  56  X    1
  2nd closest surface     2.659   C30 56  X    1
  found on step  929
  no. of rejections          393
 stored as    10

 highest radius point found:
  at point   39.020  39.778  41.925
  closest atom surface    2.709   N1  56  X    1
  2nd closest surface     2.709   C30 56  X    1
  found on step  960
  this is also current point
  no. of rejections          351
 stored as    11

 highest radius point found:
  at point   39.009  39.858  42.125
  closest atom surface    2.769   N1  56  X    1
  2nd closest surface     2.770   C30 56  X    1
  found on step  982
  this is also current point
  no. of rejections          394
 stored as    12

 highest radius point found:
  at point   38.999  39.937  42.325
  closest atom surface    2.838   C30 56  X    1
  2nd closest surface     2.839   N1  56  X    1
  found on step  993
  this is also current point
  no. of rejections          394
 stored as    13

 highest radius point found:
  at point   38.990  40.018  42.525
  closest atom surface    2.917   N1  56  X    1
  2nd closest surface     2.917   C30 56  X    1
  found on step  906
  this is also current point
  no. of rejections          372
 stored as    14

 highest radius point found:
  at point   38.978  40.098  42.725
  closest atom surface    3.005   N1  56  X    1
  2nd closest surface     3.005   C30 56  X    1
  found on step  291
 current point:
  at point   38.969  40.098  42.725
  closest atom surface    3.004   N3  56  X    1
  2nd closest surface     3.005   N1  56  X    1
  found on step  981
  no. of rejections          342
 stored as    15

 highest radius point found:
  at point   38.958  40.178  42.925
  closest atom surface    3.100   N3  56  X    1
  2nd closest surface     3.101   N1  56  X    1
  found on step  830
 current point:
  at point   38.973  40.181  42.925
  closest atom surface    3.098   N1  56  X    1
  2nd closest surface     3.099   C30 56  X    1
  found on step  950
  no. of rejections          354
 stored as    16

 highest radius point found:
  at point   38.950  40.258  43.125
  closest atom surface    3.203   N1  56  X    1
  2nd closest surface     3.205   N3  56  X    1
  found on step  714
 current point:
  at point   38.948  40.254  43.125
  closest atom surface    3.201   N3  56  X    1
  2nd closest surface     3.203   C30 56  X    1
  found on step  979
  no. of rejections          351
 stored as    17

 highest radius point found:
  at point   38.936  40.340  43.325
  closest atom surface    3.312   N1  56  X    1
  2nd closest surface     3.312   H46 56  X    1
  found on step  692
 current point:
  at point   38.933  40.339  43.325
  closest atom surface    3.312   N3  56  X    1
  2nd closest surface     3.313   N1  56  X    1
  found on step  992
  no. of rejections          344
 stored as    18

 highest radius point found:
  at point   38.895  40.435  43.525
  closest atom surface    3.422   N3  56  X    1
  2nd closest surface     3.423   N1  56  X    1
  found on step  910
  this is also current point
  no. of rejections          353
 stored as    19

 highest radius point found:
  at point   38.868  40.525  43.725
  closest atom surface    3.543   N3  56  X    1
  2nd closest surface     3.543   N1  56  X    1
  found on step  938
  this is also current point
  no. of rejections          335
 stored as    20

 highest radius point found:
  at point   38.846  40.614  43.925
  closest atom surface    3.664   H46 56  X    1
  2nd closest surface     3.669   N1  56  X    1
  found on step   89
 current point:
  at point   40.743  41.121  43.925
  closest atom surface    3.574   H46 56  X    1
  2nd closest surface     3.576   N1  56  X    1
  found on step  996
  no. of rejections          289
 stored as    21

 highest radius point found:
  at point   38.809  40.707  44.125
  closest atom surface    3.800   N1  56  X    1
  2nd closest surface     3.800   N3  56  X    1
  found on step  980
  this is also current point
  no. of rejections          365
 stored as    22

 highest radius point found:
  at point   38.775  40.754  44.325
  closest atom surface    3.904   H16 56  X    1
  2nd closest surface     3.905   H46 56  X    1
  found on step  981
  this is also current point
  no. of rejections          361
 stored as    23

 highest radius point found:
  at point   38.775  40.809  44.525
  closest atom surface    3.978   H16 56  X    1
  2nd closest surface     4.005   H46 56  X    1
  found on step   11
 current point:
  at point   40.141  41.266  44.525
  closest atom surface    3.944   N1  56  X    1
  2nd closest surface     3.945   H46 56  X    1
  found on step  984
  no. of rejections          324
 stored as    24

 highest radius point found:
  at point   38.752  40.823  44.725
  closest atom surface    4.088   H42 56  X    1
  2nd closest surface     4.088   H16 56  X    1
  found on step  934
  this is also current point
  no. of rejections          380
 stored as    25

 highest radius point found:
  at point   38.780  40.874  44.925
  closest atom surface    4.182   H16 56  X    1
  2nd closest surface     4.185   H46 56  X    1
  found on step  293
 current point:
  at point   38.782  40.874  44.925
  closest atom surface    4.182   H16 56  X    1
  2nd closest surface     4.184   H46 56  X    1
  found on step  995
  no. of rejections          360
 stored as    26

 highest radius point found:
  at point   38.797  40.923  45.125
  closest atom surface    4.283   H16 56  X    1
  2nd closest surface     4.285   H42 56  X    1
  found on step  700
 current point:
  at point   39.343  41.116  45.125
  closest atom surface    4.237   H16 56  X    1
  2nd closest surface     4.237   H46 56  X    1
  found on step  911
  no. of rejections          359
 stored as    27

 highest radius point found:
  at point   38.835  40.970  45.325
  closest atom surface    4.393   H46 56  X    1
  2nd closest surface     4.393   H16 56  X    1
  found on step  962
  this is also current point
  no. of rejections          350
 stored as    28

 highest radius point found:
  at point   38.883  41.027  45.525
  closest atom surface    4.504   H16 56  X    1
  2nd closest surface     4.504   H46 56  X    1
  found on step  943
  this is also current point
  no. of rejections          341
 stored as    29

 highest radius point found:
  at point   38.882  41.064  45.725
  closest atom surface    4.625   H46 56  X    1
  2nd closest surface     4.625   H42 56  X    1
  found on step   27
 current point:
  at point   38.432  41.120  45.725
  closest atom surface    4.542   H42 56  X    1
  2nd closest surface     4.553   H16 56  X    1
  found on step 1000
  no. of rejections          360
 stored as    30

 highest radius point found:
  at point   38.893  41.114  45.925
  closest atom surface    4.746   H42 56  X    1
  2nd closest surface     4.747   H16 56  X    1
  found on step   12
 current point:
  at point   38.580  41.158  45.925
  closest atom surface    4.689   H42 56  X    1
  2nd closest surface     4.690   H16 56  X    1
  found on step  977
  no. of rejections          332
 stored as    31

 highest radius point found:
  at point   38.933  41.161  46.125
  closest atom surface    4.878   H44 56  X    1
  2nd closest surface     4.878   H42 56  X    1
  found on step  980
  this is also current point
  no. of rejections          333
 stored as    32

 highest radius point found:
  at point   40.953  41.936  46.325
  closest atom surface    5.211   H46 56  X    1
  2nd closest surface     5.212   H16 56  X    1
  found on step  987
  this is also current point
  no. of rejections          328
 stored as    33

 highest radius point found:
  at point   41.628  42.223  46.525
  closest atom surface    5.573   H16 56  X    1
  2nd closest surface     5.573   C7  56  X    1
  found on step  999
  this is also current point
  no. of rejections          250
 stored as    34

 highest radius point found:
  at point   44.288  48.385  46.725
  closest atom surface    7.319   C11 56  X    1
  2nd closest surface     7.382   H11 56  X    1
  found on step  998
  this is also current point
  no. of rejections          166
 stored as    35

 highest radius point found:
  at point   51.423  56.294  46.925
  closest atom surface   15.723   H11 56  X    1
  2nd closest surface    15.865   C7  56  X    1
  found on step 1000
  this is also current point
  no. of rejections          238
 stored as    36

 highest radius point found:
  at point   55.542  63.785  47.125
  closest atom surface   23.812   H11 56  X    1
  2nd closest surface    23.889   C7  56  X    1
  found on step 1000
  this is also current point
  no. of rejections          235
 This is an end! (radius above  22.0 angs)
 highest radius point found:
  at point   39.773  38.661  39.525
  closest atom surface    2.397   C38 56  X    1
  2nd closest surface     2.397   C40 56  X    1
  found on step  744
 current point:
  at point   39.775  38.661  39.525
  closest atom surface    2.397   C40 56  X    1
  2nd closest surface     2.398   C30 56  X    1
  found on step  917
  no. of rejections          401
 stored as    -1

 highest radius point found:
  at point   39.823  38.485  39.325
  closest atom surface    2.405   C41 56  X    1
  2nd closest surface     2.406   C38 56  X    1
  found on step  869
 current point:
  at point   39.823  38.486  39.325
  closest atom surface    2.405   C38 56  X    1
  2nd closest surface     2.405   C41 56  X    1
  found on step  891
  no. of rejections          387
 stored as    -2

 highest radius point found:
  at point   39.860  38.275  39.125
  closest atom surface    2.416   C30 56  X    1
  2nd closest surface     2.419   C38 56  X    1
  found on step  693
 current point:
  at point   39.863  38.276  39.125
  closest atom surface    2.416   C30 56  X    1
  2nd closest surface     2.417   C41 56  X    1
  found on step  966
  no. of rejections          384
 stored as    -3

 highest radius point found:
  at point   39.896  38.071  38.925
  closest atom surface    2.449   C30 56  X    1
  2nd closest surface     2.449   C41 56  X    1
  found on step  952
  this is also current point
  no. of rejections          336
 stored as    -4

 highest radius point found:
  at point   39.932  37.859  38.725
  closest atom surface    2.498   C30 56  X    1
  2nd closest surface     2.500   C38 56  X    1
  found on step  999
  this is also current point
  no. of rejections          380
 stored as    -5

 highest radius point found:
  at point   39.929  37.757  38.525
  closest atom surface    2.513   N5  56  X    1
  2nd closest surface     2.514   C41 56  X    1
  found on step  962
  this is also current point
  no. of rejections          406
 stored as    -6

 highest radius point found:
  at point   39.906  37.692  38.325
  closest atom surface    2.515   C38 56  X    1
  2nd closest surface     2.516   N5  56  X    1
  found on step  789
 current point:
  at point   39.905  37.686  38.325
  closest atom surface    2.515   N5  56  X    1
  2nd closest surface     2.515   C38 56  X    1
  found on step  996
  no. of rejections          431
 stored as    -7

 highest radius point found:
  at point   39.881  37.618  38.125
  closest atom surface    2.525   C38 56  X    1
  2nd closest surface     2.529   N5  56  X    1
  found on step  828
 current point:
  at point   39.880  37.605  38.125
  closest atom surface    2.525   N5  56  X    1
  2nd closest surface     2.526   C38 56  X    1
  found on step  899
  no. of rejections          394
 stored as    -8

 highest radius point found:
  at point   39.865  37.559  37.925
  closest atom surface    2.549   N5  56  X    1
  2nd closest surface     2.551   C38 56  X    1
  found on step  967
  this is also current point
  no. of rejections          398
 stored as    -9

 highest radius point found:
  at point   39.801  37.351  37.725
  closest atom surface    2.574   C38 56  X    1
  2nd closest surface     2.574   N5  56  X    1
  found on step   65
 current point:
  at point   39.698  36.987  37.725
  closest atom surface    2.570   N5  56  X    1
  2nd closest surface     2.571   C36 56  X    1
  found on step  953
  no. of rejections          362
 stored as   -10

 highest radius point found:
  at point   39.653  36.853  37.525
  closest atom surface    2.627   C36 56  X    1
  2nd closest surface     2.629   N5  56  X    1
  found on step  445
 current point:
  at point   39.812  37.395  37.525
  closest atom surface    2.623   C38 56  X    1
  2nd closest surface     2.624   N5  56  X    1
  found on step  973
  no. of rejections          391
 stored as   -11

 highest radius point found:
  at point   39.615  36.731  37.325
  closest atom surface    2.696   C38 56  X    1
  2nd closest surface     2.697   N5  56  X    1
  found on step  738
 current point:
  at point   39.619  36.741  37.325
  closest atom surface    2.695   N5  56  X    1
  2nd closest surface     2.696   C38 56  X    1
  found on step  970
  no. of rejections          388
 stored as   -12

 highest radius point found:
  at point   36.057  32.123  37.125
  closest atom surface    4.404   N4  56  X    1
  2nd closest surface     4.404   C37 56  X    1
  found on step  999
  this is also current point
  no. of rejections          263
 stored as   -13

 highest radius point found:
  at point   32.265  21.202  36.925
  closest atom surface   13.271   H41 56  X    1
  2nd closest surface    13.311   H37 56  X    1
  found on step 1000
  this is also current point
  no. of rejections          213
 stored as   -14

 highest radius point found:
  at point   29.765  10.991  36.725
  closest atom surface   23.098   H37 56  X    1
  2nd closest surface    23.126   H41 56  X    1
  found on step  998
  this is also current point
  no. of rejections          278
 This is an end! (radius above  22.0 angs)
 
 N.b. Graph information routine (HOGRAP) differs 
        markedly from previous versions!
       Information now is written from -ve end
       to +ve in one pass
 
 Explanation of the meaning of each column: 
 First column "cenxyz.cvec" is the coordinate in the
   direction of the channel vector i.e. if the channel
   vector is in z (0 0 1) then it is the z coordinate.
 The second column "radius" is the hole pore radius 
   (as defined in the Biophys J 1993) article).
 The third column "cen_line_D" is the distance 
   measured along the pore centre line - with the 
   first point found set to zero. This was the first
   thing that I used to measure the distance along a pore
   but "cenxyz.cvec" is a much better general measure. 
   However, by comparing changes in this distance to changes in '   "cenxyz.cvec" one can get a measure of how straight a 
   channel is.
 The fourth column "sum{s/(area)}" is useful in conductance
   prediction -
   basically it is the sum of the thickness of each slab
   divided by its area. HOLE uses this measure to estimate
   the macroscopic conductance of a channel.
 If any of this worries you one can see the "raw" results
   of a standard hole run by producing a sphpdb file and 
    directly looking at the results.
 cenxyz.cvec      radius  cen_line_D sum{s/(area point sourc
    36.92546    13.27128   -20.73868     0.00018   (sampled)
    37.02546     8.44055   -14.95728     0.00063 (mid-point)
    37.12546     4.40406    -9.17589     0.00227   (sampled)
    37.22546     2.71214    -6.26351     0.00660 (mid-point)
    37.32546     2.69588    -3.35113     0.01098   (sampled)
    37.42546     2.66144    -3.23241     0.01547 (mid-point)
    37.52546     2.62679    -3.11369     0.02008   (sampled)
    37.62546     2.59284    -2.83555     0.02482 (mid-point)
    37.72546     2.57369    -2.55741     0.02962   (sampled)
    37.82546     2.55918    -2.40959     0.03448 (mid-point)
    37.92546     2.54947    -2.26178     0.03938   (sampled)
    38.02546     2.53663    -2.15719     0.04433 (mid-point)
    38.12546     2.52497    -2.05259     0.04932   (sampled)
    38.22546     2.51881    -1.94525     0.05434 (mid-point)
    38.32546     2.51528    -1.83791     0.05937   (sampled)
    38.42546     2.51335    -1.73218     0.06441 (mid-point)
    38.52546     2.51324    -1.62645     0.06945   (sampled)
    38.62546     2.50591    -1.51410     0.07452 (mid-point)
    38.72546     2.49795    -1.40174     0.07962   (sampled)
    38.82546     2.47114    -1.25501     0.08483 (mid-point)
    38.92546     2.44918    -1.10827     0.09014   (sampled)
    39.02546     2.43018    -0.96421     0.09553 (mid-point)
    39.12546     2.41596    -0.82015     0.10098   (sampled)
    39.22546     2.40848    -0.67395     0.10647 (mid-point)
    39.32546     2.40524    -0.52776     0.11197   (sampled)
    39.42546     2.39925    -0.39211     0.11750 (mid-point)
    39.52546     2.39717    -0.25647     0.12304   (sampled)
    39.62546     2.39479    -0.12824     0.12859 (mid-point)
    39.72546     2.39425    -0.00000     0.13414   (sampled)
    39.82546     2.40059     0.13061     0.13966 (mid-point)
    39.92546     2.41093     0.26123     0.14514   (sampled)
    40.02546     2.42315     0.39282     0.15056 (mid-point)
    40.12546     2.43897     0.52441     0.15591   (sampled)
    40.22546     2.45612     0.64790     0.16119 (mid-point)
    40.32546     2.47306     0.77138     0.16639   (sampled)
    40.42546     2.47251     0.88671     0.17160 (mid-point)
    40.52546     2.47318     1.00204     0.17680   (sampled)
    40.62546     2.47837     1.11770     0.18199 (mid-point)
    40.72546     2.48574     1.23336     0.18714   (sampled)
    40.82546     2.49699     1.34889     0.19224 (mid-point)
    40.92546     2.51039     1.46441     0.19729   (sampled)
    41.02546     2.52705     1.57928     0.20228 (mid-point)
    41.12546     2.54629     1.69415     0.20719   (sampled)
    41.22546     2.56492     1.80514     0.21203 (mid-point)
    41.32546     2.58588     1.91613     0.21679   (sampled)
    41.42546     2.60077     2.02396     0.22149 (mid-point)
    41.52546     2.61635     2.13179     0.22614   (sampled)
    41.62546     2.63658     2.23953     0.23072 (mid-point)
    41.72546     2.65803     2.34727     0.23523   (sampled)
    41.82546     2.68205     2.45511     0.23965 (mid-point)
    41.92546     2.70856     2.56295     0.24399   (sampled)
    42.02546     2.73775     2.67073     0.24824 (mid-point)
    42.12546     2.76932     2.77850     0.25239   (sampled)
    42.22546     2.80297     2.88617     0.25644 (mid-point)
    42.32546     2.83837     2.99384     0.26039   (sampled)
    42.42546     2.87686     3.10188     0.26424 (mid-point)
    42.52546     2.91718     3.20991     0.26798   (sampled)
    42.62546     2.95990     3.31772     0.27161 (mid-point)
    42.72546     3.00468     3.42552     0.27514   (sampled)
    42.82546     3.05174     3.53367     0.27856 (mid-point)
    42.92546     3.09955     3.64181     0.28187   (sampled)
    43.02546     3.15113     3.74954     0.28507 (mid-point)
    43.12546     3.20345     3.85726     0.28818   (sampled)
    43.22546     3.25682     3.96566     0.29118 (mid-point)
    43.32546     3.31195     4.07406     0.29408   (sampled)
    43.42546     3.36658     4.18660     0.29689 (mid-point)
    43.52546     3.42234     4.29914     0.29960   (sampled)
    43.62546     3.48163     4.40963     0.30223 (mid-point)
    43.72546     3.54256     4.52012     0.30477   (sampled)
    43.82546     3.60317     4.63007     0.30722 (mid-point)
    43.92546     3.66350     4.74001     0.30959   (sampled)
    44.02546     3.73165     4.85204     0.31188 (mid-point)
    44.12546     3.79962     4.96407     0.31408   (sampled)
    44.22546     3.85221     5.06819     0.31623 (mid-point)
    44.32546     3.90412     5.17231     0.31831   (sampled)
    44.42546     3.94023     5.27601     0.32036 (mid-point)
    44.52546     3.97823     5.37972     0.32238   (sampled)
    44.62546     4.03254     5.48066     0.32433 (mid-point)
    44.72546     4.08778     5.58161     0.32624   (sampled)
    44.82546     4.13446     5.68569     0.32810 (mid-point)
    44.92546     4.18234     5.78977     0.32992   (sampled)
    45.02546     4.23171     5.89307     0.33170 (mid-point)
    45.12546     4.28264     5.99637     0.33343   (sampled)
    45.22546     4.33700     6.10095     0.33513 (mid-point)
    45.32546     4.39279     6.20553     0.33678   (sampled)
    45.42546     4.44749     6.31218     0.33838 (mid-point)
    45.52546     4.50367     6.41882     0.33995   (sampled)
    45.62546     4.56395     6.52053     0.34148 (mid-point)
    45.72546     4.62517     6.62224     0.34297   (sampled)
    45.82546     4.68514     6.72551     0.34442 (mid-point)
    45.92546     4.74616     6.82878     0.34583   (sampled)
    46.02546     4.81150     6.93339     0.34721 (mid-point)
    46.12546     4.87770     7.03800     0.34855   (sampled)
    46.22546     4.94850     8.12447     0.34985 (mid-point)
    46.32546     5.21072     9.21093     0.35102   (sampled)
    46.42546     5.38365     9.59121     0.35212 (mid-point)
    46.52546     5.57308     9.97148     0.35314   (sampled)
    46.62546     5.82477    13.32866     0.35408 (mid-point)
    46.72546     7.31949    16.68584     0.35467   (sampled)
    46.82546    11.10703    22.01273     0.35493 (mid-point)
    46.92546    15.72298    27.33961     0.35506   (sampled)

 Minimum radius found:      2.394 angstroms.



 For spherical probe approach, The geometric factor
         F= sum(ds/area) along channel is    0.355 angstroms**-1
 This yields a macroscopic predicted molar conductance of:
   (1/rho)*(100/F)= (280/rho) pS,
   where rho is the conductivity of 1M permeant ion in ohm m.
 N.B. this is a macroscopic conductance - an overestimate 
 Empirically corrected conductances currently only available
 With the CAPSULE option (although its not that stable!)
 For 1M KCl rho= 1/12 (ohm m), So Gmacro= 3400 pS/M.
  (TAG      1   Rmin=     2.39425   Gmacro=  3379.70586 Conn_Gmacro=    -1.00000 ).
 HOLE: normal completion
