 *** Program HOLE ***
 
 If results of this run are reported or published, please
 cite the publication listed below.
 For the HOLE program:
   Smart, O.S., Goodfellow, J.M., Wallace, B.A. (1993). 
   The pore dimensions of gramicidin A. 
   Biophys. J., 65, 2455-2460.
 
 Originally written by Oliver Smart at Birkbeck College from April 1992.
 Copyright 1993-2005 Oliver Smart
 Copyright 2014-2015 SmartSci Limited.
 Copyright 2016 Oliver Smart.
 
 For help on HOLE suite see  http://www.holeprogram.org/
 
 HOLE release 2.2.005 (07 August 2016) 
 
 usage subject to Apache License, Version 2.0 
 see http://www.apache.org/licenses/LICENSE-2.0 

 Control variables read:

! Input file for Oliver Smart's HOLE program
! written by MDAnalysis.analysis.hole2.HoleAnalysis
! for a Universe
! u = mda.Universe(/afs/crc.nd.edu/user/m/mfarshad/Private/ML-new/traj/host-urea
!    /afs/crc.nd.edu/user/m/mfarshad/Private/ML-new/traj/host-urea+AMTA+cage1/ho
!   )
! Frame 83

COORD  /tmp/2550323.1.long/tmpapebxt8u.pdb
RADIUS simple2.rad
SPHPDB hole083.sph
SAMPLE 0.200000
ENDRAD 22.000000
IGNORE SOL WAT TIP HOH K   NA  CL
SHORTO 0
RASEED 31415
CPOINT 39.8035826115 40.9756415458 40.3481255032


 WARNING have not found a CVECT record - will try to guess
 Input pdb filename read as:    '/tmp/2550323.1.long/tmpapebxt8u.pdb'
 Input vdW radius file read as: 'simple2.rad'
 point in channel:   39.804  40.976  40.348
 channel vector:   ************************
 sampling distance between planes:    0.200

 graphics conditions:
 binary plot output file name: NONE
 Dot density:    10
 Draw dots?           T
 Draw close contacts? F
 Draw centre line?    T
 Produce spikes rather than dots? F
 Seed for random number generator:     31415 (0 means value set by program)
 Radius above which a result is regarded as an 'end':  22.000
 Pdb format file for sphere centres: hole083.sph

 Monte Carlo conditions:
  no of steps:  1000
  maximum displacement   0.100 angs
  'kT' initial   0.100 angs
 The spherebox and capsule options are turned off.
 (No molqpt card so will not write qpt file of the molecule)
 IGNORE card read so will ignore residue types: SOL WAT TIP HOH K   NA  CL
 no SHORTO card read so will produce full textual output
 As no PEGRAT card was found will not produce PEG polymer exclusion graph
 (No 2DMAPS card specified so will not produce 2D property maps)
 Have not found a CUT card.  Normal calculation using
   Cutoff lists with a cutsize=       1.000
   (if you wish to turn off option use a CUT -1 card)

 Have read     7 bond radius records and
              16 vdW radius records.
 From file: simple2.rad

 Have read   168 atom records.
 From file: /tmp/2550323.1.long/tmpapebxt8u.pdb
 Will not produce graphical output

 Have opened file for pdb format output of sphere centres:  hole083.sph

  Seed integer used by ran # generator on this run      31415

 
 S/R cguess will try to guess CPOINT and/or CVECT
 
 THESE GUESSES MAY WELL BE WRONG!!!!
 Routine relies on having a reasonably symmetric
 channel oriented along x, y or z vector
 YOU ARE STRONGLY ADVISED TO CHECK THE RESULTS
                       WITH MOLECULAR GRAPHICS
 testing points from cpoint in X, Y then Z direction
   point                   pore radius
direction     1
  34.804  40.976  40.348    -1.066
  35.804  40.976  40.348    -0.461
  36.804  40.976  40.348     0.414
  37.804  40.976  40.348     1.288
  38.804  40.976  40.348     2.110
  39.804  40.976  40.348     2.186
  40.804  40.976  40.348     1.951
  41.804  40.976  40.348     1.439
  42.804  40.976  40.348     1.260
  43.804  40.976  40.348     0.491
  44.804  40.976  40.348    -0.289
 Average pore radius along the line=      0.848
direction     2
  39.804  35.976  40.348    -0.701
  39.804  36.976  40.348    -1.356
  39.804  37.976  40.348    -0.522
  39.804  38.976  40.348     0.461
  39.804  39.976  40.348     1.455
  39.804  40.976  40.348     2.186
  39.804  41.976  40.348     2.282
  39.804  42.976  40.348     2.179
  39.804  43.976  40.348     1.661
  39.804  44.976  40.348     1.378
  39.804  45.976  40.348     1.392
 Average pore radius along the line=      0.947
direction     3
  39.804  40.976  35.348    -0.926
  39.804  40.976  36.348    -0.147
  39.804  40.976  37.348     0.778
  39.804  40.976  38.348     1.741
  39.804  40.976  39.348     2.508
  39.804  40.976  40.348     2.186
  39.804  40.976  41.348     1.266
  39.804  40.976  42.348     0.454
  39.804  40.976  43.348    -0.221
  39.804  40.976  44.348    -0.953
  39.804  40.976  45.348    -1.671
 Average pore radius along the line=      0.456
 Best direction is found to be     2
(1=X,2=Y,3=Z)
 s/r cguess has produced initial values for cpoint &/or cvect:
CPOINT      39.8036     40.9756     40.3481
CVECT        0.0000      1.0000      0.0000
 THESE GUESSES MAY WELL BE WRONG!!!!
 Routine relies on having a reasonably symmetric
 channel oriented along x, y or z vector
 YOU ARE STRONGLY ADVISED TO CHECK THE RESULTS
                       WITH MOLECULAR GRAPHICS
 
 
  Some routines (e.g. conn) need vectors normal to cvect: 
     EAST Zero degrees angle is along vector    1.000   0.000   0.000
     NORTH  90 degrees angle is along vector    0.000   0.000   1.000
 highest radius point found:
  at point   39.029  40.976  39.200
  closest atom surface    2.592   S4  URE X    1
  2nd closest surface     2.595   O6  URE X    1
  found on step  571
 current point:
  at point   40.203  40.976  39.157
  closest atom surface    2.571   O6  URE X    1
  2nd closest surface     2.572   O2  URE X    1
  found on step  905
  no. of rejections          245
 stored as     0

 highest radius point found:
  at point   39.075  41.176  39.399
  closest atom surface    2.746   O6  URE X    1
  2nd closest surface     2.751   C46 URE X    1
  found on step  337
 current point:
  at point   40.163  41.176  39.352
  closest atom surface    2.725   O6  URE X    1
  2nd closest surface     2.728   S4  URE X    1
  found on step  988
  no. of rejections          257
 stored as     1

 highest radius point found:
  at point   39.248  41.376  39.591
  closest atom surface    2.895   O6  URE X    1
  2nd closest surface     2.904   C46 URE X    1
  found on step  502
 current point:
  at point   40.091  41.376  39.546
  closest atom surface    2.888   O6  URE X    1
  2nd closest surface     2.888   H52 URE X    1
  found on step  975
  no. of rejections          317
 stored as     2

 highest radius point found:
  at point   39.483  41.576  39.659
  closest atom surface    2.953   S5  URE X    1
  2nd closest surface     2.956   S4  URE X    1
  found on step  405
 current point:
  at point   39.700  41.576  39.627
  closest atom surface    2.920   H52 URE X    1
  2nd closest surface     2.927   S4  URE X    1
  found on step  992
  no. of rejections          380
 stored as     3

 highest radius point found:
  at point   39.491  41.776  39.674
  closest atom surface    2.966   S5  URE X    1
  2nd closest surface     2.966   S4  URE X    1
  found on step  978
  this is also current point
  no. of rejections          380
 stored as     4

 highest radius point found:
  at point   39.497  41.976  39.691
  closest atom surface    2.984   S5  URE X    1
  2nd closest surface     2.986   H52 URE X    1
  found on step  921
  this is also current point
  no. of rejections          414
 stored as     5

 highest radius point found:
  at point   39.398  42.176  39.693
  closest atom surface    2.998   S5  URE X    1
  2nd closest surface     2.998   C32 URE X    1
  found on step  994
  this is also current point
  no. of rejections          391
 stored as     6

 highest radius point found:
  at point   39.228  42.376  39.703
  closest atom surface    2.995   S3  URE X    1
  2nd closest surface     2.996   C32 URE X    1
  found on step  668
 current point:
  at point   39.211  42.376  39.703
  closest atom surface    2.994   S3  URE X    1
  2nd closest surface     2.995   S5  URE X    1
  found on step  886
  no. of rejections          392
 stored as     7

 highest radius point found:
  at point   39.084  42.576  39.753
  closest atom surface    2.981   S5  URE X    1
  2nd closest surface     2.982   S3  URE X    1
  found on step  995
  this is also current point
  no. of rejections          389
 stored as     8

 highest radius point found:
  at point   38.944  42.776  39.799
  closest atom surface    2.977   S3  URE X    1
  2nd closest surface     2.980   S5  URE X    1
  found on step  741
 current point:
  at point   38.933  42.776  39.799
  closest atom surface    2.977   S3  URE X    1
  2nd closest surface     2.978   S5  URE X    1
  found on step  949
  no. of rejections          389
 stored as     9

 highest radius point found:
  at point   38.808  42.976  39.849
  closest atom surface    2.988   S5  URE X    1
  2nd closest surface     2.989   S3  URE X    1
  found on step  863
 current point:
  at point   38.797  42.976  39.848
  closest atom surface    2.987   S5  URE X    1
  2nd closest surface     2.988   S3  URE X    1
  found on step  971
  no. of rejections          394
 stored as    10

 highest radius point found:
  at point   38.669  43.176  39.897
  closest atom surface    3.009   C44 URE X    1
  2nd closest surface     3.010   S5  URE X    1
  found on step  929
  this is also current point
  no. of rejections          412
 stored as    11

 highest radius point found:
  at point   38.585  43.376  39.906
  closest atom surface    3.001   C32 URE X    1
  2nd closest surface     3.003   C44 URE X    1
  found on step  946
  this is also current point
  no. of rejections          405
 stored as    12

 highest radius point found:
  at point   38.490  43.576  39.909
  closest atom surface    3.000   C44 URE X    1
  2nd closest surface     3.001   S3  URE X    1
  found on step  766
 current point:
  at point   38.499  43.576  39.911
  closest atom surface    2.999   C32 URE X    1
  2nd closest surface     3.003   S3  URE X    1
  found on step  945
  no. of rejections          388
 stored as    13

 highest radius point found:
  at point   38.406  43.776  39.918
  closest atom surface    3.013   C32 URE X    1
  2nd closest surface     3.014   C44 URE X    1
  found on step  968
  this is also current point
  no. of rejections          382
 stored as    14

 highest radius point found:
  at point   38.319  43.976  39.924
  closest atom surface    3.032   S3  URE X    1
  2nd closest surface     3.032   C32 URE X    1
  found on step  996
  this is also current point
  no. of rejections          386
 stored as    15

 highest radius point found:
  at point   38.229  44.176  39.935
  closest atom surface    3.063   C44 URE X    1
  2nd closest surface     3.063   C32 URE X    1
  found on step  885
  this is also current point
  no. of rejections          404
 stored as    16

 highest radius point found:
  at point   38.139  44.376  39.945
  closest atom surface    3.100   C44 URE X    1
  2nd closest surface     3.103   C32 URE X    1
  found on step  992
  this is also current point
  no. of rejections          397
 stored as    17

 highest radius point found:
  at point   38.053  44.576  39.949
  closest atom surface    3.150   C32 URE X    1
  2nd closest surface     3.151   S3  URE X    1
  found on step  646
 current point:
  at point   38.045  44.576  39.946
  closest atom surface    3.148   C44 URE X    1
  2nd closest surface     3.150   S3  URE X    1
  found on step  992
  no. of rejections          384
 stored as    18

 highest radius point found:
  at point   37.962  44.776  39.956
  closest atom surface    3.207   S3  URE X    1
  2nd closest surface     3.209   C44 URE X    1
  found on step  556
 current point:
  at point   37.959  44.776  39.956
  closest atom surface    3.207   C44 URE X    1
  2nd closest surface     3.208   S3  URE X    1
  found on step  939
  no. of rejections          370
 stored as    19

 highest radius point found:
  at point   37.890  44.976  40.009
  closest atom surface    3.259   C50 URE X    1
  2nd closest surface     3.260   C32 URE X    1
  found on step  939
  this is also current point
  no. of rejections          399
 stored as    20

 highest radius point found:
  at point   37.822  45.176  40.065
  closest atom surface    3.314   C32 URE X    1
  2nd closest surface     3.314   C50 URE X    1
  found on step  988
  this is also current point
  no. of rejections          395
 stored as    21

 highest radius point found:
  at point   37.755  45.376  40.101
  closest atom surface    3.375   S6  URE X    1
  2nd closest surface     3.375   C50 URE X    1
  found on step  973
  this is also current point
  no. of rejections          373
 stored as    22

 highest radius point found:
  at point   37.689  45.576  40.117
  closest atom surface    3.443   C50 URE X    1
  2nd closest surface     3.444   C32 URE X    1
  found on step  118
 current point:
  at point   37.686  45.576  40.123
  closest atom surface    3.442   C50 URE X    1
  2nd closest surface     3.446   C32 URE X    1
  found on step  956
  no. of rejections          368
 stored as    23

 highest radius point found:
  at point   37.622  45.776  40.157
  closest atom surface    3.520   C50 URE X    1
  2nd closest surface     3.521   S6  URE X    1
  found on step  792
 current point:
  at point   37.625  45.776  40.084
  closest atom surface    3.516   C32 URE X    1
  2nd closest surface     3.516   C50 URE X    1
  found on step  897
  no. of rejections          379
 stored as    24

 highest radius point found:
  at point   37.560  45.976  40.127
  closest atom surface    3.598   C32 URE X    1
  2nd closest surface     3.602   C50 URE X    1
  found on step  577
 current point:
  at point   37.560  45.976  40.081
  closest atom surface    3.598   C32 URE X    1
  2nd closest surface     3.598   C50 URE X    1
  found on step  996
  no. of rejections          364
 stored as    25

 highest radius point found:
  at point   37.489  46.176  40.203
  closest atom surface    3.694   C50 URE X    1
  2nd closest surface     3.695   C32 URE X    1
  found on step  746
 current point:
  at point   37.489  46.176  40.177
  closest atom surface    3.691   C50 URE X    1
  2nd closest surface     3.693   C32 URE X    1
  found on step  961
  no. of rejections          359
 stored as    26

 highest radius point found:
  at point   37.423  46.376  40.236
  closest atom surface    3.791   C32 URE X    1
  2nd closest surface     3.792   C50 URE X    1
  found on step  941
  this is also current point
  no. of rejections          349
 stored as    27

 highest radius point found:
  at point   37.357  46.576  40.244
  closest atom surface    3.893   C32 URE X    1
  2nd closest surface     3.894   C50 URE X    1
  found on step  655
 current point:
  at point   37.368  46.576  39.962
  closest atom surface    3.877   C50 URE X    1
  2nd closest surface     3.877   C32 URE X    1
  found on step 1000
  no. of rejections          366
 stored as    28

 highest radius point found:
  at point   37.291  46.776  40.290
  closest atom surface    4.003   C32 URE X    1
  2nd closest surface     4.005   C50 URE X    1
  found on step  593
 current point:
  at point   37.291  46.776  40.235
  closest atom surface    4.000   C50 URE X    1
  2nd closest surface     4.000   C32 URE X    1
  found on step  965
  no. of rejections          370
 stored as    29

 highest radius point found:
  at point   37.223  46.976  40.321
  closest atom surface    4.118   S6  URE X    1
  2nd closest surface     4.119   C32 URE X    1
  found on step  726
 current point:
  at point   37.224  46.976  40.306
  closest atom surface    4.117   C32 URE X    1
  2nd closest surface     4.118   C50 URE X    1
  found on step  990
  no. of rejections          343
 stored as    30

 highest radius point found:
  at point   37.156  47.176  40.344
  closest atom surface    4.239   C50 URE X    1
  2nd closest surface     4.239   C32 URE X    1
  found on step  943
  this is also current point
  no. of rejections          321
 stored as    31

 highest radius point found:
  at point   37.090  47.376  40.310
  closest atom surface    4.357   H70 URE X    1
  2nd closest surface     4.357   C50 URE X    1
  found on step  894
  this is also current point
  no. of rejections          333
 stored as    32

 highest radius point found:
  at point   37.028  47.576  40.274
  closest atom surface    4.481   H70 URE X    1
  2nd closest surface     4.482   C32 URE X    1
  found on step  775
 current point:
  at point   37.038  47.576  40.007
  closest atom surface    4.466   C50 URE X    1
  2nd closest surface     4.466   C32 URE X    1
  found on step  988
  no. of rejections          355
 stored as    33

 highest radius point found:
  at point   36.968  47.776  40.319
  closest atom surface    4.610   H70 URE X    1
  2nd closest surface     4.611   C32 URE X    1
  found on step  747
 current point:
  at point   36.965  47.776  40.341
  closest atom surface    4.608   H70 URE X    1
  2nd closest surface     4.608   O13 URE X    1
  found on step  888
  no. of rejections          301
 stored as    34

 highest radius point found:
  at point   36.901  47.976  40.201
  closest atom surface    4.742   H70 URE X    1
  2nd closest surface     4.743   C32 URE X    1
  found on step  713
 current point:
  at point   36.903  47.976  40.238
  closest atom surface    4.741   H46 URE X    1
  2nd closest surface     4.742   C32 URE X    1
  found on step  966
  no. of rejections          336
 stored as    35

 highest radius point found:
  at point   36.806  48.176  40.093
  closest atom surface    4.861   H46 URE X    1
  2nd closest surface     4.861   C50 URE X    1
  found on step  918
  this is also current point
  no. of rejections          330
 stored as    36

 highest radius point found:
  at point   36.705  48.376  40.052
  closest atom surface    4.985   C50 URE X    1
  2nd closest surface     4.986   H46 URE X    1
  found on step  644
 current point:
  at point   36.698  48.376  40.339
  closest atom surface    4.982   H70 URE X    1
  2nd closest surface     4.983   H46 URE X    1
  found on step  932
  no. of rejections          324
 stored as    37

 highest radius point found:
  at point   36.631  48.576  39.701
  closest atom surface    5.116   C50 URE X    1
  2nd closest surface     5.118   H46 URE X    1
  found on step  642
 current point:
  at point   36.603  48.576  40.043
  closest atom surface    5.116   H46 URE X    1
  2nd closest surface     5.117   C50 URE X    1
  found on step  898
  no. of rejections          310
 stored as    38

 highest radius point found:
  at point   36.498  48.776  40.057
  closest atom surface    5.253   C50 URE X    1
  2nd closest surface     5.253   H70 URE X    1
  found on step  524
 current point:
  at point   36.522  48.776  39.782
  closest atom surface    5.251   C50 URE X    1
  2nd closest surface     5.251   H46 URE X    1
  found on step  937
  no. of rejections          304
 stored as    39

 highest radius point found:
  at point   36.391  48.976  40.660
  closest atom surface    5.394   H70 URE X    1
  2nd closest surface     5.395   O13 URE X    1
  found on step  980
  this is also current point
  no. of rejections          336
 stored as    40

 highest radius point found:
  at point   36.273  49.176  40.750
  closest atom surface    5.538   H70 URE X    1
  2nd closest surface     5.542   O13 URE X    1
  found on step   27
 current point:
  at point   33.670  49.176  42.740
  closest atom surface    5.516   H70 URE X    1
  2nd closest surface     5.516   N11 URE X    1
  found on step  981
  no. of rejections          250
 stored as    41

 highest radius point found:
  at point   36.188  49.376  40.780
  closest atom surface    5.695   H70 URE X    1
  2nd closest surface     5.696   H46 URE X    1
  found on step  648
 current point:
  at point   36.190  49.376  40.731
  closest atom surface    5.690   H46 URE X    1
  2nd closest surface     5.692   H70 URE X    1
  found on step  943
  no. of rejections          292
 stored as    42

 highest radius point found:
  at point   36.075  49.576  40.867
  closest atom surface    5.850   H70 URE X    1
  2nd closest surface     5.850   O13 URE X    1
  found on step  144
 current point:
  at point   36.139  49.576  39.453
  closest atom surface    5.846   C50 URE X    1
  2nd closest surface     5.850   S3  URE X    1
  found on step  991
  no. of rejections          252
 stored as    43

 highest radius point found:
  at point   35.980  49.776  40.914
  closest atom surface    6.013   H70 URE X    1
  2nd closest surface     6.013   O13 URE X    1
  found on step  850
 current point:
  at point   35.981  49.776  40.914
  closest atom surface    6.012   O13 URE X    1
  2nd closest surface     6.013   H70 URE X    1
  found on step  967
  no. of rejections          310
 stored as    44

 highest radius point found:
  at point   31.000  49.976  43.774
  closest atom surface    6.816   H71 URE X    1
  2nd closest surface     6.818   N11 URE X    1
  found on step  998
  this is also current point
  no. of rejections          199
 stored as    45

 highest radius point found:
  at point   23.663  50.176  46.538
  closest atom surface   11.131   O18 URE X    1
  2nd closest surface    11.428   C43 URE X    1
  found on step 1000
  this is also current point
  no. of rejections          226
 stored as    46

 highest radius point found:
  at point   12.730  50.376  47.983
  closest atom surface   20.498   O18 URE X    1
  2nd closest surface    20.614   C51 URE X    1
  found on step 1000
  this is also current point
  no. of rejections          233
 stored as    47

 highest radius point found:
  at point    1.205  50.576  51.473
  closest atom surface   31.804   O18 URE X    1
  2nd closest surface    32.122   C51 URE X    1
  found on step  999
  this is also current point
  no. of rejections          235
 This is an end! (radius above  22.0 angs)
 highest radius point found:
  at point   39.022  40.776  39.011
  closest atom surface    2.448   O6  URE X    1
  2nd closest surface     2.450   S4  URE X    1
  found on step  970
  this is also current point
  no. of rejections          264
 stored as    -1

 highest radius point found:
  at point   39.025  40.576  38.819
  closest atom surface    2.315   O6  URE X    1
  2nd closest surface     2.315   S4  URE X    1
  found on step  924
  this is also current point
  no. of rejections          265
 stored as    -2

 highest radius point found:
  at point   39.022  40.376  38.628
  closest atom surface    2.196   N4  URE X    1
  2nd closest surface     2.197   S4  URE X    1
  found on step  919
  this is also current point
  no. of rejections          337
 stored as    -3

 highest radius point found:
  at point   40.321  40.176  38.387
  closest atom surface    2.097   S4  URE X    1
  2nd closest surface     2.098   O6  URE X    1
  found on step  917
  this is also current point
  no. of rejections          349
 stored as    -4

 highest radius point found:
  at point   40.348  39.976  38.199
  closest atom surface    2.020   S4  URE X    1
  2nd closest surface     2.021   O6  URE X    1
  found on step  912
  this is also current point
  no. of rejections          322
 stored as    -5

 highest radius point found:
  at point   40.387  39.776  38.015
  closest atom surface    1.962   O6  URE X    1
  2nd closest surface     1.964   O2  URE X    1
  found on step  537
 current point:
  at point   40.058  39.776  38.023
  closest atom surface    1.913   O6  URE X    1
  2nd closest surface     1.916   S4  URE X    1
  found on step  971
  no. of rejections          334
 stored as    -6

 highest radius point found:
  at point   40.418  39.576  37.825
  closest atom surface    1.927   O6  URE X    1
  2nd closest surface     1.928   S4  URE X    1
  found on step  961
  this is also current point
  no. of rejections          359
 stored as    -7

 highest radius point found:
  at point   40.451  39.376  37.640
  closest atom surface    1.910   O6  URE X    1
  2nd closest surface     1.910   O2  URE X    1
  found on step  723
 current point:
  at point   40.446  39.376  37.640
  closest atom surface    1.909   O6  URE X    1
  2nd closest surface     1.910   S4  URE X    1
  found on step  996
  no. of rejections          389
 stored as    -8

 highest radius point found:
  at point   40.482  39.176  37.458
  closest atom surface    1.911   O6  URE X    1
  2nd closest surface     1.914   O2  URE X    1
  found on step  908
  this is also current point
  no. of rejections          366
 stored as    -9

 highest radius point found:
  at point   40.518  38.976  37.272
  closest atom surface    1.936   O2  URE X    1
  2nd closest surface     1.936   S4  URE X    1
  found on step  969
  this is also current point
  no. of rejections          368
 stored as   -10

 highest radius point found:
  at point   40.552  38.776  37.087
  closest atom surface    1.977   S4  URE X    1
  2nd closest surface     1.979   O2  URE X    1
  found on step  113
 current point:
  at point   39.382  38.776  37.129
  closest atom surface    1.870   H19 URE X    1
  2nd closest surface     1.870   S4  URE X    1
  found on step  924
  no. of rejections          326
 stored as   -11

 highest radius point found:
  at point   40.585  38.576  36.909
  closest atom surface    2.039   S4  URE X    1
  2nd closest surface     2.040   O2  URE X    1
  found on step  849
 current point:
  at point   40.587  38.576  36.909
  closest atom surface    2.039   O2  URE X    1
  2nd closest surface     2.039   S4  URE X    1
  found on step  978
  no. of rejections          355
 stored as   -12

 highest radius point found:
  at point   40.615  38.376  36.732
  closest atom surface    2.118   S4  URE X    1
  2nd closest surface     2.119   O6  URE X    1
  found on step  968
  this is also current point
  no. of rejections          341
 stored as   -13

 highest radius point found:
  at point   40.663  38.176  36.543
  closest atom surface    2.212   S4  URE X    1
  2nd closest surface     2.212   O2  URE X    1
  found on step  748
 current point:
  at point   40.652  38.176  36.557
  closest atom surface    2.212   O6  URE X    1
  2nd closest surface     2.213   O2  URE X    1
  found on step  944
  no. of rejections          313
 stored as   -14

 highest radius point found:
  at point   42.211  37.976  35.055
  closest atom surface    2.514   O2  URE X    1
  2nd closest surface     2.514   C25 URE X    1
  found on step  976
  this is also current point
  no. of rejections          310
 stored as   -15

 highest radius point found:
  at point   42.170  37.776  34.953
  closest atom surface    2.657   O2  URE X    1
  2nd closest surface     2.658   C25 URE X    1
  found on step  973
  this is also current point
  no. of rejections          284
 stored as   -16

 highest radius point found:
  at point   42.127  37.576  34.847
  closest atom surface    2.807   O11 URE X    1
  2nd closest surface     2.807   C25 URE X    1
  found on step  968
  this is also current point
  no. of rejections          255
 stored as   -17

 highest radius point found:
  at point   42.082  37.376  34.750
  closest atom surface    2.965   C25 URE X    1
  2nd closest surface     2.965   O2  URE X    1
  found on step  977
  this is also current point
  no. of rejections          280
 stored as   -18

 highest radius point found:
  at point   42.009  37.176  34.658
  closest atom surface    3.123   C25 URE X    1
  2nd closest surface     3.131   O2  URE X    1
  found on step  761
 current point:
  at point   41.824  37.176  34.754
  closest atom surface    3.113   C25 URE X    1
  2nd closest surface     3.115   O2  URE X    1
  found on step  968
  no. of rejections          263
 stored as   -19

 highest radius point found:
  at point   41.996  36.976  34.545
  closest atom surface    3.294   C25 URE X    1
  2nd closest surface     3.295   O11 URE X    1
  found on step  802
 current point:
  at point   41.991  36.976  34.547
  closest atom surface    3.293   C25 URE X    1
  2nd closest surface     3.297   O2  URE X    1
  found on step  987
  no. of rejections          232
 stored as   -20

 highest radius point found:
  at point   41.952  36.776  34.448
  closest atom surface    3.466   C25 URE X    1
  2nd closest surface     3.467   O2  URE X    1
  found on step  968
  this is also current point
  no. of rejections          183
 stored as   -21

 highest radius point found:
  at point   41.913  36.576  34.346
  closest atom surface    3.643   C25 URE X    1
  2nd closest surface     3.643   O2  URE X    1
  found on step  886
  this is also current point
  no. of rejections          243
 stored as   -22

 highest radius point found:
  at point   39.394  36.376  31.085
  closest atom surface    4.508   H35 URE X    1
  2nd closest surface     4.517   S4  URE X    1
  found on step  999
  this is also current point
  no. of rejections          148
 stored as   -23

 highest radius point found:
  at point   41.838  36.176  22.011
  closest atom surface   11.009   O8  URE X    1
  2nd closest surface    11.053   O11 URE X    1
  found on step 1000
  this is also current point
  no. of rejections          240
 stored as   -24

 highest radius point found:
  at point   44.657  35.976  11.527
  closest atom surface   20.878   O11 URE X    1
  2nd closest surface    20.924   O8  URE X    1
  found on step 1000
  this is also current point
  no. of rejections          250
 stored as   -25

 highest radius point found:
  at point   47.698  35.776  -0.943
  closest atom surface   33.328   O11 URE X    1
  2nd closest surface    33.336   O8  URE X    1
  found on step 1000
  this is also current point
  no. of rejections          247
 This is an end! (radius above  22.0 angs)
 
 N.b. Graph information routine (HOGRAP) differs 
        markedly from previous versions!
       Information now is written from -ve end
       to +ve in one pass
 
 Explanation of the meaning of each column: 
 First column "cenxyz.cvec" is the coordinate in the
   direction of the channel vector i.e. if the channel
   vector is in z (0 0 1) then it is the z coordinate.
 The second column "radius" is the hole pore radius 
   (as defined in the Biophys J 1993) article).
 The third column "cen_line_D" is the distance 
   measured along the pore centre line - with the 
   first point found set to zero. This was the first
   thing that I used to measure the distance along a pore
   but "cenxyz.cvec" is a much better general measure. 
   However, by comparing changes in this distance to changes in '   "cenxyz.cvec" one can get a measure of how straight a 
   channel is.
 The fourth column "sum{s/(area)}" is useful in conductance
   prediction -
   basically it is the sum of the thickness of each slab
   divided by its area. HOLE uses this measure to estimate
   the macroscopic conductance of a channel.
 If any of this worries you one can see the "raw" results
   of a standard hole run by producing a sphpdb file and 
    directly looking at the results.
 cenxyz.cvec      radius  cen_line_D sum{s/(area point sourc
    35.97564    20.87807   -33.05138     0.00007   (sampled)
    36.07564    15.81335   -27.62210     0.00020 (mid-point)
    36.17564    11.00948   -22.19283     0.00046   (sampled)
    36.27564     7.19420   -17.49309     0.00108 (mid-point)
    36.37564     4.50758   -12.79336     0.00264   (sampled)
    36.47564     3.66900   -10.73035     0.00501 (mid-point)
    36.57564     3.64255    -8.66734     0.00741   (sampled)
    36.67564     3.55390    -8.55338     0.00993 (mid-point)
    36.77564     3.46622    -8.43942     0.01258   (sampled)
    36.87564     3.37948    -8.32629     0.01536 (mid-point)
    36.97564     3.29375    -8.21316     0.01830   (sampled)
    37.07564     3.20786    -8.09812     0.02139 (mid-point)
    37.17564     3.12314    -7.98307     0.02466   (sampled)
    37.27564     3.04326    -7.86687     0.02809 (mid-point)
    37.37564     2.96487    -7.75067     0.03171   (sampled)
    37.47564     2.88537    -7.63748     0.03554 (mid-point)
    37.57564     2.80713    -7.52428     0.03958   (sampled)
    37.67564     2.73177    -7.40903     0.04384 (mid-point)
    37.77564     2.65708    -7.29378     0.04835   (sampled)
    37.87564     2.58442    -7.17965     0.05312 (mid-point)
    37.97564     2.51363    -7.06552     0.05815   (sampled)
    38.07564     2.21829    -5.98726     0.06462 (mid-point)
    38.17564     2.21218    -4.90899     0.07113   (sampled)
    38.27564     2.16300    -4.76940     0.07793 (mid-point)
    38.37564     2.11797    -4.62981     0.08503   (sampled)
    38.47564     2.07654    -4.49538     0.09241 (mid-point)
    38.57564     2.03916    -4.36095     0.10006   (sampled)
    38.67564     2.00584    -4.22601     0.10798 (mid-point)
    38.77564     1.97682    -4.09107     0.11612   (sampled)
    38.87564     1.95422    -3.95373     0.12446 (mid-point)
    38.97564     1.93577    -3.81640     0.13295   (sampled)
    39.07564     1.92148    -3.67868     0.14157 (mid-point)
    39.17564     1.91105    -3.54096     0.15029   (sampled)
    39.27564     1.90782    -3.40487     0.15903 (mid-point)
    39.37564     1.90980    -3.26878     0.16776   (sampled)
    39.47564     1.91576    -3.13154     0.17643 (mid-point)
    39.57564     1.92698    -2.99430     0.18500   (sampled)
    39.67564     1.94209    -2.85545     0.19344 (mid-point)
    39.77564     1.96247    -2.71660     0.20171   (sampled)
    39.87564     1.98914    -2.57953     0.20975 (mid-point)
    39.97564     2.02039    -2.44246     0.21755   (sampled)
    40.07564     2.05671    -2.30430     0.22508 (mid-point)
    40.17564     2.09737    -2.16615     0.23231   (sampled)
    40.27564     2.08901    -1.49770     0.23961 (mid-point)
    40.37564     2.19578    -0.82925     0.24621   (sampled)
    40.47564     2.25443    -0.69086     0.25247 (mid-point)
    40.57564     2.31510    -0.55247     0.25841   (sampled)
    40.67564     2.37987    -0.41370     0.26403 (mid-point)
    40.77564     2.44832    -0.27492     0.26934   (sampled)
    40.87564     2.51908    -0.13746     0.27436 (mid-point)
    40.97564     2.59165    -0.00000     0.27910   (sampled)
    41.07564     2.66841     0.14282     0.28357 (mid-point)
    41.17564     2.74564     0.28565     0.28779   (sampled)
    41.27564     2.81786     0.44939     0.29180 (mid-point)
    41.37564     2.89485     0.61314     0.29560   (sampled)
    41.47564     2.92963     0.77106     0.29931 (mid-point)
    41.57564     2.95290     0.92897     0.30296   (sampled)
    41.67564     2.95827     1.02932     0.30659 (mid-point)
    41.77564     2.96566     1.12966     0.31021   (sampled)
    41.87564     2.97371     1.23008     0.31381 (mid-point)
    41.97564     2.98377     1.33049     0.31739   (sampled)
    42.07564     2.98947     1.44194     0.32095 (mid-point)
    42.17564     2.99765     1.55339     0.32449   (sampled)
    42.27564     2.99482     1.68473     0.32804 (mid-point)
    42.37564     2.99546     1.81608     0.33159   (sampled)
    42.47564     2.98716     1.94184     0.33515 (mid-point)
    42.57564     2.98091     2.06760     0.33874   (sampled)
    42.67564     2.97814     2.19203     0.34233 (mid-point)
    42.77564     2.97736     2.31646     0.34592   (sampled)
    42.87564     2.98177     2.43976     0.34950 (mid-point)
    42.97564     2.98787     2.56306     0.35306   (sampled)
    43.07564     2.99724     2.68717     0.35661 (mid-point)
    43.17564     3.00899     2.81128     0.36012   (sampled)
    43.27564     3.00462     2.91987     0.36365 (mid-point)
    43.37564     3.00110     3.02846     0.36718   (sampled)
    43.47564     3.00031     3.13917     0.37072 (mid-point)
    43.57564     3.00047     3.24989     0.37425   (sampled)
    43.67564     3.00586     3.35841     0.37778 (mid-point)
    43.77564     3.01318     3.46693     0.38128   (sampled)
    43.87564     3.02144     3.57611     0.38477 (mid-point)
    43.97564     3.03207     3.68528     0.38823   (sampled)
    44.07564     3.04639     3.79506     0.39166 (mid-point)
    44.17564     3.06288     3.90485     0.39505   (sampled)
    44.27564     3.08047     4.01454     0.39841 (mid-point)
    44.37564     3.10044     4.12424     0.40172   (sampled)
    44.47564     3.12526     4.23317     0.40498 (mid-point)
    44.57564     3.14954     4.34210     0.40819   (sampled)
    44.67564     3.17818     4.45195     0.41134 (mid-point)
    44.77564     3.20734     4.56179     0.41443   (sampled)
    44.87564     3.23329     4.67155     0.41748 (mid-point)
    44.97564     3.25929     4.78130     0.42047   (sampled)
    45.07564     3.28543     4.89046     0.42342 (mid-point)
    45.17564     3.31364     4.99962     0.42632   (sampled)
    45.27564     3.34343     5.10662     0.42917 (mid-point)
    45.37564     3.37507     5.21361     0.43196   (sampled)
    45.47564     3.40830     5.31923     0.43470 (mid-point)
    45.57564     3.44336     5.42485     0.43739   (sampled)
    45.67564     3.48096     5.53218     0.44002 (mid-point)
    45.77564     3.52043     5.63951     0.44258   (sampled)
    45.87564     3.55882     5.74528     0.44510 (mid-point)
    45.97564     3.59848     5.85104     0.44756   (sampled)
    46.07564     3.64571     5.96379     0.44995 (mid-point)
    46.17564     3.69379     6.07653     0.45228   (sampled)
    46.27564     3.74214     6.18304     0.45456 (mid-point)
    46.37564     3.79107     6.28955     0.45677   (sampled)
    46.47564     3.84121     6.39491     0.45893 (mid-point)
    46.57564     3.89284     6.50027     0.46103   (sampled)
    46.67564     3.94710     6.60816     0.46307 (mid-point)
    46.77564     4.00284     6.71604     0.46506   (sampled)
    46.87564     4.06032     6.82273     0.46699 (mid-point)
    46.97564     4.11819     6.92941     0.46887   (sampled)
    47.07564     4.17851     7.03555     0.47069 (mid-point)
    47.17564     4.23883     7.14169     0.47246   (sampled)
    47.27564     4.29741     7.24833     0.47419 (mid-point)
    47.37564     4.35698     7.35497     0.47586   (sampled)
    47.47564     4.41808     7.46115     0.47749 (mid-point)
    47.57564     4.48055     7.56734     0.47908   (sampled)
    47.67564     4.54451     7.67414     0.48062 (mid-point)
    47.77564     4.60977     7.78094     0.48212   (sampled)
    47.87564     4.67480     7.90167     0.48357 (mid-point)
    47.97564     4.74164     8.02241     0.48499   (sampled)
    48.07564     4.80150     8.14572     0.48637 (mid-point)
    48.17564     4.86056     8.26902     0.48772   (sampled)
    48.27564     4.92236     8.38286     0.48903 (mid-point)
    48.37564     4.98533     8.49669     0.49031   (sampled)
    48.47564     5.04805     8.70230     0.49156 (mid-point)
    48.57564     5.11628     8.90791     0.49278   (sampled)
    48.67564     5.18154     9.12253     0.49396 (mid-point)
    48.77564     5.25269     9.33715     0.49512   (sampled)
    48.87564     5.31570     9.65955     0.49624 (mid-point)
    48.97564     5.39418     9.98195     0.49734   (sampled)
    49.07564     5.46512    10.10645     0.49840 (mid-point)
    49.17564     5.53766    10.23094     0.49944   (sampled)
    49.27564     5.61568    10.34070     0.50045 (mid-point)
    49.37564     5.69458    10.45046     0.50143   (sampled)
    49.47564     5.77176    10.57305     0.50239 (mid-point)
    49.57564     5.85026    10.69564     0.50332   (sampled)
    49.67564     5.93110    10.80881     0.50422 (mid-point)
    49.77564     6.01284    10.92197     0.50510   (sampled)
    49.87564     6.05279    13.79542     0.50597 (mid-point)
    49.97564     6.81573    16.66887     0.50666   (sampled)
    50.07564     8.61632    20.59037     0.50709 (mid-point)
    50.17564    11.13061    24.51187     0.50734   (sampled)
    50.27564    15.56984    30.02667     0.50747 (mid-point)
    50.37564    20.49786    35.54148     0.50755   (sampled)

 Minimum radius found:      1.908 angstroms.



 For spherical probe approach, The geometric factor
         F= sum(ds/area) along channel is    0.508 angstroms**-1
 This yields a macroscopic predicted molar conductance of:
   (1/rho)*(100/F)= (200/rho) pS,
   where rho is the conductivity of 1M permeant ion in ohm m.
 N.B. this is a macroscopic conductance - an overestimate 
 Empirically corrected conductances currently only available
 With the CAPSULE option (although its not that stable!)
 For 1M KCl rho= 1/12 (ohm m), So Gmacro= 2400 pS/M.
  (TAG      1   Rmin=     1.90782   Gmacro=  2364.30210 Conn_Gmacro=    -1.00000 ).
 HOLE: normal completion
