 *** Program HOLE ***
 
 If results of this run are reported or published, please
 cite the publication listed below.
 For the HOLE program:
   Smart, O.S., Goodfellow, J.M., Wallace, B.A. (1993). 
   The pore dimensions of gramicidin A. 
   Biophys. J., 65, 2455-2460.
 
 Originally written by Oliver Smart at Birkbeck College from April 1992.
 Copyright 1993-2005 Oliver Smart
 Copyright 2014-2015 SmartSci Limited.
 Copyright 2016 Oliver Smart.
 
 For help on HOLE suite see  http://www.holeprogram.org/
 
 HOLE release 2.2.005 (07 August 2016) 
 
 usage subject to Apache License, Version 2.0 
 see http://www.apache.org/licenses/LICENSE-2.0 

 Control variables read:

! Input file for Oliver Smart's HOLE program
! written by MDAnalysis.analysis.hole2.HoleAnalysis
! for a Universe
! u = mda.Universe(/afs/crc.nd.edu/user/m/mfarshad/Private/ML-new/traj/host-urea
!    /afs/crc.nd.edu/user/m/mfarshad/Private/ML-new/traj/host-urea+cage3/host_ur
!   )
! Frame 10

COORD  /tmp/2550329.1.long/tmp1hy9p6is.pdb
RADIUS simple2.rad
SPHPDB hole010.sph
SAMPLE 0.200000
ENDRAD 22.000000
IGNORE SOL WAT TIP HOH K   NA  CL
SHORTO 0
RASEED 31415
CPOINT 40.0554966736 40.5501747131 39.9306108093


 WARNING have not found a CVECT record - will try to guess
 Input pdb filename read as:    '/tmp/2550329.1.long/tmp1hy9p6is.pdb'
 Input vdW radius file read as: 'simple2.rad'
 point in channel:   40.056  40.550  39.931
 channel vector:   ************************
 sampling distance between planes:    0.200

 graphics conditions:
 binary plot output file name: NONE
 Dot density:    10
 Draw dots?           T
 Draw close contacts? F
 Draw centre line?    T
 Produce spikes rather than dots? F
 Seed for random number generator:     31415 (0 means value set by program)
 Radius above which a result is regarded as an 'end':  22.000
 Pdb format file for sphere centres: hole010.sph

 Monte Carlo conditions:
  no of steps:  1000
  maximum displacement   0.100 angs
  'kT' initial   0.100 angs
 The spherebox and capsule options are turned off.
 (No molqpt card so will not write qpt file of the molecule)
 IGNORE card read so will ignore residue types: SOL WAT TIP HOH K   NA  CL
 no SHORTO card read so will produce full textual output
 As no PEGRAT card was found will not produce PEG polymer exclusion graph
 (No 2DMAPS card specified so will not produce 2D property maps)
 Have not found a CUT card.  Normal calculation using
   Cutoff lists with a cutsize=       1.000
   (if you wish to turn off option use a CUT -1 card)

 Have read     7 bond radius records and
              16 vdW radius records.
 From file: simple2.rad

 Have read   100 atom records.
 From file: /tmp/2550329.1.long/tmp1hy9p6is.pdb
 Will not produce graphical output

 Have opened file for pdb format output of sphere centres:  hole010.sph

  Seed integer used by ran # generator on this run      31415

 
 S/R cguess will try to guess CPOINT and/or CVECT
 
 THESE GUESSES MAY WELL BE WRONG!!!!
 Routine relies on having a reasonably symmetric
 channel oriented along x, y or z vector
 YOU ARE STRONGLY ADVISED TO CHECK THE RESULTS
                       WITH MOLECULAR GRAPHICS
 testing points from cpoint in X, Y then Z direction
   point                   pore radius
direction     1
  35.056  40.550  39.931     0.251
  36.056  40.550  39.931    -0.233
  37.056  40.550  39.931    -0.154
  38.056  40.550  39.931     0.305
  39.056  40.550  39.931     1.050
  40.056  40.550  39.931     1.915
  41.056  40.550  39.931     1.429
  42.056  40.550  39.931     0.591
  43.056  40.550  39.931    -0.070
  44.056  40.550  39.931    -0.308
  45.056  40.550  39.931     0.044
 Average pore radius along the line=      0.438
direction     2
  40.056  35.550  39.931     0.685
  40.056  36.550  39.931     0.905
  40.056  37.550  39.931     1.450
  40.056  38.550  39.931     1.644
  40.056  39.550  39.931     1.945
  40.056  40.550  39.931     1.915
  40.056  41.550  39.931     1.475
  40.056  42.550  39.931     0.490
  40.056  43.550  39.931    -0.470
  40.056  44.550  39.931    -1.195
  40.056  45.550  39.931    -0.640
 Average pore radius along the line=      0.746
direction     3
  40.056  40.550  34.931    -0.609
  40.056  40.550  35.931    -0.082
  40.056  40.550  36.931     0.618
  40.056  40.550  37.931     1.259
  40.056  40.550  38.931     1.653
  40.056  40.550  39.931     1.915
  40.056  40.550  40.931     1.509
  40.056  40.550  41.931     1.238
  40.056  40.550  42.931     0.770
  40.056  40.550  43.931     0.379
  40.056  40.550  44.931     0.126
 Average pore radius along the line=      0.798
 Best direction is found to be     3
(1=X,2=Y,3=Z)
 s/r cguess has produced initial values for cpoint &/or cvect:
CPOINT      40.0555     40.5502     39.9306
CVECT        0.0000      0.0000      1.0000
 THESE GUESSES MAY WELL BE WRONG!!!!
 Routine relies on having a reasonably symmetric
 channel oriented along x, y or z vector
 YOU ARE STRONGLY ADVISED TO CHECK THE RESULTS
                       WITH MOLECULAR GRAPHICS
 
 
  Some routines (e.g. conn) need vectors normal to cvect: 
     EAST Zero degrees angle is along vector    1.000   0.000   0.000
     NORTH  90 degrees angle is along vector    0.000  -1.000   0.000
 highest radius point found:
  at point   40.130  39.964  39.931
  closest atom surface    2.199   C34 URE X    1
  2nd closest surface     2.199   C22 URE X    1
  found on step  861
 current point:
  at point   40.132  39.960  39.931
  closest atom surface    2.198   C34 URE X    1
  2nd closest surface     2.200   C22 URE X    1
  found on step  882
  no. of rejections          389
 stored as     0

 highest radius point found:
  at point   40.236  39.825  40.131
  closest atom surface    2.266   C35 URE X    1
  2nd closest surface     2.267   C12 URE X    1
  found on step  922
  this is also current point
  no. of rejections          368
 stored as     1

 highest radius point found:
  at point   40.317  39.637  40.331
  closest atom surface    2.305   C12 URE X    1
  2nd closest surface     2.306   C35 URE X    1
  found on step  276
 current point:
  at point   40.324  39.607  40.331
  closest atom surface    2.305   C35 URE X    1
  2nd closest surface     2.305   C22 URE X    1
  found on step  910
  no. of rejections          381
 stored as     2

 highest radius point found:
  at point   40.575  38.882  40.531
  closest atom surface    2.368   C35 URE X    1
  2nd closest surface     2.369   C22 URE X    1
  found on step  614
 current point:
  at point   40.406  39.411  40.531
  closest atom surface    2.366   C22 URE X    1
  2nd closest surface     2.366   C35 URE X    1
  found on step  949
  no. of rejections          363
 stored as     3

 highest radius point found:
  at point   40.629  38.765  40.731
  closest atom surface    2.464   C22 URE X    1
  2nd closest surface     2.468   C36 URE X    1
  found on step   16
 current point:
  at point   40.492  39.225  40.731
  closest atom surface    2.442   C35 URE X    1
  2nd closest surface     2.442   N1  URE X    1
  found on step  895
  no. of rejections          384
 stored as     4

 highest radius point found:
  at point   40.685  38.851  40.931
  closest atom surface    2.508   C36 URE X    1
  2nd closest surface     2.508   N1  URE X    1
  found on step  803
 current point:
  at point   40.687  38.835  40.931
  closest atom surface    2.506   C36 URE X    1
  2nd closest surface     2.507   N1  URE X    1
  found on step  968
  no. of rejections          384
 stored as     5

 highest radius point found:
  at point   40.743  38.946  41.131
  closest atom surface    2.556   N1  URE X    1
  2nd closest surface     2.557   C35 URE X    1
  found on step  910
  this is also current point
  no. of rejections          379
 stored as     6

 highest radius point found:
  at point   40.788  39.043  41.331
  closest atom surface    2.599   C13 URE X    1
  2nd closest surface     2.604   N1  URE X    1
  found on step  435
 current point:
  at point   40.927  38.186  41.331
  closest atom surface    2.585   H16 URE X    1
  2nd closest surface     2.586   C36 URE X    1
  found on step  943
  no. of rejections          366
 stored as     7

 highest radius point found:
  at point   40.892  38.899  41.531
  closest atom surface    2.660   C36 URE X    1
  2nd closest surface     2.660   H16 URE X    1
  found on step  942
  this is also current point
  no. of rejections          367
 stored as     8

 highest radius point found:
  at point   40.997  38.799  41.731
  closest atom surface    2.704   C14 URE X    1
  2nd closest surface     2.705   C36 URE X    1
  found on step  440
 current point:
  at point   40.997  38.804  41.731
  closest atom surface    2.703   C14 URE X    1
  2nd closest surface     2.704   C36 URE X    1
  found on step  924
  no. of rejections          379
 stored as     9

 highest radius point found:
  at point   41.226  37.861  41.931
  closest atom surface    2.802   C36 URE X    1
  2nd closest surface     2.802   O9  URE X    1
  found on step  998
  this is also current point
  no. of rejections          360
 stored as    10

 highest radius point found:
  at point   41.943  36.340  42.131
  closest atom surface    2.944   O9  URE X    1
  2nd closest surface     2.948   C37 URE X    1
  found on step  999
  this is also current point
  no. of rejections          334
 stored as    11

 highest radius point found:
  at point   43.028  33.458  42.331
  closest atom surface    4.316   O9  URE X    1
  2nd closest surface     4.358   C37 URE X    1
  found on step  999
  this is also current point
  no. of rejections          278
 stored as    12

 highest radius point found:
  at point   46.892  23.015  42.531
  closest atom surface   13.361   H33 URE X    1
  2nd closest surface    13.375   O7  URE X    1
  found on step  996
  this is also current point
  no. of rejections          234
 stored as    13

 highest radius point found:
  at point   51.828  14.373  42.731
  closest atom surface   22.457   H33 URE X    1
  2nd closest surface    22.618   O7  URE X    1
  found on step  999
  this is also current point
  no. of rejections          248
 This is an end! (radius above  22.0 angs)
 highest radius point found:
  at point   40.029  40.074  39.731
  closest atom surface    2.135   C11 URE X    1
  2nd closest surface     2.135   C34 URE X    1
  found on step  123
 current point:
  at point   40.027  40.075  39.731
  closest atom surface    2.133   C11 URE X    1
  2nd closest surface     2.135   C22 URE X    1
  found on step  943
  no. of rejections          352
 stored as    -1

 highest radius point found:
  at point   39.934  40.170  39.531
  closest atom surface    2.083   C34 URE X    1
  2nd closest surface     2.085   C22 URE X    1
  found on step  576
 current point:
  at point   39.934  40.172  39.531
  closest atom surface    2.083   C34 URE X    1
  2nd closest surface     2.085   C11 URE X    1
  found on step  945
  no. of rejections          375
 stored as    -2

 highest radius point found:
  at point   39.839  40.279  39.331
  closest atom surface    2.045   C34 URE X    1
  2nd closest surface     2.045   C11 URE X    1
  found on step  999
  this is also current point
  no. of rejections          372
 stored as    -3

 highest radius point found:
  at point   39.740  40.365  39.131
  closest atom surface    2.024   C22 URE X    1
  2nd closest surface     2.025   C11 URE X    1
  found on step  964
  this is also current point
  no. of rejections          362
 stored as    -4

 highest radius point found:
  at point   39.644  40.464  38.931
  closest atom surface    2.017   C22 URE X    1
  2nd closest surface     2.018   C11 URE X    1
  found on step  880
  this is also current point
  no. of rejections          370
 stored as    -5

 highest radius point found:
  at point   39.548  40.563  38.731
  closest atom surface    2.026   C34 URE X    1
  2nd closest surface     2.027   C22 URE X    1
  found on step  938
  this is also current point
  no. of rejections          405
 stored as    -6

 highest radius point found:
  at point   39.451  40.666  38.531
  closest atom surface    2.048   C11 URE X    1
  2nd closest surface     2.048   H32 URE X    1
  found on step  992
  this is also current point
  no. of rejections          369
 stored as    -7

 highest radius point found:
  at point   39.329  40.756  38.331
  closest atom surface    2.067   H32 URE X    1
  2nd closest surface     2.068   C22 URE X    1
  found on step  717
 current point:
  at point   39.336  40.750  38.331
  closest atom surface    2.067   H32 URE X    1
  2nd closest surface     2.068   C22 URE X    1
  found on step  981
  no. of rejections          360
 stored as    -8

 highest radius point found:
  at point   39.185  40.858  38.131
  closest atom surface    2.093   C11 URE X    1
  2nd closest surface     2.094   C22 URE X    1
  found on step  302
 current point:
  at point   39.186  40.864  38.131
  closest atom surface    2.092   C32 URE X    1
  2nd closest surface     2.092   C11 URE X    1
  found on step  973
  no. of rejections          370
 stored as    -9

 highest radius point found:
  at point   38.977  40.982  37.931
  closest atom surface    2.089   C27 URE X    1
  2nd closest surface     2.090   C11 URE X    1
  found on step  653
 current point:
  at point   38.965  40.953  37.931
  closest atom surface    2.088   C22 URE X    1
  2nd closest surface     2.089   C11 URE X    1
  found on step  947
  no. of rejections          369
 stored as   -10

 highest radius point found:
  at point   38.750  41.046  37.731
  closest atom surface    2.101   C10 URE X    1
  2nd closest surface     2.102   C27 URE X    1
  found on step  983
  this is also current point
  no. of rejections          344
 stored as   -11

 highest radius point found:
  at point   38.566  41.152  37.531
  closest atom surface    2.111   C10 URE X    1
  2nd closest surface     2.112   S3  URE X    1
  found on step  940
  this is also current point
  no. of rejections          322
 stored as   -12

 highest radius point found:
  at point   38.411  41.312  37.331
  closest atom surface    2.129   C10 URE X    1
  2nd closest surface     2.131   C27 URE X    1
  found on step  300
 current point:
  at point   38.414  41.313  37.331
  closest atom surface    2.128   C27 URE X    1
  2nd closest surface     2.130   C10 URE X    1
  found on step  977
  no. of rejections          369
 stored as   -13

 highest radius point found:
  at point   38.256  41.465  37.131
  closest atom surface    2.169   S3  URE X    1
  2nd closest surface     2.169   C27 URE X    1
  found on step  936
  this is also current point
  no. of rejections          355
 stored as   -14

 highest radius point found:
  at point   38.098  41.628  36.931
  closest atom surface    2.233   C10 URE X    1
  2nd closest surface     2.234   C27 URE X    1
  found on step  389
 current point:
  at point   38.095  41.626  36.931
  closest atom surface    2.231   S3  URE X    1
  2nd closest surface     2.233   C10 URE X    1
  found on step  920
  no. of rejections          330
 stored as   -15

 highest radius point found:
  at point   37.861  41.785  36.731
  closest atom surface    2.296   C10 URE X    1
  2nd closest surface     2.297   S3  URE X    1
  found on step  983
  this is also current point
  no. of rejections          283
 stored as   -16

 highest radius point found:
  at point   29.626  42.867  36.531
  closest atom surface    6.396   S2  URE X    1
  2nd closest surface     6.416   O3  URE X    1
  found on step  999
  this is also current point
  no. of rejections          231
 stored as   -17

 highest radius point found:
  at point   20.930  46.630  36.331
  closest atom surface   14.832   O3  URE X    1
  2nd closest surface    15.019   C10 URE X    1
  found on step  999
  this is also current point
  no. of rejections          245
 stored as   -18

 highest radius point found:
  at point   12.709  51.248  36.131
  closest atom surface   23.965   O3  URE X    1
  2nd closest surface    24.035   C10 URE X    1
  found on step  995
  this is also current point
  no. of rejections          274
 This is an end! (radius above  22.0 angs)
 
 N.b. Graph information routine (HOGRAP) differs 
        markedly from previous versions!
       Information now is written from -ve end
       to +ve in one pass
 
 Explanation of the meaning of each column: 
 First column "cenxyz.cvec" is the coordinate in the
   direction of the channel vector i.e. if the channel
   vector is in z (0 0 1) then it is the z coordinate.
 The second column "radius" is the hole pore radius 
   (as defined in the Biophys J 1993) article).
 The third column "cen_line_D" is the distance 
   measured along the pore centre line - with the 
   first point found set to zero. This was the first
   thing that I used to measure the distance along a pore
   but "cenxyz.cvec" is a much better general measure. 
   However, by comparing changes in this distance to changes in '   "cenxyz.cvec" one can get a measure of how straight a 
   channel is.
 The fourth column "sum{s/(area)}" is useful in conductance
   prediction -
   basically it is the sum of the thickness of each slab
   divided by its area. HOLE uses this measure to estimate
   the macroscopic conductance of a channel.
 If any of this worries you one can see the "raw" results
   of a standard hole run by producing a sphpdb file and 
    directly looking at the results.
 cenxyz.cvec      radius  cen_line_D sum{s/(area point sourc
    36.33061    14.83217   -22.17142     0.00014   (sampled)
    36.43061    10.42905   -17.43280     0.00044 (mid-point)
    36.53061     6.39640   -12.69418     0.00122   (sampled)
    36.63061     3.20891    -8.53978     0.00431 (mid-point)
    36.73061     2.29639    -4.38538     0.01034   (sampled)
    36.83061     2.26106    -4.21164     0.01657 (mid-point)
    36.93061     2.23282    -4.03789     0.02295   (sampled)
    37.03061     2.19895    -3.88685     0.02954 (mid-point)
    37.13061     2.16943    -3.73581     0.03630   (sampled)
    37.23061     2.14746    -3.58804     0.04320 (mid-point)
    37.33061     2.12917    -3.44027     0.05022   (sampled)
    37.43061     2.11742    -3.29035     0.05732 (mid-point)
    37.53061     2.11132    -3.14043     0.06446   (sampled)
    37.63061     2.10354    -2.99432     0.07166 (mid-point)
    37.73061     2.10116    -2.84821     0.07887   (sampled)
    37.83061     2.09235    -2.69392     0.08614 (mid-point)
    37.93061     2.08902    -2.53964     0.09343   (sampled)
    38.03061     2.08798    -2.38244     0.10073 (mid-point)
    38.13061     2.09258    -2.22524     0.10800   (sampled)
    38.23061     2.07844    -2.09184     0.11537 (mid-point)
    38.33061     2.06714    -1.95844     0.12282   (sampled)
    38.43061     2.05496    -1.83301     0.13036 (mid-point)
    38.53061     2.04780    -1.70757     0.13795   (sampled)
    38.63061     2.03529    -1.58509     0.14563 (mid-point)
    38.73061     2.02616    -1.46261     0.15339   (sampled)
    38.83061     2.02001    -1.34125     0.16119 (mid-point)
    38.93061     2.01721    -1.21989     0.16901   (sampled)
    39.03061     2.01851    -1.09842     0.17682 (mid-point)
    39.13061     2.02363    -0.97695     0.18460   (sampled)
    39.23061     2.03352    -0.85722     0.19229 (mid-point)
    39.33061     2.04498    -0.73750     0.19990   (sampled)
    39.43061     2.06213    -0.61404     0.20739 (mid-point)
    39.53061     2.08307    -0.49058     0.21473   (sampled)
    39.63061     2.10750    -0.37005     0.22189 (mid-point)
    39.73061     2.13522    -0.24953     0.22887   (sampled)
    39.83061     2.16542    -0.12476     0.23566 (mid-point)
    39.93061     2.19905    -0.00000     0.24225   (sampled)
    40.03061     2.23182     0.13266     0.24864 (mid-point)
    40.13061     2.26600     0.26532     0.25483   (sampled)
    40.23061     2.28324     0.40876     0.26094 (mid-point)
    40.33061     2.30465     0.55221     0.26693   (sampled)
    40.43061     2.31715     0.96316     0.27286 (mid-point)
    40.53061     2.36848     1.37410     0.27854   (sampled)
    40.63061     2.41502     1.49311     0.28399 (mid-point)
    40.73061     2.46415     1.61211     0.28924   (sampled)
    40.83061     2.48637     1.72451     0.29438 (mid-point)
    40.93061     2.50754     1.83691     0.29945   (sampled)
    41.03061     2.53063     1.95134     0.30442 (mid-point)
    41.13061     2.55614     2.06578     0.30929   (sampled)
    41.23061     2.57885     2.17919     0.31408 (mid-point)
    41.33061     2.59916     2.29260     0.31879   (sampled)
    41.43061     2.63039     2.42628     0.32339 (mid-point)
    41.53061     2.65981     2.55996     0.32789   (sampled)
    41.63061     2.68055     2.68337     0.33232 (mid-point)
    41.73061     2.70356     2.80679     0.33667   (sampled)
    41.83061     2.72522     3.29984     0.34096 (mid-point)
    41.93061     2.80166     3.79289     0.34501   (sampled)
    42.03061     2.79326     4.63951     0.34909 (mid-point)
    42.13061     2.94361     5.48613     0.35277   (sampled)
    42.23061     3.44565     7.02926     0.35545 (mid-point)
    42.33061     4.31595     8.57239     0.35716   (sampled)
    42.43061     8.59169    14.14095     0.35759 (mid-point)
    42.53061    13.36123    19.70950     0.35777   (sampled)

 Minimum radius found:      2.017 angstroms.



 For spherical probe approach, The geometric factor
         F= sum(ds/area) along channel is    0.358 angstroms**-1
 This yields a macroscopic predicted molar conductance of:
   (1/rho)*(100/F)= (280/rho) pS,
   where rho is the conductivity of 1M permeant ion in ohm m.
 N.B. this is a macroscopic conductance - an overestimate 
 Empirically corrected conductances currently only available
 With the CAPSULE option (although its not that stable!)
 For 1M KCl rho= 1/12 (ohm m), So Gmacro= 3400 pS/M.
  (TAG      1   Rmin=     2.01721   Gmacro=  3354.14589 Conn_Gmacro=    -1.00000 ).
 HOLE: normal completion
