 *** Program HOLE ***
 
 If results of this run are reported or published, please
 cite the publication listed below.
 For the HOLE program:
   Smart, O.S., Goodfellow, J.M., Wallace, B.A. (1993). 
   The pore dimensions of gramicidin A. 
   Biophys. J., 65, 2455-2460.
 
 Originally written by Oliver Smart at Birkbeck College from April 1992.
 Copyright 1993-2005 Oliver Smart
 Copyright 2014-2015 SmartSci Limited.
 Copyright 2016 Oliver Smart.
 
 For help on HOLE suite see  http://www.holeprogram.org/
 
 HOLE release 2.2.005 (07 August 2016) 
 
 usage subject to Apache License, Version 2.0 
 see http://www.apache.org/licenses/LICENSE-2.0 

 Control variables read:

! Input file for Oliver Smart's HOLE program
! written by MDAnalysis.analysis.hole2.HoleAnalysis
! for a Universe
! u = mda.Universe(/afs/crc.nd.edu/user/m/mfarshad/Private/ML-new/traj/host-46/h
!    /afs/crc.nd.edu/user/m/mfarshad/Private/ML-new/traj/host-46/host_46.trr
!   )
! Frame 7

COORD  /tmp/2550191.1.long/tmpojby0ncu.pdb
RADIUS simple2.rad
SPHPDB hole007.sph
SAMPLE 0.200000
ENDRAD 22.000000
IGNORE SOL WAT TIP HOH K   NA  CL
SHORTO 0
RASEED 31415
CPOINT 39.0334832271 39.9253660440 40.5761560202


 WARNING have not found a CVECT record - will try to guess
 Input pdb filename read as:    '/tmp/2550191.1.long/tmpojby0ncu.pdb'
 Input vdW radius file read as: 'simple2.rad'
 point in channel:   39.033  39.925  40.576
 channel vector:   ************************
 sampling distance between planes:    0.200

 graphics conditions:
 binary plot output file name: NONE
 Dot density:    10
 Draw dots?           T
 Draw close contacts? F
 Draw centre line?    T
 Produce spikes rather than dots? F
 Seed for random number generator:     31415 (0 means value set by program)
 Radius above which a result is regarded as an 'end':  22.000
 Pdb format file for sphere centres: hole007.sph

 Monte Carlo conditions:
  no of steps:  1000
  maximum displacement   0.100 angs
  'kT' initial   0.100 angs
 The spherebox and capsule options are turned off.
 (No molqpt card so will not write qpt file of the molecule)
 IGNORE card read so will ignore residue types: SOL WAT TIP HOH K   NA  CL
 no SHORTO card read so will produce full textual output
 As no PEGRAT card was found will not produce PEG polymer exclusion graph
 (No 2DMAPS card specified so will not produce 2D property maps)
 Have not found a CUT card.  Normal calculation using
   Cutoff lists with a cutsize=       1.000
   (if you wish to turn off option use a CUT -1 card)

 Have read     7 bond radius records and
              16 vdW radius records.
 From file: simple2.rad

 Have read    96 atom records.
 From file: /tmp/2550191.1.long/tmpojby0ncu.pdb
 Will not produce graphical output

 Have opened file for pdb format output of sphere centres:  hole007.sph

  Seed integer used by ran # generator on this run      31415

 
 S/R cguess will try to guess CPOINT and/or CVECT
 
 THESE GUESSES MAY WELL BE WRONG!!!!
 Routine relies on having a reasonably symmetric
 channel oriented along x, y or z vector
 YOU ARE STRONGLY ADVISED TO CHECK THE RESULTS
                       WITH MOLECULAR GRAPHICS
 testing points from cpoint in X, Y then Z direction
   point                   pore radius
direction     1
  34.033  39.925  40.576     1.509
  35.033  39.925  40.576     1.405
  36.033  39.925  40.576     1.554
  37.033  39.925  40.576     1.730
  38.033  39.925  40.576     1.968
  39.033  39.925  40.576     2.085
  40.033  39.925  40.576     2.402
  41.033  39.925  40.576     2.104
  42.033  39.925  40.576     1.517
  43.033  39.925  40.576     1.172
  44.033  39.925  40.576     1.160
 Average pore radius along the line=      1.691
direction     2
  39.033  34.925  40.576    -1.162
  39.033  35.925  40.576    -1.308
  39.033  36.925  40.576    -0.396
  39.033  37.925  40.576     0.586
  39.033  38.925  40.576     1.505
  39.033  39.925  40.576     2.085
  39.033  40.925  40.576     1.247
  39.033  41.925  40.576     0.330
  39.033  42.925  40.576    -0.465
  39.033  43.925  40.576    -0.910
  39.033  44.925  40.576    -1.002
 Average pore radius along the line=      0.046
direction     3
  39.033  39.925  35.576     0.519
  39.033  39.925  36.576     0.663
  39.033  39.925  37.576     1.037
  39.033  39.925  38.576     1.518
  39.033  39.925  39.576     1.673
  39.033  39.925  40.576     2.085
  39.033  39.925  41.576     2.032
  39.033  39.925  42.576     1.740
  39.033  39.925  43.576     1.328
  39.033  39.925  44.576     0.745
  39.033  39.925  45.576     0.293
 Average pore radius along the line=      1.239
 Best direction is found to be     1
(1=X,2=Y,3=Z)
 s/r cguess has produced initial values for cpoint &/or cvect:
CPOINT      39.0335     39.9254     40.5762
CVECT        1.0000      0.0000      0.0000
 THESE GUESSES MAY WELL BE WRONG!!!!
 Routine relies on having a reasonably symmetric
 channel oriented along x, y or z vector
 YOU ARE STRONGLY ADVISED TO CHECK THE RESULTS
                       WITH MOLECULAR GRAPHICS
 
 
  Some routines (e.g. conn) need vectors normal to cvect: 
     EAST Zero degrees angle is along vector    0.000   1.000   0.000
     NORTH  90 degrees angle is along vector    0.000   0.000  -1.000
 highest radius point found:
  at point   39.033  39.911  40.898
  closest atom surface    2.264   C35 46  X    1
  2nd closest surface     2.271   C12 46  X    1
  found on step   43
 current point:
  at point   39.033  39.885  40.847
  closest atom surface    2.263   C12 46  X    1
  2nd closest surface     2.264   C35 46  X    1
  found on step  995
  no. of rejections          369
 stored as     0

 highest radius point found:
  at point   39.233  39.907  40.887
  closest atom surface    2.313   C12 46  X    1
  2nd closest surface     2.313   C35 46  X    1
  found on step  952
  this is also current point
  no. of rejections          376
 stored as     1

 highest radius point found:
  at point   39.433  39.926  40.923
  closest atom surface    2.369   C11 46  X    1
  2nd closest surface     2.371   C12 46  X    1
  found on step  815
 current point:
  at point   39.433  39.980  41.067
  closest atom surface    2.359   C11 46  X    1
  2nd closest surface     2.360   C35 46  X    1
  found on step  998
  no. of rejections          384
 stored as     2

 highest radius point found:
  at point   39.633  40.193  41.651
  closest atom surface    2.434   C15 46  X    1
  2nd closest surface     2.434   C35 46  X    1
  found on step  950
  this is also current point
  no. of rejections          395
 stored as     3

 highest radius point found:
  at point   39.833  40.232  41.764
  closest atom surface    2.518   C35 46  X    1
  2nd closest surface     2.519   C11 46  X    1
  found on step  958
  this is also current point
  no. of rejections          383
 stored as     4

 highest radius point found:
  at point   40.033  40.267  41.861
  closest atom surface    2.608   C11 46  X    1
  2nd closest surface     2.608   C22 46  X    1
  found on step  949
  this is also current point
  no. of rejections          376
 stored as     5

 highest radius point found:
  at point   40.233  40.287  41.942
  closest atom surface    2.704   C22 46  X    1
  2nd closest surface     2.704   C35 46  X    1
  found on step  974
  this is also current point
  no. of rejections          381
 stored as     6

 highest radius point found:
  at point   40.433  40.287  41.942
  closest atom surface    2.798   C11 46  X    1
  2nd closest surface     2.800   C35 46  X    1
  found on step    1
 current point:
  at point   40.433  40.628  43.260
  closest atom surface    2.650   C22 46  X    1
  2nd closest surface     2.650   C36 46  X    1
  found on step  967
  no. of rejections          375
 stored as     7

 highest radius point found:
  at point   40.633  40.332  42.039
  closest atom surface    2.894   C10 46  X    1
  2nd closest surface     2.895   C36 46  X    1
  found on step   26
 current point:
  at point   40.633  40.701  43.458
  closest atom surface    2.778   C36 46  X    1
  2nd closest surface     2.779   C22 46  X    1
  found on step  909
  no. of rejections          367
 stored as     8

 highest radius point found:
  at point   40.833  40.299  42.038
  closest atom surface    2.971   C10 46  X    1
  2nd closest surface     2.973   C36 46  X    1
  found on step  909
  this is also current point
  no. of rejections          358
 stored as     9

 highest radius point found:
  at point   41.033  40.518  42.521
  closest atom surface    3.064   C10 46  X    1
  2nd closest surface     3.064   C22 46  X    1
  found on step  971
  this is also current point
  no. of rejections          367
 stored as    10

 highest radius point found:
  at point   41.233  40.584  42.717
  closest atom surface    3.170   O14 46  X    1
  2nd closest surface     3.170   C36 46  X    1
  found on step  335
 current point:
  at point   41.233  40.402  42.362
  closest atom surface    3.145   C10 46  X    1
  2nd closest surface     3.147   C36 46  X    1
  found on step  996
  no. of rejections          345
 stored as    11

 highest radius point found:
  at point   41.433  40.722  42.954
  closest atom surface    3.270   C22 46  X    1
  2nd closest surface     3.270   O14 46  X    1
  found on step  887
  this is also current point
  no. of rejections          349
 stored as    12

 highest radius point found:
  at point   41.633  40.848  43.176
  closest atom surface    3.385   C22 46  X    1
  2nd closest surface     3.385   C10 46  X    1
  found on step  939
  this is also current point
  no. of rejections          359
 stored as    13

 highest radius point found:
  at point   41.833  41.486  44.592
  closest atom surface    3.624   O8  46  X    1
  2nd closest surface     3.625   H19 46  X    1
  found on step 1000
  this is also current point
  no. of rejections          327
 stored as    14

 highest radius point found:
  at point   42.033  41.491  44.597
  closest atom surface    3.792   H19 46  X    1
  2nd closest surface     3.793   C22 46  X    1
  found on step  927
  this is also current point
  no. of rejections          290
 stored as    15

 highest radius point found:
  at point   42.233  41.505  44.643
  closest atom surface    3.957   H19 46  X    1
  2nd closest surface     3.957   H14 46  X    1
  found on step  968
  this is also current point
  no. of rejections          283
 stored as    16

 highest radius point found:
  at point   42.433  41.838  48.400
  closest atom surface    4.707   O8  46  X    1
  2nd closest surface     4.711   C26 46  X    1
  found on step  996
  this is also current point
  no. of rejections          248
 stored as    17

 highest radius point found:
  at point   42.633  41.828  56.636
  closest atom surface    9.536   O9  46  X    1
  2nd closest surface     9.589   O11 46  X    1
  found on step 1000
  this is also current point
  no. of rejections          262
 stored as    18

 highest radius point found:
  at point   42.833  40.903  66.483
  closest atom surface   18.292   O11 46  X    1
  2nd closest surface    18.318   O9  46  X    1
  found on step 1000
  this is also current point
  no. of rejections          248
 stored as    19

 highest radius point found:
  at point   43.033  40.249  77.375
  closest atom surface   28.777   O9  46  X    1
  2nd closest surface    28.810   O11 46  X    1
  found on step 1000
  this is also current point
  no. of rejections          263
 This is an end! (radius above  22.0 angs)
 highest radius point found:
  at point   38.833  39.899  40.863
  closest atom surface    2.227   C12 46  X    1
  2nd closest surface     2.228   C15 46  X    1
  found on step   31
 current point:
  at point   38.833  39.618  40.394
  closest atom surface    2.224   C12 46  X    1
  2nd closest surface     2.224   C34 46  X    1
  found on step  966
  no. of rejections          382
 stored as    -1

 highest radius point found:
  at point   38.633  39.569  40.312
  closest atom surface    2.206   C12 46  X    1
  2nd closest surface     2.206   C35 46  X    1
  found on step  142
 current point:
  at point   38.633  39.573  40.319
  closest atom surface    2.205   C12 46  X    1
  2nd closest surface     2.206   C35 46  X    1
  found on step  965
  no. of rejections          387
 stored as    -2

 highest radius point found:
  at point   38.433  39.592  40.321
  closest atom surface    2.174   C12 46  X    1
  2nd closest surface     2.174   C31 46  X    1
  found on step  926
  this is also current point
  no. of rejections          356
 stored as    -3

 highest radius point found:
  at point   38.233  39.697  40.417
  closest atom surface    2.119   C12 46  X    1
  2nd closest surface     2.135   C30 46  X    1
  found on step   41
 current point:
  at point   38.233  39.635  40.295
  closest atom surface    2.117   C31 46  X    1
  2nd closest surface     2.118   C12 46  X    1
  found on step  963
  no. of rejections          390
 stored as    -4

 highest radius point found:
  at point   38.033  39.777  40.500
  closest atom surface    2.094   C12 46  X    1
  2nd closest surface     2.094   C30 46  X    1
  found on step  898
  this is also current point
  no. of rejections          379
 stored as    -5

 highest radius point found:
  at point   37.833  39.799  40.455
  closest atom surface    2.066   C15 46  X    1
  2nd closest surface     2.067   C31 46  X    1
  found on step  964
  this is also current point
  no. of rejections          386
 stored as    -6

 highest radius point found:
  at point   37.633  39.818  40.358
  closest atom surface    2.030   C31 46  X    1
  2nd closest surface     2.030   C12 46  X    1
  found on step  193
 current point:
  at point   37.633  39.818  40.355
  closest atom surface    2.029   C12 46  X    1
  2nd closest surface     2.030   C31 46  X    1
  found on step  887
  no. of rejections          412
 stored as    -7

 highest radius point found:
  at point   37.433  39.477  39.248
  closest atom surface    2.014   C31 46  X    1
  2nd closest surface     2.017   C12 46  X    1
  found on step  977
  this is also current point
  no. of rejections          372
 stored as    -8

 highest radius point found:
  at point   37.233  39.259  38.234
  closest atom surface    2.210   C32 46  X    1
  2nd closest surface     2.211   O6  46  X    1
  found on step  973
  this is also current point
  no. of rejections          406
 stored as    -9

 highest radius point found:
  at point   37.033  39.287  38.222
  closest atom surface    2.248   C32 46  X    1
  2nd closest surface     2.249   C12 46  X    1
  found on step  517
 current point:
  at point   37.033  39.285  38.218
  closest atom surface    2.248   O6  46  X    1
  2nd closest surface     2.248   C32 46  X    1
  found on step  951
  no. of rejections          379
 stored as   -10

 highest radius point found:
  at point   36.833  39.305  38.198
  closest atom surface    2.293   C32 46  X    1
  2nd closest surface     2.296   O6  46  X    1
  found on step   93
 current point:
  at point   36.833  39.255  38.123
  closest atom surface    2.284   O6  46  X    1
  2nd closest surface     2.285   C32 46  X    1
  found on step  985
  no. of rejections          367
 stored as   -11

 highest radius point found:
  at point   36.633  38.178  36.491
  closest atom surface    2.606   O6  46  X    1
  2nd closest surface     2.614   C32 46  X    1
  found on step  994
  this is also current point
  no. of rejections          341
 stored as   -12

 highest radius point found:
  at point   36.433  35.540  31.643
  closest atom surface    5.136   C39 46  X    1
  2nd closest surface     5.284   O3  46  X    1
  found on step 1000
  this is also current point
  no. of rejections          302
 stored as   -13

 highest radius point found:
  at point   36.233  31.260  21.756
  closest atom surface   13.907   O3  46  X    1
  2nd closest surface    14.023   O15 46  X    1
  found on step  999
  this is also current point
  no. of rejections          252
 stored as   -14

 highest radius point found:
  at point   36.033  25.972  11.022
  closest atom surface   25.260   O15 46  X    1
  2nd closest surface    25.440   S1  46  X    1
  found on step  998
  this is also current point
  no. of rejections          245
 This is an end! (radius above  22.0 angs)
 
 N.b. Graph information routine (HOGRAP) differs 
        markedly from previous versions!
       Information now is written from -ve end
       to +ve in one pass
 
 Explanation of the meaning of each column: 
 First column "cenxyz.cvec" is the coordinate in the
   direction of the channel vector i.e. if the channel
   vector is in z (0 0 1) then it is the z coordinate.
 The second column "radius" is the hole pore radius 
   (as defined in the Biophys J 1993) article).
 The third column "cen_line_D" is the distance 
   measured along the pore centre line - with the 
   first point found set to zero. This was the first
   thing that I used to measure the distance along a pore
   but "cenxyz.cvec" is a much better general measure. 
   However, by comparing changes in this distance to changes in '   "cenxyz.cvec" one can get a measure of how straight a 
   channel is.
 The fourth column "sum{s/(area)}" is useful in conductance
   prediction -
   basically it is the sum of the thickness of each slab
   divided by its area. HOLE uses this measure to estimate
   the macroscopic conductance of a channel.
 If any of this worries you one can see the "raw" results
   of a standard hole run by producing a sphpdb file and 
    directly looking at the results.
 cenxyz.cvec      radius  cen_line_D sum{s/(area point sourc
    36.23349    13.90650   -22.97625     0.00016   (sampled)
    36.33349     9.12103   -17.58854     0.00055 (mid-point)
    36.43349     5.13578   -12.20083     0.00175   (sampled)
    36.53349     3.75793    -9.43954     0.00401 (mid-point)
    36.63349     2.60552    -6.67825     0.00870   (sampled)
    36.73349     2.32260    -5.65025     0.01460 (mid-point)
    36.83349     2.29348    -4.62225     0.02065   (sampled)
    36.93349     2.26971    -4.52115     0.02683 (mid-point)
    37.03349     2.24828    -4.42006     0.03312   (sampled)
    37.13349     2.22787    -4.31894     0.03954 (mid-point)
    37.23349     2.20987    -4.21782     0.04606   (sampled)
    37.33349     2.08479    -3.68978     0.05338 (mid-point)
    37.43349     2.01372    -3.16175     0.06123   (sampled)
    37.53349     1.97680    -2.57251     0.06938 (mid-point)
    37.63349     2.03006    -1.98328     0.07710   (sampled)
    37.73349     2.04722    -1.87172     0.08469 (mid-point)
    37.83349     2.06584    -1.76017     0.09215   (sampled)
    37.93349     2.07968    -1.65706     0.09951 (mid-point)
    38.03349     2.09411    -1.55395     0.10677   (sampled)
    38.13349     2.10502    -1.43838     0.11395 (mid-point)
    38.23349     2.11927    -1.32281     0.12104   (sampled)
    38.33349     2.14477    -1.20015     0.12796 (mid-point)
    38.43349     2.17386    -1.07749     0.13470   (sampled)
    38.53349     2.18864    -0.97673     0.14134 (mid-point)
    38.63349     2.20588    -0.87597     0.14788   (sampled)
    38.73349     2.20262    -0.53965     0.15444 (mid-point)
    38.83349     2.22719    -0.20333     0.16086   (sampled)
    38.93349     2.24585    -0.10166     0.16717 (mid-point)
    39.03349     2.26440     0.00000     0.17338   (sampled)
    39.13349     2.28766     0.10016     0.17946 (mid-point)
    39.23349     2.31305     0.20033     0.18541   (sampled)
    39.33349     2.34093     0.30238     0.19122 (mid-point)
    39.43349     2.36869     0.40442     0.19689   (sampled)
    39.53349     2.38409     0.80465     0.20249 (mid-point)
    39.63349     2.43355     1.20487     0.20787   (sampled)
    39.73349     2.47455     1.32149     0.21307 (mid-point)
    39.83349     2.51784     1.43810     0.21809   (sampled)
    39.93349     2.56238     1.55057     0.22294 (mid-point)
    40.03349     2.60789     1.66305     0.22762   (sampled)
    40.13349     2.65497     1.77137     0.23213 (mid-point)
    40.23349     2.70405     1.87970     0.23649   (sampled)
    40.33349     2.75111     1.97970     0.24069 (mid-point)
    40.43349     2.79782     2.07970     0.24476   (sampled)
    40.53349     2.84961     2.19323     0.24868 (mid-point)
    40.63349     2.89362     2.30676     0.25248   (sampled)
    40.73349     2.93154     2.40813     0.25618 (mid-point)
    40.83349     2.97128     2.50949     0.25979   (sampled)
    40.93349     3.00957     2.79259     0.26330 (mid-point)
    41.03349     3.06389     3.07568     0.26669   (sampled)
    41.13349     3.11539     3.21969     0.26997 (mid-point)
    41.23349     3.17010     3.36371     0.27314   (sampled)
    41.33349     3.21729     3.53354     0.27622 (mid-point)
    41.43349     3.26965     3.70337     0.27919   (sampled)
    41.53349     3.32490     3.86538     0.28207 (mid-point)
    41.63349     3.38458     4.02739     0.28485   (sampled)
    41.73349     3.45171     4.81055     0.28752 (mid-point)
    41.83349     3.62412     5.59372     0.28995   (sampled)
    41.93349     3.70826     5.69378     0.29226 (mid-point)
    42.03349     3.79225     5.79383     0.29447   (sampled)
    42.13349     3.87415     5.89673     0.29660 (mid-point)
    42.23349     3.95682     5.99962     0.29863   (sampled)
    42.33349     4.04034     7.88824     0.30058 (mid-point)
    42.43349     4.70715     9.77686     0.30202   (sampled)
    42.53349     6.53321    13.89597     0.30276 (mid-point)
    42.63349     9.53603    18.01508     0.30311   (sampled)
    42.73349    13.76000    22.96111     0.30328 (mid-point)
    42.83349    18.29158    27.90714     0.30337   (sampled)

 Minimum radius found:      1.977 angstroms.



 For spherical probe approach, The geometric factor
         F= sum(ds/area) along channel is    0.303 angstroms**-1
 This yields a macroscopic predicted molar conductance of:
   (1/rho)*(100/F)= (330/rho) pS,
   where rho is the conductivity of 1M permeant ion in ohm m.
 N.B. this is a macroscopic conductance - an overestimate 
 Empirically corrected conductances currently only available
 With the CAPSULE option (although its not that stable!)
 For 1M KCl rho= 1/12 (ohm m), So Gmacro= 4000 pS/M.
  (TAG      1   Rmin=     1.97680   Gmacro=  3955.50841 Conn_Gmacro=    -1.00000 ).
 HOLE: normal completion
