 *** Program HOLE ***
 
 If results of this run are reported or published, please
 cite the publication listed below.
 For the HOLE program:
   Smart, O.S., Goodfellow, J.M., Wallace, B.A. (1993). 
   The pore dimensions of gramicidin A. 
   Biophys. J., 65, 2455-2460.
 
 Originally written by Oliver Smart at Birkbeck College from April 1992.
 Copyright 1993-2005 Oliver Smart
 Copyright 2014-2015 SmartSci Limited.
 Copyright 2016 Oliver Smart.
 
 For help on HOLE suite see  http://www.holeprogram.org/
 
 HOLE release 2.2.005 (07 August 2016) 
 
 usage subject to Apache License, Version 2.0 
 see http://www.apache.org/licenses/LICENSE-2.0 

 Control variables read:

! Input file for Oliver Smart's HOLE program
! written by MDAnalysis.analysis.hole2.HoleAnalysis
! for a Universe
! u = mda.Universe(host_13.mol2
!    host_13.mol2
!   )
! Frame 0

COORD  /tmp/tmp1q85hk2x.pdb
RADIUS simple2.rad
SPHPDB hole000.sph
SAMPLE 0.200000
ENDRAD 22.000000
IGNORE SOL WAT TIP HOH K   NA  CL
SHORTO 0
RASEED 31415
CPOINT 0.0000434920 0.0000108691 -0.0357174063


 WARNING have not found a CVECT record - will try to guess
 Input pdb filename read as:    '/tmp/tmp1q85hk2x.pdb'
 Input vdW radius file read as: 'simple2.rad'
 point in channel:    0.000   0.000  -0.036
 channel vector:   ************************
 sampling distance between planes:    0.200

 graphics conditions:
 binary plot output file name: NONE
 Dot density:    10
 Draw dots?           T
 Draw close contacts? F
 Draw centre line?    T
 Produce spikes rather than dots? F
 Seed for random number generator:     31415 (0 means value set by program)
 Radius above which a result is regarded as an 'end':  22.000
 Pdb format file for sphere centres: hole000.sph

 Monte Carlo conditions:
  no of steps:  1000
  maximum displacement   0.100 angs
  'kT' initial   0.100 angs
 The spherebox and capsule options are turned off.
 (No molqpt card so will not write qpt file of the molecule)
 IGNORE card read so will ignore residue types: SOL WAT TIP HOH K   NA  CL
 no SHORTO card read so will produce full textual output
 As no PEGRAT card was found will not produce PEG polymer exclusion graph
 (No 2DMAPS card specified so will not produce 2D property maps)
 Have not found a CUT card.  Normal calculation using
   Cutoff lists with a cutsize=       1.000
   (if you wish to turn off option use a CUT -1 card)

 Have read     7 bond radius records and
              16 vdW radius records.
 From file: simple2.rad

 Have read    92 atom records.
 From file: /tmp/tmp1q85hk2x.pdb
 Will not produce graphical output
 Warning have tried to open file: 'hole000.sph' as NEW but
         this file already exists - old version kept as 'hole000.sph.old'

 Have opened file for pdb format output of sphere centres:  hole000.sph

  Seed integer used by ran # generator on this run      31415

 
 S/R cguess will try to guess CPOINT and/or CVECT
 
 THESE GUESSES MAY WELL BE WRONG!!!!
 Routine relies on having a reasonably symmetric
 channel oriented along x, y or z vector
 YOU ARE STRONGLY ADVISED TO CHECK THE RESULTS
                       WITH MOLECULAR GRAPHICS
 testing points from cpoint in X, Y then Z direction
   point                   pore radius
direction     1
  -5.000   0.000  -0.036     0.415
  -4.000   0.000  -0.036     1.209
  -3.000   0.000  -0.036     1.308
  -2.000   0.000  -0.036     1.229
  -1.000   0.000  -0.036     1.259
   0.000   0.000  -0.036     1.592
   1.000   0.000  -0.036     1.354
   2.000   0.000  -0.036     1.418
   3.000   0.000  -0.036     1.182
   4.000   0.000  -0.036     0.848
   5.000   0.000  -0.036     0.351
 Average pore radius along the line=      1.106
direction     2
   0.000  -5.000  -0.036    -1.266
   0.000  -4.000  -0.036    -1.154
   0.000  -3.000  -0.036    -0.518
   0.000  -2.000  -0.036    -0.077
   0.000  -1.000  -0.036     0.699
   0.000   0.000  -0.036     1.592
   0.000   1.000  -0.036     0.623
   0.000   2.000  -0.036    -0.308
   0.000   3.000  -0.036    -1.049
   0.000   4.000  -0.036    -1.244
   0.000   5.000  -0.036    -0.827
 Average pore radius along the line=     -0.321
direction     3
   0.000   0.000  -5.036     2.937
   0.000   0.000  -4.036     2.265
   0.000   0.000  -3.036     1.759
   0.000   0.000  -2.036     1.411
   0.000   0.000  -1.036     1.350
   0.000   0.000  -0.036     1.592
   0.000   0.000   0.964     1.927
   0.000   0.000   1.964     2.473
   0.000   0.000   2.964     3.077
   0.000   0.000   3.964     3.383
   0.000   0.000   4.964     3.808
 Average pore radius along the line=      2.362
 Best direction is found to be     3
(1=X,2=Y,3=Z)
 s/r cguess has produced initial values for cpoint &/or cvect:
CPOINT       0.0000      0.0000     -0.0357
CVECT        0.0000      0.0000      1.0000
 THESE GUESSES MAY WELL BE WRONG!!!!
 Routine relies on having a reasonably symmetric
 channel oriented along x, y or z vector
 YOU ARE STRONGLY ADVISED TO CHECK THE RESULTS
                       WITH MOLECULAR GRAPHICS
 
 
  Some routines (e.g. conn) need vectors normal to cvect: 
     EAST Zero degrees angle is along vector    1.000   0.000   0.000
     NORTH  90 degrees angle is along vector    0.000  -1.000   0.000
 highest radius point found:
  at point    0.000   0.000  -0.036
  closest atom surface    1.592   C17 13  X    1
  2nd closest surface     1.592   C41 13  X    1
  found on step    1
 current point:
  at point   -0.000   0.000  -0.036
  closest atom surface    1.592   C41 13  X    1
  2nd closest surface     1.592   C42 13  X    1
  found on step  995
  no. of rejections          394
 stored as     0

 highest radius point found:
  at point    0.031  -0.020   0.164
  closest atom surface    1.657   C17 13  X    1
  2nd closest surface     1.658   C42 13  X    1
  found on step  838
 current point:
  at point    0.031  -0.021   0.164
  closest atom surface    1.657   C17 13  X    1
  2nd closest surface     1.658   C18 13  X    1
  found on step  954
  no. of rejections          386
 stored as     1

 highest radius point found:
  at point    2.084  -0.538   0.364
  closest atom surface    2.058   C35 13  X    1
  2nd closest surface     2.059   C23 13  X    1
  found on step  781
 current point:
  at point    2.087  -0.539   0.364
  closest atom surface    2.057   C23 13  X    1
  2nd closest surface     2.057   C35 13  X    1
  found on step  930
  no. of rejections          413
 stored as     2

 highest radius point found:
  at point    1.975  -0.523   0.564
  closest atom surface    2.099   C42 13  X    1
  2nd closest surface     2.099   C17 13  X    1
  found on step  961
  this is also current point
  no. of rejections          394
 stored as     3

 highest radius point found:
  at point    1.868  -0.509   0.764
  closest atom surface    2.151   C17 13  X    1
  2nd closest surface     2.152   C42 13  X    1
  found on step  994
  this is also current point
  no. of rejections          403
 stored as     4

 highest radius point found:
  at point    1.762  -0.495   0.964
  closest atom surface    2.216   C17 13  X    1
  2nd closest surface     2.217   C42 13  X    1
  found on step  992
  this is also current point
  no. of rejections          402
 stored as     5

 highest radius point found:
  at point    1.658  -0.478   1.164
  closest atom surface    2.291   C42 13  X    1
  2nd closest surface     2.292   C35 13  X    1
  found on step  945
  this is also current point
  no. of rejections          360
 stored as     6

 highest radius point found:
  at point    1.553  -0.464   1.364
  closest atom surface    2.378   C35 13  X    1
  2nd closest surface     2.379   C42 13  X    1
  found on step  945
  this is also current point
  no. of rejections          380
 stored as     7

 highest radius point found:
  at point    1.448  -0.451   1.564
  closest atom surface    2.476   C35 13  X    1
  2nd closest surface     2.477   C23 13  X    1
  found on step  959
  this is also current point
  no. of rejections          376
 stored as     8

 highest radius point found:
  at point    1.340  -0.438   1.764
  closest atom surface    2.582   C17 13  X    1
  2nd closest surface     2.583   C23 13  X    1
  found on step  559
 current point:
  at point    1.330  -0.434   1.764
  closest atom surface    2.581   C17 13  X    1
  2nd closest surface     2.581   C42 13  X    1
  found on step  988
  no. of rejections          376
 stored as     9

 highest radius point found:
  at point    1.231  -0.421   1.964
  closest atom surface    2.698   C17 13  X    1
  2nd closest surface     2.698   C42 13  X    1
  found on step  931
  this is also current point
  no. of rejections          357
 stored as    10

 highest radius point found:
  at point    1.033  -0.386   2.164
  closest atom surface    2.808   C17 13  X    1
  2nd closest surface     2.811   C42 13  X    1
  found on step  193
 current point:
  at point    0.611  -0.280   2.164
  closest atom surface    2.776   C17 13  X    1
  2nd closest surface     2.776   C42 13  X    1
  found on step 1000
  no. of rejections          339
 stored as    11

 highest radius point found:
  at point    1.013  -0.392   2.364
  closest atom surface    2.952   C17 13  X    1
  2nd closest surface     2.952   C16 13  X    1
  found on step  991
  this is also current point
  no. of rejections          335
 stored as    12

 highest radius point found:
  at point    0.857  -0.366   2.564
  closest atom surface    3.080   C16 13  X    1
  2nd closest surface     3.084   C37 13  X    1
  found on step   60
 current point:
  at point    0.384  -0.248   2.564
  closest atom surface    3.071   C18 13  X    1
  2nd closest surface     3.071   C17 13  X    1
  found on step  930
  no. of rejections          350
 stored as    13

 highest radius point found:
  at point    0.667  -0.329   2.764
  closest atom surface    3.225   C16 13  X    1
  2nd closest surface     3.225   C37 13  X    1
  found on step  209
 current point:
  at point    0.461  -0.278   2.764
  closest atom surface    3.224   C42 13  X    1
  2nd closest surface     3.224   C17 13  X    1
  found on step  930
  no. of rejections          357
 stored as    14

 highest radius point found:
  at point    0.442  -0.286   2.964
  closest atom surface    3.380   C18 13  X    1
  2nd closest surface     3.380   C41 13  X    1
  found on step  944
  this is also current point
  no. of rejections          349
 stored as    15

 highest radius point found:
  at point    0.474  -0.305   3.164
  closest atom surface    3.495   C38 13  X    1
  2nd closest surface     3.496   C15 13  X    1
  found on step  977
  this is also current point
  no. of rejections          379
 stored as    16

 highest radius point found:
  at point    0.502  -0.325   3.364
  closest atom surface    3.589   C14 13  X    1
  2nd closest surface     3.589   C15 13  X    1
  found on step  743
 current point:
  at point    0.519  -0.331   3.364
  closest atom surface    3.587   C15 13  X    1
  2nd closest surface     3.591   C14 13  X    1
  found on step  984
  no. of rejections          417
 stored as    17

 highest radius point found:
  at point    0.538  -0.344   3.564
  closest atom surface    3.690   C15 13  X    1
  2nd closest surface     3.691   C38 13  X    1
  found on step  921
  this is also current point
  no. of rejections          382
 stored as    18

 highest radius point found:
  at point    0.568  -0.363   3.764
  closest atom surface    3.796   C15 13  X    1
  2nd closest surface     3.796   C38 13  X    1
  found on step  773
 current point:
  at point    0.559  -0.362   3.764
  closest atom surface    3.795   C14 13  X    1
  2nd closest surface     3.796   C15 13  X    1
  found on step  907
  no. of rejections          377
 stored as    19

 highest radius point found:
  at point    0.623  -0.389   3.964
  closest atom surface    3.907   C15 13  X    1
  2nd closest surface     3.907   C38 13  X    1
  found on step  944
  this is also current point
  no. of rejections          357
 stored as    20

 highest radius point found:
  at point    0.630  -0.401   4.164
  closest atom surface    4.023   C38 13  X    1
  2nd closest surface     4.024   C15 13  X    1
  found on step  809
 current point:
  at point    0.623  -0.399   4.164
  closest atom surface    4.023   C38 13  X    1
  2nd closest surface     4.023   C39 13  X    1
  found on step  947
  no. of rejections          361
 stored as    21

 highest radius point found:
  at point    0.658  -0.420   4.364
  closest atom surface    4.144   C38 13  X    1
  2nd closest surface     4.145   C15 13  X    1
  found on step  986
  this is also current point
  no. of rejections          354
 stored as    22

 highest radius point found:
  at point    0.699  -0.443   4.564
  closest atom surface    4.269   C15 13  X    1
  2nd closest surface     4.270   C38 13  X    1
  found on step  860
 current point:
  at point    0.705  -0.444   4.564
  closest atom surface    4.269   C38 13  X    1
  2nd closest surface     4.269   C15 13  X    1
  found on step  990
  no. of rejections          381
 stored as    23

 highest radius point found:
  at point    0.712  -0.457   4.764
  closest atom surface    4.388   H38 13  X    1
  2nd closest surface     4.388   H29 13  X    1
  found on step  920
  this is also current point
  no. of rejections          378
 stored as    24

 highest radius point found:
  at point    0.738  -0.477   4.964
  closest atom surface    4.493   H9  13  X    1
  2nd closest surface     4.494   H38 13  X    1
  found on step  767
 current point:
  at point    0.740  -0.480   4.964
  closest atom surface    4.493   H9  13  X    1
  2nd closest surface     4.493   H18 13  X    1
  found on step  954
  no. of rejections          383
 stored as    25

 highest radius point found:
  at point    0.772  -0.495   5.164
  closest atom surface    4.607   H29 13  X    1
  2nd closest surface     4.607   H18 13  X    1
  found on step  955
  this is also current point
  no. of rejections          385
 stored as    26

 highest radius point found:
  at point    0.799  -0.517   5.364
  closest atom surface    4.723   H18 13  X    1
  2nd closest surface     4.723   H9  13  X    1
  found on step  957
  this is also current point
  no. of rejections          352
 stored as    27

 highest radius point found:
  at point    0.830  -0.532   5.564
  closest atom surface    4.846   H38 13  X    1
  2nd closest surface     4.846   H29 13  X    1
  found on step  956
  this is also current point
  no. of rejections          378
 stored as    28

 highest radius point found:
  at point    0.860  -0.553   5.764
  closest atom surface    4.973   H18 13  X    1
  2nd closest surface     4.973   H38 13  X    1
  found on step  916
  this is also current point
  no. of rejections          368
 stored as    29

 highest radius point found:
  at point    0.892  -0.572   5.964
  closest atom surface    5.103   H18 13  X    1
  2nd closest surface     5.103   H29 13  X    1
  found on step  987
  this is also current point
  no. of rejections          359
 stored as    30

 highest radius point found:
  at point    0.922  -0.591   6.164
  closest atom surface    5.237   H18 13  X    1
  2nd closest surface     5.237   H29 13  X    1
  found on step  990
  this is also current point
  no. of rejections          339
 stored as    31

 highest radius point found:
  at point    0.951  -0.610   6.364
  closest atom surface    5.375   H18 13  X    1
  2nd closest surface     5.376   H29 13  X    1
  found on step  980
  this is also current point
  no. of rejections          320
 stored as    32

 highest radius point found:
  at point    0.978  -0.629   6.564
  closest atom surface    5.517   H18 13  X    1
  2nd closest surface     5.518   H9  13  X    1
  found on step  980
  this is also current point
  no. of rejections          311
 stored as    33

 highest radius point found:
  at point    1.007  -0.648   6.764
  closest atom surface    5.662   H38 13  X    1
  2nd closest surface     5.662   H9  13  X    1
  found on step  961
  this is also current point
  no. of rejections          332
 stored as    34

 highest radius point found:
  at point    1.038  -0.667   6.964
  closest atom surface    5.810   H18 13  X    1
  2nd closest surface     5.810   H38 13  X    1
  found on step  831
 current point:
  at point    1.037  -0.668   6.964
  closest atom surface    5.809   H18 13  X    1
  2nd closest surface     5.810   H9  13  X    1
  found on step  968
  no. of rejections          333
 stored as    35

 highest radius point found:
  at point    1.068  -0.686   7.164
  closest atom surface    5.960   H18 13  X    1
  2nd closest surface     5.961   H38 13  X    1
  found on step  948
  this is also current point
  no. of rejections          338
 stored as    36

 highest radius point found:
  at point    1.100  -0.706   7.364
  closest atom surface    6.112   H18 13  X    1
  2nd closest surface     6.113   H29 13  X    1
  found on step  947
  this is also current point
  no. of rejections          317
 stored as    37

 highest radius point found:
  at point    1.127  -0.724   7.564
  closest atom surface    6.269   H38 13  X    1
  2nd closest surface     6.269   H18 13  X    1
  found on step  981
  this is also current point
  no. of rejections          360
 stored as    38

 highest radius point found:
  at point    1.159  -0.742   7.764
  closest atom surface    6.426   H29 13  X    1
  2nd closest surface     6.427   H18 13  X    1
  found on step  621
 current point:
  at point    1.163  -0.744   7.764
  closest atom surface    6.425   H18 13  X    1
  2nd closest surface     6.425   H29 13  X    1
  found on step  944
  no. of rejections          313
 stored as    39

 highest radius point found:
  at point    1.187  -0.762   7.964
  closest atom surface    6.586   H18 13  X    1
  2nd closest surface     6.587   H29 13  X    1
  found on step  316
 current point:
  at point    1.191  -0.763   7.964
  closest atom surface    6.585   H18 13  X    1
  2nd closest surface     6.586   H29 13  X    1
  found on step  995
  no. of rejections          324
 stored as    40

 highest radius point found:
  at point    1.219  -0.781   8.164
  closest atom surface    6.748   H29 13  X    1
  2nd closest surface     6.748   H18 13  X    1
  found on step  976
  this is also current point
  no. of rejections          289
 stored as    41

 highest radius point found:
  at point    1.244  -0.800   8.364
  closest atom surface    6.912   H38 13  X    1
  2nd closest surface     6.912   H9  13  X    1
  found on step  955
  this is also current point
  no. of rejections          318
 stored as    42

 highest radius point found:
  at point    1.274  -0.822   8.564
  closest atom surface    7.077   H18 13  X    1
  2nd closest surface     7.077   H9  13  X    1
  found on step  992
  this is also current point
  no. of rejections          308
 stored as    43

 highest radius point found:
  at point    1.310  -0.837   8.764
  closest atom surface    7.244   H29 13  X    1
  2nd closest surface     7.245   H18 13  X    1
  found on step  970
  this is also current point
  no. of rejections          321
 stored as    44

 highest radius point found:
  at point    1.335  -0.854   8.964
  closest atom surface    7.413   H38 13  X    1
  2nd closest surface     7.414   H29 13  X    1
  found on step  962
  this is also current point
  no. of rejections          312
 stored as    45

 highest radius point found:
  at point    1.366  -0.877   9.164
  closest atom surface    7.584   H18 13  X    1
  2nd closest surface     7.585   H29 13  X    1
  found on step  896
  this is also current point
  no. of rejections          289
 stored as    46

 highest radius point found:
  at point    1.394  -0.894   9.364
  closest atom surface    7.756   H38 13  X    1
  2nd closest surface     7.757   H29 13  X    1
  found on step  960
  this is also current point
  no. of rejections          285
 stored as    47

 highest radius point found:
  at point    1.422  -0.915   9.564
  closest atom surface    7.929   H9  13  X    1
  2nd closest surface     7.930   H18 13  X    1
  found on step  701
 current point:
  at point    1.426  -0.918   9.564
  closest atom surface    7.928   H18 13  X    1
  2nd closest surface     7.931   H29 13  X    1
  found on step  933
  no. of rejections          286
 stored as    48

 highest radius point found:
  at point    1.457  -0.933   9.764
  closest atom surface    8.103   H29 13  X    1
  2nd closest surface     8.104   H18 13  X    1
  found on step  962
  this is also current point
  no. of rejections          301
 stored as    49

 highest radius point found:
  at point    1.482  -0.954   9.964
  closest atom surface    8.279   H18 13  X    1
  2nd closest surface     8.279   H9  13  X    1
  found on step  973
  this is also current point
  no. of rejections          266
 stored as    50

 highest radius point found:
  at point    1.528  -0.978  10.164
  closest atom surface    8.453   H18 13  X    1
  2nd closest surface     8.455   H29 13  X    1
  found on step   12
 current point:
  at point    1.536  -0.970  10.164
  closest atom surface    8.450   H29 13  X    1
  2nd closest surface     8.455   H18 13  X    1
  found on step  977
  no. of rejections          231
 stored as    51

 highest radius point found:
  at point    1.544  -0.991  10.364
  closest atom surface    8.634   H18 13  X    1
  2nd closest surface     8.634   H29 13  X    1
  found on step  934
  this is also current point
  no. of rejections          282
 stored as    52

 highest radius point found:
  at point    1.571  -1.000  10.564
  closest atom surface    8.808   H38 13  X    1
  2nd closest surface     8.810   H29 13  X    1
  found on step  987
  this is also current point
  no. of rejections          224
 stored as    53

 highest radius point found:
  at point    1.610  -1.031  10.764
  closest atom surface    8.991   H18 13  X    1
  2nd closest surface     8.991   H29 13  X    1
  found on step  988
  this is also current point
  no. of rejections          250
 stored as    54

 highest radius point found:
  at point    1.631  -1.048  10.964
  closest atom surface    9.173   H18 13  X    1
  2nd closest surface     9.173   H38 13  X    1
  found on step  106
 current point:
  at point    1.639  -1.049  10.964
  closest atom surface    9.171   H18 13  X    1
  2nd closest surface     9.172   H29 13  X    1
  found on step  970
  no. of rejections          275
 stored as    55

 highest radius point found:
  at point    1.663  -1.070  11.164
  closest atom surface    9.353   H18 13  X    1
  2nd closest surface     9.355   H9  13  X    1
  found on step  987
  this is also current point
  no. of rejections          243
 stored as    56

 highest radius point found:
  at point    1.691  -1.086  11.364
  closest atom surface    9.536   H18 13  X    1
  2nd closest surface     9.536   H38 13  X    1
  found on step  960
  this is also current point
  no. of rejections          254
 stored as    57

 highest radius point found:
  at point    1.721  -1.103  11.564
  closest atom surface    9.718   H38 13  X    1
  2nd closest surface     9.718   H29 13  X    1
  found on step  970
  this is also current point
  no. of rejections          228
 stored as    58

 highest radius point found:
  at point    1.754  -1.123  11.764
  closest atom surface    9.902   H29 13  X    1
  2nd closest surface     9.902   H18 13  X    1
  found on step  866
 current point:
  at point    1.747  -1.133  11.764
  closest atom surface    9.900   H18 13  X    1
  2nd closest surface     9.900   H9  13  X    1
  found on step  997
  no. of rejections          255
 stored as    59

 highest radius point found:
  at point    1.796  -1.146  11.964
  closest atom surface   10.085   H18 13  X    1
  2nd closest surface    10.085   H29 13  X    1
  found on step  312
 current point:
  at point    2.310  -1.274  11.964
  closest atom surface   10.035   H18 13  X    1
  2nd closest surface    10.035   H29 13  X    1
  found on step  970
  no. of rejections          261
 stored as    60

 highest radius point found:
  at point    1.813  -1.162  12.164
  closest atom surface   10.271   H29 13  X    1
  2nd closest surface    10.271   H18 13  X    1
  found on step  941
  this is also current point
  no. of rejections          239
 stored as    61

 highest radius point found:
  at point    1.840  -1.182  12.364
  closest atom surface   10.457   H18 13  X    1
  2nd closest surface    10.458   H29 13  X    1
  found on step  966
  this is also current point
  no. of rejections          256
 stored as    62

 highest radius point found:
  at point    1.873  -1.200  12.564
  closest atom surface   10.643   H29 13  X    1
  2nd closest surface    10.643   H18 13  X    1
  found on step  937
  this is also current point
  no. of rejections          255
 stored as    63

 highest radius point found:
  at point    1.897  -1.221  12.764
  closest atom surface   10.829   H18 13  X    1
  2nd closest surface    10.829   H9  13  X    1
  found on step  807
 current point:
  at point    1.901  -1.218  12.764
  closest atom surface   10.829   H29 13  X    1
  2nd closest surface    10.830   H18 13  X    1
  found on step  995
  no. of rejections          244
 stored as    64

 highest radius point found:
  at point    1.931  -1.238  12.964
  closest atom surface   11.017   H18 13  X    1
  2nd closest surface    11.017   H29 13  X    1
  found on step  954
  this is also current point
  no. of rejections          237
 stored as    65

 highest radius point found:
  at point    1.957  -1.258  13.164
  closest atom surface   11.204   H18 13  X    1
  2nd closest surface    11.205   H38 13  X    1
  found on step  404
 current point:
  at point    2.076  -1.282  13.164
  closest atom surface   11.193   H29 13  X    1
  2nd closest surface    11.195   H18 13  X    1
  found on step  993
  no. of rejections          198
 stored as    66

 highest radius point found:
  at point    1.986  -1.278  13.364
  closest atom surface   11.392   H18 13  X    1
  2nd closest surface    11.393   H9  13  X    1
  found on step  761
 current point:
  at point    1.996  -1.277  13.364
  closest atom surface   11.392   H29 13  X    1
  2nd closest surface    11.392   H18 13  X    1
  found on step  945
  no. of rejections          236
 stored as    67

 highest radius point found:
  at point    2.019  -1.291  13.564
  closest atom surface   11.580   H29 13  X    1
  2nd closest surface    11.580   H38 13  X    1
  found on step   16
 current point:
  at point    2.012  -1.309  13.564
  closest atom surface   11.578   H18 13  X    1
  2nd closest surface    11.578   H9  13  X    1
  found on step  992
  no. of rejections          216
 stored as    68

 highest radius point found:
  at point    2.047  -1.314  13.764
  closest atom surface   11.770   H18 13  X    1
  2nd closest surface    11.771   H29 13  X    1
  found on step  968
  this is also current point
  no. of rejections          224
 stored as    69

 highest radius point found:
  at point    2.080  -1.337  13.964
  closest atom surface   11.959   H18 13  X    1
  2nd closest surface    11.961   H29 13  X    1
  found on step   73
 current point:
  at point    2.893  -1.535  13.964
  closest atom surface   11.923   H18 13  X    1
  2nd closest surface    11.923   H29 13  X    1
  found on step  965
  no. of rejections          223
 stored as    70

 highest radius point found:
  at point    2.108  -1.353  14.164
  closest atom surface   12.150   H18 13  X    1
  2nd closest surface    12.150   H29 13  X    1
  found on step    6
 current point:
  at point    2.118  -1.358  14.164
  closest atom surface   12.148   H18 13  X    1
  2nd closest surface    12.150   H29 13  X    1
  found on step  986
  no. of rejections          212
 stored as    71

 highest radius point found:
  at point    2.139  -1.375  14.364
  closest atom surface   12.339   H18 13  X    1
  2nd closest surface    12.341   H29 13  X    1
  found on step    2
 current point:
  at point    2.163  -1.382  14.364
  closest atom surface   12.338   H18 13  X    1
  2nd closest surface    12.340   H29 13  X    1
  found on step  996
  no. of rejections          208
 stored as    72

 highest radius point found:
  at point    2.170  -1.393  14.564
  closest atom surface   12.530   H18 13  X    1
  2nd closest surface    12.532   H29 13  X    1
  found on step  998
  this is also current point
  no. of rejections          245
 stored as    73

 highest radius point found:
  at point    2.201  -1.413  14.764
  closest atom surface   12.721   H18 13  X    1
  2nd closest surface    12.723   H29 13  X    1
  found on step  403
 current point:
  at point    2.199  -1.417  14.764
  closest atom surface   12.720   H18 13  X    1
  2nd closest surface    12.724   H9  13  X    1
  found on step  932
  no. of rejections          226
 stored as    74

 highest radius point found:
  at point    2.228  -1.427  14.964
  closest atom surface   12.913   H29 13  X    1
  2nd closest surface    12.914   H18 13  X    1
  found on step  954
  this is also current point
  no. of rejections          212
 stored as    75

 highest radius point found:
  at point    2.256  -1.441  15.164
  closest atom surface   13.103   H38 13  X    1
  2nd closest surface    13.104   H29 13  X    1
  found on step    3
 current point:
  at point    2.480  -1.502  15.164
  closest atom surface   13.094   H29 13  X    1
  2nd closest surface    13.094   H18 13  X    1
  found on step  999
  no. of rejections          212
 stored as    76

 highest radius point found:
  at point    2.286  -1.469  15.364
  closest atom surface   13.297   H18 13  X    1
  2nd closest surface    13.298   H29 13  X    1
  found on step  941
  this is also current point
  no. of rejections          240
 stored as    77

 highest radius point found:
  at point    2.325  -1.486  15.564
  closest atom surface   13.488   H29 13  X    1
  2nd closest surface    13.489   H18 13  X    1
  found on step  998
  this is also current point
  no. of rejections          171
 stored as    78

 highest radius point found:
  at point    2.343  -1.512  15.764
  closest atom surface   13.681   H18 13  X    1
  2nd closest surface    13.682   H9  13  X    1
  found on step  692
 current point:
  at point    3.168  -1.707  15.764
  closest atom surface   13.667   H29 13  X    1
  2nd closest surface    13.667   H18 13  X    1
  found on step  972
  no. of rejections          220
 stored as    79

 highest radius point found:
  at point    6.434  -2.540  15.964
  closest atom surface   14.210   C30 13  X    1
  2nd closest surface    14.210   H17 13  X    1
  found on step  990
  this is also current point
  no. of rejections          206
 stored as    80

 highest radius point found:
  at point    6.459  -2.551  16.164
  closest atom surface   14.409   C30 13  X    1
  2nd closest surface    14.409   H17 13  X    1
  found on step  915
  this is also current point
  no. of rejections          146
 stored as    81

 highest radius point found:
  at point    9.704  -3.883  16.364
  closest atom surface   14.785   H24 13  X    1
  2nd closest surface    14.863   C30 13  X    1
  found on step  998
  this is also current point
  no. of rejections          106
 stored as    82

 highest radius point found:
  at point   11.559  -4.224  16.564
  closest atom surface   15.386   H24 13  X    1
  2nd closest surface    15.443   H23 13  X    1
  found on step  995
  this is also current point
  no. of rejections          127
 stored as    83

 highest radius point found:
  at point   19.809  -6.020  16.764
  closest atom surface   19.512   H24 13  X    1
  2nd closest surface    19.527   H23 13  X    1
  found on step  996
  this is also current point
  no. of rejections          217
 stored as    84

 highest radius point found:
  at point   27.811 -10.160  16.964
  closest atom surface   26.062   C30 13  X    1
  2nd closest surface    26.073   H24 13  X    1
  found on step  999
  this is also current point
  no. of rejections          225
 This is an end! (radius above  22.0 angs)
 highest radius point found:
  at point   -0.024   0.012  -0.236
  closest atom surface    1.531   C17 13  X    1
  2nd closest surface     1.535   C18 13  X    1
  found on step  458
 current point:
  at point   -0.946   0.245  -0.236
  closest atom surface    1.437   C18 13  X    1
  2nd closest surface     1.437   C41 13  X    1
  found on step  985
  no. of rejections          364
 stored as    -1

 highest radius point found:
  at point   -0.050   0.038  -0.436
  closest atom surface    1.490   C42 13  X    1
  2nd closest surface     1.494   C41 13  X    1
  found on step    2
 current point:
  at point   -0.245   0.080  -0.436
  closest atom surface    1.450   C18 13  X    1
  2nd closest surface     1.459   C41 13  X    1
  found on step  998
  no. of rejections          392
 stored as    -2

 highest radius point found:
  at point   -0.092   0.057  -0.636
  closest atom surface    1.461   C18 13  X    1
  2nd closest surface     1.462   C17 13  X    1
  found on step  593
 current point:
  at point    1.032  -0.222  -0.636
  closest atom surface    1.445   C17 13  X    1
  2nd closest surface     1.448   C42 13  X    1
  found on step  978
  no. of rejections          369
 stored as    -3

 highest radius point found:
  at point   -3.118   0.817  -0.836
  closest atom surface    2.137   C1  13  X    1
  2nd closest surface     2.137   C2  13  X    1
  found on step  809
 current point:
  at point   -3.118   0.825  -0.836
  closest atom surface    2.134   C41 13  X    1
  2nd closest surface     2.134   C2  13  X    1
  found on step  901
  no. of rejections          384
 stored as    -4

 highest radius point found:
  at point   -3.141   0.835  -1.036
  closest atom surface    2.155   C41 13  X    1
  2nd closest surface     2.155   C18 13  X    1
  found on step  977
  this is also current point
  no. of rejections          445
 stored as    -5

 highest radius point found:
  at point   -3.175   0.859  -1.236
  closest atom surface    2.175   C2  13  X    1
  2nd closest surface     2.175   H33 13  X    1
  found on step  992
  this is also current point
  no. of rejections          410
 stored as    -6

 highest radius point found:
  at point   -3.221   0.880  -1.436
  closest atom surface    2.191   H33 13  X    1
  2nd closest surface     2.192   H14 13  X    1
  found on step  987
  this is also current point
  no. of rejections          386
 stored as    -7

 highest radius point found:
  at point   -3.271   0.905  -1.636
  closest atom surface    2.220   C2  13  X    1
  2nd closest surface     2.220   H33 13  X    1
  found on step  821
 current point:
  at point   -3.270   0.902  -1.636
  closest atom surface    2.219   H14 13  X    1
  2nd closest surface     2.221   H33 13  X    1
  found on step  826
  no. of rejections          413
 stored as    -8

 highest radius point found:
  at point   -3.315   0.927  -1.836
  closest atom surface    2.259   H33 13  X    1
  2nd closest surface     2.261   C2  13  X    1
  found on step  989
  this is also current point
  no. of rejections          410
 stored as    -9

 highest radius point found:
  at point   -3.361   0.948  -2.036
  closest atom surface    2.310   C1  13  X    1
  2nd closest surface     2.310   C2  13  X    1
  found on step  741
 current point:
  at point   -3.362   0.944  -2.036
  closest atom surface    2.309   H14 13  X    1
  2nd closest surface     2.310   C1  13  X    1
  found on step  979
  no. of rejections          398
 stored as   -10

 highest radius point found:
  at point   -3.400   0.971  -2.236
  closest atom surface    2.372   H33 13  X    1
  2nd closest surface     2.374   C2  13  X    1
  found on step  808
 current point:
  at point   -3.405   0.966  -2.236
  closest atom surface    2.371   C1  13  X    1
  2nd closest surface     2.371   H14 13  X    1
  found on step  910
  no. of rejections          408
 stored as   -11

 highest radius point found:
  at point   -3.442   0.994  -2.436
  closest atom surface    2.445   H33 13  X    1
  2nd closest surface     2.445   C2  13  X    1
  found on step  702
 current point:
  at point   -3.441   0.991  -2.436
  closest atom surface    2.444   H14 13  X    1
  2nd closest surface     2.446   H33 13  X    1
  found on step  914
  no. of rejections          400
 stored as   -12

 highest radius point found:
  at point   -3.480   1.014  -2.636
  closest atom surface    2.527   H33 13  X    1
  2nd closest surface     2.527   H14 13  X    1
  found on step  889
 current point:
  at point   -3.481   1.012  -2.636
  closest atom surface    2.526   H14 13  X    1
  2nd closest surface     2.527   C1  13  X    1
  found on step  891
  no. of rejections          399
 stored as   -13

 highest radius point found:
  at point   -3.518   1.039  -2.836
  closest atom surface    2.615   H33 13  X    1
  2nd closest surface     2.617   C2  13  X    1
  found on step  793
 current point:
  at point   -3.520   1.040  -2.836
  closest atom surface    2.615   C2  13  X    1
  2nd closest surface     2.616   H33 13  X    1
  found on step  938
  no. of rejections          395
 stored as   -14

 highest radius point found:
  at point   -3.561   1.054  -3.036
  closest atom surface    2.712   C1  13  X    1
  2nd closest surface     2.713   C2  13  X    1
  found on step  975
  this is also current point
  no. of rejections          391
 stored as   -15

 highest radius point found:
  at point   -3.591   1.076  -3.236
  closest atom surface    2.823   C2  13  X    1
  2nd closest surface     2.823   C1  13  X    1
  found on step  966
  this is also current point
  no. of rejections          370
 stored as   -16

 highest radius point found:
  at point   -3.625   1.098  -3.436
  closest atom surface    2.936   H33 13  X    1
  2nd closest surface     2.937   C2  13  X    1
  found on step  976
  this is also current point
  no. of rejections          366
 stored as   -17

 highest radius point found:
  at point   -3.659   1.117  -3.636
  closest atom surface    3.056   C2  13  X    1
  2nd closest surface     3.057   C1  13  X    1
  found on step  983
  this is also current point
  no. of rejections          360
 stored as   -18

 highest radius point found:
  at point   -3.692   1.135  -3.836
  closest atom surface    3.182   C1  13  X    1
  2nd closest surface     3.183   C2  13  X    1
  found on step  951
  this is also current point
  no. of rejections          375
 stored as   -19

 highest radius point found:
  at point   -3.723   1.162  -4.036
  closest atom surface    3.313   C2  13  X    1
  2nd closest surface     3.313   H33 13  X    1
  found on step  954
  this is also current point
  no. of rejections          339
 stored as   -20

 highest radius point found:
  at point   -3.754   1.175  -4.236
  closest atom surface    3.451   C1  13  X    1
  2nd closest surface     3.451   C2  13  X    1
  found on step  991
  this is also current point
  no. of rejections          351
 stored as   -21

 highest radius point found:
  at point   -3.785   1.194  -4.436
  closest atom surface    3.592   C2  13  X    1
  2nd closest surface     3.592   C1  13  X    1
  found on step  868
  this is also current point
  no. of rejections          345
 stored as   -22

 highest radius point found:
  at point   -3.815   1.212  -4.636
  closest atom surface    3.737   C1  13  X    1
  2nd closest surface     3.738   C2  13  X    1
  found on step  910
  this is also current point
  no. of rejections          331
 stored as   -23

 highest radius point found:
  at point   -3.844   1.230  -4.836
  closest atom surface    3.886   C1  13  X    1
  2nd closest surface     3.887   C2  13  X    1
  found on step  412
 current point:
  at point   -3.844   1.240  -4.836
  closest atom surface    3.885   C2  13  X    1
  2nd closest surface     3.886   H33 13  X    1
  found on step  986
  no. of rejections          346
 stored as   -24

 highest radius point found:
  at point   -3.872   1.254  -5.036
  closest atom surface    4.039   C2  13  X    1
  2nd closest surface     4.039   H33 13  X    1
  found on step  964
  this is also current point
  no. of rejections          336
 stored as   -25

 highest radius point found:
  at point   -3.900   1.273  -5.236
  closest atom surface    4.195   C2  13  X    1
  2nd closest surface     4.195   H33 13  X    1
  found on step  914
  this is also current point
  no. of rejections          298
 stored as   -26

 highest radius point found:
  at point   -3.927   1.289  -5.436
  closest atom surface    4.354   H33 13  X    1
  2nd closest surface     4.354   C2  13  X    1
  found on step  924
  this is also current point
  no. of rejections          328
 stored as   -27

 highest radius point found:
  at point   -3.954   1.310  -5.636
  closest atom surface    4.515   H33 13  X    1
  2nd closest surface     4.516   C2  13  X    1
  found on step  880
 current point:
  at point   -3.952   1.309  -5.636
  closest atom surface    4.514   H33 13  X    1
  2nd closest surface     4.517   C2  13  X    1
  found on step  975
  no. of rejections          292
 stored as   -28

 highest radius point found:
  at point   -3.981   1.328  -5.836
  closest atom surface    4.679   C2  13  X    1
  2nd closest surface     4.679   H33 13  X    1
  found on step  962
  this is also current point
  no. of rejections          279
 stored as   -29

 highest radius point found:
  at point   -4.009   1.348  -6.036
  closest atom surface    4.845   C2  13  X    1
  2nd closest surface     4.846   H33 13  X    1
  found on step  776
 current point:
  at point   -4.005   1.343  -6.036
  closest atom surface    4.845   H33 13  X    1
  2nd closest surface     4.846   H14 13  X    1
  found on step  992
  no. of rejections          304
 stored as   -30

 highest radius point found:
  at point   -4.035   1.366  -6.236
  closest atom surface    5.013   C2  13  X    1
  2nd closest surface     5.014   C1  13  X    1
  found on step  913
  this is also current point
  no. of rejections          300
 stored as   -31

 highest radius point found:
  at point   -4.060   1.379  -6.436
  closest atom surface    5.184   C1  13  X    1
  2nd closest surface     5.185   C2  13  X    1
  found on step  933
  this is also current point
  no. of rejections          310
 stored as   -32

 highest radius point found:
  at point   -4.085   1.397  -6.636
  closest atom surface    5.357   C1  13  X    1
  2nd closest surface     5.357   H14 13  X    1
  found on step  993
  this is also current point
  no. of rejections          309
 stored as   -33

 highest radius point found:
  at point   -4.114   1.415  -6.836
  closest atom surface    5.529   C1  13  X    1
  2nd closest surface     5.529   C2  13  X    1
  found on step  973
  this is also current point
  no. of rejections          285
 stored as   -34

 highest radius point found:
  at point   -4.132   1.432  -7.036
  closest atom surface    5.704   H33 13  X    1
  2nd closest surface     5.704   H14 13  X    1
  found on step  507
 current point:
  at point   -4.142   1.435  -7.036
  closest atom surface    5.703   C1  13  X    1
  2nd closest surface     5.703   C2  13  X    1
  found on step  983
  no. of rejections          270
 stored as   -35

 highest radius point found:
  at point   -4.161   1.452  -7.236
  closest atom surface    5.882   H33 13  X    1
  2nd closest surface     5.882   C2  13  X    1
  found on step  992
  this is also current point
  no. of rejections          291
 stored as   -36

 highest radius point found:
  at point   -4.186   1.470  -7.436
  closest atom surface    6.060   C1  13  X    1
  2nd closest surface     6.060   C2  13  X    1
  found on step  925
  this is also current point
  no. of rejections          281
 stored as   -37

 highest radius point found:
  at point   -4.211   1.487  -7.636
  closest atom surface    6.239   C1  13  X    1
  2nd closest surface     6.239   H33 13  X    1
  found on step  781
 current point:
  at point   -4.213   1.496  -7.636
  closest atom surface    6.237   C2  13  X    1
  2nd closest surface     6.238   H33 13  X    1
  found on step  968
  no. of rejections          278
 stored as   -38

 highest radius point found:
  at point   -4.235   1.505  -7.836
  closest atom surface    6.419   C1  13  X    1
  2nd closest surface     6.419   C2  13  X    1
  found on step  935
  this is also current point
  no. of rejections          272
 stored as   -39

 highest radius point found:
  at point   -4.260   1.526  -8.036
  closest atom surface    6.600   H33 13  X    1
  2nd closest surface     6.600   C2  13  X    1
  found on step  961
  this is also current point
  no. of rejections          309
 stored as   -40

 highest radius point found:
  at point   -4.280   1.539  -8.236
  closest atom surface    6.781   H33 13  X    1
  2nd closest surface     6.781   H14 13  X    1
  found on step  997
  this is also current point
  no. of rejections          277
 stored as   -41

 highest radius point found:
  at point   -4.306   1.557  -8.436
  closest atom surface    6.965   H33 13  X    1
  2nd closest surface     6.965   H14 13  X    1
  found on step  882
 current point:
  at point   -4.309   1.565  -8.436
  closest atom surface    6.965   H33 13  X    1
  2nd closest surface     6.965   C2  13  X    1
  found on step  970
  no. of rejections          256
 stored as   -42

 highest radius point found:
  at point   -4.332   1.576  -8.636
  closest atom surface    7.149   C1  13  X    1
  2nd closest surface     7.150   H33 13  X    1
  found on step  951
  this is also current point
  no. of rejections          284
 stored as   -43

 highest radius point found:
  at point   -4.351   1.598  -8.836
  closest atom surface    7.332   H2  13  X    1
  2nd closest surface     7.332   H33 13  X    1
  found on step  986
  this is also current point
  no. of rejections          256
 stored as   -44

 highest radius point found:
  at point   -4.370   1.606  -9.036
  closest atom surface    7.516   H14 13  X    1
  2nd closest surface     7.516   H1  13  X    1
  found on step  963
  this is also current point
  no. of rejections          256
 stored as   -45

 highest radius point found:
  at point   -4.388   1.623  -9.236
  closest atom surface    7.700   H1  13  X    1
  2nd closest surface     7.700   H2  13  X    1
  found on step  857
 current point:
  at point   -4.389   1.624  -9.236
  closest atom surface    7.699   H2  13  X    1
  2nd closest surface     7.699   H1  13  X    1
  found on step  886
  no. of rejections          266
 stored as   -46

 highest radius point found:
  at point   -4.404   1.639  -9.436
  closest atom surface    7.885   H14 13  X    1
  2nd closest surface     7.885   H2  13  X    1
  found on step  989
  this is also current point
  no. of rejections          233
 stored as   -47

 highest radius point found:
  at point   -4.423   1.655  -9.636
  closest atom surface    8.070   H1  13  X    1
  2nd closest surface     8.070   H2  13  X    1
  found on step  889
  this is also current point
  no. of rejections          255
 stored as   -48

 highest radius point found:
  at point   -4.445   1.680  -9.836
  closest atom surface    8.254   H2  13  X    1
  2nd closest surface     8.254   C44 13  X    1
  found on step  678
 current point:
  at point   -4.448   1.679  -9.836
  closest atom surface    8.253   H2  13  X    1
  2nd closest surface     8.255   C44 13  X    1
  found on step  981
  no. of rejections          241
 stored as   -49

 highest radius point found:
  at point   -4.463   1.687 -10.036
  closest atom surface    8.441   C9  13  X    1
  2nd closest surface     8.441   H1  13  X    1
  found on step  793
 current point:
  at point   -4.465   1.691 -10.036
  closest atom surface    8.441   H2  13  X    1
  2nd closest surface     8.441   H1  13  X    1
  found on step  988
  no. of rejections          246
 stored as   -50

 highest radius point found:
  at point   -4.486   1.707 -10.236
  closest atom surface    8.628   H2  13  X    1
  2nd closest surface     8.628   H1  13  X    1
  found on step  954
  this is also current point
  no. of rejections          238
 stored as   -51

 highest radius point found:
  at point   -4.501   1.722 -10.436
  closest atom surface    8.815   C44 13  X    1
  2nd closest surface     8.815   C9  13  X    1
  found on step  977
  this is also current point
  no. of rejections          245
 stored as   -52

 highest radius point found:
  at point   -4.527   1.739 -10.636
  closest atom surface    9.003   C9  13  X    1
  2nd closest surface     9.003   H1  13  X    1
  found on step  950
  this is also current point
  no. of rejections          246
 stored as   -53

 highest radius point found:
  at point   -4.546   1.757 -10.836
  closest atom surface    9.191   C44 13  X    1
  2nd closest surface     9.191   C9  13  X    1
  found on step  988
  this is also current point
  no. of rejections          231
 stored as   -54

 highest radius point found:
  at point   -4.570   1.777 -11.036
  closest atom surface    9.379   H2  13  X    1
  2nd closest surface     9.379   C44 13  X    1
  found on step  854
 current point:
  at point   -4.556   1.771 -11.036
  closest atom surface    9.379   C9  13  X    1
  2nd closest surface     9.379   C44 13  X    1
  found on step  961
  no. of rejections          216
 stored as   -55

 highest radius point found:
  at point   -4.594   1.795 -11.236
  closest atom surface    9.568   H2  13  X    1
  2nd closest surface     9.569   C44 13  X    1
  found on step  468
 current point:
  at point   -4.588   1.795 -11.236
  closest atom surface    9.568   C44 13  X    1
  2nd closest surface     9.569   H2  13  X    1
  found on step  998
  no. of rejections          217
 stored as   -56

 highest radius point found:
  at point   -4.614   1.812 -11.436
  closest atom surface    9.758   C44 13  X    1
  2nd closest surface     9.758   H2  13  X    1
  found on step  986
  this is also current point
  no. of rejections          260
 stored as   -57

 highest radius point found:
  at point   -4.632   1.825 -11.636
  closest atom surface    9.948   C9  13  X    1
  2nd closest surface     9.948   C44 13  X    1
  found on step  976
  this is also current point
  no. of rejections          220
 stored as   -58

 highest radius point found:
  at point   -4.658   1.845 -11.836
  closest atom surface   10.138   H2  13  X    1
  2nd closest surface    10.139   C44 13  X    1
  found on step  997
  this is also current point
  no. of rejections          197
 stored as   -59

 highest radius point found:
  at point   -4.676   1.859 -12.036
  closest atom surface   10.329   C44 13  X    1
  2nd closest surface    10.329   C9  13  X    1
  found on step  906
  this is also current point
  no. of rejections          183
 stored as   -60

 highest radius point found:
  at point   -4.696   1.875 -12.236
  closest atom surface   10.520   C9  13  X    1
  2nd closest surface    10.521   C44 13  X    1
  found on step  946
  this is also current point
  no. of rejections          229
 stored as   -61

 highest radius point found:
  at point   -4.719   1.893 -12.436
  closest atom surface   10.712   C9  13  X    1
  2nd closest surface    10.712   C44 13  X    1
  found on step  904
  this is also current point
  no. of rejections          234
 stored as   -62

 highest radius point found:
  at point   -4.744   1.909 -12.636
  closest atom surface   10.903   C9  13  X    1
  2nd closest surface    10.904   H1  13  X    1
  found on step  824
 current point:
  at point   -4.747   1.908 -12.636
  closest atom surface   10.903   C9  13  X    1
  2nd closest surface    10.903   H1  13  X    1
  found on step  977
  no. of rejections          222
 stored as   -63

 highest radius point found:
  at point   -4.760   1.923 -12.836
  closest atom surface   11.094   C9  13  X    1
  2nd closest surface    11.096   C44 13  X    1
  found on step  989
  this is also current point
  no. of rejections          129
 stored as   -64

 highest radius point found:
  at point   -4.792   1.946 -13.036
  closest atom surface   11.288   H2  13  X    1
  2nd closest surface    11.288   C9  13  X    1
  found on step  801
 current point:
  at point   -4.786   1.944 -13.036
  closest atom surface   11.288   C9  13  X    1
  2nd closest surface    11.288   C44 13  X    1
  found on step  936
  no. of rejections          237
 stored as   -65

 highest radius point found:
  at point   -4.815   1.961 -13.236
  closest atom surface   11.481   C9  13  X    1
  2nd closest surface    11.481   H1  13  X    1
  found on step  923
  this is also current point
  no. of rejections          207
 stored as   -66

 highest radius point found:
  at point   -4.837   1.980 -13.436
  closest atom surface   11.674   H2  13  X    1
  2nd closest surface    11.674   H1  13  X    1
  found on step  981
  this is also current point
  no. of rejections          160
 stored as   -67

 highest radius point found:
  at point   -4.859   1.998 -13.636
  closest atom surface   11.867   H8  13  X    1
  2nd closest surface    11.867   H35 13  X    1
  found on step  917
  this is also current point
  no. of rejections          210
 stored as   -68

 highest radius point found:
  at point   -4.894   2.021 -13.836
  closest atom surface   12.059   H2  13  X    1
  2nd closest surface    12.059   H35 13  X    1
  found on step  956
  this is also current point
  no. of rejections          214
 stored as   -69

 highest radius point found:
  at point   -4.924   2.037 -14.036
  closest atom surface   12.252   H8  13  X    1
  2nd closest surface    12.252   H2  13  X    1
  found on step  957
  this is also current point
  no. of rejections          235
 stored as   -70

 highest radius point found:
  at point   -4.955   2.058 -14.236
  closest atom surface   12.445   H35 13  X    1
  2nd closest surface    12.445   H2  13  X    1
  found on step  977
  this is also current point
  no. of rejections          222
 stored as   -71

 highest radius point found:
  at point   -4.983   2.079 -14.436
  closest atom surface   12.637   H35 13  X    1
  2nd closest surface    12.638   H8  13  X    1
  found on step  972
  this is also current point
  no. of rejections          190
 stored as   -72

 highest radius point found:
  at point   -5.020   2.097 -14.636
  closest atom surface   12.831   H2  13  X    1
  2nd closest surface    12.832   H8  13  X    1
  found on step  984
  this is also current point
  no. of rejections          204
 stored as   -73

 highest radius point found:
  at point   -5.050   2.115 -14.836
  closest atom surface   13.025   H8  13  X    1
  2nd closest surface    13.026   H2  13  X    1
  found on step  976
  this is also current point
  no. of rejections          166
 stored as   -74

 highest radius point found:
  at point   -5.079   2.135 -15.036
  closest atom surface   13.219   H8  13  X    1
  2nd closest surface    13.219   H35 13  X    1
  found on step  996
  this is also current point
  no. of rejections          186
 stored as   -75

 highest radius point found:
  at point   -5.121   2.158 -15.236
  closest atom surface   13.413   H2  13  X    1
  2nd closest surface    13.413   H1  13  X    1
  found on step  959
  this is also current point
  no. of rejections          163
 stored as   -76

 highest radius point found:
  at point   -8.623   3.234 -15.436
  closest atom surface   13.666   H2  13  X    1
  2nd closest surface    13.698   H1  13  X    1
  found on step  999
  this is also current point
  no. of rejections          106
 stored as   -77

 highest radius point found:
  at point  -13.475   5.208 -15.636
  closest atom surface   15.416   H2  13  X    1
  2nd closest surface    15.441   C2  13  X    1
  found on step  999
  this is also current point
  no. of rejections          165
 stored as   -78

 highest radius point found:
  at point  -20.833   9.328 -15.836
  closest atom surface   20.501   C2  13  X    1
  2nd closest surface    20.606   H2  13  X    1
  found on step 1000
  this is also current point
  no. of rejections          200
 stored as   -79

 highest radius point found:
  at point  -28.343  11.981 -16.036
  closest atom surface   26.764   C2  13  X    1
  2nd closest surface    26.955   C1  13  X    1
  found on step 1000
  this is also current point
  no. of rejections          248
 This is an end! (radius above  22.0 angs)
 
 N.b. Graph information routine (HOGRAP) differs 
        markedly from previous versions!
       Information now is written from -ve end
       to +ve in one pass
 
 Explanation of the meaning of each column: 
 First column "cenxyz.cvec" is the coordinate in the
   direction of the channel vector i.e. if the channel
   vector is in z (0 0 1) then it is the z coordinate.
 The second column "radius" is the hole pore radius 
   (as defined in the Biophys J 1993) article).
 The third column "cen_line_D" is the distance 
   measured along the pore centre line - with the 
   first point found set to zero. This was the first
   thing that I used to measure the distance along a pore
   but "cenxyz.cvec" is a much better general measure. 
   However, by comparing changes in this distance to changes in '   "cenxyz.cvec" one can get a measure of how straight a 
   channel is.
 The fourth column "sum{s/(area)}" is useful in conductance
   prediction -
   basically it is the sum of the thickness of each slab
   divided by its area. HOLE uses this measure to estimate
   the macroscopic conductance of a channel.
 If any of this worries you one can see the "raw" results
   of a standard hole run by producing a sphpdb file and 
    directly looking at the results.
 cenxyz.cvec      radius  cen_line_D sum{s/(area point sourc
   -15.83572    20.50124   -35.69536     0.00008   (sampled)
   -15.73572    17.68179   -31.47823     0.00018 (mid-point)
   -15.63572    15.41585   -27.26109     0.00031   (sampled)
   -15.53572    14.34326   -24.63996     0.00047 (mid-point)
   -15.43572    13.66601   -22.01882     0.00064   (sampled)
   -15.33572    13.42377   -20.18422     0.00081 (mid-point)
   -15.23572    13.41283   -18.34963     0.00099   (sampled)
   -15.13572    13.31628   -18.24675     0.00117 (mid-point)
   -15.03572    13.21890   -18.14387     0.00135   (sampled)
   -14.93572    13.12179   -18.04233     0.00154 (mid-point)
   -14.83572    13.02474   -17.94079     0.00172   (sampled)
   -14.73572    12.92823   -17.83928     0.00191 (mid-point)
   -14.63572    12.83148   -17.73777     0.00211   (sampled)
   -14.53572    12.73455   -17.63567     0.00230 (mid-point)
   -14.43572    12.63727   -17.53357     0.00250   (sampled)
   -14.33572    12.54103   -17.43206     0.00271 (mid-point)
   -14.23572    12.44486   -17.33055     0.00291   (sampled)
   -14.13572    12.34832   -17.22888     0.00312 (mid-point)
   -14.03572    12.25170   -17.12722     0.00333   (sampled)
   -13.93572    12.15546   -17.02577     0.00355 (mid-point)
   -13.83572    12.05900   -16.92432     0.00377   (sampled)
   -13.73572    11.96316   -16.82215     0.00399 (mid-point)
   -13.63572    11.86677   -16.71999     0.00422   (sampled)
   -13.53572    11.77074   -16.61898     0.00445 (mid-point)
   -13.43572    11.67412   -16.51797     0.00468   (sampled)
   -13.33572    11.57735   -16.41692     0.00492 (mid-point)
   -13.23572    11.48057   -16.31588     0.00516   (sampled)
   -13.13572    11.38447   -16.21488     0.00540 (mid-point)
   -13.03572    11.28843   -16.11388     0.00565   (sampled)
   -12.93572    11.19122   -16.01204     0.00591 (mid-point)
   -12.83572    11.09407   -15.91019     0.00617   (sampled)
   -12.73572    10.99860   -15.80962     0.00643 (mid-point)
   -12.63572    10.90321   -15.70905     0.00670   (sampled)
   -12.53572    10.80744   -15.60794     0.00697 (mid-point)
   -12.43572    10.71175   -15.50683     0.00725   (sampled)
   -12.33572    10.61578   -15.40575     0.00753 (mid-point)
   -12.23572    10.51988   -15.30468     0.00782   (sampled)
   -12.13572    10.42463   -15.20387     0.00811 (mid-point)
   -12.03572    10.32937   -15.10306     0.00841   (sampled)
   -11.93572    10.23390   -15.00244     0.00871 (mid-point)
   -11.83572    10.13830   -14.90182     0.00902   (sampled)
   -11.73572    10.04341   -14.80044     0.00934 (mid-point)
   -11.63572     9.94822   -14.69906     0.00966   (sampled)
   -11.53572     9.85312   -14.59843     0.00999 (mid-point)
   -11.43572     9.75791   -14.49780     0.01032   (sampled)
   -11.33572     9.66289   -14.39696     0.01066 (mid-point)
   -11.23572     9.56795   -14.29613     0.01101   (sampled)
   -11.13572     9.47357   -14.19502     0.01136 (mid-point)
   -11.03572     9.37931   -14.09390     0.01173   (sampled)
   -10.93572     9.28524   -13.99272     0.01210 (mid-point)
   -10.83572     9.19113   -13.89154     0.01247   (sampled)
   -10.73572     9.09698   -13.79068     0.01286 (mid-point)
   -10.63572     9.00278   -13.68982     0.01325   (sampled)
   -10.53572     8.90892   -13.58863     0.01365 (mid-point)
   -10.43572     8.81516   -13.48744     0.01406   (sampled)
   -10.33572     8.72169   -13.38686     0.01448 (mid-point)
   -10.23572     8.62761   -13.28629     0.01491   (sampled)
   -10.13572     8.53460   -13.18516     0.01534 (mid-point)
   -10.03572     8.44104   -13.08404     0.01579   (sampled)
    -9.93572     8.34776   -12.98356     0.01625 (mid-point)
    -9.83572     8.25389   -12.88308     0.01671   (sampled)
    -9.73572     8.16192   -12.78164     0.01719 (mid-point)
    -9.63572     8.07001   -12.68020     0.01768   (sampled)
    -9.53572     7.97737   -12.57948     0.01818 (mid-point)
    -9.43572     7.88476   -12.47875     0.01869   (sampled)
    -9.33572     7.79214   -12.37808     0.01922 (mid-point)
    -9.23572     7.69955   -12.27742     0.01975   (sampled)
    -9.13572     7.60755   -12.17665     0.02030 (mid-point)
    -9.03572     7.51568   -12.07589     0.02087   (sampled)
    -8.93572     7.42375   -11.97540     0.02144 (mid-point)
    -8.83572     7.33167   -11.87491     0.02204   (sampled)
    -8.73572     7.24058   -11.77386     0.02264 (mid-point)
    -8.63572     7.14948   -11.67281     0.02327   (sampled)
    -8.53572     7.05709   -11.57150     0.02391 (mid-point)
    -8.43572     6.96483   -11.47019     0.02456   (sampled)
    -8.33572     6.87288   -11.36896     0.02524 (mid-point)
    -8.23572     6.78115   -11.26774     0.02593   (sampled)
    -8.13572     6.69035   -11.16698     0.02664 (mid-point)
    -8.03572     6.59980   -11.06623     0.02737   (sampled)
    -7.93572     6.50934   -10.96497     0.02812 (mid-point)
    -7.83572     6.41893   -10.86372     0.02889   (sampled)
    -7.73572     6.32872   -10.76255     0.02969 (mid-point)
    -7.63572     6.23877   -10.66138     0.03051   (sampled)
    -7.53572     6.14911   -10.56027     0.03135 (mid-point)
    -7.43572     6.05973   -10.45917     0.03222   (sampled)
    -7.33572     5.97060   -10.35800     0.03311 (mid-point)
    -7.23572     5.88168   -10.25682     0.03403   (sampled)
    -7.13572     5.79252   -10.15527     0.03498 (mid-point)
    -7.03572     5.70371   -10.05372     0.03596   (sampled)
    -6.93572     5.61753    -9.95296     0.03696 (mid-point)
    -6.83572     5.52916    -9.85220     0.03801   (sampled)
    -6.73572     5.44269    -9.75077     0.03908 (mid-point)
    -6.63572     5.35662    -9.64934     0.04019   (sampled)
    -6.53572     5.27030    -9.54818     0.04134 (mid-point)
    -6.43572     5.18438    -9.44701     0.04252   (sampled)
    -6.33572     5.09874    -9.34603     0.04374 (mid-point)
    -6.23572     5.01327    -9.24504     0.04501   (sampled)
    -6.13572     4.92891    -9.14376     0.04632 (mid-point)
    -6.03572     4.84503    -9.04247     0.04768   (sampled)
    -5.93572     4.76194    -8.94106     0.04908 (mid-point)
    -5.83572     4.67937    -8.83964     0.05053   (sampled)
    -5.73572     4.59684    -8.73831     0.05204 (mid-point)
    -5.63572     4.51489    -8.63698     0.05360   (sampled)
    -5.53572     4.43426    -8.53553     0.05522 (mid-point)
    -5.43572     4.35433    -8.43408     0.05690   (sampled)
    -5.33572     4.27437    -8.33281     0.05864 (mid-point)
    -5.23572     4.19507    -8.23153     0.06045   (sampled)
    -5.13572     4.11672    -8.13014     0.06233 (mid-point)
    -5.03572     4.03906    -8.02875     0.06428   (sampled)
    -4.93572     3.96255    -7.92711     0.06631 (mid-point)
    -4.83572     3.88626    -7.82546     0.06841   (sampled)
    -4.73572     3.81128    -7.72398     0.07061 (mid-point)
    -4.63572     3.73714    -7.62251     0.07289   (sampled)
    -4.53572     3.66425    -7.52098     0.07526 (mid-point)
    -4.43572     3.59227    -7.41945     0.07772   (sampled)
    -4.33572     3.52114    -7.31784     0.08029 (mid-point)
    -4.23572     3.45098    -7.21623     0.08296   (sampled)
    -4.13572     3.38153    -7.11483     0.08575 (mid-point)
    -4.03572     3.31298    -7.01343     0.08865   (sampled)
    -3.93572     3.24724    -6.91134     0.09167 (mid-point)
    -3.83572     3.18234    -6.80925     0.09481   (sampled)
    -3.73572     3.11882    -6.70749     0.09808 (mid-point)
    -3.63572     3.05646    -6.60573     0.10149   (sampled)
    -3.53572     2.99580    -6.50382     0.10503 (mid-point)
    -3.43572     2.93626    -6.40192     0.10873   (sampled)
    -3.33572     2.87898    -6.29991     0.11257 (mid-point)
    -3.23572     2.82292    -6.19790     0.11656   (sampled)
    -3.13572     2.76669    -6.09622     0.12072 (mid-point)
    -3.03572     2.71202    -5.99454     0.12505   (sampled)
    -2.93572     2.66401    -5.89191     0.12953 (mid-point)
    -2.83572     2.61528    -5.78927     0.13419   (sampled)
    -2.73572     2.56992    -5.68677     0.13901 (mid-point)
    -2.63572     2.52696    -5.58427     0.14399   (sampled)
    -2.53572     2.48448    -5.48192     0.14915 (mid-point)
    -2.43572     2.44452    -5.37958     0.15447   (sampled)
    -2.33572     2.40701    -5.27688     0.15997 (mid-point)
    -2.23572     2.37220    -5.17419     0.16563   (sampled)
    -2.13572     2.34077    -5.07155     0.17143 (mid-point)
    -2.03572     2.31020    -4.96892     0.17740   (sampled)
    -1.93572     2.28425    -4.86578     0.18350 (mid-point)
    -1.83572     2.25929    -4.76263     0.18974   (sampled)
    -1.73572     2.23792    -4.65963     0.19609 (mid-point)
    -1.63572     2.21962    -4.55663     0.20255   (sampled)
    -1.53572     2.20354    -4.45282     0.20911 (mid-point)
    -1.43572     2.19066    -4.34901     0.21574   (sampled)
    -1.33572     2.18139    -4.24593     0.22243 (mid-point)
    -1.23572     2.17498    -4.14285     0.22916   (sampled)
    -1.13572     2.16451    -4.04072     0.23595 (mid-point)
    -1.03572     2.15462    -3.93860     0.24281   (sampled)
    -0.93572     2.14497    -3.83750     0.24973 (mid-point)
    -0.83572     2.13688    -3.73639     0.25670   (sampled)
    -0.73572     1.46496    -2.17342     0.27153 (mid-point)
    -0.63572     1.46105    -0.61044     0.28644   (sampled)
    -0.53572     1.47613    -0.50785     0.30105 (mid-point)
    -0.43572     1.49045    -0.40526     0.31538   (sampled)
    -0.33572     1.51160    -0.30351     0.32931 (mid-point)
    -0.23572     1.53120    -0.20177     0.34289   (sampled)
    -0.13572     1.56034    -0.10088     0.35596 (mid-point)
    -0.03572     1.59220     0.00000     0.36852   (sampled)
     0.06428     1.62349     0.10169     0.38059 (mid-point)
     0.16428     1.65746     0.20338     0.39218   (sampled)
     0.26428     1.70879     1.26654     0.40308 (mid-point)
     0.36428     2.05809     2.32971     0.41060   (sampled)
     0.46428     2.07755     2.44390     0.41797 (mid-point)
     0.56428     2.09886     2.55808     0.42520   (sampled)
     0.66428     2.12356     2.67159     0.43226 (mid-point)
     0.76428     2.15111     2.78510     0.43913   (sampled)
     0.86428     2.18209     2.89843     0.44582 (mid-point)
     0.96428     2.21599     3.01177     0.45230   (sampled)
     1.06428     2.25265     3.12490     0.45857 (mid-point)
     1.16428     2.29123     3.23803     0.46464   (sampled)
     1.26428     2.33364     3.35112     0.47048 (mid-point)
     1.36428     2.37846     3.46420     0.47611   (sampled)
     1.46428     2.42610     3.57738     0.48152 (mid-point)
     1.56428     2.47618     3.69057     0.48671   (sampled)
     1.66428     2.52871     3.80446     0.49169 (mid-point)
     1.76428     2.58229     3.91835     0.49646   (sampled)
     1.86428     2.63916     4.03259     0.50103 (mid-point)
     1.96428     2.69819     4.14684     0.50540   (sampled)
     2.06428     2.75131     4.28836     0.50961 (mid-point)
     2.16428     2.80812     4.42989     0.51364   (sampled)
     2.26428     2.87950     4.53045     0.51748 (mid-point)
     2.36428     2.95192     4.63100     0.52114   (sampled)
     2.46428     3.01494     4.75856     0.52464 (mid-point)
     2.56428     3.08016     4.88612     0.52799   (sampled)
     2.66428     3.15107     5.02514     0.53120 (mid-point)
     2.76428     3.22480     5.16416     0.53426   (sampled)
     2.86428     3.30229     5.31614     0.53718 (mid-point)
     2.96428     3.37970     5.46811     0.53997   (sampled)
     3.06428     3.44532     5.56980     0.54265 (mid-point)
     3.16428     3.49517     5.67149     0.54525   (sampled)
     3.26428     3.54152     5.77301     0.54779 (mid-point)
     3.36428     3.58902     5.87454     0.55026   (sampled)
     3.46428     3.63880     5.97656     0.55267 (mid-point)
     3.56428     3.69001     6.07858     0.55500   (sampled)
     3.66428     3.74244     6.18012     0.55728 (mid-point)
     3.76428     3.79621     6.28166     0.55948   (sampled)
     3.86428     3.85078     6.38615     0.56163 (mid-point)
     3.96428     3.90674     6.49064     0.56372   (sampled)
     4.06428     3.96433     6.59092     0.56574 (mid-point)
     4.16428     4.02288     6.69119     0.56771   (sampled)
     4.26428     4.08296     6.79255     0.56962 (mid-point)
     4.36428     4.14414     6.89391     0.57147   (sampled)
     4.46428     4.20629     6.99662     0.57327 (mid-point)
     4.56428     4.26938     7.09932     0.57502   (sampled)
     4.66428     4.33228     7.19978     0.57671 (mid-point)
     4.76428     4.38757     7.30024     0.57837   (sampled)
     4.86428     4.44002     7.40161     0.57998 (mid-point)
     4.96428     4.49309     7.50298     0.58156   (sampled)
     5.06428     4.54988     7.60477     0.58310 (mid-point)
     5.16428     4.60688     7.70656     0.58460   (sampled)
     5.26428     4.66454     7.80810     0.58606 (mid-point)
     5.36428     4.72317     7.90964     0.58749   (sampled)
     5.46428     4.78460     8.01114     0.58888 (mid-point)
     5.56428     4.84567     8.11264     0.59023   (sampled)
     5.66428     4.90876     8.21421     0.59155 (mid-point)
     5.76428     4.97283     8.31578     0.59284   (sampled)
     5.86428     5.03729     8.41750     0.59409 (mid-point)
     5.96428     5.10277     8.51922     0.59532   (sampled)
     6.06428     5.16940     8.62083     0.59651 (mid-point)
     6.16428     5.23697     8.72245     0.59767   (sampled)
     6.26428     5.30553     8.82398     0.59880 (mid-point)
     6.36428     5.37498     8.92551     0.59990   (sampled)
     6.46428     5.44574     9.02682     0.60097 (mid-point)
     6.56428     5.51731     9.12813     0.60202   (sampled)
     6.66428     5.58935     9.22964     0.60304 (mid-point)
     6.76428     5.66200     9.33114     0.60403   (sampled)
     6.86428     5.73553     9.43276     0.60500 (mid-point)
     6.96428     5.80963     9.53437     0.60594   (sampled)
     7.06428     5.88453     9.63593     0.60686 (mid-point)
     7.16428     5.96011     9.73750     0.60776   (sampled)
     7.26428     6.03595     9.83925     0.60863 (mid-point)
     7.36428     6.11244     9.94100     0.60948   (sampled)
     7.46428     6.19040    10.04233     0.61031 (mid-point)
     7.56428     6.26884    10.14366     0.61112   (sampled)
     7.66428     6.34705    10.24531     0.61191 (mid-point)
     7.76428     6.42572    10.34696     0.61269   (sampled)
     7.86428     6.50596    10.44845     0.61344 (mid-point)
     7.96428     6.58648    10.54995     0.61417   (sampled)
     8.06428     6.66712    10.65161     0.61489 (mid-point)
     8.16428     6.74810    10.75328     0.61559   (sampled)
     8.26428     6.83023    10.85454     0.61627 (mid-point)
     8.36428     6.91205    10.95581     0.61693   (sampled)
     8.46428     6.99461    11.05752     0.61759 (mid-point)
     8.56428     7.07701    11.15923     0.61822   (sampled)
     8.66428     7.16086    11.26116     0.61884 (mid-point)
     8.76428     7.24387    11.36309     0.61945   (sampled)
     8.86428     7.32860    11.46417     0.62004 (mid-point)
     8.96428     7.41282    11.56525     0.62062   (sampled)
     9.06428     7.49920    11.66712     0.62119 (mid-point)
     9.16428     7.58427    11.76899     0.62174   (sampled)
     9.26428     7.67047    11.87031     0.62228 (mid-point)
     9.36428     7.75609    11.97164     0.62281   (sampled)
     9.46428     7.84276    12.07318     0.62333 (mid-point)
     9.56428     7.92942    12.17472     0.62383   (sampled)
     9.66428     8.01641    12.27664     0.62433 (mid-point)
     9.76428     8.10348    12.37857     0.62481   (sampled)
     9.86428     8.19113    12.47988     0.62529 (mid-point)
     9.96428     8.27891    12.58120     0.62575   (sampled)
    10.06428     8.36560    12.68444     0.62621 (mid-point)
    10.16428     8.45261    12.78769     0.62665   (sampled)
    10.26428     8.54298    12.88823     0.62709 (mid-point)
    10.36428     8.63355    12.98877     0.62752   (sampled)
    10.46428     8.72105    13.08981     0.62793 (mid-point)
    10.56428     8.80772    13.19085     0.62834   (sampled)
    10.66428     8.90041    13.29390     0.62875 (mid-point)
    10.76428     8.99060    13.39694     0.62914   (sampled)
    10.86428     9.08147    13.49784     0.62953 (mid-point)
    10.96428     9.17253    13.59873     0.62990   (sampled)
    11.06428     9.26254    13.70054     0.63028 (mid-point)
    11.16428     9.35277    13.80235     0.63064   (sampled)
    11.26428     9.44425    13.90368     0.63100 (mid-point)
    11.36428     9.53590    14.00501     0.63135   (sampled)
    11.46428     9.62707    14.10649     0.63169 (mid-point)
    11.56428     9.71820    14.20798     0.63203   (sampled)
    11.66428     9.80984    14.30981     0.63236 (mid-point)
    11.76428     9.90157    14.41165     0.63268   (sampled)
    11.86428     9.99312    14.51448     0.63300 (mid-point)
    11.96428    10.08475    14.61731     0.63331   (sampled)
    12.06428    10.17797    14.71796     0.63362 (mid-point)
    12.16428    10.27127    14.81861     0.63392   (sampled)
    12.26428    10.36388    14.92003     0.63422 (mid-point)
    12.36428    10.45659    15.02146     0.63451   (sampled)
    12.46428    10.54961    15.12328     0.63480 (mid-point)
    12.56428    10.64273    15.22511     0.63508   (sampled)
    12.66428    10.73594    15.32632     0.63535 (mid-point)
    12.76428    10.82923    15.42752     0.63563   (sampled)
    12.86428    10.92292    15.52933     0.63589 (mid-point)
    12.96428    11.01673    15.63113     0.63615   (sampled)
    13.06428    11.11054    15.73248     0.63641 (mid-point)
    13.16428    11.20447    15.83384     0.63667   (sampled)
    13.26428    11.29838    15.93536     0.63692 (mid-point)
    13.36428    11.39242    16.03688     0.63716   (sampled)
    13.46428    11.48677    16.13843     0.63740 (mid-point)
    13.56428    11.58036    16.23998     0.63764   (sampled)
    13.66428    11.67558    16.34166     0.63787 (mid-point)
    13.76428    11.77048    16.44335     0.63810   (sampled)
    13.86428    11.86473    16.54529     0.63833 (mid-point)
    13.96428    11.95910    16.64724     0.63855   (sampled)
    14.06428    12.05436    16.74855     0.63877 (mid-point)
    14.16428    12.14971    16.84986     0.63899   (sampled)
    14.26428    12.24452    16.95161     0.63920 (mid-point)
    14.36428    12.33944    17.05335     0.63941   (sampled)
    14.46428    12.43483    17.15495     0.63961 (mid-point)
    14.56428    12.53032    17.25655     0.63982   (sampled)
    14.66428    12.62572    17.35826     0.64002 (mid-point)
    14.76428    12.72122    17.45997     0.64021   (sampled)
    14.86428    12.81736    17.56110     0.64041 (mid-point)
    14.96428    12.91305    17.66223     0.64060   (sampled)
    15.06428    13.00824    17.76349     0.64078 (mid-point)
    15.16428    13.10336    17.86475     0.64097   (sampled)
    15.26428    13.20063    17.96681     0.64115 (mid-point)
    15.36428    13.29663    18.06886     0.64133   (sampled)
    15.46428    13.39296    18.17110     0.64151 (mid-point)
    15.56428    13.48838    18.27333     0.64169   (sampled)
    15.66428    13.58500    18.37454     0.64186 (mid-point)
    15.76428    13.68070    18.47575     0.64203   (sampled)
    15.86428    13.82980    20.58757     0.64219 (mid-point)
    15.96428    14.20978    22.69939     0.64235   (sampled)
    16.06428    14.30921    22.80032     0.64251 (mid-point)
    16.16428    14.40867    22.90124     0.64266   (sampled)
    16.26428    14.49933    24.65791     0.64281 (mid-point)
    16.36428    14.78464    26.41457     0.64296   (sampled)
    16.46428    15.06015    27.36295     0.64310 (mid-point)
    16.56428    15.38599    28.31133     0.64323   (sampled)
    16.66428    17.07710    32.53394     0.64334 (mid-point)
    16.76428    19.51154    36.75655     0.64343   (sampled)

 Minimum radius found:      1.461 angstroms.



 For spherical probe approach, The geometric factor
         F= sum(ds/area) along channel is    0.643 angstroms**-1
 This yields a macroscopic predicted molar conductance of:
   (1/rho)*(100/F)= (160/rho) pS,
   where rho is the conductivity of 1M permeant ion in ohm m.
 N.B. this is a macroscopic conductance - an overestimate 
 Empirically corrected conductances currently only available
 With the CAPSULE option (although its not that stable!)
 For 1M KCl rho= 1/12 (ohm m), So Gmacro= 1900 pS/M.
  (TAG      1   Rmin=     1.46105   Gmacro=  1865.01828 Conn_Gmacro=    -1.00000 ).
 HOLE: normal completion
