 *** Program HOLE ***
 
 If results of this run are reported or published, please
 cite the publication listed below.
 For the HOLE program:
   Smart, O.S., Goodfellow, J.M., Wallace, B.A. (1993). 
   The pore dimensions of gramicidin A. 
   Biophys. J., 65, 2455-2460.
 
 Originally written by Oliver Smart at Birkbeck College from April 1992.
 Copyright 1993-2005 Oliver Smart
 Copyright 2014-2015 SmartSci Limited.
 Copyright 2016 Oliver Smart.
 
 For help on HOLE suite see  http://www.holeprogram.org/
 
 HOLE release 2.2.005 (07 August 2016) 
 
 usage subject to Apache License, Version 2.0 
 see http://www.apache.org/licenses/LICENSE-2.0 

 Control variables read:

! Input file for Oliver Smart's HOLE program
! written by MDAnalysis.analysis.hole2.HoleAnalysis
! for a Universe
! u = mda.Universe(/afs/crc.nd.edu/user/m/mfarshad/Private/ML-new/traj/host-33/h
!    /afs/crc.nd.edu/user/m/mfarshad/Private/ML-new/traj/host-33/host_33.trr
!   )
! Frame 17

COORD  /tmp/2550180.1.long/tmp8mhpdlbk.pdb
RADIUS simple2.rad
SPHPDB hole017.sph
SAMPLE 0.200000
ENDRAD 22.000000
IGNORE SOL WAT TIP HOH K   NA  CL
SHORTO 0
RASEED 31415
CPOINT 41.3804148992 39.3959135056 40.2824560483


 WARNING have not found a CVECT record - will try to guess
 Input pdb filename read as:    '/tmp/2550180.1.long/tmp8mhpdlbk.pdb'
 Input vdW radius file read as: 'simple2.rad'
 point in channel:   41.380  39.396  40.282
 channel vector:   ************************
 sampling distance between planes:    0.200

 graphics conditions:
 binary plot output file name: NONE
 Dot density:    10
 Draw dots?           T
 Draw close contacts? F
 Draw centre line?    T
 Produce spikes rather than dots? F
 Seed for random number generator:     31415 (0 means value set by program)
 Radius above which a result is regarded as an 'end':  22.000
 Pdb format file for sphere centres: hole017.sph

 Monte Carlo conditions:
  no of steps:  1000
  maximum displacement   0.100 angs
  'kT' initial   0.100 angs
 The spherebox and capsule options are turned off.
 (No molqpt card so will not write qpt file of the molecule)
 IGNORE card read so will ignore residue types: SOL WAT TIP HOH K   NA  CL
 no SHORTO card read so will produce full textual output
 As no PEGRAT card was found will not produce PEG polymer exclusion graph
 (No 2DMAPS card specified so will not produce 2D property maps)
 Have not found a CUT card.  Normal calculation using
   Cutoff lists with a cutsize=       1.000
   (if you wish to turn off option use a CUT -1 card)

 Have read     7 bond radius records and
              16 vdW radius records.
 From file: simple2.rad

 Have read   120 atom records.
 From file: /tmp/2550180.1.long/tmp8mhpdlbk.pdb
 Will not produce graphical output

 Have opened file for pdb format output of sphere centres:  hole017.sph

  Seed integer used by ran # generator on this run      31415

 
 S/R cguess will try to guess CPOINT and/or CVECT
 
 THESE GUESSES MAY WELL BE WRONG!!!!
 Routine relies on having a reasonably symmetric
 channel oriented along x, y or z vector
 YOU ARE STRONGLY ADVISED TO CHECK THE RESULTS
                       WITH MOLECULAR GRAPHICS
 testing points from cpoint in X, Y then Z direction
   point                   pore radius
direction     1
  36.380  39.396  40.282     0.128
  37.380  39.396  40.282     0.494
  38.380  39.396  40.282     0.795
  39.380  39.396  40.282     1.200
  40.380  39.396  40.282     1.719
  41.380  39.396  40.282     2.140
  42.380  39.396  40.282     1.479
  43.380  39.396  40.282     0.494
  44.380  39.396  40.282    -0.467
  45.380  39.396  40.282    -1.275
  46.380  39.396  40.282    -0.986
 Average pore radius along the line=      0.520
direction     2
  41.380  34.396  40.282     0.230
  41.380  35.396  40.282     0.279
  41.380  36.396  40.282     0.746
  41.380  37.396  40.282     1.397
  41.380  38.396  40.282     1.780
  41.380  39.396  40.282     2.140
  41.380  40.396  40.282     1.745
  41.380  41.396  40.282     1.345
  41.380  42.396  40.282     1.081
  41.380  43.396  40.282     0.721
  41.380  44.396  40.282     0.754
 Average pore radius along the line=      1.111
direction     3
  41.380  39.396  35.282    -0.953
  41.380  39.396  36.282    -0.693
  41.380  39.396  37.282    -0.242
  41.380  39.396  38.282     0.505
  41.380  39.396  39.282     1.316
  41.380  39.396  40.282     2.140
  41.380  39.396  41.282     1.478
  41.380  39.396  42.282     0.567
  41.380  39.396  43.282    -0.289
  41.380  39.396  44.282    -0.836
  41.380  39.396  45.282    -0.682
 Average pore radius along the line=      0.210
 Best direction is found to be     2
(1=X,2=Y,3=Z)
 s/r cguess has produced initial values for cpoint &/or cvect:
CPOINT      41.3804     39.3959     40.2825
CVECT        0.0000      1.0000      0.0000
 THESE GUESSES MAY WELL BE WRONG!!!!
 Routine relies on having a reasonably symmetric
 channel oriented along x, y or z vector
 YOU ARE STRONGLY ADVISED TO CHECK THE RESULTS
                       WITH MOLECULAR GRAPHICS
 
 
  Some routines (e.g. conn) need vectors normal to cvect: 
     EAST Zero degrees angle is along vector    1.000   0.000   0.000
     NORTH  90 degrees angle is along vector    0.000   0.000   1.000
 highest radius point found:
  at point   41.434  39.396  40.408
  closest atom surface    2.256   C31 33  X    1
  2nd closest surface     2.256   C5  33  X    1
  found on step  938
  this is also current point
  no. of rejections          386
 stored as     0

 highest radius point found:
  at point   41.616  39.596  40.354
  closest atom surface    2.235   C5  33  X    1
  2nd closest surface     2.236   C52 33  X    1
  found on step  851
 current point:
  at point   41.619  39.596  40.353
  closest atom surface    2.234   C29 33  X    1
  2nd closest surface     2.237   C52 33  X    1
  found on step  957
  no. of rejections          358
 stored as     1

 highest radius point found:
  at point   41.717  39.796  40.303
  closest atom surface    2.184   C52 33  X    1
  2nd closest surface     2.185   C4  33  X    1
  found on step  972
  this is also current point
  no. of rejections          389
 stored as     2

 highest radius point found:
  at point   41.826  39.996  40.224
  closest atom surface    2.129   C52 33  X    1
  2nd closest surface     2.130   C28 33  X    1
  found on step  569
 current point:
  at point   41.822  39.996  40.227
  closest atom surface    2.128   C52 33  X    1
  2nd closest surface     2.129   C4  33  X    1
  found on step  982
  no. of rejections          401
 stored as     3

 highest radius point found:
  at point   41.934  40.196  40.149
  closest atom surface    2.088   C28 33  X    1
  2nd closest surface     2.088   C4  33  X    1
  found on step  959
  this is also current point
  no. of rejections          404
 stored as     4

 highest radius point found:
  at point   42.040  40.396  40.069
  closest atom surface    2.061   C52 33  X    1
  2nd closest surface     2.062   C28 33  X    1
  found on step  848
 current point:
  at point   42.040  40.396  40.071
  closest atom surface    2.061   C4  33  X    1
  2nd closest surface     2.062   C28 33  X    1
  found on step  928
  no. of rejections          392
 stored as     5

 highest radius point found:
  at point   42.147  40.596  39.994
  closest atom surface    2.048   C27 33  X    1
  2nd closest surface     2.049   C4  33  X    1
  found on step  339
 current point:
  at point   42.147  40.596  39.991
  closest atom surface    2.048   C27 33  X    1
  2nd closest surface     2.049   C52 33  X    1
  found on step  980
  no. of rejections          394
 stored as     6

 highest radius point found:
  at point   42.243  40.796  39.936
  closest atom surface    2.028   C40 33  X    1
  2nd closest surface     2.031   C4  33  X    1
  found on step  923
  this is also current point
  no. of rejections          385
 stored as     7

 highest radius point found:
  at point   42.396  40.996  39.935
  closest atom surface    1.994   C4  33  X    1
  2nd closest surface     1.995   C42 33  X    1
  found on step  729
 current point:
  at point   42.402  40.996  39.937
  closest atom surface    1.993   C27 33  X    1
  2nd closest surface     1.994   C4  33  X    1
  found on step  944
  no. of rejections          380
 stored as     8

 highest radius point found:
  at point   42.559  41.196  39.942
  closest atom surface    1.970   C42 33  X    1
  2nd closest surface     1.970   C27 33  X    1
  found on step  801
 current point:
  at point   42.560  41.196  39.942
  closest atom surface    1.969   C27 33  X    1
  2nd closest surface     1.970   C4  33  X    1
  found on step  964
  no. of rejections          393
 stored as     9

 highest radius point found:
  at point   42.718  41.396  39.951
  closest atom surface    1.959   C4  33  X    1
  2nd closest surface     1.961   C42 33  X    1
  found on step  981
  this is also current point
  no. of rejections          390
 stored as    10

 highest radius point found:
  at point   42.885  41.596  39.967
  closest atom surface    1.964   C4  33  X    1
  2nd closest surface     1.967   C27 33  X    1
  found on step  957
  this is also current point
  no. of rejections          364
 stored as    11

 highest radius point found:
  at point   43.053  41.796  39.979
  closest atom surface    1.989   C27 33  X    1
  2nd closest surface     1.989   C41 33  X    1
  found on step  996
  this is also current point
  no. of rejections          398
 stored as    12

 highest radius point found:
  at point   43.218  41.996  39.993
  closest atom surface    2.029   C4  33  X    1
  2nd closest surface     2.029   C41 33  X    1
  found on step  932
  this is also current point
  no. of rejections          360
 stored as    13

 highest radius point found:
  at point   43.384  42.196  40.008
  closest atom surface    2.083   C28 33  X    1
  2nd closest surface     2.086   C4  33  X    1
  found on step  979
  this is also current point
  no. of rejections          377
 stored as    14

 highest radius point found:
  at point   43.547  42.396  40.019
  closest atom surface    2.153   C28 33  X    1
  2nd closest surface     2.155   C41 33  X    1
  found on step  881
  this is also current point
  no. of rejections          369
 stored as    15

 highest radius point found:
  at point   43.706  42.596  40.042
  closest atom surface    2.237   C4  33  X    1
  2nd closest surface     2.239   C28 33  X    1
  found on step  918
  this is also current point
  no. of rejections          310
 stored as    16

 highest radius point found:
  at point   43.868  42.796  40.048
  closest atom surface    2.340   C28 33  X    1
  2nd closest surface     2.340   C41 33  X    1
  found on step  964
  this is also current point
  no. of rejections          294
 stored as    17

 highest radius point found:
  at point   44.033  42.996  40.063
  closest atom surface    2.452   C28 33  X    1
  2nd closest surface     2.456   C41 33  X    1
  found on step  840
 current point:
  at point   44.032  42.996  40.067
  closest atom surface    2.451   C28 33  X    1
  2nd closest surface     2.455   C4  33  X    1
  found on step 1000
  no. of rejections          319
 stored as    18

 highest radius point found:
  at point   44.190  43.196  40.079
  closest atom surface    2.578   C28 33  X    1
  2nd closest surface     2.579   C4  33  X    1
  found on step  943
  this is also current point
  no. of rejections          287
 stored as    19

 highest radius point found:
  at point   44.355  43.396  40.093
  closest atom surface    2.714   C28 33  X    1
  2nd closest surface     2.717   C41 33  X    1
  found on step  917
  this is also current point
  no. of rejections          255
 stored as    20

 highest radius point found:
  at point   46.300  43.596  42.466
  closest atom surface    2.937   H18 33  X    1
  2nd closest surface     2.943   H1  33  X    1
  found on step  999
  this is also current point
  no. of rejections          173
 stored as    21

 highest radius point found:
  at point   53.030  43.796  44.365
  closest atom surface    7.099   O8  33  X    1
  2nd closest surface     7.524   H18 33  X    1
  found on step  999
  this is also current point
  no. of rejections          224
 stored as    22

 highest radius point found:
  at point   63.084  43.996  46.021
  closest atom surface   16.469   O8  33  X    1
  2nd closest surface    17.028   C28 33  X    1
  found on step  999
  this is also current point
  no. of rejections          241
 stored as    23

 highest radius point found:
  at point   74.057  44.196  45.222
  closest atom surface   27.057   O8  33  X    1
  2nd closest surface    27.356   C28 33  X    1
  found on step  997
  this is also current point
  no. of rejections          257
 This is an end! (radius above  22.0 angs)
 highest radius point found:
  at point   41.262  39.196  40.415
  closest atom surface    2.272   C52 33  X    1
  2nd closest surface     2.274   C31 33  X    1
  found on step  973
  this is also current point
  no. of rejections          364
 stored as    -1

 highest radius point found:
  at point   41.103  38.996  40.410
  closest atom surface    2.298   C52 33  X    1
  2nd closest surface     2.298   C31 33  X    1
  found on step  960
  this is also current point
  no. of rejections          425
 stored as    -2

 highest radius point found:
  at point   40.943  38.796  40.405
  closest atom surface    2.339   C31 33  X    1
  2nd closest surface     2.339   C52 33  X    1
  found on step  650
 current point:
  at point   40.935  38.796  40.406
  closest atom surface    2.336   C52 33  X    1
  2nd closest surface     2.337   C60 33  X    1
  found on step  955
  no. of rejections          393
 stored as    -3

 highest radius point found:
  at point   40.803  38.596  40.416
  closest atom surface    2.373   C59 33  X    1
  2nd closest surface     2.374   C47 33  X    1
  found on step  628
 current point:
  at point   40.808  38.596  40.409
  closest atom surface    2.372   C31 33  X    1
  2nd closest surface     2.372   C47 33  X    1
  found on step  881
  no. of rejections          392
 stored as    -4

 highest radius point found:
  at point   40.708  38.396  40.473
  closest atom surface    2.382   C59 33  X    1
  2nd closest surface     2.383   C31 33  X    1
  found on step  927
  this is also current point
  no. of rejections          410
 stored as    -5

 highest radius point found:
  at point   40.577  38.196  40.539
  closest atom surface    2.391   C47 33  X    1
  2nd closest surface     2.392   C59 33  X    1
  found on step  977
  this is also current point
  no. of rejections          383
 stored as    -6

 highest radius point found:
  at point   40.440  37.996  40.580
  closest atom surface    2.388   C11 33  X    1
  2nd closest surface     2.389   C47 33  X    1
  found on step  990
  this is also current point
  no. of rejections          393
 stored as    -7

 highest radius point found:
  at point   40.322  37.796  40.592
  closest atom surface    2.389   C47 33  X    1
  2nd closest surface     2.391   C20 33  X    1
  found on step  970
  this is also current point
  no. of rejections          360
 stored as    -8

 highest radius point found:
  at point   40.183  37.596  40.622
  closest atom surface    2.405   C21 33  X    1
  2nd closest surface     2.405   C47 33  X    1
  found on step  978
  this is also current point
  no. of rejections          392
 stored as    -9

 highest radius point found:
  at point   39.997  37.396  40.659
  closest atom surface    2.419   C47 33  X    1
  2nd closest surface     2.421   C11 33  X    1
  found on step  912
  this is also current point
  no. of rejections          371
 stored as   -10

 highest radius point found:
  at point   39.822  37.196  40.693
  closest atom surface    2.446   C21 33  X    1
  2nd closest surface     2.447   C10 33  X    1
  found on step  735
 current point:
  at point   39.821  37.196  40.694
  closest atom surface    2.446   C10 33  X    1
  2nd closest surface     2.447   C21 33  X    1
  found on step  920
  no. of rejections          396
 stored as   -11

 highest radius point found:
  at point   39.661  36.996  40.684
  closest atom surface    2.470   C10 33  X    1
  2nd closest surface     2.473   C47 33  X    1
  found on step  805
 current point:
  at point   39.657  36.996  40.682
  closest atom surface    2.470   C47 33  X    1
  2nd closest surface     2.471   C10 33  X    1
  found on step  953
  no. of rejections          391
 stored as   -12

 highest radius point found:
  at point   39.510  36.796  40.675
  closest atom surface    2.511   C21 33  X    1
  2nd closest surface     2.512   C10 33  X    1
  found on step  937
  this is also current point
  no. of rejections          364
 stored as   -13

 highest radius point found:
  at point   39.351  36.596  40.665
  closest atom surface    2.563   C47 33  X    1
  2nd closest surface     2.565   C10 33  X    1
  found on step  586
 current point:
  at point   39.350  36.596  40.667
  closest atom surface    2.563   C10 33  X    1
  2nd closest surface     2.565   C47 33  X    1
  found on step  924
  no. of rejections          382
 stored as   -14

 highest radius point found:
  at point   39.199  36.396  40.658
  closest atom surface    2.631   C21 33  X    1
  2nd closest surface     2.632   C10 33  X    1
  found on step  952
  this is also current point
  no. of rejections          379
 stored as   -15

 highest radius point found:
  at point   39.033  36.196  40.651
  closest atom surface    2.709   C10 33  X    1
  2nd closest surface     2.711   C47 33  X    1
  found on step  807
 current point:
  at point   39.029  36.196  40.650
  closest atom surface    2.709   C47 33  X    1
  2nd closest surface     2.709   C10 33  X    1
  found on step  987
  no. of rejections          381
 stored as   -16

 highest radius point found:
  at point   35.688  35.996  40.778
  closest atom surface    3.185   O11 33  X    1
  2nd closest surface     3.187   C9  33  X    1
  found on step  998
  this is also current point
  no. of rejections          302
 stored as   -17

 highest radius point found:
  at point   31.387  35.796  41.404
  closest atom surface    5.431   O11 33  X    1
  2nd closest surface     5.503   O3  33  X    1
  found on step  999
  this is also current point
  no. of rejections          245
 stored as   -18

 highest radius point found:
  at point   20.510  35.596  42.030
  closest atom surface   14.407   H36 33  X    1
  2nd closest surface    14.578   C55 33  X    1
  found on step 1000
  this is also current point
  no. of rejections          225
 stored as   -19

 highest radius point found:
  at point   11.145  35.396  47.866
  closest atom surface   24.042   H36 33  X    1
  2nd closest surface    24.115   C55 33  X    1
  found on step 1000
  this is also current point
  no. of rejections          260
 This is an end! (radius above  22.0 angs)
 
 N.b. Graph information routine (HOGRAP) differs 
        markedly from previous versions!
       Information now is written from -ve end
       to +ve in one pass
 
 Explanation of the meaning of each column: 
 First column "cenxyz.cvec" is the coordinate in the
   direction of the channel vector i.e. if the channel
   vector is in z (0 0 1) then it is the z coordinate.
 The second column "radius" is the hole pore radius 
   (as defined in the Biophys J 1993) article).
 The third column "cen_line_D" is the distance 
   measured along the pore centre line - with the 
   first point found set to zero. This was the first
   thing that I used to measure the distance along a pore
   but "cenxyz.cvec" is a much better general measure. 
   However, by comparing changes in this distance to changes in '   "cenxyz.cvec" one can get a measure of how straight a 
   channel is.
 The fourth column "sum{s/(area)}" is useful in conductance
   prediction -
   basically it is the sum of the thickness of each slab
   divided by its area. HOLE uses this measure to estimate
   the macroscopic conductance of a channel.
 If any of this worries you one can see the "raw" results
   of a standard hole run by producing a sphpdb file and 
    directly looking at the results.
 cenxyz.cvec      radius  cen_line_D sum{s/(area point sourc
    35.59592    14.40681   -22.63968     0.00015   (sampled)
    35.69592     9.78336   -17.19127     0.00049 (mid-point)
    35.79592     5.43086   -11.74285     0.00157   (sampled)
    35.89592     4.00928    -9.56752     0.00355 (mid-point)
    35.99592     3.18534    -7.39219     0.00668   (sampled)
    36.09592     2.74522    -5.71537     0.01091 (mid-point)
    36.19592     2.70903    -4.03855     0.01524   (sampled)
    36.29592     2.66866    -3.90881     0.01971 (mid-point)
    36.39592     2.63129    -3.77907     0.02431   (sampled)
    36.49592     2.59584    -3.65331     0.02903 (mid-point)
    36.59592     2.56317    -3.52754     0.03388   (sampled)
    36.69592     2.53597    -3.39976     0.03883 (mid-point)
    36.79592     2.51087    -3.27198     0.04388   (sampled)
    36.89592     2.48898    -3.14662     0.04902 (mid-point)
    36.99592     2.46997    -3.02127     0.05423   (sampled)
    37.09592     2.45664    -2.89272     0.05951 (mid-point)
    37.19592     2.44647    -2.76417     0.06483   (sampled)
    37.29592     2.43192    -2.63027     0.07021 (mid-point)
    37.39592     2.41861    -2.49636     0.07565   (sampled)
    37.49592     2.40963    -2.35838     0.08113 (mid-point)
    37.59592     2.40473    -2.22039     0.08664   (sampled)
    37.69592     2.39538    -2.09780     0.09218 (mid-point)
    37.79592     2.38918    -1.97521     0.09776   (sampled)
    37.89592     2.38738    -1.85902     0.10335 (mid-point)
    37.99592     2.38769    -1.74284     0.10893   (sampled)
    38.09592     2.38807    -1.61978     0.11451 (mid-point)
    38.19592     2.39093    -1.49672     0.12008   (sampled)
    38.29592     2.38485    -1.37280     0.12567 (mid-point)
    38.39592     2.38167    -1.24888     0.13129   (sampled)
    38.49592     2.37581    -1.13446     0.13693 (mid-point)
    38.59592     2.37304    -1.02003     0.14258   (sampled)
    38.69592     2.35463    -0.89776     0.14832 (mid-point)
    38.79592     2.33872    -0.77548     0.15414   (sampled)
    38.89592     2.31650    -0.64745     0.16007 (mid-point)
    38.99592     2.29793    -0.51943     0.16610   (sampled)
    39.09592     2.28311    -0.39182     0.17221 (mid-point)
    39.19592     2.27220    -0.26420     0.17837   (sampled)
    39.29592     2.26274    -0.13210     0.18459 (mid-point)
    39.39592     2.25558     0.00000     0.19084   (sampled)
    39.49592     2.24351     0.13778     0.19717 (mid-point)
    39.59592     2.23533     0.27555     0.20354   (sampled)
    39.69592     2.20815     0.39034     0.21007 (mid-point)
    39.79592     2.18373     0.50512     0.21674   (sampled)
    39.89592     2.15471     0.62583     0.22360 (mid-point)
    39.99592     2.12915     0.74654     0.23062   (sampled)
    40.09592     2.10739     0.86609     0.23779 (mid-point)
    40.19592     2.08795     0.98564     0.24509   (sampled)
    40.29592     2.07320     1.10588     0.25249 (mid-point)
    40.39592     2.06149     1.22611     0.25998   (sampled)
    40.49592     2.05402     1.34552     0.26753 (mid-point)
    40.59592     2.04823     1.46493     0.27512   (sampled)
    40.69592     2.03837     1.57951     0.28278 (mid-point)
    40.79592     2.02842     1.69410     0.29051   (sampled)
    40.89592     2.01055     1.81995     0.29839 (mid-point)
    40.99592     1.99415     1.94581     0.30639   (sampled)
    41.09592     1.97984     2.07492     0.31451 (mid-point)
    41.19592     1.96956     2.20402     0.32272   (sampled)
    41.29592     1.96230     2.33187     0.33099 (mid-point)
    41.39592     1.95904     2.45972     0.33928   (sampled)
    41.49592     1.95914     2.59025     0.34757 (mid-point)
    41.59592     1.96372     2.72078     0.35583   (sampled)
    41.69592     1.97422     2.85129     0.36399 (mid-point)
    41.79592     1.98860     2.98180     0.37204   (sampled)
    41.89592     2.00680     3.11184     0.37995 (mid-point)
    41.99592     2.02889     3.24187     0.38768   (sampled)
    42.09592     2.05445     3.37204     0.39522 (mid-point)
    42.19592     2.08261     3.50221     0.40256   (sampled)
    42.29592     2.11597     3.63136     0.40967 (mid-point)
    42.39592     2.15321     3.76051     0.41654   (sampled)
    42.49592     2.19442     3.88866     0.42315 (mid-point)
    42.59592     2.23718     4.01680     0.42951   (sampled)
    42.69592     2.28783     4.14574     0.43559 (mid-point)
    42.79592     2.33984     4.27468     0.44140   (sampled)
    42.89592     2.39415     4.40434     0.44695 (mid-point)
    42.99592     2.45169     4.53400     0.45225   (sampled)
    43.09592     2.51356     4.66138     0.45729 (mid-point)
    43.19592     2.57824     4.78877     0.46208   (sampled)
    43.29592     2.64453     4.91854     0.46663 (mid-point)
    43.39592     2.71356     5.04832     0.47095   (sampled)
    43.49592     2.64189     6.58562     0.47551 (mid-point)
    43.59592     2.93663     8.12291     0.47920   (sampled)
    43.69592     4.53597    11.62098     0.48075 (mid-point)
    43.79592     7.09949    15.11904     0.48138   (sampled)
    43.89592    11.63360    20.21443     0.48162 (mid-point)
    43.99592    16.46851    25.30982     0.48173   (sampled)

 Minimum radius found:      1.959 angstroms.



 For spherical probe approach, The geometric factor
         F= sum(ds/area) along channel is    0.482 angstroms**-1
 This yields a macroscopic predicted molar conductance of:
   (1/rho)*(100/F)= (210/rho) pS,
   where rho is the conductivity of 1M permeant ion in ohm m.
 N.B. this is a macroscopic conductance - an overestimate 
 Empirically corrected conductances currently only available
 With the CAPSULE option (although its not that stable!)
 For 1M KCl rho= 1/12 (ohm m), So Gmacro= 2500 pS/M.
  (TAG      1   Rmin=     1.95904   Gmacro=  2491.00386 Conn_Gmacro=    -1.00000 ).
 HOLE: normal completion
