 *** Program HOLE ***
 
 If results of this run are reported or published, please
 cite the publication listed below.
 For the HOLE program:
   Smart, O.S., Goodfellow, J.M., Wallace, B.A. (1993). 
   The pore dimensions of gramicidin A. 
   Biophys. J., 65, 2455-2460.
 
 Originally written by Oliver Smart at Birkbeck College from April 1992.
 Copyright 1993-2005 Oliver Smart
 Copyright 2014-2015 SmartSci Limited.
 Copyright 2016 Oliver Smart.
 
 For help on HOLE suite see  http://www.holeprogram.org/
 
 HOLE release 2.2.005 (07 August 2016) 
 
 usage subject to Apache License, Version 2.0 
 see http://www.apache.org/licenses/LICENSE-2.0 

 Control variables read:

! Input file for Oliver Smart's HOLE program
! written by MDAnalysis.analysis.hole2.HoleAnalysis
! for a Universe
! u = mda.Universe(/afs/crc.nd.edu/user/m/mfarshad/Private/ML-new/traj/host-M5/h
!    /afs/crc.nd.edu/user/m/mfarshad/Private/ML-new/traj/host-M5/host_M5.trr
!   )
! Frame 106

COORD  /tmp/2550305.1.long/tmpvlsmyrfx.pdb
RADIUS simple2.rad
SPHPDB hole106.sph
SAMPLE 0.200000
ENDRAD 22.000000
IGNORE SOL WAT TIP HOH K   NA  CL
SHORTO 0
RASEED 31415
CPOINT 50.6917226371 49.7702988101 49.3141873678


 WARNING have not found a CVECT record - will try to guess
 Input pdb filename read as:    '/tmp/2550305.1.long/tmpvlsmyrfx.pdb'
 Input vdW radius file read as: 'simple2.rad'
 point in channel:   50.692  49.770  49.314
 channel vector:   ************************
 sampling distance between planes:    0.200

 graphics conditions:
 binary plot output file name: NONE
 Dot density:    10
 Draw dots?           T
 Draw close contacts? F
 Draw centre line?    T
 Produce spikes rather than dots? F
 Seed for random number generator:     31415 (0 means value set by program)
 Radius above which a result is regarded as an 'end':  22.000
 Pdb format file for sphere centres: hole106.sph

 Monte Carlo conditions:
  no of steps:  1000
  maximum displacement   0.100 angs
  'kT' initial   0.100 angs
 The spherebox and capsule options are turned off.
 (No molqpt card so will not write qpt file of the molecule)
 IGNORE card read so will ignore residue types: SOL WAT TIP HOH K   NA  CL
 no SHORTO card read so will produce full textual output
 As no PEGRAT card was found will not produce PEG polymer exclusion graph
 (No 2DMAPS card specified so will not produce 2D property maps)
 Have not found a CUT card.  Normal calculation using
   Cutoff lists with a cutsize=       1.000
   (if you wish to turn off option use a CUT -1 card)

 Have read     7 bond radius records and
              16 vdW radius records.
 From file: simple2.rad

 Have read   213 atom records.
 From file: /tmp/2550305.1.long/tmpvlsmyrfx.pdb
 Will not produce graphical output

 Have opened file for pdb format output of sphere centres:  hole106.sph

  Seed integer used by ran # generator on this run      31415

 
 S/R cguess will try to guess CPOINT and/or CVECT
 
 THESE GUESSES MAY WELL BE WRONG!!!!
 Routine relies on having a reasonably symmetric
 channel oriented along x, y or z vector
 YOU ARE STRONGLY ADVISED TO CHECK THE RESULTS
                       WITH MOLECULAR GRAPHICS
 testing points from cpoint in X, Y then Z direction
   point                   pore radius
direction     1
  45.692  49.770  49.314    -0.691
  46.692  49.770  49.314    -0.560
  47.692  49.770  49.314     0.192
  48.692  49.770  49.314     1.107
  49.692  49.770  49.314     1.160
  50.692  49.770  49.314     1.344
  51.692  49.770  49.314     1.498
  52.692  49.770  49.314     1.548
  53.692  49.770  49.314     1.448
  54.692  49.770  49.314     0.983
  55.692  49.770  49.314     0.215
 Average pore radius along the line=      0.750
direction     2
  50.692  44.770  49.314    -0.420
  50.692  45.770  49.314    -0.363
  50.692  46.770  49.314     0.243
  50.692  47.770  49.314     1.073
  50.692  48.770  49.314     1.986
  50.692  49.770  49.314     1.344
  50.692  50.770  49.314     0.579
  50.692  51.770  49.314    -0.309
  50.692  52.770  49.314    -1.015
  50.692  53.770  49.314    -0.920
  50.692  54.770  49.314    -0.145
 Average pore radius along the line=      0.187
direction     3
  50.692  49.770  44.314     0.201
  50.692  49.770  45.314     0.424
  50.692  49.770  46.314     0.997
  50.692  49.770  47.314     1.766
  50.692  49.770  48.314     1.695
  50.692  49.770  49.314     1.344
  50.692  49.770  50.314     1.054
  50.692  49.770  51.314     0.477
  50.692  49.770  52.314     0.352
  50.692  49.770  53.314    -0.259
  50.692  49.770  54.314    -1.246
 Average pore radius along the line=      0.619
 Best direction is found to be     1
(1=X,2=Y,3=Z)
 s/r cguess has produced initial values for cpoint &/or cvect:
CPOINT      50.6917     49.7703     49.3142
CVECT        1.0000      0.0000      0.0000
 THESE GUESSES MAY WELL BE WRONG!!!!
 Routine relies on having a reasonably symmetric
 channel oriented along x, y or z vector
 YOU ARE STRONGLY ADVISED TO CHECK THE RESULTS
                       WITH MOLECULAR GRAPHICS
 
 
  Some routines (e.g. conn) need vectors normal to cvect: 
     EAST Zero degrees angle is along vector    0.000   1.000   0.000
     NORTH  90 degrees angle is along vector    0.000   0.000  -1.000
 highest radius point found:
  at point   50.692  49.055  47.794
  closest atom surface    2.519   C67 M   X    1
  2nd closest surface     2.519   C40 M   X    1
  found on step  905
  this is also current point
  no. of rejections          396
 stored as     0

 highest radius point found:
  at point   50.892  49.060  47.836
  closest atom surface    2.470   C67 M   X    1
  2nd closest surface     2.470   C40 M   X    1
  found on step  676
 current point:
  at point   50.892  49.065  47.823
  closest atom surface    2.469   C67 M   X    1
  2nd closest surface     2.470   C40 M   X    1
  found on step  927
  no. of rejections          392
 stored as     1

 highest radius point found:
  at point   51.092  49.076  47.850
  closest atom surface    2.428   C40 M   X    1
  2nd closest surface     2.429   C67 M   X    1
  found on step  778
 current point:
  at point   51.092  49.080  47.841
  closest atom surface    2.428   C67 M   X    1
  2nd closest surface     2.428   C40 M   X    1
  found on step  920
  no. of rejections          397
 stored as     2

 highest radius point found:
  at point   51.292  49.089  47.877
  closest atom surface    2.395   O30 M   X    1
  2nd closest surface     2.395   C43 M   X    1
  found on step  714
 current point:
  at point   51.292  49.087  47.876
  closest atom surface    2.394   C43 M   X    1
  2nd closest surface     2.397   O30 M   X    1
  found on step  963
  no. of rejections          423
 stored as     3

 highest radius point found:
  at point   51.492  49.106  47.957
  closest atom surface    2.352   C67 M   X    1
  2nd closest surface     2.352   C43 M   X    1
  found on step  846
 current point:
  at point   51.492  49.104  47.950
  closest atom surface    2.352   H23 M   X    1
  2nd closest surface     2.352   C43 M   X    1
  found on step  962
  no. of rejections          386
 stored as     4

 highest radius point found:
  at point   51.692  49.122  48.082
  closest atom surface    2.303   H23 M   X    1
  2nd closest surface     2.304   C43 M   X    1
  found on step  920
  this is also current point
  no. of rejections          392
 stored as     5

 highest radius point found:
  at point   51.892  49.140  48.208
  closest atom surface    2.268   C22 M   X    1
  2nd closest surface     2.269   H23 M   X    1
  found on step  989
  this is also current point
  no. of rejections          365
 stored as     6

 highest radius point found:
  at point   52.092  49.159  48.358
  closest atom surface    2.247   C67 M   X    1
  2nd closest surface     2.247   C43 M   X    1
  found on step  976
  this is also current point
  no. of rejections          427
 stored as     7

 highest radius point found:
  at point   52.292  49.169  48.482
  closest atom surface    2.235   C43 M   X    1
  2nd closest surface     2.236   C22 M   X    1
  found on step   92
 current point:
  at point   52.292  49.173  49.245
  closest atom surface    2.141   N13 M   X    1
  2nd closest surface     2.145   C43 M   X    1
  found on step  963
  no. of rejections          384
 stored as     8

 highest radius point found:
  at point   52.492  49.194  48.652
  closest atom surface    2.242   C67 M   X    1
  2nd closest surface     2.243   C43 M   X    1
  found on step  695
 current point:
  at point   52.492  49.187  48.620
  closest atom surface    2.240   C22 M   X    1
  2nd closest surface     2.241   C43 M   X    1
  found on step  976
  no. of rejections          404
 stored as     9

 highest radius point found:
  at point   52.692  49.199  48.752
  closest atom surface    2.257   C43 M   X    1
  2nd closest surface     2.259   C22 M   X    1
  found on step  756
 current point:
  at point   52.692  49.201  48.769
  closest atom surface    2.254   N13 M   X    1
  2nd closest surface     2.257   C43 M   X    1
  found on step  898
  no. of rejections          411
 stored as    10

 highest radius point found:
  at point   52.892  49.179  48.827
  closest atom surface    2.262   O35 M   X    1
  2nd closest surface     2.263   C43 M   X    1
  found on step  489
 current point:
  at point   52.892  49.179  48.844
  closest atom surface    2.260   C43 M   X    1
  2nd closest surface     2.263   O35 M   X    1
  found on step  999
  no. of rejections          381
 stored as    11

 highest radius point found:
  at point   53.092  49.097  48.778
  closest atom surface    2.236   C43 M   X    1
  2nd closest surface     2.236   O35 M   X    1
  found on step   64
 current point:
  at point   53.092  49.108  48.891
  closest atom surface    2.232   C43 M   X    1
  2nd closest surface     2.232   O35 M   X    1
  found on step  886
  no. of rejections          426
 stored as    12

 highest radius point found:
  at point   53.292  49.019  50.286
  closest atom surface    2.272   N13 M   X    1
  2nd closest surface     2.280   C43 M   X    1
  found on step  878
 current point:
  at point   53.292  49.020  50.291
  closest atom surface    2.271   N13 M   X    1
  2nd closest surface     2.282   C43 M   X    1
  found on step  995
  no. of rejections          363
 stored as    13

 highest radius point found:
  at point   53.492  49.002  50.323
  closest atom surface    2.336   N13 M   X    1
  2nd closest surface     2.337   C43 M   X    1
  found on step  499
 current point:
  at point   53.492  49.010  50.234
  closest atom surface    2.325   C43 M   X    1
  2nd closest surface     2.325   N13 M   X    1
  found on step  986
  no. of rejections          387
 stored as    14

 highest radius point found:
  at point   53.692  49.008  50.120
  closest atom surface    2.373   C43 M   X    1
  2nd closest surface     2.374   O35 M   X    1
  found on step  935
  this is also current point
  no. of rejections          363
 stored as    15

 highest radius point found:
  at point   53.892  48.889  50.265
  closest atom surface    2.368   H42 M   X    1
  2nd closest surface     2.368   O31 M   X    1
  found on step  870
 current point:
  at point   53.892  48.891  50.264
  closest atom surface    2.367   O31 M   X    1
  2nd closest surface     2.370   H42 M   X    1
  found on step  914
  no. of rejections          377
 stored as    16

 highest radius point found:
  at point   54.092  48.782  50.420
  closest atom surface    2.357   O16 M   X    1
  2nd closest surface     2.358   H42 M   X    1
  found on step  241
 current point:
  at point   54.092  48.788  50.425
  closest atom surface    2.357   O31 M   X    1
  2nd closest surface     2.359   O16 M   X    1
  found on step  993
  no. of rejections          385
 stored as    17

 highest radius point found:
  at point   54.292  48.747  50.558
  closest atom surface    2.318   O31 M   X    1
  2nd closest surface     2.320   C44 M   X    1
  found on step  795
 current point:
  at point   54.292  48.737  50.548
  closest atom surface    2.318   O16 M   X    1
  2nd closest surface     2.319   C44 M   X    1
  found on step  899
  no. of rejections          380
 stored as    18

 highest radius point found:
  at point   54.492  48.699  50.684
  closest atom surface    2.294   C44 M   X    1
  2nd closest surface     2.294   O16 M   X    1
  found on step  733
 current point:
  at point   54.492  48.701  50.681
  closest atom surface    2.292   O16 M   X    1
  2nd closest surface     2.296   C44 M   X    1
  found on step  990
  no. of rejections          359
 stored as    19

 highest radius point found:
  at point   54.692  48.660  50.816
  closest atom surface    2.284   C44 M   X    1
  2nd closest surface     2.284   O16 M   X    1
  found on step  946
  this is also current point
  no. of rejections          368
 stored as    20

 highest radius point found:
  at point   54.892  48.633  50.986
  closest atom surface    2.276   O31 M   X    1
  2nd closest surface     2.276   O15 M   X    1
  found on step  796
 current point:
  at point   54.892  48.627  50.981
  closest atom surface    2.273   O15 M   X    1
  2nd closest surface     2.275   C44 M   X    1
  found on step  983
  no. of rejections          370
 stored as    21

 highest radius point found:
  at point   55.092  48.607  51.209
  closest atom surface    2.261   O15 M   X    1
  2nd closest surface     2.261   C44 M   X    1
  found on step  957
  this is also current point
  no. of rejections          348
 stored as    22

 highest radius point found:
  at point   55.292  48.582  51.434
  closest atom surface    2.269   C44 M   X    1
  2nd closest surface     2.270   O15 M   X    1
  found on step  997
  this is also current point
  no. of rejections          345
 stored as    23

 highest radius point found:
  at point   55.492  48.559  51.659
  closest atom surface    2.300   C44 M   X    1
  2nd closest surface     2.300   O31 M   X    1
  found on step  868
 current point:
  at point   55.492  48.559  51.659
  closest atom surface    2.300   C44 M   X    1
  2nd closest surface     2.301   O31 M   X    1
  found on step  892
  no. of rejections          371
 stored as    24

 highest radius point found:
  at point   55.692  48.542  51.872
  closest atom surface    2.346   H44 M   X    1
  2nd closest surface     2.347   O31 M   X    1
  found on step  779
 current point:
  at point   55.692  48.544  51.868
  closest atom surface    2.345   O15 M   X    1
  2nd closest surface     2.347   O31 M   X    1
  found on step  963
  no. of rejections          371
 stored as    25

 highest radius point found:
  at point   55.892  48.526  52.081
  closest atom surface    2.411   O15 M   X    1
  2nd closest surface     2.414   H44 M   X    1
  found on step  984
  this is also current point
  no. of rejections          339
 stored as    26

 highest radius point found:
  at point   56.092  48.516  52.298
  closest atom surface    2.495   O31 M   X    1
  2nd closest surface     2.495   O21 M   X    1
  found on step  960
  this is also current point
  no. of rejections          411
 stored as    27

 highest radius point found:
  at point   56.292  48.575  52.425
  closest atom surface    2.524   O21 M   X    1
  2nd closest surface     2.524   O31 M   X    1
  found on step  802
 current point:
  at point   56.292  48.571  52.422
  closest atom surface    2.523   O21 M   X    1
  2nd closest surface     2.524   O15 M   X    1
  found on step  986
  no. of rejections          391
 stored as    28

 highest radius point found:
  at point   56.492  48.634  52.552
  closest atom surface    2.566   O21 M   X    1
  2nd closest surface     2.567   O15 M   X    1
  found on step  955
  this is also current point
  no. of rejections          406
 stored as    29

 highest radius point found:
  at point   56.692  48.704  52.705
  closest atom surface    2.618   O31 M   X    1
  2nd closest surface     2.618   O21 M   X    1
  found on step  636
 current point:
  at point   56.692  48.706  52.712
  closest atom surface    2.616   O21 M   X    1
  2nd closest surface     2.617   O31 M   X    1
  found on step  983
  no. of rejections          378
 stored as    30

 highest radius point found:
  at point   56.892  49.467  54.629
  closest atom surface    2.829   O31 M   X    1
  2nd closest surface     2.832   O21 M   X    1
  found on step  998
  this is also current point
  no. of rejections          355
 stored as    31

 highest radius point found:
  at point   57.092  51.414  57.056
  closest atom surface    3.969   O31 M   X    1
  2nd closest surface     3.982   O25 M   X    1
  found on step  995
  this is also current point
  no. of rejections          304
 stored as    32

 highest radius point found:
  at point   57.292  58.094  61.196
  closest atom surface    9.176   C69 M   X    1
  2nd closest surface     9.195   O25 M   X    1
  found on step  996
  this is also current point
  no. of rejections          278
 stored as    33

 highest radius point found:
  at point   57.492  64.986  67.012
  closest atom surface   17.232   H68 M   X    1
  2nd closest surface    17.256   O25 M   X    1
  found on step 1000
  this is also current point
  no. of rejections          255
 stored as    34

 highest radius point found:
  at point   57.692  73.857  74.685
  closest atom surface   28.527   H68 M   X    1
  2nd closest surface    28.531   O25 M   X    1
  found on step 1000
  this is also current point
  no. of rejections          235
 This is an end! (radius above  22.0 angs)
 highest radius point found:
  at point   50.492  49.045  47.825
  closest atom surface    2.547   H43 M   X    1
  2nd closest surface     2.547   S4  M   X    1
  found on step  958
  this is also current point
  no. of rejections          374
 stored as    -1

 highest radius point found:
  at point   50.292  49.038  48.004
  closest atom surface    2.542   H43 M   X    1
  2nd closest surface     2.545   S4  M   X    1
  found on step  997
  this is also current point
  no. of rejections          373
 stored as    -2

 highest radius point found:
  at point   50.092  48.982  48.035
  closest atom surface    2.541   S4  M   X    1
  2nd closest surface     2.542   H43 M   X    1
  found on step  797
 current point:
  at point   50.092  48.980  48.037
  closest atom surface    2.540   H43 M   X    1
  2nd closest surface     2.544   S4  M   X    1
  found on step  988
  no. of rejections          377
 stored as    -3

 highest radius point found:
  at point   49.892  48.923  48.071
  closest atom surface    2.551   S4  M   X    1
  2nd closest surface     2.551   H43 M   X    1
  found on step  999
  this is also current point
  no. of rejections          381
 stored as    -4

 highest radius point found:
  at point   49.692  48.820  47.988
  closest atom surface    2.561   O3  M   X    1
  2nd closest surface     2.563   S4  M   X    1
  found on step  736
 current point:
  at point   49.692  48.813  47.968
  closest atom surface    2.561   S4  M   X    1
  2nd closest surface     2.562   H43 M   X    1
  found on step  903
  no. of rejections          366
 stored as    -5

 highest radius point found:
  at point   49.492  48.602  47.597
  closest atom surface    2.591   H43 M   X    1
  2nd closest surface     2.592   S4  M   X    1
  found on step  617
 current point:
  at point   49.492  48.602  47.592
  closest atom surface    2.591   S4  M   X    1
  2nd closest surface     2.593   H43 M   X    1
  found on step  994
  no. of rejections          352
 stored as    -6

 highest radius point found:
  at point   49.292  48.585  47.594
  closest atom surface    2.474   O3  M   X    1
  2nd closest surface     2.577   S4  M   X    1
  found on step    3
 current point:
  at point   49.292  48.381  48.906
  closest atom surface    2.291   O3  M   X    1
  2nd closest surface     2.291   H43 M   X    1
  found on step  972
  no. of rejections          323
 stored as    -7

 highest radius point found:
  at point   49.092  48.487  47.189
  closest atom surface    2.546   O3  M   X    1
  2nd closest surface     2.549   S4  M   X    1
  found on step  993
  this is also current point
  no. of rejections          359
 stored as    -8

 highest radius point found:
  at point   48.892  48.426  46.965
  closest atom surface    2.549   O18 M   X    1
  2nd closest surface     2.551   O3  M   X    1
  found on step  939
  this is also current point
  no. of rejections          360
 stored as    -9

 highest radius point found:
  at point   48.692  48.363  46.753
  closest atom surface    2.572   O3  M   X    1
  2nd closest surface     2.572   O18 M   X    1
  found on step   36
 current point:
  at point   48.692  48.389  45.672
  closest atom surface    2.560   H22 M   X    1
  2nd closest surface     2.563   O18 M   X    1
  found on step  936
  no. of rejections          394
 stored as   -10

 highest radius point found:
  at point   48.492  48.309  46.519
  closest atom surface    2.620   O18 M   X    1
  2nd closest surface     2.622   O3  M   X    1
  found on step  388
 current point:
  at point   48.492  48.312  46.487
  closest atom surface    2.619   O18 M   X    1
  2nd closest surface     2.620   S4  M   X    1
  found on step  997
  no. of rejections          368
 stored as   -11

 highest radius point found:
  at point   48.292  48.263  45.359
  closest atom surface    2.754   O18 M   X    1
  2nd closest surface     2.754   H22 M   X    1
  found on step  705
 current point:
  at point   48.292  48.261  45.354
  closest atom surface    2.753   O18 M   X    1
  2nd closest surface     2.754   H22 M   X    1
  found on step  927
  no. of rejections          358
 stored as   -12

 highest radius point found:
  at point   48.092  49.278  37.294
  closest atom surface    5.939   C37 M   X    1
  2nd closest surface     5.953   O11 M   X    1
  found on step  997
  this is also current point
  no. of rejections          219
 stored as   -13

 highest radius point found:
  at point   47.892  50.654  27.228
  closest atom surface   14.632   O9  M   X    1
  2nd closest surface    14.686   H37 M   X    1
  found on step 1000
  this is also current point
  no. of rejections          260
 stored as   -14

 highest radius point found:
  at point   47.692  49.333  16.488
  closest atom surface   24.052   O13 M   X    1
  2nd closest surface    24.672   H37 M   X    1
  found on step 1000
  this is also current point
  no. of rejections          239
 This is an end! (radius above  22.0 angs)
 
 N.b. Graph information routine (HOGRAP) differs 
        markedly from previous versions!
       Information now is written from -ve end
       to +ve in one pass
 
 Explanation of the meaning of each column: 
 First column "cenxyz.cvec" is the coordinate in the
   direction of the channel vector i.e. if the channel
   vector is in z (0 0 1) then it is the z coordinate.
 The second column "radius" is the hole pore radius 
   (as defined in the Biophys J 1993) article).
 The third column "cen_line_D" is the distance 
   measured along the pore centre line - with the 
   first point found set to zero. This was the first
   thing that I used to measure the distance along a pore
   but "cenxyz.cvec" is a much better general measure. 
   However, by comparing changes in this distance to changes in '   "cenxyz.cvec" one can get a measure of how straight a 
   channel is.
 The fourth column "sum{s/(area)}" is useful in conductance
   prediction -
   basically it is the sum of the thickness of each slab
   divided by its area. HOLE uses this measure to estimate
   the macroscopic conductance of a channel.
 If any of this worries you one can see the "raw" results
   of a standard hole run by producing a sphpdb file and 
    directly looking at the results.
 cenxyz.cvec      radius  cen_line_D sum{s/(area point sourc
    47.89172    14.63183   -22.67304     0.00015   (sampled)
    47.99172    10.03780   -17.59232     0.00046 (mid-point)
    48.09172     5.93884   -12.51160     0.00137   (sampled)
    48.19172     3.23353    -8.44583     0.00441 (mid-point)
    48.29172     2.75362    -4.38006     0.00861   (sampled)
    48.39172     2.64711    -3.79112     0.01315 (mid-point)
    48.49172     2.61990    -3.20218     0.01779   (sampled)
    48.59172     2.59305    -3.04603     0.02252 (mid-point)
    48.69172     2.57179    -2.88987     0.02734   (sampled)
    48.79172     2.55788    -2.74084     0.03220 (mid-point)
    48.89172     2.54921    -2.59180     0.03710   (sampled)
    48.99172     2.54586    -2.43850     0.04201 (mid-point)
    49.09172     2.54641    -2.28521     0.04692   (sampled)
    49.19172     2.50390    -2.05414     0.05200 (mid-point)
    49.29172     2.47392    -1.82307     0.05720   (sampled)
    49.39172     2.54728    -1.72270     0.06210 (mid-point)
    49.49172     2.59116    -1.62234     0.06684   (sampled)
    49.59172     2.56850    -1.37741     0.07167 (mid-point)
    49.69172     2.56138    -1.13248     0.07652   (sampled)
    49.79172     2.55498    -1.01249     0.08140 (mid-point)
    49.89172     2.55114    -0.89250     0.08629   (sampled)
    49.99172     2.54486    -0.78664     0.09120 (mid-point)
    50.09172     2.54103    -0.68077     0.09613   (sampled)
    50.19172     2.54032    -0.57570     0.10107 (mid-point)
    50.29172     2.54154    -0.47063     0.10599   (sampled)
    50.39172     2.54164    -0.33660     0.11092 (mid-point)
    50.49172     2.54680    -0.20258     0.11583   (sampled)
    50.59172     2.53558    -0.10129     0.12078 (mid-point)
    50.69172     2.51893    -0.00000     0.12580   (sampled)
    50.79172     2.49322     0.10214     0.13092 (mid-point)
    50.89172     2.46978     0.20429     0.13613   (sampled)
    50.99172     2.44817     0.30485     0.14145 (mid-point)
    51.09172     2.42817     0.40540     0.14684   (sampled)
    51.19172     2.41110     0.50655     0.15232 (mid-point)
    51.29172     2.39463     0.60770     0.15787   (sampled)
    51.39172     2.37228     0.71571     0.16353 (mid-point)
    51.49172     2.35187     0.82372     0.16928   (sampled)
    51.59172     2.32582     0.94197     0.17517 (mid-point)
    51.69172     2.30306     1.06022     0.18117   (sampled)
    51.79172     2.28409     1.17880     0.18727 (mid-point)
    51.89172     2.26753     1.29738     0.19346   (sampled)
    51.99172     2.25633     1.42253     0.19971 (mid-point)
    52.09172     2.24668     1.54768     0.20602   (sampled)
    52.19172     2.23918     1.66559     0.21237 (mid-point)
    52.29172     2.23479     1.78349     0.21874   (sampled)
    52.39172     2.23662     1.91538     0.22510 (mid-point)
    52.49172     2.24216     2.04727     0.23143   (sampled)
    52.59172     2.24834     2.15908     0.23773 (mid-point)
    52.69172     2.25702     2.27089     0.24398   (sampled)
    52.79172     2.25856     2.37808     0.25022 (mid-point)
    52.89172     2.26175     2.48526     0.25644   (sampled)
    52.99172     2.24749     2.59608     0.26274 (mid-point)
    53.09172     2.23608     2.70690     0.26911   (sampled)
    53.19172     2.18687     3.46862     0.27577 (mid-point)
    53.29172     2.27236     4.23035     0.28193   (sampled)
    53.39172     2.30296     4.33245     0.28793 (mid-point)
    53.49172     2.33589     4.43455     0.29377   (sampled)
    53.59172     2.35283     4.57718     0.29952 (mid-point)
    53.69172     2.37347     4.71981     0.30517   (sampled)
    53.79172     2.37030     4.85661     0.31083 (mid-point)
    53.89172     2.36800     4.99341     0.31651   (sampled)
    53.99172     2.36021     5.13089     0.32222 (mid-point)
    54.09172     2.35745     5.26837     0.32795   (sampled)
    54.19172     2.33693     5.39117     0.33378 (mid-point)
    54.29172     2.31817     5.51397     0.33970   (sampled)
    54.39172     2.30491     5.63446     0.34569 (mid-point)
    54.49172     2.29353     5.75496     0.35174   (sampled)
    54.59172     2.28686     5.87643     0.35783 (mid-point)
    54.69172     2.28374     5.99790     0.36393   (sampled)
    54.79172     2.27801     6.12981     0.37007 (mid-point)
    54.89172     2.27594     6.26172     0.37621   (sampled)
    54.99172     2.26588     6.41226     0.38241 (mid-point)
    55.09172     2.26138     6.56280     0.38864   (sampled)
    55.19172     2.26262     6.71359     0.39486 (mid-point)
    55.29172     2.26927     6.86437     0.40104   (sampled)
    55.39172     2.28201     7.01527     0.40715 (mid-point)
    55.49172     2.30021     7.16616     0.41317   (sampled)
    55.59172     2.32118     7.31262     0.41907 (mid-point)
    55.69172     2.34605     7.45908     0.42486   (sampled)
    55.79172     2.37697     7.60383     0.43049 (mid-point)
    55.89172     2.41093     7.74859     0.43597   (sampled)
    55.99172     2.45238     7.89628     0.44126 (mid-point)
    56.09172     2.49503     8.04398     0.44637   (sampled)
    56.19172     2.50789     8.16600     0.45143 (mid-point)
    56.29172     2.52394     8.28803     0.45643   (sampled)
    56.39172     2.54343     8.41024     0.46135 (mid-point)
    56.49172     2.56638     8.53245     0.46618   (sampled)
    56.59172     2.59046     8.66301     0.47093 (mid-point)
    56.69172     2.61761     8.79356     0.47557   (sampled)
    56.79172     2.59905     9.83316     0.48028 (mid-point)
    56.89172     2.82861    10.87276     0.48426   (sampled)
    56.99172     3.18601    12.43181     0.48740 (mid-point)
    57.09172     3.96937    13.99087     0.48942   (sampled)
    57.19172     6.04449    17.92198     0.49029 (mid-point)
    57.29172     9.17565    21.85308     0.49067   (sampled)
    57.39172    13.08736    26.36281     0.49085 (mid-point)
    57.49172    17.23205    30.87253     0.49096   (sampled)

 Minimum radius found:      2.187 angstroms.



 For spherical probe approach, The geometric factor
         F= sum(ds/area) along channel is    0.491 angstroms**-1
 This yields a macroscopic predicted molar conductance of:
   (1/rho)*(100/F)= (200/rho) pS,
   where rho is the conductivity of 1M permeant ion in ohm m.
 N.B. this is a macroscopic conductance - an overestimate 
 Empirically corrected conductances currently only available
 With the CAPSULE option (although its not that stable!)
 For 1M KCl rho= 1/12 (ohm m), So Gmacro= 2400 pS/M.
  (TAG      1   Rmin=     2.18687   Gmacro=  2444.18335 Conn_Gmacro=    -1.00000 ).
 HOLE: normal completion
