 *** Program HOLE ***
 
 If results of this run are reported or published, please
 cite the publication listed below.
 For the HOLE program:
   Smart, O.S., Goodfellow, J.M., Wallace, B.A. (1993). 
   The pore dimensions of gramicidin A. 
   Biophys. J., 65, 2455-2460.
 
 Originally written by Oliver Smart at Birkbeck College from April 1992.
 Copyright 1993-2005 Oliver Smart
 Copyright 2014-2015 SmartSci Limited.
 Copyright 2016 Oliver Smart.
 
 For help on HOLE suite see  http://www.holeprogram.org/
 
 HOLE release 2.2.005 (07 August 2016) 
 
 usage subject to Apache License, Version 2.0 
 see http://www.apache.org/licenses/LICENSE-2.0 

 Control variables read:

! Input file for Oliver Smart's HOLE program
! written by MDAnalysis.analysis.hole2.HoleAnalysis
! for a Universe
! u = mda.Universe(/afs/crc.nd.edu/user/m/mfarshad/Private/ML-new/traj/host-M5/h
!    /afs/crc.nd.edu/user/m/mfarshad/Private/ML-new/traj/host-M5/host_M5.trr
!   )
! Frame 155

COORD  /tmp/2550305.1.long/tmp7hyk5yh_.pdb
RADIUS simple2.rad
SPHPDB hole155.sph
SAMPLE 0.200000
ENDRAD 22.000000
IGNORE SOL WAT TIP HOH K   NA  CL
SHORTO 0
RASEED 31415
CPOINT 49.9762472771 49.4645938067 47.8856652130


 WARNING have not found a CVECT record - will try to guess
 Input pdb filename read as:    '/tmp/2550305.1.long/tmp7hyk5yh_.pdb'
 Input vdW radius file read as: 'simple2.rad'
 point in channel:   49.976  49.465  47.886
 channel vector:   ************************
 sampling distance between planes:    0.200

 graphics conditions:
 binary plot output file name: NONE
 Dot density:    10
 Draw dots?           T
 Draw close contacts? F
 Draw centre line?    T
 Produce spikes rather than dots? F
 Seed for random number generator:     31415 (0 means value set by program)
 Radius above which a result is regarded as an 'end':  22.000
 Pdb format file for sphere centres: hole155.sph

 Monte Carlo conditions:
  no of steps:  1000
  maximum displacement   0.100 angs
  'kT' initial   0.100 angs
 The spherebox and capsule options are turned off.
 (No molqpt card so will not write qpt file of the molecule)
 IGNORE card read so will ignore residue types: SOL WAT TIP HOH K   NA  CL
 no SHORTO card read so will produce full textual output
 As no PEGRAT card was found will not produce PEG polymer exclusion graph
 (No 2DMAPS card specified so will not produce 2D property maps)
 Have not found a CUT card.  Normal calculation using
   Cutoff lists with a cutsize=       1.000
   (if you wish to turn off option use a CUT -1 card)

 Have read     7 bond radius records and
              16 vdW radius records.
 From file: simple2.rad

 Have read   213 atom records.
 From file: /tmp/2550305.1.long/tmp7hyk5yh_.pdb
 Will not produce graphical output

 Have opened file for pdb format output of sphere centres:  hole155.sph

  Seed integer used by ran # generator on this run      31415

 
 S/R cguess will try to guess CPOINT and/or CVECT
 
 THESE GUESSES MAY WELL BE WRONG!!!!
 Routine relies on having a reasonably symmetric
 channel oriented along x, y or z vector
 YOU ARE STRONGLY ADVISED TO CHECK THE RESULTS
                       WITH MOLECULAR GRAPHICS
 testing points from cpoint in X, Y then Z direction
   point                   pore radius
direction     1
  44.976  49.465  47.886    -0.354
  45.976  49.465  47.886    -0.131
  46.976  49.465  47.886     0.324
  47.976  49.465  47.886     0.712
  48.976  49.465  47.886     1.106
  49.976  49.465  47.886     1.000
  50.976  49.465  47.886     0.866
  51.976  49.465  47.886     0.662
  52.976  49.465  47.886     0.461
  53.976  49.465  47.886    -0.051
  54.976  49.465  47.886    -0.877
 Average pore radius along the line=      0.338
direction     2
  49.976  44.465  47.886     0.450
  49.976  45.465  47.886    -0.433
  49.976  46.465  47.886    -1.313
  49.976  47.465  47.886    -0.945
  49.976  48.465  47.886     0.012
  49.976  49.465  47.886     1.000
  49.976  50.465  47.886     1.994
  49.976  51.465  47.886     1.640
  49.976  52.465  47.886     1.198
  49.976  53.465  47.886     0.528
  49.976  54.465  47.886    -0.118
 Average pore radius along the line=      0.365
direction     3
  49.976  49.465  42.886    -0.267
  49.976  49.465  43.886    -0.097
  49.976  49.465  44.886     0.527
  49.976  49.465  45.886     0.827
  49.976  49.465  46.886     1.155
  49.976  49.465  47.886     1.000
  49.976  49.465  48.886     1.065
  49.976  49.465  49.886     1.456
  49.976  49.465  50.886     1.300
  49.976  49.465  51.886     0.331
  49.976  49.465  52.886    -0.577
 Average pore radius along the line=      0.611
 Best direction is found to be     3
(1=X,2=Y,3=Z)
 s/r cguess has produced initial values for cpoint &/or cvect:
CPOINT      49.9762     49.4646     47.8857
CVECT        0.0000      0.0000      1.0000
 THESE GUESSES MAY WELL BE WRONG!!!!
 Routine relies on having a reasonably symmetric
 channel oriented along x, y or z vector
 YOU ARE STRONGLY ADVISED TO CHECK THE RESULTS
                       WITH MOLECULAR GRAPHICS
 
 
  Some routines (e.g. conn) need vectors normal to cvect: 
     EAST Zero degrees angle is along vector    1.000   0.000   0.000
     NORTH  90 degrees angle is along vector    0.000  -1.000   0.000
 highest radius point found:
  at point   50.476  50.939  47.886
  closest atom surface    2.319   S4  M   X    1
  2nd closest surface     2.320   C67 M   X    1
  found on step  931
  this is also current point
  no. of rejections          398
 stored as     0

 highest radius point found:
  at point   50.268  50.798  48.086
  closest atom surface    2.312   S7  M   X    1
  2nd closest surface     2.312   S4  M   X    1
  found on step  762
 current point:
  at point   50.304  50.849  48.086
  closest atom surface    2.305   S4  M   X    1
  2nd closest surface     2.307   S7  M   X    1
  found on step  980
  no. of rejections          350
 stored as     1

 highest radius point found:
  at point   50.153  50.791  48.286
  closest atom surface    2.304   S4  M   X    1
  2nd closest surface     2.305   S7  M   X    1
  found on step  264
 current point:
  at point   50.165  50.809  48.286
  closest atom surface    2.301   S7  M   X    1
  2nd closest surface     2.302   S4  M   X    1
  found on step  927
  no. of rejections          412
 stored as     2

 highest radius point found:
  at point   50.038  50.784  48.486
  closest atom surface    2.308   N12 M   X    1
  2nd closest surface     2.309   S7  M   X    1
  found on step  853
 current point:
  at point   50.044  50.791  48.486
  closest atom surface    2.307   S4  M   X    1
  2nd closest surface     2.308   S7  M   X    1
  found on step  923
  no. of rejections          387
 stored as     3

 highest radius point found:
  at point   49.941  50.796  48.686
  closest atom surface    2.318   S4  M   X    1
  2nd closest surface     2.325   S7  M   X    1
  found on step   23
 current point:
  at point   49.957  50.837  48.686
  closest atom surface    2.310   S7  M   X    1
  2nd closest surface     2.321   S4  M   X    1
  found on step  998
  no. of rejections          361
 stored as     4

 highest radius point found:
  at point   49.930  50.946  48.886
  closest atom surface    2.322   S4  M   X    1
  2nd closest surface     2.322   O28 M   X    1
  found on step  414
 current point:
  at point   49.979  51.017  48.886
  closest atom surface    2.311   S4  M   X    1
  2nd closest surface     2.314   S7  M   X    1
  found on step  995
  no. of rejections          358
 stored as     5

 highest radius point found:
  at point   49.945  51.128  49.086
  closest atom surface    2.332   S4  M   X    1
  2nd closest surface     2.335   S7  M   X    1
  found on step  984
  this is also current point
  no. of rejections          356
 stored as     6

 highest radius point found:
  at point   49.952  51.300  49.286
  closest atom surface    2.362   S4  M   X    1
  2nd closest surface     2.364   S7  M   X    1
  found on step  977
  this is also current point
  no. of rejections          379
 stored as     7

 highest radius point found:
  at point   49.971  51.492  49.486
  closest atom surface    2.407   S4  M   X    1
  2nd closest surface     2.407   S7  M   X    1
  found on step  954
  this is also current point
  no. of rejections          387
 stored as     8

 highest radius point found:
  at point   49.973  51.654  49.686
  closest atom surface    2.467   S4  M   X    1
  2nd closest surface     2.468   S7  M   X    1
  found on step  899
  this is also current point
  no. of rejections          369
 stored as     9

 highest radius point found:
  at point   49.973  51.742  49.886
  closest atom surface    2.495   C38 M   X    1
  2nd closest surface     2.497   S4  M   X    1
  found on step  795
 current point:
  at point   49.972  51.736  49.886
  closest atom surface    2.494   S4  M   X    1
  2nd closest surface     2.494   O28 M   X    1
  found on step  962
  no. of rejections          385
 stored as    10

 highest radius point found:
  at point   49.975  51.818  50.086
  closest atom surface    2.528   O28 M   X    1
  2nd closest surface     2.529   S4  M   X    1
  found on step  945
  this is also current point
  no. of rejections          373
 stored as    11

 highest radius point found:
  at point   49.979  51.901  50.286
  closest atom surface    2.573   S4  M   X    1
  2nd closest surface     2.574   O28 M   X    1
  found on step  600
 current point:
  at point   49.977  51.906  50.286
  closest atom surface    2.573   C38 M   X    1
  2nd closest surface     2.574   O28 M   X    1
  found on step  925
  no. of rejections          379
 stored as    12

 highest radius point found:
  at point   49.979  51.987  50.486
  closest atom surface    2.628   O28 M   X    1
  2nd closest surface     2.628   C38 M   X    1
  found on step  992
  this is also current point
  no. of rejections          390
 stored as    13

 highest radius point found:
  at point   49.928  52.125  50.686
  closest atom surface    2.683   O28 M   X    1
  2nd closest surface     2.685   C38 M   X    1
  found on step  814
 current point:
  at point   49.923  52.132  50.686
  closest atom surface    2.682   O28 M   X    1
  2nd closest surface     2.683   C38 M   X    1
  found on step  946
  no. of rejections          387
 stored as    14

 highest radius point found:
  at point   49.381  52.814  50.886
  closest atom surface    2.764   C38 M   X    1
  2nd closest surface     2.765   S7  M   X    1
  found on step  999
  this is also current point
  no. of rejections          356
 stored as    15

 highest radius point found:
  at point   49.284  52.998  51.086
  closest atom surface    2.877   S7  M   X    1
  2nd closest surface     2.877   C38 M   X    1
  found on step  941
  this is also current point
  no. of rejections          373
 stored as    16

 highest radius point found:
  at point   49.187  53.174  51.286
  closest atom surface    2.997   H38 M   X    1
  2nd closest surface     2.997   O28 M   X    1
  found on step  991
  this is also current point
  no. of rejections          342
 stored as    17

 highest radius point found:
  at point   49.041  53.378  51.486
  closest atom surface    3.124   H38 M   X    1
  2nd closest surface     3.124   O28 M   X    1
  found on step  987
  this is also current point
  no. of rejections          290
 stored as    18

 highest radius point found:
  at point   48.857  53.694  51.686
  closest atom surface    3.253   S7  M   X    1
  2nd closest surface     3.257   H38 M   X    1
  found on step  454
 current point:
  at point   48.689  54.148  51.686
  closest atom surface    3.241   S7  M   X    1
  2nd closest surface     3.241   H38 M   X    1
  found on step  969
  no. of rejections          323
 stored as    19

 highest radius point found:
  at point   46.839  56.288  51.886
  closest atom surface    3.898   S7  M   X    1
  2nd closest surface     3.901   O18 M   X    1
  found on step 1000
  this is also current point
  no. of rejections          246
 stored as    20

 highest radius point found:
  at point   42.602  62.313  52.086
  closest atom surface    9.059   O18 M   X    1
  2nd closest surface     9.093   O1  M   X    1
  found on step 1000
  this is also current point
  no. of rejections          256
 stored as    21

 highest radius point found:
  at point   37.180  70.795  52.286
  closest atom surface   17.860   H41 M   X    1
  2nd closest surface    17.862   O20 M   X    1
  found on step  998
  this is also current point
  no. of rejections          282
 stored as    22

 highest radius point found:
  at point   31.690  79.500  52.486
  closest atom surface   27.424   O20 M   X    1
  2nd closest surface    27.528   H41 M   X    1
  found on step 1000
  this is also current point
  no. of rejections          248
 This is an end! (radius above  22.0 angs)
 highest radius point found:
  at point   50.585  51.025  47.686
  closest atom surface    2.307   S7  M   X    1
  2nd closest surface     2.308   C67 M   X    1
  found on step  882
 current point:
  at point   50.587  51.028  47.686
  closest atom surface    2.307   C39 M   X    1
  2nd closest surface     2.308   S7  M   X    1
  found on step  900
  no. of rejections          369
 stored as    -1

 highest radius point found:
  at point   50.450  50.924  47.486
  closest atom surface    2.220   S7  M   X    1
  2nd closest surface     2.222   O35 M   X    1
  found on step  992
  this is also current point
  no. of rejections          370
 stored as    -2

 highest radius point found:
  at point   50.254  50.770  47.286
  closest atom surface    2.132   C67 M   X    1
  2nd closest surface     2.132   O35 M   X    1
  found on step  626
 current point:
  at point   50.465  51.094  47.286
  closest atom surface    2.099   S7  M   X    1
  2nd closest surface     2.100   O35 M   X    1
  found on step  981
  no. of rejections          363
 stored as    -3

 highest radius point found:
  at point   50.053  50.620  47.086
  closest atom surface    2.068   S7  M   X    1
  2nd closest surface     2.071   O35 M   X    1
  found on step  626
 current point:
  at point   50.045  50.613  47.086
  closest atom surface    2.068   S7  M   X    1
  2nd closest surface     2.069   C67 M   X    1
  found on step  968
  no. of rejections          381
 stored as    -4

 highest radius point found:
  at point   49.870  50.485  46.886
  closest atom surface    2.025   N13 M   X    1
  2nd closest surface     2.026   O35 M   X    1
  found on step  947
  this is also current point
  no. of rejections          359
 stored as    -5

 highest radius point found:
  at point   49.750  50.449  46.686
  closest atom surface    1.971   O35 M   X    1
  2nd closest surface     1.971   N13 M   X    1
  found on step  820
 current point:
  at point   49.745  50.444  46.686
  closest atom surface    1.969   N13 M   X    1
  2nd closest surface     1.972   S7  M   X    1
  found on step  919
  no. of rejections          389
 stored as    -6

 highest radius point found:
  at point   49.632  50.411  46.486
  closest atom surface    1.929   N13 M   X    1
  2nd closest surface     1.929   O35 M   X    1
  found on step  994
  this is also current point
  no. of rejections          351
 stored as    -7

 highest radius point found:
  at point   49.432  50.322  46.286
  closest atom surface    1.899   S7  M   X    1
  2nd closest surface     1.900   N13 M   X    1
  found on step  841
 current point:
  at point   49.388  50.292  46.286
  closest atom surface    1.898   N13 M   X    1
  2nd closest surface     1.898   S7  M   X    1
  found on step  892
  no. of rejections          343
 stored as    -8

 highest radius point found:
  at point   49.401  50.346  46.086
  closest atom surface    1.889   C69 M   X    1
  2nd closest surface     1.889   S7  M   X    1
  found on step  774
 current point:
  at point   49.400  50.346  46.086
  closest atom surface    1.888   S7  M   X    1
  2nd closest surface     1.890   C69 M   X    1
  found on step  997
  no. of rejections          372
 stored as    -9

 highest radius point found:
  at point   49.355  50.424  45.886
  closest atom surface    1.835   C69 M   X    1
  2nd closest surface     1.838   S7  M   X    1
  found on step  872
 current point:
  at point   49.357  50.423  45.886
  closest atom surface    1.834   C69 M   X    1
  2nd closest surface     1.840   S7  M   X    1
  found on step  938
  no. of rejections          365
 stored as   -10

 highest radius point found:
  at point   49.320  50.510  45.686
  closest atom surface    1.799   C69 M   X    1
  2nd closest surface     1.799   S7  M   X    1
  found on step  522
 current point:
  at point   49.311  50.510  45.686
  closest atom surface    1.794   S7  M   X    1
  2nd closest surface     1.799   C69 M   X    1
  found on step  944
  no. of rejections          387
 stored as   -11

 highest radius point found:
  at point   49.278  50.591  45.486
  closest atom surface    1.772   C69 M   X    1
  2nd closest surface     1.773   S7  M   X    1
  found on step  951
  this is also current point
  no. of rejections          389
 stored as   -12

 highest radius point found:
  at point   49.247  50.677  45.286
  closest atom surface    1.761   S7  M   X    1
  2nd closest surface     1.763   O35 M   X    1
  found on step  929
  this is also current point
  no. of rejections          398
 stored as   -13

 highest radius point found:
  at point   49.215  50.763  45.086
  closest atom surface    1.761   S7  M   X    1
  2nd closest surface     1.761   O35 M   X    1
  found on step  702
 current point:
  at point   49.214  50.759  45.086
  closest atom surface    1.761   O35 M   X    1
  2nd closest surface     1.762   C69 M   X    1
  found on step  945
  no. of rejections          394
 stored as   -14

 highest radius point found:
  at point   49.156  50.838  44.886
  closest atom surface    1.769   S7  M   X    1
  2nd closest surface     1.769   O32 M   X    1
  found on step  913
  this is also current point
  no. of rejections          367
 stored as   -15

 highest radius point found:
  at point   49.182  50.988  44.686
  closest atom surface    1.783   S7  M   X    1
  2nd closest surface     1.784   O32 M   X    1
  found on step  972
  this is also current point
  no. of rejections          368
 stored as   -16

 highest radius point found:
  at point   49.180  51.119  44.486
  closest atom surface    1.810   O32 M   X    1
  2nd closest surface     1.811   S7  M   X    1
  found on step  283
 current point:
  at point   49.178  51.119  44.486
  closest atom surface    1.809   S7  M   X    1
  2nd closest surface     1.812   O32 M   X    1
  found on step  986
  no. of rejections          405
 stored as   -17

 highest radius point found:
  at point   49.215  51.209  44.286
  closest atom surface    1.805   H43 M   X    1
  2nd closest surface     1.805   O32 M   X    1
  found on step  902
  this is also current point
  no. of rejections          385
 stored as   -18

 highest radius point found:
  at point   49.263  51.276  44.086
  closest atom surface    1.785   H43 M   X    1
  2nd closest surface     1.788   O32 M   X    1
  found on step   29
 current point:
  at point   49.280  51.289  44.086
  closest atom surface    1.784   O35 M   X    1
  2nd closest surface     1.785   H43 M   X    1
  found on step  996
  no. of rejections          376
 stored as   -19

 highest radius point found:
  at point   49.287  51.331  43.886
  closest atom surface    1.777   H43 M   X    1
  2nd closest surface     1.781   O32 M   X    1
  found on step   45
 current point:
  at point   48.508  50.913  43.886
  closest atom surface    1.756   H43 M   X    1
  2nd closest surface     1.757   O32 M   X    1
  found on step 1000
  no. of rejections          400
 stored as   -20

 highest radius point found:
  at point   49.375  51.420  43.686
  closest atom surface    1.799   O32 M   X    1
  2nd closest surface     1.800   H43 M   X    1
  found on step  926
  this is also current point
  no. of rejections          407
 stored as   -21

 highest radius point found:
  at point   49.422  51.490  43.486
  closest atom surface    1.827   O32 M   X    1
  2nd closest surface     1.828   H43 M   X    1
  found on step  851
 current point:
  at point   49.425  51.494  43.486
  closest atom surface    1.827   H43 M   X    1
  2nd closest surface     1.830   O32 M   X    1
  found on step 1000
  no. of rejections          381
 stored as   -22

 highest radius point found:
  at point   49.482  51.574  43.286
  closest atom surface    1.871   O35 M   X    1
  2nd closest surface     1.872   H43 M   X    1
  found on step  931
  this is also current point
  no. of rejections          402
 stored as   -23

 highest radius point found:
  at point   49.528  51.642  43.086
  closest atom surface    1.928   O35 M   X    1
  2nd closest surface     1.929   O32 M   X    1
  found on step  520
 current point:
  at point   49.557  51.686  43.086
  closest atom surface    1.925   H43 M   X    1
  2nd closest surface     1.926   O35 M   X    1
  found on step  994
  no. of rejections          371
 stored as   -24

 highest radius point found:
  at point   49.593  51.746  42.886
  closest atom surface    2.000   H43 M   X    1
  2nd closest surface     2.000   O35 M   X    1
  found on step  958
  this is also current point
  no. of rejections          344
 stored as   -25

 highest radius point found:
  at point   49.621  51.794  42.686
  closest atom surface    2.084   O32 M   X    1
  2nd closest surface     2.084   O35 M   X    1
  found on step  955
  this is also current point
  no. of rejections          422
 stored as   -26

 highest radius point found:
  at point   47.235  50.756  42.486
  closest atom surface    2.264   S8  M   X    1
  2nd closest surface     2.264   H43 M   X    1
  found on step  983
  this is also current point
  no. of rejections          352
 stored as   -27

 highest radius point found:
  at point   47.123  50.783  42.286
  closest atom surface    2.368   H43 M   X    1
  2nd closest surface     2.369   O31 M   X    1
  found on step  958
  this is also current point
  no. of rejections          387
 stored as   -28

 highest radius point found:
  at point   47.110  50.824  42.086
  closest atom surface    2.459   H43 M   X    1
  2nd closest surface     2.461   O31 M   X    1
  found on step  555
 current point:
  at point   47.115  50.823  42.086
  closest atom surface    2.459   H43 M   X    1
  2nd closest surface     2.459   O31 M   X    1
  found on step  996
  no. of rejections          377
 stored as   -29

 highest radius point found:
  at point   47.088  50.866  41.886
  closest atom surface    2.560   H43 M   X    1
  2nd closest surface     2.563   O21 M   X    1
  found on step  228
 current point:
  at point   47.108  50.864  41.886
  closest atom surface    2.557   O31 M   X    1
  2nd closest surface     2.559   H43 M   X    1
  found on step  942
  no. of rejections          355
 stored as   -30

 highest radius point found:
  at point   47.077  50.906  41.686
  closest atom surface    2.670   H43 M   X    1
  2nd closest surface     2.671   O31 M   X    1
  found on step  990
  this is also current point
  no. of rejections          373
 stored as   -31

 highest radius point found:
  at point   47.062  50.951  41.486
  closest atom surface    2.785   H43 M   X    1
  2nd closest surface     2.786   O21 M   X    1
  found on step  716
 current point:
  at point   47.072  50.947  41.486
  closest atom surface    2.783   O31 M   X    1
  2nd closest surface     2.786   H43 M   X    1
  found on step  992
  no. of rejections          381
 stored as   -32

 highest radius point found:
  at point   47.054  50.991  41.286
  closest atom surface    2.908   O31 M   X    1
  2nd closest surface     2.909   H43 M   X    1
  found on step 1000
  this is also current point
  no. of rejections          382
 stored as   -33

 highest radius point found:
  at point   47.041  51.036  41.086
  closest atom surface    3.038   H43 M   X    1
  2nd closest surface     3.038   O31 M   X    1
  found on step  494
 current point:
  at point   47.045  51.038  41.086
  closest atom surface    3.036   H43 M   X    1
  2nd closest surface     3.038   O31 M   X    1
  found on step  871
  no. of rejections          354
 stored as   -34

 highest radius point found:
  at point   47.030  51.079  40.886
  closest atom surface    3.170   O31 M   X    1
  2nd closest surface     3.171   H67 M   X    1
  found on step  990
  this is also current point
  no. of rejections          329
 stored as   -35

 highest radius point found:
  at point   47.005  51.142  40.686
  closest atom surface    3.304   H67 M   X    1
  2nd closest surface     3.305   O21 M   X    1
  found on step  964
  this is also current point
  no. of rejections          337
 stored as   -36

 highest radius point found:
  at point   46.975  51.200  40.486
  closest atom surface    3.438   O21 M   X    1
  2nd closest surface     3.445   H67 M   X    1
  found on step  661
 current point:
  at point   46.975  51.214  40.486
  closest atom surface    3.438   O19 M   X    1
  2nd closest surface     3.440   H43 M   X    1
  found on step  979
  no. of rejections          345
 stored as   -37

 highest radius point found:
  at point   46.931  51.192  40.286
  closest atom surface    3.556   H67 M   X    1
  2nd closest surface     3.557   O19 M   X    1
  found on step  956
  this is also current point
  no. of rejections          357
 stored as   -38

 highest radius point found:
  at point   46.880  51.179  40.086
  closest atom surface    3.675   H67 M   X    1
  2nd closest surface     3.676   O19 M   X    1
  found on step  464
 current point:
  at point   46.875  51.178  40.086
  closest atom surface    3.674   O21 M   X    1
  2nd closest surface     3.678   H67 M   X    1
  found on step  899
  no. of rejections          379
 stored as   -39

 highest radius point found:
  at point   46.828  51.166  39.886
  closest atom surface    3.801   O21 M   X    1
  2nd closest surface     3.801   H67 M   X    1
  found on step  989
  this is also current point
  no. of rejections          371
 stored as   -40

 highest radius point found:
  at point   46.778  51.154  39.686
  closest atom surface    3.931   O21 M   X    1
  2nd closest surface     3.931   O19 M   X    1
  found on step  996
  this is also current point
  no. of rejections          336
 stored as   -41

 highest radius point found:
  at point   46.729  51.137  39.486
  closest atom surface    4.064   H67 M   X    1
  2nd closest surface     4.066   O21 M   X    1
  found on step  986
  this is also current point
  no. of rejections          306
 stored as   -42

 highest radius point found:
  at point   46.680  51.127  39.286
  closest atom surface    4.205   O19 M   X    1
  2nd closest surface     4.205   H67 M   X    1
  found on step  843
 current point:
  at point   46.676  51.119  39.286
  closest atom surface    4.202   O21 M   X    1
  2nd closest surface     4.203   H67 M   X    1
  found on step  894
  no. of rejections          328
 stored as   -43

 highest radius point found:
  at point   46.630  51.112  39.086
  closest atom surface    4.347   O21 M   X    1
  2nd closest surface     4.348   H67 M   X    1
  found on step   10
 current point:
  at point   46.622  51.121  39.086
  closest atom surface    4.345   O21 M   X    1
  2nd closest surface     4.345   O19 M   X    1
  found on step  899
  no. of rejections          331
 stored as   -44

 highest radius point found:
  at point   46.580  51.098  38.886
  closest atom surface    4.494   O21 M   X    1
  2nd closest surface     4.495   O19 M   X    1
  found on step  897
  this is also current point
  no. of rejections          329
 stored as   -45

 highest radius point found:
  at point   46.532  51.082  38.686
  closest atom surface    4.644   O21 M   X    1
  2nd closest surface     4.645   H67 M   X    1
  found on step  976
  this is also current point
  no. of rejections          315
 stored as   -46

 highest radius point found:
  at point   46.482  51.068  38.486
  closest atom surface    4.797   O21 M   X    1
  2nd closest surface     4.798   O19 M   X    1
  found on step  901
  this is also current point
  no. of rejections          342
 stored as   -47

 highest radius point found:
  at point   46.437  51.052  38.286
  closest atom surface    4.954   O21 M   X    1
  2nd closest surface     4.954   H67 M   X    1
  found on step  998
  this is also current point
  no. of rejections          314
 stored as   -48

 highest radius point found:
  at point   46.389  51.036  38.086
  closest atom surface    5.113   O19 M   X    1
  2nd closest surface     5.113   H67 M   X    1
  found on step  941
  this is also current point
  no. of rejections          316
 stored as   -49

 highest radius point found:
  at point   46.339  51.014  37.886
  closest atom surface    5.273   H67 M   X    1
  2nd closest surface     5.273   O21 M   X    1
  found on step  906
  this is also current point
  no. of rejections          278
 stored as   -50

 highest radius point found:
  at point   46.292  51.001  37.686
  closest atom surface    5.438   O21 M   X    1
  2nd closest surface     5.438   H67 M   X    1
  found on step  980
  this is also current point
  no. of rejections          278
 stored as   -51

 highest radius point found:
  at point   46.246  50.988  37.486
  closest atom surface    5.604   O21 M   X    1
  2nd closest surface     5.605   O19 M   X    1
  found on step  952
  this is also current point
  no. of rejections          284
 stored as   -52

 highest radius point found:
  at point   46.194  50.971  37.286
  closest atom surface    5.771   O15 M   X    1
  2nd closest surface     5.771   O21 M   X    1
  found on step  929
  this is also current point
  no. of rejections          289
 stored as   -53

 highest radius point found:
  at point   46.121  50.926  37.086
  closest atom surface    5.930   O15 M   X    1
  2nd closest surface     5.930   O21 M   X    1
  found on step  891
 current point:
  at point   46.124  50.905  37.086
  closest atom surface    5.929   O31 M   X    1
  2nd closest surface     5.930   O21 M   X    1
  found on step  999
  no. of rejections          257
 stored as   -54

 highest radius point found:
  at point   45.996  51.046  36.886
  closest atom surface    6.089   O21 M   X    1
  2nd closest surface     6.093   O19 M   X    1
  found on step   20
 current point:
  at point   45.470  49.997  36.886
  closest atom surface    5.923   O31 M   X    1
  2nd closest surface     5.926   O21 M   X    1
  found on step  998
  no. of rejections          212
 stored as   -55

 highest radius point found:
  at point   45.948  50.933  36.686
  closest atom surface    6.255   O21 M   X    1
  2nd closest surface     6.256   O15 M   X    1
  found on step  130
 current point:
  at point   45.942  50.954  36.686
  closest atom surface    6.255   O21 M   X    1
  2nd closest surface     6.256   O15 M   X    1
  found on step  998
  no. of rejections          246
 stored as   -56

 highest radius point found:
  at point   45.904  50.766  36.486
  closest atom surface    6.424   O21 M   X    1
  2nd closest surface     6.425   O31 M   X    1
  found on step  911
  this is also current point
  no. of rejections          271
 stored as   -57

 highest radius point found:
  at point   45.833  50.724  36.286
  closest atom surface    6.595   O15 M   X    1
  2nd closest surface     6.595   O21 M   X    1
  found on step  904
  this is also current point
  no. of rejections          257
 stored as   -58

 highest radius point found:
  at point   45.625  51.173  36.086
  closest atom surface    6.765   O21 M   X    1
  2nd closest surface     6.768   O19 M   X    1
  found on step  587
 current point:
  at point   45.705  50.885  36.086
  closest atom surface    6.763   O21 M   X    1
  2nd closest surface     6.763   O15 M   X    1
  found on step  935
  no. of rejections          251
 stored as   -59

 highest radius point found:
  at point   45.680  50.657  35.886
  closest atom surface    6.940   O15 M   X    1
  2nd closest surface     6.940   O21 M   X    1
  found on step  994
  this is also current point
  no. of rejections          256
 stored as   -60

 highest radius point found:
  at point   45.457  51.173  35.686
  closest atom surface    7.115   O21 M   X    1
  2nd closest surface     7.116   O15 M   X    1
  found on step  252
 current point:
  at point   45.503  51.003  35.686
  closest atom surface    7.111   O21 M   X    1
  2nd closest surface     7.112   O15 M   X    1
  found on step  933
  no. of rejections          252
 stored as   -61

 highest radius point found:
  at point   45.340  51.277  35.486
  closest atom surface    7.296   O21 M   X    1
  2nd closest surface     7.297   O19 M   X    1
  found on step  370
 current point:
  at point   45.539  50.546  35.486
  closest atom surface    7.295   O21 M   X    1
  2nd closest surface     7.295   O15 M   X    1
  found on step  891
  no. of rejections          234
 stored as   -62

 highest radius point found:
  at point   40.509  55.185  35.286
  closest atom surface    8.950   O21 M   X    1
  2nd closest surface     8.962   O20 M   X    1
  found on step 1000
  this is also current point
  no. of rejections          190
 stored as   -63

 highest radius point found:
  at point   34.062  60.080  35.086
  closest atom surface   13.741   O23 M   X    1
  2nd closest surface    14.235   H48 M   X    1
  found on step 1000
  this is also current point
  no. of rejections          214
 stored as   -64

 highest radius point found:
  at point   28.983  66.571  34.886
  closest atom surface   20.237   O23 M   X    1
  2nd closest surface    20.757   O20 M   X    1
  found on step  999
  this is also current point
  no. of rejections          243
 stored as   -65

 highest radius point found:
  at point   21.748  71.185  34.686
  closest atom surface   27.533   O23 M   X    1
  2nd closest surface    28.383   C47 M   X    1
  found on step  999
  this is also current point
  no. of rejections          249
 This is an end! (radius above  22.0 angs)
 
 N.b. Graph information routine (HOGRAP) differs 
        markedly from previous versions!
       Information now is written from -ve end
       to +ve in one pass
 
 Explanation of the meaning of each column: 
 First column "cenxyz.cvec" is the coordinate in the
   direction of the channel vector i.e. if the channel
   vector is in z (0 0 1) then it is the z coordinate.
 The second column "radius" is the hole pore radius 
   (as defined in the Biophys J 1993) article).
 The third column "cen_line_D" is the distance 
   measured along the pore centre line - with the 
   first point found set to zero. This was the first
   thing that I used to measure the distance along a pore
   but "cenxyz.cvec" is a much better general measure. 
   However, by comparing changes in this distance to changes in '   "cenxyz.cvec" one can get a measure of how straight a 
   channel is.
 The fourth column "sum{s/(area)}" is useful in conductance
   prediction -
   basically it is the sum of the thickness of each slab
   divided by its area. HOLE uses this measure to estimate
   the macroscopic conductance of a channel.
 If any of this worries you one can see the "raw" results
   of a standard hole run by producing a sphpdb file and 
    directly looking at the results.
 cenxyz.cvec      radius  cen_line_D sum{s/(area point sourc
    34.88567    20.23676   -39.91076     0.00008   (sampled)
    34.98567    16.81502   -35.78857     0.00019 (mid-point)
    35.08567    13.74054   -31.66638     0.00036   (sampled)
    35.18567    11.26090   -27.61782     0.00061 (mid-point)
    35.28567     8.95033   -23.56926     0.00101   (sampled)
    35.38567     7.65263   -20.46093     0.00155 (mid-point)
    35.48567     7.29618   -17.35260     0.00215   (sampled)
    35.58567     7.20515   -17.22568     0.00276 (mid-point)
    35.68567     7.11501   -17.09876     0.00339   (sampled)
    35.78567     7.02290   -16.80016     0.00404 (mid-point)
    35.88567     6.93998   -16.50156     0.00470   (sampled)
    35.98567     6.84832   -16.22350     0.00538 (mid-point)
    36.08567     6.76465   -15.94543     0.00607   (sampled)
    36.18567     6.67595   -15.67863     0.00679 (mid-point)
    36.28567     6.59486   -15.41184     0.00752   (sampled)
    36.38567     6.50939   -15.30362     0.00827 (mid-point)
    36.48567     6.42441   -15.19539     0.00904   (sampled)
    36.58567     6.33929   -15.06348     0.00983 (mid-point)
    36.68567     6.25544   -14.93157     0.01065   (sampled)
    36.78567     6.17154   -14.81423     0.01148 (mid-point)
    36.88567     6.08851   -14.69689     0.01234   (sampled)
    36.98567     6.00863   -14.56469     0.01322 (mid-point)
    37.08567     5.93001   -14.43250     0.01413   (sampled)
    37.18567     5.85001   -14.32362     0.01506 (mid-point)
    37.28567     5.77074   -14.21473     0.01601   (sampled)
    37.38567     5.68734   -14.11108     0.01700 (mid-point)
    37.48567     5.60436   -14.00743     0.01801   (sampled)
    37.58567     5.52074   -13.90458     0.01905 (mid-point)
    37.68567     5.43762   -13.80172     0.02013   (sampled)
    37.78567     5.35518   -13.69877     0.02124 (mid-point)
    37.88567     5.27325   -13.59582     0.02239   (sampled)
    37.98567     5.19283   -13.49215     0.02357 (mid-point)
    38.08567     5.11300   -13.38847     0.02478   (sampled)
    38.18567     5.03331   -13.28544     0.02604 (mid-point)
    38.28567     4.95399   -13.18241     0.02734   (sampled)
    38.38567     4.87511   -13.07948     0.02868 (mid-point)
    38.48567     4.79690   -12.97655     0.03006   (sampled)
    38.58567     4.72001   -12.87334     0.03149 (mid-point)
    38.68567     4.64387   -12.77013     0.03296   (sampled)
    38.78567     4.56836   -12.66697     0.03449 (mid-point)
    38.88567     4.49364   -12.56381     0.03607   (sampled)
    38.98567     4.42007   -12.46053     0.03770 (mid-point)
    39.08567     4.34738   -12.35725     0.03938   (sampled)
    39.18567     4.27577   -12.25388     0.04112 (mid-point)
    39.28567     4.20455   -12.15051     0.04292   (sampled)
    39.38567     4.13408   -12.04740     0.04478 (mid-point)
    39.48567     4.06430   -11.94429     0.04671   (sampled)
    39.58567     3.99736   -11.84097     0.04870 (mid-point)
    39.68567     3.93118   -11.73764     0.05076   (sampled)
    39.78567     3.86552   -11.63439     0.05289 (mid-point)
    39.88567     3.80102   -11.53113     0.05510   (sampled)
    39.98567     3.73762   -11.42756     0.05737 (mid-point)
    40.08567     3.67543   -11.32399     0.05973   (sampled)
    40.18567     3.61499   -11.22069     0.06217 (mid-point)
    40.28567     3.55609   -11.11739     0.06468   (sampled)
    40.38567     3.49723   -11.01492     0.06729 (mid-point)
    40.48567     3.43836   -10.91244     0.06998   (sampled)
    40.58567     3.37115   -10.80709     0.07278 (mid-point)
    40.68567     3.30447   -10.70174     0.07569   (sampled)
    40.78567     3.23691   -10.59617     0.07873 (mid-point)
    40.88567     3.17017   -10.49060     0.08190   (sampled)
    40.98567     3.10336   -10.38824     0.08521 (mid-point)
    41.08567     3.03752   -10.28587     0.08865   (sampled)
    41.18567     2.97221   -10.18315     0.09226 (mid-point)
    41.28567     2.90795   -10.08043     0.09602   (sampled)
    41.38567     2.84609    -9.97835     0.09995 (mid-point)
    41.48567     2.78475    -9.87627     0.10406   (sampled)
    41.58567     2.72651    -9.77347     0.10834 (mid-point)
    41.68567     2.67022    -9.67066     0.11280   (sampled)
    41.78567     2.61413    -9.56857     0.11746 (mid-point)
    41.88567     2.56008    -9.46647     0.12232   (sampled)
    41.98567     2.50861    -9.36366     0.12738 (mid-point)
    42.08567     2.45944    -9.26085     0.13264   (sampled)
    42.18567     2.41262    -9.15857     0.13811 (mid-point)
    42.28567     2.36826    -9.05629     0.14378   (sampled)
    42.38567     2.31459    -8.94083     0.14972 (mid-point)
    42.48567     2.26386    -8.82536     0.15593   (sampled)
    42.58567     1.89758    -7.52029     0.16477 (mid-point)
    42.68567     2.08388    -6.21521     0.17210   (sampled)
    42.78567     2.04074    -6.11145     0.17975 (mid-point)
    42.88567     1.99991    -6.00769     0.18771   (sampled)
    42.98567     1.96227    -5.89030     0.19597 (mid-point)
    43.08567     1.92806    -5.77291     0.20454   (sampled)
    43.18567     1.89813    -5.66478     0.21337 (mid-point)
    43.28567     1.87127    -5.55665     0.22246   (sampled)
    43.38567     1.84748    -5.44417     0.23179 (mid-point)
    43.48567     1.82710    -5.33170     0.24132   (sampled)
    43.58567     1.81155    -5.22315     0.25102 (mid-point)
    43.68567     1.79935    -5.11459     0.26085   (sampled)
    43.78567     1.78568    -4.99672     0.27083 (mid-point)
    43.88567     1.77664    -4.87886     0.28092   (sampled)
    43.98567     1.77880    -4.77451     0.29098 (mid-point)
    44.08567     1.78488    -4.67015     0.30097   (sampled)
    44.18567     1.79263    -4.56189     0.31088 (mid-point)
    44.28567     1.80455    -4.45363     0.32065   (sampled)
    44.38567     1.80579    -4.34252     0.33041 (mid-point)
    44.48567     1.81048    -4.23141     0.34012   (sampled)
    44.58567     1.79514    -4.11185     0.35000 (mid-point)
    44.68567     1.78318    -3.99229     0.36001   (sampled)
    44.78567     1.77410    -3.86669     0.37013 (mid-point)
    44.88567     1.76918    -3.74110     0.38029   (sampled)
    44.98567     1.76364    -3.63050     0.39053 (mid-point)
    45.08567     1.76134    -3.51990     0.40079   (sampled)
    45.18567     1.75971    -3.40973     0.41107 (mid-point)
    45.28567     1.76132    -3.29957     0.42133   (sampled)
    45.38567     1.76542    -3.18963     0.43154 (mid-point)
    45.48567     1.77246    -3.07970     0.44167   (sampled)
    45.58567     1.78406    -2.96979     0.45167 (mid-point)
    45.68567     1.79893    -2.85987     0.46151   (sampled)
    45.78567     1.81523    -2.74960     0.47117 (mid-point)
    45.88567     1.83476    -2.63933     0.48063   (sampled)
    45.98567     1.86037    -2.52958     0.48982 (mid-point)
    46.08567     1.88903    -2.41983     0.49874   (sampled)
    46.18567     1.89271    -2.31794     0.50763 (mid-point)
    46.28567     1.89897    -2.21606     0.51646   (sampled)
    46.38567     1.91174    -2.06760     0.52517 (mid-point)
    46.48567     1.92941    -1.91915     0.53372   (sampled)
    46.58567     1.94847    -1.80150     0.54210 (mid-point)
    46.68567     1.97121    -1.68385     0.55029   (sampled)
    46.78567     1.99646    -1.56597     0.55828 (mid-point)
    46.88567     2.02508    -1.44808     0.56604   (sampled)
    46.98567     2.04493    -1.29659     0.57365 (mid-point)
    47.08567     2.06832    -1.14509     0.58109   (sampled)
    47.18567     2.09798    -0.98487     0.58832 (mid-point)
    47.28567     2.13157    -0.82464     0.59533   (sampled)
    47.38567     2.17379    -0.66470     0.60207 (mid-point)
    47.48567     2.22003    -0.50475     0.60853   (sampled)
    47.58567     2.26192    -0.37396     0.61475 (mid-point)
    47.68567     2.30738    -0.24316     0.62073   (sampled)
    47.78567     2.31217    -0.12158     0.62668 (mid-point)
    47.88567     2.31887     0.00000     0.63260   (sampled)
    47.98567     2.31265     0.16084     0.63855 (mid-point)
    48.08567     2.31225     0.32168     0.64450   (sampled)
    48.18567     2.30661     0.43686     0.65049 (mid-point)
    48.28567     2.30388     0.55203     0.65648   (sampled)
    48.38567     2.30473     0.66748     0.66248 (mid-point)
    48.48567     2.30829     0.78293     0.66845   (sampled)
    48.58567     2.31186     0.89429     0.67441 (mid-point)
    48.68567     2.31791     1.00565     0.68033   (sampled)
    48.78567     2.31792     1.13081     0.68626 (mid-point)
    48.88567     2.32156     1.25598     0.69216   (sampled)
    48.98567     2.32489     1.39135     0.69805 (mid-point)
    49.08567     2.33245     1.52672     0.70390   (sampled)
    49.18567     2.34513     1.65878     0.70969 (mid-point)
    49.28567     2.36178     1.79084     0.71540   (sampled)
    49.38567     2.38220     1.92982     0.72100 (mid-point)
    49.48567     2.40691     2.06880     0.72650   (sampled)
    49.58567     2.43507     2.19753     0.73187 (mid-point)
    49.68567     2.46676     2.32627     0.73710   (sampled)
    49.78567     2.48058     2.43539     0.74227 (mid-point)
    49.88567     2.49506     2.54452     0.74738   (sampled)
    49.98567     2.51131     2.65153     0.75243 (mid-point)
    50.08567     2.52782     2.75853     0.75741   (sampled)
    50.18567     2.54934     2.86680     0.76231 (mid-point)
    50.28567     2.57343     2.97507     0.76712   (sampled)
    50.38567     2.59927     3.08385     0.77183 (mid-point)
    50.48567     2.62761     3.19264     0.77644   (sampled)
    50.58567     2.65343     3.31701     0.78096 (mid-point)
    50.68567     2.68268     3.44139     0.78538   (sampled)
    50.78567     2.70216     3.89229     0.78974 (mid-point)
    50.88567     2.76394     4.34319     0.79391   (sampled)
    50.98567     2.81884     4.48734     0.79792 (mid-point)
    51.08567     2.87732     4.63150     0.80176   (sampled)
    51.18567     2.93573     4.77340     0.80545 (mid-point)
    51.28567     2.99659     4.91531     0.80900   (sampled)
    51.38567     3.05758     5.07571     0.81240 (mid-point)
    51.48567     3.12391     5.23611     0.81567   (sampled)
    51.58567     3.18521     5.44458     0.81880 (mid-point)
    51.68567     3.25333     5.65304     0.82181   (sampled)
    51.78567     3.33696     7.29934     0.82467 (mid-point)
    51.88567     3.89826     8.94564     0.82676   (sampled)
    51.98567     6.04268    12.62996     0.82763 (mid-point)
    52.08567     9.05929    16.31427     0.82802   (sampled)
    52.18567    13.35552    21.34852     0.82820 (mid-point)
    52.28567    17.85958    26.38278     0.82830   (sampled)

 Minimum radius found:      1.760 angstroms.



 For spherical probe approach, The geometric factor
         F= sum(ds/area) along channel is    0.828 angstroms**-1
 This yields a macroscopic predicted molar conductance of:
   (1/rho)*(100/F)= (120/rho) pS,
   where rho is the conductivity of 1M permeant ion in ohm m.
 N.B. this is a macroscopic conductance - an overestimate 
 Empirically corrected conductances currently only available
 With the CAPSULE option (although its not that stable!)
 For 1M KCl rho= 1/12 (ohm m), So Gmacro= 1400 pS/M.
  (TAG      1   Rmin=     1.75971   Gmacro=  1448.74873 Conn_Gmacro=    -1.00000 ).
 HOLE: normal completion
