 *** Program HOLE ***
 
 If results of this run are reported or published, please
 cite the publication listed below.
 For the HOLE program:
   Smart, O.S., Goodfellow, J.M., Wallace, B.A. (1993). 
   The pore dimensions of gramicidin A. 
   Biophys. J., 65, 2455-2460.
 
 Originally written by Oliver Smart at Birkbeck College from April 1992.
 Copyright 1993-2005 Oliver Smart
 Copyright 2014-2015 SmartSci Limited.
 Copyright 2016 Oliver Smart.
 
 For help on HOLE suite see  http://www.holeprogram.org/
 
 HOLE release 2.2.005 (07 August 2016) 
 
 usage subject to Apache License, Version 2.0 
 see http://www.apache.org/licenses/LICENSE-2.0 

 Control variables read:

! Input file for Oliver Smart's HOLE program
! written by MDAnalysis.analysis.hole2.HoleAnalysis
! for a Universe
! u = mda.Universe(/afs/crc.nd.edu/user/m/mfarshad/Private/ML-new/traj/host-M5/h
!    /afs/crc.nd.edu/user/m/mfarshad/Private/ML-new/traj/host-M5/host_M5.trr
!   )
! Frame 354

COORD  /tmp/2550305.1.long/tmpknpuvob1.pdb
RADIUS simple2.rad
SPHPDB hole354.sph
SAMPLE 0.200000
ENDRAD 22.000000
IGNORE SOL WAT TIP HOH K   NA  CL
SHORTO 0
RASEED 31415
CPOINT 50.6172299631 49.8480270636 48.4969347027


 WARNING have not found a CVECT record - will try to guess
 Input pdb filename read as:    '/tmp/2550305.1.long/tmpknpuvob1.pdb'
 Input vdW radius file read as: 'simple2.rad'
 point in channel:   50.617  49.848  48.497
 channel vector:   ************************
 sampling distance between planes:    0.200

 graphics conditions:
 binary plot output file name: NONE
 Dot density:    10
 Draw dots?           T
 Draw close contacts? F
 Draw centre line?    T
 Produce spikes rather than dots? F
 Seed for random number generator:     31415 (0 means value set by program)
 Radius above which a result is regarded as an 'end':  22.000
 Pdb format file for sphere centres: hole354.sph

 Monte Carlo conditions:
  no of steps:  1000
  maximum displacement   0.100 angs
  'kT' initial   0.100 angs
 The spherebox and capsule options are turned off.
 (No molqpt card so will not write qpt file of the molecule)
 IGNORE card read so will ignore residue types: SOL WAT TIP HOH K   NA  CL
 no SHORTO card read so will produce full textual output
 As no PEGRAT card was found will not produce PEG polymer exclusion graph
 (No 2DMAPS card specified so will not produce 2D property maps)
 Have not found a CUT card.  Normal calculation using
   Cutoff lists with a cutsize=       1.000
   (if you wish to turn off option use a CUT -1 card)

 Have read     7 bond radius records and
              16 vdW radius records.
 From file: simple2.rad

 Have read   213 atom records.
 From file: /tmp/2550305.1.long/tmpknpuvob1.pdb
 Will not produce graphical output

 Have opened file for pdb format output of sphere centres:  hole354.sph

  Seed integer used by ran # generator on this run      31415

 
 S/R cguess will try to guess CPOINT and/or CVECT
 
 THESE GUESSES MAY WELL BE WRONG!!!!
 Routine relies on having a reasonably symmetric
 channel oriented along x, y or z vector
 YOU ARE STRONGLY ADVISED TO CHECK THE RESULTS
                       WITH MOLECULAR GRAPHICS
 testing points from cpoint in X, Y then Z direction
   point                   pore radius
direction     1
  45.617  49.848  48.497     0.659
  46.617  49.848  48.497     0.244
  47.617  49.848  48.497     0.029
  48.617  49.848  48.497    -0.153
  49.617  49.848  48.497    -0.918
  50.617  49.848  48.497    -0.924
  51.617  49.848  48.497    -0.163
  52.617  49.848  48.497     0.764
  53.617  49.848  48.497     1.697
  54.617  49.848  48.497     1.088
  55.617  49.848  48.497     0.738
 Average pore radius along the line=      0.278
direction     2
  50.617  44.848  48.497     0.690
  50.617  45.848  48.497    -0.217
  50.617  46.848  48.497     0.003
  50.617  47.848  48.497    -0.529
  50.617  48.848  48.497    -1.301
  50.617  49.848  48.497    -0.924
  50.617  50.848  48.497    -0.002
  50.617  51.848  48.497     0.653
  50.617  52.848  48.497     0.374
  50.617  53.848  48.497     0.424
  50.617  54.848  48.497     0.829
 Average pore radius along the line=     -0.000
direction     3
  50.617  49.848  43.497     1.150
  50.617  49.848  44.497     0.363
  50.617  49.848  45.497    -0.145
  50.617  49.848  46.497    -0.076
  50.617  49.848  47.497    -0.423
  50.617  49.848  48.497    -0.924
  50.617  49.848  49.497    -0.554
  50.617  49.848  50.497    -0.871
  50.617  49.848  51.497    -0.450
  50.617  49.848  52.497     0.352
  50.617  49.848  53.497     1.045
 Average pore radius along the line=     -0.048
 Best direction is found to be     1
(1=X,2=Y,3=Z)
 s/r cguess has produced initial values for cpoint &/or cvect:
CPOINT      50.6172     49.8480     48.4969
CVECT        1.0000      0.0000      0.0000
 THESE GUESSES MAY WELL BE WRONG!!!!
 Routine relies on having a reasonably symmetric
 channel oriented along x, y or z vector
 YOU ARE STRONGLY ADVISED TO CHECK THE RESULTS
                       WITH MOLECULAR GRAPHICS
 
 
  Some routines (e.g. conn) need vectors normal to cvect: 
     EAST Zero degrees angle is along vector    0.000   1.000   0.000
     NORTH  90 degrees angle is along vector    0.000   0.000  -1.000
 highest radius point found:
  at point   50.617  49.848  48.497
  closest atom surface    0.240   C70 M   X    1
  2nd closest surface    -0.156   H69 M   X    1
  found on step    1
  this is also current point
  no. of rejections          999
 stored as     0

 highest radius point found:
  at point   50.817  51.735  48.257
  closest atom surface    0.922   O35 M   X    1
  2nd closest surface     0.922   S12 M   X    1
  found on step  954
  this is also current point
  no. of rejections          364
 stored as     1

 highest radius point found:
  at point   51.017  51.768  48.276
  closest atom surface    1.009   O35 M   X    1
  2nd closest surface     1.010   C70 M   X    1
  found on step  923
  this is also current point
  no. of rejections          396
 stored as     2

 highest radius point found:
  at point   51.217  51.804  48.295
  closest atom surface    1.107   O35 M   X    1
  2nd closest surface     1.108   S12 M   X    1
  found on step  891
 current point:
  at point   51.217  51.801  48.295
  closest atom surface    1.107   C70 M   X    1
  2nd closest surface     1.108   S12 M   X    1
  found on step  956
  no. of rejections          370
 stored as     3

 highest radius point found:
  at point   51.417  51.836  48.306
  closest atom surface    1.214   O35 M   X    1
  2nd closest surface     1.217   C70 M   X    1
  found on step  951
  this is also current point
  no. of rejections          329
 stored as     4

 highest radius point found:
  at point   51.617  51.876  48.331
  closest atom surface    1.334   S12 M   X    1
  2nd closest surface     1.334   O35 M   X    1
  found on step  776
 current point:
  at point   51.617  51.870  48.325
  closest atom surface    1.334   C70 M   X    1
  2nd closest surface     1.334   O35 M   X    1
  found on step  977
  no. of rejections          348
 stored as     5

 highest radius point found:
  at point   51.817  51.915  48.350
  closest atom surface    1.461   S12 M   X    1
  2nd closest surface     1.461   O35 M   X    1
  found on step  987
  this is also current point
  no. of rejections          344
 stored as     6

 highest radius point found:
  at point   52.017  54.614  50.979
  closest atom surface    1.994   H42 M   X    1
  2nd closest surface     1.996   H44 M   X    1
  found on step 1000
  this is also current point
  no. of rejections          282
 stored as     7

 highest radius point found:
  at point   52.217  58.068  55.640
  closest atom surface    4.656   O21 M   X    1
  2nd closest surface     4.712   O19 M   X    1
  found on step 1000
  this is also current point
  no. of rejections          255
 stored as     8

 highest radius point found:
  at point   52.417  64.904  62.331
  closest atom surface   12.966   O21 M   X    1
  2nd closest surface    12.974   O19 M   X    1
  found on step  998
  this is also current point
  no. of rejections          249
 stored as     9

 highest radius point found:
  at point   52.617  72.734  70.225
  closest atom surface   23.748   O21 M   X    1
  2nd closest surface    23.786   O19 M   X    1
  found on step 1000
  this is also current point
  no. of rejections          253
 This is an end! (radius above  22.0 angs)
 highest radius point found:
  at point   50.417  51.693  48.233
  closest atom surface    0.725   N14 M   X    1
  2nd closest surface     0.725   H69 M   X    1
  found on step  979
  this is also current point
  no. of rejections          350
 stored as    -1

 highest radius point found:
  at point   50.217  51.642  48.208
  closest atom surface    0.615   C74 M   X    1
  2nd closest surface     0.615   N14 M   X    1
  found on step  632
 current point:
  at point   50.217  51.644  48.200
  closest atom surface    0.611   C74 M   X    1
  2nd closest surface     0.616   N14 M   X    1
  found on step  973
  no. of rejections          373
 stored as    -2

 highest radius point found:
  at point   50.017  51.118  46.886
  closest atom surface    0.694   H69 M   X    1
  2nd closest surface     0.695   O35 M   X    1
  found on step  982
  this is also current point
  no. of rejections          369
 stored as    -3

 highest radius point found:
  at point   49.817  51.115  46.911
  closest atom surface    0.658   O32 M   X    1
  2nd closest surface     0.658   C74 M   X    1
  found on step  962
  this is also current point
  no. of rejections          392
 stored as    -4

 highest radius point found:
  at point   49.617  51.063  46.963
  closest atom surface    0.606   C74 M   X    1
  2nd closest surface     0.606   O32 M   X    1
  found on step  995
  this is also current point
  no. of rejections          349
 stored as    -5

 highest radius point found:
  at point   49.417  51.007  47.018
  closest atom surface    0.572   O32 M   X    1
  2nd closest surface     0.575   C74 M   X    1
  found on step  327
 current point:
  at point   49.417  51.010  47.014
  closest atom surface    0.572   C74 M   X    1
  2nd closest surface     0.573   O32 M   X    1
  found on step  989
  no. of rejections          414
 stored as    -6

 highest radius point found:
  at point   49.217  50.952  47.077
  closest atom surface    0.560   C74 M   X    1
  2nd closest surface     0.562   O32 M   X    1
  found on step  845
 current point:
  at point   49.217  50.953  47.081
  closest atom surface    0.559   C74 M   X    1
  2nd closest surface     0.565   O32 M   X    1
  found on step  966
  no. of rejections          374
 stored as    -7

 highest radius point found:
  at point   49.017  50.887  47.153
  closest atom surface    0.574   O32 M   X    1
  2nd closest surface     0.574   C74 M   X    1
  found on step  983
  this is also current point
  no. of rejections          385
 stored as    -8

 highest radius point found:
  at point   48.817  50.819  47.233
  closest atom surface    0.608   O32 M   X    1
  2nd closest surface     0.609   H69 M   X    1
  found on step  923
  this is also current point
  no. of rejections          363
 stored as    -9

 highest radius point found:
  at point   48.617  50.752  47.319
  closest atom surface    0.668   C74 M   X    1
  2nd closest surface     0.668   O32 M   X    1
  found on step  999
  this is also current point
  no. of rejections          349
 stored as   -10

 highest radius point found:
  at point   48.417  50.651  47.349
  closest atom surface    0.689   C22 M   X    1
  2nd closest surface     0.691   O32 M   X    1
  found on step  799
 current point:
  at point   48.417  50.647  47.352
  closest atom surface    0.689   H70 M   X    1
  2nd closest surface     0.690   O32 M   X    1
  found on step  982
  no. of rejections          385
 stored as   -11

 highest radius point found:
  at point   48.217  50.513  47.330
  closest atom surface    0.681   H70 M   X    1
  2nd closest surface     0.681   O32 M   X    1
  found on step  343
 current point:
  at point   48.217  50.520  47.327
  closest atom surface    0.680   C22 M   X    1
  2nd closest surface     0.683   H70 M   X    1
  found on step  909
  no. of rejections          360
 stored as   -12

 highest radius point found:
  at point   48.017  50.378  47.314
  closest atom surface    0.701   O32 M   X    1
  2nd closest surface     0.702   H70 M   X    1
  found on step  992
  this is also current point
  no. of rejections          396
 stored as   -13

 highest radius point found:
  at point   47.817  50.334  47.323
  closest atom surface    0.706   N13 M   X    1
  2nd closest surface     0.706   H70 M   X    1
  found on step  971
  this is also current point
  no. of rejections          376
 stored as   -14

 highest radius point found:
  at point   47.617  50.380  47.365
  closest atom surface    0.678   H65 M   X    1
  2nd closest surface     0.679   H70 M   X    1
  found on step  989
  this is also current point
  no. of rejections          363
 stored as   -15

 highest radius point found:
  at point   47.417  50.432  47.413
  closest atom surface    0.670   H70 M   X    1
  2nd closest surface     0.678   H65 M   X    1
  found on step  121
 current point:
  at point   47.417  49.920  46.776
  closest atom surface    0.654   O32 M   X    1
  2nd closest surface     0.656   H65 M   X    1
  found on step  908
  no. of rejections          386
 stored as   -16

 highest radius point found:
  at point   47.217  50.476  47.457
  closest atom surface    0.694   H70 M   X    1
  2nd closest surface     0.695   C22 M   X    1
  found on step  787
 current point:
  at point   47.217  50.484  47.455
  closest atom surface    0.688   C22 M   X    1
  2nd closest surface     0.694   H70 M   X    1
  found on step  988
  no. of rejections          395
 stored as   -17

 highest radius point found:
  at point   47.017  50.512  47.513
  closest atom surface    0.733   H70 M   X    1
  2nd closest surface     0.734   H65 M   X    1
  found on step  125
 current point:
  at point   47.017  49.793  46.622
  closest atom surface    0.725   H65 M   X    1
  2nd closest surface     0.728   C22 M   X    1
  found on step  944
  no. of rejections          400
 stored as   -18

 highest radius point found:
  at point   46.817  50.555  47.572
  closest atom surface    0.794   H70 M   X    1
  2nd closest surface     0.797   C23 M   X    1
  found on step  900
  this is also current point
  no. of rejections          384
 stored as   -19

 highest radius point found:
  at point   46.617  50.569  47.634
  closest atom surface    0.857   H65 M   X    1
  2nd closest surface     0.858   C23 M   X    1
  found on step  425
 current point:
  at point   46.617  50.560  47.613
  closest atom surface    0.855   H65 M   X    1
  2nd closest surface     0.857   C23 M   X    1
  found on step  900
  no. of rejections          380
 stored as   -20

 highest radius point found:
  at point   46.417  50.569  47.668
  closest atom surface    0.932   H65 M   X    1
  2nd closest surface     0.933   C23 M   X    1
  found on step  999
  this is also current point
  no. of rejections          376
 stored as   -21

 highest radius point found:
  at point   46.217  50.564  47.694
  closest atom surface    1.020   H65 M   X    1
  2nd closest surface     1.023   C23 M   X    1
  found on step 1000
  this is also current point
  no. of rejections          361
 stored as   -22

 highest radius point found:
  at point   46.017  50.559  47.720
  closest atom surface    1.123   C23 M   X    1
  2nd closest surface     1.125   H65 M   X    1
  found on step  937
  this is also current point
  no. of rejections          389
 stored as   -23

 highest radius point found:
  at point   45.817  50.541  47.742
  closest atom surface    1.233   H65 M   X    1
  2nd closest surface     1.242   C23 M   X    1
  found on step  561
 current point:
  at point   45.817  50.487  47.577
  closest atom surface    1.225   H65 M   X    1
  2nd closest surface     1.225   C23 M   X    1
  found on step  982
  no. of rejections          375
 stored as   -24

 highest radius point found:
  at point   45.617  50.520  47.735
  closest atom surface    1.357   C24 M   X    1
  2nd closest surface     1.357   H65 M   X    1
  found on step  944
  this is also current point
  no. of rejections          329
 stored as   -25

 highest radius point found:
  at point   45.417  50.471  47.798
  closest atom surface    1.458   C24 M   X    1
  2nd closest surface     1.463   H65 M   X    1
  found on step    9
 current point:
  at point   45.417  50.384  47.513
  closest atom surface    1.456   H65 M   X    1
  2nd closest surface     1.458   C25 M   X    1
  found on step  951
  no. of rejections          362
 stored as   -26

 highest radius point found:
  at point   45.217  50.278  47.547
  closest atom surface    1.542   O30 M   X    1
  2nd closest surface     1.545   H65 M   X    1
  found on step  164
 current point:
  at point   45.217  50.295  47.571
  closest atom surface    1.542   C25 M   X    1
  2nd closest surface     1.543   O30 M   X    1
  found on step  968
  no. of rejections          361
 stored as   -27

 highest radius point found:
  at point   45.017  50.247  47.554
  closest atom surface    1.568   O30 M   X    1
  2nd closest surface     1.568   C25 M   X    1
  found on step  937
  this is also current point
  no. of rejections          407
 stored as   -28

 highest radius point found:
  at point   44.817  50.195  47.533
  closest atom surface    1.604   O30 M   X    1
  2nd closest surface     1.604   C26 M   X    1
  found on step  711
 current point:
  at point   44.817  50.193  47.530
  closest atom surface    1.604   C26 M   X    1
  2nd closest surface     1.604   O30 M   X    1
  found on step  931
  no. of rejections          388
 stored as   -29

 highest radius point found:
  at point   44.617  50.718  48.502
  closest atom surface    1.744   C25 M   X    1
  2nd closest surface     1.745   O30 M   X    1
  found on step  983
  this is also current point
  no. of rejections          340
 stored as   -30

 highest radius point found:
  at point   44.417  50.785  48.689
  closest atom surface    1.852   H72 M   X    1
  2nd closest surface     1.852   O30 M   X    1
  found on step  947
  this is also current point
  no. of rejections          372
 stored as   -31

 highest radius point found:
  at point   44.217  50.822  48.867
  closest atom surface    1.952   O12 M   X    1
  2nd closest surface     1.953   O30 M   X    1
  found on step  726
 current point:
  at point   44.217  50.813  48.836
  closest atom surface    1.948   O30 M   X    1
  2nd closest surface     1.948   O12 M   X    1
  found on step  896
  no. of rejections          358
 stored as   -32

 highest radius point found:
  at point   44.017  50.862  49.316
  closest atom surface    2.065   O30 M   X    1
  2nd closest surface     2.070   O12 M   X    1
  found on step  349
 current point:
  at point   44.017  50.854  49.303
  closest atom surface    2.059   O30 M   X    1
  2nd closest surface     2.070   O12 M   X    1
  found on step  988
  no. of rejections          359
 stored as   -33

 highest radius point found:
  at point   43.817  49.200  54.546
  closest atom surface    4.236   O30 M   X    1
  2nd closest surface     4.275   O34 M   X    1
  found on step 1000
  this is also current point
  no. of rejections          297
 stored as   -34

 highest radius point found:
  at point   43.617  49.080  63.380
  closest atom surface   10.689   C57 M   X    1
  2nd closest surface    10.793   H56 M   X    1
  found on step 1000
  this is also current point
  no. of rejections          241
 stored as   -35

 highest radius point found:
  at point   43.417  50.461  73.176
  closest atom surface   17.834   C57 M   X    1
  2nd closest surface    17.879   H55 M   X    1
  found on step  996
  this is also current point
  no. of rejections          218
 stored as   -36

 highest radius point found:
  at point   43.217  49.750  83.902
  closest atom surface   27.177   H55 M   X    1
  2nd closest surface    27.269   C57 M   X    1
  found on step  997
  this is also current point
  no. of rejections          254
 This is an end! (radius above  22.0 angs)
 
 N.b. Graph information routine (HOGRAP) differs 
        markedly from previous versions!
       Information now is written from -ve end
       to +ve in one pass
 
 Explanation of the meaning of each column: 
 First column "cenxyz.cvec" is the coordinate in the
   direction of the channel vector i.e. if the channel
   vector is in z (0 0 1) then it is the z coordinate.
 The second column "radius" is the hole pore radius 
   (as defined in the Biophys J 1993) article).
 The third column "cen_line_D" is the distance 
   measured along the pore centre line - with the 
   first point found set to zero. This was the first
   thing that I used to measure the distance along a pore
   but "cenxyz.cvec" is a much better general measure. 
   However, by comparing changes in this distance to changes in '   "cenxyz.cvec" one can get a measure of how straight a 
   channel is.
 The fourth column "sum{s/(area)}" is useful in conductance
   prediction -
   basically it is the sum of the thickness of each slab
   divided by its area. HOLE uses this measure to estimate
   the macroscopic conductance of a channel.
 If any of this worries you one can see the "raw" results
   of a standard hole run by producing a sphpdb file and 
    directly looking at the results.
 cenxyz.cvec      radius  cen_line_D sum{s/(area point sourc
    43.41723    17.83390   -35.61998     0.00010   (sampled)
    43.51723    13.89382   -30.67240     0.00026 (mid-point)
    43.61723    10.68940   -25.72483     0.00054   (sampled)
    43.71723     7.49414   -21.30608     0.00111 (mid-point)
    43.81723     4.23606   -16.88734     0.00288   (sampled)
    43.91723     2.43485   -14.14166     0.00825 (mid-point)
    44.01723     2.06535   -11.39598     0.01572   (sampled)
    44.11723     2.00119   -11.14972     0.02366 (mid-point)
    44.21723     1.95211   -10.90346     0.03202   (sampled)
    44.31723     1.89981   -10.76839     0.04084 (mid-point)
    44.41723     1.85181   -10.63332     0.05012   (sampled)
    44.51723     1.79586   -10.49217     0.05999 (mid-point)
    44.61723     1.74398   -10.35102     0.07045   (sampled)
    44.71723     1.62765    -9.79120     0.08247 (mid-point)
    44.81723     1.60393    -9.23139     0.09484   (sampled)
    44.91723     1.58421    -9.12751     0.10753 (mid-point)
    45.01723     1.56772    -9.02363     0.12048   (sampled)
    45.11723     1.55342    -8.92240     0.13367 (mid-point)
    45.21723     1.54227    -8.82117     0.14705   (sampled)
    45.31723     1.49767    -8.63380     0.16124 (mid-point)
    45.41723     1.45751    -8.44643     0.17622   (sampled)
    45.51723     1.40564    -8.33878     0.19233 (mid-point)
    45.61723     1.35653    -8.23113     0.20963   (sampled)
    45.71723     1.29363    -8.13053     0.22865 (mid-point)
    45.81723     1.23338    -8.02993     0.24958   (sampled)
    45.91723     1.17740    -7.92890     0.27254 (mid-point)
    46.01723     1.12302    -7.82787     0.29778   (sampled)
    46.11723     1.07080    -7.72702     0.32554 (mid-point)
    46.21723     1.02045    -7.62617     0.35611   (sampled)
    46.31723     0.97404    -7.52528     0.38966 (mid-point)
    46.41723     0.93178    -7.42439     0.42632   (sampled)
    46.51723     0.89221    -7.32297     0.46631 (mid-point)
    46.61723     0.85734    -7.22155     0.50961   (sampled)
    46.71723     0.82471    -7.11662     0.55641 (mid-point)
    46.81723     0.79440    -7.01169     0.60685   (sampled)
    46.91723     0.76094    -6.90537     0.66183 (mid-point)
    47.01723     0.73338    -6.79905     0.72101   (sampled)
    47.11723     0.71061    -6.69354     0.78404 (mid-point)
    47.21723     0.69411    -6.58803     0.85011   (sampled)
    47.31723     0.67893    -6.48333     0.91917 (mid-point)
    47.41723     0.67019    -6.37863     0.99004   (sampled)
    47.51723     0.67114    -6.27248     1.06070 (mid-point)
    47.61723     0.67793    -6.16632     1.12996   (sampled)
    47.71723     0.68910    -6.06166     1.19700 (mid-point)
    47.81723     0.70570    -5.95699     1.26091   (sampled)
    47.91723     0.70073    -5.85445     1.32574 (mid-point)
    48.01723     0.70136    -5.75192     1.39045   (sampled)
    48.11723     0.68704    -5.63117     1.45788 (mid-point)
    48.21723     0.68076    -5.51043     1.52656   (sampled)
    48.31723     0.68143    -5.38851     1.59511 (mid-point)
    48.41723     0.68948    -5.26659     1.66207   (sampled)
    48.51723     0.67664    -5.15346     1.73160 (mid-point)
    48.61723     0.66781    -5.04033     1.80297   (sampled)
    48.71723     0.63551    -4.92640     1.88179 (mid-point)
    48.81723     0.60811    -4.81246     1.96786   (sampled)
    48.91723     0.58826    -4.69948     2.05985 (mid-point)
    49.01723     0.57398    -4.58650     2.15647   (sampled)
    49.11723     0.56474    -4.47479     2.25627 (mid-point)
    49.21723     0.56043    -4.36308     2.35762   (sampled)
    49.31723     0.56437    -4.25522     2.45755 (mid-point)
    49.41723     0.57200    -4.14737     2.55484   (sampled)
    49.51723     0.58667    -4.03995     2.64733 (mid-point)
    49.61723     0.60573    -3.93254     2.73408   (sampled)
    49.71723     0.62976    -3.82605     2.81434 (mid-point)
    49.81723     0.65791    -3.71957     2.88788   (sampled)
    49.91723     0.67506    -3.61875     2.95773 (mid-point)
    50.01723     0.69361    -3.51793     3.02389   (sampled)
    50.11723     0.49407    -2.80003     3.15429 (mid-point)
    50.21723     0.61524    -2.08213     3.23839   (sampled)
    50.31723     0.66837    -1.97820     3.30964 (mid-point)
    50.41723     0.72464    -1.87427     3.37026   (sampled)
    50.51723    -0.09054    -0.93713     7.25349 (mid-point)
    50.61723     0.24044    -0.00000     7.80408   (sampled)
    50.71723    -0.01676     0.95642   121.09290 (mid-point)
    50.81723     0.92229     1.91284   121.13032   (sampled)
    50.91723     0.96400     2.01461   121.16458 (mid-point)
    51.01723     1.00896     2.11638   121.19585   (sampled)
    51.11723     1.05652     2.21839   121.22436 (mid-point)
    51.21723     1.10704     2.32039   121.25033   (sampled)
    51.31723     1.15920     2.42187   121.27402 (mid-point)
    51.41723     1.21400     2.52335   121.29562   (sampled)
    51.51723     1.27306     2.62606   121.31526 (mid-point)
    51.61723     1.33446     2.72876   121.33314   (sampled)
    51.71723     1.39657     2.83105   121.34946 (mid-point)
    51.81723     1.46069     2.93335   121.36438   (sampled)
    51.91723     1.41539     4.81996   121.38026 (mid-point)
    52.01723     1.99384     6.70658   121.38827   (sampled)
    52.11723     2.87382     9.60896   121.39213 (mid-point)
    52.21723     4.65605    12.51134   121.39359   (sampled)
    52.31723     8.53860    17.29534   121.39403 (mid-point)
    52.41723    12.96581    22.07933   121.39422   (sampled)

 Minimum radius found:     -0.091 angstroms.



 For spherical probe approach, The geometric factor
         F= sum(ds/area) along channel is ******** angstroms**-1
 This yields a macroscopic predicted molar conductance of:
   (1/rho)*(100/F)= (1.0e-6/rho) pS,
   where rho is the conductivity of 1M permeant ion in ohm m.
 N.B. this is a macroscopic conductance - an overestimate 
 Empirically corrected conductances currently only available
 With the CAPSULE option (although its not that stable!)
 For 1M KCl rho= 1/12 (ohm m), So Gmacro= 1.2e-5 pS/M.
  (TAG      1   Rmin=    -0.09054   Gmacro=     0.00001 Conn_Gmacro=    -1.00000 ).
 HOLE: normal completion
