 *** Program HOLE ***
 
 If results of this run are reported or published, please
 cite the publication listed below.
 For the HOLE program:
   Smart, O.S., Goodfellow, J.M., Wallace, B.A. (1993). 
   The pore dimensions of gramicidin A. 
   Biophys. J., 65, 2455-2460.
 
 Originally written by Oliver Smart at Birkbeck College from April 1992.
 Copyright 1993-2005 Oliver Smart
 Copyright 2014-2015 SmartSci Limited.
 Copyright 2016 Oliver Smart.
 
 For help on HOLE suite see  http://www.holeprogram.org/
 
 HOLE release 2.2.005 (07 August 2016) 
 
 usage subject to Apache License, Version 2.0 
 see http://www.apache.org/licenses/LICENSE-2.0 

 Control variables read:

! Input file for Oliver Smart's HOLE program
! written by MDAnalysis.analysis.hole2.HoleAnalysis
! for a Universe
! u = mda.Universe(/afs/crc.nd.edu/user/m/mfarshad/Private/ML-new/traj/host-M5/h
!    /afs/crc.nd.edu/user/m/mfarshad/Private/ML-new/traj/host-M5/host_M5.trr
!   )
! Frame 212

COORD  /tmp/2550305.1.long/tmp_1z7spmg.pdb
RADIUS simple2.rad
SPHPDB hole212.sph
SAMPLE 0.200000
ENDRAD 22.000000
IGNORE SOL WAT TIP HOH K   NA  CL
SHORTO 0
RASEED 31415
CPOINT 48.7723379180 49.7314208304 50.5139523179


 WARNING have not found a CVECT record - will try to guess
 Input pdb filename read as:    '/tmp/2550305.1.long/tmp_1z7spmg.pdb'
 Input vdW radius file read as: 'simple2.rad'
 point in channel:   48.772  49.731  50.514
 channel vector:   ************************
 sampling distance between planes:    0.200

 graphics conditions:
 binary plot output file name: NONE
 Dot density:    10
 Draw dots?           T
 Draw close contacts? F
 Draw centre line?    T
 Produce spikes rather than dots? F
 Seed for random number generator:     31415 (0 means value set by program)
 Radius above which a result is regarded as an 'end':  22.000
 Pdb format file for sphere centres: hole212.sph

 Monte Carlo conditions:
  no of steps:  1000
  maximum displacement   0.100 angs
  'kT' initial   0.100 angs
 The spherebox and capsule options are turned off.
 (No molqpt card so will not write qpt file of the molecule)
 IGNORE card read so will ignore residue types: SOL WAT TIP HOH K   NA  CL
 no SHORTO card read so will produce full textual output
 As no PEGRAT card was found will not produce PEG polymer exclusion graph
 (No 2DMAPS card specified so will not produce 2D property maps)
 Have not found a CUT card.  Normal calculation using
   Cutoff lists with a cutsize=       1.000
   (if you wish to turn off option use a CUT -1 card)

 Have read     7 bond radius records and
              16 vdW radius records.
 From file: simple2.rad

 Have read   213 atom records.
 From file: /tmp/2550305.1.long/tmp_1z7spmg.pdb
 Will not produce graphical output

 Have opened file for pdb format output of sphere centres:  hole212.sph

  Seed integer used by ran # generator on this run      31415

 
 S/R cguess will try to guess CPOINT and/or CVECT
 
 THESE GUESSES MAY WELL BE WRONG!!!!
 Routine relies on having a reasonably symmetric
 channel oriented along x, y or z vector
 YOU ARE STRONGLY ADVISED TO CHECK THE RESULTS
                       WITH MOLECULAR GRAPHICS
 testing points from cpoint in X, Y then Z direction
   point                   pore radius
direction     1
  43.772  49.731  50.514    -0.364
  44.772  49.731  50.514    -0.494
  45.772  49.731  50.514     0.088
  46.772  49.731  50.514     0.560
  47.772  49.731  50.514     0.775
  48.772  49.731  50.514     0.827
  49.772  49.731  50.514     0.879
  50.772  49.731  50.514     1.280
  51.772  49.731  50.514     0.907
  52.772  49.731  50.514     0.506
  53.772  49.731  50.514     0.532
 Average pore radius along the line=      0.500
direction     2
  48.772  44.731  50.514    -0.092
  48.772  45.731  50.514    -0.613
  48.772  46.731  50.514    -1.327
  48.772  47.731  50.514    -0.842
  48.772  48.731  50.514    -0.020
  48.772  49.731  50.514     0.827
  48.772  50.731  50.514     1.734
  48.772  51.731  50.514     1.713
  48.772  52.731  50.514     1.285
  48.772  53.731  50.514     0.588
  48.772  54.731  50.514     0.351
 Average pore radius along the line=      0.328
direction     3
  48.772  49.731  45.514    -1.059
  48.772  49.731  46.514    -0.203
  48.772  49.731  47.514     0.337
  48.772  49.731  48.514     0.298
  48.772  49.731  49.514     0.493
  48.772  49.731  50.514     0.827
  48.772  49.731  51.514     0.545
  48.772  49.731  52.514    -0.253
  48.772  49.731  53.514    -0.910
  48.772  49.731  54.514    -1.336
  48.772  49.731  55.514    -1.297
 Average pore radius along the line=     -0.233
 Best direction is found to be     1
(1=X,2=Y,3=Z)
 s/r cguess has produced initial values for cpoint &/or cvect:
CPOINT      48.7723     49.7314     50.5140
CVECT        1.0000      0.0000      0.0000
 THESE GUESSES MAY WELL BE WRONG!!!!
 Routine relies on having a reasonably symmetric
 channel oriented along x, y or z vector
 YOU ARE STRONGLY ADVISED TO CHECK THE RESULTS
                       WITH MOLECULAR GRAPHICS
 
 
  Some routines (e.g. conn) need vectors normal to cvect: 
     EAST Zero degrees angle is along vector    0.000   1.000   0.000
     NORTH  90 degrees angle is along vector    0.000   0.000  -1.000
 highest radius point found:
  at point   48.772  51.678  49.304
  closest atom surface    2.378   C43 M   X    1
  2nd closest surface     2.381   O30 M   X    1
  found on step  815
 current point:
  at point   48.772  51.638  49.413
  closest atom surface    2.368   C67 M   X    1
  2nd closest surface     2.377   O30 M   X    1
  found on step  988
  no. of rejections          392
 stored as     0

 highest radius point found:
  at point   48.972  51.705  49.371
  closest atom surface    2.422   H43 M   X    1
  2nd closest surface     2.422   O30 M   X    1
  found on step  207
 current point:
  at point   48.972  51.678  49.451
  closest atom surface    2.422   H43 M   X    1
  2nd closest surface     2.423   O30 M   X    1
  found on step  914
  no. of rejections          397
 stored as     1

 highest radius point found:
  at point   49.172  51.692  49.554
  closest atom surface    2.477   H43 M   X    1
  2nd closest surface     2.478   O30 M   X    1
  found on step  788
 current point:
  at point   49.172  51.698  49.539
  closest atom surface    2.477   H43 M   X    1
  2nd closest surface     2.477   O30 M   X    1
  found on step 1000
  no. of rejections          393
 stored as     2

 highest radius point found:
  at point   49.372  51.737  49.575
  closest atom surface    2.541   H43 M   X    1
  2nd closest surface     2.542   O30 M   X    1
  found on step  941
  this is also current point
  no. of rejections          399
 stored as     3

 highest radius point found:
  at point   49.572  51.815  49.501
  closest atom surface    2.609   O28 M   X    1
  2nd closest surface     2.611   C40 M   X    1
  found on step  973
  this is also current point
  no. of rejections          399
 stored as     4

 highest radius point found:
  at point   49.772  51.784  49.492
  closest atom surface    2.616   O30 M   X    1
  2nd closest surface     2.618   O28 M   X    1
  found on step  847
 current point:
  at point   49.772  51.785  49.489
  closest atom surface    2.615   C38 M   X    1
  2nd closest surface     2.615   O30 M   X    1
  found on step  940
  no. of rejections          379
 stored as     5

 highest radius point found:
  at point   49.972  51.756  49.485
  closest atom surface    2.631   C38 M   X    1
  2nd closest surface     2.631   O30 M   X    1
  found on step  832
 current point:
  at point   49.972  51.756  49.485
  closest atom surface    2.630   C38 M   X    1
  2nd closest surface     2.631   O30 M   X    1
  found on step  938
  no. of rejections          392
 stored as     6

 highest radius point found:
  at point   50.172  51.791  49.508
  closest atom surface    2.630   S4  M   X    1
  2nd closest surface     2.631   O28 M   X    1
  found on step  972
  this is also current point
  no. of rejections          399
 stored as     7

 highest radius point found:
  at point   50.372  51.880  49.550
  closest atom surface    2.621   C38 M   X    1
  2nd closest surface     2.621   O28 M   X    1
  found on step  934
  this is also current point
  no. of rejections          393
 stored as     8

 highest radius point found:
  at point   50.572  51.966  49.593
  closest atom surface    2.621   O28 M   X    1
  2nd closest surface     2.623   C38 M   X    1
  found on step  859
 current point:
  at point   50.572  51.961  49.592
  closest atom surface    2.621   S4  M   X    1
  2nd closest surface     2.622   O28 M   X    1
  found on step  934
  no. of rejections          382
 stored as     9

 highest radius point found:
  at point   50.772  52.055  49.634
  closest atom surface    2.634   C38 M   X    1
  2nd closest surface     2.635   O28 M   X    1
  found on step  988
  this is also current point
  no. of rejections          364
 stored as    10

 highest radius point found:
  at point   50.972  52.143  49.676
  closest atom surface    2.658   C38 M   X    1
  2nd closest surface     2.658   O28 M   X    1
  found on step  995
  this is also current point
  no. of rejections          397
 stored as    11

 highest radius point found:
  at point   51.172  52.243  49.690
  closest atom surface    2.663   C38 M   X    1
  2nd closest surface     2.701   S4  M   X    1
  found on step   56
 current point:
  at point   51.172  53.109  50.073
  closest atom surface    2.569   C38 M   X    1
  2nd closest surface     2.570   O28 M   X    1
  found on step  928
  no. of rejections          356
 stored as    12

 highest radius point found:
  at point   51.372  52.319  49.762
  closest atom surface    2.738   C38 M   X    1
  2nd closest surface     2.739   O28 M   X    1
  found on step  935
  this is also current point
  no. of rejections          372
 stored as    13

 highest radius point found:
  at point   51.572  52.399  49.804
  closest atom surface    2.794   S4  M   X    1
  2nd closest surface     2.795   O28 M   X    1
  found on step  967
  this is also current point
  no. of rejections          383
 stored as    14

 highest radius point found:
  at point   51.772  52.488  49.846
  closest atom surface    2.859   C38 M   X    1
  2nd closest surface     2.860   S4  M   X    1
  found on step  466
 current point:
  at point   51.772  52.500  49.852
  closest atom surface    2.859   C38 M   X    1
  2nd closest surface     2.859   O28 M   X    1
  found on step  921
  no. of rejections          364
 stored as    15

 highest radius point found:
  at point   51.972  52.588  49.889
  closest atom surface    2.929   C38 M   X    1
  2nd closest surface     2.940   O28 M   X    1
  found on step  287
 current point:
  at point   51.972  53.467  50.253
  closest atom surface    2.899   O28 M   X    1
  2nd closest surface     2.900   C38 M   X    1
  found on step  971
  no. of rejections          360
 stored as    16

 highest radius point found:
  at point   52.172  52.673  49.939
  closest atom surface    3.020   C38 M   X    1
  2nd closest surface     3.020   O28 M   X    1
  found on step  460
 current point:
  at point   52.172  53.528  50.287
  closest atom surface    3.002   O28 M   X    1
  2nd closest surface     3.002   H38 M   X    1
  found on step  998
  no. of rejections          366
 stored as    17

 highest radius point found:
  at point   52.372  53.890  50.483
  closest atom surface    3.125   O28 M   X    1
  2nd closest surface     3.127   H38 M   X    1
  found on step  649
 current point:
  at point   52.372  53.177  50.137
  closest atom surface    3.080   C38 M   X    1
  2nd closest surface     3.081   S2  M   X    1
  found on step  955
  no. of rejections          387
 stored as    18

 highest radius point found:
  at point   52.572  57.297  52.791
  closest atom surface    4.248   O18 M   X    1
  2nd closest surface     4.254   H4  M   X    1
  found on step  990
  this is also current point
  no. of rejections          310
 stored as    19

 highest radius point found:
  at point   52.772  66.747  54.321
  closest atom surface   10.890   S7  M   X    1
  2nd closest surface    11.071   O18 M   X    1
  found on step  996
  this is also current point
  no. of rejections          257
 stored as    20

 highest radius point found:
  at point   52.972  78.209  55.602
  closest atom surface   21.580   S7  M   X    1
  2nd closest surface    21.868   O18 M   X    1
  found on step  999
  this is also current point
  no. of rejections          261
 stored as    21

 highest radius point found:
  at point   53.172  88.766  54.689
  closest atom surface   31.696   S7  M   X    1
  2nd closest surface    31.779   O20 M   X    1
  found on step  999
  this is also current point
  no. of rejections          276
 This is an end! (radius above  22.0 angs)
 highest radius point found:
  at point   48.572  51.670  49.112
  closest atom surface    2.333   O30 M   X    1
  2nd closest surface     2.334   C43 M   X    1
  found on step  986
  this is also current point
  no. of rejections          360
 stored as    -1

 highest radius point found:
  at point   48.372  51.638  48.999
  closest atom surface    2.299   O30 M   X    1
  2nd closest surface     2.299   C43 M   X    1
  found on step  910
  this is also current point
  no. of rejections          401
 stored as    -2

 highest radius point found:
  at point   48.172  51.603  48.893
  closest atom surface    2.277   C43 M   X    1
  2nd closest surface     2.278   O30 M   X    1
  found on step  974
  this is also current point
  no. of rejections          405
 stored as    -3

 highest radius point found:
  at point   47.972  51.533  48.895
  closest atom surface    2.255   C43 M   X    1
  2nd closest surface     2.256   O30 M   X    1
  found on step  964
  this is also current point
  no. of rejections          385
 stored as    -4

 highest radius point found:
  at point   47.772  51.485  48.996
  closest atom surface    2.187   N13 M   X    1
  2nd closest surface     2.187   C43 M   X    1
  found on step  992
  this is also current point
  no. of rejections          409
 stored as    -5

 highest radius point found:
  at point   47.572  51.461  49.055
  closest atom surface    2.124   O35 M   X    1
  2nd closest surface     2.126   C43 M   X    1
  found on step   17
 current point:
  at point   47.572  51.455  49.061
  closest atom surface    2.122   N13 M   X    1
  2nd closest surface     2.123   O35 M   X    1
  found on step  994
  no. of rejections          366
 stored as    -6

 highest radius point found:
  at point   47.372  51.429  49.139
  closest atom surface    2.072   N13 M   X    1
  2nd closest surface     2.073   C43 M   X    1
  found on step  679
 current point:
  at point   47.372  51.436  49.124
  closest atom surface    2.071   C43 M   X    1
  2nd closest surface     2.075   O35 M   X    1
  found on step  933
  no. of rejections          407
 stored as    -7

 highest radius point found:
  at point   47.172  51.401  49.206
  closest atom surface    2.033   N13 M   X    1
  2nd closest surface     2.033   C43 M   X    1
  found on step   19
 current point:
  at point   47.172  51.405  49.196
  closest atom surface    2.032   C43 M   X    1
  2nd closest surface     2.036   O35 M   X    1
  found on step  924
  no. of rejections          402
 stored as    -8

 highest radius point found:
  at point   46.972  51.374  49.269
  closest atom surface    2.005   C43 M   X    1
  2nd closest surface     2.005   N13 M   X    1
  found on step  856
 current point:
  at point   46.972  51.377  49.260
  closest atom surface    2.005   C43 M   X    1
  2nd closest surface     2.005   O35 M   X    1
  found on step  991
  no. of rejections          398
 stored as    -9

 highest radius point found:
  at point   46.772  51.344  49.335
  closest atom surface    1.987   N13 M   X    1
  2nd closest surface     1.990   C43 M   X    1
  found on step  826
 current point:
  at point   46.772  51.356  49.315
  closest atom surface    1.984   O35 M   X    1
  2nd closest surface     1.985   C43 M   X    1
  found on step  917
  no. of rejections          396
 stored as   -10

 highest radius point found:
  at point   46.572  51.319  49.403
  closest atom surface    1.983   C43 M   X    1
  2nd closest surface     1.985   N13 M   X    1
  found on step  939
  this is also current point
  no. of rejections          400
 stored as   -11

 highest radius point found:
  at point   46.372  51.374  49.328
  closest atom surface    1.948   O35 M   X    1
  2nd closest surface     1.949   C43 M   X    1
  found on step  959
  this is also current point
  no. of rejections          369
 stored as   -12

 highest radius point found:
  at point   46.172  51.434  49.257
  closest atom surface    1.921   O31 M   X    1
  2nd closest surface     1.921   C43 M   X    1
  found on step  368
 current point:
  at point   46.172  51.436  49.264
  closest atom surface    1.917   C43 M   X    1
  2nd closest surface     1.920   O31 M   X    1
  found on step  977
  no. of rejections          363
 stored as   -13

 highest radius point found:
  at point   45.972  51.481  49.174
  closest atom surface    1.898   H42 M   X    1
  2nd closest surface     1.899   O31 M   X    1
  found on step  136
 current point:
  at point   45.972  51.484  49.166
  closest atom surface    1.896   O35 M   X    1
  2nd closest surface     1.899   H42 M   X    1
  found on step  975
  no. of rejections          378
 stored as   -14

 highest radius point found:
  at point   45.772  51.526  49.090
  closest atom surface    1.885   O35 M   X    1
  2nd closest surface     1.886   H42 M   X    1
  found on step  771
 current point:
  at point   45.772  51.541  49.075
  closest atom surface    1.879   H42 M   X    1
  2nd closest surface     1.886   O35 M   X    1
  found on step  999
  no. of rejections          389
 stored as   -15

 highest radius point found:
  at point   45.572  52.026  48.350
  closest atom surface    1.889   O35 M   X    1
  2nd closest surface     1.889   C43 M   X    1
  found on step  563
 current point:
  at point   45.572  52.022  48.357
  closest atom surface    1.888   C43 M   X    1
  2nd closest surface     1.889   O35 M   X    1
  found on step  935
  no. of rejections          382
 stored as   -16

 highest radius point found:
  at point   45.372  52.065  48.291
  closest atom surface    1.929   O35 M   X    1
  2nd closest surface     1.930   N8  M   X    1
  found on step  977
  this is also current point
  no. of rejections          386
 stored as   -17

 highest radius point found:
  at point   45.172  52.093  48.247
  closest atom surface    1.977   O35 M   X    1
  2nd closest surface     1.978   N8  M   X    1
  found on step  943
  this is also current point
  no. of rejections          393
 stored as   -18

 highest radius point found:
  at point   44.972  52.120  48.204
  closest atom surface    2.036   O35 M   X    1
  2nd closest surface     2.037   H42 M   X    1
  found on step  728
 current point:
  at point   44.972  52.119  48.207
  closest atom surface    2.035   H42 M   X    1
  2nd closest surface     2.037   O35 M   X    1
  found on step  992
  no. of rejections          371
 stored as   -19

 highest radius point found:
  at point   44.772  52.003  48.364
  closest atom surface    2.067   H42 M   X    1
  2nd closest surface     2.069   O35 M   X    1
  found on step  126
 current point:
  at point   44.772  51.998  48.374
  closest atom surface    2.064   H42 M   X    1
  2nd closest surface     2.069   O35 M   X    1
  found on step  984
  no. of rejections          352
 stored as   -20

 highest radius point found:
  at point   44.572  51.892  48.516
  closest atom surface    2.123   O35 M   X    1
  2nd closest surface     2.123   H42 M   X    1
  found on step  269
 current point:
  at point   44.572  51.879  48.534
  closest atom surface    2.122   O35 M   X    1
  2nd closest surface     2.122   H42 M   X    1
  found on step  974
  no. of rejections          383
 stored as   -21

 highest radius point found:
  at point   44.372  51.841  48.610
  closest atom surface    2.138   O19 M   X    1
  2nd closest surface     2.139   O31 M   X    1
  found on step  865
  this is also current point
  no. of rejections          432
 stored as   -22

 highest radius point found:
  at point   44.172  51.824  48.650
  closest atom surface    2.112   O31 M   X    1
  2nd closest surface     2.113   O15 M   X    1
  found on step  745
 current point:
  at point   44.172  51.828  48.647
  closest atom surface    2.111   O15 M   X    1
  2nd closest surface     2.112   O19 M   X    1
  found on step  918
  no. of rejections          397
 stored as   -23

 highest radius point found:
  at point   43.972  51.809  48.689
  closest atom surface    2.098   O31 M   X    1
  2nd closest surface     2.099   O15 M   X    1
  found on step  988
  this is also current point
  no. of rejections          395
 stored as   -24

 highest radius point found:
  at point   43.772  51.793  48.728
  closest atom surface    2.094   O31 M   X    1
  2nd closest surface     2.095   O15 M   X    1
  found on step  643
 current point:
  at point   43.772  51.795  48.732
  closest atom surface    2.094   O31 M   X    1
  2nd closest surface     2.095   O19 M   X    1
  found on step  918
  no. of rejections          402
 stored as   -25

 highest radius point found:
  at point   43.572  51.777  48.767
  closest atom surface    2.101   O15 M   X    1
  2nd closest surface     2.101   O31 M   X    1
  found on step  832
 current point:
  at point   43.572  51.774  48.765
  closest atom surface    2.100   O31 M   X    1
  2nd closest surface     2.100   O15 M   X    1
  found on step  950
  no. of rejections          394
 stored as   -26

 highest radius point found:
  at point   43.372  51.766  48.810
  closest atom surface    2.121   O19 M   X    1
  2nd closest surface     2.122   O31 M   X    1
  found on step  810
 current point:
  at point   43.372  51.758  48.804
  closest atom surface    2.118   O15 M   X    1
  2nd closest surface     2.119   O31 M   X    1
  found on step  997
  no. of rejections          413
 stored as   -27

 highest radius point found:
  at point   43.172  51.750  48.850
  closest atom surface    2.151   O19 M   X    1
  2nd closest surface     2.151   O31 M   X    1
  found on step  906
  this is also current point
  no. of rejections          397
 stored as   -28

 highest radius point found:
  at point   42.972  51.735  48.890
  closest atom surface    2.191   O19 M   X    1
  2nd closest surface     2.192   O31 M   X    1
  found on step  979
  this is also current point
  no. of rejections          392
 stored as   -29

 highest radius point found:
  at point   42.772  51.720  48.926
  closest atom surface    2.242   O15 M   X    1
  2nd closest surface     2.242   O19 M   X    1
  found on step  883
  this is also current point
  no. of rejections          399
 stored as   -30

 highest radius point found:
  at point   42.572  51.707  48.969
  closest atom surface    2.300   O19 M   X    1
  2nd closest surface     2.306   O31 M   X    1
  found on step  973
  this is also current point
  no. of rejections          388
 stored as   -31

 highest radius point found:
  at point   42.372  51.689  49.007
  closest atom surface    2.374   O19 M   X    1
  2nd closest surface     2.374   O31 M   X    1
  found on step  918
  this is also current point
  no. of rejections          386
 stored as   -32

 highest radius point found:
  at point   42.172  51.671  49.046
  closest atom surface    2.452   O31 M   X    1
  2nd closest surface     2.453   O15 M   X    1
  found on step  989
  this is also current point
  no. of rejections          382
 stored as   -33

 highest radius point found:
  at point   41.972  51.659  49.087
  closest atom surface    2.539   O19 M   X    1
  2nd closest surface     2.542   O31 M   X    1
  found on step  817
 current point:
  at point   41.972  51.656  49.088
  closest atom surface    2.539   O31 M   X    1
  2nd closest surface     2.542   O19 M   X    1
  found on step  994
  no. of rejections          383
 stored as   -34

 highest radius point found:
  at point   41.772  51.643  49.125
  closest atom surface    2.636   O15 M   X    1
  2nd closest surface     2.637   O19 M   X    1
  found on step  978
  this is also current point
  no. of rejections          395
 stored as   -35

 highest radius point found:
  at point   41.572  51.627  49.169
  closest atom surface    2.738   O31 M   X    1
  2nd closest surface     2.740   O19 M   X    1
  found on step  972
  this is also current point
  no. of rejections          379
 stored as   -36

 highest radius point found:
  at point   41.372  51.612  49.209
  closest atom surface    2.848   O31 M   X    1
  2nd closest surface     2.849   O19 M   X    1
  found on step  925
  this is also current point
  no. of rejections          374
 stored as   -37

 highest radius point found:
  at point   41.172  51.595  49.247
  closest atom surface    2.965   O31 M   X    1
  2nd closest surface     2.967   O19 M   X    1
  found on step  954
  this is also current point
  no. of rejections          358
 stored as   -38

 highest radius point found:
  at point   40.972  51.586  49.282
  closest atom surface    3.085   O19 M   X    1
  2nd closest surface     3.087   O15 M   X    1
  found on step  649
 current point:
  at point   40.972  51.619  49.528
  closest atom surface    3.050   O31 M   X    1
  2nd closest surface     3.050   O19 M   X    1
  found on step  995
  no. of rejections          336
 stored as   -39

 highest radius point found:
  at point   40.772  51.562  49.336
  closest atom surface    3.211   O31 M   X    1
  2nd closest surface     3.220   O19 M   X    1
  found on step  471
 current point:
  at point   40.772  51.775  50.728
  closest atom surface    3.175   O31 M   X    1
  2nd closest surface     3.191   O19 M   X    1
  found on step  994
  no. of rejections          350
 stored as   -40

 highest radius point found:
  at point   40.572  51.910  51.645
  closest atom surface    3.513   O21 M   X    1
  2nd closest surface     3.514   O19 M   X    1
  found on step  760
 current point:
  at point   40.572  51.907  51.629
  closest atom surface    3.510   O19 M   X    1
  2nd closest surface     3.510   O31 M   X    1
  found on step  988
  no. of rejections          370
 stored as   -41

 highest radius point found:
  at point   40.372  51.883  51.609
  closest atom surface    3.642   O19 M   X    1
  2nd closest surface     3.643   O31 M   X    1
  found on step  711
 current point:
  at point   40.372  51.886  51.608
  closest atom surface    3.640   O19 M   X    1
  2nd closest surface     3.644   O31 M   X    1
  found on step  933
  no. of rejections          354
 stored as   -42

 highest radius point found:
  at point   40.172  51.854  51.578
  closest atom surface    3.775   O31 M   X    1
  2nd closest surface     3.777   O21 M   X    1
  found on step  971
  this is also current point
  no. of rejections          345
 stored as   -43

 highest radius point found:
  at point   39.972  51.829  51.543
  closest atom surface    3.913   O19 M   X    1
  2nd closest surface     3.913   O31 M   X    1
  found on step  951
  this is also current point
  no. of rejections          339
 stored as   -44

 highest radius point found:
  at point   39.772  51.799  51.509
  closest atom surface    4.052   O31 M   X    1
  2nd closest surface     4.056   O19 M   X    1
  found on step  705
 current point:
  at point   39.772  51.794  51.521
  closest atom surface    4.051   O21 M   X    1
  2nd closest surface     4.051   O31 M   X    1
  found on step  997
  no. of rejections          314
 stored as   -45

 highest radius point found:
  at point   39.572  51.777  51.479
  closest atom surface    4.199   O19 M   X    1
  2nd closest surface     4.201   O31 M   X    1
  found on step  656
 current point:
  at point   39.572  51.770  51.485
  closest atom surface    4.198   O31 M   X    1
  2nd closest surface     4.199   O21 M   X    1
  found on step  956
  no. of rejections          319
 stored as   -46

 highest radius point found:
  at point   39.372  51.749  51.450
  closest atom surface    4.348   O21 M   X    1
  2nd closest surface     4.349   O31 M   X    1
  found on step  480
 current point:
  at point   39.372  51.752  51.439
  closest atom surface    4.345   O19 M   X    1
  2nd closest surface     4.349   O31 M   X    1
  found on step  922
  no. of rejections          320
 stored as   -47

 highest radius point found:
  at point   39.172  51.721  51.417
  closest atom surface    4.500   O31 M   X    1
  2nd closest surface     4.501   O21 M   X    1
  found on step  976
  this is also current point
  no. of rejections          326
 stored as   -48

 highest radius point found:
  at point   38.972  51.697  51.381
  closest atom surface    4.655   O19 M   X    1
  2nd closest surface     4.656   O31 M   X    1
  found on step  941
  this is also current point
  no. of rejections          311
 stored as   -49

 highest radius point found:
  at point   38.772  51.671  51.354
  closest atom surface    4.811   O21 M   X    1
  2nd closest surface     4.814   O19 M   X    1
  found on step  956
  this is also current point
  no. of rejections          282
 stored as   -50

 highest radius point found:
  at point   38.572  51.644  51.320
  closest atom surface    4.972   O21 M   X    1
  2nd closest surface     4.974   O19 M   X    1
  found on step  964
  this is also current point
  no. of rejections          314
 stored as   -51

 highest radius point found:
  at point   38.372  51.617  51.286
  closest atom surface    5.136   O21 M   X    1
  2nd closest surface     5.136   O31 M   X    1
  found on step 1000
  this is also current point
  no. of rejections          313
 stored as   -52

 highest radius point found:
  at point   38.172  51.589  51.252
  closest atom surface    5.301   O31 M   X    1
  2nd closest surface     5.302   O19 M   X    1
  found on step   37
 current point:
  at point   38.172  51.587  51.237
  closest atom surface    5.299   O31 M   X    1
  2nd closest surface     5.299   O19 M   X    1
  found on step  990
  no. of rejections          270
 stored as   -53

 highest radius point found:
  at point   37.972  51.570  51.224
  closest atom surface    5.464   O21 M   X    1
  2nd closest surface     5.465   O19 M   X    1
  found on step  274
 current point:
  at point   37.972  51.425  50.336
  closest atom surface    5.392   O19 M   X    1
  2nd closest surface     5.392   O31 M   X    1
  found on step  931
  no. of rejections          286
 stored as   -54

 highest radius point found:
  at point   37.772  51.536  51.183
  closest atom surface    5.636   O31 M   X    1
  2nd closest surface     5.636   O19 M   X    1
  found on step  984
  this is also current point
  no. of rejections          304
 stored as   -55

 highest radius point found:
  at point   37.572  51.510  51.152
  closest atom surface    5.807   O31 M   X    1
  2nd closest surface     5.807   O19 M   X    1
  found on step  937
  this is also current point
  no. of rejections          285
 stored as   -56

 highest radius point found:
  at point   37.372  51.482  51.123
  closest atom surface    5.979   O31 M   X    1
  2nd closest surface     5.979   O21 M   X    1
  found on step  921
  this is also current point
  no. of rejections          281
 stored as   -57

 highest radius point found:
  at point   37.172  51.459  51.084
  closest atom surface    6.151   O19 M   X    1
  2nd closest surface     6.153   O31 M   X    1
  found on step   64
 current point:
  at point   37.172  51.295  50.053
  closest atom surface    6.102   O19 M   X    1
  2nd closest surface     6.103   O31 M   X    1
  found on step  955
  no. of rejections          295
 stored as   -58

 highest radius point found:
  at point   36.972  51.431  51.053
  closest atom surface    6.327   O19 M   X    1
  2nd closest surface     6.328   O31 M   X    1
  found on step  956
  this is also current point
  no. of rejections          254
 stored as   -59

 highest radius point found:
  at point   36.772  51.400  51.003
  closest atom surface    6.502   O31 M   X    1
  2nd closest surface     6.503   O19 M   X    1
  found on step  957
  this is also current point
  no. of rejections          265
 stored as   -60

 highest radius point found:
  at point   36.572  51.377  50.992
  closest atom surface    6.682   O31 M   X    1
  2nd closest surface     6.683   O19 M   X    1
  found on step  799
 current point:
  at point   36.572  51.376  50.991
  closest atom surface    6.682   O31 M   X    1
  2nd closest surface     6.683   O19 M   X    1
  found on step  994
  no. of rejections          267
 stored as   -61

 highest radius point found:
  at point   36.372  51.349  50.959
  closest atom surface    6.861   O31 M   X    1
  2nd closest surface     6.862   O21 M   X    1
  found on step  669
 current point:
  at point   36.372  51.349  50.950
  closest atom surface    6.861   O19 M   X    1
  2nd closest surface     6.861   O31 M   X    1
  found on step  989
  no. of rejections          261
 stored as   -62

 highest radius point found:
  at point   36.172  51.322  50.910
  closest atom surface    7.040   O19 M   X    1
  2nd closest surface     7.040   O31 M   X    1
  found on step  996
  this is also current point
  no. of rejections          262
 stored as   -63

 highest radius point found:
  at point   35.972  51.295  50.896
  closest atom surface    7.222   O21 M   X    1
  2nd closest surface     7.222   O31 M   X    1
  found on step  538
 current point:
  at point   35.972  51.300  50.895
  closest atom surface    7.222   O19 M   X    1
  2nd closest surface     7.222   O21 M   X    1
  found on step  903
  no. of rejections          275
 stored as   -64

 highest radius point found:
  at point   35.772  51.270  50.861
  closest atom surface    7.405   O31 M   X    1
  2nd closest surface     7.406   O19 M   X    1
  found on step  933
  this is also current point
  no. of rejections          258
 stored as   -65

 highest radius point found:
  at point   35.572  51.240  50.834
  closest atom surface    7.586   O21 M   X    1
  2nd closest surface     7.587   O31 M   X    1
  found on step  113
 current point:
  at point   35.572  51.233  50.780
  closest atom surface    7.584   O31 M   X    1
  2nd closest surface     7.586   O19 M   X    1
  found on step 1000
  no. of rejections          218
 stored as   -66

 highest radius point found:
  at point   35.372  51.216  50.792
  closest atom surface    7.772   O31 M   X    1
  2nd closest surface     7.772   O19 M   X    1
  found on step  973
  this is also current point
  no. of rejections          233
 stored as   -67

 highest radius point found:
  at point   35.172  51.191  50.763
  closest atom surface    7.957   O31 M   X    1
  2nd closest surface     7.957   O19 M   X    1
  found on step  939
  this is also current point
  no. of rejections          251
 stored as   -68

 highest radius point found:
  at point   34.972  51.159  50.732
  closest atom surface    8.141   O31 M   X    1
  2nd closest surface     8.143   O21 M   X    1
  found on step  787
 current point:
  at point   34.972  51.158  50.715
  closest atom surface    8.141   O31 M   X    1
  2nd closest surface     8.143   O19 M   X    1
  found on step  970
  no. of rejections          277
 stored as   -69

 highest radius point found:
  at point   34.772  51.137  50.696
  closest atom surface    8.329   O31 M   X    1
  2nd closest surface     8.329   O19 M   X    1
  found on step  166
 current point:
  at point   34.772  51.134  50.678
  closest atom surface    8.328   O31 M   X    1
  2nd closest surface     8.328   O19 M   X    1
  found on step  921
  no. of rejections          256
 stored as   -70

 highest radius point found:
  at point   34.572  51.106  50.664
  closest atom surface    8.514   O31 M   X    1
  2nd closest surface     8.518   O19 M   X    1
  found on step  622
 current point:
  at point   34.572  51.102  50.618
  closest atom surface    8.513   O31 M   X    1
  2nd closest surface     8.514   O19 M   X    1
  found on step  896
  no. of rejections          284
 stored as   -71

 highest radius point found:
  at point   34.372  51.085  50.633
  closest atom surface    8.703   O19 M   X    1
  2nd closest surface     8.703   O31 M   X    1
  found on step  970
  this is also current point
  no. of rejections          273
 stored as   -72

 highest radius point found:
  at point   34.172  51.036  50.615
  closest atom surface    8.886   O15 M   X    1
  2nd closest surface     8.887   O31 M   X    1
  found on step  850
 current point:
  at point   34.172  51.030  50.621
  closest atom surface    8.885   O31 M   X    1
  2nd closest surface     8.886   O21 M   X    1
  found on step  979
  no. of rejections          260
 stored as   -73

 highest radius point found:
  at point   33.972  50.975  50.621
  closest atom surface    9.063   O15 M   X    1
  2nd closest surface     9.063   O21 M   X    1
  found on step  985
  this is also current point
  no. of rejections          258
 stored as   -74

 highest radius point found:
  at point   33.772  50.885  50.629
  closest atom surface    9.244   O21 M   X    1
  2nd closest surface     9.244   O31 M   X    1
  found on step  997
  this is also current point
  no. of rejections          277
 stored as   -75

 highest radius point found:
  at point   33.572  50.811  50.632
  closest atom surface    9.425   O15 M   X    1
  2nd closest surface     9.425   O21 M   X    1
  found on step  961
  this is also current point
  no. of rejections          273
 stored as   -76

 highest radius point found:
  at point   33.372  50.726  50.643
  closest atom surface    9.605   O31 M   X    1
  2nd closest surface     9.606   O21 M   X    1
  found on step  975
  this is also current point
  no. of rejections          199
 stored as   -77

 highest radius point found:
  at point   33.172  50.657  50.642
  closest atom surface    9.789   O15 M   X    1
  2nd closest surface     9.789   O31 M   X    1
  found on step  996
  this is also current point
  no. of rejections          238
 stored as   -78

 highest radius point found:
  at point   32.972  50.584  50.648
  closest atom surface    9.974   O21 M   X    1
  2nd closest surface     9.974   O15 M   X    1
  found on step  857
 current point:
  at point   32.972  50.582  50.649
  closest atom surface    9.973   O31 M   X    1
  2nd closest surface     9.974   O21 M   X    1
  found on step  982
  no. of rejections          247
 stored as   -79

 highest radius point found:
  at point   32.772  50.505  50.653
  closest atom surface   10.158   O31 M   X    1
  2nd closest surface    10.159   O21 M   X    1
  found on step 1000
  this is also current point
  no. of rejections          240
 stored as   -80

 highest radius point found:
  at point   32.572  50.430  50.658
  closest atom surface   10.344   O31 M   X    1
  2nd closest surface    10.345   O15 M   X    1
  found on step  936
  this is also current point
  no. of rejections          282
 stored as   -81

 highest radius point found:
  at point   32.372  50.338  50.675
  closest atom surface   10.529   O31 M   X    1
  2nd closest surface    10.530   O21 M   X    1
  found on step  977
  this is also current point
  no. of rejections          239
 stored as   -82

 highest radius point found:
  at point   32.172  50.279  50.667
  closest atom surface   10.719   O15 M   X    1
  2nd closest surface    10.719   O31 M   X    1
  found on step  923
  this is also current point
  no. of rejections          246
 stored as   -83

 highest radius point found:
  at point   31.972  44.562  52.053
  closest atom surface   11.534   O31 M   X    1
  2nd closest surface    11.541   O26 M   X    1
  found on step  997
  this is also current point
  no. of rejections          159
 stored as   -84

 highest radius point found:
  at point   31.772  39.838  53.017
  closest atom surface   13.257   H68 M   X    1
  2nd closest surface    13.259   O26 M   X    1
  found on step  998
  this is also current point
  no. of rejections          171
 stored as   -85

 highest radius point found:
  at point   31.572  32.863  53.680
  closest atom surface   17.319   S12 M   X    1
  2nd closest surface    17.403   O25 M   X    1
  found on step 1000
  this is also current point
  no. of rejections          222
 stored as   -86

 highest radius point found:
  at point   31.372  24.093  55.293
  closest atom surface   24.058   S12 M   X    1
  2nd closest surface    24.179   O25 M   X    1
  found on step 1000
  this is also current point
  no. of rejections          239
 This is an end! (radius above  22.0 angs)
 
 N.b. Graph information routine (HOGRAP) differs 
        markedly from previous versions!
       Information now is written from -ve end
       to +ve in one pass
 
 Explanation of the meaning of each column: 
 First column "cenxyz.cvec" is the coordinate in the
   direction of the channel vector i.e. if the channel
   vector is in z (0 0 1) then it is the z coordinate.
 The second column "radius" is the hole pore radius 
   (as defined in the Biophys J 1993) article).
 The third column "cen_line_D" is the distance 
   measured along the pore centre line - with the 
   first point found set to zero. This was the first
   thing that I used to measure the distance along a pore
   but "cenxyz.cvec" is a much better general measure. 
   However, by comparing changes in this distance to changes in '   "cenxyz.cvec" one can get a measure of how straight a 
   channel is.
 The fourth column "sum{s/(area)}" is useful in conductance
   prediction -
   basically it is the sum of the thickness of each slab
   divided by its area. HOLE uses this measure to estimate
   the macroscopic conductance of a channel.
 If any of this worries you one can see the "raw" results
   of a standard hole run by producing a sphpdb file and 
    directly looking at the results.
 cenxyz.cvec      radius  cen_line_D sum{s/(area point sourc
    31.57233    17.31854   -38.10551     0.00011   (sampled)
    31.67233    15.09631   -34.60081     0.00025 (mid-point)
    31.77233    13.25712   -31.09611     0.00043   (sampled)
    31.87233    12.21772   -28.68302     0.00064 (mid-point)
    31.97233    11.53429   -26.26993     0.00088   (sampled)
    32.07233    10.78971   -23.32690     0.00115 (mid-point)
    32.17233    10.71873   -20.38387     0.00143   (sampled)
    32.27233    10.62378   -20.27963     0.00171 (mid-point)
    32.37233    10.52879   -20.17539     0.00200   (sampled)
    32.47233    10.43637   -20.06492     0.00229 (mid-point)
    32.57233    10.34424   -19.95444     0.00259   (sampled)
    32.67233    10.25114   -19.84754     0.00289 (mid-point)
    32.77233    10.15826   -19.74063     0.00320   (sampled)
    32.87233    10.06585   -19.63323     0.00351 (mid-point)
    32.97233     9.97356   -19.52583     0.00383   (sampled)
    33.07233     9.88136   -19.41920     0.00416 (mid-point)
    33.17233     9.78938   -19.31256     0.00449   (sampled)
    33.27233     9.69720   -19.20681     0.00483 (mid-point)
    33.37233     9.60522   -19.10106     0.00518   (sampled)
    33.47233     9.51502   -18.99232     0.00553 (mid-point)
    33.57233     9.42454   -18.88358     0.00589   (sampled)
    33.67233     9.33440   -18.77701     0.00625 (mid-point)
    33.77233     9.24405   -18.67044     0.00662   (sampled)
    33.87233     9.15346   -18.56059     0.00700 (mid-point)
    33.97233     9.06289   -18.45073     0.00739   (sampled)
    34.07233     8.97407   -18.34617     0.00779 (mid-point)
    34.17233     8.88554   -18.24161     0.00819   (sampled)
    34.27233     8.79493   -18.13825     0.00860 (mid-point)
    34.37233     8.70319   -18.03489     0.00902   (sampled)
    34.47233     8.60892   -17.93320     0.00945 (mid-point)
    34.57233     8.51448   -17.83151     0.00989   (sampled)
    34.67233     8.42142   -17.72900     0.01034 (mid-point)
    34.77233     8.32854   -17.62649     0.01080   (sampled)
    34.87233     8.23469   -17.52436     0.01127 (mid-point)
    34.97233     8.14100   -17.42222     0.01175   (sampled)
    35.07233     8.04877   -17.31976     0.01224 (mid-point)
    35.17233     7.95674   -17.21730     0.01274   (sampled)
    35.27233     7.86403   -17.11549     0.01326 (mid-point)
    35.37233     7.77151   -17.01368     0.01378   (sampled)
    35.47233     7.67919   -16.91079     0.01432 (mid-point)
    35.57233     7.58636   -16.80790     0.01488   (sampled)
    35.67233     7.49576   -16.70590     0.01544 (mid-point)
    35.77233     7.40464   -16.60389     0.01602   (sampled)
    35.87233     7.31333   -16.50156     0.01662 (mid-point)
    35.97233     7.22217   -16.39922     0.01723   (sampled)
    36.07233     7.13122   -16.29812     0.01785 (mid-point)
    36.17233     7.04008   -16.19702     0.01850   (sampled)
    36.27233     6.95047   -16.09319     0.01916 (mid-point)
    36.37233     6.86085   -15.98936     0.01983   (sampled)
    36.47233     6.77150   -15.88702     0.02053 (mid-point)
    36.57233     6.68245   -15.78468     0.02124   (sampled)
    36.67233     6.59234   -15.68387     0.02197 (mid-point)
    36.77233     6.50247   -15.58305     0.02272   (sampled)
    36.87233     6.41472   -15.47880     0.02350 (mid-point)
    36.97233     6.32730   -15.37456     0.02429   (sampled)
    37.07233     6.23885   -15.27239     0.02511 (mid-point)
    37.17233     6.15073   -15.17023     0.02595   (sampled)
    37.27233     6.06517   -15.06765     0.02682 (mid-point)
    37.37233     5.97888   -14.96508     0.02771   (sampled)
    37.47233     5.89257   -14.86313     0.02862 (mid-point)
    37.57233     5.80666   -14.76117     0.02957   (sampled)
    37.67233     5.72109   -14.65910     0.03054 (mid-point)
    37.77233     5.63594   -14.55703     0.03154   (sampled)
    37.87233     5.55051   -14.45358     0.03258 (mid-point)
    37.97233     5.46426   -14.35013     0.03364   (sampled)
    38.07233     5.38286   -14.24870     0.03474 (mid-point)
    38.17233     5.30055   -14.14727     0.03587   (sampled)
    38.27233     5.21822   -14.04486     0.03704 (mid-point)
    38.37233     5.13578   -13.94246     0.03825   (sampled)
    38.47233     5.05379   -13.84012     0.03950 (mid-point)
    38.57233     4.97237   -13.73779     0.04078   (sampled)
    38.67233     4.89157   -13.63551     0.04211 (mid-point)
    38.77233     4.81137   -13.53323     0.04349   (sampled)
    38.87233     4.73411   -13.43152     0.04491 (mid-point)
    38.97233     4.65511   -13.32981     0.04638   (sampled)
    39.07233     4.57774   -13.22745     0.04790 (mid-point)
    39.17233     4.50044   -13.12509     0.04947   (sampled)
    39.27233     4.42410   -13.02272     0.05109 (mid-point)
    39.37233     4.34790   -12.92034     0.05278   (sampled)
    39.47233     4.27434   -12.81836     0.05452 (mid-point)
    39.57233     4.19935   -12.71639     0.05633   (sampled)
    39.67233     4.12609   -12.61472     0.05820 (mid-point)
    39.77233     4.05229   -12.51306     0.06013   (sampled)
    39.87233     3.98208   -12.41052     0.06214 (mid-point)
    39.97233     3.91272   -12.30798     0.06422   (sampled)
    40.07233     3.84329   -12.20563     0.06638 (mid-point)
    40.17233     3.77474   -12.10328     0.06861   (sampled)
    40.27233     3.70827   -12.00104     0.07092 (mid-point)
    40.37233     3.64176   -11.89879     0.07332   (sampled)
    40.47233     3.57739   -11.79630     0.07581 (mid-point)
    40.57233     3.51346   -11.69381     0.07839   (sampled)
    40.67233     3.22646   -10.52185     0.08145 (mid-point)
    40.77233     3.21074    -9.34990     0.08454   (sampled)
    40.87233     3.15062    -9.24567     0.08774 (mid-point)
    40.97233     3.08516    -9.14145     0.09109   (sampled)
    41.07233     3.02556    -9.03977     0.09456 (mid-point)
    41.17233     2.96460    -8.93809     0.09819   (sampled)
    41.27233     2.90575    -8.83599     0.10196 (mid-point)
    41.37233     2.84844    -8.73390     0.10588   (sampled)
    41.47233     2.79250    -8.63166     0.10996 (mid-point)
    41.57233     2.73823    -8.52941     0.11421   (sampled)
    41.67233     2.68655    -8.42673     0.11862 (mid-point)
    41.77233     2.63643    -8.32405     0.12320   (sampled)
    41.87233     2.58709    -8.22191     0.12795 (mid-point)
    41.97233     2.53942    -8.11978     0.13289   (sampled)
    42.07233     2.49569    -8.01748     0.13800 (mid-point)
    42.17233     2.45186    -7.91519     0.14329   (sampled)
    42.27233     2.41185    -7.81295     0.14877 (mid-point)
    42.37233     2.37377    -7.71070     0.15441   (sampled)
    42.47233     2.33595    -7.60849     0.16025 (mid-point)
    42.57233     2.30042    -7.50628     0.16626   (sampled)
    42.67233     2.26989    -7.40378     0.17244 (mid-point)
    42.77233     2.24182    -7.30127     0.17877   (sampled)
    42.87233     2.21515    -7.19945     0.18526 (mid-point)
    42.97233     2.19099    -7.09763     0.19189   (sampled)
    43.07233     2.16966    -6.99529     0.19865 (mid-point)
    43.17233     2.15097    -6.89295     0.20553   (sampled)
    43.27233     2.13442    -6.79071     0.21252 (mid-point)
    43.37233     2.12056    -6.68848     0.21960   (sampled)
    43.47233     2.11038    -6.58599     0.22675 (mid-point)
    43.57233     2.10135    -6.48351     0.23395   (sampled)
    43.67233     2.09630    -6.38137     0.24120 (mid-point)
    43.77233     2.09388    -6.27923     0.24846   (sampled)
    43.87233     2.09436    -6.17702     0.25572 (mid-point)
    43.97233     2.09763    -6.07481     0.26295   (sampled)
    44.07233     2.10327    -5.97260     0.27015 (mid-point)
    44.17233     2.11168    -5.87039     0.27728   (sampled)
    44.27233     2.12377    -5.76812     0.28434 (mid-point)
    44.37233     2.13829    -5.66584     0.29130   (sampled)
    44.47233     2.13081    -5.55249     0.29831 (mid-point)
    44.57233     2.12315    -5.43915     0.30537   (sampled)
    44.67233     2.09231    -5.30168     0.31265 (mid-point)
    44.77233     2.06723    -5.16421     0.32009   (sampled)
    44.87233     2.04869    -5.02348     0.32768 (mid-point)
    44.97233     2.03645    -4.88274     0.33535   (sampled)
    45.07233     2.00550    -4.77959     0.34327 (mid-point)
    45.17233     1.97723    -4.67644     0.35141   (sampled)
    45.27234     1.95164    -4.57305     0.35977 (mid-point)
    45.37234     1.92886    -4.46966     0.36832   (sampled)
    45.47234     1.90718    -4.36363     0.37707 (mid-point)
    45.57234     1.88856    -4.25760     0.38600   (sampled)
    45.67234     1.85621    -3.79988     0.39524 (mid-point)
    45.77234     1.88536    -3.34216     0.40419   (sampled)
    45.87234     1.88974    -3.23144     0.41310 (mid-point)
    45.97234     1.89812    -3.12072     0.42194   (sampled)
    46.07234     1.90799    -3.00993     0.43068 (mid-point)
    46.17234     1.92064    -2.89914     0.43931   (sampled)
    46.27234     1.93346    -2.78883     0.44783 (mid-point)
    46.37234     1.94786    -2.67851     0.45622   (sampled)
    46.47234     1.96435    -2.56830     0.46447 (mid-point)
    46.57234     1.98280    -2.45809     0.47256   (sampled)
    46.67234     1.98419    -2.35167     0.48065 (mid-point)
    46.77234     1.98671    -2.24526     0.48871   (sampled)
    46.87234     1.99443    -2.13903     0.49671 (mid-point)
    46.97234     2.00492    -2.03280     0.50463   (sampled)
    47.07234     2.01740    -1.92707     0.51245 (mid-point)
    47.17234     2.03258    -1.82134     0.52016   (sampled)
    47.27234     2.05095    -1.71500     0.52773 (mid-point)
    47.37234     2.07218    -1.60866     0.53514   (sampled)
    47.47234     2.09791    -1.49903     0.54237 (mid-point)
    47.57234     2.12369    -1.38939     0.54943   (sampled)
    47.67234     2.15514    -1.28431     0.55628 (mid-point)
    47.77234     2.18719    -1.17923     0.56294   (sampled)
    47.87234     2.21977    -1.06479     0.56940 (mid-point)
    47.97234     2.25499    -0.95035     0.57566   (sampled)
    48.07234     2.26444    -0.84426     0.58186 (mid-point)
    48.17234     2.27659    -0.73818     0.58801   (sampled)
    48.27234     2.28646    -0.62382     0.59409 (mid-point)
    48.37234     2.29910    -0.50946     0.60012   (sampled)
    48.47234     2.31452    -0.39346     0.60606 (mid-point)
    48.57234     2.33325    -0.27745     0.61191   (sampled)
    48.67234     2.35402    -0.13872     0.61765 (mid-point)
    48.77234     2.37826    -0.00000     0.62328   (sampled)
    48.87234     2.40014     0.10632     0.62880 (mid-point)
    48.97234     2.42225     0.21264     0.63423   (sampled)
    49.07234     2.44730     0.34823     0.63954 (mid-point)
    49.17234     2.47746     0.48383     0.64473   (sampled)
    49.27234     2.50786     0.58680     0.64979 (mid-point)
    49.37234     2.54098     0.68976     0.65472   (sampled)
    49.47234     2.57430     0.80327     0.65952 (mid-point)
    49.57234     2.60855     0.91678     0.66420   (sampled)
    49.67234     2.61189     1.01806     0.66887 (mid-point)
    49.77234     2.61593     1.11934     0.67352   (sampled)
    49.87234     2.62215     1.22038     0.67815 (mid-point)
    49.97234     2.63064     1.32143     0.68275   (sampled)
    50.07234     2.62996     1.42357     0.68735 (mid-point)
    50.17234     2.62984     1.52571     0.69195   (sampled)
    50.27234     2.62484     1.63705     0.69657 (mid-point)
    50.37234     2.62083     1.74839     0.70121   (sampled)
    50.47234     2.61993     1.85946     0.70584 (mid-point)
    50.57234     2.62142     1.97053     0.71048   (sampled)
    50.67234     2.62665     2.08195     0.71509 (mid-point)
    50.77234     2.63429     2.19338     0.71968   (sampled)
    50.87234     2.64471     2.30461     0.72423 (mid-point)
    50.97234     2.65786     2.41585     0.72873   (sampled)
    51.07234     2.65917     2.52781     0.73323 (mid-point)
    51.17234     2.66325     2.63978     0.73772   (sampled)
    51.27234     2.69916     2.75267     0.74209 (mid-point)
    51.37234     2.73757     2.86556     0.74634   (sampled)
    51.47234     2.76536     2.97523     0.75050 (mid-point)
    51.57234     2.79407     3.08489     0.75458   (sampled)
    51.67234     2.82594     3.19643     0.75856 (mid-point)
    51.77234     2.85935     3.30798     0.76246   (sampled)
    51.87234     2.89302     3.42183     0.76626 (mid-point)
    51.97234     2.92917     3.53568     0.76997   (sampled)
    52.07234     2.97332     3.64708     0.77357 (mid-point)
    52.17234     3.01961     3.75848     0.77706   (sampled)
    52.27234     3.02461     4.43256     0.78054 (mid-point)
    52.37234     3.12521     5.10664     0.78380   (sampled)
    52.47234     3.30591     7.16677     0.78671 (mid-point)
    52.57234     4.24849     9.22691     0.78848   (sampled)
    52.67234     7.03277    14.01436     0.78912 (mid-point)
    52.77234    10.88984    18.80182     0.78939   (sampled)
    52.87234    16.10577    24.56939     0.78951 (mid-point)
    52.97234    21.58007    30.33695     0.78958   (sampled)

 Minimum radius found:      1.856 angstroms.



 For spherical probe approach, The geometric factor
         F= sum(ds/area) along channel is    0.790 angstroms**-1
 This yields a macroscopic predicted molar conductance of:
   (1/rho)*(100/F)= (130/rho) pS,
   where rho is the conductivity of 1M permeant ion in ohm m.
 N.B. this is a macroscopic conductance - an overestimate 
 Empirically corrected conductances currently only available
 With the CAPSULE option (although its not that stable!)
 For 1M KCl rho= 1/12 (ohm m), So Gmacro= 1500 pS/M.
  (TAG      1   Rmin=     1.85621   Gmacro=  1519.79601 Conn_Gmacro=    -1.00000 ).
 HOLE: normal completion
