 *** Program HOLE ***
 
 If results of this run are reported or published, please
 cite the publication listed below.
 For the HOLE program:
   Smart, O.S., Goodfellow, J.M., Wallace, B.A. (1993). 
   The pore dimensions of gramicidin A. 
   Biophys. J., 65, 2455-2460.
 
 Originally written by Oliver Smart at Birkbeck College from April 1992.
 Copyright 1993-2005 Oliver Smart
 Copyright 2014-2015 SmartSci Limited.
 Copyright 2016 Oliver Smart.
 
 For help on HOLE suite see  http://www.holeprogram.org/
 
 HOLE release 2.2.005 (07 August 2016) 
 
 usage subject to Apache License, Version 2.0 
 see http://www.apache.org/licenses/LICENSE-2.0 

 Control variables read:

! Input file for Oliver Smart's HOLE program
! written by MDAnalysis.analysis.hole2.HoleAnalysis
! for a Universe
! u = mda.Universe(/afs/crc.nd.edu/user/m/mfarshad/Private/ML-new/traj/host-M5/h
!    /afs/crc.nd.edu/user/m/mfarshad/Private/ML-new/traj/host-M5/host_M5.trr
!   )
! Frame 487

COORD  /tmp/2550305.1.long/tmp01ixsk20.pdb
RADIUS simple2.rad
SPHPDB hole487.sph
SAMPLE 0.200000
ENDRAD 22.000000
IGNORE SOL WAT TIP HOH K   NA  CL
SHORTO 0
RASEED 31415
CPOINT 51.0695175565 50.7905200546 50.3459195419


 WARNING have not found a CVECT record - will try to guess
 Input pdb filename read as:    '/tmp/2550305.1.long/tmp01ixsk20.pdb'
 Input vdW radius file read as: 'simple2.rad'
 point in channel:   51.070  50.791  50.346
 channel vector:   ************************
 sampling distance between planes:    0.200

 graphics conditions:
 binary plot output file name: NONE
 Dot density:    10
 Draw dots?           T
 Draw close contacts? F
 Draw centre line?    T
 Produce spikes rather than dots? F
 Seed for random number generator:     31415 (0 means value set by program)
 Radius above which a result is regarded as an 'end':  22.000
 Pdb format file for sphere centres: hole487.sph

 Monte Carlo conditions:
  no of steps:  1000
  maximum displacement   0.100 angs
  'kT' initial   0.100 angs
 The spherebox and capsule options are turned off.
 (No molqpt card so will not write qpt file of the molecule)
 IGNORE card read so will ignore residue types: SOL WAT TIP HOH K   NA  CL
 no SHORTO card read so will produce full textual output
 As no PEGRAT card was found will not produce PEG polymer exclusion graph
 (No 2DMAPS card specified so will not produce 2D property maps)
 Have not found a CUT card.  Normal calculation using
   Cutoff lists with a cutsize=       1.000
   (if you wish to turn off option use a CUT -1 card)

 Have read     7 bond radius records and
              16 vdW radius records.
 From file: simple2.rad

 Have read   213 atom records.
 From file: /tmp/2550305.1.long/tmp01ixsk20.pdb
 Will not produce graphical output

 Have opened file for pdb format output of sphere centres:  hole487.sph

  Seed integer used by ran # generator on this run      31415

 
 S/R cguess will try to guess CPOINT and/or CVECT
 
 THESE GUESSES MAY WELL BE WRONG!!!!
 Routine relies on having a reasonably symmetric
 channel oriented along x, y or z vector
 YOU ARE STRONGLY ADVISED TO CHECK THE RESULTS
                       WITH MOLECULAR GRAPHICS
 testing points from cpoint in X, Y then Z direction
   point                   pore radius
direction     1
  46.070  50.791  50.346    -0.981
  47.070  50.791  50.346    -1.075
  48.070  50.791  50.346    -0.286
  49.070  50.791  50.346     0.122
  50.070  50.791  50.346    -0.104
  51.070  50.791  50.346    -0.191
  52.070  50.791  50.346     0.141
  53.070  50.791  50.346     0.731
  54.070  50.791  50.346     1.015
  55.070  50.791  50.346     0.924
  56.070  50.791  50.346     0.719
 Average pore radius along the line=      0.092
direction     2
  51.070  45.791  50.346    -1.177
  51.070  46.791  50.346    -0.706
  51.070  47.791  50.346     0.190
  51.070  48.791  50.346     0.277
  51.070  49.791  50.346     0.523
  51.070  50.791  50.346    -0.191
  51.070  51.791  50.346    -0.411
  51.070  52.791  50.346     0.066
  51.070  53.791  50.346     0.870
  51.070  54.791  50.346     0.840
  51.070  55.791  50.346     0.244
 Average pore radius along the line=      0.048
direction     3
  51.070  50.791  45.346    -0.516
  51.070  50.791  46.346    -1.060
  51.070  50.791  47.346    -0.915
  51.070  50.791  48.346    -0.975
  51.070  50.791  49.346    -0.822
  51.070  50.791  50.346    -0.191
  51.070  50.791  51.346     0.665
  51.070  50.791  52.346     1.570
  51.070  50.791  53.346     2.027
  51.070  50.791  54.346     1.198
  51.070  50.791  55.346     0.379
 Average pore radius along the line=      0.124
 Best direction is found to be     3
(1=X,2=Y,3=Z)
 s/r cguess has produced initial values for cpoint &/or cvect:
CPOINT      51.0695     50.7905     50.3459
CVECT        0.0000      0.0000      1.0000
 THESE GUESSES MAY WELL BE WRONG!!!!
 Routine relies on having a reasonably symmetric
 channel oriented along x, y or z vector
 YOU ARE STRONGLY ADVISED TO CHECK THE RESULTS
                       WITH MOLECULAR GRAPHICS
 
 
  Some routines (e.g. conn) need vectors normal to cvect: 
     EAST Zero degrees angle is along vector    1.000   0.000   0.000
     NORTH  90 degrees angle is along vector    0.000  -1.000   0.000
 highest radius point found:
  at point   55.674  53.106  50.346
  closest atom surface    2.898   O22 M   X    1
  2nd closest surface     2.898   O33 M   X    1
  found on step  984
  this is also current point
  no. of rejections          361
 stored as     0

 highest radius point found:
  at point   57.297  53.515  50.546
  closest atom surface    3.059   O33 M   X    1
  2nd closest surface     3.063   O25 M   X    1
  found on step  989
  this is also current point
  no. of rejections          317
 stored as     1

 highest radius point found:
  at point   62.184  53.986  50.746
  closest atom surface    5.526   O33 M   X    1
  2nd closest surface     5.528   O25 M   X    1
  found on step  997
  this is also current point
  no. of rejections          321
 stored as     2

 highest radius point found:
  at point   73.066  54.759  50.946
  closest atom surface   15.248   O26 M   X    1
  2nd closest surface    15.268   O33 M   X    1
  found on step  999
  this is also current point
  no. of rejections          241
 stored as     3

 highest radius point found:
  at point   83.383  54.951  51.146
  closest atom surface   25.217   O33 M   X    1
  2nd closest surface    25.229   O26 M   X    1
  found on step  997
  this is also current point
  no. of rejections          268
 This is an end! (radius above  22.0 angs)
 highest radius point found:
  at point   58.351  53.744  50.146
  closest atom surface    3.318   O25 M   X    1
  2nd closest surface     3.333   O33 M   X    1
  found on step 1000
  this is also current point
  no. of rejections          360
 stored as    -1

 highest radius point found:
  at point   66.465  54.643  49.946
  closest atom surface    9.201   O33 M   X    1
  2nd closest surface     9.211   O25 M   X    1
  found on step  998
  this is also current point
  no. of rejections          275
 stored as    -2

 highest radius point found:
  at point   77.151  54.985  49.746
  closest atom surface   19.152   O33 M   X    1
  2nd closest surface    19.163   O26 M   X    1
  found on step 1000
  this is also current point
  no. of rejections          298
 stored as    -3

 highest radius point found:
  at point   87.435  55.350  49.546
  closest atom surface   29.195   O26 M   X    1
  2nd closest surface    29.209   O33 M   X    1
  found on step  999
  this is also current point
  no. of rejections          273
 This is an end! (radius above  22.0 angs)
 
 N.b. Graph information routine (HOGRAP) differs 
        markedly from previous versions!
       Information now is written from -ve end
       to +ve in one pass
 
 Explanation of the meaning of each column: 
 First column "cenxyz.cvec" is the coordinate in the
   direction of the channel vector i.e. if the channel
   vector is in z (0 0 1) then it is the z coordinate.
 The second column "radius" is the hole pore radius 
   (as defined in the Biophys J 1993) article).
 The third column "cen_line_D" is the distance 
   measured along the pore centre line - with the 
   first point found set to zero. This was the first
   thing that I used to measure the distance along a pore
   but "cenxyz.cvec" is a much better general measure. 
   However, by comparing changes in this distance to changes in '   "cenxyz.cvec" one can get a measure of how straight a 
   channel is.
 The fourth column "sum{s/(area)}" is useful in conductance
   prediction -
   basically it is the sum of the thickness of each slab
   divided by its area. HOLE uses this measure to estimate
   the macroscopic conductance of a channel.
 If any of this worries you one can see the "raw" results
   of a standard hole run by producing a sphpdb file and 
    directly looking at the results.
 cenxyz.cvec      radius  cen_line_D sum{s/(area point sourc
    49.74592    19.15202   -21.61834     0.00009   (sampled)
    49.84592    14.05497   -16.27159     0.00025 (mid-point)
    49.94592     9.20095   -10.92484     0.00062   (sampled)
    50.04592     5.74047    -6.84202     0.00159 (mid-point)
    50.14592     3.31808    -2.75919     0.00448   (sampled)
    50.24592     2.91687    -1.37959     0.00822 (mid-point)
    50.34592     2.89791    -0.00000     0.01201   (sampled)
    50.44592     2.90169     0.84256     0.01579 (mid-point)
    50.54592     3.05854     1.68512     0.01920   (sampled)
    50.64592     3.89947     4.14191     0.02129 (mid-point)
    50.74592     5.52597     6.59870     0.02233   (sampled)
    50.84592    10.14395    12.05465     0.02264 (mid-point)
    50.94592    15.24798    17.51060     0.02278   (sampled)

 Minimum radius found:      2.898 angstroms.



 For spherical probe approach, The geometric factor
         F= sum(ds/area) along channel is    0.023 angstroms**-1
 This yields a macroscopic predicted molar conductance of:
   (1/rho)*(100/F)= (4400/rho) pS,
   where rho is the conductivity of 1M permeant ion in ohm m.
 N.B. this is a macroscopic conductance - an overestimate 
 Empirically corrected conductances currently only available
 With the CAPSULE option (although its not that stable!)
 For 1M KCl rho= 1/12 (ohm m), So Gmacro= 53000 pS/M.
  (TAG      1   Rmin=     2.89791   Gmacro= 52682.80586 Conn_Gmacro=    -1.00000 ).
 HOLE: normal completion
