 *** Program HOLE ***
 
 If results of this run are reported or published, please
 cite the publication listed below.
 For the HOLE program:
   Smart, O.S., Goodfellow, J.M., Wallace, B.A. (1993). 
   The pore dimensions of gramicidin A. 
   Biophys. J., 65, 2455-2460.
 
 Originally written by Oliver Smart at Birkbeck College from April 1992.
 Copyright 1993-2005 Oliver Smart
 Copyright 2014-2015 SmartSci Limited.
 Copyright 2016 Oliver Smart.
 
 For help on HOLE suite see  http://www.holeprogram.org/
 
 HOLE release 2.2.005 (07 August 2016) 
 
 usage subject to Apache License, Version 2.0 
 see http://www.apache.org/licenses/LICENSE-2.0 

 Control variables read:

! Input file for Oliver Smart's HOLE program
! written by MDAnalysis.analysis.hole2.HoleAnalysis
! for a Universe
! u = mda.Universe(/afs/crc.nd.edu/user/m/mfarshad/Private/ML-new/traj/host-M5/h
!    /afs/crc.nd.edu/user/m/mfarshad/Private/ML-new/traj/host-M5/host_M5.trr
!   )
! Frame 453

COORD  /tmp/2550305.1.long/tmpdtq_gwtz.pdb
RADIUS simple2.rad
SPHPDB hole453.sph
SAMPLE 0.200000
ENDRAD 22.000000
IGNORE SOL WAT TIP HOH K   NA  CL
SHORTO 0
RASEED 31415
CPOINT 50.6551958720 50.7717627225 50.2478478839


 WARNING have not found a CVECT record - will try to guess
 Input pdb filename read as:    '/tmp/2550305.1.long/tmpdtq_gwtz.pdb'
 Input vdW radius file read as: 'simple2.rad'
 point in channel:   50.655  50.772  50.248
 channel vector:   ************************
 sampling distance between planes:    0.200

 graphics conditions:
 binary plot output file name: NONE
 Dot density:    10
 Draw dots?           T
 Draw close contacts? F
 Draw centre line?    T
 Produce spikes rather than dots? F
 Seed for random number generator:     31415 (0 means value set by program)
 Radius above which a result is regarded as an 'end':  22.000
 Pdb format file for sphere centres: hole453.sph

 Monte Carlo conditions:
  no of steps:  1000
  maximum displacement   0.100 angs
  'kT' initial   0.100 angs
 The spherebox and capsule options are turned off.
 (No molqpt card so will not write qpt file of the molecule)
 IGNORE card read so will ignore residue types: SOL WAT TIP HOH K   NA  CL
 no SHORTO card read so will produce full textual output
 As no PEGRAT card was found will not produce PEG polymer exclusion graph
 (No 2DMAPS card specified so will not produce 2D property maps)
 Have not found a CUT card.  Normal calculation using
   Cutoff lists with a cutsize=       1.000
   (if you wish to turn off option use a CUT -1 card)

 Have read     7 bond radius records and
              16 vdW radius records.
 From file: simple2.rad

 Have read   213 atom records.
 From file: /tmp/2550305.1.long/tmpdtq_gwtz.pdb
 Will not produce graphical output

 Have opened file for pdb format output of sphere centres:  hole453.sph

  Seed integer used by ran # generator on this run      31415

 
 S/R cguess will try to guess CPOINT and/or CVECT
 
 THESE GUESSES MAY WELL BE WRONG!!!!
 Routine relies on having a reasonably symmetric
 channel oriented along x, y or z vector
 YOU ARE STRONGLY ADVISED TO CHECK THE RESULTS
                       WITH MOLECULAR GRAPHICS
 testing points from cpoint in X, Y then Z direction
   point                   pore radius
direction     1
  45.655  50.772  50.248    -0.664
  46.655  50.772  50.248    -0.208
  47.655  50.772  50.248     0.165
  48.655  50.772  50.248    -0.234
  49.655  50.772  50.248    -0.340
  50.655  50.772  50.248     0.201
  51.655  50.772  50.248     0.397
  52.655  50.772  50.248     0.406
  53.655  50.772  50.248     0.853
  54.655  50.772  50.248     1.267
  55.655  50.772  50.248     0.969
 Average pore radius along the line=      0.256
direction     2
  50.655  45.772  50.248     0.209
  50.655  46.772  50.248     0.306
  50.655  47.772  50.248     0.456
  50.655  48.772  50.248     0.945
  50.655  49.772  50.248     0.737
  50.655  50.772  50.248     0.201
  50.655  51.772  50.248    -0.116
  50.655  52.772  50.248     0.160
  50.655  53.772  50.248     0.841
  50.655  54.772  50.248     0.495
  50.655  55.772  50.248     0.628
 Average pore radius along the line=      0.442
direction     3
  50.655  50.772  45.248    -0.926
  50.655  50.772  46.248    -0.597
  50.655  50.772  47.248     0.143
  50.655  50.772  48.248    -0.168
  50.655  50.772  49.248    -0.139
  50.655  50.772  50.248     0.201
  50.655  50.772  51.248     0.771
  50.655  50.772  52.248     1.558
  50.655  50.772  53.248     1.019
  50.655  50.772  54.248     0.445
  50.655  50.772  55.248     0.181
 Average pore radius along the line=      0.226
 Best direction is found to be     2
(1=X,2=Y,3=Z)
 s/r cguess has produced initial values for cpoint &/or cvect:
CPOINT      50.6552     50.7718     50.2478
CVECT        0.0000      1.0000      0.0000
 THESE GUESSES MAY WELL BE WRONG!!!!
 Routine relies on having a reasonably symmetric
 channel oriented along x, y or z vector
 YOU ARE STRONGLY ADVISED TO CHECK THE RESULTS
                       WITH MOLECULAR GRAPHICS
 
 
  Some routines (e.g. conn) need vectors normal to cvect: 
     EAST Zero degrees angle is along vector    1.000   0.000   0.000
     NORTH  90 degrees angle is along vector    0.000   0.000   1.000
 highest radius point found:
  at point   51.909  50.772  51.970
  closest atom surface    2.068   O22 M   X    1
  2nd closest surface     2.069   O32 M   X    1
  found on step  983
  this is also current point
  no. of rejections          384
 stored as     0

 highest radius point found:
  at point   51.958  50.972  51.920
  closest atom surface    2.016   O22 M   X    1
  2nd closest surface     2.020   O32 M   X    1
  found on step  972
  this is also current point
  no. of rejections          370
 stored as     1

 highest radius point found:
  at point   52.005  51.172  51.868
  closest atom surface    1.978   O22 M   X    1
  2nd closest surface     1.981   O32 M   X    1
  found on step  806
 current point:
  at point   51.994  51.172  51.875
  closest atom surface    1.977   O22 M   X    1
  2nd closest surface     1.977   O32 M   X    1
  found on step  929
  no. of rejections          390
 stored as     2

 highest radius point found:
  at point   52.064  51.372  51.806
  closest atom surface    1.953   O35 M   X    1
  2nd closest surface     1.955   O22 M   X    1
  found on step  384
 current point:
  at point   52.058  51.372  51.806
  closest atom surface    1.952   O32 M   X    1
  2nd closest surface     1.952   O35 M   X    1
  found on step  957
  no. of rejections          402
 stored as     3

 highest radius point found:
  at point   52.109  51.572  51.755
  closest atom surface    1.941   O32 M   X    1
  2nd closest surface     1.941   O35 M   X    1
  found on step  951
  this is also current point
  no. of rejections          390
 stored as     4

 highest radius point found:
  at point   52.083  51.772  51.763
  closest atom surface    1.917   O22 M   X    1
  2nd closest surface     1.918   O32 M   X    1
  found on step  933
  this is also current point
  no. of rejections          387
 stored as     5

 highest radius point found:
  at point   52.033  51.972  51.788
  closest atom surface    1.898   O32 M   X    1
  2nd closest surface     1.900   O22 M   X    1
  found on step  937
  this is also current point
  no. of rejections          387
 stored as     6

 highest radius point found:
  at point   51.985  52.172  51.817
  closest atom surface    1.889   O22 M   X    1
  2nd closest surface     1.892   H74 M   X    1
  found on step  993
  this is also current point
  no. of rejections          386
 stored as     7

 highest radius point found:
  at point   51.963  52.372  51.842
  closest atom surface    1.882   O22 M   X    1
  2nd closest surface     1.884   H74 M   X    1
  found on step  997
  this is also current point
  no. of rejections          392
 stored as     8

 highest radius point found:
  at point   52.007  52.572  51.860
  closest atom surface    1.860   O28 M   X    1
  2nd closest surface     1.861   H74 M   X    1
  found on step  991
  this is also current point
  no. of rejections          404
 stored as     9

 highest radius point found:
  at point   57.410  52.772  51.722
  closest atom surface    2.849   O19 M   X    1
  2nd closest surface     2.849   O33 M   X    1
  found on step  989
  this is also current point
  no. of rejections          339
 stored as    10

 highest radius point found:
  at point   61.828  52.972  51.305
  closest atom surface    4.452   O19 M   X    1
  2nd closest surface     4.516   O15 M   X    1
  found on step  997
  this is also current point
  no. of rejections          227
 stored as    11

 highest radius point found:
  at point   72.865  53.172  51.085
  closest atom surface   13.788   O20 M   X    1
  2nd closest surface    13.857   S6  M   X    1
  found on step 1000
  this is also current point
  no. of rejections          237
 stored as    12

 highest radius point found:
  at point   83.306  53.372  51.282
  closest atom surface   23.579   O20 M   X    1
  2nd closest surface    23.635   S6  M   X    1
  found on step 1000
  this is also current point
  no. of rejections          269
 This is an end! (radius above  22.0 angs)
 highest radius point found:
  at point   51.857  50.572  52.024
  closest atom surface    2.130   O32 M   X    1
  2nd closest surface     2.131   O22 M   X    1
  found on step  916
  this is also current point
  no. of rejections          396
 stored as    -1

 highest radius point found:
  at point   51.945  50.372  52.047
  closest atom surface    2.163   O35 M   X    1
  2nd closest surface     2.164   O22 M   X    1
  found on step  972
  this is also current point
  no. of rejections          360
 stored as    -2

 highest radius point found:
  at point   52.237  50.172  52.026
  closest atom surface    2.163   O22 M   X    1
  2nd closest surface     2.164   O35 M   X    1
  found on step  768
 current point:
  at point   52.237  50.172  52.029
  closest atom surface    2.161   O22 M   X    1
  2nd closest surface     2.166   O3  M   X    1
  found on step  975
  no. of rejections          334
 stored as    -3

 highest radius point found:
  at point   52.610  49.972  51.986
  closest atom surface    2.188   O22 M   X    1
  2nd closest surface     2.189   O35 M   X    1
  found on step  456
 current point:
  at point   53.028  49.972  51.894
  closest atom surface    2.174   O35 M   X    1
  2nd closest surface     2.174   O22 M   X    1
  found on step  993
  no. of rejections          341
 stored as    -4

 highest radius point found:
  at point   53.561  49.772  51.819
  closest atom surface    2.309   O35 M   X    1
  2nd closest surface     2.309   O22 M   X    1
  found on step  993
  this is also current point
  no. of rejections          378
 stored as    -5

 highest radius point found:
  at point   53.202  49.572  51.925
  closest atom surface    2.348   O35 M   X    1
  2nd closest surface     2.360   H42 M   X    1
  found on step  148
 current point:
  at point   54.306  49.572  51.313
  closest atom surface    2.279   O35 M   X    1
  2nd closest surface     2.279   H42 M   X    1
  found on step  989
  no. of rejections          375
 stored as    -6

 highest radius point found:
  at point   53.219  49.372  51.829
  closest atom surface    2.330   O35 M   X    1
  2nd closest surface     2.331   H42 M   X    1
  found on step  943
  this is also current point
  no. of rejections          361
 stored as    -7

 highest radius point found:
  at point   53.305  49.172  51.690
  closest atom surface    2.305   H42 M   X    1
  2nd closest surface     2.305   O35 M   X    1
  found on step  989
  this is also current point
  no. of rejections          389
 stored as    -8

 highest radius point found:
  at point   53.379  48.972  51.546
  closest atom surface    2.291   O35 M   X    1
  2nd closest surface     2.291   O3  M   X    1
  found on step  952
  this is also current point
  no. of rejections          371
 stored as    -9

 highest radius point found:
  at point   53.389  48.772  51.360
  closest atom surface    2.237   N8  M   X    1
  2nd closest surface     2.238   O35 M   X    1
  found on step  919
  this is also current point
  no. of rejections          364
 stored as   -10

 highest radius point found:
  at point   53.358  48.572  51.155
  closest atom surface    2.175   N8  M   X    1
  2nd closest surface     2.177   O35 M   X    1
  found on step  975
  this is also current point
  no. of rejections          336
 stored as   -11

 highest radius point found:
  at point   53.317  48.372  51.126
  closest atom surface    2.078   N7  M   X    1
  2nd closest surface     2.079   O3  M   X    1
  found on step   76
 current point:
  at point   53.314  48.372  51.122
  closest atom surface    2.078   N7  M   X    1
  2nd closest surface     2.078   O3  M   X    1
  found on step  968
  no. of rejections          352
 stored as   -12

 highest radius point found:
  at point   53.280  48.172  51.204
  closest atom surface    1.961   N7  M   X    1
  2nd closest surface     1.963   N8  M   X    1
  found on step  952
  this is also current point
  no. of rejections          353
 stored as   -13

 highest radius point found:
  at point   53.241  47.972  51.275
  closest atom surface    1.852   N7  M   X    1
  2nd closest surface     1.855   O3  M   X    1
  found on step  992
  this is also current point
  no. of rejections          339
 stored as   -14

 highest radius point found:
  at point   52.618  47.772  49.987
  closest atom surface    1.827   N7  M   X    1
  2nd closest surface     1.830   O3  M   X    1
  found on step  893
  this is also current point
  no. of rejections          371
 stored as   -15

 highest radius point found:
  at point   52.411  47.572  49.681
  closest atom surface    1.847   O35 M   X    1
  2nd closest surface     1.847   O3  M   X    1
  found on step  975
  this is also current point
  no. of rejections          345
 stored as   -16

 highest radius point found:
  at point   52.120  47.372  49.329
  closest atom surface    1.897   O3  M   X    1
  2nd closest surface     1.897   C35 M   X    1
  found on step  971
  this is also current point
  no. of rejections          331
 stored as   -17

 highest radius point found:
  at point   51.954  47.172  49.217
  closest atom surface    1.877   C35 M   X    1
  2nd closest surface     1.879   O4  M   X    1
  found on step 1000
  this is also current point
  no. of rejections          378
 stored as   -18

 highest radius point found:
  at point   51.892  46.972  49.133
  closest atom surface    1.796   C35 M   X    1
  2nd closest surface     1.796   O7  M   X    1
  found on step  957
  this is also current point
  no. of rejections          383
 stored as   -19

 highest radius point found:
  at point   51.835  46.772  49.059
  closest atom surface    1.725   O4  M   X    1
  2nd closest surface     1.725   C35 M   X    1
  found on step  636
 current point:
  at point   51.836  46.772  49.065
  closest atom surface    1.723   O4  M   X    1
  2nd closest surface     1.725   C35 M   X    1
  found on step  959
  no. of rejections          392
 stored as   -20

 highest radius point found:
  at point   51.771  46.572  48.965
  closest atom surface    1.670   O7  M   X    1
  2nd closest surface     1.670   C35 M   X    1
  found on step  910
  this is also current point
  no. of rejections          372
 stored as   -21

 highest radius point found:
  at point   51.711  46.372  48.881
  closest atom surface    1.627   C35 M   X    1
  2nd closest surface     1.628   O7  M   X    1
  found on step  286
 current point:
  at point   51.713  46.372  48.893
  closest atom surface    1.626   C35 M   X    1
  2nd closest surface     1.626   O4  M   X    1
  found on step  917
  no. of rejections          398
 stored as   -22

 highest radius point found:
  at point   51.647  46.172  48.799
  closest atom surface    1.599   O4  M   X    1
  2nd closest surface     1.601   O7  M   X    1
  found on step  993
  this is also current point
  no. of rejections          401
 stored as   -23

 highest radius point found:
  at point   51.566  45.972  48.710
  closest atom surface    1.574   O4  M   X    1
  2nd closest surface     1.576   O7  M   X    1
  found on step  949
  this is also current point
  no. of rejections          379
 stored as   -24

 highest radius point found:
  at point   51.442  45.772  48.608
  closest atom surface    1.535   O7  M   X    1
  2nd closest surface     1.537   O4  M   X    1
  found on step  992
  this is also current point
  no. of rejections          387
 stored as   -25

 highest radius point found:
  at point   51.321  45.572  48.513
  closest atom surface    1.517   C36 M   X    1
  2nd closest surface     1.518   O4  M   X    1
  found on step  994
  this is also current point
  no. of rejections          372
 stored as   -26

 highest radius point found:
  at point   51.195  45.372  48.410
  closest atom surface    1.518   C36 M   X    1
  2nd closest surface     1.521   O4  M   X    1
  found on step  934
  this is also current point
  no. of rejections          395
 stored as   -27

 highest radius point found:
  at point   51.068  45.172  48.314
  closest atom surface    1.539   C36 M   X    1
  2nd closest surface     1.540   O4  M   X    1
  found on step  806
 current point:
  at point   51.063  45.172  48.310
  closest atom surface    1.538   O4  M   X    1
  2nd closest surface     1.540   O7  M   X    1
  found on step  952
  no. of rejections          344
 stored as   -28

 highest radius point found:
  at point   50.968  44.972  48.279
  closest atom surface    1.552   C36 M   X    1
  2nd closest surface     1.556   O4  M   X    1
  found on step  976
  this is also current point
  no. of rejections          392
 stored as   -29

 highest radius point found:
  at point   50.885  44.772  48.301
  closest atom surface    1.560   O8  M   X    1
  2nd closest surface     1.560   O4  M   X    1
  found on step  996
  this is also current point
  no. of rejections          386
 stored as   -30

 highest radius point found:
  at point   50.806  44.572  48.323
  closest atom surface    1.582   O4  M   X    1
  2nd closest surface     1.583   O8  M   X    1
  found on step  962
  this is also current point
  no. of rejections          374
 stored as   -31

 highest radius point found:
  at point   50.726  44.372  48.343
  closest atom surface    1.618   C36 M   X    1
  2nd closest surface     1.618   O8  M   X    1
  found on step  931
  this is also current point
  no. of rejections          390
 stored as   -32

 highest radius point found:
  at point   50.642  44.172  48.367
  closest atom surface    1.665   O4  M   X    1
  2nd closest surface     1.666   O8  M   X    1
  found on step 1000
  this is also current point
  no. of rejections          381
 stored as   -33

 highest radius point found:
  at point   50.518  43.972  48.393
  closest atom surface    1.701   C37 M   X    1
  2nd closest surface     1.702   O8  M   X    1
  found on step  997
  this is also current point
  no. of rejections          350
 stored as   -34

 highest radius point found:
  at point   50.392  43.772  48.421
  closest atom surface    1.752   C37 M   X    1
  2nd closest surface     1.753   O8  M   X    1
  found on step  688
 current point:
  at point   50.392  43.772  48.417
  closest atom surface    1.751   O8  M   X    1
  2nd closest surface     1.753   C37 M   X    1
  found on step  988
  no. of rejections          370
 stored as   -35

 highest radius point found:
  at point   50.266  43.572  48.450
  closest atom surface    1.817   C37 M   X    1
  2nd closest surface     1.820   O8  M   X    1
  found on step  874
 current point:
  at point   50.268  43.572  48.445
  closest atom surface    1.817   C37 M   X    1
  2nd closest surface     1.819   O8  M   X    1
  found on step  927
  no. of rejections          362
 stored as   -36

 highest radius point found:
  at point   51.229  43.372  44.169
  closest atom surface    3.093   O8  M   X    1
  2nd closest surface     3.109   H36 M   X    1
  found on step  999
  this is also current point
  no. of rejections          280
 stored as   -37

 highest radius point found:
  at point   50.987  43.172  36.640
  closest atom surface    6.778   O11 M   X    1
  2nd closest surface     7.770   C20 M   X    1
  found on step 1000
  this is also current point
  no. of rejections          149
 stored as   -38

 highest radius point found:
  at point   48.565  42.972  27.257
  closest atom surface   14.931   O14 M   X    1
  2nd closest surface    15.026   O11 M   X    1
  found on step  997
  this is also current point
  no. of rejections          254
 stored as   -39

 highest radius point found:
  at point   44.347  42.772  17.598
  closest atom surface   24.693   O14 M   X    1
  2nd closest surface    24.918   O11 M   X    1
  found on step  999
  this is also current point
  no. of rejections          256
 This is an end! (radius above  22.0 angs)
 
 N.b. Graph information routine (HOGRAP) differs 
        markedly from previous versions!
       Information now is written from -ve end
       to +ve in one pass
 
 Explanation of the meaning of each column: 
 First column "cenxyz.cvec" is the coordinate in the
   direction of the channel vector i.e. if the channel
   vector is in z (0 0 1) then it is the z coordinate.
 The second column "radius" is the hole pore radius 
   (as defined in the Biophys J 1993) article).
 The third column "cen_line_D" is the distance 
   measured along the pore centre line - with the 
   first point found set to zero. This was the first
   thing that I used to measure the distance along a pore
   but "cenxyz.cvec" is a much better general measure. 
   However, by comparing changes in this distance to changes in '   "cenxyz.cvec" one can get a measure of how straight a 
   channel is.
 The fourth column "sum{s/(area)}" is useful in conductance
   prediction -
   basically it is the sum of the thickness of each slab
   divided by its area. HOLE uses this measure to estimate
   the macroscopic conductance of a channel.
 If any of this worries you one can see the "raw" results
   of a standard hole run by producing a sphpdb file and 
    directly looking at the results.
 cenxyz.cvec      radius  cen_line_D sum{s/(area point sourc
    42.97176    14.93148   -33.02028     0.00014   (sampled)
    43.07176    10.64115   -28.17385     0.00042 (mid-point)
    43.17176     6.77803   -23.32741     0.00112   (sampled)
    43.27176     4.58467   -19.55991     0.00263 (mid-point)
    43.37176     3.09344   -15.79242     0.00596   (sampled)
    43.47176     1.87793   -13.59581     0.01498 (mid-point)
    43.57176     1.81703   -11.39921     0.02462   (sampled)
    43.67176     1.78268   -11.28018     0.03464 (mid-point)
    43.77176     1.75194   -11.16115     0.04501   (sampled)
    43.87176     1.72452   -11.04217     0.05571 (mid-point)
    43.97176     1.70087   -10.92320     0.06672   (sampled)
    44.07176     1.68121   -10.80481     0.07798 (mid-point)
    44.17176     1.66456   -10.68641     0.08947   (sampled)
    44.27176     1.63991   -10.57732     0.10130 (mid-point)
    44.37176     1.61769   -10.46823     0.11347   (sampled)
    44.47176     1.59858   -10.36005     0.12592 (mid-point)
    44.57176     1.58194   -10.25187     0.13864   (sampled)
    44.67176     1.56937   -10.14374     0.15157 (mid-point)
    44.77176     1.56032   -10.03561     0.16464   (sampled)
    44.87176     1.55582    -9.92670     0.17779 (mid-point)
    44.97176     1.55222    -9.81779     0.19100   (sampled)
    45.07176     1.54378    -9.70465     0.20436 (mid-point)
    45.17176     1.53910    -9.59152     0.21780   (sampled)
    45.27176     1.52616    -9.46381     0.23146 (mid-point)
    45.37176     1.51801    -9.33611     0.24528   (sampled)
    45.47176     1.51483    -9.20724     0.25915 (mid-point)
    45.57176     1.51658    -9.07838     0.27299   (sampled)
    45.67176     1.52495    -8.95221     0.28667 (mid-point)
    45.77176     1.53539    -8.82604     0.30018   (sampled)
    45.87176     1.55260    -8.69755     0.31338 (mid-point)
    45.97176     1.57369    -8.56906     0.32624   (sampled)
    46.07176     1.58450    -8.45251     0.33891 (mid-point)
    46.17176     1.59946    -8.33596     0.35136   (sampled)
    46.27176     1.61231    -8.22327     0.36360 (mid-point)
    46.37176     1.62670    -8.11059     0.37563   (sampled)
    46.47176     1.64662    -7.99798     0.38737 (mid-point)
    46.57176     1.66992    -7.88538     0.39878   (sampled)
    46.67176     1.69546    -7.77034     0.40986 (mid-point)
    46.77176     1.72458    -7.65531     0.42056   (sampled)
    46.87176     1.75860    -7.54501     0.43085 (mid-point)
    46.97176     1.79568    -7.43471     0.44072   (sampled)
    47.07176     1.83474    -7.32192     0.45018 (mid-point)
    47.17176     1.87681    -7.20913     0.45922   (sampled)
    47.27176     1.88419    -7.06732     0.46818 (mid-point)
    47.37176     1.89670    -6.92552     0.47703   (sampled)
    47.47176     1.86300    -6.67654     0.48620 (mid-point)
    47.57176     1.84661    -6.42756     0.49554   (sampled)
    47.67176     1.83210    -6.21718     0.50502 (mid-point)
    47.77176     1.82725    -6.00681     0.51455   (sampled)
    47.87176     1.76648    -5.28479     0.52475 (mid-point)
    47.97176     1.85239    -4.56277     0.53403   (sampled)
    48.07176     1.90541    -4.45479     0.54280 (mid-point)
    48.17176     1.96082    -4.34681     0.55108   (sampled)
    48.27176     2.01831    -4.23804     0.55889 (mid-point)
    48.37176     2.07803    -4.12927     0.56626   (sampled)
    48.47176     2.12802    -4.02614     0.57329 (mid-point)
    48.57176     2.17521    -3.92300     0.58002   (sampled)
    48.67176     2.20360    -3.77898     0.58657 (mid-point)
    48.77176     2.23700    -3.63495     0.59294   (sampled)
    48.87176     2.26224    -3.49815     0.59916 (mid-point)
    48.97176     2.29099    -3.36136     0.60522   (sampled)
    49.07176     2.29593    -3.23289     0.61126 (mid-point)
    49.17176     2.30499    -3.10442     0.61725   (sampled)
    49.27176     2.31524    -2.97512     0.62319 (mid-point)
    49.37176     2.32962    -2.84583     0.62905   (sampled)
    49.47176     2.33717    -2.73461     0.63488 (mid-point)
    49.57176     2.34781    -2.62339     0.64066   (sampled)
    49.67176     2.32268    -2.41122     0.64656 (mid-point)
    49.77176     2.30877    -2.19905     0.65253   (sampled)
    49.87176     2.21760    -1.70581     0.65900 (mid-point)
    49.97176     2.18798    -1.21257     0.66565   (sampled)
    50.07176     2.16968    -1.00026     0.67241 (mid-point)
    50.17176     2.16314    -0.78796     0.67921   (sampled)
    50.27176     2.15917    -0.61053     0.68604 (mid-point)
    50.37176     2.16276    -0.43310     0.69285   (sampled)
    50.47176     2.14526    -0.32330     0.69976 (mid-point)
    50.57176     2.12955    -0.21350     0.70678   (sampled)
    50.67176     2.09812    -0.10675     0.71401 (mid-point)
    50.77176     2.06841     0.00000     0.72145   (sampled)
    50.87176     2.04095     0.10589     0.72909 (mid-point)
    50.97176     2.01635     0.21178     0.73692   (sampled)
    51.07176     1.99572     0.31791     0.74492 (mid-point)
    51.17176     1.97807     0.42404     0.75305   (sampled)
    51.27176     1.96506     0.53264     0.76129 (mid-point)
    51.37176     1.95258     0.64124     0.76964   (sampled)
    51.47176     1.94531     0.74701     0.77805 (mid-point)
    51.57176     1.94071     0.85278     0.78651   (sampled)
    51.67176     1.92796     0.95373     0.79507 (mid-point)
    51.77176     1.91699     1.05468     0.80373   (sampled)
    51.87176     1.90661     1.15842     0.81249 (mid-point)
    51.97176     1.89819     1.26216     0.82132   (sampled)
    52.07176     1.89299     1.36610     0.83020 (mid-point)
    52.17176     1.88924     1.47004     0.83912   (sampled)
    52.27176     1.88440     1.57141     0.84809 (mid-point)
    52.37176     1.88247     1.67279     0.85707   (sampled)
    52.47176     1.87051     1.77561     0.86617 (mid-point)
    52.57176     1.86037     1.87842     0.87536   (sampled)
    52.67176     1.66030     4.58274     0.88691 (mid-point)
    52.77176     2.84887     7.28705     0.89083   (sampled)
    52.87176     3.22915     9.50798     0.89389 (mid-point)
    52.97176     4.45224    11.72891     0.89549   (sampled)
    53.07176     8.88199    17.24964     0.89589 (mid-point)
    53.17176    13.78842    22.77037     0.89606   (sampled)

 Minimum radius found:      1.515 angstroms.



 For spherical probe approach, The geometric factor
         F= sum(ds/area) along channel is    0.896 angstroms**-1
 This yields a macroscopic predicted molar conductance of:
   (1/rho)*(100/F)= (110/rho) pS,
   where rho is the conductivity of 1M permeant ion in ohm m.
 N.B. this is a macroscopic conductance - an overestimate 
 Empirically corrected conductances currently only available
 With the CAPSULE option (although its not that stable!)
 For 1M KCl rho= 1/12 (ohm m), So Gmacro= 1300 pS/M.
  (TAG      1   Rmin=     1.51483   Gmacro=  1339.19268 Conn_Gmacro=    -1.00000 ).
 HOLE: normal completion
