 *** Program HOLE ***
 
 If results of this run are reported or published, please
 cite the publication listed below.
 For the HOLE program:
   Smart, O.S., Goodfellow, J.M., Wallace, B.A. (1993). 
   The pore dimensions of gramicidin A. 
   Biophys. J., 65, 2455-2460.
 
 Originally written by Oliver Smart at Birkbeck College from April 1992.
 Copyright 1993-2005 Oliver Smart
 Copyright 2014-2015 SmartSci Limited.
 Copyright 2016 Oliver Smart.
 
 For help on HOLE suite see  http://www.holeprogram.org/
 
 HOLE release 2.2.005 (07 August 2016) 
 
 usage subject to Apache License, Version 2.0 
 see http://www.apache.org/licenses/LICENSE-2.0 

 Control variables read:

! Input file for Oliver Smart's HOLE program
! written by MDAnalysis.analysis.hole2.HoleAnalysis
! for a Universe
! u = mda.Universe(host_32.mol2
!    host_32.trr
!   )
! Frame 94

COORD  /tmp/tmp3kpgskp1.pdb
RADIUS simple2.rad
SPHPDB hole094.sph
SAMPLE 0.200000
ENDRAD 22.000000
IGNORE SOL WAT TIP HOH K   NA  CL
SHORTO 0
RASEED 31415
CPOINT 39.6643754886 40.2778875278 40.1485866767


 WARNING have not found a CVECT record - will try to guess
 Input pdb filename read as:    '/tmp/tmp3kpgskp1.pdb'
 Input vdW radius file read as: 'simple2.rad'
 point in channel:   39.664  40.278  40.149
 channel vector:   ************************
 sampling distance between planes:    0.200

 graphics conditions:
 binary plot output file name: NONE
 Dot density:    10
 Draw dots?           T
 Draw close contacts? F
 Draw centre line?    T
 Produce spikes rather than dots? F
 Seed for random number generator:     31415 (0 means value set by program)
 Radius above which a result is regarded as an 'end':  22.000
 Pdb format file for sphere centres: hole094.sph

 Monte Carlo conditions:
  no of steps:  1000
  maximum displacement   0.100 angs
  'kT' initial   0.100 angs
 The spherebox and capsule options are turned off.
 (No molqpt card so will not write qpt file of the molecule)
 IGNORE card read so will ignore residue types: SOL WAT TIP HOH K   NA  CL
 no SHORTO card read so will produce full textual output
 As no PEGRAT card was found will not produce PEG polymer exclusion graph
 (No 2DMAPS card specified so will not produce 2D property maps)
 Have not found a CUT card.  Normal calculation using
   Cutoff lists with a cutsize=       1.000
   (if you wish to turn off option use a CUT -1 card)

 Have read     7 bond radius records and
              16 vdW radius records.
 From file: simple2.rad

 Have read   104 atom records.
 From file: /tmp/tmp3kpgskp1.pdb
 Will not produce graphical output
 Warning have tried to open file: 'hole094.sph' as NEW but
         this file already exists - old version kept as 'hole094.sph.old'

 Have opened file for pdb format output of sphere centres:  hole094.sph

  Seed integer used by ran # generator on this run      31415

 
 S/R cguess will try to guess CPOINT and/or CVECT
 
 THESE GUESSES MAY WELL BE WRONG!!!!
 Routine relies on having a reasonably symmetric
 channel oriented along x, y or z vector
 YOU ARE STRONGLY ADVISED TO CHECK THE RESULTS
                       WITH MOLECULAR GRAPHICS
 testing points from cpoint in X, Y then Z direction
   point                   pore radius
direction     1
  34.664  40.278  40.149    -0.177
  35.664  40.278  40.149    -1.133
  36.664  40.278  40.149    -1.370
  37.664  40.278  40.149    -0.454
  38.664  40.278  40.149     0.530
  39.664  40.278  40.149     1.405
  40.664  40.278  40.149     0.996
  41.664  40.278  40.149     0.382
  42.664  40.278  40.149    -0.274
  43.664  40.278  40.149    -0.441
  44.664  40.278  40.149     0.017
 Average pore radius along the line=     -0.047
direction     2
  39.664  35.278  40.149    -0.503
  39.664  36.278  40.149     0.344
  39.664  37.278  40.149     1.077
  39.664  38.278  40.149     1.474
  39.664  39.278  40.149     1.373
  39.664  40.278  40.149     1.405
  39.664  41.278  40.149     1.364
  39.664  42.278  40.149     1.448
  39.664  43.278  40.149     0.550
  39.664  44.278  40.149    -0.400
  39.664  45.278  40.149    -1.184
 Average pore radius along the line=      0.632
direction     3
  39.664  40.278  35.149     2.162
  39.664  40.278  36.149     1.714
  39.664  40.278  37.149     1.513
  39.664  40.278  38.149     1.580
  39.664  40.278  39.149     1.598
  39.664  40.278  40.149     1.405
  39.664  40.278  41.149     0.647
  39.664  40.278  42.149     0.086
  39.664  40.278  43.149    -0.564
  39.664  40.278  44.149    -1.130
  39.664  40.278  45.149    -0.674
 Average pore radius along the line=      0.758
 Best direction is found to be     3
(1=X,2=Y,3=Z)
 s/r cguess has produced initial values for cpoint &/or cvect:
CPOINT      39.6644     40.2779     40.1486
CVECT        0.0000      0.0000      1.0000
 THESE GUESSES MAY WELL BE WRONG!!!!
 Routine relies on having a reasonably symmetric
 channel oriented along x, y or z vector
 YOU ARE STRONGLY ADVISED TO CHECK THE RESULTS
                       WITH MOLECULAR GRAPHICS
 
 
  Some routines (e.g. conn) need vectors normal to cvect: 
     EAST Zero degrees angle is along vector    1.000   0.000   0.000
     NORTH  90 degrees angle is along vector    0.000  -1.000   0.000
 highest radius point found:
  at point   39.688  42.332  40.149
  closest atom surface    1.474   C16 32  X    1
  2nd closest surface     1.477   C20 32  X    1
  found on step  953
  this is also current point
  no. of rejections          285
 stored as     0

 highest radius point found:
  at point   39.490  40.175  40.349
  closest atom surface    1.366   C51 32  X    1
  2nd closest surface     1.366   C52 32  X    1
  found on step  933
  this is also current point
  no. of rejections          331
 stored as     1

 highest radius point found:
  at point   39.369  40.220  40.549
  closest atom surface    1.281   C52 32  X    1
  2nd closest surface     1.284   C44 32  X    1
  found on step  807
 current point:
  at point   39.368  40.196  40.549
  closest atom surface    1.280   C51 32  X    1
  2nd closest surface     1.282   C44 32  X    1
  found on step  933
  no. of rejections          375
 stored as     2

 highest radius point found:
  at point   39.226  40.387  40.749
  closest atom surface    1.207   C38 32  X    1
  2nd closest surface     1.207   C44 32  X    1
  found on step  880
  this is also current point
  no. of rejections          371
 stored as     3

 highest radius point found:
  at point   39.138  40.462  40.949
  closest atom surface    1.128   C16 32  X    1
  2nd closest surface     1.129   C38 32  X    1
  found on step  918
  this is also current point
  no. of rejections          376
 stored as     4

 highest radius point found:
  at point   39.115  40.310  41.149
  closest atom surface    1.051   C38 32  X    1
  2nd closest surface     1.051   C16 32  X    1
  found on step  891
  this is also current point
  no. of rejections          394
 stored as     5

 highest radius point found:
  at point   39.044  40.245  41.349
  closest atom surface    0.971   C51 32  X    1
  2nd closest surface     0.971   C38 32  X    1
  found on step 1000
  this is also current point
  no. of rejections          357
 stored as     6

 highest radius point found:
  at point   38.927  40.131  41.549
  closest atom surface    0.847   C15 32  X    1
  2nd closest surface     0.847   C14 32  X    1
  found on step  929
  this is also current point
  no. of rejections          293
 stored as     7

 highest radius point found:
  at point   38.796  40.162  41.749
  closest atom surface    0.667   C14 32  X    1
  2nd closest surface     0.674   C15 32  X    1
  found on step  476
 current point:
  at point   38.751  39.957  41.749
  closest atom surface    0.652   C14 32  X    1
  2nd closest surface     0.653   C39 32  X    1
  found on step  994
  no. of rejections          238
 stored as     8

 highest radius point found:
  at point   38.557  38.982  41.949
  closest atom surface    0.536   C38 32  X    1
  2nd closest surface     0.536   C13 32  X    1
  found on step  935
  this is also current point
  no. of rejections          299
 stored as     9

 highest radius point found:
  at point   38.459  38.974  42.149
  closest atom surface    0.460   C13 32  X    1
  2nd closest surface     0.475   C14 32  X    1
  found on step   17
 current point:
  at point   38.535  40.257  42.149
  closest atom surface    0.352   C14 32  X    1
  2nd closest surface     0.352   C39 32  X    1
  found on step  948
  no. of rejections          272
 stored as    10

 highest radius point found:
  at point   38.300  38.718  42.349
  closest atom surface    0.462   C14 32  X    1
  2nd closest surface     0.462   C13 32  X    1
  found on step  776
 current point:
  at point   38.297  38.720  42.349
  closest atom surface    0.460   C37 32  X    1
  2nd closest surface     0.461   O5  32  X    1
  found on step  983
  no. of rejections          353
 stored as    11

 highest radius point found:
  at point   38.278  38.598  42.549
  closest atom surface    0.374   C14 32  X    1
  2nd closest surface     0.375   O5  32  X    1
  found on step  963
  this is also current point
  no. of rejections          359
 stored as    12

 highest radius point found:
  at point   38.269  38.459  42.749
  closest atom surface    0.314   O5  32  X    1
  2nd closest surface     0.315   C13 32  X    1
  found on step  216
 current point:
  at point   38.269  38.456  42.749
  closest atom surface    0.312   O5  32  X    1
  2nd closest surface     0.315   C13 32  X    1
  found on step  942
  no. of rejections          382
 stored as    13

 highest radius point found:
  at point   38.257  38.318  42.949
  closest atom surface    0.277   O5  32  X    1
  2nd closest surface     0.279   C13 32  X    1
  found on step  983
  this is also current point
  no. of rejections          359
 stored as    14

 highest radius point found:
  at point   38.226  38.204  43.149
  closest atom surface    0.265   O5  32  X    1
  2nd closest surface     0.266   C12 32  X    1
  found on step  411
 current point:
  at point   38.216  38.222  43.149
  closest atom surface    0.262   C14 32  X    1
  2nd closest surface     0.264   O5  32  X    1
  found on step  975
  no. of rejections          379
 stored as    15

 highest radius point found:
  at point   38.132  38.160  43.349
  closest atom surface    0.254   O5  32  X    1
  2nd closest surface     0.255   C14 32  X    1
  found on step  561
 current point:
  at point   38.132  38.160  43.349
  closest atom surface    0.253   O5  32  X    1
  2nd closest surface     0.255   C14 32  X    1
  found on step  958
  no. of rejections          411
 stored as    16

 highest radius point found:
  at point   38.049  38.100  43.549
  closest atom surface    0.269   C12 32  X    1
  2nd closest surface     0.271   C14 32  X    1
  found on step  223
 current point:
  at point   37.361  38.872  43.549
  closest atom surface    0.259   C14 32  X    1
  2nd closest surface     0.261   C39 32  X    1
  found on step  968
  no. of rejections          361
 stored as    17

 highest radius point found:
  at point   37.954  38.050  43.749
  closest atom surface    0.308   C14 32  X    1
  2nd closest surface     0.309   O5  32  X    1
  found on step  991
  this is also current point
  no. of rejections          361
 stored as    18

 highest radius point found:
  at point   37.082  38.847  43.949
  closest atom surface    0.421   C39 32  X    1
  2nd closest surface     0.421   O5  32  X    1
  found on step  883
 current point:
  at point   37.084  38.849  43.949
  closest atom surface    0.421   C39 32  X    1
  2nd closest surface     0.423   O5  32  X    1
  found on step  905
  no. of rejections          360
 stored as    19

 highest radius point found:
  at point   36.985  38.801  44.149
  closest atom surface    0.520   C14 32  X    1
  2nd closest surface     0.521   O5  32  X    1
  found on step  959
  this is also current point
  no. of rejections          343
 stored as    20

 highest radius point found:
  at point   31.834  38.421  44.349
  closest atom surface    3.420   C39 32  X    1
  2nd closest surface     3.545   O5  32  X    1
  found on step 1000
  this is also current point
  no. of rejections          263
 stored as    21

 highest radius point found:
  at point   20.878  37.566  44.549
  closest atom surface   14.003   C39 32  X    1
  2nd closest surface    14.010   C37 32  X    1
  found on step  999
  this is also current point
  no. of rejections          247
 stored as    22

 highest radius point found:
  at point   10.018  36.596  44.749
  closest atom surface   24.724   C36 32  X    1
  2nd closest surface    24.787   C37 32  X    1
  found on step  997
  this is also current point
  no. of rejections          252
 This is an end! (radius above  22.0 angs)
 highest radius point found:
  at point   39.881  42.032  39.949
  closest atom surface    1.590   C16 32  X    1
  2nd closest surface     1.591   C46 32  X    1
  found on step  161
 current point:
  at point   39.729  40.108  39.949
  closest atom surface    1.573   C44 32  X    1
  2nd closest surface     1.574   C52 32  X    1
  found on step  998
  no. of rejections          326
 stored as    -1

 highest radius point found:
  at point   39.955  41.997  39.749
  closest atom surface    1.659   C45 32  X    1
  2nd closest surface     1.660   C46 32  X    1
  found on step  987
  this is also current point
  no. of rejections          386
 stored as    -2

 highest radius point found:
  at point   40.028  41.962  39.549
  closest atom surface    1.738   C43 32  X    1
  2nd closest surface     1.739   C45 32  X    1
  found on step  949
  this is also current point
  no. of rejections          382
 stored as    -3

 highest radius point found:
  at point   40.092  40.023  39.349
  closest atom surface    1.969   C52 32  X    1
  2nd closest surface     1.976   C44 32  X    1
  found on step  981
  this is also current point
  no. of rejections          340
 stored as    -4

 highest radius point found:
  at point   40.209  39.959  39.149
  closest atom surface    2.127   C44 32  X    1
  2nd closest surface     2.127   C51 32  X    1
  found on step  972
  this is also current point
  no. of rejections          356
 stored as    -5

 highest radius point found:
  at point   40.292  40.034  38.949
  closest atom surface    2.216   C46 32  X    1
  2nd closest surface     2.217   C48 32  X    1
  found on step  429
 current point:
  at point   40.290  40.029  38.949
  closest atom surface    2.216   C34 32  X    1
  2nd closest surface     2.216   C48 32  X    1
  found on step  991
  no. of rejections          367
 stored as    -6

 highest radius point found:
  at point   40.342  40.184  38.749
  closest atom surface    2.298   C47 32  X    1
  2nd closest surface     2.298   C34 32  X    1
  found on step  711
 current point:
  at point   40.344  40.171  38.749
  closest atom surface    2.297   C34 32  X    1
  2nd closest surface     2.298   C47 32  X    1
  found on step  954
  no. of rejections          345
 stored as    -7

 highest radius point found:
  at point   40.408  40.260  38.549
  closest atom surface    2.383   C47 32  X    1
  2nd closest surface     2.384   C33 32  X    1
  found on step  997
  this is also current point
  no. of rejections          310
 stored as    -8

 highest radius point found:
  at point   40.545  39.983  38.349
  closest atom surface    2.455   C47 32  X    1
  2nd closest surface     2.458   C33 32  X    1
  found on step  119
 current point:
  at point   40.521  39.267  38.349
  closest atom surface    2.383   C34 32  X    1
  2nd closest surface     2.384   C48 32  X    1
  found on step  898
  no. of rejections          352
 stored as    -9

 highest radius point found:
  at point   40.660  39.925  38.149
  closest atom surface    2.537   C48 32  X    1
  2nd closest surface     2.538   C33 32  X    1
  found on step  810
 current point:
  at point   40.655  40.001  38.149
  closest atom surface    2.533   C47 32  X    1
  2nd closest surface     2.535   C33 32  X    1
  found on step  991
  no. of rejections          340
 stored as   -10

 highest radius point found:
  at point   40.773  39.892  37.949
  closest atom surface    2.628   C33 32  X    1
  2nd closest surface     2.628   C48 32  X    1
  found on step  799
 current point:
  at point   40.773  39.868  37.949
  closest atom surface    2.624   C48 32  X    1
  2nd closest surface     2.628   C33 32  X    1
  found on step  927
  no. of rejections          324
 stored as   -11

 highest radius point found:
  at point   40.889  39.893  37.749
  closest atom surface    2.727   C47 32  X    1
  2nd closest surface     2.730   C33 32  X    1
  found on step  118
 current point:
  at point   40.873  40.044  37.749
  closest atom surface    2.718   C33 32  X    1
  2nd closest surface     2.719   C47 32  X    1
  found on step  980
  no. of rejections          324
 stored as   -12

 highest radius point found:
  at point   41.003  39.839  37.549
  closest atom surface    2.840   C33 32  X    1
  2nd closest surface     2.840   C47 32  X    1
  found on step  986
  this is also current point
  no. of rejections          328
 stored as   -13

 highest radius point found:
  at point   41.116  39.826  37.349
  closest atom surface    2.957   C47 32  X    1
  2nd closest surface     2.958   C33 32  X    1
  found on step  973
  this is also current point
  no. of rejections          319
 stored as   -14

 highest radius point found:
  at point   41.229  39.751  37.149
  closest atom surface    3.084   C48 32  X    1
  2nd closest surface     3.084   C33 32  X    1
  found on step  935
  this is also current point
  no. of rejections          316
 stored as   -15

 highest radius point found:
  at point   41.346  39.740  36.949
  closest atom surface    3.221   C48 32  X    1
  2nd closest surface     3.221   C33 32  X    1
  found on step  545
 current point:
  at point   41.347  39.749  36.949
  closest atom surface    3.220   C47 32  X    1
  2nd closest surface     3.221   C33 32  X    1
  found on step  921
  no. of rejections          355
 stored as   -16

 highest radius point found:
  at point   41.457  39.753  36.749
  closest atom surface    3.358   C33 32  X    1
  2nd closest surface     3.358   H1  32  X    1
  found on step  856
 current point:
  at point   41.457  39.756  36.749
  closest atom surface    3.358   C47 32  X    1
  2nd closest surface     3.358   C33 32  X    1
  found on step  999
  no. of rejections          313
 stored as   -17

 highest radius point found:
  at point   41.563  39.832  36.549
  closest atom surface    3.494   C47 32  X    1
  2nd closest surface     3.496   C33 32  X    1
  found on step  984
  this is also current point
  no. of rejections          308
 stored as   -18

 highest radius point found:
  at point   41.678  39.898  36.349
  closest atom surface    3.636   C47 32  X    1
  2nd closest surface     3.641   C32 32  X    1
  found on step  732
 current point:
  at point   41.677  39.903  36.349
  closest atom surface    3.636   C47 32  X    1
  2nd closest surface     3.639   C32 32  X    1
  found on step  960
  no. of rejections          321
 stored as   -19

 highest radius point found:
  at point   41.885  39.910  36.149
  closest atom surface    3.764   H1  32  X    1
  2nd closest surface     3.764   H29 32  X    1
  found on step  870
  this is also current point
  no. of rejections          336
 stored as   -20

 highest radius point found:
  at point   46.329  38.880  35.949
  closest atom surface    4.628   C48 32  X    1
  2nd closest surface     4.638   C47 32  X    1
  found on step  999
  this is also current point
  no. of rejections          208
 stored as   -21

 highest radius point found:
  at point   55.927  37.867  35.749
  closest atom surface   12.113   H39 32  X    1
  2nd closest surface    12.175   C47 32  X    1
  found on step 1000
  this is also current point
  no. of rejections          217
 stored as   -22

 highest radius point found:
  at point   66.832  37.694  35.549
  closest atom surface   22.412   H39 32  X    1
  2nd closest surface    22.477   C47 32  X    1
  found on step  999
  this is also current point
  no. of rejections          276
 This is an end! (radius above  22.0 angs)
 
 N.b. Graph information routine (HOGRAP) differs 
        markedly from previous versions!
       Information now is written from -ve end
       to +ve in one pass
 
 Explanation of the meaning of each column: 
 First column "cenxyz.cvec" is the coordinate in the
   direction of the channel vector i.e. if the channel
   vector is in z (0 0 1) then it is the z coordinate.
 The second column "radius" is the hole pore radius 
   (as defined in the Biophys J 1993) article).
 The third column "cen_line_D" is the distance 
   measured along the pore centre line - with the 
   first point found set to zero. This was the first
   thing that I used to measure the distance along a pore
   but "cenxyz.cvec" is a much better general measure. 
   However, by comparing changes in this distance to changes in '   "cenxyz.cvec" one can get a measure of how straight a 
   channel is.
 The fourth column "sum{s/(area)}" is useful in conductance
   prediction -
   basically it is the sum of the thickness of each slab
   divided by its area. HOLE uses this measure to estimate
   the macroscopic conductance of a channel.
 If any of this worries you one can see the "raw" results
   of a standard hole run by producing a sphpdb file and 
    directly looking at the results.
 cenxyz.cvec      radius  cen_line_D sum{s/(area point sourc
    35.74858    12.11310   -20.96580     0.00022   (sampled)
    35.84858     7.90908   -16.13897     0.00073 (mid-point)
    35.94858     4.62822   -11.31215     0.00221   (sampled)
    36.04858     3.77072    -9.02902     0.00445 (mid-point)
    36.14858     3.76366    -6.74588     0.00670   (sampled)
    36.24858     3.69880    -6.60164     0.00902 (mid-point)
    36.34858     3.63648    -6.45739     0.01143   (sampled)
    36.44858     3.56457    -6.33764     0.01394 (mid-point)
    36.54858     3.49438    -6.21788     0.01654   (sampled)
    36.64858     3.42530    -6.09807     0.01926 (mid-point)
    36.74858     3.35793    -5.97826     0.02208   (sampled)
    36.84858     3.28858    -5.86371     0.02502 (mid-point)
    36.94858     3.22053    -5.74916     0.02809   (sampled)
    37.04858     3.15139    -5.63320     0.03130 (mid-point)
    37.14858     3.08399    -5.51724     0.03464   (sampled)
    37.24858     3.01990    -5.39633     0.03813 (mid-point)
    37.34858     2.95708    -5.27542     0.04177   (sampled)
    37.44858     2.89757    -5.16023     0.04557 (mid-point)
    37.54858     2.83976    -5.04503     0.04951   (sampled)
    37.64858     2.78223    -4.92675     0.05362 (mid-point)
    37.74858     2.72665    -4.80847     0.05791   (sampled)
    37.84858     2.67741    -4.69293     0.06235 (mid-point)
    37.94858     2.62751    -4.57739     0.06696   (sampled)
    38.04858     2.58133    -4.46135     0.07173 (mid-point)
    38.14858     2.53689    -4.34530     0.07668   (sampled)
    38.24858     2.49563    -4.22643     0.08179 (mid-point)
    38.34858     2.45536    -4.10756     0.08707   (sampled)
    38.44858     2.41525    -3.92358     0.09253 (mid-point)
    38.54858     2.38276    -3.73959     0.09813   (sampled)
    38.64858     2.33927    -3.62768     0.10395 (mid-point)
    38.74858     2.29833    -3.51577     0.10998   (sampled)
    38.84858     2.25650    -3.38803     0.11623 (mid-point)
    38.94858     2.21649    -3.26029     0.12271   (sampled)
    39.04858     2.17294    -3.14592     0.12945 (mid-point)
    39.14858     2.12706    -3.03156     0.13648   (sampled)
    39.24858     2.04775    -2.91124     0.14408 (mid-point)
    39.34858     1.96870    -2.79091     0.15229   (sampled)
    39.44858     1.76340    -1.81570     0.16252 (mid-point)
    39.54858     1.73790    -0.84048     0.17306   (sampled)
    39.64858     1.69756    -0.73251     0.18411 (mid-point)
    39.74858     1.65940    -0.62454     0.19567   (sampled)
    39.84858     1.62392    -0.51668     0.20774 (mid-point)
    39.94858     1.58983    -0.40881     0.22033   (sampled)
    40.04858     1.52638    -0.20441     0.23400 (mid-point)
    40.14858     1.47431     0.00000     0.24864   (sampled)
    40.24858     1.30357     1.08730     0.26737 (mid-point)
    40.34858     1.36563     2.17459     0.28444   (sampled)
    40.44858     1.32157     2.29344     0.30266 (mid-point)
    40.54858     1.28139     2.41229     0.32205   (sampled)
    40.64858     1.24096     2.56072     0.34272 (mid-point)
    40.74858     1.20666     2.70915     0.36458   (sampled)
    40.84858     1.16567     2.82488     0.38801 (mid-point)
    40.94858     1.12789     2.94061     0.41303   (sampled)
    41.04858     1.08700     3.06689     0.43997 (mid-point)
    41.14858     1.05084     3.19317     0.46879   (sampled)
    41.24858     1.00905     3.30408     0.50006 (mid-point)
    41.34858     0.97059     3.41500     0.53385   (sampled)
    41.44858     0.90766     3.54416     0.57248 (mid-point)
    41.54858     0.84654     3.67333     0.61690   (sampled)
    41.64858     0.75580     3.79366     0.67262 (mid-point)
    41.74858     0.66747     3.91400     0.74407   (sampled)
    41.84858     0.57166     4.52415     0.84147 (mid-point)
    41.94858     0.53589     5.13430     0.95231   (sampled)
    42.04858     0.49592     5.24561     1.08174 (mid-point)
    42.14858     0.46022     5.35693     1.23203   (sampled)
    42.24858     0.45388     5.53770     1.38654 (mid-point)
    42.34858     0.46153     5.71847     1.53597   (sampled)
    42.44858     0.41535     5.83578     1.72049 (mid-point)
    42.54858     0.37439     5.95310     1.94758   (sampled)
    42.64858     0.34058     6.07481     2.22200 (mid-point)
    42.74858     0.31355     6.19653     2.54576   (sampled)
    42.84858     0.29151     6.31909     2.92034 (mid-point)
    42.94858     0.27703     6.44165     3.33511   (sampled)
    43.04858     0.26775     6.55774     3.77911 (mid-point)
    43.14858     0.26548     6.67382     4.23076   (sampled)
    43.24858     0.25627     6.78638     4.71544 (mid-point)
    43.34858     0.25368     6.89894     5.21006   (sampled)
    43.44858     0.25900     7.01138     5.68456 (mid-point)
    43.54858     0.26898     7.12381     6.12451   (sampled)
    43.64858     0.28647     7.23734     6.51237 (mid-point)
    43.74858     0.30849     7.35088     6.84686   (sampled)
    43.84858     0.27451     7.94983     7.26927 (mid-point)
    43.94858     0.42098     8.54878     7.44887   (sampled)
    44.04858     0.46869     8.66229     7.59378 (mid-point)
    44.14858     0.51989     8.77579     7.71154   (sampled)
    44.24858     1.33221    11.36021     7.72948 (mid-point)
    44.34858     3.42025    13.94462     7.73220   (sampled)
    44.44858     8.60714    19.43983     7.73263 (mid-point)
    44.54858    14.00316    24.93505     7.73279   (sampled)

 Minimum radius found:      0.254 angstroms.



 For spherical probe approach, The geometric factor
         F= sum(ds/area) along channel is    7.733 angstroms**-1
 This yields a macroscopic predicted molar conductance of:
   (1/rho)*(100/F)= (13/rho) pS,
   where rho is the conductivity of 1M permeant ion in ohm m.
 N.B. this is a macroscopic conductance - an overestimate 
 Empirically corrected conductances currently only available
 With the CAPSULE option (although its not that stable!)
 For 1M KCl rho= 1/12 (ohm m), So Gmacro= 160 pS/M.
  (TAG      1   Rmin=     0.25368   Gmacro=   155.18328 Conn_Gmacro=    -1.00000 ).
 HOLE: normal completion
