 *** Program HOLE ***
 
 If results of this run are reported or published, please
 cite the publication listed below.
 For the HOLE program:
   Smart, O.S., Goodfellow, J.M., Wallace, B.A. (1993). 
   The pore dimensions of gramicidin A. 
   Biophys. J., 65, 2455-2460.
 
 Originally written by Oliver Smart at Birkbeck College from April 1992.
 Copyright 1993-2005 Oliver Smart
 Copyright 2014-2015 SmartSci Limited.
 Copyright 2016 Oliver Smart.
 
 For help on HOLE suite see  http://www.holeprogram.org/
 
 HOLE release 2.2.005 (07 August 2016) 
 
 usage subject to Apache License, Version 2.0 
 see http://www.apache.org/licenses/LICENSE-2.0 

 Control variables read:

! Input file for Oliver Smart's HOLE program
! written by MDAnalysis.analysis.hole2.HoleAnalysis
! for a Universe
! u = mda.Universe(host_32.mol2
!    host_32.trr
!   )
! Frame 77

COORD  /tmp/tmph4qzwbos.pdb
RADIUS simple2.rad
SPHPDB hole077.sph
SAMPLE 0.200000
ENDRAD 22.000000
IGNORE SOL WAT TIP HOH K   NA  CL
SHORTO 0
RASEED 31415
CPOINT 40.7376136046 40.8344260729 40.0311592542


 WARNING have not found a CVECT record - will try to guess
 Input pdb filename read as:    '/tmp/tmph4qzwbos.pdb'
 Input vdW radius file read as: 'simple2.rad'
 point in channel:   40.738  40.834  40.031
 channel vector:   ************************
 sampling distance between planes:    0.200

 graphics conditions:
 binary plot output file name: NONE
 Dot density:    10
 Draw dots?           T
 Draw close contacts? F
 Draw centre line?    T
 Produce spikes rather than dots? F
 Seed for random number generator:     31415 (0 means value set by program)
 Radius above which a result is regarded as an 'end':  22.000
 Pdb format file for sphere centres: hole077.sph

 Monte Carlo conditions:
  no of steps:  1000
  maximum displacement   0.100 angs
  'kT' initial   0.100 angs
 The spherebox and capsule options are turned off.
 (No molqpt card so will not write qpt file of the molecule)
 IGNORE card read so will ignore residue types: SOL WAT TIP HOH K   NA  CL
 no SHORTO card read so will produce full textual output
 As no PEGRAT card was found will not produce PEG polymer exclusion graph
 (No 2DMAPS card specified so will not produce 2D property maps)
 Have not found a CUT card.  Normal calculation using
   Cutoff lists with a cutsize=       1.000
   (if you wish to turn off option use a CUT -1 card)

 Have read     7 bond radius records and
              16 vdW radius records.
 From file: simple2.rad

 Have read   104 atom records.
 From file: /tmp/tmph4qzwbos.pdb
 Will not produce graphical output
 Warning have tried to open file: 'hole077.sph' as NEW but
         this file already exists - old version kept as 'hole077.sph.old'

 Have opened file for pdb format output of sphere centres:  hole077.sph

  Seed integer used by ran # generator on this run      31415

 
 S/R cguess will try to guess CPOINT and/or CVECT
 
 THESE GUESSES MAY WELL BE WRONG!!!!
 Routine relies on having a reasonably symmetric
 channel oriented along x, y or z vector
 YOU ARE STRONGLY ADVISED TO CHECK THE RESULTS
                       WITH MOLECULAR GRAPHICS
 testing points from cpoint in X, Y then Z direction
   point                   pore radius
direction     1
  35.738  40.834  40.031     0.622
  36.738  40.834  40.031     0.724
  37.738  40.834  40.031     0.970
  38.738  40.834  40.031     1.115
  39.738  40.834  40.031     1.459
  40.738  40.834  40.031     1.692
  41.738  40.834  40.031     1.090
  42.738  40.834  40.031     0.504
  43.738  40.834  40.031     0.076
  44.738  40.834  40.031    -0.699
  45.738  40.834  40.031    -1.071
 Average pore radius along the line=      0.589
direction     2
  40.738  35.834  40.031     1.201
  40.738  36.834  40.031     1.190
  40.738  37.834  40.031     1.598
  40.738  38.834  40.031     2.271
  40.738  39.834  40.031     2.125
  40.738  40.834  40.031     1.692
  40.738  41.834  40.031     1.085
  40.738  42.834  40.031     0.426
  40.738  43.834  40.031    -0.224
  40.738  44.834  40.031    -0.641
  40.738  45.834  40.031    -0.340
 Average pore radius along the line=      0.944
direction     3
  40.738  40.834  35.031    -1.037
  40.738  40.834  36.031    -1.388
  40.738  40.834  37.031    -0.626
  40.738  40.834  38.031     0.084
  40.738  40.834  39.031     0.923
  40.738  40.834  40.031     1.692
  40.738  40.834  41.031     1.035
  40.738  40.834  42.031     0.233
  40.738  40.834  43.031    -0.525
  40.738  40.834  44.031    -1.280
  40.738  40.834  45.031    -0.904
 Average pore radius along the line=     -0.163
 Best direction is found to be     2
(1=X,2=Y,3=Z)
 s/r cguess has produced initial values for cpoint &/or cvect:
CPOINT      40.7376     40.8344     40.0312
CVECT        0.0000      1.0000      0.0000
 THESE GUESSES MAY WELL BE WRONG!!!!
 Routine relies on having a reasonably symmetric
 channel oriented along x, y or z vector
 YOU ARE STRONGLY ADVISED TO CHECK THE RESULTS
                       WITH MOLECULAR GRAPHICS
 
 
  Some routines (e.g. conn) need vectors normal to cvect: 
     EAST Zero degrees angle is along vector    1.000   0.000   0.000
     NORTH  90 degrees angle is along vector    0.000   0.000   1.000
 highest radius point found:
  at point   39.683  40.834  40.678
  closest atom surface    1.896   C52 32  X    1
  2nd closest surface     1.897   C30 32  X    1
  found on step  984
  this is also current point
  no. of rejections          374
 stored as     0

 highest radius point found:
  at point   39.575  41.034  40.766
  closest atom surface    1.817   C46 32  X    1
  2nd closest surface     1.821   C30 32  X    1
  found on step  947
  this is also current point
  no. of rejections          380
 stored as     1

 highest radius point found:
  at point   39.515  41.234  40.841
  closest atom surface    1.757   C52 32  X    1
  2nd closest surface     1.757   C30 32  X    1
  found on step  946
  this is also current point
  no. of rejections          386
 stored as     2

 highest radius point found:
  at point   39.423  41.434  40.925
  closest atom surface    1.708   C30 32  X    1
  2nd closest surface     1.708   C46 32  X    1
  found on step  984
  this is also current point
  no. of rejections          390
 stored as     3

 highest radius point found:
  at point   39.508  41.634  40.970
  closest atom surface    1.646   C30 32  X    1
  2nd closest surface     1.646   C52 32  X    1
  found on step  940
  this is also current point
  no. of rejections          379
 stored as     4

 highest radius point found:
  at point   39.527  41.834  40.959
  closest atom surface    1.540   C42 32  X    1
  2nd closest surface     1.541   C20 32  X    1
  found on step  941
  this is also current point
  no. of rejections          396
 stored as     5

 highest radius point found:
  at point   39.537  42.034  40.985
  closest atom surface    1.413   C20 32  X    1
  2nd closest surface     1.414   C16 32  X    1
  found on step  985
  this is also current point
  no. of rejections          356
 stored as     6

 highest radius point found:
  at point   39.547  42.234  41.017
  closest atom surface    1.290   C20 32  X    1
  2nd closest surface     1.291   C42 32  X    1
  found on step  933
  this is also current point
  no. of rejections          375
 stored as     7

 highest radius point found:
  at point   39.557  42.434  41.050
  closest atom surface    1.175   C20 32  X    1
  2nd closest surface     1.176   C42 32  X    1
  found on step  959
  this is also current point
  no. of rejections          347
 stored as     8

 highest radius point found:
  at point   39.568  42.634  41.078
  closest atom surface    1.071   C16 32  X    1
  2nd closest surface     1.073   C20 32  X    1
  found on step  890
  this is also current point
  no. of rejections          376
 stored as     9

 highest radius point found:
  at point   39.660  42.834  41.089
  closest atom surface    0.954   C17 32  X    1
  2nd closest surface     0.955   C42 32  X    1
  found on step   46
 current point:
  at point   39.593  42.834  41.133
  closest atom surface    0.953   C42 32  X    1
  2nd closest surface     0.953   C17 32  X    1
  found on step  932
  no. of rejections          386
 stored as    10

 highest radius point found:
  at point   39.761  43.034  41.100
  closest atom surface    0.844   C17 32  X    1
  2nd closest surface     0.845   C42 32  X    1
  found on step  997
  this is also current point
  no. of rejections          333
 stored as    11

 highest radius point found:
  at point   39.900  43.234  41.087
  closest atom surface    0.753   C16 32  X    1
  2nd closest surface     0.753   C17 32  X    1
  found on step   65
 current point:
  at point   39.905  43.234  41.086
  closest atom surface    0.752   C16 32  X    1
  2nd closest surface     0.754   C42 32  X    1
  found on step  973
  no. of rejections          378
 stored as    12

 highest radius point found:
  at point   40.019  43.434  41.086
  closest atom surface    0.677   C16 32  X    1
  2nd closest surface     0.679   C17 32  X    1
  found on step  115
 current point:
  at point   40.424  43.434  40.971
  closest atom surface    0.656   C16 32  X    1
  2nd closest surface     0.658   C42 32  X    1
  found on step  985
  no. of rejections          393
 stored as    13

 highest radius point found:
  at point   40.131  43.634  41.093
  closest atom surface    0.623   C42 32  X    1
  2nd closest surface     0.624   C17 32  X    1
  found on step  897
  this is also current point
  no. of rejections          403
 stored as    14

 highest radius point found:
  at point   40.128  43.834  41.171
  closest atom surface    0.559   C17 32  X    1
  2nd closest surface     0.560   C42 32  X    1
  found on step    5
 current point:
  at point   39.798  43.834  41.384
  closest atom surface    0.519   C42 32  X    1
  2nd closest surface     0.520   C17 32  X    1
  found on step  976
  no. of rejections          406
 stored as    15

 highest radius point found:
  at point   40.478  44.034  41.061
  closest atom surface    0.581   C16 32  X    1
  2nd closest surface     0.581   C42 32  X    1
  found on step  407
 current point:
  at point   40.472  44.034  41.063
  closest atom surface    0.580   C42 32  X    1
  2nd closest surface     0.581   C16 32  X    1
  found on step  940
  no. of rejections          409
 stored as    16

 highest radius point found:
  at point   40.460  44.234  41.115
  closest atom surface    0.574   C42 32  X    1
  2nd closest surface     0.574   C15 32  X    1
  found on step  996
  this is also current point
  no. of rejections          386
 stored as    17

 highest radius point found:
  at point   40.489  44.434  41.132
  closest atom surface    0.535   C15 32  X    1
  2nd closest surface     0.535   O6  32  X    1
  found on step  644
 current point:
  at point   40.489  44.434  41.133
  closest atom surface    0.535   O6  32  X    1
  2nd closest surface     0.536   C15 32  X    1
  found on step  982
  no. of rejections          393
 stored as    18

 highest radius point found:
  at point   40.489  44.634  41.132
  closest atom surface    0.502   C15 32  X    1
  2nd closest surface     0.509   C17 32  X    1
  found on step    1
 current point:
  at point   40.837  44.634  41.164
  closest atom surface    0.481   C15 32  X    1
  2nd closest surface     0.483   O6  32  X    1
  found on step  958
  no. of rejections          400
 stored as    19

 highest radius point found:
  at point   40.596  44.834  41.145
  closest atom surface    0.477   C15 32  X    1
  2nd closest surface     0.481   O2  32  X    1
  found on step  413
 current point:
  at point   40.990  44.834  41.183
  closest atom surface    0.476   O6  32  X    1
  2nd closest surface     0.476   C15 32  X    1
  found on step  974
  no. of rejections          386
 stored as    20

 highest radius point found:
  at point   41.063  45.034  41.193
  closest atom surface    0.487   C15 32  X    1
  2nd closest surface     0.488   C40 32  X    1
  found on step  164
 current point:
  at point   40.783  45.034  41.170
  closest atom surface    0.476   C15 32  X    1
  2nd closest surface     0.476   O6  32  X    1
  found on step 1000
  no. of rejections          377
 stored as    21

 highest radius point found:
  at point   41.129  45.234  41.207
  closest atom surface    0.521   C15 32  X    1
  2nd closest surface     0.522   O6  32  X    1
  found on step  821
 current point:
  at point   41.115  45.234  41.205
  closest atom surface    0.518   C15 32  X    1
  2nd closest surface     0.521   O6  32  X    1
  found on step  966
  no. of rejections          395
 stored as    22

 highest radius point found:
  at point   41.196  45.434  41.221
  closest atom surface    0.573   O6  32  X    1
  2nd closest surface     0.573   C15 32  X    1
  found on step  782
 current point:
  at point   41.187  45.434  41.220
  closest atom surface    0.571   C15 32  X    1
  2nd closest surface     0.571   O6  32  X    1
  found on step  934
  no. of rejections          400
 stored as    23

 highest radius point found:
  at point   41.259  45.634  41.235
  closest atom surface    0.641   O6  32  X    1
  2nd closest surface     0.641   C15 32  X    1
  found on step  949
  this is also current point
  no. of rejections          389
 stored as    24

 highest radius point found:
  at point   41.341  45.834  41.266
  closest atom surface    0.713   H16 32  X    1
  2nd closest surface     0.715   C40 32  X    1
  found on step  976
  this is also current point
  no. of rejections          402
 stored as    25

 highest radius point found:
  at point   41.418  46.034  41.318
  closest atom surface    0.791   O6  32  X    1
  2nd closest surface     0.794   H16 32  X    1
  found on step  782
 current point:
  at point   41.434  46.034  41.313
  closest atom surface    0.789   C40 32  X    1
  2nd closest surface     0.791   H16 32  X    1
  found on step  994
  no. of rejections          355
 stored as    26

 highest radius point found:
  at point   41.465  46.234  41.355
  closest atom surface    0.880   H16 32  X    1
  2nd closest surface     0.883   O6  32  X    1
  found on step  941
  this is also current point
  no. of rejections          346
 stored as    27

 highest radius point found:
  at point   41.492  46.434  41.391
  closest atom surface    0.981   H16 32  X    1
  2nd closest surface     0.981   H38 32  X    1
  found on step  907
  this is also current point
  no. of rejections          383
 stored as    28

 highest radius point found:
  at point   47.867  46.634  37.003
  closest atom surface    3.693   O5  32  X    1
  2nd closest surface     3.706   O1  32  X    1
  found on step 1000
  this is also current point
  no. of rejections          229
 stored as    29

 highest radius point found:
  at point   57.224  46.834  32.398
  closest atom surface   12.267   O5  32  X    1
  2nd closest surface    12.551   H36 32  X    1
  found on step  999
  this is also current point
  no. of rejections          236
 stored as    30

 highest radius point found:
  at point   66.482  47.034  26.850
  closest atom surface   22.627   H36 32  X    1
  2nd closest surface    22.750   O5  32  X    1
  found on step 1000
  this is also current point
  no. of rejections          240
 This is an end! (radius above  22.0 angs)
 highest radius point found:
  at point   39.701  40.634  40.618
  closest atom surface    1.974   C46 32  X    1
  2nd closest surface     1.982   C30 32  X    1
  found on step   84
 current point:
  at point   38.872  40.634  40.967
  closest atom surface    1.972   C46 32  X    1
  2nd closest surface     1.973   C30 32  X    1
  found on step  957
  no. of rejections          376
 stored as    -1

 highest radius point found:
  at point   39.675  40.434  40.586
  closest atom surface    2.059   C31 32  X    1
  2nd closest surface     2.061   C46 32  X    1
  found on step    8
 current point:
  at point   39.721  40.434  40.553
  closest atom surface    2.057   C31 32  X    1
  2nd closest surface     2.058   C46 32  X    1
  found on step  985
  no. of rejections          366
 stored as    -2

 highest radius point found:
  at point   39.662  40.234  40.529
  closest atom surface    2.143   C31 32  X    1
  2nd closest surface     2.145   C46 32  X    1
  found on step  680
 current point:
  at point   39.123  40.234  40.770
  closest atom surface    2.130   C30 32  X    1
  2nd closest surface     2.130   C46 32  X    1
  found on step  919
  no. of rejections          368
 stored as    -3

 highest radius point found:
  at point   39.552  40.034  40.539
  closest atom surface    2.241   C31 32  X    1
  2nd closest surface     2.243   C46 32  X    1
  found on step  772
 current point:
  at point   39.595  40.034  40.509
  closest atom surface    2.239   C46 32  X    1
  2nd closest surface     2.240   C31 32  X    1
  found on step  920
  no. of rejections          372
 stored as    -4

 highest radius point found:
  at point   39.486  39.834  40.551
  closest atom surface    2.316   C47 32  X    1
  2nd closest surface     2.322   C31 32  X    1
  found on step  285
 current point:
  at point   40.036  39.834  40.194
  closest atom surface    2.310   C31 32  X    1
  2nd closest surface     2.311   C47 32  X    1
  found on step  948
  no. of rejections          372
 stored as    -5

 highest radius point found:
  at point   39.456  39.634  40.548
  closest atom surface    2.393   C47 32  X    1
  2nd closest surface     2.400   C31 32  X    1
  found on step  155
 current point:
  at point   40.015  39.634  40.185
  closest atom surface    2.385   C47 32  X    1
  2nd closest surface     2.386   C31 32  X    1
  found on step  974
  no. of rejections          378
 stored as    -6

 highest radius point found:
  at point   39.479  39.434  40.513
  closest atom surface    2.474   C47 32  X    1
  2nd closest surface     2.479   C31 32  X    1
  found on step  152
 current point:
  at point   40.029  39.434  40.155
  closest atom surface    2.470   C31 32  X    1
  2nd closest surface     2.471   C47 32  X    1
  found on step  969
  no. of rejections          344
 stored as    -7

 highest radius point found:
  at point   39.518  39.234  40.469
  closest atom surface    2.563   C47 32  X    1
  2nd closest surface     2.563   C31 32  X    1
  found on step  943
  this is also current point
  no. of rejections          357
 stored as    -8

 highest radius point found:
  at point   39.562  39.034  40.405
  closest atom surface    2.645   C32 32  X    1
  2nd closest surface     2.647   C26 32  X    1
  found on step  954
  this is also current point
  no. of rejections          374
 stored as    -9

 highest radius point found:
  at point   39.602  38.834  40.312
  closest atom surface    2.719   C47 32  X    1
  2nd closest surface     2.721   C32 32  X    1
  found on step  396
 current point:
  at point   39.714  38.834  40.233
  closest atom surface    2.713   C47 32  X    1
  2nd closest surface     2.713   C32 32  X    1
  found on step  951
  no. of rejections          379
 stored as   -10

 highest radius point found:
  at point   39.607  38.634  40.248
  closest atom surface    2.803   H3  32  X    1
  2nd closest surface     2.803   C26 32  X    1
  found on step  911
  this is also current point
  no. of rejections          397
 stored as   -11

 highest radius point found:
  at point   39.591  38.434  40.376
  closest atom surface    2.768   H3  32  X    1
  2nd closest surface     2.768   C32 32  X    1
  found on step  979
  this is also current point
  no. of rejections          360
 stored as   -12

 highest radius point found:
  at point   39.569  38.234  40.496
  closest atom surface    2.746   C26 32  X    1
  2nd closest surface     2.747   H3  32  X    1
  found on step  582
 current point:
  at point   39.571  38.234  40.501
  closest atom surface    2.745   C26 32  X    1
  2nd closest surface     2.746   C32 32  X    1
  found on step  996
  no. of rejections          411
 stored as   -13

 highest radius point found:
  at point   39.550  38.034  40.615
  closest atom surface    2.737   C26 32  X    1
  2nd closest surface     2.737   H3  32  X    1
  found on step  898
  this is also current point
  no. of rejections          387
 stored as   -14

 highest radius point found:
  at point   39.538  37.834  40.741
  closest atom surface    2.742   C32 32  X    1
  2nd closest surface     2.743   C26 32  X    1
  found on step  938
  this is also current point
  no. of rejections          388
 stored as   -15

 highest radius point found:
  at point   39.518  37.634  40.854
  closest atom surface    2.759   H3  32  X    1
  2nd closest surface     2.760   C26 32  X    1
  found on step  919
  this is also current point
  no. of rejections          371
 stored as   -16

 highest radius point found:
  at point   39.505  37.434  40.974
  closest atom surface    2.790   C32 32  X    1
  2nd closest surface     2.790   C26 32  X    1
  found on step  986
  this is also current point
  no. of rejections          374
 stored as   -17

 highest radius point found:
  at point   39.488  37.234  41.087
  closest atom surface    2.832   C26 32  X    1
  2nd closest surface     2.833   C32 32  X    1
  found on step  973
  this is also current point
  no. of rejections          371
 stored as   -18

 highest radius point found:
  at point   39.465  37.034  41.187
  closest atom surface    2.883   H3  32  X    1
  2nd closest surface     2.883   C26 32  X    1
  found on step  969
  this is also current point
  no. of rejections          349
 stored as   -19

 highest radius point found:
  at point   39.458  36.834  41.308
  closest atom surface    2.951   H3  32  X    1
  2nd closest surface     2.952   C32 32  X    1
  found on step  997
  this is also current point
  no. of rejections          353
 stored as   -20

 highest radius point found:
  at point   39.446  36.634  41.418
  closest atom surface    3.024   C32 32  X    1
  2nd closest surface     3.025   H3  32  X    1
  found on step  958
  this is also current point
  no. of rejections          375
 stored as   -21

 highest radius point found:
  at point   39.427  36.434  41.523
  closest atom surface    3.111   C26 32  X    1
  2nd closest surface     3.112   H3  32  X    1
  found on step  963
  this is also current point
  no. of rejections          388
 stored as   -22

 highest radius point found:
  at point   39.412  36.234  41.629
  closest atom surface    3.204   C26 32  X    1
  2nd closest surface     3.207   H3  32  X    1
  found on step  983
  this is also current point
  no. of rejections          368
 stored as   -23

 highest radius point found:
  at point   39.400  36.034  41.731
  closest atom surface    3.308   H3  32  X    1
  2nd closest surface     3.309   C26 32  X    1
  found on step  923
  this is also current point
  no. of rejections          339
 stored as   -24

 highest radius point found:
  at point   39.386  35.834  41.836
  closest atom surface    3.419   C26 32  X    1
  2nd closest surface     3.420   C32 32  X    1
  found on step  963
  this is also current point
  no. of rejections          385
 stored as   -25

 highest radius point found:
  at point   39.372  35.634  41.936
  closest atom surface    3.537   C26 32  X    1
  2nd closest surface     3.538   H3  32  X    1
  found on step  911
  this is also current point
  no. of rejections          354
 stored as   -26

 highest radius point found:
  at point   39.356  35.434  42.052
  closest atom surface    3.659   C26 32  X    1
  2nd closest surface     3.661   C32 32  X    1
  found on step  199
 current point:
  at point   38.971  35.434  43.846
  closest atom surface    3.599   H33 32  X    1
  2nd closest surface     3.600   O3  32  X    1
  found on step  895
  no. of rejections          311
 stored as   -27

 highest radius point found:
  at point   39.352  35.234  42.139
  closest atom surface    3.792   C32 32  X    1
  2nd closest surface     3.794   H3  32  X    1
  found on step  980
  this is also current point
  no. of rejections          303
 stored as   -28

 highest radius point found:
  at point   38.444  35.034  45.050
  closest atom surface    4.036   O3  32  X    1
  2nd closest surface     4.043   C26 32  X    1
  found on step 1000
  this is also current point
  no. of rejections          307
 stored as   -29

 highest radius point found:
  at point   39.029  34.834  54.897
  closest atom surface    9.971   O3  32  X    1
  2nd closest surface    10.302   C25 32  X    1
  found on step  999
  this is also current point
  no. of rejections          204
 stored as   -30

 highest radius point found:
  at point   39.986  34.634  66.345
  closest atom surface   20.683   O3  32  X    1
  2nd closest surface    21.049   H32 32  X    1
  found on step  999
  this is also current point
  no. of rejections          240
 stored as   -31

 highest radius point found:
  at point   40.537  34.434  78.471
  closest atom surface   32.571   O3  32  X    1
  2nd closest surface    32.714   H32 32  X    1
  found on step  999
  this is also current point
  no. of rejections          259
 This is an end! (radius above  22.0 angs)
 
 N.b. Graph information routine (HOGRAP) differs 
        markedly from previous versions!
       Information now is written from -ve end
       to +ve in one pass
 
 Explanation of the meaning of each column: 
 First column "cenxyz.cvec" is the coordinate in the
   direction of the channel vector i.e. if the channel
   vector is in z (0 0 1) then it is the z coordinate.
 The second column "radius" is the hole pore radius 
   (as defined in the Biophys J 1993) article).
 The third column "cen_line_D" is the distance 
   measured along the pore centre line - with the 
   first point found set to zero. This was the first
   thing that I used to measure the distance along a pore
   but "cenxyz.cvec" is a much better general measure. 
   However, by comparing changes in this distance to changes in '   "cenxyz.cvec" one can get a measure of how straight a 
   channel is.
 The fourth column "sum{s/(area)}" is useful in conductance
   prediction -
   basically it is the sum of the thickness of each slab
   divided by its area. HOLE uses this measure to estimate
   the macroscopic conductance of a channel.
 If any of this worries you one can see the "raw" results
   of a standard hole run by producing a sphpdb file and 
    directly looking at the results.
 cenxyz.cvec      radius  cen_line_D sum{s/(area point sourc
    34.63443    20.68256   -30.64010     0.00007   (sampled)
    34.73443    15.19920   -24.89519     0.00021 (mid-point)
    34.83443     9.97136   -19.15028     0.00053   (sampled)
    34.93443     6.05433   -14.21700     0.00140 (mid-point)
    35.03443     4.03612    -9.28372     0.00335   (sampled)
    35.13443     3.71581    -7.75589     0.00566 (mid-point)
    35.23443     3.79172    -6.22806     0.00787   (sampled)
    35.33443     3.72591    -6.11904     0.01017 (mid-point)
    35.43443     3.65935    -6.01002     0.01254   (sampled)
    35.53443     3.59734    -5.89397     0.01500 (mid-point)
    35.63443     3.53712    -5.77792     0.01755   (sampled)
    35.73443     3.47728    -5.66594     0.02018 (mid-point)
    35.83443     3.41913    -5.55397     0.02290   (sampled)
    35.93443     3.36291    -5.44088     0.02572 (mid-point)
    36.03443     3.30808    -5.32779     0.02863   (sampled)
    36.13443     3.25548    -5.21520     0.03163 (mid-point)
    36.23443     3.20436    -5.10262     0.03473   (sampled)
    36.33443     3.15646    -4.98931     0.03793 (mid-point)
    36.43443     3.11068    -4.87600     0.04121   (sampled)
    36.53443     3.06745    -4.76256     0.04460 (mid-point)
    36.63443     3.02431    -4.64912     0.04808   (sampled)
    36.73443     2.98651    -4.53483     0.05165 (mid-point)
    36.83443     2.95051    -4.42055     0.05530   (sampled)
    36.93443     2.91503    -4.30375     0.05905 (mid-point)
    37.03443     2.88274    -4.18695     0.06288   (sampled)
    37.13443     2.85617    -4.07460     0.06678 (mid-point)
    37.23443     2.83197    -3.96224     0.07075   (sampled)
    37.33443     2.80985    -3.84707     0.07478 (mid-point)
    37.43443     2.79001    -3.73189     0.07887   (sampled)
    37.53443     2.77360    -3.61498     0.08301 (mid-point)
    37.63443     2.75943    -3.49807     0.08719   (sampled)
    37.73443     2.74983    -3.38295     0.09140 (mid-point)
    37.83443     2.74233    -3.26784     0.09563   (sampled)
    37.93443     2.73850    -3.14925     0.09988 (mid-point)
    38.03443     2.73707    -3.03067     0.10412   (sampled)
    38.13443     2.73990    -2.91394     0.10836 (mid-point)
    38.23443     2.74569    -2.79722     0.11259   (sampled)
    38.33443     2.75536    -2.68014     0.11678 (mid-point)
    38.43443     2.76773    -2.56307     0.12094   (sampled)
    38.53443     2.78347    -2.44419     0.12504 (mid-point)
    38.63443     2.80286    -2.32531     0.12910   (sampled)
    38.73443     2.76092    -2.22037     0.13327 (mid-point)
    38.83443     2.71870    -2.11544     0.13758   (sampled)
    38.93443     2.68162    -2.00335     0.14200 (mid-point)
    39.03443     2.64478    -1.89126     0.14655   (sampled)
    39.13443     2.60376    -1.78393     0.15125 (mid-point)
    39.23443     2.56267    -1.67659     0.15610   (sampled)
    39.33443     2.51728    -1.57241     0.16112 (mid-point)
    39.43443     2.47392    -1.46823     0.16632   (sampled)
    39.53443     2.43248    -1.36597     0.17170 (mid-point)
    39.63443     2.39310    -1.26371     0.17726   (sampled)
    39.73443     2.35369    -1.16258     0.18300 (mid-point)
    39.83443     2.31636    -1.06145     0.18894   (sampled)
    39.93443     2.28050    -0.95596     0.19506 (mid-point)
    40.03443     2.24139    -0.85048     0.20139   (sampled)
    40.13443     2.19086    -0.73623     0.20803 (mid-point)
    40.23443     2.14295    -0.62198     0.21496   (sampled)
    40.33443     2.09973    -0.51785     0.22218 (mid-point)
    40.43443     2.05880    -0.41373     0.22969   (sampled)
    40.53443     2.01627    -0.31167     0.23752 (mid-point)
    40.63443     1.97411    -0.20961     0.24568   (sampled)
    40.73443     1.93508    -0.10481     0.25418 (mid-point)
    40.83443     1.89618    -0.00000     0.26304   (sampled)
    40.93443     1.85622     0.12191     0.27228 (mid-point)
    41.03443     1.81745     0.24383     0.28191   (sampled)
    41.13443     1.78629     0.35478     0.29189 (mid-point)
    41.23443     1.75657     0.46573     0.30220   (sampled)
    41.33443     1.73045     0.58343     0.31283 (mid-point)
    41.43443     1.70779     0.70113     0.32375   (sampled)
    41.53443     1.67516     0.81202     0.33509 (mid-point)
    41.63443     1.64575     0.92290     0.34684   (sampled)
    41.73443     1.59284     1.02354     0.35939 (mid-point)
    41.83443     1.53979     1.12417     0.37282   (sampled)
    41.93443     1.47601     1.22510     0.38743 (mid-point)
    42.03443     1.41331     1.32602     0.40336   (sampled)
    42.13443     1.35063     1.42741     0.42081 (mid-point)
    42.23443     1.28997     1.52880     0.43994   (sampled)
    42.33443     1.23115     1.63032     0.46094 (mid-point)
    42.43443     1.17460     1.73184     0.48401   (sampled)
    42.53443     1.12229     1.83300     0.50928 (mid-point)
    42.63443     1.07094     1.93416     0.53704   (sampled)
    42.73443     1.01243     2.04432     0.56809 (mid-point)
    42.83443     0.95442     2.15447     0.60304   (sampled)
    42.93443     0.89754     2.26670     0.64255 (mid-point)
    43.03443     0.84414     2.37892     0.68722   (sampled)
    43.13443     0.79609     2.50060     0.73745 (mid-point)
    43.23443     0.75261     2.62228     0.79364   (sampled)
    43.33443     0.71230     2.73885     0.85638 (mid-point)
    43.43443     0.67674     2.85542     0.92588   (sampled)
    43.53443     0.64857     2.96991     1.00155 (mid-point)
    43.63443     0.62324     3.08441     1.08350   (sampled)
    43.73443     0.58900     3.19168     1.17526 (mid-point)
    43.83443     0.55875     3.29894     1.27721   (sampled)
    43.93443     0.56123     3.50796     1.37827 (mid-point)
    44.03443     0.58064     3.71698     1.47269   (sampled)
    44.13443     0.57496     3.82096     1.56898 (mid-point)
    44.23443     0.57370     3.92494     1.66569   (sampled)
    44.33443     0.55279     4.02635     1.76985 (mid-point)
    44.43443     0.53537     4.12777     1.88091   (sampled)
    44.53443     0.51683     4.22777     2.00008 (mid-point)
    44.63443     0.50240     4.32777     2.12619   (sampled)
    44.73443     0.48698     4.44141     2.26041 (mid-point)
    44.83443     0.47701     4.55506     2.40031   (sampled)
    44.93443     0.46793     4.80999     2.54568 (mid-point)
    45.03443     0.48679     5.06493     2.68001   (sampled)
    45.13443     0.50175     5.17051     2.80645 (mid-point)
    45.23443     0.52132     5.27609     2.92357   (sampled)
    45.33443     0.54486     5.38188     3.03079 (mid-point)
    45.43443     0.57276     5.48767     3.12782   (sampled)
    45.53443     0.60464     5.59270     3.21489 (mid-point)
    45.63443     0.64090     5.69772     3.29238   (sampled)
    45.73443     0.67633     5.80681     3.36197 (mid-point)
    45.83443     0.71324     5.91589     3.42454   (sampled)
    45.93443     0.75069     6.02629     3.48103 (mid-point)
    46.03443     0.79082     6.13669     3.53192   (sampled)
    46.13443     0.83475     6.24102     3.57761 (mid-point)
    46.23443     0.88027     6.34534     3.61868   (sampled)
    46.33443     0.92849     6.44784     3.65561 (mid-point)
    46.43443     0.98085     6.55034     3.68869   (sampled)
    46.53443     1.60000    10.42148     3.70113 (mid-point)
    46.63443     3.69253    14.29263     3.70346   (sampled)
    46.73443     7.51038    19.50797     3.70403 (mid-point)
    46.83443    12.26696    24.72331     3.70424   (sampled)

 Minimum radius found:      0.468 angstroms.



 For spherical probe approach, The geometric factor
         F= sum(ds/area) along channel is    3.704 angstroms**-1
 This yields a macroscopic predicted molar conductance of:
   (1/rho)*(100/F)= (27/rho) pS,
   where rho is the conductivity of 1M permeant ion in ohm m.
 N.B. this is a macroscopic conductance - an overestimate 
 Empirically corrected conductances currently only available
 With the CAPSULE option (although its not that stable!)
 For 1M KCl rho= 1/12 (ohm m), So Gmacro= 320 pS/M.
  (TAG      1   Rmin=     0.46793   Gmacro=   323.95339 Conn_Gmacro=    -1.00000 ).
 HOLE: normal completion
