 *** Program HOLE ***
 
 If results of this run are reported or published, please
 cite the publication listed below.
 For the HOLE program:
   Smart, O.S., Goodfellow, J.M., Wallace, B.A. (1993). 
   The pore dimensions of gramicidin A. 
   Biophys. J., 65, 2455-2460.
 
 Originally written by Oliver Smart at Birkbeck College from April 1992.
 Copyright 1993-2005 Oliver Smart
 Copyright 2014-2015 SmartSci Limited.
 Copyright 2016 Oliver Smart.
 
 For help on HOLE suite see  http://www.holeprogram.org/
 
 HOLE release 2.2.005 (07 August 2016) 
 
 usage subject to Apache License, Version 2.0 
 see http://www.apache.org/licenses/LICENSE-2.0 

 Control variables read:

! Input file for Oliver Smart's HOLE program
! written by MDAnalysis.analysis.hole2.HoleAnalysis
! for a Universe
! u = mda.Universe(host_32.mol2
!    host_32.trr
!   )
! Frame 53

COORD  /tmp/tmp1_g67jqo.pdb
RADIUS simple2.rad
SPHPDB hole053.sph
SAMPLE 0.200000
ENDRAD 22.000000
IGNORE SOL WAT TIP HOH K   NA  CL
SHORTO 0
RASEED 31415
CPOINT 39.7469360645 40.2607253882 39.6708600154


 WARNING have not found a CVECT record - will try to guess
 Input pdb filename read as:    '/tmp/tmp1_g67jqo.pdb'
 Input vdW radius file read as: 'simple2.rad'
 point in channel:   39.747  40.261  39.671
 channel vector:   ************************
 sampling distance between planes:    0.200

 graphics conditions:
 binary plot output file name: NONE
 Dot density:    10
 Draw dots?           T
 Draw close contacts? F
 Draw centre line?    T
 Produce spikes rather than dots? F
 Seed for random number generator:     31415 (0 means value set by program)
 Radius above which a result is regarded as an 'end':  22.000
 Pdb format file for sphere centres: hole053.sph

 Monte Carlo conditions:
  no of steps:  1000
  maximum displacement   0.100 angs
  'kT' initial   0.100 angs
 The spherebox and capsule options are turned off.
 (No molqpt card so will not write qpt file of the molecule)
 IGNORE card read so will ignore residue types: SOL WAT TIP HOH K   NA  CL
 no SHORTO card read so will produce full textual output
 As no PEGRAT card was found will not produce PEG polymer exclusion graph
 (No 2DMAPS card specified so will not produce 2D property maps)
 Have not found a CUT card.  Normal calculation using
   Cutoff lists with a cutsize=       1.000
   (if you wish to turn off option use a CUT -1 card)

 Have read     7 bond radius records and
              16 vdW radius records.
 From file: simple2.rad

 Have read   104 atom records.
 From file: /tmp/tmp1_g67jqo.pdb
 Will not produce graphical output
 Warning have tried to open file: 'hole053.sph' as NEW but
         this file already exists - old version kept as 'hole053.sph.old'

 Have opened file for pdb format output of sphere centres:  hole053.sph

  Seed integer used by ran # generator on this run      31415

 
 S/R cguess will try to guess CPOINT and/or CVECT
 
 THESE GUESSES MAY WELL BE WRONG!!!!
 Routine relies on having a reasonably symmetric
 channel oriented along x, y or z vector
 YOU ARE STRONGLY ADVISED TO CHECK THE RESULTS
                       WITH MOLECULAR GRAPHICS
 testing points from cpoint in X, Y then Z direction
   point                   pore radius
direction     1
  34.747  40.261  39.671    -0.659
  35.747  40.261  39.671    -0.936
  36.747  40.261  39.671    -0.469
  37.747  40.261  39.671    -0.239
  38.747  40.261  39.671     0.398
  39.747  40.261  39.671     1.234
  40.747  40.261  39.671     1.353
  41.747  40.261  39.671     1.113
  42.747  40.261  39.671     0.848
  43.747  40.261  39.671     0.898
  44.747  40.261  39.671     1.284
 Average pore radius along the line=      0.439
direction     2
  39.747  35.261  39.671     0.526
  39.747  36.261  39.671     0.062
  39.747  37.261  39.671     0.066
  39.747  38.261  39.671     0.518
  39.747  39.261  39.671     0.875
  39.747  40.261  39.671     1.234
  39.747  41.261  39.671     0.458
  39.747  42.261  39.671    -0.440
  39.747  43.261  39.671    -1.045
  39.747  44.261  39.671    -0.738
  39.747  45.261  39.671    -0.006
 Average pore radius along the line=      0.137
direction     3
  39.747  40.261  34.671    -1.294
  39.747  40.261  35.671    -0.742
  39.747  40.261  36.671     0.187
  39.747  40.261  37.671     0.836
  39.747  40.261  38.671     1.120
  39.747  40.261  39.671     1.234
  39.747  40.261  40.671     1.463
  39.747  40.261  41.671     1.287
  39.747  40.261  42.671     1.066
  39.747  40.261  43.671     0.341
  39.747  40.261  44.671    -0.481
 Average pore radius along the line=      0.456
 Best direction is found to be     3
(1=X,2=Y,3=Z)
 s/r cguess has produced initial values for cpoint &/or cvect:
CPOINT      39.7469     40.2607     39.6709
CVECT        0.0000      0.0000      1.0000
 THESE GUESSES MAY WELL BE WRONG!!!!
 Routine relies on having a reasonably symmetric
 channel oriented along x, y or z vector
 YOU ARE STRONGLY ADVISED TO CHECK THE RESULTS
                       WITH MOLECULAR GRAPHICS
 
 
  Some routines (e.g. conn) need vectors normal to cvect: 
     EAST Zero degrees angle is along vector    1.000   0.000   0.000
     NORTH  90 degrees angle is along vector    0.000  -1.000   0.000
 highest radius point found:
  at point   43.573  37.068  39.671
  closest atom surface    3.714   H8  32  X    1
  2nd closest surface     3.716   O8  32  X    1
  found on step  993
  this is also current point
  no. of rejections          367
 stored as     0

 highest radius point found:
  at point   44.255  34.531  39.871
  closest atom surface    4.802   H8  32  X    1
  2nd closest surface     4.822   O8  32  X    1
  found on step  999
  this is also current point
  no. of rejections          191
 stored as     1

 highest radius point found:
  at point   48.443  24.674  40.071
  closest atom surface   13.010   C3  32  X    1
  2nd closest surface    13.153   H6  32  X    1
  found on step  999
  this is also current point
  no. of rejections          236
 stored as     2

 highest radius point found:
  at point   54.539  14.976  40.271
  closest atom surface   23.707   C3  32  X    1
  2nd closest surface    23.761   H4  32  X    1
  found on step 1000
  this is also current point
  no. of rejections          240
 This is an end! (radius above  22.0 angs)
 highest radius point found:
  at point   46.686  28.433  39.471
  closest atom surface    9.165   C3  32  X    1
  2nd closest surface     9.220   H6  32  X    1
  found on step 1000
  this is also current point
  no. of rejections          232
 stored as    -1

 highest radius point found:
  at point   49.589  19.809  39.271
  closest atom surface   17.198   C3  32  X    1
  2nd closest surface    17.338   H4  32  X    1
  found on step  999
  this is also current point
  no. of rejections          241
 stored as    -2

 highest radius point found:
  at point   53.526  10.646  39.071
  closest atom surface   26.765   C3  32  X    1
  2nd closest surface    26.825   H4  32  X    1
  found on step  999
  this is also current point
  no. of rejections          241
 This is an end! (radius above  22.0 angs)
 
 N.b. Graph information routine (HOGRAP) differs 
        markedly from previous versions!
       Information now is written from -ve end
       to +ve in one pass
 
 Explanation of the meaning of each column: 
 First column "cenxyz.cvec" is the coordinate in the
   direction of the channel vector i.e. if the channel
   vector is in z (0 0 1) then it is the z coordinate.
 The second column "radius" is the hole pore radius 
   (as defined in the Biophys J 1993) article).
 The third column "cen_line_D" is the distance 
   measured along the pore centre line - with the 
   first point found set to zero. This was the first
   thing that I used to measure the distance along a pore
   but "cenxyz.cvec" is a much better general measure. 
   However, by comparing changes in this distance to changes in '   "cenxyz.cvec" one can get a measure of how straight a 
   channel is.
 The fourth column "sum{s/(area)}" is useful in conductance
   prediction -
   basically it is the sum of the thickness of each slab
   divided by its area. HOLE uses this measure to estimate
   the macroscopic conductance of a channel.
 If any of this worries you one can see the "raw" results
   of a standard hole run by producing a sphpdb file and 
    directly looking at the results.
 cenxyz.cvec      radius  cen_line_D sum{s/(area point sourc
    39.27086    17.19758   -18.28366     0.00011   (sampled)
    39.37086    13.02811   -13.73262     0.00030 (mid-point)
    39.47086     9.16500    -9.18157     0.00067   (sampled)
    39.57086     5.76303    -4.59079     0.00163 (mid-point)
    39.67086     3.71374     0.00000     0.00394   (sampled)
    39.77086     4.11878     1.31776     0.00582 (mid-point)
    39.87086     4.80151     2.63552     0.00720   (sampled)
    39.97086     8.53977     7.99110     0.00763 (mid-point)
    40.07086    13.01005    13.34667     0.00782   (sampled)

 Minimum radius found:      3.714 angstroms.



 For spherical probe approach, The geometric factor
         F= sum(ds/area) along channel is    0.008 angstroms**-1
 This yields a macroscopic predicted molar conductance of:
   (1/rho)*(100/F)= (13000/rho) pS,
   where rho is the conductivity of 1M permeant ion in ohm m.
 N.B. this is a macroscopic conductance - an overestimate 
 Empirically corrected conductances currently only available
 With the CAPSULE option (although its not that stable!)
 For 1M KCl rho= 1/12 (ohm m), So Gmacro= 150000 pS/M.
  (TAG      1   Rmin=     3.71374   Gmacro=153412.80505 Conn_Gmacro=    -1.00000 ).
 HOLE: normal completion
