 *** Program HOLE ***
 
 If results of this run are reported or published, please
 cite the publication listed below.
 For the HOLE program:
   Smart, O.S., Goodfellow, J.M., Wallace, B.A. (1993). 
   The pore dimensions of gramicidin A. 
   Biophys. J., 65, 2455-2460.
 
 Originally written by Oliver Smart at Birkbeck College from April 1992.
 Copyright 1993-2005 Oliver Smart
 Copyright 2014-2015 SmartSci Limited.
 Copyright 2016 Oliver Smart.
 
 For help on HOLE suite see  http://www.holeprogram.org/
 
 HOLE release 2.2.005 (07 August 2016) 
 
 usage subject to Apache License, Version 2.0 
 see http://www.apache.org/licenses/LICENSE-2.0 

 Control variables read:

! Input file for Oliver Smart's HOLE program
! written by MDAnalysis.analysis.hole2.HoleAnalysis
! for a Universe
! u = mda.Universe(/afs/crc.nd.edu/user/m/mfarshad/Private/ML-new/traj/host-M1/h
!    /afs/crc.nd.edu/user/m/mfarshad/Private/ML-new/traj/host-M1/host_M1.trr
!   )
! Frame 272

COORD  /tmp/2550303.1.long/tmpkukn64rs.pdb
RADIUS simple2.rad
SPHPDB hole272.sph
SAMPLE 0.200000
ENDRAD 22.000000
IGNORE SOL WAT TIP HOH K   NA  CL
SHORTO 0
RASEED 31415
CPOINT 39.7456075033 40.0635328929 40.3919267909


 WARNING have not found a CVECT record - will try to guess
 Input pdb filename read as:    '/tmp/2550303.1.long/tmpkukn64rs.pdb'
 Input vdW radius file read as: 'simple2.rad'
 point in channel:   39.746  40.064  40.392
 channel vector:   ************************
 sampling distance between planes:    0.200

 graphics conditions:
 binary plot output file name: NONE
 Dot density:    10
 Draw dots?           T
 Draw close contacts? F
 Draw centre line?    T
 Produce spikes rather than dots? F
 Seed for random number generator:     31415 (0 means value set by program)
 Radius above which a result is regarded as an 'end':  22.000
 Pdb format file for sphere centres: hole272.sph

 Monte Carlo conditions:
  no of steps:  1000
  maximum displacement   0.100 angs
  'kT' initial   0.100 angs
 The spherebox and capsule options are turned off.
 (No molqpt card so will not write qpt file of the molecule)
 IGNORE card read so will ignore residue types: SOL WAT TIP HOH K   NA  CL
 no SHORTO card read so will produce full textual output
 As no PEGRAT card was found will not produce PEG polymer exclusion graph
 (No 2DMAPS card specified so will not produce 2D property maps)
 Have not found a CUT card.  Normal calculation using
   Cutoff lists with a cutsize=       1.000
   (if you wish to turn off option use a CUT -1 card)

 Have read     7 bond radius records and
              16 vdW radius records.
 From file: simple2.rad

 Have read   150 atom records.
 From file: /tmp/2550303.1.long/tmpkukn64rs.pdb
 Will not produce graphical output

 Have opened file for pdb format output of sphere centres:  hole272.sph

  Seed integer used by ran # generator on this run      31415

 
 S/R cguess will try to guess CPOINT and/or CVECT
 
 THESE GUESSES MAY WELL BE WRONG!!!!
 Routine relies on having a reasonably symmetric
 channel oriented along x, y or z vector
 YOU ARE STRONGLY ADVISED TO CHECK THE RESULTS
                       WITH MOLECULAR GRAPHICS
 testing points from cpoint in X, Y then Z direction
   point                   pore radius
direction     1
  34.746  40.064  40.392     1.976
  35.746  40.064  40.392     1.658
  36.746  40.064  40.392     1.648
  37.746  40.064  40.392     1.767
  38.746  40.064  40.392     1.655
  39.746  40.064  40.392     1.020
  40.746  40.064  40.392     0.660
  41.746  40.064  40.392     0.704
  42.746  40.064  40.392     0.897
  43.746  40.064  40.392     0.757
  44.746  40.064  40.392     0.885
 Average pore radius along the line=      1.239
direction     2
  39.746  35.064  40.392    -1.392
  39.746  36.064  40.392    -0.913
  39.746  37.064  40.392     0.059
  39.746  38.064  40.392     0.785
  39.746  39.064  40.392     0.701
  39.746  40.064  40.392     1.020
  39.746  41.064  40.392     1.626
  39.746  42.064  40.392     1.002
  39.746  43.064  40.392     0.437
  39.746  44.064  40.392     0.206
  39.746  45.064  40.392     0.407
 Average pore radius along the line=      0.358
direction     3
  39.746  40.064  35.392    -0.847
  39.746  40.064  36.392    -0.441
  39.746  40.064  37.392     0.352
  39.746  40.064  38.392     1.261
  39.746  40.064  39.392     1.794
  39.746  40.064  40.392     1.020
  39.746  40.064  41.392     0.447
  39.746  40.064  42.392     0.264
  39.746  40.064  43.392     0.267
  39.746  40.064  44.392    -0.475
  39.746  40.064  45.392    -1.354
 Average pore radius along the line=      0.208
 Best direction is found to be     1
(1=X,2=Y,3=Z)
 s/r cguess has produced initial values for cpoint &/or cvect:
CPOINT      39.7456     40.0635     40.3919
CVECT        1.0000      0.0000      0.0000
 THESE GUESSES MAY WELL BE WRONG!!!!
 Routine relies on having a reasonably symmetric
 channel oriented along x, y or z vector
 YOU ARE STRONGLY ADVISED TO CHECK THE RESULTS
                       WITH MOLECULAR GRAPHICS
 
 
  Some routines (e.g. conn) need vectors normal to cvect: 
     EAST Zero degrees angle is along vector    0.000   1.000   0.000
     NORTH  90 degrees angle is along vector    0.000   0.000  -1.000
 highest radius point found:
  at point   39.746  40.734  39.592
  closest atom surface    1.945   H16 M1  X    1
  2nd closest surface     1.949   O17 M1  X    1
  found on step  907
  this is also current point
  no. of rejections          364
 stored as     0

 highest radius point found:
  at point   39.946  40.812  39.491
  closest atom surface    1.996   H16 M1  X    1
  2nd closest surface     1.996   O17 M1  X    1
  found on step  449
 current point:
  at point   39.946  40.811  39.492
  closest atom surface    1.995   O17 M1  X    1
  2nd closest surface     1.996   H16 M1  X    1
  found on step  893
  no. of rejections          339
 stored as     1

 highest radius point found:
  at point   40.146  40.886  39.383
  closest atom surface    2.060   H16 M1  X    1
  2nd closest surface     2.061   O17 M1  X    1
  found on step  927
  this is also current point
  no. of rejections          399
 stored as     2

 highest radius point found:
  at point   40.346  41.010  39.371
  closest atom surface    2.093   S4  M1  X    1
  2nd closest surface     2.094   S1  M1  X    1
  found on step  728
 current point:
  at point   40.346  41.011  39.376
  closest atom surface    2.091   S4  M1  X    1
  2nd closest surface     2.092   O17 M1  X    1
  found on step  992
  no. of rejections          390
 stored as     3

 highest radius point found:
  at point   40.546  41.145  39.398
  closest atom surface    2.121   O17 M1  X    1
  2nd closest surface     2.122   S1  M1  X    1
  found on step  971
  this is also current point
  no. of rejections          389
 stored as     4

 highest radius point found:
  at point   40.746  41.292  39.430
  closest atom surface    2.165   O17 M1  X    1
  2nd closest surface     2.166   S4  M1  X    1
  found on step  994
  this is also current point
  no. of rejections          369
 stored as     5

 highest radius point found:
  at point   40.946  41.430  39.454
  closest atom surface    2.226   S4  M1  X    1
  2nd closest surface     2.226   O17 M1  X    1
  found on step  612
 current point:
  at point   40.946  41.432  39.454
  closest atom surface    2.225   S4  M1  X    1
  2nd closest surface     2.226   S1  M1  X    1
  found on step  993
  no. of rejections          389
 stored as     6

 highest radius point found:
  at point   41.146  41.571  39.484
  closest atom surface    2.297   S4  M1  X    1
  2nd closest surface     2.298   O17 M1  X    1
  found on step  788
 current point:
  at point   41.146  41.573  39.490
  closest atom surface    2.295   O17 M1  X    1
  2nd closest surface     2.295   S4  M1  X    1
  found on step  876
  no. of rejections          381
 stored as     7

 highest radius point found:
  at point   41.346  41.709  39.513
  closest atom surface    2.382   O17 M1  X    1
  2nd closest surface     2.383   S4  M1  X    1
  found on step  966
  this is also current point
  no. of rejections          371
 stored as     8

 highest radius point found:
  at point   41.546  41.850  39.548
  closest atom surface    2.478   S4  M1  X    1
  2nd closest surface     2.479   O17 M1  X    1
  found on step  794
 current point:
  at point   41.546  41.845  39.544
  closest atom surface    2.477   O17 M1  X    1
  2nd closest surface     2.480   S4  M1  X    1
  found on step  936
  no. of rejections          306
 stored as     9

 highest radius point found:
  at point   41.746  41.987  39.575
  closest atom surface    2.587   S4  M1  X    1
  2nd closest surface     2.588   O17 M1  X    1
  found on step  980
  this is also current point
  no. of rejections          324
 stored as    10

 highest radius point found:
  at point   41.946  42.121  39.604
  closest atom surface    2.706   O17 M1  X    1
  2nd closest surface     2.707   S4  M1  X    1
  found on step  957
  this is also current point
  no. of rejections          352
 stored as    11

 highest radius point found:
  at point   42.146  43.153  41.464
  closest atom surface    2.923   O17 M1  X    1
  2nd closest surface     2.923   S4  M1  X    1
  found on step  700
 current point:
  at point   42.146  43.157  41.459
  closest atom surface    2.921   S4  M1  X    1
  2nd closest surface     2.926   C23 M1  X    1
  found on step  961
  no. of rejections          285
 stored as    12

 highest radius point found:
  at point   42.346  43.223  41.352
  closest atom surface    3.054   S4  M1  X    1
  2nd closest surface     3.057   O17 M1  X    1
  found on step  920
  this is also current point
  no. of rejections          288
 stored as    13

 highest radius point found:
  at point   42.546  43.289  41.247
  closest atom surface    3.195   O17 M1  X    1
  2nd closest surface     3.195   S4  M1  X    1
  found on step  851
 current point:
  at point   42.546  43.296  41.246
  closest atom surface    3.193   C23 M1  X    1
  2nd closest surface     3.194   S4  M1  X    1
  found on step  979
  no. of rejections          320
 stored as    14

 highest radius point found:
  at point   42.746  43.355  41.138
  closest atom surface    3.342   O17 M1  X    1
  2nd closest surface     3.342   S4  M1  X    1
  found on step  775
 current point:
  at point   42.746  43.354  41.134
  closest atom surface    3.341   S4  M1  X    1
  2nd closest surface     3.341   O17 M1  X    1
  found on step  889
  no. of rejections          271
 stored as    15

 highest radius point found:
  at point   42.946  43.423  41.030
  closest atom surface    3.495   S4  M1  X    1
  2nd closest surface     3.495   O17 M1  X    1
  found on step  941
  this is also current point
  no. of rejections          281
 stored as    16

 highest radius point found:
  at point   43.146  43.492  40.923
  closest atom surface    3.654   S4  M1  X    1
  2nd closest surface     3.655   C23 M1  X    1
  found on step  993
  this is also current point
  no. of rejections          221
 stored as    17

 highest radius point found:
  at point   43.346  43.555  40.815
  closest atom surface    3.818   S4  M1  X    1
  2nd closest surface     3.819   O17 M1  X    1
  found on step  614
 current point:
  at point   43.346  43.560  40.814
  closest atom surface    3.818   S4  M1  X    1
  2nd closest surface     3.820   C23 M1  X    1
  found on step  984
  no. of rejections          283
 stored as    18

 highest radius point found:
  at point   43.546  47.343  37.310
  closest atom surface    5.097   S4  M1  X    1
  2nd closest surface     5.290   S3  M1  X    1
  found on step  999
  this is also current point
  no. of rejections          162
 stored as    19

 highest radius point found:
  at point   43.746  54.577  35.587
  closest atom surface    9.704   C10 M1  X    1
  2nd closest surface     9.774   O11 M1  X    1
  found on step  992
  this is also current point
  no. of rejections          231
 stored as    20

 highest radius point found:
  at point   43.946  65.621  34.009
  closest atom surface   18.787   H11 M1  X    1
  2nd closest surface    18.844   O11 M1  X    1
  found on step 1000
  this is also current point
  no. of rejections          226
 stored as    21

 highest radius point found:
  at point   44.146  75.802  32.162
  closest atom surface   28.442   H11 M1  X    1
  2nd closest surface    28.602   O11 M1  X    1
  found on step  995
  this is also current point
  no. of rejections          289
 This is an end! (radius above  22.0 angs)
 highest radius point found:
  at point   39.546  39.058  38.924
  closest atom surface    2.057   S1  M1  X    1
  2nd closest surface     2.058   C48 M1  X    1
  found on step  821
 current point:
  at point   39.546  39.071  38.928
  closest atom surface    2.056   S1  M1  X    1
  2nd closest surface     2.057   O17 M1  X    1
  found on step  981
  no. of rejections          372
 stored as    -1

 highest radius point found:
  at point   39.346  39.060  38.938
  closest atom surface    2.136   S1  M1  X    1
  2nd closest surface     2.138   O17 M1  X    1
  found on step  994
  this is also current point
  no. of rejections          393
 stored as    -2

 highest radius point found:
  at point   39.146  39.027  39.014
  closest atom surface    2.166   O7  M1  X    1
  2nd closest surface     2.167   H16 M1  X    1
  found on step  786
 current point:
  at point   39.146  39.027  39.011
  closest atom surface    2.164   O7  M1  X    1
  2nd closest surface     2.166   H16 M1  X    1
  found on step  922
  no. of rejections          379
 stored as    -3

 highest radius point found:
  at point   38.946  39.092  39.208
  closest atom surface    2.124   O17 M1  X    1
  2nd closest surface     2.125   O7  M1  X    1
  found on step  588
 current point:
  at point   38.946  39.086  39.207
  closest atom surface    2.124   O7  M1  X    1
  2nd closest surface     2.124   O17 M1  X    1
  found on step  976
  no. of rejections          357
 stored as    -4

 highest radius point found:
  at point   38.746  38.759  39.373
  closest atom surface    2.102   O7  M1  X    1
  2nd closest surface     2.102   O17 M1  X    1
  found on step  874
  this is also current point
  no. of rejections          367
 stored as    -5

 highest radius point found:
  at point   38.546  39.109  39.583
  closest atom surface    2.095   O17 M1  X    1
  2nd closest surface     2.096   O7  M1  X    1
  found on step  851
 current point:
  at point   38.546  38.940  39.572
  closest atom surface    2.091   O17 M1  X    1
  2nd closest surface     2.091   O7  M1  X    1
  found on step  889
  no. of rejections          360
 stored as    -6

 highest radius point found:
  at point   38.346  39.098  39.770
  closest atom surface    2.109   O17 M1  X    1
  2nd closest surface     2.110   O7  M1  X    1
  found on step  541
 current point:
  at point   38.346  39.010  39.764
  closest atom surface    2.107   O17 M1  X    1
  2nd closest surface     2.107   O7  M1  X    1
  found on step  890
  no. of rejections          413
 stored as    -7

 highest radius point found:
  at point   38.146  39.147  39.948
  closest atom surface    2.134   O22 M1  X    1
  2nd closest surface     2.135   C16 M1  X    1
  found on step  987
  this is also current point
  no. of rejections          379
 stored as    -8

 highest radius point found:
  at point   37.946  40.154  40.814
  closest atom surface    2.124   O17 M1  X    1
  2nd closest surface     2.127   C16 M1  X    1
  found on step  968
  this is also current point
  no. of rejections          361
 stored as    -9

 highest radius point found:
  at point   37.746  40.128  40.976
  closest atom surface    2.194   S4  M1  X    1
  2nd closest surface     2.194   O22 M1  X    1
  found on step  995
  this is also current point
  no. of rejections          384
 stored as   -10

 highest radius point found:
  at point   37.546  40.125  40.992
  closest atom surface    2.201   C16 M1  X    1
  2nd closest surface     2.203   O22 M1  X    1
  found on step  999
  this is also current point
  no. of rejections          408
 stored as   -11

 highest radius point found:
  at point   37.346  40.087  41.016
  closest atom surface    2.188   O22 M1  X    1
  2nd closest surface     2.188   C17 M1  X    1
  found on step  620
 current point:
  at point   37.346  40.067  40.979
  closest atom surface    2.186   C16 M1  X    1
  2nd closest surface     2.189   O22 M1  X    1
  found on step  968
  no. of rejections          355
 stored as   -12

 highest radius point found:
  at point   37.146  39.987  40.953
  closest atom surface    2.176   O22 M1  X    1
  2nd closest surface     2.180   C16 M1  X    1
  found on step  308
 current point:
  at point   37.146  40.173  41.432
  closest atom surface    2.113   H19 M1  X    1
  2nd closest surface     2.114   O22 M1  X    1
  found on step  967
  no. of rejections          374
 stored as   -13

 highest radius point found:
  at point   36.946  39.890  40.902
  closest atom surface    2.174   O22 M1  X    1
  2nd closest surface     2.175   C16 M1  X    1
  found on step  990
  this is also current point
  no. of rejections          352
 stored as   -14

 highest radius point found:
  at point   36.746  39.817  40.877
  closest atom surface    2.189   H19 M1  X    1
  2nd closest surface     2.189   C16 M1  X    1
  found on step  967
  this is also current point
  no. of rejections          404
 stored as   -15

 highest radius point found:
  at point   36.546  39.734  40.857
  closest atom surface    2.209   O22 M1  X    1
  2nd closest surface     2.210   H17 M1  X    1
  found on step  979
  this is also current point
  no. of rejections          389
 stored as   -16

 highest radius point found:
  at point   36.346  39.666  40.861
  closest atom surface    2.237   H17 M1  X    1
  2nd closest surface     2.237   O22 M1  X    1
  found on step  792
 current point:
  at point   36.346  39.666  40.861
  closest atom surface    2.237   O22 M1  X    1
  2nd closest surface     2.238   H17 M1  X    1
  found on step  993
  no. of rejections          384
 stored as   -17

 highest radius point found:
  at point   36.146  39.590  40.856
  closest atom surface    2.275   O22 M1  X    1
  2nd closest surface     2.277   H17 M1  X    1
  found on step  949
  this is also current point
  no. of rejections          352
 stored as   -18

 highest radius point found:
  at point   35.946  39.522  40.855
  closest atom surface    2.327   H17 M1  X    1
  2nd closest surface     2.329   O22 M1  X    1
  found on step  975
  this is also current point
  no. of rejections          367
 stored as   -19

 highest radius point found:
  at point   35.746  39.454  40.855
  closest atom surface    2.391   O22 M1  X    1
  2nd closest surface     2.391   H17 M1  X    1
  found on step   76
 current point:
  at point   35.746  39.437  40.837
  closest atom surface    2.388   H17 M1  X    1
  2nd closest surface     2.390   O22 M1  X    1
  found on step  945
  no. of rejections          387
 stored as   -20

 highest radius point found:
  at point   35.546  39.401  40.876
  closest atom surface    2.463   O7  M1  X    1
  2nd closest surface     2.463   O22 M1  X    1
  found on step  954
  this is also current point
  no. of rejections          371
 stored as   -21

 highest radius point found:
  at point   35.346  39.352  40.923
  closest atom surface    2.533   O22 M1  X    1
  2nd closest surface     2.535   O7  M1  X    1
  found on step  978
  this is also current point
  no. of rejections          399
 stored as   -22

 highest radius point found:
  at point   35.146  39.305  40.971
  closest atom surface    2.613   O22 M1  X    1
  2nd closest surface     2.617   O7  M1  X    1
  found on step  979
  this is also current point
  no. of rejections          360
 stored as   -23

 highest radius point found:
  at point   34.946  39.262  41.020
  closest atom surface    2.704   O22 M1  X    1
  2nd closest surface     2.705   H19 M1  X    1
  found on step  798
 current point:
  at point   34.946  39.254  41.014
  closest atom surface    2.703   O22 M1  X    1
  2nd closest surface     2.703   O7  M1  X    1
  found on step  962
  no. of rejections          357
 stored as   -24

 highest radius point found:
  at point   34.746  39.213  41.062
  closest atom surface    2.803   O7  M1  X    1
  2nd closest surface     2.803   O22 M1  X    1
  found on step  626
 current point:
  at point   34.746  39.215  41.071
  closest atom surface    2.800   O22 M1  X    1
  2nd closest surface     2.806   H19 M1  X    1
  found on step  903
  no. of rejections          354
 stored as   -25

 highest radius point found:
  at point   34.546  39.174  41.115
  closest atom surface    2.909   H19 M1  X    1
  2nd closest surface     2.910   O22 M1  X    1
  found on step  945
  this is also current point
  no. of rejections          350
 stored as   -26

 highest radius point found:
  at point   34.346  39.130  41.162
  closest atom surface    3.024   O22 M1  X    1
  2nd closest surface     3.025   H19 M1  X    1
  found on step  983
  this is also current point
  no. of rejections          352
 stored as   -27

 highest radius point found:
  at point   34.146  39.085  41.208
  closest atom surface    3.144   O22 M1  X    1
  2nd closest surface     3.145   O7  M1  X    1
  found on step  996
  this is also current point
  no. of rejections          309
 stored as   -28

 highest radius point found:
  at point   33.946  39.001  41.240
  closest atom surface    3.258   O7  M1  X    1
  2nd closest surface     3.258   O22 M1  X    1
  found on step  638
 current point:
  at point   33.946  39.001  41.239
  closest atom surface    3.256   O7  M1  X    1
  2nd closest surface     3.258   O22 M1  X    1
  found on step  960
  no. of rejections          346
 stored as   -29

 highest radius point found:
  at point   33.746  38.911  41.274
  closest atom surface    3.376   O22 M1  X    1
  2nd closest surface     3.376   O10 M1  X    1
  found on step  993
  this is also current point
  no. of rejections          349
 stored as   -30

 highest radius point found:
  at point   33.546  38.815  41.299
  closest atom surface    3.500   O7  M1  X    1
  2nd closest surface     3.501   O22 M1  X    1
  found on step  825
 current point:
  at point   33.546  38.812  41.299
  closest atom surface    3.500   O22 M1  X    1
  2nd closest surface     3.500   O7  M1  X    1
  found on step  984
  no. of rejections          322
 stored as   -31

 highest radius point found:
  at point   33.346  38.723  41.330
  closest atom surface    3.632   O22 M1  X    1
  2nd closest surface     3.633   O7  M1  X    1
  found on step  832
 current point:
  at point   33.346  38.724  41.333
  closest atom surface    3.632   O22 M1  X    1
  2nd closest surface     3.632   O10 M1  X    1
  found on step  995
  no. of rejections          344
 stored as   -32

 highest radius point found:
  at point   33.146  38.620  41.356
  closest atom surface    3.767   O22 M1  X    1
  2nd closest surface     3.768   O7  M1  X    1
  found on step  958
  this is also current point
  no. of rejections          303
 stored as   -33

 highest radius point found:
  at point   32.946  38.539  41.384
  closest atom surface    3.907   O7  M1  X    1
  2nd closest surface     3.914   O22 M1  X    1
  found on step  332
 current point:
  at point   32.946  38.533  41.412
  closest atom surface    3.904   O22 M1  X    1
  2nd closest surface     3.908   O10 M1  X    1
  found on step  990
  no. of rejections          269
 stored as   -34

 highest radius point found:
  at point   32.746  38.444  41.415
  closest atom surface    4.057   O7  M1  X    1
  2nd closest surface     4.061   O22 M1  X    1
  found on step  977
  this is also current point
  no. of rejections          287
 stored as   -35

 highest radius point found:
  at point   32.546  38.348  41.446
  closest atom surface    4.211   O7  M1  X    1
  2nd closest surface     4.212   O22 M1  X    1
  found on step  859
 current point:
  at point   32.546  38.351  41.446
  closest atom surface    4.210   O7  M1  X    1
  2nd closest surface     4.213   O22 M1  X    1
  found on step  974
  no. of rejections          286
 stored as   -36

 highest radius point found:
  at point   32.346  38.255  41.477
  closest atom surface    4.369   O22 M1  X    1
  2nd closest surface     4.369   O7  M1  X    1
  found on step  964
  this is also current point
  no. of rejections          290
 stored as   -37

 highest radius point found:
  at point   32.146  38.165  41.508
  closest atom surface    4.530   O22 M1  X    1
  2nd closest surface     4.530   O10 M1  X    1
  found on step  875
  this is also current point
  no. of rejections          323
 stored as   -38

 highest radius point found:
  at point   31.946  38.047  41.527
  closest atom surface    4.691   O7  M1  X    1
  2nd closest surface     4.692   O22 M1  X    1
  found on step  994
  this is also current point
  no. of rejections          261
 stored as   -39

 highest radius point found:
  at point   31.746  37.978  41.571
  closest atom surface    4.861   H48 M1  X    1
  2nd closest surface     4.862   O22 M1  X    1
  found on step  262
 current point:
  at point   31.746  37.733  41.471
  closest atom surface    4.837   H48 M1  X    1
  2nd closest surface     4.841   O7  M1  X    1
  found on step  991
  no. of rejections          289
 stored as   -40

 highest radius point found:
  at point   31.546  37.896  41.584
  closest atom surface    5.024   O7  M1  X    1
  2nd closest surface     5.024   H48 M1  X    1
  found on step  947
  this is also current point
  no. of rejections          290
 stored as   -41

 highest radius point found:
  at point   31.346  37.820  41.617
  closest atom surface    5.185   H48 M1  X    1
  2nd closest surface     5.189   O10 M1  X    1
  found on step  262
 current point:
  at point   31.346  37.222  41.367
  closest atom surface    5.163   H48 M1  X    1
  2nd closest surface     5.165   O7  M1  X    1
  found on step  993
  no. of rejections          296
 stored as   -42

 highest radius point found:
  at point   31.146  37.741  41.625
  closest atom surface    5.356   H48 M1  X    1
  2nd closest surface     5.356   O7  M1  X    1
  found on step  997
  this is also current point
  no. of rejections          238
 stored as   -43

 highest radius point found:
  at point   30.946  37.635  41.634
  closest atom surface    5.524   O7  M1  X    1
  2nd closest surface     5.524   H48 M1  X    1
  found on step  132
 current point:
  at point   30.946  37.625  41.634
  closest atom surface    5.522   H48 M1  X    1
  2nd closest surface     5.527   O7  M1  X    1
  found on step  998
  no. of rejections          282
 stored as   -44

 highest radius point found:
  at point   30.746  37.581  41.666
  closest atom surface    5.698   H48 M1  X    1
  2nd closest surface     5.700   O7  M1  X    1
  found on step  989
  this is also current point
  no. of rejections          233
 stored as   -45

 highest radius point found:
  at point   30.546  37.479  41.678
  closest atom surface    5.872   H48 M1  X    1
  2nd closest surface     5.875   O7  M1  X    1
  found on step  788
 current point:
  at point   30.546  37.448  41.663
  closest atom surface    5.872   O7  M1  X    1
  2nd closest surface     5.872   H48 M1  X    1
  found on step  900
  no. of rejections          256
 stored as   -46

 highest radius point found:
  at point   30.346  37.375  41.688
  closest atom surface    6.050   H48 M1  X    1
  2nd closest surface     6.051   O7  M1  X    1
  found on step  988
  this is also current point
  no. of rejections          255
 stored as   -47

 highest radius point found:
  at point   30.146  37.331  41.723
  closest atom surface    6.230   H48 M1  X    1
  2nd closest surface     6.232   O7  M1  X    1
  found on step  878
 current point:
  at point   30.146  37.358  41.729
  closest atom surface    6.229   O7  M1  X    1
  2nd closest surface     6.229   O10 M1  X    1
  found on step  921
  no. of rejections          299
 stored as   -48

 highest radius point found:
  at point   29.946  37.287  41.746
  closest atom surface    6.406   O10 M1  X    1
  2nd closest surface     6.406   O7  M1  X    1
  found on step  866
 current point:
  at point   29.946  37.285  41.755
  closest atom surface    6.405   O10 M1  X    1
  2nd closest surface     6.406   O21 M1  X    1
  found on step  978
  no. of rejections          314
 stored as   -49

 highest radius point found:
  at point   29.746  37.257  41.744
  closest atom surface    6.559   O10 M1  X    1
  2nd closest surface     6.564   O7  M1  X    1
  found on step    3
 current point:
  at point   29.746  37.175  42.357
  closest atom surface    6.498   H48 M1  X    1
  2nd closest surface     6.500   O21 M1  X    1
  found on step  993
  no. of rejections          176
 stored as   -50

 highest radius point found:
  at point   29.546  37.176  41.761
  closest atom surface    6.746   O10 M1  X    1
  2nd closest surface     6.746   O21 M1  X    1
  found on step  914
  this is also current point
  no. of rejections          272
 stored as   -51

 highest radius point found:
  at point   29.346  37.122  41.766
  closest atom surface    6.917   O7  M1  X    1
  2nd closest surface     6.918   O10 M1  X    1
  found on step  967
  this is also current point
  no. of rejections          271
 stored as   -52

 highest radius point found:
  at point   29.146  36.990  41.780
  closest atom surface    7.071   O21 M1  X    1
  2nd closest surface     7.113   O7  M1  X    1
  found on step   18
 current point:
  at point   29.146  36.960  42.958
  closest atom surface    6.998   O21 M1  X    1
  2nd closest surface     6.999   O10 M1  X    1
  found on step  971
  no. of rejections          209
 stored as   -53

 highest radius point found:
  at point   28.946  37.004  41.776
  closest atom surface    7.266   O21 M1  X    1
  2nd closest surface     7.266   O7  M1  X    1
  found on step  863
 current point:
  at point   28.946  36.997  41.777
  closest atom surface    7.264   O21 M1  X    1
  2nd closest surface     7.268   O7  M1  X    1
  found on step  978
  no. of rejections          264
 stored as   -54

 highest radius point found:
  at point   28.746  31.660  37.953
  closest atom surface    8.787   O21 M1  X    1
  2nd closest surface     8.843   O7  M1  X    1
  found on step 1000
  this is also current point
  no. of rejections          205
 stored as   -55

 highest radius point found:
  at point   28.546  22.452  34.010
  closest atom surface   15.654   C50 M1  X    1
  2nd closest surface    15.763   C49 M1  X    1
  found on step 1000
  this is also current point
  no. of rejections          219
 stored as   -56

 highest radius point found:
  at point   28.346  10.364  32.688
  closest atom surface   25.784   O24 M1  X    1
  2nd closest surface    25.970   H46 M1  X    1
  found on step 1000
  this is also current point
  no. of rejections          232
 This is an end! (radius above  22.0 angs)
 
 N.b. Graph information routine (HOGRAP) differs 
        markedly from previous versions!
       Information now is written from -ve end
       to +ve in one pass
 
 Explanation of the meaning of each column: 
 First column "cenxyz.cvec" is the coordinate in the
   direction of the channel vector i.e. if the channel
   vector is in z (0 0 1) then it is the z coordinate.
 The second column "radius" is the hole pore radius 
   (as defined in the Biophys J 1993) article).
 The third column "cen_line_D" is the distance 
   measured along the pore centre line - with the 
   first point found set to zero. This was the first
   thing that I used to measure the distance along a pore
   but "cenxyz.cvec" is a much better general measure. 
   However, by comparing changes in this distance to changes in '   "cenxyz.cvec" one can get a measure of how straight a 
   channel is.
 The fourth column "sum{s/(area)}" is useful in conductance
   prediction -
   basically it is the sum of the thickness of each slab
   divided by its area. HOLE uses this measure to estimate
   the macroscopic conductance of a channel.
 If any of this worries you one can see the "raw" results
   of a standard hole run by producing a sphpdb file and 
    directly looking at the results.
 cenxyz.cvec      radius  cen_line_D sum{s/(area point sourc
    28.54561    15.65371   -31.64958     0.00013   (sampled)
    28.64561    11.85646   -26.63967     0.00036 (mid-point)
    28.74561     8.78689   -21.62976     0.00077   (sampled)
    28.84561     7.48291   -18.34334     0.00134 (mid-point)
    28.94561     7.26586   -15.05692     0.00194   (sampled)
    29.04561     7.16816   -14.95666     0.00256 (mid-point)
    29.14561     7.07053   -14.85641     0.00320   (sampled)
    29.24561     6.99421   -14.73647     0.00385 (mid-point)
    29.34561     6.91723   -14.61653     0.00451   (sampled)
    29.44561     6.83158   -14.51295     0.00519 (mid-point)
    29.54561     6.74619   -14.40937     0.00589   (sampled)
    29.64561     6.65223   -14.30106     0.00661 (mid-point)
    29.74561     6.55862   -14.19274     0.00735   (sampled)
    29.84561     6.48191   -14.09163     0.00811 (mid-point)
    29.94561     6.40573   -13.99053     0.00889   (sampled)
    30.04561     6.31883   -13.88748     0.00968 (mid-point)
    30.14561     6.23023   -13.78442     0.01050   (sampled)
    30.24561     6.13978   -13.68047     0.01135 (mid-point)
    30.34561     6.04970   -13.57651     0.01222   (sampled)
    30.44561     5.96069   -13.46371     0.01311 (mid-point)
    30.54561     5.87237   -13.35091     0.01404   (sampled)
    30.64561     5.78498   -13.23849     0.01499 (mid-point)
    30.74561     5.69834   -13.12606     0.01597   (sampled)
    30.84561     5.61107   -13.02125     0.01698 (mid-point)
    30.94561     5.52400   -12.91644     0.01802   (sampled)
    31.04561     5.43957   -12.80314     0.01910 (mid-point)
    31.14561     5.35572   -12.68985     0.02021   (sampled)
    31.24561     5.26999   -12.58229     0.02135 (mid-point)
    31.34561     5.18494   -12.47473     0.02254   (sampled)
    31.44561     5.10383   -12.36647     0.02376 (mid-point)
    31.54561     5.02355   -12.25821     0.02502   (sampled)
    31.64561     4.94201   -12.14989     0.02632 (mid-point)
    31.74561     4.86133   -12.04158     0.02767   (sampled)
    31.84561     4.77635   -11.93359     0.02907 (mid-point)
    31.94561     4.69149   -11.82561     0.03051   (sampled)
    32.04561     4.61025   -11.70902     0.03201 (mid-point)
    32.14561     4.52977   -11.59243     0.03356   (sampled)
    32.24561     4.44867   -11.48172     0.03517 (mid-point)
    32.34561     4.36852   -11.37102     0.03684   (sampled)
    32.44561     4.28926   -11.25968     0.03857 (mid-point)
    32.54561     4.21094   -11.14833     0.04036   (sampled)
    32.64561     4.13342   -11.03621     0.04223 (mid-point)
    32.74561     4.05705   -10.92409     0.04416   (sampled)
    32.84561     3.98159   -10.81245     0.04617 (mid-point)
    32.94561     3.90735   -10.70081     0.04825   (sampled)
    33.04561     3.83679   -10.59194     0.05042 (mid-point)
    33.14561     3.76681   -10.48307     0.05266   (sampled)
    33.24561     3.69852   -10.36990     0.05499 (mid-point)
    33.34561     3.63178   -10.25672     0.05740   (sampled)
    33.44561     3.56541   -10.14553     0.05990 (mid-point)
    33.54561     3.49966   -10.03433     0.06250   (sampled)
    33.64561     3.43736    -9.92277     0.06520 (mid-point)
    33.74561     3.37554    -9.81122     0.06799   (sampled)
    33.84561     3.31586    -9.70022     0.07088 (mid-point)
    33.94561     3.25766    -9.58923     0.07388   (sampled)
    34.04561     3.20028    -9.47952     0.07699 (mid-point)
    34.14561     3.14439    -9.36980     0.08021   (sampled)
    34.24561     3.08338    -9.26478     0.08356 (mid-point)
    34.34561     3.02393    -9.15976     0.08704   (sampled)
    34.44561     2.96599    -9.05473     0.09066 (mid-point)
    34.54561     2.90932    -8.94970     0.09442   (sampled)
    34.64561     2.85563    -8.84441     0.09832 (mid-point)
    34.74561     2.80289    -8.73912     0.10237   (sampled)
    34.84561     2.75257    -8.63410     0.10658 (mid-point)
    34.94561     2.70402    -8.52908     0.11093   (sampled)
    35.04561     2.65769    -8.42381     0.11544 (mid-point)
    35.14561     2.61346    -8.31853     0.12010   (sampled)
    35.24561     2.57223    -8.21301     0.12491 (mid-point)
    35.34561     2.53325    -8.10749     0.12987   (sampled)
    35.44561     2.49693    -8.00185     0.13497 (mid-point)
    35.54561     2.46291    -7.89622     0.14022   (sampled)
    35.64561     2.42592    -7.79231     0.14563 (mid-point)
    35.74561     2.39115    -7.68841     0.15120   (sampled)
    35.84561     2.35771    -7.58272     0.15692 (mid-point)
    35.94561     2.32724    -7.47702     0.16280   (sampled)
    36.04561     2.30050    -7.37138     0.16881 (mid-point)
    36.14561     2.27539    -7.26574     0.17496   (sampled)
    36.24561     2.25497    -7.15868     0.18122 (mid-point)
    36.34561     2.23710    -7.05162     0.18758   (sampled)
    36.44561     2.22155    -6.94607     0.19403 (mid-point)
    36.54561     2.20854    -6.84052     0.20056   (sampled)
    36.64561     2.19818    -6.73177     0.20715 (mid-point)
    36.74561     2.18903    -6.62303     0.21379   (sampled)
    36.84561     2.18067    -6.51587     0.22048 (mid-point)
    36.94561     2.17359    -6.40871     0.22722   (sampled)
    37.04561     2.17301    -6.29463     0.23396 (mid-point)
    37.14561     2.17584    -6.18056     0.24068   (sampled)
    37.24561     2.17992    -6.06452     0.24738 (mid-point)
    37.34561     2.18751    -5.94849     0.25403   (sampled)
    37.44561     2.19372    -5.84600     0.26065 (mid-point)
    37.54561     2.20133    -5.74351     0.26722   (sampled)
    37.64561     2.19714    -5.64320     0.27381 (mid-point)
    37.74561     2.19361    -5.54288     0.28043   (sampled)
    37.84561     2.15900    -5.41341     0.28725 (mid-point)
    37.94561     2.12441    -5.28395     0.29431   (sampled)
    38.04561     2.07403    -4.61220     0.30171 (mid-point)
    38.14561     2.13424    -3.94045     0.30870   (sampled)
    38.24561     2.12117    -3.80448     0.31577 (mid-point)
    38.34561     2.10944    -3.66850     0.32292   (sampled)
    38.44561     2.09972    -3.53166     0.33014 (mid-point)
    38.54561     2.09498    -3.39483     0.33740   (sampled)
    38.64561     2.09155    -3.16767     0.34467 (mid-point)
    38.74561     2.10169    -2.94052     0.35188   (sampled)
    38.84561     2.10724    -2.72943     0.35905 (mid-point)
    38.94561     2.12440    -2.51834     0.36610   (sampled)
    39.04561     2.14280    -2.37517     0.37303 (mid-point)
    39.14561     2.16610    -2.23200     0.37982   (sampled)
    39.24561     2.15141    -2.12382     0.38669 (mid-point)
    39.34561     2.13576    -2.01564     0.39367   (sampled)
    39.44561     2.09553    -1.91541     0.40092 (mid-point)
    39.54561     2.05737    -1.81518     0.40844   (sampled)
    39.64561     1.89003    -0.90759     0.41735 (mid-point)
    39.74561     1.94525     0.00000     0.42576   (sampled)
    39.84561     1.96821     0.11852     0.43398 (mid-point)
    39.94561     1.99568     0.23705     0.44197   (sampled)
    40.04561     2.02566     0.35655     0.44973 (mid-point)
    40.14561     2.06003     0.47605     0.45723   (sampled)
    40.24561     2.07544     0.59380     0.46462 (mid-point)
    40.34561     2.09269     0.71156     0.47189   (sampled)
    40.44561     2.10569     0.83295     0.47907 (mid-point)
    40.54561     2.12053     0.95435     0.48615   (sampled)
    40.64561     2.14100     1.07968     0.49309 (mid-point)
    40.74561     2.16547     1.20501     0.49988   (sampled)
    40.84561     2.19383     1.32710     0.50649 (mid-point)
    40.94561     2.22556     1.44919     0.51292   (sampled)
    41.04561     2.25966     1.57228     0.51915 (mid-point)
    41.14561     2.29701     1.69536     0.52519   (sampled)
    41.24561     2.33824     1.81767     0.53101 (mid-point)
    41.34561     2.38223     1.93997     0.53662   (sampled)
    41.44561     2.42860     2.06380     0.54201 (mid-point)
    41.54561     2.47764     2.18762     0.54720   (sampled)
    41.64561     2.53092     2.30943     0.55217 (mid-point)
    41.74561     2.58682     2.43124     0.55693   (sampled)
    41.84561     2.64530     2.55258     0.56147 (mid-point)
    41.94561     2.70562     2.67391     0.56582   (sampled)
    42.04561     2.68588     3.74227     0.57024 (mid-point)
    42.14561     2.92286     4.81062     0.57396   (sampled)
    42.24561     2.98763     4.93046     0.57753 (mid-point)
    42.34561     3.05392     5.05029     0.58094   (sampled)
    42.44561     3.12368     5.16789     0.58420 (mid-point)
    42.54561     3.19504     5.28548     0.58732   (sampled)
    42.64561     3.26741     5.40419     0.59030 (mid-point)
    42.74561     3.34156     5.52290     0.59315   (sampled)
    42.84561     3.41751     5.64136     0.59588 (mid-point)
    42.94561     3.49485     5.75981     0.59848   (sampled)
    43.04561     3.57359     5.87841     0.60098 (mid-point)
    43.14561     3.65372     5.99701     0.60336   (sampled)
    43.24561     3.73532     6.11512     0.60564 (mid-point)
    43.34561     3.81818     6.23322     0.60783   (sampled)
    43.44561     3.95350     8.81504     0.60986 (mid-point)
    43.54561     5.09710    11.39687     0.61109   (sampled)
    43.64561     7.59356    15.11643     0.61164 (mid-point)
    43.74561     9.70381    18.83600     0.61198   (sampled)
    43.84561    13.93413    24.41516     0.61214 (mid-point)
    43.94561    18.78731    29.99433     0.61223   (sampled)

 Minimum radius found:      1.890 angstroms.



 For spherical probe approach, The geometric factor
         F= sum(ds/area) along channel is    0.612 angstroms**-1
 This yields a macroscopic predicted molar conductance of:
   (1/rho)*(100/F)= (160/rho) pS,
   where rho is the conductivity of 1M permeant ion in ohm m.
 N.B. this is a macroscopic conductance - an overestimate 
 Empirically corrected conductances currently only available
 With the CAPSULE option (although its not that stable!)
 For 1M KCl rho= 1/12 (ohm m), So Gmacro= 2000 pS/M.
  (TAG      1   Rmin=     1.89003   Gmacro=  1960.04173 Conn_Gmacro=    -1.00000 ).
 HOLE: normal completion
