 *** Program HOLE ***
 
 If results of this run are reported or published, please
 cite the publication listed below.
 For the HOLE program:
   Smart, O.S., Goodfellow, J.M., Wallace, B.A. (1993). 
   The pore dimensions of gramicidin A. 
   Biophys. J., 65, 2455-2460.
 
 Originally written by Oliver Smart at Birkbeck College from April 1992.
 Copyright 1993-2005 Oliver Smart
 Copyright 2014-2015 SmartSci Limited.
 Copyright 2016 Oliver Smart.
 
 For help on HOLE suite see  http://www.holeprogram.org/
 
 HOLE release 2.2.005 (07 August 2016) 
 
 usage subject to Apache License, Version 2.0 
 see http://www.apache.org/licenses/LICENSE-2.0 

 Control variables read:

! Input file for Oliver Smart's HOLE program
! written by MDAnalysis.analysis.hole2.HoleAnalysis
! for a Universe
! u = mda.Universe(/afs/crc.nd.edu/user/m/mfarshad/Private/ML-new/traj/host-M1/h
!    /afs/crc.nd.edu/user/m/mfarshad/Private/ML-new/traj/host-M1/host_M1.trr
!   )
! Frame 304

COORD  /tmp/2550303.1.long/tmpucxycm6f.pdb
RADIUS simple2.rad
SPHPDB hole304.sph
SAMPLE 0.200000
ENDRAD 22.000000
IGNORE SOL WAT TIP HOH K   NA  CL
SHORTO 0
RASEED 31415
CPOINT 40.3204285431 39.5501957194 40.2223443095


 WARNING have not found a CVECT record - will try to guess
 Input pdb filename read as:    '/tmp/2550303.1.long/tmpucxycm6f.pdb'
 Input vdW radius file read as: 'simple2.rad'
 point in channel:   40.320  39.550  40.222
 channel vector:   ************************
 sampling distance between planes:    0.200

 graphics conditions:
 binary plot output file name: NONE
 Dot density:    10
 Draw dots?           T
 Draw close contacts? F
 Draw centre line?    T
 Produce spikes rather than dots? F
 Seed for random number generator:     31415 (0 means value set by program)
 Radius above which a result is regarded as an 'end':  22.000
 Pdb format file for sphere centres: hole304.sph

 Monte Carlo conditions:
  no of steps:  1000
  maximum displacement   0.100 angs
  'kT' initial   0.100 angs
 The spherebox and capsule options are turned off.
 (No molqpt card so will not write qpt file of the molecule)
 IGNORE card read so will ignore residue types: SOL WAT TIP HOH K   NA  CL
 no SHORTO card read so will produce full textual output
 As no PEGRAT card was found will not produce PEG polymer exclusion graph
 (No 2DMAPS card specified so will not produce 2D property maps)
 Have not found a CUT card.  Normal calculation using
   Cutoff lists with a cutsize=       1.000
   (if you wish to turn off option use a CUT -1 card)

 Have read     7 bond radius records and
              16 vdW radius records.
 From file: simple2.rad

 Have read   150 atom records.
 From file: /tmp/2550303.1.long/tmpucxycm6f.pdb
 Will not produce graphical output

 Have opened file for pdb format output of sphere centres:  hole304.sph

  Seed integer used by ran # generator on this run      31415

 
 S/R cguess will try to guess CPOINT and/or CVECT
 
 THESE GUESSES MAY WELL BE WRONG!!!!
 Routine relies on having a reasonably symmetric
 channel oriented along x, y or z vector
 YOU ARE STRONGLY ADVISED TO CHECK THE RESULTS
                       WITH MOLECULAR GRAPHICS
 testing points from cpoint in X, Y then Z direction
   point                   pore radius
direction     1
  35.320  39.550  40.222    -0.839
  36.320  39.550  40.222    -0.684
  37.320  39.550  40.222    -0.234
  38.320  39.550  40.222     0.551
  39.320  39.550  40.222     1.449
  40.320  39.550  40.222     2.391
  41.320  39.550  40.222     1.550
  42.320  39.550  40.222     0.676
  43.320  39.550  40.222    -0.044
  44.320  39.550  40.222    -0.327
  45.320  39.550  40.222     0.059
 Average pore radius along the line=      0.413
direction     2
  40.320  34.550  40.222     0.014
  40.320  35.550  40.222    -0.025
  40.320  36.550  40.222     0.270
  40.320  37.550  40.222     0.987
  40.320  38.550  40.222     1.878
  40.320  39.550  40.222     2.391
  40.320  40.550  40.222     2.139
  40.320  41.550  40.222     1.865
  40.320  42.550  40.222     1.839
  40.320  43.550  40.222     2.067
  40.320  44.550  40.222     2.510
 Average pore radius along the line=      1.449
direction     3
  40.320  39.550  35.222    -0.456
  40.320  39.550  36.222    -0.135
  40.320  39.550  37.222     0.587
  40.320  39.550  38.222     1.241
  40.320  39.550  39.222     1.803
  40.320  39.550  40.222     2.391
  40.320  39.550  41.222     2.495
  40.320  39.550  42.222     1.736
  40.320  39.550  43.222     0.744
  40.320  39.550  44.222    -0.239
  40.320  39.550  45.222    -1.161
 Average pore radius along the line=      0.819
 Best direction is found to be     2
(1=X,2=Y,3=Z)
 s/r cguess has produced initial values for cpoint &/or cvect:
CPOINT      40.3204     39.5502     40.2223
CVECT        0.0000      1.0000      0.0000
 THESE GUESSES MAY WELL BE WRONG!!!!
 Routine relies on having a reasonably symmetric
 channel oriented along x, y or z vector
 YOU ARE STRONGLY ADVISED TO CHECK THE RESULTS
                       WITH MOLECULAR GRAPHICS
 
 
  Some routines (e.g. conn) need vectors normal to cvect: 
     EAST Zero degrees angle is along vector    1.000   0.000   0.000
     NORTH  90 degrees angle is along vector    0.000   0.000   1.000
 highest radius point found:
  at point   40.474  39.550  40.934
  closest atom surface    2.587   S4  M1  X    1
  2nd closest surface     2.588   O17 M1  X    1
  found on step  452
 current point:
  at point   40.374  39.550  41.268
  closest atom surface    2.555   S4  M1  X    1
  2nd closest surface     2.555   O17 M1  X    1
  found on step  943
  no. of rejections          366
 stored as     0

 highest radius point found:
  at point   40.450  39.750  40.993
  closest atom surface    2.630   O17 M1  X    1
  2nd closest surface     2.632   O23 M1  X    1
  found on step  338
 current point:
  at point   40.441  39.750  41.009
  closest atom surface    2.628   S4  M1  X    1
  2nd closest surface     2.631   O17 M1  X    1
  found on step  949
  no. of rejections          395
 stored as     1

 highest radius point found:
  at point   40.417  39.950  41.068
  closest atom surface    2.683   O17 M1  X    1
  2nd closest surface     2.683   O23 M1  X    1
  found on step  997
  this is also current point
  no. of rejections          402
 stored as     2

 highest radius point found:
  at point   40.382  40.150  41.147
  closest atom surface    2.744   S4  M1  X    1
  2nd closest surface     2.747   O17 M1  X    1
  found on step  956
  this is also current point
  no. of rejections          401
 stored as     3

 highest radius point found:
  at point   40.345  40.350  41.193
  closest atom surface    2.803   H37 M1  X    1
  2nd closest surface     2.803   S4  M1  X    1
  found on step  947
  this is also current point
  no. of rejections          391
 stored as     4

 highest radius point found:
  at point   40.262  40.550  41.201
  closest atom surface    2.824   H37 M1  X    1
  2nd closest surface     2.825   S4  M1  X    1
  found on step  777
 current point:
  at point   40.263  40.550  41.200
  closest atom surface    2.824   H37 M1  X    1
  2nd closest surface     2.825   S4  M1  X    1
  found on step  909
  no. of rejections          381
 stored as     5

 highest radius point found:
  at point   40.166  40.750  41.337
  closest atom surface    2.823   H37 M1  X    1
  2nd closest surface     2.823   C27 M1  X    1
  found on step  945
  this is also current point
  no. of rejections          394
 stored as     6

 highest radius point found:
  at point   40.182  40.950  41.342
  closest atom surface    2.779   H37 M1  X    1
  2nd closest surface     2.780   C29 M1  X    1
  found on step  951
  this is also current point
  no. of rejections          368
 stored as     7

 highest radius point found:
  at point   40.187  41.150  41.347
  closest atom surface    2.744   S1  M1  X    1
  2nd closest surface     2.746   C29 M1  X    1
  found on step   13
 current point:
  at point   40.165  41.150  41.360
  closest atom surface    2.740   C29 M1  X    1
  2nd closest surface     2.743   S1  M1  X    1
  found on step  910
  no. of rejections          384
 stored as     8

 highest radius point found:
  at point   40.215  41.350  41.346
  closest atom surface    2.719   S1  M1  X    1
  2nd closest surface     2.719   C29 M1  X    1
  found on step  874
 current point:
  at point   40.223  41.350  41.340
  closest atom surface    2.718   S1  M1  X    1
  2nd closest surface     2.718   H37 M1  X    1
  found on step  974
  no. of rejections          395
 stored as     9

 highest radius point found:
  at point   40.241  41.550  41.346
  closest atom surface    2.700   C29 M1  X    1
  2nd closest surface     2.703   S1  M1  X    1
  found on step  987
  this is also current point
  no. of rejections          356
 stored as    10

 highest radius point found:
  at point   40.269  41.750  41.342
  closest atom surface    2.693   S1  M1  X    1
  2nd closest surface     2.694   C29 M1  X    1
  found on step  983
  this is also current point
  no. of rejections          394
 stored as    11

 highest radius point found:
  at point   40.298  41.950  41.337
  closest atom surface    2.693   S1  M1  X    1
  2nd closest surface     2.696   H37 M1  X    1
  found on step  804
 current point:
  at point   40.303  41.950  41.337
  closest atom surface    2.692   H37 M1  X    1
  2nd closest surface     2.695   S1  M1  X    1
  found on step  993
  no. of rejections          404
 stored as    12

 highest radius point found:
  at point   40.343  42.150  41.320
  closest atom surface    2.699   H37 M1  X    1
  2nd closest surface     2.699   S1  M1  X    1
  found on step  655
 current point:
  at point   40.332  42.150  41.325
  closest atom surface    2.697   S1  M1  X    1
  2nd closest surface     2.697   O14 M1  X    1
  found on step  928
  no. of rejections          398
 stored as    13

 highest radius point found:
  at point   40.382  42.350  41.302
  closest atom surface    2.709   O14 M1  X    1
  2nd closest surface     2.709   S1  M1  X    1
  found on step  975
  this is also current point
  no. of rejections          381
 stored as    14

 highest radius point found:
  at point   40.441  42.550  41.276
  closest atom surface    2.734   O14 M1  X    1
  2nd closest surface     2.735   S1  M1  X    1
  found on step  979
  this is also current point
  no. of rejections          371
 stored as    15

 highest radius point found:
  at point   40.494  42.750  41.252
  closest atom surface    2.766   S1  M1  X    1
  2nd closest surface     2.767   O14 M1  X    1
  found on step   26
 current point:
  at point   40.491  42.750  41.253
  closest atom surface    2.765   O14 M1  X    1
  2nd closest surface     2.766   S1  M1  X    1
  found on step  967
  no. of rejections          371
 stored as    16

 highest radius point found:
  at point   40.553  42.950  41.220
  closest atom surface    2.804   O13 M1  X    1
  2nd closest surface     2.804   S1  M1  X    1
  found on step  906
  this is also current point
  no. of rejections          387
 stored as    17

 highest radius point found:
  at point   40.627  43.150  41.175
  closest atom surface    2.850   S1  M1  X    1
  2nd closest surface     2.850   O13 M1  X    1
  found on step  867
  this is also current point
  no. of rejections          392
 stored as    18

 highest radius point found:
  at point   40.690  43.350  41.138
  closest atom surface    2.905   S1  M1  X    1
  2nd closest surface     2.905   O13 M1  X    1
  found on step  230
 current point:
  at point   40.673  43.350  41.148
  closest atom surface    2.902   S1  M1  X    1
  2nd closest surface     2.903   O13 M1  X    1
  found on step  900
  no. of rejections          398
 stored as    19

 highest radius point found:
  at point   40.662  43.550  41.157
  closest atom surface    2.955   S1  M1  X    1
  2nd closest surface     2.957   O13 M1  X    1
  found on step  805
 current point:
  at point   40.659  43.550  41.162
  closest atom surface    2.954   O13 M1  X    1
  2nd closest surface     2.957   S1  M1  X    1
  found on step  982
  no. of rejections          393
 stored as    20

 highest radius point found:
  at point   40.620  43.750  41.177
  closest atom surface    3.006   S1  M1  X    1
  2nd closest surface     3.008   H38 M1  X    1
  found on step  432
 current point:
  at point   40.625  43.750  41.175
  closest atom surface    3.004   H38 M1  X    1
  2nd closest surface     3.007   S1  M1  X    1
  found on step  980
  no. of rejections          383
 stored as    21

 highest radius point found:
  at point   40.573  43.950  41.193
  closest atom surface    3.059   S1  M1  X    1
  2nd closest surface     3.059   O14 M1  X    1
  found on step  860
 current point:
  at point   40.569  43.950  41.194
  closest atom surface    3.058   O14 M1  X    1
  2nd closest surface     3.058   S1  M1  X    1
  found on step  875
  no. of rejections          404
 stored as    22

 highest radius point found:
  at point   40.539  44.150  41.194
  closest atom surface    3.115   H38 M1  X    1
  2nd closest surface     3.116   S1  M1  X    1
  found on step  548
 current point:
  at point   40.536  44.150  41.204
  closest atom surface    3.115   H38 M1  X    1
  2nd closest surface     3.115   O14 M1  X    1
  found on step  930
  no. of rejections          372
 stored as    23

 highest radius point found:
  at point   40.491  44.350  41.210
  closest atom surface    3.183   S1  M1  X    1
  2nd closest surface     3.184   O14 M1  X    1
  found on step  992
  this is also current point
  no. of rejections          398
 stored as    24

 highest radius point found:
  at point   40.459  44.550  41.214
  closest atom surface    3.257   H38 M1  X    1
  2nd closest surface     3.258   S1  M1  X    1
  found on step  969
  this is also current point
  no. of rejections          369
 stored as    25

 highest radius point found:
  at point   40.418  44.750  41.228
  closest atom surface    3.338   O14 M1  X    1
  2nd closest surface     3.340   H38 M1  X    1
  found on step  970
  this is also current point
  no. of rejections          383
 stored as    26

 highest radius point found:
  at point   40.385  44.950  41.234
  closest atom surface    3.427   H38 M1  X    1
  2nd closest surface     3.428   O14 M1  X    1
  found on step  999
  this is also current point
  no. of rejections          360
 stored as    27

 highest radius point found:
  at point   40.350  45.150  41.238
  closest atom surface    3.521   S1  M1  X    1
  2nd closest surface     3.523   H38 M1  X    1
  found on step  160
 current point:
  at point   40.338  45.150  41.244
  closest atom surface    3.520   S1  M1  X    1
  2nd closest surface     3.521   O14 M1  X    1
  found on step  903
  no. of rejections          394
 stored as    28

 highest radius point found:
  at point   40.316  45.350  41.248
  closest atom surface    3.623   H38 M1  X    1
  2nd closest surface     3.624   S1  M1  X    1
  found on step  996
  this is also current point
  no. of rejections          381
 stored as    29

 highest radius point found:
  at point   40.282  45.550  41.257
  closest atom surface    3.730   S1  M1  X    1
  2nd closest surface     3.731   O14 M1  X    1
  found on step  814
 current point:
  at point   40.285  45.550  41.256
  closest atom surface    3.729   H38 M1  X    1
  2nd closest surface     3.731   S1  M1  X    1
  found on step 1000
  no. of rejections          369
 stored as    30

 highest radius point found:
  at point   40.247  45.750  41.265
  closest atom surface    3.842   S1  M1  X    1
  2nd closest surface     3.842   O14 M1  X    1
  found on step  933
  this is also current point
  no. of rejections          361
 stored as    31

 highest radius point found:
  at point   40.219  45.950  41.272
  closest atom surface    3.960   H38 M1  X    1
  2nd closest surface     3.960   O14 M1  X    1
  found on step  928
  this is also current point
  no. of rejections          355
 stored as    32

 highest radius point found:
  at point   40.182  46.150  41.282
  closest atom surface    4.081   S1  M1  X    1
  2nd closest surface     4.081   O14 M1  X    1
  found on step  852
 current point:
  at point   40.188  46.150  41.273
  closest atom surface    4.077   S1  M1  X    1
  2nd closest surface     4.084   H38 M1  X    1
  found on step  974
  no. of rejections          344
 stored as    33

 highest radius point found:
  at point   40.161  46.350  41.283
  closest atom surface    4.207   S1  M1  X    1
  2nd closest surface     4.208   H38 M1  X    1
  found on step  891
 current point:
  at point   40.149  46.350  41.291
  closest atom surface    4.206   O14 M1  X    1
  2nd closest surface     4.207   S1  M1  X    1
  found on step  895
  no. of rejections          361
 stored as    34

 highest radius point found:
  at point   40.127  46.550  41.296
  closest atom surface    4.339   O14 M1  X    1
  2nd closest surface     4.339   S1  M1  X    1
  found on step  440
 current point:
  at point   40.123  46.550  41.297
  closest atom surface    4.338   S1  M1  X    1
  2nd closest surface     4.339   O14 M1  X    1
  found on step  921
  no. of rejections          354
 stored as    35

 highest radius point found:
  at point   40.101  46.750  41.305
  closest atom surface    4.473   O14 M1  X    1
  2nd closest surface     4.473   H38 M1  X    1
  found on step  724
 current point:
  at point   40.095  46.750  41.304
  closest atom surface    4.472   S1  M1  X    1
  2nd closest surface     4.473   O14 M1  X    1
  found on step  983
  no. of rejections          330
 stored as    36

 highest radius point found:
  at point   38.041  46.950  41.986
  closest atom surface    4.634   O14 M1  X    1
  2nd closest surface     4.640   S1  M1  X    1
  found on step  998
  this is also current point
  no. of rejections          319
 stored as    37

 highest radius point found:
  at point   36.737  47.150  42.838
  closest atom surface    4.964   O3  M1  X    1
  2nd closest surface     4.968   O14 M1  X    1
  found on step  998
  this is also current point
  no. of rejections          342
 stored as    38

 highest radius point found:
  at point   33.620  47.350  45.946
  closest atom surface    6.761   O14 M1  X    1
  2nd closest surface     6.761   O3  M1  X    1
  found on step  999
  this is also current point
  no. of rejections          307
 stored as    39

 highest radius point found:
  at point   27.561  47.550  51.151
  closest atom surface   12.382   O5  M1  X    1
  2nd closest surface    12.450   O12 M1  X    1
  found on step  999
  this is also current point
  no. of rejections          241
 stored as    40

 highest radius point found:
  at point   21.843  47.750  57.262
  closest atom surface   19.710   H24 M1  X    1
  2nd closest surface    19.780   O12 M1  X    1
  found on step  998
  this is also current point
  no. of rejections          251
 stored as    41

 highest radius point found:
  at point   12.865  47.950  64.017
  closest atom surface   30.307   O5  M1  X    1
  2nd closest surface    30.314   H24 M1  X    1
  found on step  997
  this is also current point
  no. of rejections          245
 This is an end! (radius above  22.0 angs)
 highest radius point found:
  at point   40.513  39.350  40.836
  closest atom surface    2.558   O23 M1  X    1
  2nd closest surface     2.558   S4  M1  X    1
  found on step  905
  this is also current point
  no. of rejections          396
 stored as    -1

 highest radius point found:
  at point   40.558  39.150  40.764
  closest atom surface    2.524   H21 M1  X    1
  2nd closest surface     2.525   O17 M1  X    1
  found on step  845
 current point:
  at point   40.553  39.150  40.770
  closest atom surface    2.523   H21 M1  X    1
  2nd closest surface     2.526   O17 M1  X    1
  found on step  950
  no. of rejections          420
 stored as    -2

 highest radius point found:
  at point   40.341  38.950  41.542
  closest atom surface    2.420   C25 M1  X    1
  2nd closest surface     2.420   H21 M1  X    1
  found on step  801
 current point:
  at point   40.344  38.950  41.536
  closest atom surface    2.419   H21 M1  X    1
  2nd closest surface     2.425   O17 M1  X    1
  found on step  971
  no. of rejections          363
 stored as    -3

 highest radius point found:
  at point   40.444  38.750  41.607
  closest atom surface    2.298   H21 M1  X    1
  2nd closest surface     2.303   O17 M1  X    1
  found on step  441
 current point:
  at point   40.844  38.750  40.703
  closest atom surface    2.278   O17 M1  X    1
  2nd closest surface     2.279   H21 M1  X    1
  found on step  874
  no. of rejections          324
 stored as    -4

 highest radius point found:
  at point   40.990  38.550  40.659
  closest atom surface    2.178   O17 M1  X    1
  2nd closest surface     2.179   H21 M1  X    1
  found on step  979
  this is also current point
  no. of rejections          322
 stored as    -5

 highest radius point found:
  at point   41.134  38.350  40.615
  closest atom surface    2.094   O17 M1  X    1
  2nd closest surface     2.095   H21 M1  X    1
  found on step  709
 current point:
  at point   41.132  38.350  40.619
  closest atom surface    2.094   O17 M1  X    1
  2nd closest surface     2.094   H21 M1  X    1
  found on step  992
  no. of rejections          324
 stored as    -6

 highest radius point found:
  at point   41.268  38.150  40.572
  closest atom surface    2.023   H21 M1  X    1
  2nd closest surface     2.025   C47 M1  X    1
  found on step  775
 current point:
  at point   41.266  38.150  40.590
  closest atom surface    2.023   H21 M1  X    1
  2nd closest surface     2.023   O17 M1  X    1
  found on step  919
  no. of rejections          368
 stored as    -7

 highest radius point found:
  at point   41.405  37.950  40.544
  closest atom surface    1.972   C47 M1  X    1
  2nd closest surface     1.973   H21 M1  X    1
  found on step  987
  this is also current point
  no. of rejections          363
 stored as    -8

 highest radius point found:
  at point   41.529  37.750  40.533
  closest atom surface    1.931   H21 M1  X    1
  2nd closest surface     1.933   O17 M1  X    1
  found on step   42
 current point:
  at point   41.525  37.750  40.516
  closest atom surface    1.928   H21 M1  X    1
  2nd closest surface     1.946   O17 M1  X    1
  found on step  989
  no. of rejections          337
 stored as    -9

 highest radius point found:
  at point   41.575  37.550  40.714
  closest atom surface    1.855   H21 M1  X    1
  2nd closest surface     1.855   O17 M1  X    1
  found on step  717
 current point:
  at point   41.572  37.550  40.719
  closest atom surface    1.853   H21 M1  X    1
  2nd closest surface     1.854   O17 M1  X    1
  found on step  907
  no. of rejections          361
 stored as   -10

 highest radius point found:
  at point   41.594  37.350  40.952
  closest atom surface    1.788   O17 M1  X    1
  2nd closest surface     1.790   H21 M1  X    1
  found on step  956
  this is also current point
  no. of rejections          358
 stored as   -11

 highest radius point found:
  at point   41.207  37.150  42.090
  closest atom surface    1.821   O17 M1  X    1
  2nd closest surface     1.822   C25 M1  X    1
  found on step  969
  this is also current point
  no. of rejections          379
 stored as   -12

 highest radius point found:
  at point   41.301  36.950  42.130
  closest atom surface    1.829   O17 M1  X    1
  2nd closest surface     1.829   H21 M1  X    1
  found on step  975
  this is also current point
  no. of rejections          370
 stored as   -13

 highest radius point found:
  at point   41.393  36.750  42.172
  closest atom surface    1.853   H21 M1  X    1
  2nd closest surface     1.854   O17 M1  X    1
  found on step  167
 current point:
  at point   41.395  36.750  42.190
  closest atom surface    1.849   O17 M1  X    1
  2nd closest surface     1.852   C25 M1  X    1
  found on step  978
  no. of rejections          380
 stored as   -14

 highest radius point found:
  at point   41.480  36.550  42.223
  closest atom surface    1.894   O17 M1  X    1
  2nd closest surface     1.896   H21 M1  X    1
  found on step  990
  this is also current point
  no. of rejections          379
 stored as   -15

 highest radius point found:
  at point   41.568  36.350  42.261
  closest atom surface    1.948   H21 M1  X    1
  2nd closest surface     1.949   O17 M1  X    1
  found on step  762
 current point:
  at point   41.564  36.350  42.264
  closest atom surface    1.945   C25 M1  X    1
  2nd closest surface     1.946   H21 M1  X    1
  found on step  988
  no. of rejections          391
 stored as   -16

 highest radius point found:
  at point   41.638  36.150  42.304
  closest atom surface    2.000   O22 M1  X    1
  2nd closest surface     2.000   C25 M1  X    1
  found on step  772
 current point:
  at point   41.647  36.150  42.313
  closest atom surface    1.999   C25 M1  X    1
  2nd closest surface     2.000   O22 M1  X    1
  found on step  996
  no. of rejections          379
 stored as   -17

 highest radius point found:
  at point   41.726  35.950  42.446
  closest atom surface    2.003   O22 M1  X    1
  2nd closest surface     2.003   C25 M1  X    1
  found on step  956
  this is also current point
  no. of rejections          411
 stored as   -18

 highest radius point found:
  at point   41.818  35.750  42.573
  closest atom surface    2.010   C26 M1  X    1
  2nd closest surface     2.011   O22 M1  X    1
  found on step  132
 current point:
  at point   41.809  35.750  42.559
  closest atom surface    2.007   O22 M1  X    1
  2nd closest surface     2.010   C26 M1  X    1
  found on step  981
  no. of rejections          416
 stored as   -19

 highest radius point found:
  at point   41.855  35.550  42.628
  closest atom surface    2.020   O22 M1  X    1
  2nd closest surface     2.020   C26 M1  X    1
  found on step  689
 current point:
  at point   41.843  35.550  42.615
  closest atom surface    2.017   C26 M1  X    1
  2nd closest surface     2.018   O22 M1  X    1
  found on step  995
  no. of rejections          404
 stored as   -20

 highest radius point found:
  at point   41.886  35.350  42.677
  closest atom surface    2.039   C31 M1  X    1
  2nd closest surface     2.039   O22 M1  X    1
  found on step  981
  this is also current point
  no. of rejections          397
 stored as   -21

 highest radius point found:
  at point   41.908  35.150  42.715
  closest atom surface    2.067   C31 M1  X    1
  2nd closest surface     2.068   O22 M1  X    1
  found on step  961
  this is also current point
  no. of rejections          408
 stored as   -22

 highest radius point found:
  at point   41.927  34.950  42.749
  closest atom surface    2.106   O22 M1  X    1
  2nd closest surface     2.107   C26 M1  X    1
  found on step  780
 current point:
  at point   41.924  34.950  42.747
  closest atom surface    2.106   C26 M1  X    1
  2nd closest surface     2.107   O22 M1  X    1
  found on step  984
  no. of rejections          381
 stored as   -23

 highest radius point found:
  at point   41.948  34.750  42.786
  closest atom surface    2.156   C26 M1  X    1
  2nd closest surface     2.156   O22 M1  X    1
  found on step  993
  this is also current point
  no. of rejections          381
 stored as   -24

 highest radius point found:
  at point   41.971  34.550  42.824
  closest atom surface    2.216   C26 M1  X    1
  2nd closest surface     2.216   O22 M1  X    1
  found on step  661
 current point:
  at point   41.966  34.550  42.818
  closest atom surface    2.214   C26 M1  X    1
  2nd closest surface     2.215   O22 M1  X    1
  found on step  999
  no. of rejections          391
 stored as   -25

 highest radius point found:
  at point   41.995  34.350  42.862
  closest atom surface    2.285   O22 M1  X    1
  2nd closest surface     2.285   C31 M1  X    1
  found on step  840
 current point:
  at point   41.995  34.350  42.866
  closest atom surface    2.283   C26 M1  X    1
  2nd closest surface     2.284   C31 M1  X    1
  found on step  953
  no. of rejections          374
 stored as   -26

 highest radius point found:
  at point   42.032  34.150  42.899
  closest atom surface    2.354   C31 M1  X    1
  2nd closest surface     2.355   O22 M1  X    1
  found on step  784
 current point:
  at point   42.022  34.150  42.889
  closest atom surface    2.353   O22 M1  X    1
  2nd closest surface     2.354   H26 M1  X    1
  found on step  997
  no. of rejections          367
 stored as   -27

 highest radius point found:
  at point   42.074  33.950  42.934
  closest atom surface    2.429   C31 M1  X    1
  2nd closest surface     2.431   O22 M1  X    1
  found on step  977
  this is also current point
  no. of rejections          376
 stored as   -28

 highest radius point found:
  at point   42.108  33.750  42.961
  closest atom surface    2.511   H26 M1  X    1
  2nd closest surface     2.513   O22 M1  X    1
  found on step  896
  this is also current point
  no. of rejections          363
 stored as   -29

 highest radius point found:
  at point   42.159  33.550  42.999
  closest atom surface    2.603   O22 M1  X    1
  2nd closest surface     2.606   C31 M1  X    1
  found on step  987
  this is also current point
  no. of rejections          370
 stored as   -30

 highest radius point found:
  at point   42.194  33.350  43.035
  closest atom surface    2.707   O22 M1  X    1
  2nd closest surface     2.708   H26 M1  X    1
  found on step   78
 current point:
  at point   42.196  33.350  43.035
  closest atom surface    2.707   O22 M1  X    1
  2nd closest surface     2.707   C31 M1  X    1
  found on step  945
  no. of rejections          368
 stored as   -31

 highest radius point found:
  at point   42.233  33.150  43.069
  closest atom surface    2.816   O22 M1  X    1
  2nd closest surface     2.816   H26 M1  X    1
  found on step  960
  this is also current point
  no. of rejections          366
 stored as   -32

 highest radius point found:
  at point   42.269  32.950  43.107
  closest atom surface    2.930   H26 M1  X    1
  2nd closest surface     2.931   C31 M1  X    1
  found on step  866
 current point:
  at point   42.271  32.950  43.108
  closest atom surface    2.930   C31 M1  X    1
  2nd closest surface     2.931   H26 M1  X    1
  found on step  984
  no. of rejections          358
 stored as   -33

 highest radius point found:
  at point   42.305  32.750  43.135
  closest atom surface    3.053   O22 M1  X    1
  2nd closest surface     3.054   H26 M1  X    1
  found on step  909
  this is also current point
  no. of rejections          334
 stored as   -34

 highest radius point found:
  at point   42.341  32.550  43.170
  closest atom surface    3.182   H26 M1  X    1
  2nd closest surface     3.183   O22 M1  X    1
  found on step  975
  this is also current point
  no. of rejections          343
 stored as   -35

 highest radius point found:
  at point   42.379  32.350  43.202
  closest atom surface    3.314   O22 M1  X    1
  2nd closest surface     3.315   C31 M1  X    1
  found on step  780
 current point:
  at point   42.384  32.350  43.205
  closest atom surface    3.312   C31 M1  X    1
  2nd closest surface     3.314   O22 M1  X    1
  found on step  983
  no. of rejections          344
 stored as   -36

 highest radius point found:
  at point   42.408  32.150  43.235
  closest atom surface    3.454   H26 M1  X    1
  2nd closest surface     3.454   O22 M1  X    1
  found on step  816
 current point:
  at point   42.412  32.150  43.234
  closest atom surface    3.452   O22 M1  X    1
  2nd closest surface     3.455   C31 M1  X    1
  found on step  990
  no. of rejections          320
 stored as   -37

 highest radius point found:
  at point   42.444  31.950  43.269
  closest atom surface    3.594   H33 M1  X    1
  2nd closest surface     3.597   C31 M1  X    1
  found on step  997
  this is also current point
  no. of rejections          330
 stored as   -38

 highest radius point found:
  at point   42.456  31.750  43.279
  closest atom surface    3.737   H26 M1  X    1
  2nd closest surface     3.737   O22 M1  X    1
  found on step  944
  this is also current point
  no. of rejections          320
 stored as   -39

 highest radius point found:
  at point   42.479  31.550  43.296
  closest atom surface    3.882   O22 M1  X    1
  2nd closest surface     3.882   H33 M1  X    1
  found on step  512
 current point:
  at point   42.474  31.550  43.292
  closest atom surface    3.881   O22 M1  X    1
  2nd closest surface     3.882   H26 M1  X    1
  found on step  985
  no. of rejections          331
 stored as   -40

 highest radius point found:
  at point   42.495  31.350  43.313
  closest atom surface    4.032   O22 M1  X    1
  2nd closest surface     4.032   H33 M1  X    1
  found on step  985
  this is also current point
  no. of rejections          319
 stored as   -41

 highest radius point found:
  at point   42.510  31.150  43.327
  closest atom surface    4.183   O22 M1  X    1
  2nd closest surface     4.183   H26 M1  X    1
  found on step  830
 current point:
  at point   42.510  31.150  43.331
  closest atom surface    4.183   H26 M1  X    1
  2nd closest surface     4.185   H33 M1  X    1
  found on step  990
  no. of rejections          322
 stored as   -42

 highest radius point found:
  at point   42.530  30.950  43.349
  closest atom surface    4.339   H33 M1  X    1
  2nd closest surface     4.339   H26 M1  X    1
  found on step  995
  this is also current point
  no. of rejections          322
 stored as   -43

 highest radius point found:
  at point   42.544  30.750  43.362
  closest atom surface    4.496   H26 M1  X    1
  2nd closest surface     4.499   O22 M1  X    1
  found on step  800
 current point:
  at point   42.547  30.750  43.371
  closest atom surface    4.496   H33 M1  X    1
  2nd closest surface     4.496   H26 M1  X    1
  found on step  899
  no. of rejections          291
 stored as   -44

 highest radius point found:
  at point   42.568  30.550  43.382
  closest atom surface    4.658   H33 M1  X    1
  2nd closest surface     4.659   O22 M1  X    1
  found on step  987
  this is also current point
  no. of rejections          313
 stored as   -45

 highest radius point found:
  at point   42.584  30.350  43.397
  closest atom surface    4.822   O22 M1  X    1
  2nd closest surface     4.823   H33 M1  X    1
  found on step  999
  this is also current point
  no. of rejections          319
 stored as   -46

 highest radius point found:
  at point   42.600  30.150  43.416
  closest atom surface    4.988   H26 M1  X    1
  2nd closest surface     4.988   O22 M1  X    1
  found on step  955
  this is also current point
  no. of rejections          310
 stored as   -47

 highest radius point found:
  at point   42.616  29.950  43.433
  closest atom surface    5.155   O22 M1  X    1
  2nd closest surface     5.155   H26 M1  X    1
  found on step  893
  this is also current point
  no. of rejections          294
 stored as   -48

 highest radius point found:
  at point   42.638  29.750  43.454
  closest atom surface    5.325   O22 M1  X    1
  2nd closest surface     5.325   H33 M1  X    1
  found on step   61
 current point:
  at point   42.634  29.750  43.452
  closest atom surface    5.325   O22 M1  X    1
  2nd closest surface     5.325   H26 M1  X    1
  found on step  913
  no. of rejections          292
 stored as   -49

 highest radius point found:
  at point   42.653  29.550  43.476
  closest atom surface    5.497   H33 M1  X    1
  2nd closest surface     5.497   H26 M1  X    1
  found on step  994
  this is also current point
  no. of rejections          288
 stored as   -50

 highest radius point found:
  at point   42.672  29.350  43.491
  closest atom surface    5.670   O22 M1  X    1
  2nd closest surface     5.670   H33 M1  X    1
  found on step  961
  this is also current point
  no. of rejections          276
 stored as   -51

 highest radius point found:
  at point   42.687  29.150  43.511
  closest atom surface    5.844   H26 M1  X    1
  2nd closest surface     5.845   H33 M1  X    1
  found on step  994
  this is also current point
  no. of rejections          271
 stored as   -52

 highest radius point found:
  at point   42.709  28.950  43.528
  closest atom surface    6.020   O22 M1  X    1
  2nd closest surface     6.021   H33 M1  X    1
  found on step  991
  this is also current point
  no. of rejections          292
 stored as   -53

 highest radius point found:
  at point   42.721  28.750  43.550
  closest atom surface    6.198   H26 M1  X    1
  2nd closest surface     6.199   H33 M1  X    1
  found on step  984
  this is also current point
  no. of rejections          297
 stored as   -54

 highest radius point found:
  at point   42.738  28.550  43.579
  closest atom surface    6.375   H26 M1  X    1
  2nd closest surface     6.375   H33 M1  X    1
  found on step  965
  this is also current point
  no. of rejections          247
 stored as   -55

 highest radius point found:
  at point   42.756  28.350  43.589
  closest atom surface    6.557   H26 M1  X    1
  2nd closest surface     6.557   O22 M1  X    1
  found on step  660
 current point:
  at point   42.758  28.350  43.592
  closest atom surface    6.556   H33 M1  X    1
  2nd closest surface     6.557   H26 M1  X    1
  found on step  989
  no. of rejections          261
 stored as   -56

 highest radius point found:
  at point   42.775  28.150  43.610
  closest atom surface    6.738   H33 M1  X    1
  2nd closest surface     6.738   H26 M1  X    1
  found on step  956
  this is also current point
  no. of rejections          241
 stored as   -57

 highest radius point found:
  at point   42.791  27.950  43.632
  closest atom surface    6.919   H26 M1  X    1
  2nd closest surface     6.919   H33 M1  X    1
  found on step  965
  this is also current point
  no. of rejections          271
 stored as   -58

 highest radius point found:
  at point   42.814  27.750  43.648
  closest atom surface    7.101   O22 M1  X    1
  2nd closest surface     7.101   H33 M1  X    1
  found on step  992
  this is also current point
  no. of rejections          261
 stored as   -59

 highest radius point found:
  at point   42.825  27.550  43.674
  closest atom surface    7.285   H26 M1  X    1
  2nd closest surface     7.285   H33 M1  X    1
  found on step  982
  this is also current point
  no. of rejections          247
 stored as   -60

 highest radius point found:
  at point   42.845  27.350  43.694
  closest atom surface    7.469   H33 M1  X    1
  2nd closest surface     7.471   H26 M1  X    1
  found on step  941
  this is also current point
  no. of rejections          258
 stored as   -61

 highest radius point found:
  at point   42.858  27.150  43.725
  closest atom surface    7.653   H26 M1  X    1
  2nd closest surface     7.653   H33 M1  X    1
  found on step  896
  this is also current point
  no. of rejections          246
 stored as   -62

 highest radius point found:
  at point   42.881  26.950  43.725
  closest atom surface    7.838   O22 M1  X    1
  2nd closest surface     7.842   H33 M1  X    1
  found on step  979
  this is also current point
  no. of rejections          210
 stored as   -63

 highest radius point found:
  at point   42.892  26.750  43.753
  closest atom surface    8.027   H26 M1  X    1
  2nd closest surface     8.028   H33 M1  X    1
  found on step  936
  this is also current point
  no. of rejections          263
 stored as   -64

 highest radius point found:
  at point   42.910  26.550  43.781
  closest atom surface    8.214   H26 M1  X    1
  2nd closest surface     8.214   H33 M1  X    1
  found on step  818
 current point:
  at point   42.910  26.550  43.767
  closest atom surface    8.213   O22 M1  X    1
  2nd closest surface     8.215   H26 M1  X    1
  found on step  971
  no. of rejections          259
 stored as   -65

 highest radius point found:
  at point   42.929  26.350  43.792
  closest atom surface    8.402   O22 M1  X    1
  2nd closest surface     8.403   H26 M1  X    1
  found on step  868
 current point:
  at point   42.930  26.350  43.791
  closest atom surface    8.402   O22 M1  X    1
  2nd closest surface     8.403   H33 M1  X    1
  found on step  984
  no. of rejections          221
 stored as   -66

 highest radius point found:
  at point   42.947  26.150  43.815
  closest atom surface    8.591   H33 M1  X    1
  2nd closest surface     8.591   O22 M1  X    1
  found on step  972
  this is also current point
  no. of rejections          225
 stored as   -67

 highest radius point found:
  at point   42.962  25.950  43.846
  closest atom surface    8.779   H33 M1  X    1
  2nd closest surface     8.779   H26 M1  X    1
  found on step  965
  this is also current point
  no. of rejections          242
 stored as   -68

 highest radius point found:
  at point   43.007  25.750  43.857
  closest atom surface    8.965   H33 M1  X    1
  2nd closest surface     8.966   O22 M1  X    1
  found on step  960
  this is also current point
  no. of rejections          254
 stored as   -69

 highest radius point found:
  at point   43.058  25.550  43.873
  closest atom surface    9.150   H48 M1  X    1
  2nd closest surface     9.150   O11 M1  X    1
  found on step  977
  this is also current point
  no. of rejections          193
 stored as   -70

 highest radius point found:
  at point   43.110  25.350  43.910
  closest atom surface    9.334   H33 M1  X    1
  2nd closest surface     9.334   O11 M1  X    1
  found on step  954
  this is also current point
  no. of rejections          254
 stored as   -71

 highest radius point found:
  at point   43.162  25.150  43.933
  closest atom surface    9.520   O11 M1  X    1
  2nd closest surface     9.520   H33 M1  X    1
  found on step   11
 current point:
  at point   43.172  25.150  43.933
  closest atom surface    9.518   H33 M1  X    1
  2nd closest surface     9.519   H48 M1  X    1
  found on step  934
  no. of rejections          252
 stored as   -72

 highest radius point found:
  at point   42.960  24.950  47.187
  closest atom surface    9.835   H33 M1  X    1
  2nd closest surface     9.882   O15 M1  X    1
  found on step  998
  this is also current point
  no. of rejections          196
 stored as   -73

 highest radius point found:
  at point   42.185  24.750  54.521
  closest atom surface   13.168   S6  M1  X    1
  2nd closest surface    13.251   O11 M1  X    1
  found on step  999
  this is also current point
  no. of rejections          202
 stored as   -74

 highest radius point found:
  at point   41.041  24.550  62.787
  closest atom surface   18.882   S5  M1  X    1
  2nd closest surface    18.999   S6  M1  X    1
  found on step 1000
  this is also current point
  no. of rejections          232
 stored as   -75

 highest radius point found:
  at point   40.224  24.350  73.385
  closest atom surface   27.878   S5  M1  X    1
  2nd closest surface    28.121   S6  M1  X    1
  found on step  996
  this is also current point
  no. of rejections          249
 This is an end! (radius above  22.0 angs)
 
 N.b. Graph information routine (HOGRAP) differs 
        markedly from previous versions!
       Information now is written from -ve end
       to +ve in one pass
 
 Explanation of the meaning of each column: 
 First column "cenxyz.cvec" is the coordinate in the
   direction of the channel vector i.e. if the channel
   vector is in z (0 0 1) then it is the z coordinate.
 The second column "radius" is the hole pore radius 
   (as defined in the Biophys J 1993) article).
 The third column "cen_line_D" is the distance 
   measured along the pore centre line - with the 
   first point found set to zero. This was the first
   thing that I used to measure the distance along a pore
   but "cenxyz.cvec" is a much better general measure. 
   However, by comparing changes in this distance to changes in '   "cenxyz.cvec" one can get a measure of how straight a 
   channel is.
 The fourth column "sum{s/(area)}" is useful in conductance
   prediction -
   basically it is the sum of the thickness of each slab
   divided by its area. HOLE uses this measure to estimate
   the macroscopic conductance of a channel.
 If any of this worries you one can see the "raw" results
   of a standard hole run by producing a sphpdb file and 
    directly looking at the results.
 cenxyz.cvec      radius  cen_line_D sum{s/(area point sourc
    24.55019    18.88248   -36.81824     0.00009   (sampled)
    24.65019    15.83083   -32.64479     0.00022 (mid-point)
    24.75019    13.16813   -28.47134     0.00040   (sampled)
    24.85019    11.15815   -24.78264     0.00066 (mid-point)
    24.95019     9.83546   -21.09394     0.00098   (sampled)
    25.05019     9.55317   -19.46062     0.00133 (mid-point)
    25.15019     9.51969   -17.82729     0.00168   (sampled)
    25.25019     9.42669   -17.72331     0.00204 (mid-point)
    25.35019     9.33373   -17.61933     0.00241   (sampled)
    25.45019     9.24189   -17.51442     0.00278 (mid-point)
    25.55019     9.14969   -17.40951     0.00316   (sampled)
    25.65019     9.05743   -17.30603     0.00355 (mid-point)
    25.75019     8.96476   -17.20256     0.00395   (sampled)
    25.85019     8.87154   -17.09984     0.00435 (mid-point)
    25.95019     8.77852   -16.99712     0.00476   (sampled)
    26.05019     8.68458   -16.89560     0.00518 (mid-point)
    26.15019     8.59080   -16.79408     0.00562   (sampled)
    26.25019     8.49668   -16.69303     0.00606 (mid-point)
    26.35019     8.40229   -16.59197     0.00651   (sampled)
    26.45019     8.30808   -16.49137     0.00697 (mid-point)
    26.55019     8.21358   -16.39077     0.00744   (sampled)
    26.65019     8.11996   -16.28941     0.00792 (mid-point)
    26.75019     8.02651   -16.18805     0.00842   (sampled)
    26.85019     7.93352   -16.08696     0.00892 (mid-point)
    26.95019     7.83845   -15.98587     0.00944   (sampled)
    27.05019     7.74731   -15.88521     0.00997 (mid-point)
    27.15019     7.65326   -15.78456     0.01052   (sampled)
    27.25019     7.56105   -15.68318     0.01107 (mid-point)
    27.35019     7.46905   -15.58181     0.01164   (sampled)
    27.45019     7.37700   -15.48081     0.01223 (mid-point)
    27.55019     7.28502   -15.37981     0.01283   (sampled)
    27.65019     7.19320   -15.27879     0.01344 (mid-point)
    27.75019     7.10073   -15.17778     0.01407   (sampled)
    27.85019     7.01015   -15.07683     0.01472 (mid-point)
    27.95019     6.91898   -14.97588     0.01539   (sampled)
    28.05019     6.82818   -14.87493     0.01607 (mid-point)
    28.15019     6.73754   -14.77398     0.01677   (sampled)
    28.25019     6.64696   -14.67303     0.01749 (mid-point)
    28.35019     6.55650   -14.57209     0.01823   (sampled)
    28.45019     6.46573   -14.47155     0.01899 (mid-point)
    28.55019     6.37521   -14.37100     0.01978   (sampled)
    28.65019     6.28631   -14.26965     0.02058 (mid-point)
    28.75019     6.19775   -14.16829     0.02141   (sampled)
    28.85019     6.10924   -14.06747     0.02226 (mid-point)
    28.95019     6.01953   -13.96665     0.02314   (sampled)
    29.05019     5.93245   -13.86572     0.02405 (mid-point)
    29.15019     5.84444   -13.76479     0.02498   (sampled)
    29.25019     5.75753   -13.66397     0.02594 (mid-point)
    29.35019     5.66967   -13.56315     0.02693   (sampled)
    29.45019     5.58321   -13.46242     0.02795 (mid-point)
    29.55019     5.49654   -13.36168     0.02900   (sampled)
    29.65019     5.41070   -13.26078     0.03009 (mid-point)
    29.75019     5.32527   -13.15988     0.03121   (sampled)
    29.85019     5.24011   -13.05880     0.03237 (mid-point)
    29.95019     5.15538   -12.95771     0.03357   (sampled)
    30.05019     5.07146   -12.85703     0.03481 (mid-point)
    30.15019     4.98803   -12.75636     0.03609   (sampled)
    30.25019     4.90472   -12.65557     0.03741 (mid-point)
    30.35019     4.82176   -12.55478     0.03878   (sampled)
    30.45019     4.73992   -12.45419     0.04020 (mid-point)
    30.55019     4.65785   -12.35359     0.04166   (sampled)
    30.65019     4.57803   -12.25239     0.04318 (mid-point)
    30.75019     4.49588   -12.15120     0.04476   (sampled)
    30.85019     4.41716   -12.05075     0.04639 (mid-point)
    30.95019     4.33851   -11.95031     0.04808   (sampled)
    31.05019     4.26090   -11.84916     0.04983 (mid-point)
    31.15019     4.18325   -11.74801     0.05165   (sampled)
    31.25019     4.10702   -11.64750     0.05354 (mid-point)
    31.35019     4.03154   -11.54698     0.05550   (sampled)
    31.45019     3.95625   -11.44633     0.05753 (mid-point)
    31.55019     3.88177   -11.34568     0.05964   (sampled)
    31.65019     3.80891   -11.24461     0.06184 (mid-point)
    31.75019     3.73658   -11.14354     0.06412   (sampled)
    31.85019     3.66646   -11.04325     0.06648 (mid-point)
    31.95019     3.59380   -10.94295     0.06895   (sampled)
    32.05019     3.52524   -10.83989     0.07151 (mid-point)
    32.15019     3.45371   -10.73683     0.07418   (sampled)
    32.25019     3.38350   -10.63448     0.07696 (mid-point)
    32.35019     3.31405   -10.53213     0.07986   (sampled)
    32.45019     3.24783   -10.42908     0.08288 (mid-point)
    32.55019     3.18167   -10.32602     0.08602   (sampled)
    32.65019     3.11701   -10.22291     0.08930 (mid-point)
    32.75019     3.05342   -10.11980     0.09271   (sampled)
    32.85019     2.99115   -10.01719     0.09627 (mid-point)
    32.95019     2.93004    -9.91459     0.09998   (sampled)
    33.05019     2.87229    -9.81128     0.10383 (mid-point)
    33.15019     2.81609    -9.70798     0.10785   (sampled)
    33.25019     2.76079    -9.60472     0.11202 (mid-point)
    33.35019     2.70723    -9.50147     0.11637   (sampled)
    33.45019     2.65420    -9.39830     0.12089 (mid-point)
    33.55019     2.60301    -9.29513     0.12558   (sampled)
    33.65019     2.55674    -9.19021     0.13045 (mid-point)
    33.75019     2.51110    -9.08529     0.13550   (sampled)
    33.85019     2.46970    -8.98301     0.14072 (mid-point)
    33.95019     2.42853    -8.88072     0.14612   (sampled)
    34.05019     2.38996    -8.77704     0.15169 (mid-point)
    34.15019     2.35360    -8.67335     0.15744   (sampled)
    34.25019     2.31836    -8.56999     0.16336 (mid-point)
    34.35019     2.28472    -8.46662     0.16946   (sampled)
    34.45019     2.24922    -8.36416     0.17575 (mid-point)
    34.55019     2.21580    -8.26170     0.18223   (sampled)
    34.65019     2.18465    -8.15921     0.18890 (mid-point)
    34.75019     2.15589    -8.05671     0.19575   (sampled)
    34.85019     2.12996    -7.95452     0.20276 (mid-point)
    34.95019     2.10618    -7.85233     0.20994   (sampled)
    35.05019     2.08558    -7.75042     0.21726 (mid-point)
    35.15019     2.06680    -7.64850     0.22471   (sampled)
    35.25019     2.05137    -7.54608     0.23227 (mid-point)
    35.35019     2.03858    -7.44365     0.23993   (sampled)
    35.45019     2.02790    -7.33961     0.24767 (mid-point)
    35.55019     2.01954    -7.23556     0.25548   (sampled)
    35.65019     2.01349    -7.13014     0.26333 (mid-point)
    35.75019     2.00972    -7.02473     0.27121   (sampled)
    35.85019     2.00500    -6.89762     0.27913 (mid-point)
    35.95019     2.00320    -6.77051     0.28706   (sampled)
    36.05019     1.99920    -6.64041     0.29503 (mid-point)
    36.15019     1.99985    -6.51030     0.30298   (sampled)
    36.25019     1.97357    -6.40224     0.31116 (mid-point)
    36.35019     1.94819    -6.29418     0.31954   (sampled)
    36.45019     1.91983    -6.18322     0.32818 (mid-point)
    36.55019     1.89402    -6.07225     0.33705   (sampled)
    36.65019     1.87210    -5.96022     0.34614 (mid-point)
    36.75019     1.85285    -5.84818     0.35541   (sampled)
    36.85019     1.83896    -5.73627     0.36482 (mid-point)
    36.95019     1.82913    -5.62435     0.37433   (sampled)
    37.05019     1.82339    -5.51198     0.38391 (mid-point)
    37.15019     1.82128    -5.39961     0.39350   (sampled)
    37.25019     1.73919    -4.79034     0.40403 (mid-point)
    37.35019     1.78777    -4.18106     0.41399   (sampled)
    37.45019     1.81791    -4.02510     0.42362 (mid-point)
    37.55019     1.85454    -3.86914     0.43287   (sampled)
    37.65019     1.88988    -3.73245     0.44179 (mid-point)
    37.75019     1.93118    -3.59577     0.45032   (sampled)
    37.85019     1.94975    -3.47815     0.45869 (mid-point)
    37.95019     1.97220    -3.36053     0.46688   (sampled)
    38.05019     1.99568    -3.23828     0.47487 (mid-point)
    38.15019     2.02329    -3.11602     0.48264   (sampled)
    38.25019     2.05700    -2.99381     0.49017 (mid-point)
    38.35019     2.09411    -2.87160     0.49743   (sampled)
    38.45019     2.13431    -2.74638     0.50441 (mid-point)
    38.55019     2.17820    -2.62115     0.51112   (sampled)
    38.65019     2.19121    -2.06538     0.51775 (mid-point)
    38.75019     2.29848    -1.50961     0.52378   (sampled)
    38.85019     2.35752    -1.39255     0.52950 (mid-point)
    38.95019     2.41953    -1.27549     0.53494   (sampled)
    39.05019     2.44696    -0.85930     0.54026 (mid-point)
    39.15019     2.52364    -0.44311     0.54526   (sampled)
    39.25019     2.54013    -0.33449     0.55019 (mid-point)
    39.35019     2.55797    -0.22586     0.55505   (sampled)
    39.45019     2.57120    -0.11293     0.55987 (mid-point)
    39.55019     2.58680     0.00000     0.56463   (sampled)
    39.65019     2.60732     0.10507     0.56931 (mid-point)
    39.75019     2.62951     0.21014     0.57391   (sampled)
    39.85019     2.65487     0.31816     0.57843 (mid-point)
    39.95019     2.68277     0.42617     0.58285   (sampled)
    40.05019     2.71374     0.53506     0.58717 (mid-point)
    40.15019     2.74432     0.64395     0.59140   (sampled)
    40.25019     2.77272     0.74827     0.59554 (mid-point)
    40.35019     2.80300     0.85258     0.59959   (sampled)
    40.45019     2.81220     0.96077     0.60362 (mid-point)
    40.55019     2.82445     1.06897     0.60761   (sampled)
    40.65019     2.82163     1.19921     0.61160 (mid-point)
    40.75019     2.82324     1.32946     0.61560   (sampled)
    40.85019     2.79980     1.42983     0.61966 (mid-point)
    40.95019     2.77888     1.53021     0.62378   (sampled)
    41.05019     2.76196     1.63028     0.62795 (mid-point)
    41.15019     2.74352     1.73034     0.63218   (sampled)
    41.25019     2.73013     1.83130     0.63645 (mid-point)
    41.35019     2.71885     1.93227     0.64076   (sampled)
    41.45019     2.70842     2.03311     0.64510 (mid-point)
    41.55019     2.69998     2.13395     0.64946   (sampled)
    41.65019     2.69589     2.23496     0.65384 (mid-point)
    41.75019     2.69326     2.33596     0.65823   (sampled)
    41.85019     2.69179     2.43708     0.66263 (mid-point)
    41.95019     2.69250     2.53819     0.66702   (sampled)
    42.05019     2.69459     2.64099     0.67140 (mid-point)
    42.15019     2.69871     2.74378     0.67577   (sampled)
    42.25019     2.70301     2.84604     0.68013 (mid-point)
    42.35019     2.70925     2.94830     0.68446   (sampled)
    42.45019     2.72037     3.05345     0.68877 (mid-point)
    42.55019     2.73397     3.15859     0.69302   (sampled)
    42.65019     2.74918     3.26267     0.69724 (mid-point)
    42.75019     2.76605     3.36675     0.70140   (sampled)
    42.85019     2.78412     3.47223     0.70550 (mid-point)
    42.95019     2.80372     3.57772     0.70955   (sampled)
    43.05019     2.82577     3.68666     0.71354 (mid-point)
    43.15019     2.85011     3.79560     0.71746   (sampled)
    43.25019     2.87627     3.90218     0.72130 (mid-point)
    43.35019     2.90460     4.00877     0.72508   (sampled)
    43.45019     2.92889     4.11023     0.72879 (mid-point)
    43.55019     2.95514     4.21169     0.73243   (sampled)
    43.65019     2.97962     4.31434     0.73602 (mid-point)
    43.75019     3.00610     4.41700     0.73954   (sampled)
    43.85019     3.03148     4.52005     0.74300 (mid-point)
    43.95019     3.05884     4.62310     0.74641   (sampled)
    44.05019     3.08652     4.72450     0.74975 (mid-point)
    44.15019     3.11509     4.82591     0.75303   (sampled)
    44.25019     3.14886     4.92900     0.75624 (mid-point)
    44.35019     3.18349     5.03210     0.75938   (sampled)
    44.45019     3.21977     5.13343     0.76245 (mid-point)
    44.55019     3.25720     5.23477     0.76545   (sampled)
    44.65019     3.29772     5.33703     0.76838 (mid-point)
    44.75019     3.33754     5.43930     0.77123   (sampled)
    44.85019     3.38183     5.54069     0.77402 (mid-point)
    44.95019     3.42661     5.64208     0.77673   (sampled)
    45.05019     3.47398     5.74367     0.77937 (mid-point)
    45.15019     3.52142     5.84526     0.78193   (sampled)
    45.25019     3.57196     5.94678     0.78443 (mid-point)
    45.35019     3.62333     6.04830     0.78685   (sampled)
    45.45019     3.67650     6.14987     0.78921 (mid-point)
    45.55019     3.73048     6.25144     0.79149   (sampled)
    45.65019     3.78577     6.35299     0.79372 (mid-point)
    45.75019     3.84230     6.45455     0.79587   (sampled)
    45.85019     3.90072     6.55561     0.79796 (mid-point)
    45.95019     3.96014     6.65668     0.79999   (sampled)
    46.05019     4.01997     6.75846     0.80196 (mid-point)
    46.15019     4.08075     6.86023     0.80387   (sampled)
    46.25019     4.14334     6.96078     0.80573 (mid-point)
    46.35019     4.20693     7.06133     0.80753   (sampled)
    46.45019     4.27245     7.16302     0.80927 (mid-point)
    46.55019     4.33881     7.26471     0.81096   (sampled)
    46.65019     4.40520     7.36562     0.81260 (mid-point)
    46.75019     4.47253     7.46653     0.81419   (sampled)
    46.85019     4.45739     8.55626     0.81580 (mid-point)
    46.95019     4.63411     9.64599     0.81728   (sampled)
    47.05019     4.75517    10.43115     0.81869 (mid-point)
    47.15019     4.96443    11.21632     0.81998   (sampled)
    47.25019     5.58851    13.41938     0.82100 (mid-point)
    47.35019     6.76071    15.62244     0.82169   (sampled)
    47.45019     9.31579    19.61764     0.82206 (mid-point)
    47.55019    12.38164    23.61284     0.82227   (sampled)
    47.65019    15.99943    27.79860     0.82239 (mid-point)
    47.75019    19.70991    31.98435     0.82247   (sampled)

 Minimum radius found:      1.739 angstroms.



 For spherical probe approach, The geometric factor
         F= sum(ds/area) along channel is    0.822 angstroms**-1
 This yields a macroscopic predicted molar conductance of:
   (1/rho)*(100/F)= (120/rho) pS,
   where rho is the conductivity of 1M permeant ion in ohm m.
 N.B. this is a macroscopic conductance - an overestimate 
 Empirically corrected conductances currently only available
 With the CAPSULE option (although its not that stable!)
 For 1M KCl rho= 1/12 (ohm m), So Gmacro= 1500 pS/M.
  (TAG      1   Rmin=     1.73919   Gmacro=  1459.01459 Conn_Gmacro=    -1.00000 ).
 HOLE: normal completion
