 *** Program HOLE ***
 
 If results of this run are reported or published, please
 cite the publication listed below.
 For the HOLE program:
   Smart, O.S., Goodfellow, J.M., Wallace, B.A. (1993). 
   The pore dimensions of gramicidin A. 
   Biophys. J., 65, 2455-2460.
 
 Originally written by Oliver Smart at Birkbeck College from April 1992.
 Copyright 1993-2005 Oliver Smart
 Copyright 2014-2015 SmartSci Limited.
 Copyright 2016 Oliver Smart.
 
 For help on HOLE suite see  http://www.holeprogram.org/
 
 HOLE release 2.2.005 (07 August 2016) 
 
 usage subject to Apache License, Version 2.0 
 see http://www.apache.org/licenses/LICENSE-2.0 

 Control variables read:

! Input file for Oliver Smart's HOLE program
! written by MDAnalysis.analysis.hole2.HoleAnalysis
! for a Universe
! u = mda.Universe(/afs/crc.nd.edu/user/m/mfarshad/Private/ML-new/traj/host-M1/h
!    /afs/crc.nd.edu/user/m/mfarshad/Private/ML-new/traj/host-M1/host_M1.trr
!   )
! Frame 64

COORD  /tmp/2550303.1.long/tmpwdu11h97.pdb
RADIUS simple2.rad
SPHPDB hole064.sph
SAMPLE 0.200000
ENDRAD 22.000000
IGNORE SOL WAT TIP HOH K   NA  CL
SHORTO 0
RASEED 31415
CPOINT 40.4252429962 40.3181456502 38.4792609406


 WARNING have not found a CVECT record - will try to guess
 Input pdb filename read as:    '/tmp/2550303.1.long/tmpwdu11h97.pdb'
 Input vdW radius file read as: 'simple2.rad'
 point in channel:   40.425  40.318  38.479
 channel vector:   ************************
 sampling distance between planes:    0.200

 graphics conditions:
 binary plot output file name: NONE
 Dot density:    10
 Draw dots?           T
 Draw close contacts? F
 Draw centre line?    T
 Produce spikes rather than dots? F
 Seed for random number generator:     31415 (0 means value set by program)
 Radius above which a result is regarded as an 'end':  22.000
 Pdb format file for sphere centres: hole064.sph

 Monte Carlo conditions:
  no of steps:  1000
  maximum displacement   0.100 angs
  'kT' initial   0.100 angs
 The spherebox and capsule options are turned off.
 (No molqpt card so will not write qpt file of the molecule)
 IGNORE card read so will ignore residue types: SOL WAT TIP HOH K   NA  CL
 no SHORTO card read so will produce full textual output
 As no PEGRAT card was found will not produce PEG polymer exclusion graph
 (No 2DMAPS card specified so will not produce 2D property maps)
 Have not found a CUT card.  Normal calculation using
   Cutoff lists with a cutsize=       1.000
   (if you wish to turn off option use a CUT -1 card)

 Have read     7 bond radius records and
              16 vdW radius records.
 From file: simple2.rad

 Have read   150 atom records.
 From file: /tmp/2550303.1.long/tmpwdu11h97.pdb
 Will not produce graphical output

 Have opened file for pdb format output of sphere centres:  hole064.sph

  Seed integer used by ran # generator on this run      31415

 
 S/R cguess will try to guess CPOINT and/or CVECT
 
 THESE GUESSES MAY WELL BE WRONG!!!!
 Routine relies on having a reasonably symmetric
 channel oriented along x, y or z vector
 YOU ARE STRONGLY ADVISED TO CHECK THE RESULTS
                       WITH MOLECULAR GRAPHICS
 testing points from cpoint in X, Y then Z direction
   point                   pore radius
direction     1
  35.425  40.318  38.479     1.214
  36.425  40.318  38.479     1.611
  37.425  40.318  38.479     1.871
  38.425  40.318  38.479     1.772
  39.425  40.318  38.479     1.441
  40.425  40.318  38.479     1.318
  41.425  40.318  38.479     1.489
  42.425  40.318  38.479     1.451
  43.425  40.318  38.479     1.058
  44.425  40.318  38.479     0.906
  45.425  40.318  38.479     1.243
 Average pore radius along the line=      1.398
direction     2
  40.425  35.318  38.479    -0.794
  40.425  36.318  38.479    -1.490
  40.425  37.318  38.479    -0.968
  40.425  38.318  38.479    -0.033
  40.425  39.318  38.479     0.589
  40.425  40.318  38.479     1.318
  40.425  41.318  38.479     2.161
  40.425  42.318  38.479     1.527
  40.425  43.318  38.479     0.776
  40.425  44.318  38.479     0.120
  40.425  45.318  38.479    -0.587
 Average pore radius along the line=      0.238
direction     3
  40.425  40.318  33.479     0.346
  40.425  40.318  34.479     0.172
  40.425  40.318  35.479     0.284
  40.425  40.318  36.479     0.654
  40.425  40.318  37.479     0.833
  40.425  40.318  38.479     1.318
  40.425  40.318  39.479     1.876
  40.425  40.318  40.479     1.089
  40.425  40.318  41.479     0.488
  40.425  40.318  42.479     0.258
  40.425  40.318  43.479     0.520
 Average pore radius along the line=      0.713
 Best direction is found to be     1
(1=X,2=Y,3=Z)
 s/r cguess has produced initial values for cpoint &/or cvect:
CPOINT      40.4252     40.3181     38.4793
CVECT        1.0000      0.0000      0.0000
 THESE GUESSES MAY WELL BE WRONG!!!!
 Routine relies on having a reasonably symmetric
 channel oriented along x, y or z vector
 YOU ARE STRONGLY ADVISED TO CHECK THE RESULTS
                       WITH MOLECULAR GRAPHICS
 
 
  Some routines (e.g. conn) need vectors normal to cvect: 
     EAST Zero degrees angle is along vector    0.000   1.000   0.000
     NORTH  90 degrees angle is along vector    0.000   0.000  -1.000
 highest radius point found:
  at point   40.425  41.243  38.683
  closest atom surface    2.198   S3  M1  X    1
  2nd closest surface     2.201   O22 M1  X    1
  found on step   74
 current point:
  at point   40.425  41.345  38.481
  closest atom surface    2.185   O22 M1  X    1
  2nd closest surface     2.186   S3  M1  X    1
  found on step  994
  no. of rejections          372
 stored as     0

 highest radius point found:
  at point   40.625  41.018  38.868
  closest atom surface    2.121   O22 M1  X    1
  2nd closest surface     2.121   O17 M1  X    1
  found on step  926
  this is also current point
  no. of rejections          318
 stored as     1

 highest radius point found:
  at point   40.825  40.816  39.004
  closest atom surface    2.061   O22 M1  X    1
  2nd closest surface     2.061   S3  M1  X    1
  found on step  407
 current point:
  at point   40.825  40.817  39.011
  closest atom surface    2.060   O22 M1  X    1
  2nd closest surface     2.060   O17 M1  X    1
  found on step  936
  no. of rejections          363
 stored as     2

 highest radius point found:
  at point   41.025  40.612  39.151
  closest atom surface    2.028   O22 M1  X    1
  2nd closest surface     2.030   S3  M1  X    1
  found on step  563
 current point:
  at point   41.025  40.204  39.459
  closest atom surface    1.966   O17 M1  X    1
  2nd closest surface     1.966   S3  M1  X    1
  found on step  962
  no. of rejections          391
 stored as     3

 highest radius point found:
  at point   41.225  40.405  39.296
  closest atom surface    2.021   S3  M1  X    1
  2nd closest surface     2.023   O17 M1  X    1
  found on step  670
 current point:
  at point   41.225  40.398  39.303
  closest atom surface    2.021   O17 M1  X    1
  2nd closest surface     2.021   S3  M1  X    1
  found on step  913
  no. of rejections          391
 stored as     4

 highest radius point found:
  at point   41.425  40.205  39.440
  closest atom surface    2.041   S3  M1  X    1
  2nd closest surface     2.043   O17 M1  X    1
  found on step  880
  this is also current point
  no. of rejections          377
 stored as     5

 highest radius point found:
  at point   41.625  39.867  39.692
  closest atom surface    2.092   O17 M1  X    1
  2nd closest surface     2.093   S3  M1  X    1
  found on step  887
 current point:
  at point   41.625  39.859  39.699
  closest atom surface    2.092   O17 M1  X    1
  2nd closest surface     2.092   S4  M1  X    1
  found on step  895
  no. of rejections          390
 stored as     6

 highest radius point found:
  at point   41.825  39.823  39.721
  closest atom surface    2.149   O22 M1  X    1
  2nd closest surface     2.151   S4  M1  X    1
  found on step  955
  this is also current point
  no. of rejections          383
 stored as     7

 highest radius point found:
  at point   42.025  39.715  39.687
  closest atom surface    2.127   O16 M1  X    1
  2nd closest surface     2.137   O22 M1  X    1
  found on step   42
 current point:
  at point   42.025  39.409  40.095
  closest atom surface    2.081   S4  M1  X    1
  2nd closest surface     2.082   O16 M1  X    1
  found on step  966
  no. of rejections          345
 stored as     8

 highest radius point found:
  at point   42.225  39.566  39.557
  closest atom surface    2.071   O16 M1  X    1
  2nd closest surface     2.071   S3  M1  X    1
  found on step  780
 current point:
  at point   42.225  39.591  39.540
  closest atom surface    2.070   S3  M1  X    1
  2nd closest surface     2.070   O16 M1  X    1
  found on step  963
  no. of rejections          330
 stored as     9

 highest radius point found:
  at point   42.425  39.396  39.466
  closest atom surface    2.025   O16 M1  X    1
  2nd closest surface     2.025   S3  M1  X    1
  found on step  945
  this is also current point
  no. of rejections          354
 stored as    10

 highest radius point found:
  at point   42.625  39.231  39.373
  closest atom surface    1.998   O16 M1  X    1
  2nd closest surface     1.998   S3  M1  X    1
  found on step  510
 current point:
  at point   42.625  39.509  39.184
  closest atom surface    1.985   S3  M1  X    1
  2nd closest surface     1.985   O16 M1  X    1
  found on step  958
  no. of rejections          350
 stored as    11

 highest radius point found:
  at point   42.825  38.232  40.445
  closest atom surface    2.033   S4  M1  X    1
  2nd closest surface     2.044   O16 M1  X    1
  found on step  995
  this is also current point
  no. of rejections          324
 stored as    12

 highest radius point found:
  at point   43.025  38.047  40.400
  closest atom surface    2.069   S4  M1  X    1
  2nd closest surface     2.069   O16 M1  X    1
  found on step   39
 current point:
  at point   43.025  38.897  39.196
  closest atom surface    2.002   O16 M1  X    1
  2nd closest surface     2.003   S4  M1  X    1
  found on step  989
  no. of rejections          330
 stored as    13

 highest radius point found:
  at point   43.225  34.823  41.005
  closest atom surface    2.553   C25 M1  X    1
  2nd closest surface     2.558   S4  M1  X    1
  found on step  998
  this is also current point
  no. of rejections          338
 stored as    14

 highest radius point found:
  at point   43.425  30.018  41.929
  closest atom surface    4.458   O10 M1  X    1
  2nd closest surface     4.466   C25 M1  X    1
  found on step  999
  this is also current point
  no. of rejections          241
 stored as    15

 highest radius point found:
  at point   43.625  21.658  47.029
  closest atom surface   12.253   O10 M1  X    1
  2nd closest surface    12.340   H25 M1  X    1
  found on step 1000
  this is also current point
  no. of rejections          227
 stored as    16

 highest radius point found:
  at point   43.825  11.709  52.832
  closest atom surface   23.270   O10 M1  X    1
  2nd closest surface    23.445   H25 M1  X    1
  found on step 1000
  this is also current point
  no. of rejections          243
 This is an end! (radius above  22.0 angs)
 highest radius point found:
  at point   40.225  41.469  38.510
  closest atom surface    2.308   O22 M1  X    1
  2nd closest surface     2.309   S3  M1  X    1
  found on step  962
  this is also current point
  no. of rejections          410
 stored as    -1

 highest radius point found:
  at point   40.025  41.398  38.617
  closest atom surface    2.308   S1  M1  X    1
  2nd closest surface     2.308   S3  M1  X    1
  found on step  443
 current point:
  at point   40.025  41.392  38.619
  closest atom surface    2.304   S3  M1  X    1
  2nd closest surface     2.309   S1  M1  X    1
  found on step  958
  no. of rejections          382
 stored as    -2

 highest radius point found:
  at point   39.825  41.321  38.696
  closest atom surface    2.293   O17 M1  X    1
  2nd closest surface     2.294   S1  M1  X    1
  found on step  759
 current point:
  at point   39.825  41.380  38.684
  closest atom surface    2.291   O17 M1  X    1
  2nd closest surface     2.291   S1  M1  X    1
  found on step  868
  no. of rejections          385
 stored as    -3

 highest radius point found:
  at point   39.625  41.221  38.777
  closest atom surface    2.288   O17 M1  X    1
  2nd closest surface     2.289   S3  M1  X    1
  found on step  904
  this is also current point
  no. of rejections          408
 stored as    -4

 highest radius point found:
  at point   39.425  41.134  38.854
  closest atom surface    2.296   S1  M1  X    1
  2nd closest surface     2.298   S3  M1  X    1
  found on step  766
 current point:
  at point   39.425  41.128  38.858
  closest atom surface    2.295   S3  M1  X    1
  2nd closest surface     2.296   O17 M1  X    1
  found on step  963
  no. of rejections          365
 stored as    -5

 highest radius point found:
  at point   39.225  41.047  38.934
  closest atom surface    2.318   S1  M1  X    1
  2nd closest surface     2.318   O17 M1  X    1
  found on step  914
  this is also current point
  no. of rejections          394
 stored as    -6

 highest radius point found:
  at point   39.025  40.959  39.014
  closest atom surface    2.352   O17 M1  X    1
  2nd closest surface     2.353   S1  M1  X    1
  found on step  888
  this is also current point
  no. of rejections          392
 stored as    -7

 highest radius point found:
  at point   38.825  40.869  39.095
  closest atom surface    2.399   S3  M1  X    1
  2nd closest surface     2.400   O17 M1  X    1
  found on step  998
  this is also current point
  no. of rejections          397
 stored as    -8

 highest radius point found:
  at point   38.625  40.787  39.172
  closest atom surface    2.455   S1  M1  X    1
  2nd closest surface     2.460   O17 M1  X    1
  found on step  943
  this is also current point
  no. of rejections          358
 stored as    -9

 highest radius point found:
  at point   38.425  40.683  39.263
  closest atom surface    2.525   S3  M1  X    1
  2nd closest surface     2.526   H37 M1  X    1
  found on step  929
  this is also current point
  no. of rejections          404
 stored as   -10

 highest radius point found:
  at point   38.225  40.698  39.264
  closest atom surface    2.535   H23 M1  X    1
  2nd closest surface     2.536   S1  M1  X    1
  found on step  774
 current point:
  at point   38.225  40.702  39.263
  closest atom surface    2.535   S1  M1  X    1
  2nd closest surface     2.538   H37 M1  X    1
  found on step  901
  no. of rejections          399
 stored as   -11

 highest radius point found:
  at point   38.025  40.742  39.264
  closest atom surface    2.544   H23 M1  X    1
  2nd closest surface     2.544   S1  M1  X    1
  found on step  954
  this is also current point
  no. of rejections          418
 stored as   -12

 highest radius point found:
  at point   37.825  40.784  39.266
  closest atom surface    2.562   H37 M1  X    1
  2nd closest surface     2.562   S1  M1  X    1
  found on step  991
  this is also current point
  no. of rejections          384
 stored as   -13

 highest radius point found:
  at point   37.625  40.826  39.269
  closest atom surface    2.590   H37 M1  X    1
  2nd closest surface     2.591   H23 M1  X    1
  found on step  992
  this is also current point
  no. of rejections          396
 stored as   -14

 highest radius point found:
  at point   37.425  40.849  39.427
  closest atom surface    2.557   H23 M1  X    1
  2nd closest surface     2.557   O2  M1  X    1
  found on step  986
  this is also current point
  no. of rejections          362
 stored as   -15

 highest radius point found:
  at point   37.225  40.877  39.593
  closest atom surface    2.539   O2  M1  X    1
  2nd closest surface     2.539   H37 M1  X    1
  found on step  976
  this is also current point
  no. of rejections          385
 stored as   -16

 highest radius point found:
  at point   37.025  40.897  39.758
  closest atom surface    2.539   O2  M1  X    1
  2nd closest surface     2.539   H23 M1  X    1
  found on step  520
 current point:
  at point   37.025  40.899  39.771
  closest atom surface    2.538   H37 M1  X    1
  2nd closest surface     2.538   H23 M1  X    1
  found on step  895
  no. of rejections          375
 stored as   -17

 highest radius point found:
  at point   36.825  40.925  39.937
  closest atom surface    2.559   H37 M1  X    1
  2nd closest surface     2.561   H23 M1  X    1
  found on step  941
  this is also current point
  no. of rejections          380
 stored as   -18

 highest radius point found:
  at point   36.625  40.950  40.106
  closest atom surface    2.597   O2  M1  X    1
  2nd closest surface     2.598   H37 M1  X    1
  found on step  989
  this is also current point
  no. of rejections          368
 stored as   -19

 highest radius point found:
  at point   36.425  40.971  40.286
  closest atom surface    2.654   H23 M1  X    1
  2nd closest surface     2.656   H37 M1  X    1
  found on step  953
  this is also current point
  no. of rejections          375
 stored as   -20

 highest radius point found:
  at point   36.225  40.993  40.493
  closest atom surface    2.726   H37 M1  X    1
  2nd closest surface     2.726   H23 M1  X    1
  found on step  383
 current point:
  at point   36.225  40.914  41.461
  closest atom surface    2.700   H37 M1  X    1
  2nd closest surface     2.701   C22 M1  X    1
  found on step  979
  no. of rejections          363
 stored as   -21

 highest radius point found:
  at point   36.025  40.992  42.724
  closest atom surface    3.049   C23 M1  X    1
  2nd closest surface     3.050   H37 M1  X    1
  found on step  995
  this is also current point
  no. of rejections          336
 stored as   -22

 highest radius point found:
  at point   35.825  42.329  45.477
  closest atom surface    3.923   C36 M1  X    1
  2nd closest surface     3.929   O13 M1  X    1
  found on step  997
  this is also current point
  no. of rejections          280
 stored as   -23

 highest radius point found:
  at point   35.625  44.422  48.109
  closest atom surface    5.746   O13 M1  X    1
  2nd closest surface     5.761   C37 M1  X    1
  found on step  998
  this is also current point
  no. of rejections          292
 stored as   -24

 highest radius point found:
  at point   35.425  49.250  57.119
  closest atom surface   13.884   O19 M1  X    1
  2nd closest surface    14.048   O13 M1  X    1
  found on step  997
  this is also current point
  no. of rejections          253
 stored as   -25

 highest radius point found:
  at point   35.225  51.918  66.164
  closest atom surface   22.395   O19 M1  X    1
  2nd closest surface    22.487   O14 M1  X    1
  found on step 1000
  this is also current point
  no. of rejections          247
 This is an end! (radius above  22.0 angs)
 
 N.b. Graph information routine (HOGRAP) differs 
        markedly from previous versions!
       Information now is written from -ve end
       to +ve in one pass
 
 Explanation of the meaning of each column: 
 First column "cenxyz.cvec" is the coordinate in the
   direction of the channel vector i.e. if the channel
   vector is in z (0 0 1) then it is the z coordinate.
 The second column "radius" is the hole pore radius 
   (as defined in the Biophys J 1993) article).
 The third column "cen_line_D" is the distance 
   measured along the pore centre line - with the 
   first point found set to zero. This was the first
   thing that I used to measure the distance along a pore
   but "cenxyz.cvec" is a much better general measure. 
   However, by comparing changes in this distance to changes in '   "cenxyz.cvec" one can get a measure of how straight a 
   channel is.
 The fourth column "sum{s/(area)}" is useful in conductance
   prediction -
   basically it is the sum of the thickness of each slab
   divided by its area. HOLE uses this measure to estimate
   the macroscopic conductance of a channel.
 If any of this worries you one can see the "raw" results
   of a standard hole run by producing a sphpdb file and 
    directly looking at the results.
 cenxyz.cvec      radius  cen_line_D sum{s/(area point sourc
    35.42524    13.88402   -24.03816     0.00017   (sampled)
    35.52524     9.50458   -18.92601     0.00052 (mid-point)
    35.62524     5.74581   -13.81387     0.00148   (sampled)
    35.72524     4.68029   -12.12965     0.00293 (mid-point)
    35.82524     3.92308   -10.44543     0.00500   (sampled)
    35.92524     3.31947    -8.91209     0.00789 (mid-point)
    36.02524     3.04881    -7.37876     0.01132   (sampled)
    36.12524     2.72673    -6.25865     0.01560 (mid-point)
    36.22524     2.72566    -5.13854     0.01988   (sampled)
    36.32524     2.68740    -4.99399     0.02429 (mid-point)
    36.42524     2.65429    -4.84943     0.02881   (sampled)
    36.52524     2.62466    -4.71477     0.03343 (mid-point)
    36.62524     2.59723    -4.58011     0.03815   (sampled)
    36.72524     2.57610    -4.44847     0.04294 (mid-point)
    36.82524     2.55869    -4.31684     0.04781   (sampled)
    36.92524     2.54736    -4.18194     0.05271 (mid-point)
    37.02524     2.53853    -4.04705     0.05765   (sampled)
    37.12524     2.53672    -3.91710     0.06260 (mid-point)
    37.22524     2.53895    -3.78715     0.06753   (sampled)
    37.32524     2.54598    -3.65635     0.07245 (mid-point)
    37.42524     2.55668    -3.52555     0.07732   (sampled)
    37.52524     2.57159    -3.39742     0.08213 (mid-point)
    37.62524     2.59005    -3.26929     0.08687   (sampled)
    37.72524     2.57450    -3.16718     0.09168 (mid-point)
    37.82524     2.56182    -3.06507     0.09653   (sampled)
    37.92524     2.55162    -2.96280     0.10141 (mid-point)
    38.02524     2.54360    -2.86053     0.10633   (sampled)
    38.12524     2.53792    -2.75818     0.11128 (mid-point)
    38.22524     2.53519    -2.65583     0.11623   (sampled)
    38.32524     2.53196    -2.55554     0.12119 (mid-point)
    38.42524     2.52525    -2.45525     0.12619   (sampled)
    38.52524     2.49110    -2.33360     0.13132 (mid-point)
    38.62524     2.45537    -2.21194     0.13660   (sampled)
    38.72524     2.42621    -2.09718     0.14200 (mid-point)
    38.82524     2.39939    -1.98241     0.14753   (sampled)
    38.92524     2.37441    -1.86542     0.15318 (mid-point)
    39.02524     2.35244    -1.74843     0.15893   (sampled)
    39.12524     2.33376    -1.63203     0.16477 (mid-point)
    39.22524     2.31805    -1.51564     0.17070   (sampled)
    39.32524     2.30568    -1.39963     0.17669 (mid-point)
    39.42524     2.29641    -1.28363     0.18272   (sampled)
    39.52524     2.29120    -1.16783     0.18879 (mid-point)
    39.62524     2.28850    -1.05203     0.19486   (sampled)
    39.72524     2.28885    -0.93331     0.20094 (mid-point)
    39.82524     2.29279    -0.81458     0.20699   (sampled)
    39.92524     2.29930    -0.70036     0.21301 (mid-point)
    40.02524     2.30810    -0.58614     0.21899   (sampled)
    40.12524     2.30721    -0.46727     0.22497 (mid-point)
    40.22524     2.30814    -0.34840     0.23094   (sampled)
    40.32524     2.25043    -0.17420     0.23723 (mid-point)
    40.42524     2.19787     0.00000     0.24382   (sampled)
    40.52524     2.15609     0.17636     0.25067 (mid-point)
    40.62524     2.12053     0.35272     0.25775   (sampled)
    40.72524     2.08736     0.51025     0.26505 (mid-point)
    40.82524     2.06060     0.66778     0.27255   (sampled)
    40.92524     2.04093     0.82855     0.28019 (mid-point)
    41.02524     2.02818     0.98932     0.28793   (sampled)
    41.12524     2.02214     1.15050     0.29571 (mid-point)
    41.22524     2.02117     1.31167     0.30350   (sampled)
    41.32524     2.02820     1.47019     0.31124 (mid-point)
    41.42524     2.04144     1.62872     0.31888   (sampled)
    41.52524     2.06003     1.86201     0.32638 (mid-point)
    41.62524     2.09170     2.09530     0.33366   (sampled)
    41.72524     2.12192     2.19872     0.34073 (mid-point)
    41.82524     2.14923     2.30213     0.34762   (sampled)
    41.92524     2.14141     2.41713     0.35456 (mid-point)
    42.02524     2.12731     2.53212     0.36159   (sampled)
    42.12524     2.09666     2.67261     0.36883 (mid-point)
    42.22524     2.07106     2.81311     0.37625   (sampled)
    42.32524     2.04527     2.95201     0.38386 (mid-point)
    42.42524     2.02454     3.09091     0.39163   (sampled)
    42.52524     2.00850     3.22886     0.39952 (mid-point)
    42.62524     1.99762     3.36681     0.40750   (sampled)
    42.72524     1.94545     4.10611     0.41591 (mid-point)
    42.82524     2.03271     4.84541     0.42361   (sampled)
    42.92524     2.04848     4.98371     0.43120 (mid-point)
    43.02524     2.06889     5.12201     0.43863   (sampled)
    43.12524     1.99566     6.76510     0.44662 (mid-point)
    43.22524     2.55294     8.40818     0.45151   (sampled)
    43.32524     3.01272    10.85669     0.45502 (mid-point)
    43.42524     4.45759    13.30520     0.45662   (sampled)
    43.52524     7.90614    18.20258     0.45713 (mid-point)
    43.62524    12.25343    23.09995     0.45734   (sampled)

 Minimum radius found:      1.945 angstroms.



 For spherical probe approach, The geometric factor
         F= sum(ds/area) along channel is    0.457 angstroms**-1
 This yields a macroscopic predicted molar conductance of:
   (1/rho)*(100/F)= (220/rho) pS,
   where rho is the conductivity of 1M permeant ion in ohm m.
 N.B. this is a macroscopic conductance - an overestimate 
 Empirically corrected conductances currently only available
 With the CAPSULE option (although its not that stable!)
 For 1M KCl rho= 1/12 (ohm m), So Gmacro= 2600 pS/M.
  (TAG      1   Rmin=     1.94545   Gmacro=  2623.87616 Conn_Gmacro=    -1.00000 ).
 HOLE: normal completion
