 *** Program HOLE ***
 
 If results of this run are reported or published, please
 cite the publication listed below.
 For the HOLE program:
   Smart, O.S., Goodfellow, J.M., Wallace, B.A. (1993). 
   The pore dimensions of gramicidin A. 
   Biophys. J., 65, 2455-2460.
 
 Originally written by Oliver Smart at Birkbeck College from April 1992.
 Copyright 1993-2005 Oliver Smart
 Copyright 2014-2015 SmartSci Limited.
 Copyright 2016 Oliver Smart.
 
 For help on HOLE suite see  http://www.holeprogram.org/
 
 HOLE release 2.2.005 (07 August 2016) 
 
 usage subject to Apache License, Version 2.0 
 see http://www.apache.org/licenses/LICENSE-2.0 

 Control variables read:

! Input file for Oliver Smart's HOLE program
! written by MDAnalysis.analysis.hole2.HoleAnalysis
! for a Universe
! u = mda.Universe(/afs/crc.nd.edu/user/m/mfarshad/Private/ML-new/traj/host-M1/h
!    /afs/crc.nd.edu/user/m/mfarshad/Private/ML-new/traj/host-M1/host_M1.trr
!   )
! Frame 397

COORD  /tmp/2550303.1.long/tmpsk0dj3gl.pdb
RADIUS simple2.rad
SPHPDB hole397.sph
SAMPLE 0.200000
ENDRAD 22.000000
IGNORE SOL WAT TIP HOH K   NA  CL
SHORTO 0
RASEED 31415
CPOINT 39.0484832764 41.1889780807 39.3015868123


 WARNING have not found a CVECT record - will try to guess
 Input pdb filename read as:    '/tmp/2550303.1.long/tmpsk0dj3gl.pdb'
 Input vdW radius file read as: 'simple2.rad'
 point in channel:   39.048  41.189  39.302
 channel vector:   ************************
 sampling distance between planes:    0.200

 graphics conditions:
 binary plot output file name: NONE
 Dot density:    10
 Draw dots?           T
 Draw close contacts? F
 Draw centre line?    T
 Produce spikes rather than dots? F
 Seed for random number generator:     31415 (0 means value set by program)
 Radius above which a result is regarded as an 'end':  22.000
 Pdb format file for sphere centres: hole397.sph

 Monte Carlo conditions:
  no of steps:  1000
  maximum displacement   0.100 angs
  'kT' initial   0.100 angs
 The spherebox and capsule options are turned off.
 (No molqpt card so will not write qpt file of the molecule)
 IGNORE card read so will ignore residue types: SOL WAT TIP HOH K   NA  CL
 no SHORTO card read so will produce full textual output
 As no PEGRAT card was found will not produce PEG polymer exclusion graph
 (No 2DMAPS card specified so will not produce 2D property maps)
 Have not found a CUT card.  Normal calculation using
   Cutoff lists with a cutsize=       1.000
   (if you wish to turn off option use a CUT -1 card)

 Have read     7 bond radius records and
              16 vdW radius records.
 From file: simple2.rad

 Have read   150 atom records.
 From file: /tmp/2550303.1.long/tmpsk0dj3gl.pdb
 Will not produce graphical output

 Have opened file for pdb format output of sphere centres:  hole397.sph

  Seed integer used by ran # generator on this run      31415

 
 S/R cguess will try to guess CPOINT and/or CVECT
 
 THESE GUESSES MAY WELL BE WRONG!!!!
 Routine relies on having a reasonably symmetric
 channel oriented along x, y or z vector
 YOU ARE STRONGLY ADVISED TO CHECK THE RESULTS
                       WITH MOLECULAR GRAPHICS
 testing points from cpoint in X, Y then Z direction
   point                   pore radius
direction     1
  34.048  41.189  39.302    -0.382
  35.048  41.189  39.302     0.455
  36.048  41.189  39.302     1.386
  37.048  41.189  39.302     1.814
  38.048  41.189  39.302     1.832
  39.048  41.189  39.302     2.017
  40.048  41.189  39.302     1.516
  41.048  41.189  39.302     0.798
  42.048  41.189  39.302     0.341
  43.048  41.189  39.302     0.333
  44.048  41.189  39.302     0.302
 Average pore radius along the line=      0.947
direction     2
  39.048  36.189  39.302    -1.220
  39.048  37.189  39.302    -0.584
  39.048  38.189  39.302    -0.351
  39.048  39.189  39.302     0.250
  39.048  40.189  39.302     1.094
  39.048  41.189  39.302     2.017
  39.048  42.189  39.302     2.028
  39.048  43.189  39.302     1.231
  39.048  44.189  39.302     0.527
  39.048  45.189  39.302    -0.142
  39.048  46.189  39.302    -0.372
 Average pore radius along the line=      0.407
direction     3
  39.048  41.189  34.302     0.138
  39.048  41.189  35.302     0.168
  39.048  41.189  36.302     0.509
  39.048  41.189  37.302     1.182
  39.048  41.189  38.302     1.906
  39.048  41.189  39.302     2.017
  39.048  41.189  40.302     2.242
  39.048  41.189  41.302     2.185
  39.048  41.189  42.302     1.582
  39.048  41.189  43.302     1.007
  39.048  41.189  44.302     0.481
 Average pore radius along the line=      1.220
 Best direction is found to be     3
(1=X,2=Y,3=Z)
 s/r cguess has produced initial values for cpoint &/or cvect:
CPOINT      39.0485     41.1890     39.3016
CVECT        0.0000      0.0000      1.0000
 THESE GUESSES MAY WELL BE WRONG!!!!
 Routine relies on having a reasonably symmetric
 channel oriented along x, y or z vector
 YOU ARE STRONGLY ADVISED TO CHECK THE RESULTS
                       WITH MOLECULAR GRAPHICS
 
 
  Some routines (e.g. conn) need vectors normal to cvect: 
     EAST Zero degrees angle is along vector    1.000   0.000   0.000
     NORTH  90 degrees angle is along vector    0.000  -1.000   0.000
 highest radius point found:
  at point   39.105  41.672  39.302
  closest atom surface    2.491   S3  M1  X    1
  2nd closest surface     2.492   O23 M1  X    1
  found on step  468
 current point:
  at point   39.102  41.672  39.302
  closest atom surface    2.490   S3  M1  X    1
  2nd closest surface     2.492   O17 M1  X    1
  found on step  932
  no. of rejections          396
 stored as     0

 highest radius point found:
  at point   39.175  41.629  39.502
  closest atom surface    2.489   O23 M1  X    1
  2nd closest surface     2.490   S3  M1  X    1
  found on step  856
 current point:
  at point   39.171  41.629  39.502
  closest atom surface    2.488   S3  M1  X    1
  2nd closest surface     2.492   O23 M1  X    1
  found on step  880
  no. of rejections          391
 stored as     1

 highest radius point found:
  at point   39.184  41.576  39.702
  closest atom surface    2.479   O5  M1  X    1
  2nd closest surface     2.479   O17 M1  X    1
  found on step  756
 current point:
  at point   39.188  41.574  39.702
  closest atom surface    2.477   O5  M1  X    1
  2nd closest surface     2.479   O17 M1  X    1
  found on step  983
  no. of rejections          404
 stored as     2

 highest radius point found:
  at point   39.135  41.530  39.902
  closest atom surface    2.461   S3  M1  X    1
  2nd closest surface     2.462   O17 M1  X    1
  found on step  595
 current point:
  at point   39.127  41.527  39.902
  closest atom surface    2.458   O17 M1  X    1
  2nd closest surface     2.461   S3  M1  X    1
  found on step  945
  no. of rejections          396
 stored as     3

 highest radius point found:
  at point   39.075  41.478  40.102
  closest atom surface    2.448   O17 M1  X    1
  2nd closest surface     2.448   C7  M1  X    1
  found on step  926
  this is also current point
  no. of rejections          413
 stored as     4

 highest radius point found:
  at point   38.998  41.427  40.302
  closest atom surface    2.441   O17 M1  X    1
  2nd closest surface     2.441   S3  M1  X    1
  found on step  998
  this is also current point
  no. of rejections          385
 stored as     5

 highest radius point found:
  at point   38.927  41.375  40.502
  closest atom surface    2.446   O17 M1  X    1
  2nd closest surface     2.447   S3  M1  X    1
  found on step  867
 current point:
  at point   38.926  41.375  40.502
  closest atom surface    2.446   S3  M1  X    1
  2nd closest surface     2.447   O17 M1  X    1
  found on step  937
  no. of rejections          380
 stored as     6

 highest radius point found:
  at point   38.856  41.322  40.702
  closest atom surface    2.463   O17 M1  X    1
  2nd closest surface     2.464   S3  M1  X    1
  found on step  988
  this is also current point
  no. of rejections          402
 stored as     7

 highest radius point found:
  at point   38.703  41.267  40.902
  closest atom surface    2.472   O17 M1  X    1
  2nd closest surface     2.472   S3  M1  X    1
  found on step  905
  this is also current point
  no. of rejections          364
 stored as     8

 highest radius point found:
  at point   38.537  41.206  41.102
  closest atom surface    2.489   C8  M1  X    1
  2nd closest surface     2.490   O17 M1  X    1
  found on step  767
 current point:
  at point   38.582  41.187  41.102
  closest atom surface    2.481   O17 M1  X    1
  2nd closest surface     2.482   C8  M1  X    1
  found on step  956
  no. of rejections          364
 stored as     9

 highest radius point found:
  at point   38.329  41.151  41.302
  closest atom surface    2.525   O17 M1  X    1
  2nd closest surface     2.525   S3  M1  X    1
  found on step  944
  this is also current point
  no. of rejections          347
 stored as    10

 highest radius point found:
  at point   38.384  41.011  41.502
  closest atom surface    2.525   C8  M1  X    1
  2nd closest surface     2.525   C29 M1  X    1
  found on step  714
 current point:
  at point   38.386  41.008  41.502
  closest atom surface    2.525   C29 M1  X    1
  2nd closest surface     2.526   C8  M1  X    1
  found on step  942
  no. of rejections          383
 stored as    11

 highest radius point found:
  at point   38.222  41.116  41.702
  closest atom surface    2.452   C8  M1  X    1
  2nd closest surface     2.452   C29 M1  X    1
  found on step  447
 current point:
  at point   38.201  41.129  41.702
  closest atom surface    2.452   C29 M1  X    1
  2nd closest surface     2.452   C27 M1  X    1
  found on step  962
  no. of rejections          378
 stored as    12

 highest radius point found:
  at point   38.151  41.146  41.902
  closest atom surface    2.381   C29 M1  X    1
  2nd closest surface     2.387   C27 M1  X    1
  found on step  194
 current point:
  at point   38.854  40.505  41.902
  closest atom surface    2.338   C29 M1  X    1
  2nd closest surface     2.338   C9  M1  X    1
  found on step  999
  no. of rejections          390
 stored as    13

 highest radius point found:
  at point   38.089  41.179  42.102
  closest atom surface    2.323   C27 M1  X    1
  2nd closest surface     2.324   C9  M1  X    1
  found on step  947
  this is also current point
  no. of rejections          376
 stored as    14

 highest radius point found:
  at point   38.019  41.182  42.302
  closest atom surface    2.253   C10 M1  X    1
  2nd closest surface     2.254   C27 M1  X    1
  found on step  985
  this is also current point
  no. of rejections          369
 stored as    15

 highest radius point found:
  at point   39.117  40.133  42.502
  closest atom surface    2.178   C29 M1  X    1
  2nd closest surface     2.178   C10 M1  X    1
  found on step  988
  this is also current point
  no. of rejections          365
 stored as    16

 highest radius point found:
  at point   39.212  39.974  42.702
  closest atom surface    2.130   C10 M1  X    1
  2nd closest surface     2.132   H37 M1  X    1
  found on step  993
  this is also current point
  no. of rejections          361
 stored as    17

 highest radius point found:
  at point   39.367  39.800  42.902
  closest atom surface    2.096   H37 M1  X    1
  2nd closest surface     2.097   C10 M1  X    1
  found on step  991
  this is also current point
  no. of rejections          372
 stored as    18

 highest radius point found:
  at point   40.134  39.509  43.102
  closest atom surface    2.089   C36 M1  X    1
  2nd closest surface     2.089   C10 M1  X    1
  found on step  876
  this is also current point
  no. of rejections          373
 stored as    19

 highest radius point found:
  at point   39.895  39.401  43.302
  closest atom surface    2.108   C10 M1  X    1
  2nd closest surface     2.109   H37 M1  X    1
  found on step  185
 current point:
  at point   39.861  39.407  43.302
  closest atom surface    2.107   C10 M1  X    1
  2nd closest surface     2.107   H37 M1  X    1
  found on step  886
  no. of rejections          382
 stored as    20

 highest radius point found:
  at point   41.660  39.248  43.502
  closest atom surface    2.285   C9  M1  X    1
  2nd closest surface     2.291   C37 M1  X    1
  found on step  995
  this is also current point
  no. of rejections          338
 stored as    21

 highest radius point found:
  at point   45.231  39.004  43.702
  closest atom surface    3.978   H10 M1  X    1
  2nd closest surface     3.979   H38 M1  X    1
  found on step  993
  this is also current point
  no. of rejections          309
 stored as    22

 highest radius point found:
  at point   54.501  34.709  43.902
  closest atom surface   11.727   C53 M1  X    1
  2nd closest surface    11.766   H39 M1  X    1
  found on step  998
  this is also current point
  no. of rejections          230
 stored as    23

 highest radius point found:
  at point   63.578  30.613  44.102
  closest atom surface   20.886   O18 M1  X    1
  2nd closest surface    20.894   C52 M1  X    1
  found on step 1000
  this is also current point
  no. of rejections          283
 stored as    24

 highest radius point found:
  at point   71.881  26.835  44.302
  closest atom surface   29.473   O18 M1  X    1
  2nd closest surface    29.477   O2  M1  X    1
  found on step 1000
  this is also current point
  no. of rejections          263
 This is an end! (radius above  22.0 angs)
 highest radius point found:
  at point   39.042  41.719  39.102
  closest atom surface    2.503   S3  M1  X    1
  2nd closest surface     2.503   O23 M1  X    1
  found on step  910
  this is also current point
  no. of rejections          425
 stored as    -1

 highest radius point found:
  at point   38.994  41.726  38.902
  closest atom surface    2.493   O23 M1  X    1
  2nd closest surface     2.496   H18 M1  X    1
  found on step  679
 current point:
  at point   39.004  41.746  38.902
  closest atom surface    2.491   H18 M1  X    1
  2nd closest surface     2.493   O23 M1  X    1
  found on step  940
  no. of rejections          412
 stored as    -2

 highest radius point found:
  at point   38.959  41.710  38.702
  closest atom surface    2.473   H18 M1  X    1
  2nd closest surface     2.473   O23 M1  X    1
  found on step  934
  this is also current point
  no. of rejections          392
 stored as    -3

 highest radius point found:
  at point   39.004  41.834  38.502
  closest atom surface    2.442   C45 M1  X    1
  2nd closest surface     2.443   H18 M1  X    1
  found on step  835
 current point:
  at point   39.000  41.830  38.502
  closest atom surface    2.441   H18 M1  X    1
  2nd closest surface     2.442   C45 M1  X    1
  found on step  953
  no. of rejections          375
 stored as    -4

 highest radius point found:
  at point   38.992  41.937  38.302
  closest atom surface    2.390   C45 M1  X    1
  2nd closest surface     2.390   H5  M1  X    1
  found on step  950
  this is also current point
  no. of rejections          389
 stored as    -5

 highest radius point found:
  at point   38.963  42.061  38.102
  closest atom surface    2.333   O22 M1  X    1
  2nd closest surface     2.333   H18 M1  X    1
  found on step  424
 current point:
  at point   38.974  42.057  38.102
  closest atom surface    2.331   O22 M1  X    1
  2nd closest surface     2.333   H5  M1  X    1
  found on step  978
  no. of rejections          345
 stored as    -6

 highest radius point found:
  at point   38.939  42.199  37.902
  closest atom surface    2.278   O22 M1  X    1
  2nd closest surface     2.279   H5  M1  X    1
  found on step  950
  this is also current point
  no. of rejections          349
 stored as    -7

 highest radius point found:
  at point   38.904  42.343  37.702
  closest atom surface    2.242   O22 M1  X    1
  2nd closest surface     2.242   H5  M1  X    1
  found on step  964
  this is also current point
  no. of rejections          377
 stored as    -8

 highest radius point found:
  at point   38.873  42.488  37.502
  closest atom surface    2.222   O22 M1  X    1
  2nd closest surface     2.222   H5  M1  X    1
  found on step  967
  this is also current point
  no. of rejections          394
 stored as    -9

 highest radius point found:
  at point   38.840  42.636  37.302
  closest atom surface    2.220   H5  M1  X    1
  2nd closest surface     2.220   O22 M1  X    1
  found on step  669
 current point:
  at point   38.841  42.635  37.302
  closest atom surface    2.219   H5  M1  X    1
  2nd closest surface     2.220   O22 M1  X    1
  found on step  963
  no. of rejections          398
 stored as   -10

 highest radius point found:
  at point   38.808  42.783  37.102
  closest atom surface    2.235   O22 M1  X    1
  2nd closest surface     2.237   H5  M1  X    1
  found on step  823
 current point:
  at point   38.811  42.784  37.102
  closest atom surface    2.235   H5  M1  X    1
  2nd closest surface     2.236   O22 M1  X    1
  found on step  954
  no. of rejections          374
 stored as   -11

 highest radius point found:
  at point   38.767  42.934  36.902
  closest atom surface    2.265   C4  M1  X    1
  2nd closest surface     2.266   H18 M1  X    1
  found on step  987
  this is also current point
  no. of rejections          355
 stored as   -12

 highest radius point found:
  at point   38.789  43.041  36.702
  closest atom surface    2.280   O22 M1  X    1
  2nd closest surface     2.281   C4  M1  X    1
  found on step  838
 current point:
  at point   38.789  43.046  36.702
  closest atom surface    2.277   C4  M1  X    1
  2nd closest surface     2.280   O9  M1  X    1
  found on step  958
  no. of rejections          357
 stored as   -13

 highest radius point found:
  at point   38.887  43.129  36.502
  closest atom surface    2.293   O22 M1  X    1
  2nd closest surface     2.294   C4  M1  X    1
  found on step  969
  this is also current point
  no. of rejections          356
 stored as   -14

 highest radius point found:
  at point   38.990  43.215  36.302
  closest atom surface    2.319   C4  M1  X    1
  2nd closest surface     2.319   O22 M1  X    1
  found on step  991
  this is also current point
  no. of rejections          413
 stored as   -15

 highest radius point found:
  at point   39.029  43.276  36.102
  closest atom surface    2.328   O22 M1  X    1
  2nd closest surface     2.328   S2  M1  X    1
  found on step  966
  this is also current point
  no. of rejections          387
 stored as   -16

 highest radius point found:
  at point   39.057  43.331  35.902
  closest atom surface    2.338   O9  M1  X    1
  2nd closest surface     2.338   S2  M1  X    1
  found on step  845
 current point:
  at point   39.064  43.325  35.902
  closest atom surface    2.336   O22 M1  X    1
  2nd closest surface     2.339   S2  M1  X    1
  found on step  896
  no. of rejections          391
 stored as   -17

 highest radius point found:
  at point   39.092  43.390  35.702
  closest atom surface    2.353   S2  M1  X    1
  2nd closest surface     2.353   C46 M1  X    1
  found on step  843
 current point:
  at point   39.096  43.389  35.702
  closest atom surface    2.351   S2  M1  X    1
  2nd closest surface     2.352   C46 M1  X    1
  found on step  961
  no. of rejections          433
 stored as   -18

 highest radius point found:
  at point   39.111  43.462  35.502
  closest atom surface    2.373   C46 M1  X    1
  2nd closest surface     2.376   O9  M1  X    1
  found on step  909
  this is also current point
  no. of rejections          425
 stored as   -19

 highest radius point found:
  at point   39.136  43.537  35.302
  closest atom surface    2.405   O9  M1  X    1
  2nd closest surface     2.405   C46 M1  X    1
  found on step  996
  this is also current point
  no. of rejections          398
 stored as   -20

 highest radius point found:
  at point   39.160  43.630  35.102
  closest atom surface    2.434   S2  M1  X    1
  2nd closest surface     2.438   O9  M1  X    1
  found on step  426
 current point:
  at point   39.160  43.631  35.102
  closest atom surface    2.433   S2  M1  X    1
  2nd closest surface     2.437   O9  M1  X    1
  found on step  934
  no. of rejections          410
 stored as   -21

 highest radius point found:
  at point   39.175  43.740  34.902
  closest atom surface    2.466   S2  M1  X    1
  2nd closest surface     2.466   O21 M1  X    1
  found on step  207
 current point:
  at point   39.176  43.742  34.902
  closest atom surface    2.464   S2  M1  X    1
  2nd closest surface     2.467   O9  M1  X    1
  found on step  928
  no. of rejections          359
 stored as   -22

 highest radius point found:
  at point   39.189  43.857  34.702
  closest atom surface    2.506   S2  M1  X    1
  2nd closest surface     2.506   O9  M1  X    1
  found on step  966
  this is also current point
  no. of rejections          378
 stored as   -23

 highest radius point found:
  at point   39.203  43.962  34.502
  closest atom surface    2.561   O9  M1  X    1
  2nd closest surface     2.561   O21 M1  X    1
  found on step  776
 current point:
  at point   39.214  43.961  34.502
  closest atom surface    2.558   O21 M1  X    1
  2nd closest surface     2.559   S2  M1  X    1
  found on step  941
  no. of rejections          380
 stored as   -24

 highest radius point found:
  at point   39.220  44.076  34.302
  closest atom surface    2.627   O9  M1  X    1
  2nd closest surface     2.627   S2  M1  X    1
  found on step  986
  this is also current point
  no. of rejections          366
 stored as   -25

 highest radius point found:
  at point   39.234  44.185  34.102
  closest atom surface    2.701   O21 M1  X    1
  2nd closest surface     2.703   O9  M1  X    1
  found on step  963
  this is also current point
  no. of rejections          382
 stored as   -26

 highest radius point found:
  at point   39.249  44.297  33.902
  closest atom surface    2.789   S2  M1  X    1
  2nd closest surface     2.789   O21 M1  X    1
  found on step  964
  this is also current point
  no. of rejections          356
 stored as   -27

 highest radius point found:
  at point   39.263  44.406  33.702
  closest atom surface    2.884   O21 M1  X    1
  2nd closest surface     2.884   S2  M1  X    1
  found on step  967
  this is also current point
  no. of rejections          354
 stored as   -28

 highest radius point found:
  at point   39.273  44.518  33.502
  closest atom surface    2.989   O9  M1  X    1
  2nd closest surface     2.989   S2  M1  X    1
  found on step  848
 current point:
  at point   39.273  44.520  33.502
  closest atom surface    2.988   S2  M1  X    1
  2nd closest surface     2.989   O9  M1  X    1
  found on step  930
  no. of rejections          354
 stored as   -29

 highest radius point found:
  at point   39.290  44.626  33.302
  closest atom surface    3.101   S2  M1  X    1
  2nd closest surface     3.101   O21 M1  X    1
  found on step 1000
  this is also current point
  no. of rejections          352
 stored as   -30

 highest radius point found:
  at point   39.300  44.733  33.102
  closest atom surface    3.222   O21 M1  X    1
  2nd closest surface     3.223   S2  M1  X    1
  found on step  737
 current point:
  at point   39.303  44.740  33.102
  closest atom surface    3.220   S2  M1  X    1
  2nd closest surface     3.227   O9  M1  X    1
  found on step  989
  no. of rejections          357
 stored as   -31

 highest radius point found:
  at point   39.309  44.848  32.902
  closest atom surface    3.351   S2  M1  X    1
  2nd closest surface     3.351   O9  M1  X    1
  found on step  940
  this is also current point
  no. of rejections          332
 stored as   -32

 highest radius point found:
  at point   39.321  44.955  32.702
  closest atom surface    3.486   S2  M1  X    1
  2nd closest surface     3.487   O9  M1  X    1
  found on step  974
  this is also current point
  no. of rejections          355
 stored as   -33

 highest radius point found:
  at point   39.336  45.061  32.502
  closest atom surface    3.626   S2  M1  X    1
  2nd closest surface     3.628   O21 M1  X    1
  found on step 1000
  this is also current point
  no. of rejections          303
 stored as   -34

 highest radius point found:
  at point   39.341  45.171  32.302
  closest atom surface    3.774   O9  M1  X    1
  2nd closest surface     3.774   S2  M1  X    1
  found on step  935
  this is also current point
  no. of rejections          304
 stored as   -35

 highest radius point found:
  at point   38.415  49.319  32.102
  closest atom surface    4.757   O9  M1  X    1
  2nd closest surface     4.778   S2  M1  X    1
  found on step  997
  this is also current point
  no. of rejections          262
 stored as   -36

 highest radius point found:
  at point   36.282  58.710  31.902
  closest atom surface   12.088   O3  M1  X    1
  2nd closest surface    12.343   S2  M1  X    1
  found on step  999
  this is also current point
  no. of rejections          224
 stored as   -37

 highest radius point found:
  at point   33.513  69.671  31.702
  closest atom surface   21.934   O8  M1  X    1
  2nd closest surface    22.088   O3  M1  X    1
  found on step  997
  this is also current point
  no. of rejections          243
 stored as   -38

 highest radius point found:
  at point   30.974  79.891  31.502
  closest atom surface   31.627   O8  M1  X    1
  2nd closest surface    32.154   O3  M1  X    1
  found on step 1000
  this is also current point
  no. of rejections          265
 This is an end! (radius above  22.0 angs)
 
 N.b. Graph information routine (HOGRAP) differs 
        markedly from previous versions!
       Information now is written from -ve end
       to +ve in one pass
 
 Explanation of the meaning of each column: 
 First column "cenxyz.cvec" is the coordinate in the
   direction of the channel vector i.e. if the channel
   vector is in z (0 0 1) then it is the z coordinate.
 The second column "radius" is the hole pore radius 
   (as defined in the Biophys J 1993) article).
 The third column "cen_line_D" is the distance 
   measured along the pore centre line - with the 
   first point found set to zero. This was the first
   thing that I used to measure the distance along a pore
   but "cenxyz.cvec" is a much better general measure. 
   However, by comparing changes in this distance to changes in '   "cenxyz.cvec" one can get a measure of how straight a 
   channel is.
 The fourth column "sum{s/(area)}" is useful in conductance
   prediction -
   basically it is the sum of the thickness of each slab
   divided by its area. HOLE uses this measure to estimate
   the macroscopic conductance of a channel.
 If any of this worries you one can see the "raw" results
   of a standard hole run by producing a sphpdb file and 
    directly looking at the results.
 cenxyz.cvec      radius  cen_line_D sum{s/(area point sourc
    31.70158    21.93351   -33.21102     0.00007   (sampled)
    31.80158    16.90138   -27.55744     0.00018 (mid-point)
    31.90158    12.08845   -21.90387     0.00040   (sampled)
    32.00158     8.13066   -17.08771     0.00088 (mid-point)
    32.10158     4.75717   -12.27155     0.00228   (sampled)
    32.20158     3.89155   -10.14446     0.00439 (mid-point)
    32.30158     3.77353    -8.01738     0.00662   (sampled)
    32.40158     3.69943    -7.90312     0.00895 (mid-point)
    32.50158     3.62589    -7.78885     0.01137   (sampled)
    32.60158     3.55515    -7.67537     0.01389 (mid-point)
    32.70158     3.48585    -7.56188     0.01651   (sampled)
    32.80158     3.41757    -7.44832     0.01923 (mid-point)
    32.90158     3.35083    -7.33477     0.02207   (sampled)
    33.00158     3.28620    -7.21948     0.02501 (mid-point)
    33.10158     3.22164    -7.10419     0.02808   (sampled)
    33.20158     3.16059    -6.99049     0.03127 (mid-point)
    33.30158     3.10099    -6.87679     0.03458   (sampled)
    33.40158     3.04419    -6.76294     0.03801 (mid-point)
    33.50158     2.98882    -6.64908     0.04158   (sampled)
    33.60158     2.93584    -6.53440     0.04527 (mid-point)
    33.70158     2.88393    -6.41972     0.04910   (sampled)
    33.80158     2.83526    -6.30554     0.05306 (mid-point)
    33.90158     2.78860    -6.19136     0.05715   (sampled)
    34.00158     2.74392    -6.07641     0.06138 (mid-point)
    34.10158     2.70143    -5.96145     0.06574   (sampled)
    34.20158     2.66344    -5.84752     0.07023 (mid-point)
    34.30158     2.62651    -5.73359     0.07484   (sampled)
    34.40158     2.59227    -5.61823     0.07958 (mid-point)
    34.50158     2.56092    -5.50287     0.08443   (sampled)
    34.60158     2.53210    -5.38954     0.08939 (mid-point)
    34.70158     2.50602    -5.27622     0.09446   (sampled)
    34.80158     2.48444    -5.16019     0.09962 (mid-point)
    34.90158     2.46578    -5.04416     0.10486   (sampled)
    35.00158     2.44823    -4.92975     0.11017 (mid-point)
    35.10158     2.43355    -4.81534     0.11554   (sampled)
    35.20158     2.41841    -4.70435     0.12098 (mid-point)
    35.30158     2.40542    -4.59337     0.12648   (sampled)
    35.40158     2.38813    -4.48597     0.13207 (mid-point)
    35.50158     2.37350    -4.37858     0.13772   (sampled)
    35.60158     2.36201    -4.27182     0.14342 (mid-point)
    35.70158     2.35270    -4.16507     0.14917   (sampled)
    35.80158     2.34422    -4.05936     0.15496 (mid-point)
    35.90158     2.33815    -3.95365     0.16079   (sampled)
    36.00158     2.33170    -3.84892     0.16664 (mid-point)
    36.10158     2.32757    -3.74420     0.17252   (sampled)
    36.20158     2.32198    -3.63785     0.17842 (mid-point)
    36.30158     2.31877    -3.53151     0.18434   (sampled)
    36.40158     2.30418    -3.41101     0.19034 (mid-point)
    36.50158     2.29275    -3.29051     0.19639   (sampled)
    36.60158     2.28456    -3.17089     0.20249 (mid-point)
    36.70158     2.28001    -3.05127     0.20861   (sampled)
    36.80158     2.27147    -2.93725     0.21478 (mid-point)
    36.90158     2.26509    -2.82322     0.22099   (sampled)
    37.00158     2.24906    -2.69628     0.22728 (mid-point)
    37.10158     2.23464    -2.56933     0.23365   (sampled)
    37.20158     2.22547    -2.44411     0.24008 (mid-point)
    37.30158     2.21966    -2.31889     0.24654   (sampled)
    37.40158     2.21842    -2.19359     0.25301 (mid-point)
    37.50158     2.22203    -2.06829     0.25946   (sampled)
    37.60158     2.22968    -1.94381     0.26586 (mid-point)
    37.70158     2.24182    -1.81933     0.27219   (sampled)
    37.80158     2.25803    -1.69487     0.27844 (mid-point)
    37.90158     2.27811    -1.57041     0.28457   (sampled)
    38.00158     2.30352    -1.44826     0.29057 (mid-point)
    38.10158     2.33252    -1.32611     0.29642   (sampled)
    38.20158     2.35982    -1.20746     0.30213 (mid-point)
    38.30158     2.39013    -1.08881     0.30771   (sampled)
    38.40158     2.41466    -0.97613     0.31317 (mid-point)
    38.50158     2.44200    -0.86344     0.31850   (sampled)
    38.60158     2.45562    -0.74383     0.32378 (mid-point)
    38.70158     2.47268    -0.62421     0.32899   (sampled)
    38.80158     2.48174    -0.52234     0.33416 (mid-point)
    38.90158     2.49290    -0.42047     0.33928   (sampled)
    39.00158     2.49665    -0.31767     0.34439 (mid-point)
    39.10158     2.50277    -0.21487     0.34947   (sampled)
    39.20158     2.49563    -0.10744     0.35458 (mid-point)
    39.30158     2.49105    -0.00000     0.35971   (sampled)
    39.40158     2.48914     0.10816     0.36484 (mid-point)
    39.50158     2.48888     0.21631     0.36998   (sampled)
    39.60158     2.48549     0.31981     0.37514 (mid-point)
    39.70158     2.47904     0.42331     0.38032   (sampled)
    39.80158     2.46952     0.52887     0.38554 (mid-point)
    39.90158     2.46095     0.63444     0.39079   (sampled)
    40.00158     2.45366     0.74202     0.39608 (mid-point)
    40.10158     2.44807     0.84960     0.40139   (sampled)
    40.20158     2.44301     0.95978     0.40672 (mid-point)
    40.30158     2.44092     1.06996     0.41207   (sampled)
    40.40158     2.44215     1.17922     0.41740 (mid-point)
    40.50158     2.44629     1.28849     0.42272   (sampled)
    40.60158     2.45307     1.39787     0.42801 (mid-point)
    40.70158     2.46275     1.50724     0.43326   (sampled)
    40.80158     2.46526     1.63601     0.43850 (mid-point)
    40.90158     2.47180     1.76477     0.44371   (sampled)
    41.00158     2.47856     1.89843     0.44889 (mid-point)
    41.10158     2.48931     2.03209     0.45402   (sampled)
    41.20158     2.50479     2.17871     0.45910 (mid-point)
    41.30158     2.52504     2.32533     0.46409   (sampled)
    41.40158     2.52802     2.45027     0.46907 (mid-point)
    41.50158     2.52507     2.57521     0.47406   (sampled)
    41.60158     2.48623     2.71424     0.47921 (mid-point)
    41.70158     2.45154     2.85326     0.48451   (sampled)
    41.80158     2.41559     2.96042     0.48996 (mid-point)
    41.90158     2.38130     3.06758     0.49558   (sampled)
    42.00158     2.35294     3.17351     0.50133 (mid-point)
    42.10158     2.32315     3.27944     0.50723   (sampled)
    42.20158     2.28725     3.38542     0.51331 (mid-point)
    42.30158     2.25334     3.49139     0.51958   (sampled)
    42.40158     2.14304     4.25733     0.52651 (mid-point)
    42.50158     2.17783     5.02327     0.53322   (sampled)
    42.60158     2.15198     5.15962     0.54009 (mid-point)
    42.70158     2.13047     5.29598     0.54711   (sampled)
    42.80158     2.11039     5.44968     0.55425 (mid-point)
    42.90158     2.09597     5.60338     0.56150   (sampled)
    43.00158     2.06526     6.02530     0.56896 (mid-point)
    43.10158     2.08870     6.44722     0.57626   (sampled)
    43.20158     2.09511     6.61208     0.58351 (mid-point)
    43.30158     2.10798     6.77694     0.59067   (sampled)
    43.40158     2.10739     7.66846     0.59784 (mid-point)
    43.50158     2.28535     8.55997     0.60394   (sampled)
    43.60158     2.82757    10.35218     0.60792 (mid-point)
    43.70158     3.97788    12.14440     0.60993   (sampled)
    43.80158     7.50634    17.25400     0.61049 (mid-point)
    43.90158    11.72691    22.36360     0.61073   (sampled)
    44.00158    16.22036    27.34350     0.61085 (mid-point)
    44.10158    20.88580    32.32340     0.61092   (sampled)

 Minimum radius found:      2.065 angstroms.



 For spherical probe approach, The geometric factor
         F= sum(ds/area) along channel is    0.611 angstroms**-1
 This yields a macroscopic predicted molar conductance of:
   (1/rho)*(100/F)= (160/rho) pS,
   where rho is the conductivity of 1M permeant ion in ohm m.
 N.B. this is a macroscopic conductance - an overestimate 
 Empirically corrected conductances currently only available
 With the CAPSULE option (although its not that stable!)
 For 1M KCl rho= 1/12 (ohm m), So Gmacro= 2000 pS/M.
  (TAG      1   Rmin=     2.06526   Gmacro=  1964.25291 Conn_Gmacro=    -1.00000 ).
 HOLE: normal completion
