 *** Program HOLE ***
 
 If results of this run are reported or published, please
 cite the publication listed below.
 For the HOLE program:
   Smart, O.S., Goodfellow, J.M., Wallace, B.A. (1993). 
   The pore dimensions of gramicidin A. 
   Biophys. J., 65, 2455-2460.
 
 Originally written by Oliver Smart at Birkbeck College from April 1992.
 Copyright 1993-2005 Oliver Smart
 Copyright 2014-2015 SmartSci Limited.
 Copyright 2016 Oliver Smart.
 
 For help on HOLE suite see  http://www.holeprogram.org/
 
 HOLE release 2.2.005 (07 August 2016) 
 
 usage subject to Apache License, Version 2.0 
 see http://www.apache.org/licenses/LICENSE-2.0 

 Control variables read:

! Input file for Oliver Smart's HOLE program
! written by MDAnalysis.analysis.hole2.HoleAnalysis
! for a Universe
! u = mda.Universe(/afs/crc.nd.edu/user/m/mfarshad/Private/ML-new/traj/host-asb1
!    /afs/crc.nd.edu/user/m/mfarshad/Private/ML-new/traj/host-asb15/host_asb15.t
!   )
! Frame 61

COORD  /tmp/2550255.1.long/tmpc2ywoenx.pdb
RADIUS simple2.rad
SPHPDB hole061.sph
SAMPLE 0.200000
ENDRAD 22.000000
IGNORE SOL WAT TIP HOH K   NA  CL
SHORTO 0
RASEED 31415
CPOINT 39.9106879332 40.0141283541 39.9362349218


 WARNING have not found a CVECT record - will try to guess
 Input pdb filename read as:    '/tmp/2550255.1.long/tmpc2ywoenx.pdb'
 Input vdW radius file read as: 'simple2.rad'
 point in channel:   39.911  40.014  39.936
 channel vector:   ************************
 sampling distance between planes:    0.200

 graphics conditions:
 binary plot output file name: NONE
 Dot density:    10
 Draw dots?           T
 Draw close contacts? F
 Draw centre line?    T
 Produce spikes rather than dots? F
 Seed for random number generator:     31415 (0 means value set by program)
 Radius above which a result is regarded as an 'end':  22.000
 Pdb format file for sphere centres: hole061.sph

 Monte Carlo conditions:
  no of steps:  1000
  maximum displacement   0.100 angs
  'kT' initial   0.100 angs
 The spherebox and capsule options are turned off.
 (No molqpt card so will not write qpt file of the molecule)
 IGNORE card read so will ignore residue types: SOL WAT TIP HOH K   NA  CL
 no SHORTO card read so will produce full textual output
 As no PEGRAT card was found will not produce PEG polymer exclusion graph
 (No 2DMAPS card specified so will not produce 2D property maps)
 Have not found a CUT card.  Normal calculation using
   Cutoff lists with a cutsize=       1.000
   (if you wish to turn off option use a CUT -1 card)

 Have read     7 bond radius records and
              16 vdW radius records.
 From file: simple2.rad

 Have read    98 atom records.
 From file: /tmp/2550255.1.long/tmpc2ywoenx.pdb
 Will not produce graphical output

 Have opened file for pdb format output of sphere centres:  hole061.sph

  Seed integer used by ran # generator on this run      31415

 
 S/R cguess will try to guess CPOINT and/or CVECT
 
 THESE GUESSES MAY WELL BE WRONG!!!!
 Routine relies on having a reasonably symmetric
 channel oriented along x, y or z vector
 YOU ARE STRONGLY ADVISED TO CHECK THE RESULTS
                       WITH MOLECULAR GRAPHICS
 testing points from cpoint in X, Y then Z direction
   point                   pore radius
direction     1
  34.911  40.014  39.936    -0.989
  35.911  40.014  39.936    -0.348
  36.911  40.014  39.936     0.427
  37.911  40.014  39.936     1.121
  38.911  40.014  39.936     1.525
  39.911  40.014  39.936     1.232
  40.911  40.014  39.936     0.761
  41.911  40.014  39.936     0.426
  42.911  40.014  39.936    -0.179
  43.911  40.014  39.936    -0.407
  44.911  40.014  39.936    -0.764
 Average pore radius along the line=      0.255
direction     2
  39.911  35.014  39.936     0.735
  39.911  36.014  39.936     0.396
  39.911  37.014  39.936    -0.022
  39.911  38.014  39.936     0.094
  39.911  39.014  39.936     0.525
  39.911  40.014  39.936     1.232
  39.911  41.014  39.936     1.453
  39.911  42.014  39.936     1.035
  39.911  43.014  39.936     0.188
  39.911  44.014  39.936    -0.372
  39.911  45.014  39.936    -0.168
 Average pore radius along the line=      0.463
direction     3
  39.911  40.014  34.936     0.640
  39.911  40.014  35.936     0.243
  39.911  40.014  36.936     0.338
  39.911  40.014  37.936     0.705
  39.911  40.014  38.936     1.354
  39.911  40.014  39.936     1.232
  39.911  40.014  40.936     1.138
  39.911  40.014  41.936     0.832
  39.911  40.014  42.936     0.638
  39.911  40.014  43.936     0.263
  39.911  40.014  44.936     0.574
 Average pore radius along the line=      0.723
 Best direction is found to be     3
(1=X,2=Y,3=Z)
 s/r cguess has produced initial values for cpoint &/or cvect:
CPOINT      39.9107     40.0141     39.9362
CVECT        0.0000      0.0000      1.0000
 THESE GUESSES MAY WELL BE WRONG!!!!
 Routine relies on having a reasonably symmetric
 channel oriented along x, y or z vector
 YOU ARE STRONGLY ADVISED TO CHECK THE RESULTS
                       WITH MOLECULAR GRAPHICS
 
 
  Some routines (e.g. conn) need vectors normal to cvect: 
     EAST Zero degrees angle is along vector    1.000   0.000   0.000
     NORTH  90 degrees angle is along vector    0.000  -1.000   0.000
 highest radius point found:
  at point   39.623  40.409  39.936
  closest atom surface    1.716   C13 ASB X    1
  2nd closest surface     1.716   C26 ASB X    1
  found on step  574
 current point:
  at point   40.007  40.643  39.936
  closest atom surface    1.701   C26 ASB X    1
  2nd closest surface     1.701   N2  ASB X    1
  found on step  975
  no. of rejections          348
 stored as     0

 highest radius point found:
  at point   39.522  40.456  40.136
  closest atom surface    1.793   C13 ASB X    1
  2nd closest surface     1.793   C12 ASB X    1
  found on step  968
  this is also current point
  no. of rejections          320
 stored as     1

 highest radius point found:
  at point   40.117  40.934  40.336
  closest atom surface    1.877   C16 ASB X    1
  2nd closest surface     1.878   C13 ASB X    1
  found on step  535
 current point:
  at point   40.107  40.930  40.336
  closest atom surface    1.875   C13 ASB X    1
  2nd closest surface     1.879   C26 ASB X    1
  found on step 1000
  no. of rejections          361
 stored as     2

 highest radius point found:
  at point   39.969  40.947  40.536
  closest atom surface    1.959   C26 ASB X    1
  2nd closest surface     1.965   C13 ASB X    1
  found on step  732
 current point:
  at point   39.879  40.894  40.536
  closest atom surface    1.956   C26 ASB X    1
  2nd closest surface     1.957   C13 ASB X    1
  found on step  970
  no. of rejections          330
 stored as     3

 highest radius point found:
  at point   39.851  40.987  40.736
  closest atom surface    2.063   C13 ASB X    1
  2nd closest surface     2.063   C26 ASB X    1
  found on step  847
 current point:
  at point   39.847  40.984  40.736
  closest atom surface    2.063   C13 ASB X    1
  2nd closest surface     2.063   C26 ASB X    1
  found on step  926
  no. of rejections          349
 stored as     4

 highest radius point found:
  at point   39.684  41.060  40.936
  closest atom surface    2.141   C17 ASB X    1
  2nd closest surface     2.143   C13 ASB X    1
  found on step  530
 current point:
  at point   39.673  41.058  40.936
  closest atom surface    2.140   C13 ASB X    1
  2nd closest surface     2.143   H28 ASB X    1
  found on step  991
  no. of rejections          357
 stored as     5

 highest radius point found:
  at point   39.531  41.165  41.136
  closest atom surface    2.185   C32 ASB X    1
  2nd closest surface     2.187   C17 ASB X    1
  found on step  999
  this is also current point
  no. of rejections          371
 stored as     6

 highest radius point found:
  at point   39.721  41.201  41.336
  closest atom surface    2.140   C17 ASB X    1
  2nd closest surface     2.141   N4  ASB X    1
  found on step  930
  this is also current point
  no. of rejections          390
 stored as     7

 highest radius point found:
  at point   38.657  42.168  41.536
  closest atom surface    2.166   C32 ASB X    1
  2nd closest surface     2.167   O2  ASB X    1
  found on step  905
  this is also current point
  no. of rejections          333
 stored as     8

 highest radius point found:
  at point   38.498  42.463  41.736
  closest atom surface    2.217   O2  ASB X    1
  2nd closest surface     2.217   C17 ASB X    1
  found on step  965
  this is also current point
  no. of rejections          345
 stored as     9

 highest radius point found:
  at point   36.406  46.518  41.936
  closest atom surface    3.342   H48 ASB X    1
  2nd closest surface     3.344   O2  ASB X    1
  found on step  993
  this is also current point
  no. of rejections          218
 stored as    10

 highest radius point found:
  at point   33.908  57.616  42.136
  closest atom surface   13.317   O2  ASB X    1
  2nd closest surface    13.381   C40 ASB X    1
  found on step  998
  this is also current point
  no. of rejections          216
 stored as    11

 highest radius point found:
  at point   31.791  69.035  42.336
  closest atom surface   24.673   O2  ASB X    1
  2nd closest surface    24.710   C17 ASB X    1
  found on step 1000
  this is also current point
  no. of rejections          236
 This is an end! (radius above  22.0 angs)
 highest radius point found:
  at point   39.708  40.354  39.736
  closest atom surface    1.652   C13 ASB X    1
  2nd closest surface     1.652   C12 ASB X    1
  found on step  961
  this is also current point
  no. of rejections          330
 stored as    -1

 highest radius point found:
  at point   39.790  40.288  39.536
  closest atom surface    1.598   C26 ASB X    1
  2nd closest surface     1.599   N2  ASB X    1
  found on step  955
  this is also current point
  no. of rejections          358
 stored as    -2

 highest radius point found:
  at point   39.797  40.150  39.336
  closest atom surface    1.543   C12 ASB X    1
  2nd closest surface     1.543   C26 ASB X    1
  found on step  828
 current point:
  at point   39.793  40.147  39.336
  closest atom surface    1.542   C12 ASB X    1
  2nd closest surface     1.542   C26 ASB X    1
  found on step  959
  no. of rejections          361
 stored as    -3

 highest radius point found:
  at point   39.898  40.064  39.136
  closest atom surface    1.489   N2  ASB X    1
  2nd closest surface     1.489   C11 ASB X    1
  found on step  235
 current point:
  at point   39.895  40.060  39.136
  closest atom surface    1.488   C11 ASB X    1
  2nd closest surface     1.488   C26 ASB X    1
  found on step  957
  no. of rejections          343
 stored as    -4

 highest radius point found:
  at point   40.026  39.986  38.936
  closest atom surface    1.435   C11 ASB X    1
  2nd closest surface     1.436   N2  ASB X    1
  found on step  694
 current point:
  at point   40.035  39.993  38.936
  closest atom surface    1.431   N2  ASB X    1
  2nd closest surface     1.433   C25 ASB X    1
  found on step  972
  no. of rejections          384
 stored as    -5

 highest radius point found:
  at point   40.118  39.946  38.736
  closest atom surface    1.366   N2  ASB X    1
  2nd closest surface     1.366   C25 ASB X    1
  found on step  825
 current point:
  at point   40.115  39.948  38.736
  closest atom surface    1.364   C11 ASB X    1
  2nd closest surface     1.364   N2  ASB X    1
  found on step  971
  no. of rejections          360
 stored as    -6

 highest radius point found:
  at point   40.210  39.904  38.536
  closest atom surface    1.310   C25 ASB X    1
  2nd closest surface     1.313   C11 ASB X    1
  found on step  973
  this is also current point
  no. of rejections          345
 stored as    -7

 highest radius point found:
  at point   40.300  39.864  38.336
  closest atom surface    1.272   C11 ASB X    1
  2nd closest surface     1.272   N2  ASB X    1
  found on step  999
  this is also current point
  no. of rejections          366
 stored as    -8

 highest radius point found:
  at point   40.377  39.796  38.136
  closest atom surface    1.242   H13 ASB X    1
  2nd closest surface     1.242   C25 ASB X    1
  found on step  957
  this is also current point
  no. of rejections          372
 stored as    -9

 highest radius point found:
  at point   39.029  36.535  37.936
  closest atom surface    1.951   C1  ASB X    1
  2nd closest surface     1.952   C10 ASB X    1
  found on step  986
  this is also current point
  no. of rejections          339
 stored as   -10

 highest radius point found:
  at point   43.698  28.131  37.736
  closest atom surface    8.053   C1  ASB X    1
  2nd closest surface     8.144   C25 ASB X    1
  found on step 1000
  this is also current point
  no. of rejections          213
 stored as   -11

 highest radius point found:
  at point   48.974  18.532  37.536
  closest atom surface   18.604   C1  ASB X    1
  2nd closest surface    18.661   C25 ASB X    1
  found on step 1000
  this is also current point
  no. of rejections          271
 stored as   -12

 highest radius point found:
  at point   52.627   8.604  37.336
  closest atom surface   28.889   C1  ASB X    1
  2nd closest surface    29.223   C25 ASB X    1
  found on step  995
  this is also current point
  no. of rejections          267
 This is an end! (radius above  22.0 angs)
 
 N.b. Graph information routine (HOGRAP) differs 
        markedly from previous versions!
       Information now is written from -ve end
       to +ve in one pass
 
 Explanation of the meaning of each column: 
 First column "cenxyz.cvec" is the coordinate in the
   direction of the channel vector i.e. if the channel
   vector is in z (0 0 1) then it is the z coordinate.
 The second column "radius" is the hole pore radius 
   (as defined in the Biophys J 1993) article).
 The third column "cen_line_D" is the distance 
   measured along the pore centre line - with the 
   first point found set to zero. This was the first
   thing that I used to measure the distance along a pore
   but "cenxyz.cvec" is a much better general measure. 
   However, by comparing changes in this distance to changes in '   "cenxyz.cvec" one can get a measure of how straight a 
   channel is.
 The fourth column "sum{s/(area)}" is useful in conductance
   prediction -
   basically it is the sum of the thickness of each slab
   divided by its area. HOLE uses this measure to estimate
   the macroscopic conductance of a channel.
 If any of this worries you one can see the "raw" results
   of a standard hole run by producing a sphpdb file and 
    directly looking at the results.
 cenxyz.cvec      radius  cen_line_D sum{s/(area point sourc
    37.53624    18.60373   -26.18486     0.00009   (sampled)
    37.63624    13.25658   -20.70706     0.00027 (mid-point)
    37.73624     8.05328   -15.22926     0.00076   (sampled)
    37.83624     3.90720   -10.42149     0.00285 (mid-point)
    37.93624     1.95066    -5.61372     0.01121   (sampled)
    38.03624     1.28598    -3.84631     0.03046 (mid-point)
    38.13624     1.24208    -2.07890     0.05109   (sampled)
    38.23624     1.25538    -1.96650     0.07129 (mid-point)
    38.33624     1.27207    -1.85410     0.09096   (sampled)
    38.43624     1.28953    -1.74266     0.11011 (mid-point)
    38.53624     1.31041    -1.63121     0.12864   (sampled)
    38.63624     1.33651    -1.51921     0.14646 (mid-point)
    38.73624     1.36618    -1.40722     0.16352   (sampled)
    38.83624     1.39912    -1.29518     0.17978 (mid-point)
    38.93624     1.43497    -1.18314     0.19524   (sampled)
    39.03624     1.45974    -1.05830     0.21017 (mid-point)
    39.13624     1.48889    -0.93347     0.22453   (sampled)
    39.23624     1.51434    -0.81346     0.23841 (mid-point)
    39.33624     1.54273    -0.69346     0.25179   (sampled)
    39.43624     1.56846    -0.57182     0.26473 (mid-point)
    39.53624     1.59805    -0.45018     0.27719   (sampled)
    39.63624     1.62389    -0.33737     0.28926 (mid-point)
    39.73624     1.65221    -0.22455     0.30092   (sampled)
    39.83624     1.68238    -0.11228     0.31217 (mid-point)
    39.93624     1.71584    -0.00000     0.32298   (sampled)
    40.03624     1.75288     0.11442     0.33334 (mid-point)
    40.13624     1.79313     0.22885     0.34324   (sampled)
    40.23624     1.81455     0.62324     0.35291 (mid-point)
    40.33624     1.87657     1.01764     0.36195   (sampled)
    40.43624     1.91662     1.14216     0.37061 (mid-point)
    40.53624     1.95890     1.26668     0.37891   (sampled)
    40.63624     2.00964     1.38455     0.38679 (mid-point)
    40.73624     2.06270     1.50242     0.39427   (sampled)
    40.83624     2.10059     1.63793     0.40148 (mid-point)
    40.93624     2.14088     1.77343     0.40843   (sampled)
    41.03624     2.16150     1.90985     0.41524 (mid-point)
    41.13624     2.18456     2.04628     0.42191   (sampled)
    41.23624     2.16102     2.18568     0.42873 (mid-point)
    41.33624     2.14012     2.32508     0.43568   (sampled)
    41.43624     2.08708     3.05118     0.44298 (mid-point)
    41.53624     2.16646     3.77727     0.44977   (sampled)
    41.63624     2.18682     3.97250     0.45642 (mid-point)
    41.73624     2.21689     4.16773     0.46290   (sampled)
    41.83624     2.18844     6.45084     0.46955 (mid-point)
    41.93624     3.34166     8.73395     0.47240   (sampled)
    42.03624     7.94724    14.42294     0.47290 (mid-point)
    42.13624    13.31675    20.11192     0.47308   (sampled)

 Minimum radius found:      1.242 angstroms.



 For spherical probe approach, The geometric factor
         F= sum(ds/area) along channel is    0.473 angstroms**-1
 This yields a macroscopic predicted molar conductance of:
   (1/rho)*(100/F)= (210/rho) pS,
   where rho is the conductivity of 1M permeant ion in ohm m.
 N.B. this is a macroscopic conductance - an overestimate 
 Empirically corrected conductances currently only available
 With the CAPSULE option (although its not that stable!)
 For 1M KCl rho= 1/12 (ohm m), So Gmacro= 2500 pS/M.
  (TAG      1   Rmin=     1.24208   Gmacro=  2536.57084 Conn_Gmacro=    -1.00000 ).
 HOLE: normal completion
