 *** Program HOLE ***
 
 If results of this run are reported or published, please
 cite the publication listed below.
 For the HOLE program:
   Smart, O.S., Goodfellow, J.M., Wallace, B.A. (1993). 
   The pore dimensions of gramicidin A. 
   Biophys. J., 65, 2455-2460.
 
 Originally written by Oliver Smart at Birkbeck College from April 1992.
 Copyright 1993-2005 Oliver Smart
 Copyright 2014-2015 SmartSci Limited.
 Copyright 2016 Oliver Smart.
 
 For help on HOLE suite see  http://www.holeprogram.org/
 
 HOLE release 2.2.005 (07 August 2016) 
 
 usage subject to Apache License, Version 2.0 
 see http://www.apache.org/licenses/LICENSE-2.0 

 Control variables read:

! Input file for Oliver Smart's HOLE program
! written by MDAnalysis.analysis.hole2.HoleAnalysis
! for a Universe
! u = mda.Universe(/afs/crc.nd.edu/user/m/mfarshad/Private/ML-new/traj/host-171/
!    /afs/crc.nd.edu/user/m/mfarshad/Private/ML-new/traj/host-171/host_171.trr
!   )
! Frame 10

COORD  /tmp/2550126.1.long/tmp_e1onnh8.pdb
RADIUS simple2.rad
SPHPDB hole010.sph
SAMPLE 0.200000
ENDRAD 22.000000
IGNORE SOL WAT TIP HOH K   NA  CL
SHORTO 0
RASEED 31415
CPOINT 39.9523339868 39.6663848162 39.8502318859


 WARNING have not found a CVECT record - will try to guess
 Input pdb filename read as:    '/tmp/2550126.1.long/tmp_e1onnh8.pdb'
 Input vdW radius file read as: 'simple2.rad'
 point in channel:   39.952  39.666  39.850
 channel vector:   ************************
 sampling distance between planes:    0.200

 graphics conditions:
 binary plot output file name: NONE
 Dot density:    10
 Draw dots?           T
 Draw close contacts? F
 Draw centre line?    T
 Produce spikes rather than dots? F
 Seed for random number generator:     31415 (0 means value set by program)
 Radius above which a result is regarded as an 'end':  22.000
 Pdb format file for sphere centres: hole010.sph

 Monte Carlo conditions:
  no of steps:  1000
  maximum displacement   0.100 angs
  'kT' initial   0.100 angs
 The spherebox and capsule options are turned off.
 (No molqpt card so will not write qpt file of the molecule)
 IGNORE card read so will ignore residue types: SOL WAT TIP HOH K   NA  CL
 no SHORTO card read so will produce full textual output
 As no PEGRAT card was found will not produce PEG polymer exclusion graph
 (No 2DMAPS card specified so will not produce 2D property maps)
 Have not found a CUT card.  Normal calculation using
   Cutoff lists with a cutsize=       1.000
   (if you wish to turn off option use a CUT -1 card)

 Have read     7 bond radius records and
              16 vdW radius records.
 From file: simple2.rad

 Have read    64 atom records.
 From file: /tmp/2550126.1.long/tmp_e1onnh8.pdb
 Will not produce graphical output

 Have opened file for pdb format output of sphere centres:  hole010.sph

  Seed integer used by ran # generator on this run      31415

 
 S/R cguess will try to guess CPOINT and/or CVECT
 
 THESE GUESSES MAY WELL BE WRONG!!!!
 Routine relies on having a reasonably symmetric
 channel oriented along x, y or z vector
 YOU ARE STRONGLY ADVISED TO CHECK THE RESULTS
                       WITH MOLECULAR GRAPHICS
 testing points from cpoint in X, Y then Z direction
   point                   pore radius
direction     1
  34.952  39.666  39.850     1.129
  35.952  39.666  39.850     0.969
  36.952  39.666  39.850     1.178
  37.952  39.666  39.850     1.687
  38.952  39.666  39.850     2.023
  39.952  39.666  39.850     1.950
  40.952  39.666  39.850     2.072
  41.952  39.666  39.850     1.281
  42.952  39.666  39.850     0.723
  43.952  39.666  39.850     0.329
  44.952  39.666  39.850     0.148
 Average pore radius along the line=      1.226
direction     2
  39.952  34.666  39.850     2.492
  39.952  35.666  39.850     2.077
  39.952  36.666  39.850     1.744
  39.952  37.666  39.850     1.690
  39.952  38.666  39.850     1.704
  39.952  39.666  39.850     1.950
  39.952  40.666  39.850     1.961
  39.952  41.666  39.850     1.789
  39.952  42.666  39.850     1.343
  39.952  43.666  39.850     1.280
  39.952  44.666  39.850     1.629
 Average pore radius along the line=      1.787
direction     3
  39.952  39.666  34.850    -0.569
  39.952  39.666  35.850    -1.239
  39.952  39.666  36.850    -0.798
  39.952  39.666  37.850     0.109
  39.952  39.666  38.850     1.047
  39.952  39.666  39.850     1.950
  39.952  39.666  40.850     1.349
  39.952  39.666  41.850     0.493
  39.952  39.666  42.850    -0.457
  39.952  39.666  43.850    -1.223
  39.952  39.666  44.850    -0.930
 Average pore radius along the line=     -0.024
 Best direction is found to be     2
(1=X,2=Y,3=Z)
 s/r cguess has produced initial values for cpoint &/or cvect:
CPOINT      39.9523     39.6664     39.8502
CVECT        0.0000      1.0000      0.0000
 THESE GUESSES MAY WELL BE WRONG!!!!
 Routine relies on having a reasonably symmetric
 channel oriented along x, y or z vector
 YOU ARE STRONGLY ADVISED TO CHECK THE RESULTS
                       WITH MOLECULAR GRAPHICS
 
 
  Some routines (e.g. conn) need vectors normal to cvect: 
     EAST Zero degrees angle is along vector    1.000   0.000   0.000
     NORTH  90 degrees angle is along vector    0.000   0.000   1.000
 highest radius point found:
  at point   40.887  39.666  39.938
  closest atom surface    2.172   C22 171 X    1
  2nd closest surface     2.173   H5  171 X    1
  found on step  888
  this is also current point
  no. of rejections          389
 stored as     0

 highest radius point found:
  at point   40.697  39.866  39.863
  closest atom surface    2.147   C17 171 X    1
  2nd closest surface     2.152   C7  171 X    1
  found on step  343
 current point:
  at point   39.483  39.866  39.960
  closest atom surface    2.130   C16 171 X    1
  2nd closest surface     2.131   C7  171 X    1
  found on step  976
  no. of rejections          372
 stored as     1

 highest radius point found:
  at point   40.700  40.066  39.829
  closest atom surface    2.109   C4  171 X    1
  2nd closest surface     2.109   C5  171 X    1
  found on step  622
 current point:
  at point   40.632  40.066  39.831
  closest atom surface    2.106   C5  171 X    1
  2nd closest surface     2.107   C17 171 X    1
  found on step  964
  no. of rejections          388
 stored as     2

 highest radius point found:
  at point   40.751  40.266  39.814
  closest atom surface    2.078   C5  171 X    1
  2nd closest surface     2.078   C17 171 X    1
  found on step  988
  this is also current point
  no. of rejections          395
 stored as     3

 highest radius point found:
  at point   39.754  40.466  39.788
  closest atom surface    2.077   C6  171 X    1
  2nd closest surface     2.077   C16 171 X    1
  found on step  544
 current point:
  at point   39.744  40.466  39.787
  closest atom surface    2.075   C6  171 X    1
  2nd closest surface     2.076   C16 171 X    1
  found on step  996
  no. of rejections          391
 stored as     4

 highest radius point found:
  at point   39.836  40.666  39.769
  closest atom surface    2.047   C16 171 X    1
  2nd closest surface     2.048   C5  171 X    1
  found on step  110
 current point:
  at point   39.336  40.666  39.710
  closest atom surface    2.033   C6  171 X    1
  2nd closest surface     2.035   C16 171 X    1
  found on step  901
  no. of rejections          391
 stored as     5

 highest radius point found:
  at point   39.344  40.866  39.654
  closest atom surface    2.037   C16 171 X    1
  2nd closest surface     2.041   C6  171 X    1
  found on step  279
 current point:
  at point   39.920  40.866  39.751
  closest atom surface    2.029   C16 171 X    1
  2nd closest surface     2.030   C5  171 X    1
  found on step  970
  no. of rejections          394
 stored as     6

 highest radius point found:
  at point   39.031  41.066  39.582
  closest atom surface    2.054   C16 171 X    1
  2nd closest surface     2.060   C6  171 X    1
  found on step  146
 current point:
  at point   39.619  41.066  39.663
  closest atom surface    2.013   C5  171 X    1
  2nd closest surface     2.015   C16 171 X    1
  found on step  927
  no. of rejections          393
 stored as     7

 highest radius point found:
  at point   36.605  41.266  39.205
  closest atom surface    2.715   H14 171 X    1
  2nd closest surface     2.716   C15 171 X    1
  found on step  961
  this is also current point
  no. of rejections          370
 stored as     8

 highest radius point found:
  at point   36.459  41.466  39.138
  closest atom surface    2.836   H14 171 X    1
  2nd closest surface     2.836   C15 171 X    1
  found on step  998
  this is also current point
  no. of rejections          294
 stored as     9

 highest radius point found:
  at point   36.305  41.666  39.074
  closest atom surface    2.968   C15 171 X    1
  2nd closest surface     2.968   H14 171 X    1
  found on step  997
  this is also current point
  no. of rejections          324
 stored as    10

 highest radius point found:
  at point   27.708  41.866  40.880
  closest atom surface    6.917   H16 171 X    1
  2nd closest surface     7.143   C11 171 X    1
  found on step 1000
  this is also current point
  no. of rejections          187
 stored as    11

 highest radius point found:
  at point   18.308  42.066  42.521
  closest atom surface   15.615   H16 171 X    1
  2nd closest surface    15.852   C11 171 X    1
  found on step 1000
  this is also current point
  no. of rejections          260
 stored as    12

 highest radius point found:
  at point    6.392  42.266  44.355
  closest atom surface   27.387   H16 171 X    1
  2nd closest surface    27.598   C11 171 X    1
  found on step  997
  this is also current point
  no. of rejections          269
 This is an end! (radius above  22.0 angs)
 highest radius point found:
  at point   40.979  39.466  40.042
  closest atom surface    2.177   C22 171 X    1
  2nd closest surface     2.178   C17 171 X    1
  found on step   93
 current point:
  at point   40.842  39.466  40.027
  closest atom surface    2.170   C22 171 X    1
  2nd closest surface     2.172   C17 171 X    1
  found on step  976
  no. of rejections          403
 stored as    -1

 highest radius point found:
  at point   41.068  39.266  40.150
  closest atom surface    2.193   C17 171 X    1
  2nd closest surface     2.201   C22 171 X    1
  found on step   58
 current point:
  at point   39.620  39.266  40.199
  closest atom surface    2.153   C7  171 X    1
  2nd closest surface     2.155   C17 171 X    1
  found on step  970
  no. of rejections          380
 stored as    -2

 highest radius point found:
  at point   41.192  39.066  40.227
  closest atom surface    2.210   C20 171 X    1
  2nd closest surface     2.210   H5  171 X    1
  found on step  837
 current point:
  at point   41.164  39.066  40.224
  closest atom surface    2.207   C22 171 X    1
  2nd closest surface     2.208   C20 171 X    1
  found on step  972
  no. of rejections          371
 stored as    -3

 highest radius point found:
  at point   41.318  38.866  40.292
  closest atom surface    2.220   C20 171 X    1
  2nd closest surface     2.222   H5  171 X    1
  found on step  789
 current point:
  at point   41.298  38.866  40.288
  closest atom surface    2.219   C22 171 X    1
  2nd closest surface     2.220   C20 171 X    1
  found on step  975
  no. of rejections          385
 stored as    -4

 highest radius point found:
  at point   41.187  38.666  40.341
  closest atom surface    2.206   C20 171 X    1
  2nd closest surface     2.222   C22 171 X    1
  found on step    5
 current point:
  at point   40.564  38.666  40.281
  closest atom surface    2.196   C22 171 X    1
  2nd closest surface     2.197   C20 171 X    1
  found on step  979
  no. of rejections          376
 stored as    -5

 highest radius point found:
  at point   41.593  38.466  40.420
  closest atom surface    2.287   H5  171 X    1
  2nd closest surface     2.293   C20 171 X    1
  found on step  261
 current point:
  at point   42.206  38.466  40.762
  closest atom surface    2.215   C20 171 X    1
  2nd closest surface     2.216   H5  171 X    1
  found on step  998
  no. of rejections          358
 stored as    -6

 highest radius point found:
  at point   41.727  38.266  40.482
  closest atom surface    2.347   H5  171 X    1
  2nd closest surface     2.349   C22 171 X    1
  found on step  362
 current point:
  at point   42.004  38.266  40.633
  closest atom surface    2.309   H5  171 X    1
  2nd closest surface     2.317   C20 171 X    1
  found on step  995
  no. of rejections          383
 stored as    -7

 highest radius point found:
  at point   41.873  38.066  40.548
  closest atom surface    2.421   H5  171 X    1
  2nd closest surface     2.425   C22 171 X    1
  found on step 1000
  this is also current point
  no. of rejections          354
 stored as    -8

 highest radius point found:
  at point   42.520  37.866  40.882
  closest atom surface    2.515   C20 171 X    1
  2nd closest surface     2.516   H5  171 X    1
  found on step  978
  this is also current point
  no. of rejections          364
 stored as    -9

 highest radius point found:
  at point   47.319  37.666  45.244
  closest atom surface    5.205   C1  171 X    1
  2nd closest surface     5.255   H28 171 X    1
  found on step 1000
  this is also current point
  no. of rejections          252
 stored as   -10

 highest radius point found:
  at point   52.656  37.466  51.156
  closest atom surface   12.183   H   171 X    1
  2nd closest surface    12.394   H28 171 X    1
  found on step  999
  this is also current point
  no. of rejections          254
 stored as   -11

 highest radius point found:
  at point   58.029  37.266  59.508
  closest atom surface   21.660   C20 171 X    1
  2nd closest surface    21.676   H   171 X    1
  found on step 1000
  this is also current point
  no. of rejections          256
 stored as   -12

 highest radius point found:
  at point   65.678  37.066  67.707
  closest atom surface   32.648   H   171 X    1
  2nd closest surface    32.734   H27 171 X    1
  found on step  995
  this is also current point
  no. of rejections          256
 This is an end! (radius above  22.0 angs)
 
 N.b. Graph information routine (HOGRAP) differs 
        markedly from previous versions!
       Information now is written from -ve end
       to +ve in one pass
 
 Explanation of the meaning of each column: 
 First column "cenxyz.cvec" is the coordinate in the
   direction of the channel vector i.e. if the channel
   vector is in z (0 0 1) then it is the z coordinate.
 The second column "radius" is the hole pore radius 
   (as defined in the Biophys J 1993) article).
 The third column "cen_line_D" is the distance 
   measured along the pore centre line - with the 
   first point found set to zero. This was the first
   thing that I used to measure the distance along a pore
   but "cenxyz.cvec" is a much better general measure. 
   However, by comparing changes in this distance to changes in '   "cenxyz.cvec" one can get a measure of how straight a 
   channel is.
 The fourth column "sum{s/(area)}" is useful in conductance
   prediction -
   basically it is the sum of the thickness of each slab
   divided by its area. HOLE uses this measure to estimate
   the macroscopic conductance of a channel.
 If any of this worries you one can see the "raw" results
   of a standard hole run by producing a sphpdb file and 
    directly looking at the results.
 cenxyz.cvec      radius  cen_line_D sum{s/(area point sourc
    37.26639    21.66043   -27.33184     0.00007   (sampled)
    37.36639    16.86952   -22.36558     0.00018 (mid-point)
    37.46639    12.18278   -17.39931     0.00039   (sampled)
    37.56639     8.60588   -13.41581     0.00082 (mid-point)
    37.66639     5.20530    -9.43230     0.00200   (sampled)
    37.76639     3.02015    -6.18804     0.00549 (mid-point)
    37.86639     2.51496    -2.94378     0.01052   (sampled)
    37.96639     2.44851    -2.56627     0.01583 (mid-point)
    38.06639     2.42148    -2.18877     0.02126   (sampled)
    38.16639     2.38197    -2.06054     0.02687 (mid-point)
    38.26639     2.34690    -1.93231     0.03265   (sampled)
    38.36639     2.31471    -1.80801     0.03859 (mid-point)
    38.46639     2.28690    -1.68371     0.04468   (sampled)
    38.56639     2.24318    -1.45402     0.05100 (mid-point)
    38.66639     2.20594    -1.22433     0.05754   (sampled)
    38.76639     2.21135    -1.10229     0.06405 (mid-point)
    38.86639     2.22041    -0.98024     0.07051   (sampled)
    38.96639     2.21336    -0.85753     0.07701 (mid-point)
    39.06639     2.21000    -0.73481     0.08352   (sampled)
    39.16639     2.20404    -0.61112     0.09008 (mid-point)
    39.26639     2.19316    -0.48743     0.09669   (sampled)
    39.36639     2.18383    -0.36531     0.10337 (mid-point)
    39.46639     2.17690    -0.24319     0.11008   (sampled)
    39.56639     2.17237    -0.12159     0.11683 (mid-point)
    39.66639     2.17151    -0.00000     0.12358   (sampled)
    39.76639     2.15780     0.14299     0.13042 (mid-point)
    39.86639     2.14712     0.28598     0.13732   (sampled)
    39.96639     2.12919     0.38739     0.14434 (mid-point)
    40.06639     2.10907     0.48880     0.15150   (sampled)
    40.16639     2.09221     0.59233     0.15877 (mid-point)
    40.26639     2.07781     0.69587     0.16614   (sampled)
    40.36639     2.04541     1.20458     0.17375 (mid-point)
    40.46639     2.07652     1.71329     0.18113   (sampled)
    40.56639     2.06057     1.82178     0.18863 (mid-point)
    40.66639     2.04708     1.93026     0.19623   (sampled)
    40.76639     2.03251     2.20164     0.20393 (mid-point)
    40.86639     2.03688     2.47301     0.21160   (sampled)
    40.96639     2.04091     2.66233     0.21925 (mid-point)
    41.06639     2.05414     2.85165     0.22679   (sampled)
    41.16639     2.21810     4.08308     0.23326 (mid-point)
    41.26639     2.71490     5.31450     0.23758   (sampled)
    41.36639     2.77369     5.44279     0.24172 (mid-point)
    41.46639     2.83586     5.57108     0.24567   (sampled)
    41.56639     2.90025     5.70139     0.24946 (mid-point)
    41.66639     2.96769     5.83170     0.25307   (sampled)
    41.76639     4.07853    10.22478     0.25499 (mid-point)
    41.86639     6.91678    14.61785     0.25565   (sampled)
    41.96639    11.10742    19.38997     0.25591 (mid-point)
    42.06639    15.61476    24.16210     0.25604   (sampled)

 Minimum radius found:      2.033 angstroms.



 For spherical probe approach, The geometric factor
         F= sum(ds/area) along channel is    0.256 angstroms**-1
 This yields a macroscopic predicted molar conductance of:
   (1/rho)*(100/F)= (390/rho) pS,
   where rho is the conductivity of 1M permeant ion in ohm m.
 N.B. this is a macroscopic conductance - an overestimate 
 Empirically corrected conductances currently only available
 With the CAPSULE option (although its not that stable!)
 For 1M KCl rho= 1/12 (ohm m), So Gmacro= 4700 pS/M.
  (TAG      1   Rmin=     2.03251   Gmacro=  4686.78336 Conn_Gmacro=    -1.00000 ).
 HOLE: normal completion
