 *** Program HOLE ***
 
 If results of this run are reported or published, please
 cite the publication listed below.
 For the HOLE program:
   Smart, O.S., Goodfellow, J.M., Wallace, B.A. (1993). 
   The pore dimensions of gramicidin A. 
   Biophys. J., 65, 2455-2460.
 
 Originally written by Oliver Smart at Birkbeck College from April 1992.
 Copyright 1993-2005 Oliver Smart
 Copyright 2014-2015 SmartSci Limited.
 Copyright 2016 Oliver Smart.
 
 For help on HOLE suite see  http://www.holeprogram.org/
 
 HOLE release 2.2.005 (07 August 2016) 
 
 usage subject to Apache License, Version 2.0 
 see http://www.apache.org/licenses/LICENSE-2.0 

 Control variables read:

! Input file for Oliver Smart's HOLE program
! written by MDAnalysis.analysis.hole2.HoleAnalysis
! for a Universe
! u = mda.Universe(/afs/crc.nd.edu/user/m/mfarshad/Private/ML-new/traj/host-urea
!    /afs/crc.nd.edu/user/m/mfarshad/Private/ML-new/traj/host-urea+cage5/host_ur
!   )
! Frame 82

COORD  /tmp/2550331.1.long/tmpfh03hygh.pdb
RADIUS simple2.rad
SPHPDB hole082.sph
SAMPLE 0.200000
ENDRAD 22.000000
IGNORE SOL WAT TIP HOH K   NA  CL
SHORTO 0
RASEED 31415
CPOINT 41.0836683574 40.1534323040 40.1251389353


 WARNING have not found a CVECT record - will try to guess
 Input pdb filename read as:    '/tmp/2550331.1.long/tmpfh03hygh.pdb'
 Input vdW radius file read as: 'simple2.rad'
 point in channel:   41.084  40.153  40.125
 channel vector:   ************************
 sampling distance between planes:    0.200

 graphics conditions:
 binary plot output file name: NONE
 Dot density:    10
 Draw dots?           T
 Draw close contacts? F
 Draw centre line?    T
 Produce spikes rather than dots? F
 Seed for random number generator:     31415 (0 means value set by program)
 Radius above which a result is regarded as an 'end':  22.000
 Pdb format file for sphere centres: hole082.sph

 Monte Carlo conditions:
  no of steps:  1000
  maximum displacement   0.100 angs
  'kT' initial   0.100 angs
 The spherebox and capsule options are turned off.
 (No molqpt card so will not write qpt file of the molecule)
 IGNORE card read so will ignore residue types: SOL WAT TIP HOH K   NA  CL
 no SHORTO card read so will produce full textual output
 As no PEGRAT card was found will not produce PEG polymer exclusion graph
 (No 2DMAPS card specified so will not produce 2D property maps)
 Have not found a CUT card.  Normal calculation using
   Cutoff lists with a cutsize=       1.000
   (if you wish to turn off option use a CUT -1 card)

 Have read     7 bond radius records and
              16 vdW radius records.
 From file: simple2.rad

 Have read    95 atom records.
 From file: /tmp/2550331.1.long/tmpfh03hygh.pdb
 Will not produce graphical output

 Have opened file for pdb format output of sphere centres:  hole082.sph

  Seed integer used by ran # generator on this run      31415

 
 S/R cguess will try to guess CPOINT and/or CVECT
 
 THESE GUESSES MAY WELL BE WRONG!!!!
 Routine relies on having a reasonably symmetric
 channel oriented along x, y or z vector
 YOU ARE STRONGLY ADVISED TO CHECK THE RESULTS
                       WITH MOLECULAR GRAPHICS
 testing points from cpoint in X, Y then Z direction
   point                   pore radius
direction     1
  36.084  40.153  40.125    -0.675
  37.084  40.153  40.125    -0.132
  38.084  40.153  40.125     0.410
  39.084  40.153  40.125     1.193
  40.084  40.153  40.125     1.977
  41.084  40.153  40.125     2.035
  42.084  40.153  40.125     1.130
  43.084  40.153  40.125     0.305
  44.084  40.153  40.125    -0.420
  45.084  40.153  40.125    -0.692
  46.084  40.153  40.125    -0.326
 Average pore radius along the line=      0.437
direction     2
  41.084  35.153  40.125     1.794
  41.084  36.153  40.125     1.629
  41.084  37.153  40.125     1.746
  41.084  38.153  40.125     1.977
  41.084  39.153  40.125     1.878
  41.084  40.153  40.125     2.035
  41.084  41.153  40.125     1.673
  41.084  42.153  40.125     1.254
  41.084  43.153  40.125     1.008
  41.084  44.153  40.125     1.125
  41.084  45.153  40.125     1.564
 Average pore radius along the line=      1.608
direction     3
  41.084  40.153  35.125    -1.099
  41.084  40.153  36.125    -1.087
  41.084  40.153  37.125    -0.237
  41.084  40.153  38.125     0.709
  41.084  40.153  39.125     1.585
  41.084  40.153  40.125     2.035
  41.084  40.153  41.125     1.353
  41.084  40.153  42.125     0.357
  41.084  40.153  43.125    -0.632
  41.084  40.153  44.125    -1.570
  41.084  40.153  45.125    -1.294
 Average pore radius along the line=      0.011
 Best direction is found to be     2
(1=X,2=Y,3=Z)
 s/r cguess has produced initial values for cpoint &/or cvect:
CPOINT      41.0837     40.1534     40.1251
CVECT        0.0000      1.0000      0.0000
 THESE GUESSES MAY WELL BE WRONG!!!!
 Routine relies on having a reasonably symmetric
 channel oriented along x, y or z vector
 YOU ARE STRONGLY ADVISED TO CHECK THE RESULTS
                       WITH MOLECULAR GRAPHICS
 
 
  Some routines (e.g. conn) need vectors normal to cvect: 
     EAST Zero degrees angle is along vector    1.000   0.000   0.000
     NORTH  90 degrees angle is along vector    0.000   0.000   1.000
 highest radius point found:
  at point   40.720  40.153  40.021
  closest atom surface    2.308   H22 URE X    1
  2nd closest surface     2.308   O9  URE X    1
  found on step 1000
  this is also current point
  no. of rejections          376
 stored as     0

 highest radius point found:
  at point   40.833  40.353  39.894
  closest atom surface    2.242   H22 URE X    1
  2nd closest surface     2.243   C37 URE X    1
  found on step  984
  this is also current point
  no. of rejections          354
 stored as     1

 highest radius point found:
  at point   40.936  40.553  39.779
  closest atom surface    2.194   H22 URE X    1
  2nd closest surface     2.194   O9  URE X    1
  found on step  605
 current point:
  at point   40.936  40.553  39.779
  closest atom surface    2.194   H22 URE X    1
  2nd closest surface     2.194   O9  URE X    1
  found on step  999
  no. of rejections          392
 stored as     2

 highest radius point found:
  at point   41.047  40.753  39.659
  closest atom surface    2.164   O9  URE X    1
  2nd closest surface     2.164   H22 URE X    1
  found on step  692
 current point:
  at point   41.057  40.753  39.654
  closest atom surface    2.163   H22 URE X    1
  2nd closest surface     2.164   C37 URE X    1
  found on step  911
  no. of rejections          372
 stored as     3

 highest radius point found:
  at point   41.151  40.953  39.564
  closest atom surface    2.137   C17 URE X    1
  2nd closest surface     2.137   O9  URE X    1
  found on step  226
 current point:
  at point   41.153  40.953  39.567
  closest atom surface    2.134   H22 URE X    1
  2nd closest surface     2.137   O9  URE X    1
  found on step  981
  no. of rejections          409
 stored as     4

 highest radius point found:
  at point   41.213  41.153  39.482
  closest atom surface    2.086   C17 URE X    1
  2nd closest surface     2.086   C27 URE X    1
  found on step  911
  this is also current point
  no. of rejections          387
 stored as     5

 highest radius point found:
  at point   41.263  41.353  39.404
  closest atom surface    2.047   O9  URE X    1
  2nd closest surface     2.048   C27 URE X    1
  found on step  168
 current point:
  at point   41.261  41.353  39.401
  closest atom surface    2.046   C17 URE X    1
  2nd closest surface     2.046   O9  URE X    1
  found on step  944
  no. of rejections          366
 stored as     6

 highest radius point found:
  at point   41.317  41.553  39.325
  closest atom surface    2.018   C27 URE X    1
  2nd closest surface     2.019   O9  URE X    1
  found on step  869
 current point:
  at point   41.319  41.553  39.318
  closest atom surface    2.018   C17 URE X    1
  2nd closest surface     2.018   C27 URE X    1
  found on step  966
  no. of rejections          400
 stored as     7

 highest radius point found:
  at point   41.368  41.753  39.241
  closest atom surface    2.004   C27 URE X    1
  2nd closest surface     2.005   O9  URE X    1
  found on step  954
  this is also current point
  no. of rejections          399
 stored as     8

 highest radius point found:
  at point   41.419  41.953  39.157
  closest atom surface    2.003   C17 URE X    1
  2nd closest surface     2.004   O9  URE X    1
  found on step  935
  this is also current point
  no. of rejections          413
 stored as     9

 highest radius point found:
  at point   41.470  42.153  39.076
  closest atom surface    2.015   C17 URE X    1
  2nd closest surface     2.015   C27 URE X    1
  found on step  897
  this is also current point
  no. of rejections          395
 stored as    10

 highest radius point found:
  at point   41.525  42.353  39.024
  closest atom surface    2.027   O9  URE X    1
  2nd closest surface     2.028   C16 URE X    1
  found on step  154
 current point:
  at point   41.524  42.353  39.023
  closest atom surface    2.027   C16 URE X    1
  2nd closest surface     2.027   O9  URE X    1
  found on step  990
  no. of rejections          411
 stored as    11

 highest radius point found:
  at point   41.581  42.553  38.991
  closest atom surface    2.040   C26 URE X    1
  2nd closest surface     2.041   C16 URE X    1
  found on step  971
  this is also current point
  no. of rejections          410
 stored as    12

 highest radius point found:
  at point   41.596  42.753  38.945
  closest atom surface    2.040   C16 URE X    1
  2nd closest surface     2.040   C26 URE X    1
  found on step  955
  this is also current point
  no. of rejections          416
 stored as    13

 highest radius point found:
  at point   41.609  42.953  38.904
  closest atom surface    2.050   O9  URE X    1
  2nd closest surface     2.052   C26 URE X    1
  found on step  973
  this is also current point
  no. of rejections          416
 stored as    14

 highest radius point found:
  at point   41.626  43.153  38.858
  closest atom surface    2.072   C26 URE X    1
  2nd closest surface     2.075   O9  URE X    1
  found on step  734
 current point:
  at point   41.625  43.153  38.861
  closest atom surface    2.072   O9  URE X    1
  2nd closest surface     2.072   C26 URE X    1
  found on step  960
  no. of rejections          399
 stored as    15

 highest radius point found:
  at point   41.640  43.353  38.815
  closest atom surface    2.105   C26 URE X    1
  2nd closest surface     2.106   O9  URE X    1
  found on step  997
  this is also current point
  no. of rejections          402
 stored as    16

 highest radius point found:
  at point   41.652  43.553  38.768
  closest atom surface    2.149   O9  URE X    1
  2nd closest surface     2.150   C16 URE X    1
  found on step  804
 current point:
  at point   41.656  43.553  38.765
  closest atom surface    2.148   C16 URE X    1
  2nd closest surface     2.149   C26 URE X    1
  found on step  953
  no. of rejections          377
 stored as    17

 highest radius point found:
  at point   41.665  43.753  38.724
  closest atom surface    2.202   C16 URE X    1
  2nd closest surface     2.203   O9  URE X    1
  found on step  871
 current point:
  at point   41.668  43.753  38.723
  closest atom surface    2.202   C16 URE X    1
  2nd closest surface     2.203   C26 URE X    1
  found on step  971
  no. of rejections          395
 stored as    18

 highest radius point found:
  at point   41.658  43.953  38.673
  closest atom surface    2.253   O9  URE X    1
  2nd closest surface     2.253   C16 URE X    1
  found on step  698
 current point:
  at point   41.660  43.953  38.679
  closest atom surface    2.252   O9  URE X    1
  2nd closest surface     2.252   C25 URE X    1
  found on step 1000
  no. of rejections          385
 stored as    19

 highest radius point found:
  at point   41.641  44.153  38.614
  closest atom surface    2.305   C16 URE X    1
  2nd closest surface     2.306   C25 URE X    1
  found on step  923
  this is also current point
  no. of rejections          375
 stored as    20

 highest radius point found:
  at point   41.619  44.353  38.560
  closest atom surface    2.369   C16 URE X    1
  2nd closest surface     2.371   C25 URE X    1
  found on step  929
  this is also current point
  no. of rejections          397
 stored as    21

 highest radius point found:
  at point   41.611  44.553  38.560
  closest atom surface    2.422   C25 URE X    1
  2nd closest surface     2.423   O9  URE X    1
  found on step  996
  this is also current point
  no. of rejections          391
 stored as    22

 highest radius point found:
  at point   41.610  44.753  38.578
  closest atom surface    2.473   C25 URE X    1
  2nd closest surface     2.473   C38 URE X    1
  found on step  952
  this is also current point
  no. of rejections          379
 stored as    23

 highest radius point found:
  at point   41.607  44.953  38.602
  closest atom surface    2.532   C38 URE X    1
  2nd closest surface     2.532   O9  URE X    1
  found on step  922
  this is also current point
  no. of rejections          391
 stored as    24

 highest radius point found:
  at point   41.607  45.153  38.622
  closest atom surface    2.599   C25 URE X    1
  2nd closest surface     2.600   C38 URE X    1
  found on step  898
  this is also current point
  no. of rejections          400
 stored as    25

 highest radius point found:
  at point   41.605  45.353  38.644
  closest atom surface    2.674   C38 URE X    1
  2nd closest surface     2.675   C25 URE X    1
  found on step  871
 current point:
  at point   41.608  45.353  38.647
  closest atom surface    2.673   C25 URE X    1
  2nd closest surface     2.678   C38 URE X    1
  found on step  938
  no. of rejections          407
 stored as    26

 highest radius point found:
  at point   41.604  45.553  38.669
  closest atom surface    2.758   O6  URE X    1
  2nd closest surface     2.758   C25 URE X    1
  found on step  972
  this is also current point
  no. of rejections          390
 stored as    27

 highest radius point found:
  at point   41.604  45.753  38.711
  closest atom surface    2.844   O9  URE X    1
  2nd closest surface     2.844   O6  URE X    1
  found on step  992
  this is also current point
  no. of rejections          382
 stored as    28

 highest radius point found:
  at point   41.606  45.953  38.753
  closest atom surface    2.935   O9  URE X    1
  2nd closest surface     2.936   C25 URE X    1
  found on step  986
  this is also current point
  no. of rejections          393
 stored as    29

 highest radius point found:
  at point   41.606  46.153  38.791
  closest atom surface    3.034   O9  URE X    1
  2nd closest surface     3.037   C25 URE X    1
  found on step  735
 current point:
  at point   41.605  46.153  38.790
  closest atom surface    3.034   O9  URE X    1
  2nd closest surface     3.036   O6  URE X    1
  found on step  968
  no. of rejections          397
 stored as    30

 highest radius point found:
  at point   41.602  46.353  38.823
  closest atom surface    3.136   O6  URE X    1
  2nd closest surface     3.138   O1  URE X    1
  found on step  962
  this is also current point
  no. of rejections          365
 stored as    31

 highest radius point found:
  at point   41.653  46.553  38.807
  closest atom surface    3.219   O1  URE X    1
  2nd closest surface     3.220   O6  URE X    1
  found on step  980
  this is also current point
  no. of rejections          350
 stored as    32

 highest radius point found:
  at point   41.698  46.753  38.792
  closest atom surface    3.309   O1  URE X    1
  2nd closest surface     3.309   O6  URE X    1
  found on step  861
 current point:
  at point   41.684  46.753  38.798
  closest atom surface    3.308   O1  URE X    1
  2nd closest surface     3.309   O6  URE X    1
  found on step  901
  no. of rejections          356
 stored as    33

 highest radius point found:
  at point   41.720  46.953  38.787
  closest atom surface    3.403   O1  URE X    1
  2nd closest surface     3.405   O6  URE X    1
  found on step  797
 current point:
  at point   41.686  46.953  38.799
  closest atom surface    3.402   O6  URE X    1
  2nd closest surface     3.402   O1  URE X    1
  found on step  966
  no. of rejections          355
 stored as    34

 highest radius point found:
  at point   41.746  47.153  38.778
  closest atom surface    3.505   O6  URE X    1
  2nd closest surface     3.505   O1  URE X    1
  found on step  989
  this is also current point
  no. of rejections          358
 stored as    35

 highest radius point found:
  at point   41.828  47.353  38.747
  closest atom surface    3.614   O6  URE X    1
  2nd closest surface     3.617   O1  URE X    1
  found on step  445
 current point:
  at point   41.796  47.353  38.761
  closest atom surface    3.613   O6  URE X    1
  2nd closest surface     3.614   O1  URE X    1
  found on step  967
  no. of rejections          364
 stored as    36

 highest radius point found:
  at point   41.876  47.553  38.734
  closest atom surface    3.730   C25 URE X    1
  2nd closest surface     3.730   O1  URE X    1
  found on step  867
  this is also current point
  no. of rejections          365
 stored as    37

 highest radius point found:
  at point   41.908  47.753  38.723
  closest atom surface    3.848   O6  URE X    1
  2nd closest surface     3.849   O1  URE X    1
  found on step  643
 current point:
  at point   41.884  47.753  38.732
  closest atom surface    3.847   O6  URE X    1
  2nd closest surface     3.847   O1  URE X    1
  found on step  998
  no. of rejections          391
 stored as    38

 highest radius point found:
  at point   41.961  47.953  38.706
  closest atom surface    3.973   C25 URE X    1
  2nd closest surface     3.973   O1  URE X    1
  found on step  989
  this is also current point
  no. of rejections          348
 stored as    39

 highest radius point found:
  at point   41.995  48.153  38.695
  closest atom surface    4.102   O1  URE X    1
  2nd closest surface     4.102   O6  URE X    1
  found on step  995
  this is also current point
  no. of rejections          346
 stored as    40

 highest radius point found:
  at point   42.039  48.353  38.679
  closest atom surface    4.235   O6  URE X    1
  2nd closest surface     4.236   O1  URE X    1
  found on step  975
  this is also current point
  no. of rejections          353
 stored as    41

 highest radius point found:
  at point   42.084  48.553  38.665
  closest atom surface    4.372   O1  URE X    1
  2nd closest surface     4.372   C25 URE X    1
  found on step  941
  this is also current point
  no. of rejections          354
 stored as    42

 highest radius point found:
  at point   40.898  48.753  39.125
  closest atom surface    4.515   O1  URE X    1
  2nd closest surface     4.517   O6  URE X    1
  found on step  654
 current point:
  at point   40.865  48.753  39.137
  closest atom surface    4.514   O9  URE X    1
  2nd closest surface     4.519   O1  URE X    1
  found on step  919
  no. of rejections          324
 stored as    43

 highest radius point found:
  at point   40.878  48.953  39.134
  closest atom surface    4.658   O6  URE X    1
  2nd closest surface     4.658   O1  URE X    1
  found on step   68
 current point:
  at point   42.144  48.953  38.646
  closest atom surface    4.655   O6  URE X    1
  2nd closest surface     4.655   O1  URE X    1
  found on step  947
  no. of rejections          367
 stored as    44

 highest radius point found:
  at point   40.752  49.153  39.187
  closest atom surface    4.815   O1  URE X    1
  2nd closest surface     4.816   O9  URE X    1
  found on step  717
 current point:
  at point   40.766  49.153  39.179
  closest atom surface    4.814   O6  URE X    1
  2nd closest surface     4.815   O1  URE X    1
  found on step  956
  no. of rejections          323
 stored as    45

 highest radius point found:
  at point   40.692  49.353  39.210
  closest atom surface    4.970   O6  URE X    1
  2nd closest surface     4.971   O1  URE X    1
  found on step  975
  this is also current point
  no. of rejections          300
 stored as    46

 highest radius point found:
  at point   40.632  49.553  39.236
  closest atom surface    5.127   O1  URE X    1
  2nd closest surface     5.127   O6  URE X    1
  found on step  945
  this is also current point
  no. of rejections          326
 stored as    47

 highest radius point found:
  at point   40.624  49.753  39.241
  closest atom surface    5.279   O6  URE X    1
  2nd closest surface     5.279   O1  URE X    1
  found on step  946
  this is also current point
  no. of rejections          311
 stored as    48

 highest radius point found:
  at point   40.598  49.953  39.259
  closest atom surface    5.433   O7  URE X    1
  2nd closest surface     5.433   O1  URE X    1
  found on step  821
 current point:
  at point   40.502  49.953  39.327
  closest atom surface    5.432   O7  URE X    1
  2nd closest surface     5.433   O1  URE X    1
  found on step  955
  no. of rejections          314
 stored as    49

 highest radius point found:
  at point   40.598  50.153  39.259
  closest atom surface    5.588   O7  URE X    1
  2nd closest surface     5.590   O1  URE X    1
  found on step    1
 current point:
  at point   42.410  50.153  38.559
  closest atom surface    5.584   C25 URE X    1
  2nd closest surface     5.585   O1  URE X    1
  found on step  979
  no. of rejections          332
 stored as    50

 highest radius point found:
  at point   40.342  50.353  39.443
  closest atom surface    5.749   O9  URE X    1
  2nd closest surface     5.749   O7  URE X    1
  found on step  794
 current point:
  at point   40.445  50.353  39.370
  closest atom surface    5.747   O7  URE X    1
  2nd closest surface     5.747   O1  URE X    1
  found on step  997
  no. of rejections          297
 stored as    51

 highest radius point found:
  at point   40.272  50.553  39.494
  closest atom surface    5.912   O7  URE X    1
  2nd closest surface     5.912   O9  URE X    1
  found on step  934
  this is also current point
  no. of rejections          281
 stored as    52

 highest radius point found:
  at point   40.200  50.753  39.548
  closest atom surface    6.077   O1  URE X    1
  2nd closest surface     6.078   O7  URE X    1
  found on step  455
 current point:
  at point   40.217  50.753  39.535
  closest atom surface    6.076   O7  URE X    1
  2nd closest surface     6.077   O1  URE X    1
  found on step  898
  no. of rejections          295
 stored as    53

 highest radius point found:
  at point   40.140  50.953  39.591
  closest atom surface    6.245   O7  URE X    1
  2nd closest surface     6.245   O1  URE X    1
  found on step  903
  this is also current point
  no. of rejections          309
 stored as    54

 highest radius point found:
  at point   40.048  51.153  39.653
  closest atom surface    6.414   O7  URE X    1
  2nd closest surface     6.415   O9  URE X    1
  found on step  946
  this is also current point
  no. of rejections          268
 stored as    55

 highest radius point found:
  at point   39.996  51.353  39.696
  closest atom surface    6.588   O7  URE X    1
  2nd closest surface     6.588   O1  URE X    1
  found on step  971
  this is also current point
  no. of rejections          263
 stored as    56

 highest radius point found:
  at point   39.907  51.553  39.759
  closest atom surface    6.764   O7  URE X    1
  2nd closest surface     6.764   O9  URE X    1
  found on step  926
  this is also current point
  no. of rejections          276
 stored as    57

 highest radius point found:
  at point   39.855  51.753  39.792
  closest atom surface    6.936   O7  URE X    1
  2nd closest surface     6.942   O1  URE X    1
  found on step    4
 current point:
  at point   40.230  51.753  39.540
  closest atom surface    6.905   O1  URE X    1
  2nd closest surface     6.911   O7  URE X    1
  found on step 1000
  no. of rejections          280
 stored as    58

 highest radius point found:
  at point   34.909  51.953  40.355
  closest atom surface    7.631   C40 URE X    1
  2nd closest surface     7.663   O7  URE X    1
  found on step  999
  this is also current point
  no. of rejections          119
 stored as    59

 highest radius point found:
  at point   28.071  52.153  40.225
  closest atom surface   11.447   C9  URE X    1
  2nd closest surface    11.461   C40 URE X    1
  found on step  998
  this is also current point
  no. of rejections          197
 stored as    60

 highest radius point found:
  at point   19.418  52.353  36.244
  closest atom surface   18.017   S3  URE X    1
  2nd closest surface    18.067   S4  URE X    1
  found on step  999
  this is also current point
  no. of rejections          232
 stored as    61

 highest radius point found:
  at point    8.635  52.553  35.050
  closest atom surface   27.039   S3  URE X    1
  2nd closest surface    27.480   C39 URE X    1
  found on step  998
  this is also current point
  no. of rejections          254
 This is an end! (radius above  22.0 angs)
 highest radius point found:
  at point   40.618  39.953  40.136
  closest atom surface    2.388   C37 URE X    1
  2nd closest surface     2.389   S   URE X    1
  found on step  935
  this is also current point
  no. of rejections          371
 stored as    -1

 highest radius point found:
  at point   40.599  39.753  40.155
  closest atom surface    2.398   C37 URE X    1
  2nd closest surface     2.399   S   URE X    1
  found on step  126
 current point:
  at point   40.431  39.753  40.184
  closest atom surface    2.395   S   URE X    1
  2nd closest surface     2.395   C37 URE X    1
  found on step  894
  no. of rejections          374
 stored as    -2

 highest radius point found:
  at point   40.157  39.553  40.246
  closest atom surface    2.423   S   URE X    1
  2nd closest surface     2.425   C37 URE X    1
  found on step  745
 current point:
  at point   40.501  39.553  40.186
  closest atom surface    2.415   C37 URE X    1
  2nd closest surface     2.416   S   URE X    1
  found on step  993
  no. of rejections          406
 stored as    -3

 highest radius point found:
  at point   40.100  39.353  40.271
  closest atom surface    2.456   S   URE X    1
  2nd closest surface     2.459   C37 URE X    1
  found on step   23
 current point:
  at point   40.148  39.353  40.262
  closest atom surface    2.452   S   URE X    1
  2nd closest surface     2.455   C37 URE X    1
  found on step  973
  no. of rejections          389
 stored as    -4

 highest radius point found:
  at point   40.126  39.153  40.282
  closest atom surface    2.489   S5  URE X    1
  2nd closest surface     2.490   S   URE X    1
  found on step  598
 current point:
  at point   40.190  39.153  40.266
  closest atom surface    2.488   C37 URE X    1
  2nd closest surface     2.490   S   URE X    1
  found on step  970
  no. of rejections          384
 stored as    -5

 highest radius point found:
  at point   40.188  38.953  40.282
  closest atom surface    2.536   S   URE X    1
  2nd closest surface     2.536   S5  URE X    1
  found on step  908
  this is also current point
  no. of rejections          385
 stored as    -6

 highest radius point found:
  at point   40.258  38.753  40.283
  closest atom surface    2.588   S   URE X    1
  2nd closest surface     2.588   C37 URE X    1
  found on step  975
  this is also current point
  no. of rejections          385
 stored as    -7

 highest radius point found:
  at point   40.287  38.553  40.293
  closest atom surface    2.648   S5  URE X    1
  2nd closest surface     2.649   S   URE X    1
  found on step  503
 current point:
  at point   40.290  38.553  40.287
  closest atom surface    2.646   S5  URE X    1
  2nd closest surface     2.647   C29 URE X    1
  found on step  957
  no. of rejections          417
 stored as    -8

 highest radius point found:
  at point   40.235  38.353  40.354
  closest atom surface    2.687   S5  URE X    1
  2nd closest surface     2.688   C30 URE X    1
  found on step  987
  this is also current point
  no. of rejections          390
 stored as    -9

 highest radius point found:
  at point   40.218  38.153  40.340
  closest atom surface    2.704   S5  URE X    1
  2nd closest surface     2.705   C30 URE X    1
  found on step  963
  this is also current point
  no. of rejections          387
 stored as   -10

 highest radius point found:
  at point   40.273  37.953  40.226
  closest atom surface    2.706   C30 URE X    1
  2nd closest surface     2.708   S5  URE X    1
  found on step  994
  this is also current point
  no. of rejections          398
 stored as   -11

 highest radius point found:
  at point   40.273  37.753  40.121
  closest atom surface    2.691   C32 URE X    1
  2nd closest surface     2.692   O11 URE X    1
  found on step  859
 current point:
  at point   40.274  37.753  40.118
  closest atom surface    2.690   C32 URE X    1
  2nd closest surface     2.691   S5  URE X    1
  found on step  970
  no. of rejections          410
 stored as   -12

 highest radius point found:
  at point   40.239  37.553  40.023
  closest atom surface    2.669   O11 URE X    1
  2nd closest surface     2.669   S5  URE X    1
  found on step  936
  this is also current point
  no. of rejections          368
 stored as   -13

 highest radius point found:
  at point   40.213  37.353  39.921
  closest atom surface    2.659   C32 URE X    1
  2nd closest surface     2.660   S5  URE X    1
  found on step  992
  this is also current point
  no. of rejections          378
 stored as   -14

 highest radius point found:
  at point   40.181  37.153  39.827
  closest atom surface    2.661   S5  URE X    1
  2nd closest surface     2.661   C32 URE X    1
  found on step  980
  this is also current point
  no. of rejections          349
 stored as   -15

 highest radius point found:
  at point   40.150  36.953  39.731
  closest atom surface    2.673   S5  URE X    1
  2nd closest surface     2.674   O11 URE X    1
  found on step  977
  this is also current point
  no. of rejections          412
 stored as   -16

 highest radius point found:
  at point   40.117  36.753  39.635
  closest atom surface    2.696   S5  URE X    1
  2nd closest surface     2.696   O11 URE X    1
  found on step  965
  this is also current point
  no. of rejections          392
 stored as   -17

 highest radius point found:
  at point   40.087  36.553  39.540
  closest atom surface    2.730   S5  URE X    1
  2nd closest surface     2.730   O11 URE X    1
  found on step  303
 current point:
  at point   40.093  36.553  39.531
  closest atom surface    2.729   S5  URE X    1
  2nd closest surface     2.729   C32 URE X    1
  found on step  919
  no. of rejections          378
 stored as   -18

 highest radius point found:
  at point   40.057  36.353  39.446
  closest atom surface    2.775   O11 URE X    1
  2nd closest surface     2.776   S5  URE X    1
  found on step  964
  this is also current point
  no. of rejections          363
 stored as   -19

 highest radius point found:
  at point   40.026  36.153  39.350
  closest atom surface    2.830   S5  URE X    1
  2nd closest surface     2.831   O11 URE X    1
  found on step  753
 current point:
  at point   40.025  36.153  39.347
  closest atom surface    2.827   S5  URE X    1
  2nd closest surface     2.833   C32 URE X    1
  found on step  988
  no. of rejections          374
 stored as   -20

 highest radius point found:
  at point   39.998  35.953  39.252
  closest atom surface    2.894   S5  URE X    1
  2nd closest surface     2.894   C32 URE X    1
  found on step  954
  this is also current point
  no. of rejections          372
 stored as   -21

 highest radius point found:
  at point   39.970  35.753  39.154
  closest atom surface    2.966   C32 URE X    1
  2nd closest surface     2.967   S5  URE X    1
  found on step  992
  this is also current point
  no. of rejections          372
 stored as   -22

 highest radius point found:
  at point   39.887  35.553  39.082
  closest atom surface    3.028   O11 URE X    1
  2nd closest surface     3.030   S5  URE X    1
  found on step  909
  this is also current point
  no. of rejections          366
 stored as   -23

 highest radius point found:
  at point   39.783  35.353  39.004
  closest atom surface    3.088   S5  URE X    1
  2nd closest surface     3.089   O11 URE X    1
  found on step  748
 current point:
  at point   39.788  35.353  39.006
  closest atom surface    3.087   O11 URE X    1
  2nd closest surface     3.088   H10 URE X    1
  found on step  999
  no. of rejections          377
 stored as   -24

 highest radius point found:
  at point   39.688  35.153  38.930
  closest atom surface    3.158   O11 URE X    1
  2nd closest surface     3.158   H10 URE X    1
  found on step  941
  this is also current point
  no. of rejections          359
 stored as   -25

 highest radius point found:
  at point   39.582  34.953  38.847
  closest atom surface    3.239   S5  URE X    1
  2nd closest surface     3.239   H10 URE X    1
  found on step  895
  this is also current point
  no. of rejections          398
 stored as   -26

 highest radius point found:
  at point   39.484  34.753  38.773
  closest atom surface    3.331   S5  URE X    1
  2nd closest surface     3.332   O11 URE X    1
  found on step  942
  this is also current point
  no. of rejections          350
 stored as   -27

 highest radius point found:
  at point   39.390  34.553  38.695
  closest atom surface    3.433   S5  URE X    1
  2nd closest surface     3.434   H10 URE X    1
  found on step  899
  this is also current point
  no. of rejections          335
 stored as   -28

 highest radius point found:
  at point   39.299  34.353  38.620
  closest atom surface    3.543   O11 URE X    1
  2nd closest surface     3.543   H10 URE X    1
  found on step  991
  this is also current point
  no. of rejections          358
 stored as   -29

 highest radius point found:
  at point   39.208  34.153  38.543
  closest atom surface    3.661   O11 URE X    1
  2nd closest surface     3.661   H10 URE X    1
  found on step  947
  this is also current point
  no. of rejections          327
 stored as   -30

 highest radius point found:
  at point   39.114  33.953  38.467
  closest atom surface    3.786   S5  URE X    1
  2nd closest surface     3.786   O11 URE X    1
  found on step  898
  this is also current point
  no. of rejections          371
 stored as   -31

 highest radius point found:
  at point   39.025  33.753  38.390
  closest atom surface    3.919   O11 URE X    1
  2nd closest surface     3.919   S5  URE X    1
  found on step  475
 current point:
  at point   39.028  33.753  38.391
  closest atom surface    3.919   O11 URE X    1
  2nd closest surface     3.920   S5  URE X    1
  found on step  967
  no. of rejections          341
 stored as   -32

 highest radius point found:
  at point   38.941  33.553  38.311
  closest atom surface    4.058   H10 URE X    1
  2nd closest surface     4.058   S5  URE X    1
  found on step  978
  this is also current point
  no. of rejections          327
 stored as   -33

 highest radius point found:
  at point   38.853  33.353  38.234
  closest atom surface    4.202   S5  URE X    1
  2nd closest surface     4.203   H10 URE X    1
  found on step  953
  this is also current point
  no. of rejections          324
 stored as   -34

 highest radius point found:
  at point   38.760  33.153  38.161
  closest atom surface    4.351   S5  URE X    1
  2nd closest surface     4.352   O11 URE X    1
  found on step  896
  this is also current point
  no. of rejections          292
 stored as   -35

 highest radius point found:
  at point   38.684  32.953  38.082
  closest atom surface    4.508   S5  URE X    1
  2nd closest surface     4.509   H10 URE X    1
  found on step  909
  this is also current point
  no. of rejections          293
 stored as   -36

 highest radius point found:
  at point   38.596  32.753  37.992
  closest atom surface    4.664   S5  URE X    1
  2nd closest surface     4.666   H10 URE X    1
  found on step  966
  this is also current point
  no. of rejections          246
 stored as   -37

 highest radius point found:
  at point   38.523  32.553  37.932
  closest atom surface    4.830   O11 URE X    1
  2nd closest surface     4.831   H10 URE X    1
  found on step  935
  this is also current point
  no. of rejections          261
 stored as   -38

 highest radius point found:
  at point   38.438  32.353  37.852
  closest atom surface    4.999   H10 URE X    1
  2nd closest surface     4.999   S5  URE X    1
  found on step  952
  this is also current point
  no. of rejections          289
 stored as   -39

 highest radius point found:
  at point   38.343  32.153  37.780
  closest atom surface    5.168   S5  URE X    1
  2nd closest surface     5.169   O11 URE X    1
  found on step  946
  this is also current point
  no. of rejections          180
 stored as   -40

 highest radius point found:
  at point   38.241  31.953  37.709
  closest atom surface    5.340   S5  URE X    1
  2nd closest surface     5.340   O11 URE X    1
  found on step  237
 current point:
  at point   38.244  31.953  37.699
  closest atom surface    5.339   S5  URE X    1
  2nd closest surface     5.341   C18 URE X    1
  found on step  959
  no. of rejections          200
 stored as   -41

 highest radius point found:
  at point   38.141  31.753  37.635
  closest atom surface    5.515   S5  URE X    1
  2nd closest surface     5.517   O11 URE X    1
  found on step  975
  this is also current point
  no. of rejections          222
 stored as   -42

 highest radius point found:
  at point   38.041  31.553  37.561
  closest atom surface    5.694   S5  URE X    1
  2nd closest surface     5.698   O11 URE X    1
  found on step  877
 current point:
  at point   38.028  31.553  37.569
  closest atom surface    5.693   O11 URE X    1
  2nd closest surface     5.693   S5  URE X    1
  found on step  992
  no. of rejections          242
 stored as   -43

 highest radius point found:
  at point   36.713  31.353  33.909
  closest atom surface    6.399   S5  URE X    1
  2nd closest surface     6.443   C18 URE X    1
  found on step  999
  this is also current point
  no. of rejections          165
 stored as   -44

 highest radius point found:
  at point   32.274  31.153  26.975
  closest atom surface   11.687   S5  URE X    1
  2nd closest surface    12.175   S7  URE X    1
  found on step 1000
  this is also current point
  no. of rejections          210
 stored as   -45

 highest radius point found:
  at point   25.827  30.953  20.209
  closest atom surface   19.803   S5  URE X    1
  2nd closest surface    19.858   S4  URE X    1
  found on step 1000
  this is also current point
  no. of rejections          240
 stored as   -46

 highest radius point found:
  at point   20.276  30.753   9.463
  closest atom surface   31.259   S4  URE X    1
  2nd closest surface    31.320   S5  URE X    1
  found on step 1000
  this is also current point
  no. of rejections          260
 This is an end! (radius above  22.0 angs)
 
 N.b. Graph information routine (HOGRAP) differs 
        markedly from previous versions!
       Information now is written from -ve end
       to +ve in one pass
 
 Explanation of the meaning of each column: 
 First column "cenxyz.cvec" is the coordinate in the
   direction of the channel vector i.e. if the channel
   vector is in z (0 0 1) then it is the z coordinate.
 The second column "radius" is the hole pore radius 
   (as defined in the Biophys J 1993) article).
 The third column "cen_line_D" is the distance 
   measured along the pore centre line - with the 
   first point found set to zero. This was the first
   thing that I used to measure the distance along a pore
   but "cenxyz.cvec" is a much better general measure. 
   However, by comparing changes in this distance to changes in '   "cenxyz.cvec" one can get a measure of how straight a 
   channel is.
 The fourth column "sum{s/(area)}" is useful in conductance
   prediction -
   basically it is the sum of the thickness of each slab
   divided by its area. HOLE uses this measure to estimate
   the macroscopic conductance of a channel.
 If any of this worries you one can see the "raw" results
   of a standard hole run by producing a sphpdb file and 
    directly looking at the results.
 cenxyz.cvec      radius  cen_line_D sum{s/(area point sourc
    30.95343    19.80272   -31.47227     0.00008   (sampled)
    31.05343    15.59262   -26.79828     0.00021 (mid-point)
    31.15343    11.68701   -22.12429     0.00045   (sampled)
    31.25343     8.58211   -18.00643     0.00088 (mid-point)
    31.35343     6.39888   -13.88857     0.00165   (sampled)
    31.45343     5.81550   -11.94330     0.00260 (mid-point)
    31.55343     5.69358    -9.99803     0.00358   (sampled)
    31.65343     5.60401    -9.88018     0.00459 (mid-point)
    31.75343     5.51522    -9.76232     0.00564   (sampled)
    31.85343     5.42724    -9.64452     0.00672 (mid-point)
    31.95343     5.34009    -9.52671     0.00783   (sampled)
    32.05343     5.25378    -9.40899     0.00899 (mid-point)
    32.15343     5.16837    -9.29128     0.01018   (sampled)
    32.25343     5.08336    -9.17473     0.01141 (mid-point)
    32.35343     4.99925    -9.05819     0.01269   (sampled)
    32.45343     4.91447    -8.94258     0.01400 (mid-point)
    32.55343     4.83047    -8.82697     0.01537   (sampled)
    32.65343     4.74803    -8.71631     0.01678 (mid-point)
    32.75343     4.66439    -8.60565     0.01824   (sampled)
    32.85343     4.58556    -8.48745     0.01976 (mid-point)
    32.95343     4.50792    -8.36926     0.02132   (sampled)
    33.05343     4.42895    -8.25528     0.02295 (mid-point)
    33.15343     4.35105    -8.14131     0.02463   (sampled)
    33.25343     4.27612    -8.02499     0.02637 (mid-point)
    33.35343     4.20247    -7.90868     0.02817   (sampled)
    33.45343     4.12958    -7.79303     0.03004 (mid-point)
    33.55343     4.05764    -7.67738     0.03197   (sampled)
    33.65343     3.98769    -7.56183     0.03397 (mid-point)
    33.75343     3.91872    -7.44627     0.03604   (sampled)
    33.85343     3.85169    -7.33042     0.03819 (mid-point)
    33.95343     3.78614    -7.21457     0.04041   (sampled)
    34.05343     3.72288    -7.09743     0.04271 (mid-point)
    34.15343     3.66113    -6.98029     0.04508   (sampled)
    34.25343     3.60118    -6.86401     0.04754 (mid-point)
    34.35343     3.54334    -6.74772     0.05007   (sampled)
    34.45343     3.48728    -6.63160     0.05269 (mid-point)
    34.55343     3.43256    -6.51549     0.05539   (sampled)
    34.65343     3.38078    -6.39843     0.05818 (mid-point)
    34.75343     3.33106    -6.28137     0.06104   (sampled)
    34.85343     3.28389    -6.16397     0.06400 (mid-point)
    34.95343     3.23893    -6.04656     0.06703   (sampled)
    35.05343     3.19720    -5.92608     0.07014 (mid-point)
    35.15343     3.15787    -5.80560     0.07334   (sampled)
    35.25343     3.12196    -5.68885     0.07660 (mid-point)
    35.35343     3.08811    -5.57211     0.07994   (sampled)
    35.45343     3.05707    -5.45274     0.08335 (mid-point)
    35.55343     3.02831    -5.33337     0.08682   (sampled)
    35.65343     2.99746    -5.21921     0.09036 (mid-point)
    35.75343     2.96607    -5.10504     0.09398   (sampled)
    35.85343     2.92886    -4.99282     0.09769 (mid-point)
    35.95343     2.89370    -4.88061     0.10149   (sampled)
    36.05343     2.86050    -4.76835     0.10538 (mid-point)
    36.15343     2.82969    -4.65609     0.10935   (sampled)
    36.25343     2.80142    -4.54427     0.11341 (mid-point)
    36.35343     2.77530    -4.43245     0.11754   (sampled)
    36.45343     2.75144    -4.32080     0.12175 (mid-point)
    36.55343     2.73027    -4.20915     0.12602   (sampled)
    36.65343     2.71182    -4.09739     0.13035 (mid-point)
    36.75343     2.69596    -3.98562     0.13473   (sampled)
    36.85343     2.68338    -3.87363     0.13915 (mid-point)
    36.95343     2.67345    -3.76164     0.14360   (sampled)
    37.05343     2.66605    -3.64967     0.14808 (mid-point)
    37.15343     2.66134    -3.53769     0.15257   (sampled)
    37.25343     2.65898    -3.42591     0.15708 (mid-point)
    37.35343     2.65927    -3.31414     0.16158   (sampled)
    37.45343     2.66301    -3.20114     0.16606 (mid-point)
    37.55343     2.66908    -3.08815     0.17053   (sampled)
    37.65343     2.67913    -2.97559     0.17497 (mid-point)
    37.75343     2.69100    -2.86304     0.17936   (sampled)
    37.85343     2.69848    -2.75014     0.18373 (mid-point)
    37.95343     2.70607    -2.63724     0.18808   (sampled)
    38.05343     2.70388    -2.51881     0.19244 (mid-point)
    38.15343     2.70444    -2.40038     0.19679   (sampled)
    38.25343     2.69469    -2.29978     0.20117 (mid-point)
    38.35343     2.68708    -2.19917     0.20558   (sampled)
    38.45343     2.66624    -2.09134     0.21006 (mid-point)
    38.55343     2.64781    -1.98352     0.21460   (sampled)
    38.65343     2.61738    -1.88236     0.21924 (mid-point)
    38.75343     2.58809    -1.78120     0.22400   (sampled)
    38.85343     2.56080    -1.67524     0.22885 (mid-point)
    38.95343     2.53583    -1.56928     0.23380   (sampled)
    39.05343     2.51126    -1.46446     0.23885 (mid-point)
    39.15343     2.48867    -1.35965     0.24399   (sampled)
    39.25343     2.47203    -1.25866     0.24920 (mid-point)
    39.35343     2.45595    -1.15766     0.25447   (sampled)
    39.45343     2.43837    -1.05298     0.25983 (mid-point)
    39.55343     2.42321    -0.94830     0.26525   (sampled)
    39.65343     2.40397    -0.70123     0.27076 (mid-point)
    39.75343     2.39823    -0.45415     0.27629   (sampled)
    39.85343     2.39182    -0.35329     0.28185 (mid-point)
    39.95343     2.38780    -0.25243     0.28744   (sampled)
    40.05343     2.34814    -0.12621     0.29321 (mid-point)
    40.15343     2.30801     0.00000     0.29919   (sampled)
    40.25343     2.27277     0.13114     0.30535 (mid-point)
    40.35343     2.24244     0.26228     0.31168   (sampled)
    40.45343     2.21594     0.38871     0.31816 (mid-point)
    40.55343     2.19422     0.51514     0.32477   (sampled)
    40.65343     2.17665     0.64433     0.33149 (mid-point)
    40.75343     2.16418     0.77352     0.33829   (sampled)
    40.85343     2.14849     0.89571     0.34518 (mid-point)
    40.95343     2.13656     1.01790     0.35215   (sampled)
    41.05343     2.10971     1.13036     0.35931 (mid-point)
    41.15343     2.08589     1.24283     0.36662   (sampled)
    41.25343     2.06544     1.35318     0.37408 (mid-point)
    41.35343     2.04688     1.46353     0.38168   (sampled)
    41.45343     2.03108     1.57421     0.38940 (mid-point)
    41.55343     2.01809     1.68490     0.39721   (sampled)
    41.65343     2.00968     1.79644     0.40509 (mid-point)
    41.75343     2.00449     1.90799     0.41302   (sampled)
    41.85343     2.00252     2.01940     0.42095 (mid-point)
    41.95343     2.00325     2.13080     0.42889   (sampled)
    42.05343     2.00757     2.24167     0.43678 (mid-point)
    42.15343     2.01507     2.35254     0.44462   (sampled)
    42.25343     2.01962     2.45942     0.45243 (mid-point)
    42.35343     2.02706     2.56629     0.46017   (sampled)
    42.45343     2.03265     2.67136     0.46788 (mid-point)
    42.55343     2.04040     2.77643     0.47552   (sampled)
    42.65343     2.03887     2.87937     0.48318 (mid-point)
    42.75343     2.03993     2.98232     0.49083   (sampled)
    42.85343     2.04479     3.08461     0.49844 (mid-point)
    42.95343     2.04994     3.18691     0.50602   (sampled)
    43.05343     2.06083     3.28986     0.51351 (mid-point)
    43.15343     2.07238     3.39280     0.52092   (sampled)
    43.25343     2.08754     3.49534     0.52823 (mid-point)
    43.35343     2.10530     3.59787     0.53541   (sampled)
    43.45343     2.12630     3.70073     0.54245 (mid-point)
    43.55343     2.14923     3.80359     0.54934   (sampled)
    43.65343     2.17466     3.90625     0.55607 (mid-point)
    43.75343     2.20236     4.00892     0.56264   (sampled)
    43.85343     2.22670     4.11216     0.56905 (mid-point)
    43.95343     2.25334     4.21541     0.57532   (sampled)
    44.05343     2.27808     4.32000     0.58146 (mid-point)
    44.15343     2.30516     4.42460     0.58745   (sampled)
    44.25343     2.33600     4.52874     0.59328 (mid-point)
    44.35343     2.36919     4.63288     0.59895   (sampled)
    44.45343     2.39566     4.73294     0.60450 (mid-point)
    44.55343     2.42216     4.83301     0.60992   (sampled)
    44.65343     2.44652     4.93341     0.61524 (mid-point)
    44.75343     2.47307     5.03381     0.62045   (sampled)
    44.85343     2.50156     5.13451     0.62553 (mid-point)
    44.95343     2.53209     5.23522     0.63050   (sampled)
    45.05343     2.56480     5.33575     0.63534 (mid-point)
    45.15343     2.59950     5.43628     0.64005   (sampled)
    45.25343     2.63602     5.53688     0.64463 (mid-point)
    45.35343     2.67446     5.63749     0.64908   (sampled)
    45.45343     2.71560     5.73826     0.65339 (mid-point)
    45.55343     2.75754     5.83904     0.65758   (sampled)
    45.65343     2.79983     5.94115     0.66164 (mid-point)
    45.75343     2.84390     6.04326     0.66558   (sampled)
    45.85343     2.88854     6.14547     0.66939 (mid-point)
    45.95343     2.93502     6.24769     0.67309   (sampled)
    46.05343     2.98386     6.34946     0.67666 (mid-point)
    46.15343     3.03439     6.45123     0.68012   (sampled)
    46.25343     3.08586     6.55255     0.68346 (mid-point)
    46.35343     3.13576     6.65386     0.68670   (sampled)
    46.45343     3.17686     6.75740     0.68985 (mid-point)
    46.55343     3.21906     6.86093     0.69292   (sampled)
    46.65343     3.26303     6.96371     0.69591 (mid-point)
    46.75343     3.30874     7.06650     0.69882   (sampled)
    46.85343     3.35485     7.16714     0.70165 (mid-point)
    46.95343     3.40255     7.26779     0.70440   (sampled)
    47.05343     3.45313     7.36869     0.70707 (mid-point)
    47.15343     3.50514     7.46958     0.70966   (sampled)
    47.25343     3.55885     7.57878     0.71217 (mid-point)
    47.35343     3.61429     7.68797     0.71461   (sampled)
    47.45343     3.67168     7.79102     0.71697 (mid-point)
    47.55343     3.72953     7.89408     0.71926   (sampled)
    47.65343     3.78875     7.99552     0.72148 (mid-point)
    47.75343     3.84832     8.09697     0.72363   (sampled)
    47.85343     3.91034     8.20070     0.72571 (mid-point)
    47.95343     3.97257     8.30443     0.72772   (sampled)
    48.05343     4.03682     8.40603     0.72968 (mid-point)
    48.15343     4.10187     8.50763     0.73157   (sampled)
    48.25343     4.16777     8.61033     0.73340 (mid-point)
    48.35343     4.23471     8.71303     0.73518   (sampled)
    48.45343     4.30345     8.81583     0.73690 (mid-point)
    48.55343     4.37227     8.91862     0.73856   (sampled)
    48.65343     4.40984     9.56264     0.74020 (mid-point)
    48.75343     4.51483    10.20666     0.74176   (sampled)
    48.85343     4.58588    10.30723     0.74327 (mid-point)
    48.95343     4.65771    10.40780     0.74474   (sampled)
    49.05343     4.73572    10.52897     0.74616 (mid-point)
    49.15343     4.81504    10.65014     0.74753   (sampled)
    49.25343     4.89239    10.75520     0.74886 (mid-point)
    49.35343     4.97024    10.86027     0.75015   (sampled)
    49.45343     5.04844    10.96544     0.75140 (mid-point)
    49.55343     5.12720    11.07061     0.75261   (sampled)
    49.65343     5.20280    11.17072     0.75379 (mid-point)
    49.75343     5.27886    11.27083     0.75493   (sampled)
    49.85343     5.35595    11.37207     0.75604 (mid-point)
    49.95343     5.43330    11.47332     0.75712   (sampled)
    50.05343     5.51050    11.57332     0.75817 (mid-point)
    50.15343     5.58826    11.67332     0.75918   (sampled)
    50.25343     5.66659    11.85980     0.76018 (mid-point)
    50.35343     5.74859    12.04629     0.76114   (sampled)
    50.45343     5.82980    12.15542     0.76208 (mid-point)
    50.55343     5.91151    12.26455     0.76299   (sampled)
    50.65343     5.99420    12.37412     0.76387 (mid-point)
    50.75343     6.07722    12.48368     0.76473   (sampled)
    50.85343     6.16066    12.59029     0.76557 (mid-point)
    50.95343     6.24464    12.69691     0.76639   (sampled)
    51.05343     6.32917    12.81131     0.76718 (mid-point)
    51.15343     6.41444    12.92572     0.76796   (sampled)
    51.25343     6.50088    13.03118     0.76871 (mid-point)
    51.35343     6.58777    13.13663     0.76944   (sampled)
    51.45343     6.67544    13.25063     0.77016 (mid-point)
    51.55343     6.76374    13.36462     0.77085   (sampled)
    51.65343     6.84950    13.46920     0.77153 (mid-point)
    51.75343     6.93566    13.57379     0.77219   (sampled)
    51.85343     6.95323    16.06507     0.77285 (mid-point)
    51.95343     7.63126    18.55636     0.77340   (sampled)
    52.05343     9.18765    21.97733     0.77378 (mid-point)
    52.15343    11.44693    25.39830     0.77402   (sampled)
    52.25343    14.52188    30.16163     0.77417 (mid-point)
    52.35343    18.01696    34.92497     0.77427   (sampled)

 Minimum radius found:      2.003 angstroms.



 For spherical probe approach, The geometric factor
         F= sum(ds/area) along channel is    0.774 angstroms**-1
 This yields a macroscopic predicted molar conductance of:
   (1/rho)*(100/F)= (130/rho) pS,
   where rho is the conductivity of 1M permeant ion in ohm m.
 N.B. this is a macroscopic conductance - an overestimate 
 Empirically corrected conductances currently only available
 With the CAPSULE option (although its not that stable!)
 For 1M KCl rho= 1/12 (ohm m), So Gmacro= 1500 pS/M.
  (TAG      1   Rmin=     2.00252   Gmacro=  1549.85036 Conn_Gmacro=    -1.00000 ).
 HOLE: normal completion
