 *** Program HOLE ***
 
 If results of this run are reported or published, please
 cite the publication listed below.
 For the HOLE program:
   Smart, O.S., Goodfellow, J.M., Wallace, B.A. (1993). 
   The pore dimensions of gramicidin A. 
   Biophys. J., 65, 2455-2460.
 
 Originally written by Oliver Smart at Birkbeck College from April 1992.
 Copyright 1993-2005 Oliver Smart
 Copyright 2014-2015 SmartSci Limited.
 Copyright 2016 Oliver Smart.
 
 For help on HOLE suite see  http://www.holeprogram.org/
 
 HOLE release 2.2.005 (07 August 2016) 
 
 usage subject to Apache License, Version 2.0 
 see http://www.apache.org/licenses/LICENSE-2.0 

 Control variables read:

! Input file for Oliver Smart's HOLE program
! written by MDAnalysis.analysis.hole2.HoleAnalysis
! for a Universe
! u = mda.Universe(/afs/crc.nd.edu/user/m/mfarshad/Private/ML-new/traj/host-urea
!    /afs/crc.nd.edu/user/m/mfarshad/Private/ML-new/traj/host-urea+cage5/host_ur
!   )
! Frame 38

COORD  /tmp/2550331.1.long/tmpc85enm4r.pdb
RADIUS simple2.rad
SPHPDB hole038.sph
SAMPLE 0.200000
ENDRAD 22.000000
IGNORE SOL WAT TIP HOH K   NA  CL
SHORTO 0
RASEED 31415
CPOINT 40.6489308809 39.9091423436 39.8966610557


 WARNING have not found a CVECT record - will try to guess
 Input pdb filename read as:    '/tmp/2550331.1.long/tmpc85enm4r.pdb'
 Input vdW radius file read as: 'simple2.rad'
 point in channel:   40.649  39.909  39.897
 channel vector:   ************************
 sampling distance between planes:    0.200

 graphics conditions:
 binary plot output file name: NONE
 Dot density:    10
 Draw dots?           T
 Draw close contacts? F
 Draw centre line?    T
 Produce spikes rather than dots? F
 Seed for random number generator:     31415 (0 means value set by program)
 Radius above which a result is regarded as an 'end':  22.000
 Pdb format file for sphere centres: hole038.sph

 Monte Carlo conditions:
  no of steps:  1000
  maximum displacement   0.100 angs
  'kT' initial   0.100 angs
 The spherebox and capsule options are turned off.
 (No molqpt card so will not write qpt file of the molecule)
 IGNORE card read so will ignore residue types: SOL WAT TIP HOH K   NA  CL
 no SHORTO card read so will produce full textual output
 As no PEGRAT card was found will not produce PEG polymer exclusion graph
 (No 2DMAPS card specified so will not produce 2D property maps)
 Have not found a CUT card.  Normal calculation using
   Cutoff lists with a cutsize=       1.000
   (if you wish to turn off option use a CUT -1 card)

 Have read     7 bond radius records and
              16 vdW radius records.
 From file: simple2.rad

 Have read    95 atom records.
 From file: /tmp/2550331.1.long/tmpc85enm4r.pdb
 Will not produce graphical output

 Have opened file for pdb format output of sphere centres:  hole038.sph

  Seed integer used by ran # generator on this run      31415

 
 S/R cguess will try to guess CPOINT and/or CVECT
 
 THESE GUESSES MAY WELL BE WRONG!!!!
 Routine relies on having a reasonably symmetric
 channel oriented along x, y or z vector
 YOU ARE STRONGLY ADVISED TO CHECK THE RESULTS
                       WITH MOLECULAR GRAPHICS
 testing points from cpoint in X, Y then Z direction
   point                   pore radius
direction     1
  35.649  39.909  39.897     0.733
  36.649  39.909  39.897     1.331
  37.649  39.909  39.897     1.867
  38.649  39.909  39.897     1.837
  39.649  39.909  39.897     1.753
  40.649  39.909  39.897     1.428
  41.649  39.909  39.897     1.222
  42.649  39.909  39.897     0.589
  43.649  39.909  39.897     0.055
  44.649  39.909  39.897    -0.016
  45.649  39.909  39.897    -0.479
 Average pore radius along the line=      0.938
direction     2
  40.649  34.909  39.897    -0.844
  40.649  35.909  39.897    -0.061
  40.649  36.909  39.897     0.860
  40.649  37.909  39.897     1.564
  40.649  38.909  39.897     2.060
  40.649  39.909  39.897     1.428
  40.649  40.909  39.897     0.882
  40.649  41.909  39.897     0.272
  40.649  42.909  39.897    -0.388
  40.649  43.909  39.897    -0.700
  40.649  44.909  39.897    -0.827
 Average pore radius along the line=      0.386
direction     3
  40.649  39.909  34.897    -0.492
  40.649  39.909  35.897    -0.983
  40.649  39.909  36.897    -0.602
  40.649  39.909  37.897     0.029
  40.649  39.909  38.897     0.745
  40.649  39.909  39.897     1.428
  40.649  39.909  40.897     2.243
  40.649  39.909  41.897     1.504
  40.649  39.909  42.897     0.888
  40.649  39.909  43.897     0.532
  40.649  39.909  44.897     0.545
 Average pore radius along the line=      0.531
 Best direction is found to be     1
(1=X,2=Y,3=Z)
 s/r cguess has produced initial values for cpoint &/or cvect:
CPOINT      40.6489     39.9091     39.8967
CVECT        1.0000      0.0000      0.0000
 THESE GUESSES MAY WELL BE WRONG!!!!
 Routine relies on having a reasonably symmetric
 channel oriented along x, y or z vector
 YOU ARE STRONGLY ADVISED TO CHECK THE RESULTS
                       WITH MOLECULAR GRAPHICS
 
 
  Some routines (e.g. conn) need vectors normal to cvect: 
     EAST Zero degrees angle is along vector    0.000   1.000   0.000
     NORTH  90 degrees angle is along vector    0.000   0.000  -1.000
 highest radius point found:
  at point   40.649  40.195  41.081
  closest atom surface    2.253   C27 URE X    1
  2nd closest surface     2.255   S3  URE X    1
  found on step  588
 current point:
  at point   40.649  40.367  41.204
  closest atom surface    2.253   S3  URE X    1
  2nd closest surface     2.253   C27 URE X    1
  found on step  983
  no. of rejections          383
 stored as     0

 highest radius point found:
  at point   40.849  40.244  41.172
  closest atom surface    2.294   S3  URE X    1
  2nd closest surface     2.294   C27 URE X    1
  found on step  130
 current point:
  at point   40.849  39.565  40.811
  closest atom surface    2.283   C22 URE X    1
  2nd closest surface     2.283   S3  URE X    1
  found on step  884
  no. of rejections          370
 stored as     1

 highest radius point found:
  at point   41.049  40.283  41.267
  closest atom surface    2.335   C28 URE X    1
  2nd closest surface     2.335   S3  URE X    1
  found on step  925
  this is also current point
  no. of rejections          370
 stored as     2

 highest radius point found:
  at point   41.249  40.295  41.354
  closest atom surface    2.379   S3  URE X    1
  2nd closest surface     2.379   C28 URE X    1
  found on step  939
  this is also current point
  no. of rejections          377
 stored as     3

 highest radius point found:
  at point   41.449  40.301  41.432
  closest atom surface    2.433   C28 URE X    1
  2nd closest surface     2.434   C22 URE X    1
  found on step  990
  this is also current point
  no. of rejections          364
 stored as     4

 highest radius point found:
  at point   41.649  40.475  41.713
  closest atom surface    2.466   C34 URE X    1
  2nd closest surface     2.466   S3  URE X    1
  found on step  949
  this is also current point
  no. of rejections          362
 stored as     5

 highest radius point found:
  at point   41.849  40.737  42.124
  closest atom surface    2.514   S3  URE X    1
  2nd closest surface     2.514   C29 URE X    1
  found on step  997
  this is also current point
  no. of rejections          352
 stored as     6

 highest radius point found:
  at point   42.049  40.784  42.307
  closest atom surface    2.585   S3  URE X    1
  2nd closest surface     2.586   C29 URE X    1
  found on step  981
  this is also current point
  no. of rejections          354
 stored as     7

 highest radius point found:
  at point   42.249  40.820  42.480
  closest atom surface    2.670   S3  URE X    1
  2nd closest surface     2.672   S   URE X    1
  found on step  980
  this is also current point
  no. of rejections          326
 stored as     8

 highest radius point found:
  at point   42.449  40.860  42.697
  closest atom surface    2.753   O5  URE X    1
  2nd closest surface     2.754   S3  URE X    1
  found on step  965
  this is also current point
  no. of rejections          333
 stored as     9

 highest radius point found:
  at point   42.649  40.912  43.015
  closest atom surface    2.831   O5  URE X    1
  2nd closest surface     2.833   S   URE X    1
  found on step  883
 current point:
  at point   42.649  40.913  43.027
  closest atom surface    2.830   S3  URE X    1
  2nd closest surface     2.830   S   URE X    1
  found on step  943
  no. of rejections          337
 stored as    10

 highest radius point found:
  at point   42.849  40.964  43.338
  closest atom surface    2.938   S   URE X    1
  2nd closest surface     2.939   S3  URE X    1
  found on step  700
 current point:
  at point   42.849  40.966  43.332
  closest atom surface    2.938   S   URE X    1
  2nd closest surface     2.940   O5  URE X    1
  found on step  958
  no. of rejections          330
 stored as    11

 highest radius point found:
  at point   43.049  41.013  43.647
  closest atom surface    3.071   S3  URE X    1
  2nd closest surface     3.072   O5  URE X    1
  found on step   90
 current point:
  at point   43.049  41.074  44.096
  closest atom surface    3.061   S   URE X    1
  2nd closest surface     3.064   S3  URE X    1
  found on step  996
  no. of rejections          300
 stored as    12

 highest radius point found:
  at point   43.249  41.610  48.659
  closest atom surface    5.015   S3  URE X    1
  2nd closest surface     5.059   S   URE X    1
  found on step 1000
  this is also current point
  no. of rejections          233
 stored as    13

 highest radius point found:
  at point   43.449  43.423  59.173
  closest atom surface   14.027   S1  URE X    1
  2nd closest surface    14.212   O8  URE X    1
  found on step 1000
  this is also current point
  no. of rejections          269
 stored as    14

 highest radius point found:
  at point   43.649  45.131  68.565
  closest atom surface   23.013   S1  URE X    1
  2nd closest surface    23.369   O8  URE X    1
  found on step 1000
  this is also current point
  no. of rejections          265
 This is an end! (radius above  22.0 angs)
 highest radius point found:
  at point   40.449  39.577  40.657
  closest atom surface    2.263   C39 URE X    1
  2nd closest surface     2.264   S3  URE X    1
  found on step  788
 current point:
  at point   40.449  39.620  40.680
  closest atom surface    2.259   S3  URE X    1
  2nd closest surface     2.260   C22 URE X    1
  found on step  947
  no. of rejections          372
 stored as    -1

 highest radius point found:
  at point   40.249  39.614  40.596
  closest atom surface    2.267   S3  URE X    1
  2nd closest surface     2.268   C22 URE X    1
  found on step  640
 current point:
  at point   40.249  39.586  40.577
  closest atom surface    2.267   C22 URE X    1
  2nd closest surface     2.272   C39 URE X    1
  found on step  973
  no. of rejections          397
 stored as    -2

 highest radius point found:
  at point   40.049  39.612  40.514
  closest atom surface    2.286   C22 URE X    1
  2nd closest surface     2.286   S3  URE X    1
  found on step  896
  this is also current point
  no. of rejections          364
 stored as    -3

 highest radius point found:
  at point   39.849  39.595  40.437
  closest atom surface    2.302   C27 URE X    1
  2nd closest surface     2.304   C39 URE X    1
  found on step   97
 current point:
  at point   39.849  39.587  40.429
  closest atom surface    2.302   C39 URE X    1
  2nd closest surface     2.303   C27 URE X    1
  found on step  998
  no. of rejections          405
 stored as    -4

 highest radius point found:
  at point   39.649  39.585  40.374
  closest atom surface    2.319   C26 URE X    1
  2nd closest surface     2.321   C27 URE X    1
  found on step   46
 current point:
  at point   39.649  39.342  40.075
  closest atom surface    2.291   C26 URE X    1
  2nd closest surface     2.292   C39 URE X    1
  found on step  990
  no. of rejections          388
 stored as    -5

 highest radius point found:
  at point   39.449  39.556  40.344
  closest atom surface    2.314   C26 URE X    1
  2nd closest surface     2.314   C39 URE X    1
  found on step  971
  this is also current point
  no. of rejections          366
 stored as    -6

 highest radius point found:
  at point   39.249  39.524  40.314
  closest atom surface    2.315   C39 URE X    1
  2nd closest surface     2.318   S3  URE X    1
  found on step  712
 current point:
  at point   39.249  39.507  40.293
  closest atom surface    2.312   C39 URE X    1
  2nd closest surface     2.317   C26 URE X    1
  found on step  978
  no. of rejections          369
 stored as    -7

 highest radius point found:
  at point   39.049  39.497  40.282
  closest atom surface    2.330   C39 URE X    1
  2nd closest surface     2.331   S3  URE X    1
  found on step  902
  this is also current point
  no. of rejections          348
 stored as    -8

 highest radius point found:
  at point   38.849  39.438  40.213
  closest atom surface    2.351   C39 URE X    1
  2nd closest surface     2.351   C26 URE X    1
  found on step  992
  this is also current point
  no. of rejections          370
 stored as    -9

 highest radius point found:
  at point   38.649  39.215  39.943
  closest atom surface    2.378   C39 URE X    1
  2nd closest surface     2.379   C26 URE X    1
  found on step  959
  this is also current point
  no. of rejections          373
 stored as   -10

 highest radius point found:
  at point   38.449  39.139  39.882
  closest atom surface    2.405   C6  URE X    1
  2nd closest surface     2.406   C25 URE X    1
  found on step  972
  this is also current point
  no. of rejections          405
 stored as   -11

 highest radius point found:
  at point   38.249  39.051  39.731
  closest atom surface    2.372   C6  URE X    1
  2nd closest surface     2.373   O7  URE X    1
  found on step  916
  this is also current point
  no. of rejections          363
 stored as   -12

 highest radius point found:
  at point   38.049  39.107  39.627
  closest atom surface    2.307   O7  URE X    1
  2nd closest surface     2.307   C25 URE X    1
  found on step  810
 current point:
  at point   38.049  39.094  39.633
  closest atom surface    2.304   C6  URE X    1
  2nd closest surface     2.304   O7  URE X    1
  found on step  931
  no. of rejections          374
 stored as   -13

 highest radius point found:
  at point   37.849  39.159  39.524
  closest atom surface    2.252   O7  URE X    1
  2nd closest surface     2.254   C6  URE X    1
  found on step  966
  this is also current point
  no. of rejections          399
 stored as   -14

 highest radius point found:
  at point   37.649  39.216  39.422
  closest atom surface    2.213   O7  URE X    1
  2nd closest surface     2.213   C6  URE X    1
  found on step  753
 current point:
  at point   37.649  39.217  39.424
  closest atom surface    2.212   C6  URE X    1
  2nd closest surface     2.214   O7  URE X    1
  found on step  903
  no. of rejections          384
 stored as   -15

 highest radius point found:
  at point   37.449  39.274  39.318
  closest atom surface    2.186   C25 URE X    1
  2nd closest surface     2.187   C6  URE X    1
  found on step  798
 current point:
  at point   37.449  39.274  39.316
  closest atom surface    2.185   C25 URE X    1
  2nd closest surface     2.186   O7  URE X    1
  found on step  972
  no. of rejections          377
 stored as   -16

 highest radius point found:
  at point   37.249  39.329  39.215
  closest atom surface    2.172   C6  URE X    1
  2nd closest surface     2.172   C25 URE X    1
  found on step  996
  this is also current point
  no. of rejections          378
 stored as   -17

 highest radius point found:
  at point   37.049  39.379  39.112
  closest atom surface    2.171   C6  URE X    1
  2nd closest surface     2.171   O7  URE X    1
  found on step  833
 current point:
  at point   37.049  39.377  39.112
  closest atom surface    2.170   C6  URE X    1
  2nd closest surface     2.171   O7  URE X    1
  found on step  938
  no. of rejections          372
 stored as   -18

 highest radius point found:
  at point   36.849  39.436  39.007
  closest atom surface    2.184   C25 URE X    1
  2nd closest surface     2.184   C6  URE X    1
  found on step  992
  this is also current point
  no. of rejections          367
 stored as   -19

 highest radius point found:
  at point   36.649  39.484  38.883
  closest atom surface    2.197   O7  URE X    1
  2nd closest surface     2.198   O10 URE X    1
  found on step  797
 current point:
  at point   36.649  39.487  38.884
  closest atom surface    2.197   O10 URE X    1
  2nd closest surface     2.199   C25 URE X    1
  found on step  987
  no. of rejections          316
 stored as   -20

 highest radius point found:
  at point   36.449  39.544  38.633
  closest atom surface    2.153   C25 URE X    1
  2nd closest surface     2.155   O10 URE X    1
  found on step  983
  this is also current point
  no. of rejections          340
 stored as   -21

 highest radius point found:
  at point   36.249  39.592  38.386
  closest atom surface    2.138   O7  URE X    1
  2nd closest surface     2.139   O10 URE X    1
  found on step  549
 current point:
  at point   36.249  39.600  38.389
  closest atom surface    2.136   O10 URE X    1
  2nd closest surface     2.139   C25 URE X    1
  found on step  907
  no. of rejections          349
 stored as   -22

 highest radius point found:
  at point   36.049  39.652  38.137
  closest atom surface    2.147   C25 URE X    1
  2nd closest surface     2.150   O10 URE X    1
  found on step  982
  this is also current point
  no. of rejections          332
 stored as   -23

 highest radius point found:
  at point   35.849  39.695  37.893
  closest atom surface    2.186   O10 URE X    1
  2nd closest surface     2.186   O7  URE X    1
  found on step  997
  this is also current point
  no. of rejections          320
 stored as   -24

 highest radius point found:
  at point   35.649  39.749  37.645
  closest atom surface    2.249   C25 URE X    1
  2nd closest surface     2.251   O10 URE X    1
  found on step  998
  this is also current point
  no. of rejections          335
 stored as   -25

 highest radius point found:
  at point   35.449  39.795  37.401
  closest atom surface    2.337   O7  URE X    1
  2nd closest surface     2.337   O10 URE X    1
  found on step  930
  this is also current point
  no. of rejections          335
 stored as   -26

 highest radius point found:
  at point   35.249  39.820  37.171
  closest atom surface    2.432   H16 URE X    1
  2nd closest surface     2.432   O7  URE X    1
  found on step  960
  this is also current point
  no. of rejections          362
 stored as   -27

 highest radius point found:
  at point   35.049  41.360  30.384
  closest atom surface    5.359   O6  URE X    1
  2nd closest surface     5.360   H25 URE X    1
  found on step  996
  this is also current point
  no. of rejections          242
 stored as   -28

 highest radius point found:
  at point   34.849  45.322  20.431
  closest atom surface   15.131   C25 URE X    1
  2nd closest surface    15.135   O6  URE X    1
  found on step  999
  this is also current point
  no. of rejections          285
 stored as   -29

 highest radius point found:
  at point   34.649  48.109  10.883
  closest atom surface   24.761   O6  URE X    1
  2nd closest surface    24.878   C24 URE X    1
  found on step  997
  this is also current point
  no. of rejections          270
 This is an end! (radius above  22.0 angs)
 
 N.b. Graph information routine (HOGRAP) differs 
        markedly from previous versions!
       Information now is written from -ve end
       to +ve in one pass
 
 Explanation of the meaning of each column: 
 First column "cenxyz.cvec" is the coordinate in the
   direction of the channel vector i.e. if the channel
   vector is in z (0 0 1) then it is the z coordinate.
 The second column "radius" is the hole pore radius 
   (as defined in the Biophys J 1993) article).
 The third column "cen_line_D" is the distance 
   measured along the pore centre line - with the 
   first point found set to zero. This was the first
   thing that I used to measure the distance along a pore
   but "cenxyz.cvec" is a much better general measure. 
   However, by comparing changes in this distance to changes in '   "cenxyz.cvec" one can get a measure of how straight a 
   channel is.
 The fourth column "sum{s/(area)}" is useful in conductance
   prediction -
   basically it is the sum of the thickness of each slab
   divided by its area. HOLE uses this measure to estimate
   the macroscopic conductance of a channel.
 If any of this worries you one can see the "raw" results
   of a standard hole run by producing a sphpdb file and 
    directly looking at the results.
 cenxyz.cvec      radius  cen_line_D sum{s/(area point sourc
    34.84893    15.13148   -25.13126     0.00014   (sampled)
    34.94893    10.04309   -19.77419     0.00045 (mid-point)
    35.04893     5.35930   -14.41711     0.00156   (sampled)
    35.14893     2.87244   -10.93572     0.00542 (mid-point)
    35.24893     2.43213    -7.45433     0.01080   (sampled)
    35.34893     2.38208    -7.30167     0.01641 (mid-point)
    35.44893     2.33696    -7.14901     0.02224   (sampled)
    35.54893     2.29046    -6.98944     0.02831 (mid-point)
    35.64893     2.24902    -6.82988     0.03460   (sampled)
    35.74893     2.21509    -6.66848     0.04109 (mid-point)
    35.84893     2.18606    -6.50708     0.04775   (sampled)
    35.94893     2.16458    -6.34753     0.05454 (mid-point)
    36.04893     2.14706    -6.18797     0.06145   (sampled)
    36.14893     2.14031    -6.02585     0.06840 (mid-point)
    36.24893     2.13807    -5.86373     0.07536   (sampled)
    36.34893     2.14345    -5.70300     0.08229 (mid-point)
    36.44893     2.15333    -5.54227     0.08915   (sampled)
    36.54893     2.17296    -5.37933     0.09589 (mid-point)
    36.64893     2.19692    -5.21639     0.10249   (sampled)
    36.74893     2.19008    -5.09615     0.10912 (mid-point)
    36.84893     2.18414    -4.97591     0.11580   (sampled)
    36.94893     2.17610    -4.85955     0.12252 (mid-point)
    37.04893     2.17110    -4.74320     0.12927   (sampled)
    37.14893     2.16982    -4.62788     0.13603 (mid-point)
    37.24893     2.17185    -4.51256     0.14278   (sampled)
    37.34893     2.17743    -4.39685     0.14949 (mid-point)
    37.44893     2.18600    -4.28114     0.15616   (sampled)
    37.54893     2.19812    -4.16481     0.16274 (mid-point)
    37.64893     2.21292    -4.04847     0.16924   (sampled)
    37.74893     2.23070    -3.93246     0.17564 (mid-point)
    37.84893     2.25184    -3.81645     0.18192   (sampled)
    37.94893     2.27790    -3.70113     0.18805 (mid-point)
    38.04893     2.30715    -3.58582     0.19403   (sampled)
    38.14893     2.33835    -3.46972     0.19985 (mid-point)
    38.24893     2.37225    -3.35363     0.20551   (sampled)
    38.34893     2.38675    -3.22067     0.21110 (mid-point)
    38.44893     2.40537    -3.08771     0.21660   (sampled)
    38.54893     2.39254    -2.97637     0.22216 (mid-point)
    38.64893     2.37818    -2.86503     0.22779   (sampled)
    38.74893     2.35982    -2.66370     0.23350 (mid-point)
    38.84893     2.35104    -2.46237     0.23926   (sampled)
    38.94893     2.33933    -2.35246     0.24508 (mid-point)
    39.04893     2.33048    -2.24254     0.25094   (sampled)
    39.14893     2.32166    -2.14040     0.25685 (mid-point)
    39.24893     2.31533    -2.03827     0.26278   (sampled)
    39.34893     2.31333    -1.93594     0.26873 (mid-point)
    39.44893     2.31376    -1.83360     0.27468   (sampled)
    39.54893     2.31532    -1.73143     0.28062 (mid-point)
    39.64893     2.31938    -1.62925     0.28653   (sampled)
    39.74893     2.31017    -1.52424     0.29250 (mid-point)
    39.84893     2.30212    -1.41922     0.29850   (sampled)
    39.94893     2.29378    -1.31181     0.30455 (mid-point)
    40.04893     2.28576    -1.20441     0.31065   (sampled)
    40.14893     2.27511    -1.09627     0.31680 (mid-point)
    40.24893     2.26716    -0.98814     0.32299   (sampled)
    40.34893     2.26407    -0.88195     0.32920 (mid-point)
    40.44893     2.26276    -0.77576     0.33541   (sampled)
    40.54893     2.24178    -0.38788     0.34175 (mid-point)
    40.64893     2.25342    -0.00000     0.34802   (sampled)
    40.74893     2.27229     0.11248     0.35418 (mid-point)
    40.84893     2.29388     0.22495     0.36023   (sampled)
    40.94893     2.31308     0.33735     0.36618 (mid-point)
    41.04893     2.33464     0.44975     0.37202   (sampled)
    41.14893     2.35552     0.55914     0.37776 (mid-point)
    41.24893     2.37858     0.66852     0.38338   (sampled)
    41.34893     2.40470     0.77576     0.38889 (mid-point)
    41.44893     2.43267     0.88300     0.39427   (sampled)
    41.54893     2.44692     1.07625     0.39958 (mid-point)
    41.64893     2.46556     1.26951     0.40482   (sampled)
    41.74893     2.48233     1.53301     0.40999 (mid-point)
    41.84893     2.51406     1.79651     0.41502   (sampled)
    41.94893     2.54778     1.93404     0.41993 (mid-point)
    42.04893     2.58538     2.07158     0.42469   (sampled)
    42.14893     2.62579     2.20501     0.42930 (mid-point)
    42.24893     2.66965     2.33845     0.43377   (sampled)
    42.34893     2.70962     2.48740     0.43811 (mid-point)
    42.44893     2.75287     2.63635     0.44231   (sampled)
    42.54893     2.78809     2.82582     0.44640 (mid-point)
    42.64893     2.83105     3.01529     0.45037   (sampled)
    42.74893     2.88199     3.20713     0.45420 (mid-point)
    42.84893     2.93843     3.39897     0.45789   (sampled)
    42.94893     3.00204     3.58469     0.46142 (mid-point)
    43.04893     3.07138     3.77041     0.46480   (sampled)
    43.14893     3.57584     6.29584     0.46729 (mid-point)
    43.24893     5.01547     8.82127     0.46855   (sampled)
    43.34893     9.32342    14.15714     0.46892 (mid-point)
    43.44893    14.02663    19.49300     0.46908   (sampled)

 Minimum radius found:      2.138 angstroms.



 For spherical probe approach, The geometric factor
         F= sum(ds/area) along channel is    0.469 angstroms**-1
 This yields a macroscopic predicted molar conductance of:
   (1/rho)*(100/F)= (210/rho) pS,
   where rho is the conductivity of 1M permeant ion in ohm m.
 N.B. this is a macroscopic conductance - an overestimate 
 Empirically corrected conductances currently only available
 With the CAPSULE option (although its not that stable!)
 For 1M KCl rho= 1/12 (ohm m), So Gmacro= 2600 pS/M.
  (TAG      1   Rmin=     2.13807   Gmacro=  2558.19849 Conn_Gmacro=    -1.00000 ).
 HOLE: normal completion
