 *** Program HOLE ***
 
 If results of this run are reported or published, please
 cite the publication listed below.
 For the HOLE program:
   Smart, O.S., Goodfellow, J.M., Wallace, B.A. (1993). 
   The pore dimensions of gramicidin A. 
   Biophys. J., 65, 2455-2460.
 
 Originally written by Oliver Smart at Birkbeck College from April 1992.
 Copyright 1993-2005 Oliver Smart
 Copyright 2014-2015 SmartSci Limited.
 Copyright 2016 Oliver Smart.
 
 For help on HOLE suite see  http://www.holeprogram.org/
 
 HOLE release 2.2.005 (07 August 2016) 
 
 usage subject to Apache License, Version 2.0 
 see http://www.apache.org/licenses/LICENSE-2.0 

 Control variables read:

! Input file for Oliver Smart's HOLE program
! written by MDAnalysis.analysis.hole2.HoleAnalysis
! for a Universe
! u = mda.Universe(/afs/crc.nd.edu/user/m/mfarshad/Private/ML-new/traj/host-asb6
!    /afs/crc.nd.edu/user/m/mfarshad/Private/ML-new/traj/host-asb6/host_asb6.trr
!   )
! Frame 31

COORD  /tmp/2550281.1.long/tmpe7pm845v.pdb
RADIUS simple2.rad
SPHPDB hole031.sph
SAMPLE 0.200000
ENDRAD 22.000000
IGNORE SOL WAT TIP HOH K   NA  CL
SHORTO 0
RASEED 31415
CPOINT 40.0515000780 40.4880357516 39.7391120458


 WARNING have not found a CVECT record - will try to guess
 Input pdb filename read as:    '/tmp/2550281.1.long/tmpe7pm845v.pdb'
 Input vdW radius file read as: 'simple2.rad'
 point in channel:   40.052  40.488  39.739
 channel vector:   ************************
 sampling distance between planes:    0.200

 graphics conditions:
 binary plot output file name: NONE
 Dot density:    10
 Draw dots?           T
 Draw close contacts? F
 Draw centre line?    T
 Produce spikes rather than dots? F
 Seed for random number generator:     31415 (0 means value set by program)
 Radius above which a result is regarded as an 'end':  22.000
 Pdb format file for sphere centres: hole031.sph

 Monte Carlo conditions:
  no of steps:  1000
  maximum displacement   0.100 angs
  'kT' initial   0.100 angs
 The spherebox and capsule options are turned off.
 (No molqpt card so will not write qpt file of the molecule)
 IGNORE card read so will ignore residue types: SOL WAT TIP HOH K   NA  CL
 no SHORTO card read so will produce full textual output
 As no PEGRAT card was found will not produce PEG polymer exclusion graph
 (No 2DMAPS card specified so will not produce 2D property maps)
 Have not found a CUT card.  Normal calculation using
   Cutoff lists with a cutsize=       1.000
   (if you wish to turn off option use a CUT -1 card)

 Have read     7 bond radius records and
              16 vdW radius records.
 From file: simple2.rad

 Have read   118 atom records.
 From file: /tmp/2550281.1.long/tmpe7pm845v.pdb
 Will not produce graphical output

 Have opened file for pdb format output of sphere centres:  hole031.sph

  Seed integer used by ran # generator on this run      31415

 
 S/R cguess will try to guess CPOINT and/or CVECT
 
 THESE GUESSES MAY WELL BE WRONG!!!!
 Routine relies on having a reasonably symmetric
 channel oriented along x, y or z vector
 YOU ARE STRONGLY ADVISED TO CHECK THE RESULTS
                       WITH MOLECULAR GRAPHICS
 testing points from cpoint in X, Y then Z direction
   point                   pore radius
direction     1
  35.052  40.488  39.739    -0.359
  36.052  40.488  39.739    -0.385
  37.052  40.488  39.739    -0.162
  38.052  40.488  39.739     0.506
  39.052  40.488  39.739     1.163
  40.052  40.488  39.739     1.640
  41.052  40.488  39.739     1.170
  42.052  40.488  39.739     0.350
  43.052  40.488  39.739    -0.033
  44.052  40.488  39.739    -0.096
  45.052  40.488  39.739    -0.832
 Average pore radius along the line=      0.269
direction     2
  40.052  35.488  39.739    -0.659
  40.052  36.488  39.739     0.056
  40.052  37.488  39.739     0.911
  40.052  38.488  39.739     0.907
  40.052  39.488  39.739     1.260
  40.052  40.488  39.739     1.640
  40.052  41.488  39.739     1.047
  40.052  42.488  39.739     0.743
  40.052  43.488  39.739     0.317
  40.052  44.488  39.739    -0.414
  40.052  45.488  39.739    -0.656
 Average pore radius along the line=      0.468
direction     3
  40.052  40.488  34.739     2.599
  40.052  40.488  35.739     2.444
  40.052  40.488  36.739     2.090
  40.052  40.488  37.739     1.887
  40.052  40.488  38.739     1.819
  40.052  40.488  39.739     1.640
  40.052  40.488  40.739     1.369
  40.052  40.488  41.739     1.417
  40.052  40.488  42.739     1.771
  40.052  40.488  43.739     2.264
  40.052  40.488  44.739     2.516
 Average pore radius along the line=      1.983
 Best direction is found to be     3
(1=X,2=Y,3=Z)
 s/r cguess has produced initial values for cpoint &/or cvect:
CPOINT      40.0515     40.4880     39.7391
CVECT        0.0000      0.0000      1.0000
 THESE GUESSES MAY WELL BE WRONG!!!!
 Routine relies on having a reasonably symmetric
 channel oriented along x, y or z vector
 YOU ARE STRONGLY ADVISED TO CHECK THE RESULTS
                       WITH MOLECULAR GRAPHICS
 
 
  Some routines (e.g. conn) need vectors normal to cvect: 
     EAST Zero degrees angle is along vector    1.000   0.000   0.000
     NORTH  90 degrees angle is along vector    0.000  -1.000   0.000
 highest radius point found:
  at point   40.413  40.656  39.739
  closest atom surface    1.760   H40 ASB X    1
  2nd closest surface     1.760   O5  ASB X    1
  found on step  779
 current point:
  at point   40.407  40.650  39.739
  closest atom surface    1.760   O3  ASB X    1
  2nd closest surface     1.760   O5  ASB X    1
  found on step  941
  no. of rejections          382
 stored as     0

 highest radius point found:
  at point   39.481  39.716  39.939
  closest atom surface    1.883   O2  ASB X    1
  2nd closest surface     1.889   O3  ASB X    1
  found on step  995
  this is also current point
  no. of rejections          349
 stored as     1

 highest radius point found:
  at point   39.533  39.669  40.139
  closest atom surface    1.887   O2  ASB X    1
  2nd closest surface     1.888   O5  ASB X    1
  found on step  999
  this is also current point
  no. of rejections          374
 stored as     2

 highest radius point found:
  at point   39.581  39.629  40.339
  closest atom surface    1.897   O5  ASB X    1
  2nd closest surface     1.898   O3  ASB X    1
  found on step  854
 current point:
  at point   39.582  39.632  40.339
  closest atom surface    1.895   O3  ASB X    1
  2nd closest surface     1.898   O5  ASB X    1
  found on step  963
  no. of rejections          386
 stored as     3

 highest radius point found:
  at point   39.620  39.580  40.539
  closest atom surface    1.921   O2  ASB X    1
  2nd closest surface     1.921   O3  ASB X    1
  found on step  966
  this is also current point
  no. of rejections          415
 stored as     4

 highest radius point found:
  at point   39.665  39.536  40.739
  closest atom surface    1.955   O3  ASB X    1
  2nd closest surface     1.955   O5  ASB X    1
  found on step  186
 current point:
  at point   39.663  39.532  40.739
  closest atom surface    1.954   O2  ASB X    1
  2nd closest surface     1.955   O5  ASB X    1
  found on step  941
  no. of rejections          391
 stored as     5

 highest radius point found:
  at point   39.706  39.488  40.939
  closest atom surface    2.001   O2  ASB X    1
  2nd closest surface     2.001   O3  ASB X    1
  found on step  978
  this is also current point
  no. of rejections          381
 stored as     6

 highest radius point found:
  at point   39.752  39.443  41.139
  closest atom surface    2.058   O5  ASB X    1
  2nd closest surface     2.059   O3  ASB X    1
  found on step  950
  this is also current point
  no. of rejections          388
 stored as     7

 highest radius point found:
  at point   39.793  39.397  41.339
  closest atom surface    2.127   O3  ASB X    1
  2nd closest surface     2.127   O2  ASB X    1
  found on step  991
  this is also current point
  no. of rejections          391
 stored as     8

 highest radius point found:
  at point   39.837  39.351  41.539
  closest atom surface    2.206   O3  ASB X    1
  2nd closest surface     2.206   O5  ASB X    1
  found on step  957
  this is also current point
  no. of rejections          381
 stored as     9

 highest radius point found:
  at point   39.880  39.302  41.739
  closest atom surface    2.292   O2  ASB X    1
  2nd closest surface     2.293   O5  ASB X    1
  found on step  258
 current point:
  at point   39.886  39.308  41.739
  closest atom surface    2.292   O5  ASB X    1
  2nd closest surface     2.293   O3  ASB X    1
  found on step  969
  no. of rejections          379
 stored as    10

 highest radius point found:
  at point   39.924  39.258  41.939
  closest atom surface    2.390   O2  ASB X    1
  2nd closest surface     2.391   O5  ASB X    1
  found on step  999
  this is also current point
  no. of rejections          366
 stored as    11

 highest radius point found:
  at point   39.968  39.207  42.139
  closest atom surface    2.494   O5  ASB X    1
  2nd closest surface     2.494   O2  ASB X    1
  found on step  903
  this is also current point
  no. of rejections          353
 stored as    12

 highest radius point found:
  at point   40.016  39.168  42.339
  closest atom surface    2.607   O5  ASB X    1
  2nd closest surface     2.610   O3  ASB X    1
  found on step  971
  this is also current point
  no. of rejections          325
 stored as    13

 highest radius point found:
  at point   40.071  39.137  42.539
  closest atom surface    2.723   O3  ASB X    1
  2nd closest surface     2.724   O5  ASB X    1
  found on step  981
  this is also current point
  no. of rejections          345
 stored as    14

 highest radius point found:
  at point   40.150  39.116  42.739
  closest atom surface    2.838   O5  ASB X    1
  2nd closest surface     2.844   H50 ASB X    1
  found on step  684
 current point:
  at point   40.138  39.080  42.739
  closest atom surface    2.836   O5  ASB X    1
  2nd closest surface     2.837   H50 ASB X    1
  found on step  973
  no. of rejections          335
 stored as    15

 highest radius point found:
  at point   40.212  39.050  42.939
  closest atom surface    2.959   H50 ASB X    1
  2nd closest surface     2.959   O5  ASB X    1
  found on step  926
  this is also current point
  no. of rejections          362
 stored as    16

 highest radius point found:
  at point   40.248  38.879  43.139
  closest atom surface    3.077   H50 ASB X    1
  2nd closest surface     3.077   O5  ASB X    1
  found on step  163
 current point:
  at point   40.231  38.813  43.139
  closest atom surface    3.074   H50 ASB X    1
  2nd closest surface     3.074   O5  ASB X    1
  found on step  994
  no. of rejections          342
 stored as    17

 highest radius point found:
  at point   40.287  38.715  43.339
  closest atom surface    3.208   O5  ASB X    1
  2nd closest surface     3.208   H50 ASB X    1
  found on step  561
 current point:
  at point   40.284  38.705  43.339
  closest atom surface    3.208   O5  ASB X    1
  2nd closest surface     3.208   H50 ASB X    1
  found on step  982
  no. of rejections          315
 stored as    18

 highest radius point found:
  at point   40.302  38.472  43.539
  closest atom surface    3.351   O5  ASB X    1
  2nd closest surface     3.351   H50 ASB X    1
  found on step  896
  this is also current point
  no. of rejections          310
 stored as    19

 highest radius point found:
  at point   40.352  38.364  43.739
  closest atom surface    3.502   O5  ASB X    1
  2nd closest surface     3.503   H50 ASB X    1
  found on step  945
  this is also current point
  no. of rejections          291
 stored as    20

 highest radius point found:
  at point   40.401  38.228  43.939
  closest atom surface    3.658   O5  ASB X    1
  2nd closest surface     3.661   O4  ASB X    1
  found on step  634
 current point:
  at point   40.423  37.857  43.939
  closest atom surface    3.647   O2  ASB X    1
  2nd closest surface     3.648   O5  ASB X    1
  found on step  939
  no. of rejections          326
 stored as    21

 highest radius point found:
  at point   40.472  37.758  44.139
  closest atom surface    3.819   O5  ASB X    1
  2nd closest surface     3.820   O2  ASB X    1
  found on step  818
 current point:
  at point   40.470  37.774  44.139
  closest atom surface    3.819   O5  ASB X    1
  2nd closest surface     3.819   O2  ASB X    1
  found on step  913
  no. of rejections          355
 stored as    22

 highest radius point found:
  at point   40.472  37.698  44.339
  closest atom surface    3.964   O2  ASB X    1
  2nd closest surface     3.964   C46 ASB X    1
  found on step  949
  this is also current point
  no. of rejections          291
 stored as    23

 highest radius point found:
  at point   40.457  37.635  44.539
  closest atom surface    4.101   O2  ASB X    1
  2nd closest surface     4.102   O1  ASB X    1
  found on step    5
 current point:
  at point   41.458  36.349  44.539
  closest atom surface    3.968   O1  ASB X    1
  2nd closest surface     3.968   C46 ASB X    1
  found on step  910
  no. of rejections          340
 stored as    24

 highest radius point found:
  at point   40.451  37.586  44.739
  closest atom surface    4.248   O2  ASB X    1
  2nd closest surface     4.251   C46 ASB X    1
  found on step  791
 current point:
  at point   40.449  37.598  44.739
  closest atom surface    4.248   O2  ASB X    1
  2nd closest surface     4.248   C46 ASB X    1
  found on step  913
  no. of rejections          336
 stored as    25

 highest radius point found:
  at point   40.445  37.517  44.939
  closest atom surface    4.399   O1  ASB X    1
  2nd closest surface     4.399   C46 ASB X    1
  found on step  738
 current point:
  at point   40.445  37.515  44.939
  closest atom surface    4.398   O1  ASB X    1
  2nd closest surface     4.400   C46 ASB X    1
  found on step  979
  no. of rejections          318
 stored as    26

 highest radius point found:
  at point   40.439  37.453  45.139
  closest atom surface    4.551   O1  ASB X    1
  2nd closest surface     4.551   C46 ASB X    1
  found on step  822
 current point:
  at point   40.441  37.450  45.139
  closest atom surface    4.550   O1  ASB X    1
  2nd closest surface     4.550   C46 ASB X    1
  found on step  987
  no. of rejections          354
 stored as    27

 highest radius point found:
  at point   40.454  37.363  45.339
  closest atom surface    4.699   C52 ASB X    1
  2nd closest surface     4.699   C46 ASB X    1
  found on step  969
  this is also current point
  no. of rejections          275
 stored as    28

 highest radius point found:
  at point   40.469  37.264  45.539
  closest atom surface    4.850   O1  ASB X    1
  2nd closest surface     4.850   C52 ASB X    1
  found on step  824
 current point:
  at point   40.472  37.272  45.539
  closest atom surface    4.850   C52 ASB X    1
  2nd closest surface     4.850   C46 ASB X    1
  found on step  925
  no. of rejections          320
 stored as    29

 highest radius point found:
  at point   40.490  37.171  45.739
  closest atom surface    5.007   C46 ASB X    1
  2nd closest surface     5.008   C52 ASB X    1
  found on step  955
  this is also current point
  no. of rejections          291
 stored as    30

 highest radius point found:
  at point   40.513  37.068  45.939
  closest atom surface    5.166   C46 ASB X    1
  2nd closest surface     5.166   O1  ASB X    1
  found on step  922
  this is also current point
  no. of rejections          292
 stored as    31

 highest radius point found:
  at point   40.526  36.986  46.139
  closest atom surface    5.328   C46 ASB X    1
  2nd closest surface     5.329   C52 ASB X    1
  found on step  319
 current point:
  at point   40.528  36.983  46.139
  closest atom surface    5.327   C46 ASB X    1
  2nd closest surface     5.332   C52 ASB X    1
  found on step 1000
  no. of rejections          291
 stored as    32

 highest radius point found:
  at point   40.542  36.883  46.339
  closest atom surface    5.496   C52 ASB X    1
  2nd closest surface     5.497   O1  ASB X    1
  found on step  980
  this is also current point
  no. of rejections          298
 stored as    33

 highest radius point found:
  at point   40.563  36.782  46.539
  closest atom surface    5.665   O1  ASB X    1
  2nd closest surface     5.666   C46 ASB X    1
  found on step  975
  this is also current point
  no. of rejections          305
 stored as    34

 highest radius point found:
  at point   40.580  36.704  46.739
  closest atom surface    5.831   H2  ASB X    1
  2nd closest surface     5.832   C46 ASB X    1
  found on step  984
  this is also current point
  no. of rejections          300
 stored as    35

 highest radius point found:
  at point   40.595  36.657  46.939
  closest atom surface    5.988   C52 ASB X    1
  2nd closest surface     5.988   H2  ASB X    1
  found on step  787
 current point:
  at point   40.595  36.659  46.939
  closest atom surface    5.987   C52 ASB X    1
  2nd closest surface     5.989   H2  ASB X    1
  found on step  930
  no. of rejections          330
 stored as    36

 highest radius point found:
  at point   40.620  36.608  47.139
  closest atom surface    6.146   C46 ASB X    1
  2nd closest surface     6.148   H2  ASB X    1
  found on step  813
 current point:
  at point   40.620  36.611  47.139
  closest atom surface    6.146   C46 ASB X    1
  2nd closest surface     6.149   C52 ASB X    1
  found on step  968
  no. of rejections          284
 stored as    37

 highest radius point found:
  at point   40.637  36.559  47.339
  closest atom surface    6.309   C46 ASB X    1
  2nd closest surface     6.310   H2  ASB X    1
  found on step   84
 current point:
  at point   40.637  36.559  47.339
  closest atom surface    6.309   C46 ASB X    1
  2nd closest surface     6.310   H2  ASB X    1
  found on step  981
  no. of rejections          322
 stored as    38

 highest radius point found:
  at point   40.658  36.508  47.539
  closest atom surface    6.472   C46 ASB X    1
  2nd closest surface     6.474   H2  ASB X    1
  found on step  990
  this is also current point
  no. of rejections          295
 stored as    39

 highest radius point found:
  at point   40.677  36.455  47.739
  closest atom surface    6.639   C46 ASB X    1
  2nd closest surface     6.639   H2  ASB X    1
  found on step  273
 current point:
  at point   40.674  36.460  47.739
  closest atom surface    6.638   C52 ASB X    1
  2nd closest surface     6.639   C46 ASB X    1
  found on step  919
  no. of rejections          331
 stored as    40

 highest radius point found:
  at point   40.697  36.398  47.939
  closest atom surface    6.804   H2  ASB X    1
  2nd closest surface     6.808   C46 ASB X    1
  found on step  978
  this is also current point
  no. of rejections          240
 stored as    41

 highest radius point found:
  at point   40.715  36.352  48.139
  closest atom surface    6.975   H2  ASB X    1
  2nd closest surface     6.977   C46 ASB X    1
  found on step  982
  this is also current point
  no. of rejections          306
 stored as    42

 highest radius point found:
  at point   40.737  36.300  48.339
  closest atom surface    7.146   H2  ASB X    1
  2nd closest surface     7.146   C46 ASB X    1
  found on step  916
  this is also current point
  no. of rejections          263
 stored as    43

 highest radius point found:
  at point   40.753  36.252  48.539
  closest atom surface    7.319   C46 ASB X    1
  2nd closest surface     7.320   H2  ASB X    1
  found on step  981
  this is also current point
  no. of rejections          302
 stored as    44

 highest radius point found:
  at point   40.772  36.198  48.739
  closest atom surface    7.493   H2  ASB X    1
  2nd closest surface     7.494   C46 ASB X    1
  found on step  979
  this is also current point
  no. of rejections          291
 stored as    45

 highest radius point found:
  at point   40.789  36.148  48.939
  closest atom surface    7.669   H2  ASB X    1
  2nd closest surface     7.670   C46 ASB X    1
  found on step  955
  this is also current point
  no. of rejections          263
 stored as    46

 highest radius point found:
  at point   40.809  36.098  49.139
  closest atom surface    7.846   H2  ASB X    1
  2nd closest surface     7.846   C46 ASB X    1
  found on step  998
  this is also current point
  no. of rejections          245
 stored as    47

 highest radius point found:
  at point   40.828  36.046  49.339
  closest atom surface    8.024   C46 ASB X    1
  2nd closest surface     8.024   H2  ASB X    1
  found on step   19
 current point:
  at point   40.826  36.046  49.339
  closest atom surface    8.024   C52 ASB X    1
  2nd closest surface     8.024   H2  ASB X    1
  found on step  992
  no. of rejections          266
 stored as    48

 highest radius point found:
  at point   40.855  35.987  49.539
  closest atom surface    8.202   C46 ASB X    1
  2nd closest surface     8.203   H2  ASB X    1
  found on step  869
 current point:
  at point   40.842  35.989  49.539
  closest atom surface    8.202   H2  ASB X    1
  2nd closest surface     8.203   C52 ASB X    1
  found on step  909
  no. of rejections          272
 stored as    49

 highest radius point found:
  at point   44.024  33.026  49.739
  closest atom surface    8.913   H2  ASB X    1
  2nd closest surface     9.007   H41 ASB X    1
  found on step  999
  this is also current point
  no. of rejections          190
 stored as    50

 highest radius point found:
  at point   51.555  25.848  49.939
  closest atom surface   15.698   H2  ASB X    1
  2nd closest surface    15.701   C46 ASB X    1
  found on step 1000
  this is also current point
  no. of rejections          214
 stored as    51

 highest radius point found:
  at point   58.194  19.774  50.139
  closest atom surface   23.560   C46 ASB X    1
  2nd closest surface    23.565   C1  ASB X    1
  found on step 1000
  this is also current point
  no. of rejections          245
 This is an end! (radius above  22.0 angs)
 highest radius point found:
  at point   39.403  39.810  39.539
  closest atom surface    1.933   O2  ASB X    1
  2nd closest surface     1.933   O3  ASB X    1
  found on step  995
  this is also current point
  no. of rejections          383
 stored as    -1

 highest radius point found:
  at point   39.511  39.994  39.339
  closest atom surface    1.917   O5  ASB X    1
  2nd closest surface     1.919   O3  ASB X    1
  found on step  825
 current point:
  at point   39.456  39.903  39.339
  closest atom surface    1.915   O5  ASB X    1
  2nd closest surface     1.917   C49 ASB X    1
  found on step  964
  no. of rejections          380
 stored as    -2

 highest radius point found:
  at point   39.608  40.163  39.139
  closest atom surface    1.921   C49 ASB X    1
  2nd closest surface     1.926   O5  ASB X    1
  found on step  507
 current point:
  at point   39.338  39.707  39.139
  closest atom surface    1.908   O5  ASB X    1
  2nd closest surface     1.910   C49 ASB X    1
  found on step  978
  no. of rejections          381
 stored as    -3

 highest radius point found:
  at point   39.740  40.377  38.939
  closest atom surface    1.957   O5  ASB X    1
  2nd closest surface     1.959   C49 ASB X    1
  found on step  961
  this is also current point
  no. of rejections          357
 stored as    -4

 highest radius point found:
  at point   39.920  40.630  38.739
  closest atom surface    2.011   O3  ASB X    1
  2nd closest surface     2.012   O5  ASB X    1
  found on step  808
 current point:
  at point   39.907  40.617  38.739
  closest atom surface    2.011   O5  ASB X    1
  2nd closest surface     2.013   O3  ASB X    1
  found on step  988
  no. of rejections          401
 stored as    -5

 highest radius point found:
  at point   39.913  40.633  38.539
  closest atom surface    2.041   O5  ASB X    1
  2nd closest surface     2.042   H49 ASB X    1
  found on step  105
 current point:
  at point   39.920  40.645  38.539
  closest atom surface    2.041   C43 ASB X    1
  2nd closest surface     2.043   H49 ASB X    1
  found on step  943
  no. of rejections          398
 stored as    -6

 highest radius point found:
  at point   39.863  40.576  38.339
  closest atom surface    2.069   H49 ASB X    1
  2nd closest surface     2.070   O5  ASB X    1
  found on step  953
  this is also current point
  no. of rejections          369
 stored as    -7

 highest radius point found:
  at point   39.831  40.525  38.139
  closest atom surface    2.098   C43 ASB X    1
  2nd closest surface     2.099   C49 ASB X    1
  found on step  729
 current point:
  at point   39.829  40.523  38.139
  closest atom surface    2.097   C49 ASB X    1
  2nd closest surface     2.100   C43 ASB X    1
  found on step  992
  no. of rejections          403
 stored as    -8

 highest radius point found:
  at point   39.794  40.463  37.939
  closest atom surface    2.136   C43 ASB X    1
  2nd closest surface     2.137   C49 ASB X    1
  found on step  978
  this is also current point
  no. of rejections          388
 stored as    -9

 highest radius point found:
  at point   39.751  40.385  37.739
  closest atom surface    2.185   C49 ASB X    1
  2nd closest surface     2.186   O5  ASB X    1
  found on step  619
 current point:
  at point   39.517  39.996  37.739
  closest atom surface    2.139   O5  ASB X    1
  2nd closest surface     2.139   C49 ASB X    1
  found on step  989
  no. of rejections          405
 stored as   -10

 highest radius point found:
  at point   39.719  40.333  37.539
  closest atom surface    2.246   C49 ASB X    1
  2nd closest surface     2.246   C43 ASB X    1
  found on step  179
 current point:
  at point   39.722  40.340  37.539
  closest atom surface    2.243   C43 ASB X    1
  2nd closest surface     2.245   C49 ASB X    1
  found on step  935
  no. of rejections          405
 stored as   -11

 highest radius point found:
  at point   39.678  40.256  37.339
  closest atom surface    2.316   C49 ASB X    1
  2nd closest surface     2.317   O5  ASB X    1
  found on step  983
  this is also current point
  no. of rejections          402
 stored as   -12

 highest radius point found:
  at point   39.663  40.325  37.139
  closest atom surface    2.366   C49 ASB X    1
  2nd closest surface     2.367   C43 ASB X    1
  found on step  444
 current point:
  at point   39.662  40.326  37.139
  closest atom surface    2.366   C49 ASB X    1
  2nd closest surface     2.368   C43 ASB X    1
  found on step  911
  no. of rejections          404
 stored as   -13

 highest radius point found:
  at point   39.650  40.421  36.939
  closest atom surface    2.419   C49 ASB X    1
  2nd closest surface     2.420   C43 ASB X    1
  found on step  899
  this is also current point
  no. of rejections          395
 stored as   -14

 highest radius point found:
  at point   39.638  40.523  36.739
  closest atom surface    2.481   C43 ASB X    1
  2nd closest surface     2.482   C49 ASB X    1
  found on step  999
  this is also current point
  no. of rejections          379
 stored as   -15

 highest radius point found:
  at point   39.870  42.291  36.539
  closest atom surface    2.631   C49 ASB X    1
  2nd closest surface     2.633   C26 ASB X    1
  found on step  846
 current point:
  at point   39.874  42.290  36.539
  closest atom surface    2.630   C43 ASB X    1
  2nd closest surface     2.632   C26 ASB X    1
  found on step  989
  no. of rejections          368
 stored as   -16

 highest radius point found:
  at point   39.847  42.300  36.339
  closest atom surface    2.726   C43 ASB X    1
  2nd closest surface     2.729   C49 ASB X    1
  found on step  966
  this is also current point
  no. of rejections          360
 stored as   -17

 highest radius point found:
  at point   39.822  42.330  36.139
  closest atom surface    2.833   C26 ASB X    1
  2nd closest surface     2.834   C49 ASB X    1
  found on step  604
 current point:
  at point   39.820  42.329  36.139
  closest atom surface    2.832   C49 ASB X    1
  2nd closest surface     2.833   C26 ASB X    1
  found on step  974
  no. of rejections          389
 stored as   -18

 highest radius point found:
  at point   39.796  42.347  35.939
  closest atom surface    2.944   C49 ASB X    1
  2nd closest surface     2.944   C26 ASB X    1
  found on step  978
  this is also current point
  no. of rejections          393
 stored as   -19

 highest radius point found:
  at point   39.773  42.361  35.739
  closest atom surface    3.060   C43 ASB X    1
  2nd closest surface     3.061   C49 ASB X    1
  found on step  899
  this is also current point
  no. of rejections          357
 stored as   -20

 highest radius point found:
  at point   39.749  42.381  35.539
  closest atom surface    3.182   C43 ASB X    1
  2nd closest surface     3.183   C26 ASB X    1
  found on step  959
  this is also current point
  no. of rejections          351
 stored as   -21

 highest radius point found:
  at point   39.722  42.395  35.339
  closest atom surface    3.309   C43 ASB X    1
  2nd closest surface     3.309   C49 ASB X    1
  found on step  959
  this is also current point
  no. of rejections          353
 stored as   -22

 highest radius point found:
  at point   39.688  42.431  35.139
  closest atom surface    3.436   C26 ASB X    1
  2nd closest surface     3.436   C49 ASB X    1
  found on step  905
  this is also current point
  no. of rejections          329
 stored as   -23

 highest radius point found:
  at point   39.652  42.460  34.939
  closest atom surface    3.567   C49 ASB X    1
  2nd closest surface     3.568   H38 ASB X    1
  found on step  953
  this is also current point
  no. of rejections          311
 stored as   -24

 highest radius point found:
  at point   39.616  42.493  34.739
  closest atom surface    3.702   C49 ASB X    1
  2nd closest surface     3.703   C26 ASB X    1
  found on step  614
 current point:
  at point   39.614  42.493  34.739
  closest atom surface    3.701   C49 ASB X    1
  2nd closest surface     3.704   C26 ASB X    1
  found on step  882
  no. of rejections          335
 stored as   -25

 highest radius point found:
  at point   39.577  42.527  34.539
  closest atom surface    3.840   C49 ASB X    1
  2nd closest surface     3.842   C26 ASB X    1
  found on step  462
 current point:
  at point   39.580  42.516  34.539
  closest atom surface    3.840   C49 ASB X    1
  2nd closest surface     3.841   H38 ASB X    1
  found on step  930
  no. of rejections          352
 stored as   -26

 highest radius point found:
  at point   39.546  42.555  34.339
  closest atom surface    3.986   C49 ASB X    1
  2nd closest surface     3.986   C26 ASB X    1
  found on step  933
  this is also current point
  no. of rejections          325
 stored as   -27

 highest radius point found:
  at point   39.509  42.588  34.139
  closest atom surface    4.133   C26 ASB X    1
  2nd closest surface     4.133   C49 ASB X    1
  found on step  974
  this is also current point
  no. of rejections          318
 stored as   -28

 highest radius point found:
  at point   39.477  42.615  33.939
  closest atom surface    4.285   C26 ASB X    1
  2nd closest surface     4.285   C49 ASB X    1
  found on step  784
 current point:
  at point   39.478  42.616  33.939
  closest atom surface    4.285   C26 ASB X    1
  2nd closest surface     4.285   H38 ASB X    1
  found on step  929
  no. of rejections          298
 stored as   -29

 highest radius point found:
  at point   39.396  42.704  33.739
  closest atom surface    4.421   C6  ASB X    1
  2nd closest surface     4.422   C26 ASB X    1
  found on step   18
 current point:
  at point   39.408  42.700  33.739
  closest atom surface    4.420   C6  ASB X    1
  2nd closest surface     4.421   C26 ASB X    1
  found on step  894
  no. of rejections          314
 stored as   -30

 highest radius point found:
  at point   39.264  42.851  33.539
  closest atom surface    4.552   C49 ASB X    1
  2nd closest surface     4.552   C26 ASB X    1
  found on step  973
  this is also current point
  no. of rejections          336
 stored as   -31

 highest radius point found:
  at point   39.135  42.996  33.339
  closest atom surface    4.692   C49 ASB X    1
  2nd closest surface     4.692   C6  ASB X    1
  found on step  996
  this is also current point
  no. of rejections          317
 stored as   -32

 highest radius point found:
  at point   39.010  43.139  33.139
  closest atom surface    4.839   C6  ASB X    1
  2nd closest surface     4.840   C26 ASB X    1
  found on step  980
  this is also current point
  no. of rejections          295
 stored as   -33

 highest radius point found:
  at point   38.875  43.294  32.939
  closest atom surface    4.994   C26 ASB X    1
  2nd closest surface     4.998   C49 ASB X    1
  found on step  200
 current point:
  at point   38.522  43.719  32.939
  closest atom surface    4.976   C26 ASB X    1
  2nd closest surface     4.976   C49 ASB X    1
  found on step  971
  no. of rejections          301
 stored as   -34

 highest radius point found:
  at point   37.410  45.068  32.739
  closest atom surface    5.373   C26 ASB X    1
  2nd closest surface     5.376   C49 ASB X    1
  found on step  991
  this is also current point
  no. of rejections          252
 stored as   -35

 highest radius point found:
  at point   34.353  51.076  32.539
  closest atom surface    8.790   C18 ASB X    1
  2nd closest surface     8.798   C26 ASB X    1
  found on step 1000
  this is also current point
  no. of rejections          235
 stored as   -36

 highest radius point found:
  at point   32.259  58.806  32.339
  closest atom surface   14.941   C18 ASB X    1
  2nd closest surface    15.020   H22 ASB X    1
  found on step  998
  this is also current point
  no. of rejections          245
 stored as   -37

 highest radius point found:
  at point   30.037  68.140  32.139
  closest atom surface   23.718   H22 ASB X    1
  2nd closest surface    23.720   C18 ASB X    1
  found on step  999
  this is also current point
  no. of rejections          234
 This is an end! (radius above  22.0 angs)
 
 N.b. Graph information routine (HOGRAP) differs 
        markedly from previous versions!
       Information now is written from -ve end
       to +ve in one pass
 
 Explanation of the meaning of each column: 
 First column "cenxyz.cvec" is the coordinate in the
   direction of the channel vector i.e. if the channel
   vector is in z (0 0 1) then it is the z coordinate.
 The second column "radius" is the hole pore radius 
   (as defined in the Biophys J 1993) article).
 The third column "cen_line_D" is the distance 
   measured along the pore centre line - with the 
   first point found set to zero. This was the first
   thing that I used to measure the distance along a pore
   but "cenxyz.cvec" is a much better general measure. 
   However, by comparing changes in this distance to changes in '   "cenxyz.cvec" one can get a measure of how straight a 
   channel is.
 The fourth column "sum{s/(area)}" is useful in conductance
   prediction -
   basically it is the sum of the thickness of each slab
   divided by its area. HOLE uses this measure to estimate
   the macroscopic conductance of a channel.
 If any of this worries you one can see the "raw" results
   of a standard hole run by producing a sphpdb file and 
    directly looking at the results.
 cenxyz.cvec      radius  cen_line_D sum{s/(area point sourc
    32.33911    14.94096   -27.60386     0.00014   (sampled)
    32.43911    11.62334   -23.59867     0.00038 (mid-point)
    32.53911     8.78995   -19.59348     0.00079   (sampled)
    32.63911     6.59994   -16.22122     0.00152 (mid-point)
    32.73911     5.37293   -12.84896     0.00262   (sampled)
    32.83911     5.09077   -11.69399     0.00385 (mid-point)
    32.93911     4.99441   -10.53901     0.00513   (sampled)
    33.03911     4.91610   -10.39595     0.00644 (mid-point)
    33.13911     4.83942   -10.25289     0.00780   (sampled)
    33.23911     4.76464   -10.11489     0.00921 (mid-point)
    33.33911     4.69173    -9.97690     0.01065   (sampled)
    33.43911     4.62090    -9.83771     0.01214 (mid-point)
    33.53911     4.55230    -9.69852     0.01368   (sampled)
    33.63911     4.48569    -9.55778     0.01526 (mid-point)
    33.73911     4.42104    -9.41704     0.01689   (sampled)
    33.83911     4.35274    -9.30032     0.01857 (mid-point)
    33.93911     4.28481    -9.18359     0.02030   (sampled)
    34.03911     4.20853    -9.08141     0.02210 (mid-point)
    34.13911     4.13303    -8.97924     0.02396   (sampled)
    34.23911     4.05929    -8.87622     0.02590 (mid-point)
    34.33911     3.98637    -8.77320     0.02790   (sampled)
    34.43911     3.91299    -8.67099     0.02998 (mid-point)
    34.53911     3.84050    -8.56878     0.03214   (sampled)
    34.63911     3.77087    -8.46559     0.03437 (mid-point)
    34.73911     3.70229    -8.36239     0.03670   (sampled)
    34.83911     3.63396    -8.25942     0.03911 (mid-point)
    34.93911     3.56672    -8.15644     0.04161   (sampled)
    35.03911     3.50081    -8.05388     0.04421 (mid-point)
    35.13911     3.43599    -7.95133     0.04690   (sampled)
    35.23911     3.37181    -7.84822     0.04970 (mid-point)
    35.33911     3.30876    -7.74512     0.05261   (sampled)
    35.43911     3.24456    -7.64398     0.05563 (mid-point)
    35.53911     3.18158    -7.54283     0.05878   (sampled)
    35.63911     3.12009    -7.44163     0.06205 (mid-point)
    35.73911     3.05992    -7.34042     0.06545   (sampled)
    35.83911     3.00154    -7.23947     0.06898 (mid-point)
    35.93911     2.94381    -7.13853     0.07265   (sampled)
    36.03911     2.88762    -7.03738     0.07647 (mid-point)
    36.13911     2.83254    -6.93623     0.08044   (sampled)
    36.23911     2.77995    -6.83433     0.08456 (mid-point)
    36.33911     2.72618    -6.73244     0.08884   (sampled)
    36.43911     2.67876    -6.63169     0.09328 (mid-point)
    36.53911     2.63050    -6.53094     0.09788   (sampled)
    36.63911     2.46441    -5.63372     0.10312 (mid-point)
    36.73911     2.48123    -4.73650     0.10829   (sampled)
    36.83911     2.44880    -4.62417     0.11360 (mid-point)
    36.93911     2.41864    -4.51185     0.11904   (sampled)
    37.03911     2.39101    -4.40069     0.12461 (mid-point)
    37.13911     2.36613    -4.28954     0.13029   (sampled)
    37.23911     2.33997    -4.18348     0.13610 (mid-point)
    37.33911     2.31634    -4.07743     0.14204   (sampled)
    37.43911     2.27966    -3.96833     0.14816 (mid-point)
    37.53911     2.24555    -3.85924     0.15447   (sampled)
    37.63911     2.21389    -3.75476     0.16097 (mid-point)
    37.73911     2.18467    -3.65028     0.16764   (sampled)
    37.83911     2.15917    -3.54077     0.17447 (mid-point)
    37.93911     2.13624    -3.43126     0.18144   (sampled)
    38.03911     2.11559    -3.32482     0.18855 (mid-point)
    38.13911     2.09770    -3.21838     0.19579   (sampled)
    38.23911     2.08324    -3.11400     0.20312 (mid-point)
    38.33911     2.06899    -3.00963     0.21056   (sampled)
    38.43911     2.05351    -2.90271     0.21811 (mid-point)
    38.53911     2.04126    -2.79579     0.22574   (sampled)
    38.63911     2.02521    -2.69572     0.23351 (mid-point)
    38.73911     2.01142    -2.59565     0.24137   (sampled)
    38.83911     1.97998    -2.41112     0.24949 (mid-point)
    38.93911     1.95730    -2.22659     0.25780   (sampled)
    39.03911     1.93655    -2.06578     0.26629 (mid-point)
    39.13911     1.92125    -1.90497     0.27491   (sampled)
    39.23911     1.91853    -1.76542     0.28356 (mid-point)
    39.33911     1.91741    -1.62587     0.29222   (sampled)
    39.43911     1.92248    -1.47941     0.30083 (mid-point)
    39.53911     1.93274    -1.33295     0.30935   (sampled)
    39.63911     1.78384    -0.66648     0.31936 (mid-point)
    39.73911     1.75982    -0.00000     0.32963   (sampled)
    39.83911     1.76063     0.66947     0.33990 (mid-point)
    39.93911     1.88262     1.33893     0.34888   (sampled)
    40.03911     1.88312     1.44491     0.35786 (mid-point)
    40.13911     1.88681     1.55088     0.36680   (sampled)
    40.23911     1.89066     1.65564     0.37571 (mid-point)
    40.33911     1.89672     1.76040     0.38455   (sampled)
    40.43911     1.90772     1.86509     0.39330 (mid-point)
    40.53911     1.92053     1.96978     0.40193   (sampled)
    40.63911     1.93604     2.07470     0.41042 (mid-point)
    40.73911     1.95454     2.17962     0.41875   (sampled)
    40.83911     1.97641     2.28447     0.42690 (mid-point)
    40.93911     2.00101     2.38932     0.43485   (sampled)
    41.03911     2.02864     2.49436     0.44259 (mid-point)
    41.13911     2.05818     2.59939     0.45010   (sampled)
    41.23911     2.09147     2.70410     0.45738 (mid-point)
    41.33911     2.12667     2.80881     0.46442   (sampled)
    41.43911     2.16487     2.91376     0.47121 (mid-point)
    41.53911     2.20554     3.01872     0.47775   (sampled)
    41.63911     2.24785     3.12381     0.48405 (mid-point)
    41.73911     2.29225     3.22890     0.49011   (sampled)
    41.83911     2.34017     3.33360     0.49592 (mid-point)
    41.93911     2.39023     3.43829     0.50149   (sampled)
    42.03911     2.44114     3.54392     0.50683 (mid-point)
    42.13911     2.49407     3.64955     0.51195   (sampled)
    42.23911     2.54956     3.75411     0.51685 (mid-point)
    42.33911     2.60691     3.85866     0.52153   (sampled)
    42.43911     2.66482     3.96356     0.52602 (mid-point)
    42.53911     2.72334     4.06846     0.53031   (sampled)
    42.63911     2.78051     4.17661     0.53442 (mid-point)
    42.73911     2.83846     4.28475     0.53838   (sampled)
    42.83911     2.89768     4.39432     0.54217 (mid-point)
    42.93911     2.95851     4.50389     0.54580   (sampled)
    43.03911     3.01574     4.63685     0.54930 (mid-point)
    43.13911     3.07651     4.76981     0.55267   (sampled)
    43.23911     3.14092     4.90045     0.55589 (mid-point)
    43.33911     3.20786     5.03109     0.55899   (sampled)
    43.43911     3.27736     5.18878     0.56195 (mid-point)
    43.53911     3.35086     5.34646     0.56478   (sampled)
    43.63911     3.42555     5.46273     0.56750 (mid-point)
    43.73911     3.50178     5.57900     0.57009   (sampled)
    43.83911     3.57908     5.70240     0.57258 (mid-point)
    43.93911     3.65812     5.82581     0.57496   (sampled)
    44.03911     3.73289     6.08385     0.57724 (mid-point)
    44.13911     3.81882     6.34188     0.57942   (sampled)
    44.23911     3.89117     6.44629     0.58153 (mid-point)
    44.33911     3.96361     6.55070     0.58355   (sampled)
    44.43911     4.03167     6.65576     0.58551 (mid-point)
    44.53911     4.10084     6.76082     0.58740   (sampled)
    44.63911     4.17418     6.86388     0.58923 (mid-point)
    44.73911     4.24841     6.96694     0.59099   (sampled)
    44.83911     4.32375     7.07270     0.59270 (mid-point)
    44.93911     4.39906     7.17847     0.59434   (sampled)
    45.03911     4.47441     7.28348     0.59593 (mid-point)
    45.13911     4.55062     7.38850     0.59747   (sampled)
    45.23911     4.62444     7.49840     0.59896 (mid-point)
    45.33911     4.69878     7.60830     0.60040   (sampled)
    45.43911     4.77413     7.72021     0.60179 (mid-point)
    45.53911     4.85044     7.83212     0.60315   (sampled)
    45.63911     4.92858     7.94280     0.60446 (mid-point)
    45.73911     5.00737     8.05347     0.60573   (sampled)
    45.83911     5.08631     8.16674     0.60696 (mid-point)
    45.93911     5.16619     8.28001     0.60815   (sampled)
    46.03911     5.24652     8.38820     0.60931 (mid-point)
    46.13911     5.32758     8.49638     0.61043   (sampled)
    46.23911     5.41192     8.60909     0.61151 (mid-point)
    46.33911     5.49642     8.72179     0.61257   (sampled)
    46.43911     5.58043     8.83448     0.61359 (mid-point)
    46.53911     5.66507     8.94718     0.61458   (sampled)
    46.63911     5.74863     9.05476     0.61555 (mid-point)
    46.73911     5.83093     9.16233     0.61648   (sampled)
    46.83911     5.90927     9.26540     0.61739 (mid-point)
    46.93911     5.98805     9.36846     0.61828   (sampled)
    47.03911     6.06804     9.47215     0.61915 (mid-point)
    47.13911     6.14637     9.57585     0.61999   (sampled)
    47.23911     6.22732     9.67914     0.62081 (mid-point)
    47.33911     6.30878     9.78243     0.62161   (sampled)
    47.43911     6.39029     9.88616     0.62239 (mid-point)
    47.53911     6.47228     9.98988     0.62315   (sampled)
    47.63911     6.55517    10.09375     0.62389 (mid-point)
    47.73911     6.63852    10.19762     0.62461   (sampled)
    47.83911     6.72100    10.30200     0.62532 (mid-point)
    47.93911     6.80397    10.40639     0.62600   (sampled)
    48.03911     6.88928    10.50942     0.62667 (mid-point)
    48.13911     6.97501    10.61246     0.62733   (sampled)
    48.23911     7.06033    10.71640     0.62797 (mid-point)
    48.33911     7.14609    10.82034     0.62859   (sampled)
    48.43911     7.23252    10.92347     0.62920 (mid-point)
    48.53911     7.31900    11.02661     0.62979   (sampled)
    48.63911     7.40615    11.13064     0.63037 (mid-point)
    48.73911     7.49301    11.23467     0.63094   (sampled)
    48.83911     7.58070    11.33815     0.63149 (mid-point)
    48.93911     7.66874    11.44163     0.63204   (sampled)
    49.03911     7.75729    11.54518     0.63256 (mid-point)
    49.13911     7.84617    11.64873     0.63308   (sampled)
    49.23911     7.93504    11.75248     0.63359 (mid-point)
    49.33911     8.02415    11.85622     0.63408   (sampled)
    49.43911     8.11300    11.96131     0.63456 (mid-point)
    49.53911     8.20217    12.06640     0.63504   (sampled)
    49.63911     8.31516    14.23725     0.63550 (mid-point)
    49.73911     8.91349    16.40811     0.63590   (sampled)
    49.83911    11.70757    21.61096     0.63613 (mid-point)
    49.93911    15.69810    26.81381     0.63626   (sampled)

 Minimum radius found:      1.760 angstroms.



 For spherical probe approach, The geometric factor
         F= sum(ds/area) along channel is    0.636 angstroms**-1
 This yields a macroscopic predicted molar conductance of:
   (1/rho)*(100/F)= (160/rho) pS,
   where rho is the conductivity of 1M permeant ion in ohm m.
 N.B. this is a macroscopic conductance - an overestimate 
 Empirically corrected conductances currently only available
 With the CAPSULE option (although its not that stable!)
 For 1M KCl rho= 1/12 (ohm m), So Gmacro= 1900 pS/M.
  (TAG      1   Rmin=     1.75982   Gmacro=  1886.01983 Conn_Gmacro=    -1.00000 ).
 HOLE: normal completion
