 *** Program HOLE ***
 
 If results of this run are reported or published, please
 cite the publication listed below.
 For the HOLE program:
   Smart, O.S., Goodfellow, J.M., Wallace, B.A. (1993). 
   The pore dimensions of gramicidin A. 
   Biophys. J., 65, 2455-2460.
 
 Originally written by Oliver Smart at Birkbeck College from April 1992.
 Copyright 1993-2005 Oliver Smart
 Copyright 2014-2015 SmartSci Limited.
 Copyright 2016 Oliver Smart.
 
 For help on HOLE suite see  http://www.holeprogram.org/
 
 HOLE release 2.2.005 (07 August 2016) 
 
 usage subject to Apache License, Version 2.0 
 see http://www.apache.org/licenses/LICENSE-2.0 

 Control variables read:

! Input file for Oliver Smart's HOLE program
! written by MDAnalysis.analysis.hole2.HoleAnalysis
! for a Universe
! u = mda.Universe(/afs/crc.nd.edu/user/m/mfarshad/Private/ML-new/traj/host-dcbz
!    /afs/crc.nd.edu/user/m/mfarshad/Private/ML-new/traj/host-dcbzdb2/host_dcbzd
!   )
! Frame 477

COORD  /tmp/2550294.1.long/tmpobeavfwj.pdb
RADIUS simple2.rad
SPHPDB hole477.sph
SAMPLE 0.200000
ENDRAD 22.000000
IGNORE SOL WAT TIP HOH K   NA  CL
SHORTO 0
RASEED 31415
CPOINT 34.1926914046 34.8412611998 35.2419117795


 WARNING have not found a CVECT record - will try to guess
 Input pdb filename read as:    '/tmp/2550294.1.long/tmpobeavfwj.pdb'
 Input vdW radius file read as: 'simple2.rad'
 point in channel:   34.193  34.841  35.242
 channel vector:   ************************
 sampling distance between planes:    0.200

 graphics conditions:
 binary plot output file name: NONE
 Dot density:    10
 Draw dots?           T
 Draw close contacts? F
 Draw centre line?    T
 Produce spikes rather than dots? F
 Seed for random number generator:     31415 (0 means value set by program)
 Radius above which a result is regarded as an 'end':  22.000
 Pdb format file for sphere centres: hole477.sph

 Monte Carlo conditions:
  no of steps:  1000
  maximum displacement   0.100 angs
  'kT' initial   0.100 angs
 The spherebox and capsule options are turned off.
 (No molqpt card so will not write qpt file of the molecule)
 IGNORE card read so will ignore residue types: SOL WAT TIP HOH K   NA  CL
 no SHORTO card read so will produce full textual output
 As no PEGRAT card was found will not produce PEG polymer exclusion graph
 (No 2DMAPS card specified so will not produce 2D property maps)
 Have not found a CUT card.  Normal calculation using
   Cutoff lists with a cutsize=       1.000
   (if you wish to turn off option use a CUT -1 card)

 Have read     7 bond radius records and
              16 vdW radius records.
 From file: simple2.rad

 Have read   158 atom records.
 From file: /tmp/2550294.1.long/tmpobeavfwj.pdb
 Will not produce graphical output

 Have opened file for pdb format output of sphere centres:  hole477.sph

  Seed integer used by ran # generator on this run      31415

 
 S/R cguess will try to guess CPOINT and/or CVECT
 
 THESE GUESSES MAY WELL BE WRONG!!!!
 Routine relies on having a reasonably symmetric
 channel oriented along x, y or z vector
 YOU ARE STRONGLY ADVISED TO CHECK THE RESULTS
                       WITH MOLECULAR GRAPHICS
 testing points from cpoint in X, Y then Z direction
   point                   pore radius
direction     1
  29.193  34.841  35.242    -1.549
  30.193  34.841  35.242    -1.004
  31.193  34.841  35.242    -0.022
  32.193  34.841  35.242     0.626
  33.193  34.841  35.242     1.045
  34.193  34.841  35.242     1.310
  35.193  34.841  35.242     1.403
  36.193  34.841  35.242     1.211
  37.193  34.841  35.242     0.557
  38.193  34.841  35.242    -0.370
  39.193  34.841  35.242    -1.106
 Average pore radius along the line=      0.191
direction     2
  34.193  29.841  35.242    -0.488
  34.193  30.841  35.242    -0.966
  34.193  31.841  35.242    -1.509
  34.193  32.841  35.242    -0.646
  34.193  33.841  35.242     0.337
  34.193  34.841  35.242     1.310
  34.193  35.841  35.242     1.869
  34.193  36.841  35.242     1.020
  34.193  37.841  35.242     0.304
  34.193  38.841  35.242    -0.105
  34.193  39.841  35.242    -0.136
 Average pore radius along the line=      0.090
direction     3
  34.193  34.841  30.242     2.198
  34.193  34.841  31.242     1.735
  34.193  34.841  32.242     1.504
  34.193  34.841  33.242     1.551
  34.193  34.841  34.242     1.466
  34.193  34.841  35.242     1.310
  34.193  34.841  36.242     1.448
  34.193  34.841  37.242     1.372
  34.193  34.841  38.242     1.560
  34.193  34.841  39.242     1.322
  34.193  34.841  40.242     0.699
 Average pore radius along the line=      1.469
 Best direction is found to be     3
(1=X,2=Y,3=Z)
 s/r cguess has produced initial values for cpoint &/or cvect:
CPOINT      34.1927     34.8413     35.2419
CVECT        0.0000      0.0000      1.0000
 THESE GUESSES MAY WELL BE WRONG!!!!
 Routine relies on having a reasonably symmetric
 channel oriented along x, y or z vector
 YOU ARE STRONGLY ADVISED TO CHECK THE RESULTS
                       WITH MOLECULAR GRAPHICS
 
 
  Some routines (e.g. conn) need vectors normal to cvect: 
     EAST Zero degrees angle is along vector    1.000   0.000   0.000
     NORTH  90 degrees angle is along vector    0.000  -1.000   0.000
 highest radius point found:
  at point   35.021  35.815  35.242
  closest atom surface    2.329   S4  DCB X    1
  2nd closest surface     2.331   C22 DCB X    1
  found on step  820
 current point:
  at point   35.024  35.823  35.242
  closest atom surface    2.327   C46 DCB X    1
  2nd closest surface     2.329   S4  DCB X    1
  found on step  992
  no. of rejections          405
 stored as     0

 highest radius point found:
  at point   34.941  35.791  35.442
  closest atom surface    2.292   C46 DCB X    1
  2nd closest surface     2.295   S4  DCB X    1
  found on step  775
 current point:
  at point   34.942  35.792  35.442
  closest atom surface    2.292   C46 DCB X    1
  2nd closest surface     2.294   S4  DCB X    1
  found on step  951
  no. of rejections          388
 stored as     1

 highest radius point found:
  at point   34.857  35.761  35.642
  closest atom surface    2.265   C22 DCB X    1
  2nd closest surface     2.267   C46 DCB X    1
  found on step  522
 current point:
  at point   34.870  35.766  35.642
  closest atom surface    2.263   S4  DCB X    1
  2nd closest surface     2.270   C46 DCB X    1
  found on step  982
  no. of rejections          381
 stored as     2

 highest radius point found:
  at point   34.783  35.738  35.842
  closest atom surface    2.253   C46 DCB X    1
  2nd closest surface     2.255   C22 DCB X    1
  found on step  944
  this is also current point
  no. of rejections          377
 stored as     3

 highest radius point found:
  at point   34.706  35.714  36.042
  closest atom surface    2.249   C46 DCB X    1
  2nd closest surface     2.250   S4  DCB X    1
  found on step  922
  this is also current point
  no. of rejections          390
 stored as     4

 highest radius point found:
  at point   34.659  35.728  36.242
  closest atom surface    2.240   S4  DCB X    1
  2nd closest surface     2.240   C46 DCB X    1
  found on step  986
  this is also current point
  no. of rejections          408
 stored as     5

 highest radius point found:
  at point   34.647  35.789  36.442
  closest atom surface    2.218   O18 DCB X    1
  2nd closest surface     2.219   S4  DCB X    1
  found on step  867
 current point:
  at point   34.646  35.788  36.442
  closest atom surface    2.218   O18 DCB X    1
  2nd closest surface     2.219   S4  DCB X    1
  found on step 1000
  no. of rejections          379
 stored as     6

 highest radius point found:
  at point   34.642  35.862  36.642
  closest atom surface    2.206   S4  DCB X    1
  2nd closest surface     2.207   C46 DCB X    1
  found on step  993
  this is also current point
  no. of rejections          393
 stored as     7

 highest radius point found:
  at point   34.651  35.954  36.842
  closest atom surface    2.195   C46 DCB X    1
  2nd closest surface     2.197   S4  DCB X    1
  found on step  182
 current point:
  at point   34.651  35.950  36.842
  closest atom surface    2.195   S4  DCB X    1
  2nd closest surface     2.198   C38 DCB X    1
  found on step  958
  no. of rejections          390
 stored as     8

 highest radius point found:
  at point   34.656  36.041  37.042
  closest atom surface    2.198   C38 DCB X    1
  2nd closest surface     2.199   C46 DCB X    1
  found on step  905
  this is also current point
  no. of rejections          380
 stored as     9

 highest radius point found:
  at point   34.665  36.132  37.242
  closest atom surface    2.212   C46 DCB X    1
  2nd closest surface     2.213   C38 DCB X    1
  found on step  963
  this is also current point
  no. of rejections          422
 stored as    10

 highest radius point found:
  at point   34.672  36.220  37.442
  closest atom surface    2.238   C38 DCB X    1
  2nd closest surface     2.239   C46 DCB X    1
  found on step  775
 current point:
  at point   34.674  36.220  37.442
  closest atom surface    2.237   S4  DCB X    1
  2nd closest surface     2.239   C38 DCB X    1
  found on step  908
  no. of rejections          411
 stored as    11

 highest radius point found:
  at point   34.684  36.318  37.642
  closest atom surface    2.273   C46 DCB X    1
  2nd closest surface     2.274   S4  DCB X    1
  found on step  738
 current point:
  at point   34.685  36.321  37.642
  closest atom surface    2.271   C46 DCB X    1
  2nd closest surface     2.275   S4  DCB X    1
  found on step  972
  no. of rejections          382
 stored as    12

 highest radius point found:
  at point   34.687  36.402  37.842
  closest atom surface    2.323   C46 DCB X    1
  2nd closest surface     2.324   C38 DCB X    1
  found on step  956
  this is also current point
  no. of rejections          380
 stored as    13

 highest radius point found:
  at point   34.693  36.491  38.042
  closest atom surface    2.382   C38 DCB X    1
  2nd closest surface     2.382   C46 DCB X    1
  found on step  705
 current point:
  at point   34.696  36.493  38.042
  closest atom surface    2.381   S4  DCB X    1
  2nd closest surface     2.382   C46 DCB X    1
  found on step  948
  no. of rejections          391
 stored as    14

 highest radius point found:
  at point   34.698  36.569  38.242
  closest atom surface    2.444   C38 DCB X    1
  2nd closest surface     2.444   H15 DCB X    1
  found on step  549
 current point:
  at point   34.697  36.572  38.242
  closest atom surface    2.444   H15 DCB X    1
  2nd closest surface     2.444   C38 DCB X    1
  found on step  995
  no. of rejections          377
 stored as    15

 highest radius point found:
  at point   34.642  36.763  38.442
  closest atom surface    2.445   O22 DCB X    1
  2nd closest surface     2.447   C46 DCB X    1
  found on step 1000
  this is also current point
  no. of rejections          357
 stored as    16

 highest radius point found:
  at point   34.685  36.879  38.642
  closest atom surface    2.374   O22 DCB X    1
  2nd closest surface     2.393   H15 DCB X    1
  found on step  276
 current point:
  at point   34.789  36.635  38.642
  closest atom surface    2.352   O22 DCB X    1
  2nd closest surface     2.353   H15 DCB X    1
  found on step  990
  no. of rejections          387
 stored as    17

 highest radius point found:
  at point   34.703  37.124  38.842
  closest atom surface    2.356   O22 DCB X    1
  2nd closest surface     2.358   O3  DCB X    1
  found on step  811
 current point:
  at point   34.709  37.113  38.842
  closest atom surface    2.354   H15 DCB X    1
  2nd closest surface     2.355   O22 DCB X    1
  found on step  910
  no. of rejections          371
 stored as    18

 highest radius point found:
  at point   34.771  37.220  39.042
  closest atom surface    2.319   H15 DCB X    1
  2nd closest surface     2.320   O22 DCB X    1
  found on step  886
  this is also current point
  no. of rejections          376
 stored as    19

 highest radius point found:
  at point   34.837  37.320  39.242
  closest atom surface    2.296   O3  DCB X    1
  2nd closest surface     2.296   H15 DCB X    1
  found on step  969
  this is also current point
  no. of rejections          392
 stored as    20

 highest radius point found:
  at point   34.905  37.411  39.442
  closest atom surface    2.288   H15 DCB X    1
  2nd closest surface     2.288   O22 DCB X    1
  found on step  969
  this is also current point
  no. of rejections          388
 stored as    21

 highest radius point found:
  at point   34.979  37.509  39.642
  closest atom surface    2.291   H15 DCB X    1
  2nd closest surface     2.296   O3  DCB X    1
  found on step  940
  this is also current point
  no. of rejections          319
 stored as    22

 highest radius point found:
  at point   35.023  37.613  39.842
  closest atom surface    2.301   O3  DCB X    1
  2nd closest surface     2.302   O5  DCB X    1
  found on step  620
 current point:
  at point   35.025  37.616  39.842
  closest atom surface    2.299   O3  DCB X    1
  2nd closest surface     2.299   O5  DCB X    1
  found on step  941
  no. of rejections          367
 stored as    23

 highest radius point found:
  at point   35.009  37.731  40.042
  closest atom surface    2.291   O22 DCB X    1
  2nd closest surface     2.294   O3  DCB X    1
  found on step  946
  this is also current point
  no. of rejections          371
 stored as    24

 highest radius point found:
  at point   34.998  37.855  40.242
  closest atom surface    2.297   O3  DCB X    1
  2nd closest surface     2.297   O22 DCB X    1
  found on step  915
  this is also current point
  no. of rejections          361
 stored as    25

 highest radius point found:
  at point   34.985  37.977  40.442
  closest atom surface    2.314   O3  DCB X    1
  2nd closest surface     2.315   O22 DCB X    1
  found on step  818
 current point:
  at point   34.986  37.972  40.442
  closest atom surface    2.313   O22 DCB X    1
  2nd closest surface     2.318   O5  DCB X    1
  found on step  939
  no. of rejections          380
 stored as    26

 highest radius point found:
  at point   34.973  38.096  40.642
  closest atom surface    2.345   O22 DCB X    1
  2nd closest surface     2.348   O3  DCB X    1
  found on step  660
 current point:
  at point   34.974  38.101  40.642
  closest atom surface    2.345   O3  DCB X    1
  2nd closest surface     2.349   O22 DCB X    1
  found on step  973
  no. of rejections          387
 stored as    27

 highest radius point found:
  at point   34.966  38.218  40.842
  closest atom surface    2.392   O5  DCB X    1
  2nd closest surface     2.393   O22 DCB X    1
  found on step  800
 current point:
  at point   34.963  38.224  40.842
  closest atom surface    2.389   O3  DCB X    1
  2nd closest surface     2.395   O5  DCB X    1
  found on step  994
  no. of rejections          394
 stored as    28

 highest radius point found:
  at point   34.953  38.343  41.042
  closest atom surface    2.450   O3  DCB X    1
  2nd closest surface     2.452   O5  DCB X    1
  found on step  866
  this is also current point
  no. of rejections          406
 stored as    29

 highest radius point found:
  at point   34.940  38.463  41.242
  closest atom surface    2.521   O3  DCB X    1
  2nd closest surface     2.522   O22 DCB X    1
  found on step  997
  this is also current point
  no. of rejections          353
 stored as    30

 highest radius point found:
  at point   34.930  38.587  41.442
  closest atom surface    2.603   O3  DCB X    1
  2nd closest surface     2.605   O5  DCB X    1
  found on step  983
  this is also current point
  no. of rejections          316
 stored as    31

 highest radius point found:
  at point   34.919  38.707  41.642
  closest atom surface    2.697   O3  DCB X    1
  2nd closest surface     2.698   O5  DCB X    1
  found on step  937
  this is also current point
  no. of rejections          324
 stored as    32

 highest radius point found:
  at point   34.908  38.829  41.842
  closest atom surface    2.801   O3  DCB X    1
  2nd closest surface     2.802   O5  DCB X    1
  found on step  963
  this is also current point
  no. of rejections          328
 stored as    33

 highest radius point found:
  at point   34.906  38.931  42.042
  closest atom surface    2.902   O1  DCB X    1
  2nd closest surface     2.903   O5  DCB X    1
  found on step  939
  this is also current point
  no. of rejections          332
 stored as    34

 highest radius point found:
  at point   34.916  39.037  42.242
  closest atom surface    3.002   O1  DCB X    1
  2nd closest surface     3.005   O5  DCB X    1
  found on step  965
  this is also current point
  no. of rejections          341
 stored as    35

 highest radius point found:
  at point   35.002  39.420  42.442
  closest atom surface    3.111   O3  DCB X    1
  2nd closest surface     3.111   O5  DCB X    1
  found on step  546
 current point:
  at point   34.988  39.370  42.442
  closest atom surface    3.110   O1  DCB X    1
  2nd closest surface     3.111   O5  DCB X    1
  found on step  994
  no. of rejections          340
 stored as    36

 highest radius point found:
  at point   35.037  39.631  42.642
  closest atom surface    3.240   O1  DCB X    1
  2nd closest surface     3.240   O3  DCB X    1
  found on step  586
 current point:
  at point   35.028  39.592  42.642
  closest atom surface    3.238   O1  DCB X    1
  2nd closest surface     3.241   O5  DCB X    1
  found on step  997
  no. of rejections          349
 stored as    37

 highest radius point found:
  at point   35.071  39.817  42.842
  closest atom surface    3.382   O1  DCB X    1
  2nd closest surface     3.384   O5  DCB X    1
  found on step  433
 current point:
  at point   35.025  39.639  42.842
  closest atom surface    3.366   O5  DCB X    1
  2nd closest surface     3.367   O1  DCB X    1
  found on step  877
  no. of rejections          329
 stored as    38

 highest radius point found:
  at point   35.130  40.073  43.042
  closest atom surface    3.538   O3  DCB X    1
  2nd closest surface     3.540   O5  DCB X    1
  found on step  992
  this is also current point
  no. of rejections          338
 stored as    39

 highest radius point found:
  at point   35.152  40.254  43.242
  closest atom surface    3.707   O3  DCB X    1
  2nd closest surface     3.708   O1  DCB X    1
  found on step  903
  this is also current point
  no. of rejections          284
 stored as    40

 highest radius point found:
  at point   35.191  40.457  43.442
  closest atom surface    3.882   H11 DCB X    1
  2nd closest surface     3.883   O5  DCB X    1
  found on step  977
  this is also current point
  no. of rejections          328
 stored as    41

 highest radius point found:
  at point   35.666  43.004  43.642
  closest atom surface    4.472   H3  DCB X    1
  2nd closest surface     4.501   H11 DCB X    1
  found on step  998
  this is also current point
  no. of rejections          275
 stored as    42

 highest radius point found:
  at point   35.533  46.226  43.842
  closest atom surface    5.464   S1  DCB X    1
  2nd closest surface     5.554   H3  DCB X    1
  found on step  999
  this is also current point
  no. of rejections          185
 stored as    43

 highest radius point found:
  at point   38.072  57.816  44.042
  closest atom surface   14.402   S1  DCB X    1
  2nd closest surface    14.416   N1  DCB X    1
  found on step 1000
  this is also current point
  no. of rejections          231
 stored as    44

 highest radius point found:
  at point   41.003  68.755  44.242
  closest atom surface   25.083   S1  DCB X    1
  2nd closest surface    25.157   N1  DCB X    1
  found on step  997
  this is also current point
  no. of rejections          248
 This is an end! (radius above  22.0 angs)
 highest radius point found:
  at point   35.115  35.849  35.042
  closest atom surface    2.365   S4  DCB X    1
  2nd closest surface     2.373   C23 DCB X    1
  found on step  982
  this is also current point
  no. of rejections          371
 stored as    -1

 highest radius point found:
  at point   35.224  35.933  34.842
  closest atom surface    2.416   S4  DCB X    1
  2nd closest surface     2.416   C46 DCB X    1
  found on step  983
  this is also current point
  no. of rejections          387
 stored as    -2

 highest radius point found:
  at point   35.340  36.010  34.642
  closest atom surface    2.473   C46 DCB X    1
  2nd closest surface     2.473   S4  DCB X    1
  found on step  961
  this is also current point
  no. of rejections          350
 stored as    -3

 highest radius point found:
  at point   35.462  36.098  34.442
  closest atom surface    2.539   C46 DCB X    1
  2nd closest surface     2.542   S4  DCB X    1
  found on step  241
 current point:
  at point   35.794  36.537  34.442
  closest atom surface    2.493   C46 DCB X    1
  2nd closest surface     2.494   S4  DCB X    1
  found on step  899
  no. of rejections          378
 stored as    -4

 highest radius point found:
  at point   35.575  36.169  34.242
  closest atom surface    2.623   S4  DCB X    1
  2nd closest surface     2.623   C46 DCB X    1
  found on step  968
  this is also current point
  no. of rejections          338
 stored as    -5

 highest radius point found:
  at point   35.623  36.193  34.042
  closest atom surface    2.657   N10 DCB X    1
  2nd closest surface     2.657   C12 DCB X    1
  found on step  905
  this is also current point
  no. of rejections          396
 stored as    -6

 highest radius point found:
  at point   35.653  36.182  33.842
  closest atom surface    2.665   N10 DCB X    1
  2nd closest surface     2.666   C12 DCB X    1
  found on step  933
  this is also current point
  no. of rejections          385
 stored as    -7

 highest radius point found:
  at point   35.683  36.171  33.642
  closest atom surface    2.682   C23 DCB X    1
  2nd closest surface     2.683   C12 DCB X    1
  found on step  978
  this is also current point
  no. of rejections          378
 stored as    -8

 highest radius point found:
  at point   35.720  36.167  33.442
  closest atom surface    2.707   N10 DCB X    1
  2nd closest surface     2.709   C12 DCB X    1
  found on step  931
  this is also current point
  no. of rejections          390
 stored as    -9

 highest radius point found:
  at point   35.747  36.153  33.242
  closest atom surface    2.743   C23 DCB X    1
  2nd closest surface     2.744   N10 DCB X    1
  found on step  839
 current point:
  at point   35.746  36.153  33.242
  closest atom surface    2.743   C23 DCB X    1
  2nd closest surface     2.743   N10 DCB X    1
  found on step  883
  no. of rejections          381
 stored as   -10

 highest radius point found:
  at point   35.721  36.133  33.042
  closest atom surface    2.768   O6  DCB X    1
  2nd closest surface     2.770   C23 DCB X    1
  found on step  975
  this is also current point
  no. of rejections          396
 stored as   -11

 highest radius point found:
  at point   35.687  36.114  32.842
  closest atom surface    2.801   N10 DCB X    1
  2nd closest surface     2.802   O6  DCB X    1
  found on step  678
 current point:
  at point   35.687  36.117  32.842
  closest atom surface    2.798   N10 DCB X    1
  2nd closest surface     2.803   O6  DCB X    1
  found on step  989
  no. of rejections          425
 stored as   -12

 highest radius point found:
  at point   35.651  36.088  32.642
  closest atom surface    2.845   O6  DCB X    1
  2nd closest surface     2.845   C23 DCB X    1
  found on step  916
  this is also current point
  no. of rejections          416
 stored as   -13

 highest radius point found:
  at point   35.616  36.065  32.442
  closest atom surface    2.895   C23 DCB X    1
  2nd closest surface     2.896   N10 DCB X    1
  found on step  931
  this is also current point
  no. of rejections          405
 stored as   -14

 highest radius point found:
  at point   35.624  36.099  32.242
  closest atom surface    2.924   S7  DCB X    1
  2nd closest surface     2.925   N10 DCB X    1
  found on step  829
 current point:
  at point   35.628  36.087  32.242
  closest atom surface    2.923   O6  DCB X    1
  2nd closest surface     2.927   S7  DCB X    1
  found on step  903
  no. of rejections          386
 stored as   -15

 highest radius point found:
  at point   35.642  36.134  32.042
  closest atom surface    2.963   O6  DCB X    1
  2nd closest surface     2.964   S7  DCB X    1
  found on step  724
 current point:
  at point   35.640  36.129  32.042
  closest atom surface    2.962   S7  DCB X    1
  2nd closest surface     2.963   O6  DCB X    1
  found on step  970
  no. of rejections          391
 stored as   -16

 highest radius point found:
  at point   35.657  36.171  31.842
  closest atom surface    3.008   O6  DCB X    1
  2nd closest surface     3.010   S7  DCB X    1
  found on step  345
 current point:
  at point   35.655  36.170  31.842
  closest atom surface    3.007   S7  DCB X    1
  2nd closest surface     3.010   O6  DCB X    1
  found on step  981
  no. of rejections          391
 stored as   -17

 highest radius point found:
  at point   35.671  36.204  31.642
  closest atom surface    3.061   O6  DCB X    1
  2nd closest surface     3.061   S7  DCB X    1
  found on step  997
  this is also current point
  no. of rejections          391
 stored as   -18

 highest radius point found:
  at point   35.686  36.244  31.442
  closest atom surface    3.123   O6  DCB X    1
  2nd closest surface     3.123   S7  DCB X    1
  found on step  978
  this is also current point
  no. of rejections          392
 stored as   -19

 highest radius point found:
  at point   35.702  36.285  31.242
  closest atom surface    3.192   O6  DCB X    1
  2nd closest surface     3.193   S7  DCB X    1
  found on step  860
 current point:
  at point   35.701  36.288  31.242
  closest atom surface    3.192   S7  DCB X    1
  2nd closest surface     3.193   N10 DCB X    1
  found on step  919
  no. of rejections          391
 stored as   -20

 highest radius point found:
  at point   35.678  36.351  31.042
  closest atom surface    3.235   N10 DCB X    1
  2nd closest surface     3.235   C15 DCB X    1
  found on step  996
  this is also current point
  no. of rejections          375
 stored as   -21

 highest radius point found:
  at point   35.645  36.415  30.842
  closest atom surface    3.279   S7  DCB X    1
  2nd closest surface     3.280   C15 DCB X    1
  found on step  794
 current point:
  at point   35.645  36.418  30.842
  closest atom surface    3.278   N10 DCB X    1
  2nd closest surface     3.279   S7  DCB X    1
  found on step  993
  no. of rejections          391
 stored as   -22

 highest radius point found:
  at point   35.616  36.485  30.642
  closest atom surface    3.332   C15 DCB X    1
  2nd closest surface     3.332   N10 DCB X    1
  found on step  967
  this is also current point
  no. of rejections          370
 stored as   -23

 highest radius point found:
  at point   35.590  36.557  30.442
  closest atom surface    3.391   C15 DCB X    1
  2nd closest surface     3.391   N10 DCB X    1
  found on step  775
 current point:
  at point   35.592  36.560  30.442
  closest atom surface    3.390   N10 DCB X    1
  2nd closest surface     3.391   C15 DCB X    1
  found on step  877
  no. of rejections          368
 stored as   -24

 highest radius point found:
  at point   35.550  36.613  30.242
  closest atom surface    3.460   S7  DCB X    1
  2nd closest surface     3.460   C15 DCB X    1
  found on step  988
  this is also current point
  no. of rejections          361
 stored as   -25

 highest radius point found:
  at point   35.521  36.687  30.042
  closest atom surface    3.538   N10 DCB X    1
  2nd closest surface     3.538   C15 DCB X    1
  found on step  998
  this is also current point
  no. of rejections          381
 stored as   -26

 highest radius point found:
  at point   35.488  36.748  29.842
  closest atom surface    3.618   H66 DCB X    1
  2nd closest surface     3.619   C15 DCB X    1
  found on step  933
  this is also current point
  no. of rejections          374
 stored as   -27

 highest radius point found:
  at point   35.455  36.793  29.642
  closest atom surface    3.697   C15 DCB X    1
  2nd closest surface     3.698   H66 DCB X    1
  found on step  934
  this is also current point
  no. of rejections          368
 stored as   -28

 highest radius point found:
  at point   35.415  36.834  29.442
  closest atom surface    3.784   H26 DCB X    1
  2nd closest surface     3.785   C15 DCB X    1
  found on step  870
 current point:
  at point   35.416  36.837  29.442
  closest atom surface    3.784   H66 DCB X    1
  2nd closest surface     3.785   H26 DCB X    1
  found on step  898
  no. of rejections          357
 stored as   -29

 highest radius point found:
  at point   35.330  36.902  29.242
  closest atom surface    3.844   H26 DCB X    1
  2nd closest surface     3.846   H66 DCB X    1
  found on step  979
  this is also current point
  no. of rejections          369
 stored as   -30

 highest radius point found:
  at point   35.256  36.982  29.042
  closest atom surface    3.914   H26 DCB X    1
  2nd closest surface     3.914   H66 DCB X    1
  found on step  800
 current point:
  at point   35.241  36.976  29.042
  closest atom surface    3.913   H66 DCB X    1
  2nd closest surface     3.914   S7  DCB X    1
  found on step  979
  no. of rejections          362
 stored as   -31

 highest radius point found:
  at point   35.162  37.046  28.842
  closest atom surface    3.994   H66 DCB X    1
  2nd closest surface     3.995   H26 DCB X    1
  found on step  922
  this is also current point
  no. of rejections          350
 stored as   -32

 highest radius point found:
  at point   35.082  37.117  28.642
  closest atom surface    4.081   H26 DCB X    1
  2nd closest surface     4.083   H66 DCB X    1
  found on step  949
  this is also current point
  no. of rejections          345
 stored as   -33

 highest radius point found:
  at point   34.997  37.193  28.442
  closest atom surface    4.177   S7  DCB X    1
  2nd closest surface     4.178   H66 DCB X    1
  found on step  935
  this is also current point
  no. of rejections          335
 stored as   -34

 highest radius point found:
  at point   34.930  37.272  28.242
  closest atom surface    4.282   H26 DCB X    1
  2nd closest surface     4.283   H66 DCB X    1
  found on step   24
 current point:
  at point   34.930  37.274  28.242
  closest atom surface    4.282   H66 DCB X    1
  2nd closest surface     4.283   H26 DCB X    1
  found on step  959
  no. of rejections          322
 stored as   -35

 highest radius point found:
  at point   34.849  37.346  28.042
  closest atom surface    4.394   H66 DCB X    1
  2nd closest surface     4.395   H26 DCB X    1
  found on step  978
  this is also current point
  no. of rejections          335
 stored as   -36

 highest radius point found:
  at point   34.772  37.423  27.842
  closest atom surface    4.513   H66 DCB X    1
  2nd closest surface     4.514   H26 DCB X    1
  found on step  941
  this is also current point
  no. of rejections          294
 stored as   -37

 highest radius point found:
  at point   34.717  37.520  27.642
  closest atom surface    4.634   H66 DCB X    1
  2nd closest surface     4.637   H48 DCB X    1
  found on step  328
 current point:
  at point   34.722  37.524  27.642
  closest atom surface    4.633   H66 DCB X    1
  2nd closest surface     4.639   H26 DCB X    1
  found on step  967
  no. of rejections          348
 stored as   -38

 highest radius point found:
  at point   34.692  37.632  27.442
  closest atom surface    4.760   H26 DCB X    1
  2nd closest surface     4.760   H66 DCB X    1
  found on step  971
  this is also current point
  no. of rejections          325
 stored as   -39

 highest radius point found:
  at point   34.671  37.758  27.242
  closest atom surface    4.889   H66 DCB X    1
  2nd closest surface     4.896   H26 DCB X    1
  found on step  295
 current point:
  at point   34.695  37.772  27.242
  closest atom surface    4.889   H66 DCB X    1
  2nd closest surface     4.890   H26 DCB X    1
  found on step  982
  no. of rejections          303
 stored as   -40

 highest radius point found:
  at point   34.649  37.874  27.042
  closest atom surface    5.028   H66 DCB X    1
  2nd closest surface     5.028   O8  DCB X    1
  found on step  904
  this is also current point
  no. of rejections          316
 stored as   -41

 highest radius point found:
  at point   34.595  37.981  26.842
  closest atom surface    5.169   O8  DCB X    1
  2nd closest surface     5.170   H66 DCB X    1
  found on step  658
 current point:
  at point   34.599  37.984  26.842
  closest atom surface    5.169   O8  DCB X    1
  2nd closest surface     5.170   H66 DCB X    1
  found on step  980
  no. of rejections          319
 stored as   -42

 highest radius point found:
  at point   34.562  38.108  26.642
  closest atom surface    5.315   O8  DCB X    1
  2nd closest surface     5.315   H66 DCB X    1
  found on step  947
  this is also current point
  no. of rejections          276
 stored as   -43

 highest radius point found:
  at point   34.521  38.230  26.442
  closest atom surface    5.465   H66 DCB X    1
  2nd closest surface     5.466   O8  DCB X    1
  found on step  980
  this is also current point
  no. of rejections          280
 stored as   -44

 highest radius point found:
  at point   34.469  38.349  26.242
  closest atom surface    5.620   H66 DCB X    1
  2nd closest surface     5.624   H48 DCB X    1
  found on step  107
 current point:
  at point   34.620  38.478  26.242
  closest atom surface    5.612   O8  DCB X    1
  2nd closest surface     5.612   H66 DCB X    1
  found on step  994
  no. of rejections          220
 stored as   -45

 highest radius point found:
  at point   34.431  38.466  26.042
  closest atom surface    5.782   H66 DCB X    1
  2nd closest surface     5.783   O8  DCB X    1
  found on step  943
  this is also current point
  no. of rejections          286
 stored as   -46

 highest radius point found:
  at point   34.391  38.588  25.842
  closest atom surface    5.947   H66 DCB X    1
  2nd closest surface     5.947   O8  DCB X    1
  found on step  998
  this is also current point
  no. of rejections          271
 stored as   -47

 highest radius point found:
  at point   34.354  38.716  25.642
  closest atom surface    6.115   H66 DCB X    1
  2nd closest surface     6.117   O8  DCB X    1
  found on step  939
  this is also current point
  no. of rejections          266
 stored as   -48

 highest radius point found:
  at point   34.305  38.830  25.442
  closest atom surface    6.288   H66 DCB X    1
  2nd closest surface     6.289   H48 DCB X    1
  found on step  966
  this is also current point
  no. of rejections          248
 stored as   -49

 highest radius point found:
  at point   32.005  43.280  25.242
  closest atom surface    7.124   O24 DCB X    1
  2nd closest surface     7.127   H64 DCB X    1
  found on step  999
  this is also current point
  no. of rejections          148
 stored as   -50

 highest radius point found:
  at point   29.566  51.154  25.042
  closest atom surface   12.435   H64 DCB X    1
  2nd closest surface    12.445   O24 DCB X    1
  found on step 1000
  this is also current point
  no. of rejections          216
 stored as   -51

 highest radius point found:
  at point   27.307  60.669  24.842
  closest atom surface   19.621   N1  DCB X    1
  2nd closest surface    19.819   H2  DCB X    1
  found on step 1000
  this is also current point
  no. of rejections          246
 stored as   -52

 highest radius point found:
  at point   25.429  71.843  24.642
  closest atom surface   29.508   N1  DCB X    1
  2nd closest surface    29.802   H1  DCB X    1
  found on step 1000
  this is also current point
  no. of rejections          237
 This is an end! (radius above  22.0 angs)
 
 N.b. Graph information routine (HOGRAP) differs 
        markedly from previous versions!
       Information now is written from -ve end
       to +ve in one pass
 
 Explanation of the meaning of each column: 
 First column "cenxyz.cvec" is the coordinate in the
   direction of the channel vector i.e. if the channel
   vector is in z (0 0 1) then it is the z coordinate.
 The second column "radius" is the hole pore radius 
   (as defined in the Biophys J 1993) article).
 The third column "cen_line_D" is the distance 
   measured along the pore centre line - with the 
   first point found set to zero. This was the first
   thing that I used to measure the distance along a pore
   but "cenxyz.cvec" is a much better general measure. 
   However, by comparing changes in this distance to changes in '   "cenxyz.cvec" one can get a measure of how straight a 
   channel is.
 The fourth column "sum{s/(area)}" is useful in conductance
   prediction -
   basically it is the sum of the thickness of each slab
   divided by its area. HOLE uses this measure to estimate
   the macroscopic conductance of a channel.
 If any of this worries you one can see the "raw" results
   of a standard hole run by producing a sphpdb file and 
    directly looking at the results.
 cenxyz.cvec      radius  cen_line_D sum{s/(area point sourc
    24.84191    19.62110   -33.85396     0.00008   (sampled)
    24.94191    15.86014   -28.96334     0.00021 (mid-point)
    25.04191    12.43474   -24.07271     0.00042   (sampled)
    25.14191     9.30877   -19.94989     0.00078 (mid-point)
    25.24191     7.12405   -15.82706     0.00141   (sampled)
    25.34191     6.36240   -13.32065     0.00220 (mid-point)
    25.44191     6.28824   -10.81424     0.00300   (sampled)
    25.54191     6.20125   -10.69642     0.00383 (mid-point)
    25.64191     6.11514   -10.57861     0.00468   (sampled)
    25.74191     6.03046   -10.45854     0.00556 (mid-point)
    25.84191     5.94683   -10.33847     0.00646   (sampled)
    25.94191     5.86388   -10.21962     0.00738 (mid-point)
    26.04191     5.78201   -10.10076     0.00833   (sampled)
    26.14191     5.70049    -9.98343     0.00931 (mid-point)
    26.24191     5.62006    -9.86610     0.01032   (sampled)
    26.34191     5.54198    -9.74690     0.01136 (mid-point)
    26.44191     5.46515    -9.62771     0.01242   (sampled)
    26.54191     5.38924    -9.50876     0.01352 (mid-point)
    26.64191     5.31451    -9.38982     0.01465   (sampled)
    26.74191     5.24132    -9.27004     0.01580 (mid-point)
    26.84191     5.16944    -9.15026     0.01700   (sampled)
    26.94191     5.09825    -9.03377     0.01822 (mid-point)
    27.04191     5.02816    -8.91727     0.01948   (sampled)
    27.14191     4.95804    -8.80114     0.02077 (mid-point)
    27.24191     4.88937    -8.68500     0.02211   (sampled)
    27.34191     4.82406    -8.56642     0.02347 (mid-point)
    27.44191     4.76028    -8.44783     0.02488   (sampled)
    27.54191     4.69621    -8.33241     0.02632 (mid-point)
    27.64191     4.63361    -8.21698     0.02780   (sampled)
    27.74191     4.57232    -8.10251     0.02933 (mid-point)
    27.84191     4.51274    -7.98803     0.03089   (sampled)
    27.94191     4.45266    -7.87429     0.03249 (mid-point)
    28.04191     4.39430    -7.76054     0.03414   (sampled)
    28.14191     4.33719    -7.64648     0.03584 (mid-point)
    28.24191     4.28163    -7.53242     0.03757   (sampled)
    28.34191     4.22914    -7.41973     0.03935 (mid-point)
    28.44191     4.17744    -7.30704     0.04118   (sampled)
    28.54191     4.12936    -7.19213     0.04304 (mid-point)
    28.64191     4.08143    -7.07722     0.04495   (sampled)
    28.74191     4.03703    -6.96368     0.04691 (mid-point)
    28.84191     3.99431    -6.85013     0.04890   (sampled)
    28.94191     3.95291    -6.73524     0.05094 (mid-point)
    29.04191     3.91372    -6.62034     0.05302   (sampled)
    29.14191     3.87746    -6.50639     0.05513 (mid-point)
    29.24191     3.84362    -6.39243     0.05729   (sampled)
    29.34191     3.81273    -6.27852     0.05948 (mid-point)
    29.44191     3.78436    -6.16460     0.06170   (sampled)
    29.54191     3.74045    -6.06061     0.06398 (mid-point)
    29.64191     3.69749    -5.95663     0.06630   (sampled)
    29.74191     3.65708    -5.85280     0.06868 (mid-point)
    29.84191     3.61829    -5.74898     0.07112   (sampled)
    29.94191     3.57756    -5.64309     0.07360 (mid-point)
    30.04191     3.53759    -5.53719     0.07615   (sampled)
    30.14191     3.49797    -5.42964     0.07875 (mid-point)
    30.24191     3.45989    -5.32208     0.08141   (sampled)
    30.34191     3.42459    -5.21633     0.08412 (mid-point)
    30.44191     3.39106    -5.11058     0.08689   (sampled)
    30.54191     3.36034    -5.00339     0.08971 (mid-point)
    30.64191     3.33165    -4.89621     0.09258   (sampled)
    30.74191     3.30468    -4.78940     0.09549 (mid-point)
    30.84191     3.27860    -4.68258     0.09845   (sampled)
    30.94191     3.25627    -4.57616     0.10145 (mid-point)
    31.04191     3.23496    -4.46973     0.10449   (sampled)
    31.14191     3.21327    -4.36373     0.10758 (mid-point)
    31.24191     3.19242    -4.25772     0.11070   (sampled)
    31.34191     3.15664    -4.15536     0.11390 (mid-point)
    31.44191     3.12280    -4.05299     0.11716   (sampled)
    31.54191     3.09092    -3.95074     0.12049 (mid-point)
    31.64191     3.06105    -3.84848     0.12389   (sampled)
    31.74191     3.03329    -3.74694     0.12735 (mid-point)
    31.84191     3.00759    -3.64540     0.13087   (sampled)
    31.94191     2.98440    -3.54339     0.13444 (mid-point)
    32.04191     2.96335    -3.44138     0.13807   (sampled)
    32.14191     2.94304    -3.33947     0.14174 (mid-point)
    32.24191     2.92427    -3.23756     0.14546   (sampled)
    32.34191     2.90952    -3.13608     0.14922 (mid-point)
    32.44191     2.89542    -3.03460     0.15302   (sampled)
    32.54191     2.86931    -2.93246     0.15689 (mid-point)
    32.64191     2.84480    -2.83031     0.16082   (sampled)
    32.74191     2.82216    -2.72792     0.16482 (mid-point)
    32.84191     2.80090    -2.62553     0.16887   (sampled)
    32.94191     2.78408    -2.52363     0.17298 (mid-point)
    33.04191     2.76813    -2.42174     0.17713   (sampled)
    33.14191     2.75565    -2.32036     0.18133 (mid-point)
    33.24191     2.74335    -2.21898     0.18556   (sampled)
    33.34191     2.72435    -2.11782     0.18984 (mid-point)
    33.44191     2.70687    -2.01665     0.19419   (sampled)
    33.54191     2.69389    -1.91490     0.19857 (mid-point)
    33.64191     2.68163    -1.81315     0.20300   (sampled)
    33.74191     2.67293    -1.71186     0.20746 (mid-point)
    33.84191     2.66542    -1.61057     0.21194   (sampled)
    33.94191     2.66005    -1.50935     0.21644 (mid-point)
    34.04191     2.65700    -1.40812     0.22094   (sampled)
    34.14191     2.64316    -1.30459     0.22550 (mid-point)
    34.24191     2.62259    -1.20106     0.23013   (sampled)
    34.34191     2.57956    -1.08078     0.23491 (mid-point)
    34.44191     2.53889    -0.96051     0.23985   (sampled)
    34.54191     2.50416    -0.83533     0.24493 (mid-point)
    34.64191     2.47278    -0.71014     0.25013   (sampled)
    34.74191     2.44299    -0.58828     0.25547 (mid-point)
    34.84191     2.41647    -0.46641     0.26092   (sampled)
    34.94191     2.38915    -0.34503     0.26649 (mid-point)
    35.04191     2.36505    -0.22365     0.27218   (sampled)
    35.14191     2.34562    -0.11182     0.27797 (mid-point)
    35.24191     2.32899     0.00000     0.28384   (sampled)
    35.34191     2.31025     0.10839     0.28980 (mid-point)
    35.44191     2.29197     0.21678     0.29586   (sampled)
    35.54191     2.27799     0.32636     0.30199 (mid-point)
    35.64191     2.26491     0.43595     0.30820   (sampled)
    35.74191     2.25831     0.54305     0.31444 (mid-point)
    35.84191     2.25252     0.65015     0.32071   (sampled)
    35.94191     2.24929     0.75804     0.32701 (mid-point)
    36.04191     2.24889     0.86592     0.33330   (sampled)
    36.14191     2.24302     0.96894     0.33963 (mid-point)
    36.24191     2.23974     1.07196     0.34597   (sampled)
    36.34191     2.22820     1.17671     0.35238 (mid-point)
    36.44191     2.21815     1.28145     0.35885   (sampled)
    36.54191     2.21122     1.38788     0.36536 (mid-point)
    36.64191     2.20590     1.49430     0.37190   (sampled)
    36.74191     2.19935     1.60464     0.37849 (mid-point)
    36.84191     2.19519     1.71498     0.38509   (sampled)
    36.94191     2.19558     1.82393     0.39169 (mid-point)
    37.04191     2.19802     1.93288     0.39828   (sampled)
    37.14191     2.20404     2.04292     0.40484 (mid-point)
    37.24191     2.21216     2.15297     0.41134   (sampled)
    37.34191     2.22396     2.26221     0.41778 (mid-point)
    37.44191     2.23756     2.37144     0.42413   (sampled)
    37.54191     2.25461     2.48302     0.43039 (mid-point)
    37.64191     2.27314     2.59461     0.43656   (sampled)
    37.74191     2.29668     2.70309     0.44259 (mid-point)
    37.84191     2.32291     2.81158     0.44849   (sampled)
    37.94191     2.35121     2.92108     0.45425 (mid-point)
    38.04191     2.38172     3.03059     0.45986   (sampled)
    38.14191     2.41161     3.13794     0.46533 (mid-point)
    38.24191     2.44398     3.24530     0.47066   (sampled)
    38.34191     2.44324     3.38727     0.47599 (mid-point)
    38.44191     2.44536     3.52924     0.48132   (sampled)
    38.54191     2.40809     3.64688     0.48681 (mid-point)
    38.64191     2.37392     3.76451     0.49245   (sampled)
    38.74191     2.36164     3.92312     0.49816 (mid-point)
    38.84191     2.35561     4.08173     0.50390   (sampled)
    38.94191     2.33605     4.19759     0.50973 (mid-point)
    39.04191     2.31901     4.31344     0.51565   (sampled)
    39.14191     2.30543     4.43013     0.52164 (mid-point)
    39.24191     2.29566     4.54681     0.52768   (sampled)
    39.34191     2.28979     4.66189     0.53375 (mid-point)
    39.44191     2.28767     4.77697     0.53983   (sampled)
    39.54191     2.28725     4.89407     0.54592 (mid-point)
    39.64191     2.29100     5.01117     0.55198   (sampled)
    39.74191     2.29683     5.12614     0.55801 (mid-point)
    39.84191     2.30103     5.24112     0.56403   (sampled)
    39.94191     2.29586     5.35738     0.57006 (mid-point)
    40.04191     2.29091     5.47364     0.57613   (sampled)
    40.14191     2.29243     5.59143     0.58219 (mid-point)
    40.24191     2.29681     5.70922     0.58822   (sampled)
    40.34191     2.30377     5.82659     0.59422 (mid-point)
    40.44191     2.31419     5.94396     0.60016   (sampled)
    40.54191     2.32830     6.06055     0.60603 (mid-point)
    40.64191     2.34535     6.17714     0.61182   (sampled)
    40.74191     2.36766     6.29419     0.61750 (mid-point)
    40.84191     2.39226     6.41123     0.62306   (sampled)
    40.94191     2.42030     6.52940     0.62849 (mid-point)
    41.04191     2.44967     6.64757     0.63380   (sampled)
    41.14191     2.48379     6.76443     0.63896 (mid-point)
    41.24191     2.52090     6.88129     0.64397   (sampled)
    41.34191     2.56037     6.99883     0.64882 (mid-point)
    41.44191     2.60273     7.11637     0.65352   (sampled)
    41.54191     2.64844     7.23326     0.65806 (mid-point)
    41.64191     2.69681     7.35014     0.66244   (sampled)
    41.74191     2.74748     7.46738     0.66665 (mid-point)
    41.84191     2.80067     7.58462     0.67071   (sampled)
    41.94191     2.85143     7.69700     0.67463 (mid-point)
    42.04191     2.90228     7.80938     0.67841   (sampled)
    42.14191     2.95097     7.92257     0.68206 (mid-point)
    42.24191     3.00191     8.03577     0.68559   (sampled)
    42.34191     3.05237     8.25605     0.68901 (mid-point)
    42.44191     3.11129     8.47632     0.69230   (sampled)
    42.54191     3.17374     8.62284     0.69546 (mid-point)
    42.64191     3.23963     8.76936     0.69849   (sampled)
    42.74191     3.30942     8.90675     0.70140 (mid-point)
    42.84191     3.38200     9.04413     0.70418   (sampled)
    42.94191     3.45950     9.20948     0.70684 (mid-point)
    43.04191     3.53835     9.37483     0.70938   (sampled)
    43.14191     3.62186     9.50997     0.71181 (mid-point)
    43.24191     3.70747     9.64511     0.71412   (sampled)
    43.34191     3.79427     9.78892     0.71634 (mid-point)
    43.44191     3.88248     9.93272     0.71845   (sampled)
    43.54191     4.03616    11.23219     0.72040 (mid-point)
    43.64191     4.47245    12.53165     0.72199   (sampled)
    43.74191     4.81750    14.14682     0.72336 (mid-point)
    43.84191     5.46385    15.76199     0.72443   (sampled)
    43.94191     9.27653    21.69541     0.72480 (mid-point)
    44.04191    14.40190    27.62882     0.72495   (sampled)

 Minimum radius found:      2.195 angstroms.



 For spherical probe approach, The geometric factor
         F= sum(ds/area) along channel is    0.725 angstroms**-1
 This yields a macroscopic predicted molar conductance of:
   (1/rho)*(100/F)= (140/rho) pS,
   where rho is the conductivity of 1M permeant ion in ohm m.
 N.B. this is a macroscopic conductance - an overestimate 
 Empirically corrected conductances currently only available
 With the CAPSULE option (although its not that stable!)
 For 1M KCl rho= 1/12 (ohm m), So Gmacro= 1700 pS/M.
  (TAG      1   Rmin=     2.19519   Gmacro=  1655.27870 Conn_Gmacro=    -1.00000 ).
 HOLE: normal completion
