 *** Program HOLE ***
 
 If results of this run are reported or published, please
 cite the publication listed below.
 For the HOLE program:
   Smart, O.S., Goodfellow, J.M., Wallace, B.A. (1993). 
   The pore dimensions of gramicidin A. 
   Biophys. J., 65, 2455-2460.
 
 Originally written by Oliver Smart at Birkbeck College from April 1992.
 Copyright 1993-2005 Oliver Smart
 Copyright 2014-2015 SmartSci Limited.
 Copyright 2016 Oliver Smart.
 
 For help on HOLE suite see  http://www.holeprogram.org/
 
 HOLE release 2.2.005 (07 August 2016) 
 
 usage subject to Apache License, Version 2.0 
 see http://www.apache.org/licenses/LICENSE-2.0 

 Control variables read:

! Input file for Oliver Smart's HOLE program
! written by MDAnalysis.analysis.hole2.HoleAnalysis
! for a Universe
! u = mda.Universe(/afs/crc.nd.edu/user/m/mfarshad/Private/ML-new/traj/host-dcbz
!    /afs/crc.nd.edu/user/m/mfarshad/Private/ML-new/traj/host-dcbzdb2/host_dcbzd
!   )
! Frame 106

COORD  /tmp/2550294.1.long/tmpeo34mgng.pdb
RADIUS simple2.rad
SPHPDB hole106.sph
SAMPLE 0.200000
ENDRAD 22.000000
IGNORE SOL WAT TIP HOH K   NA  CL
SHORTO 0
RASEED 31415
CPOINT 35.7040965889 34.0183129009 35.1874873608


 WARNING have not found a CVECT record - will try to guess
 Input pdb filename read as:    '/tmp/2550294.1.long/tmpeo34mgng.pdb'
 Input vdW radius file read as: 'simple2.rad'
 point in channel:   35.704  34.018  35.187
 channel vector:   ************************
 sampling distance between planes:    0.200

 graphics conditions:
 binary plot output file name: NONE
 Dot density:    10
 Draw dots?           T
 Draw close contacts? F
 Draw centre line?    T
 Produce spikes rather than dots? F
 Seed for random number generator:     31415 (0 means value set by program)
 Radius above which a result is regarded as an 'end':  22.000
 Pdb format file for sphere centres: hole106.sph

 Monte Carlo conditions:
  no of steps:  1000
  maximum displacement   0.100 angs
  'kT' initial   0.100 angs
 The spherebox and capsule options are turned off.
 (No molqpt card so will not write qpt file of the molecule)
 IGNORE card read so will ignore residue types: SOL WAT TIP HOH K   NA  CL
 no SHORTO card read so will produce full textual output
 As no PEGRAT card was found will not produce PEG polymer exclusion graph
 (No 2DMAPS card specified so will not produce 2D property maps)
 Have not found a CUT card.  Normal calculation using
   Cutoff lists with a cutsize=       1.000
   (if you wish to turn off option use a CUT -1 card)

 Have read     7 bond radius records and
              16 vdW radius records.
 From file: simple2.rad

 Have read   158 atom records.
 From file: /tmp/2550294.1.long/tmpeo34mgng.pdb
 Will not produce graphical output

 Have opened file for pdb format output of sphere centres:  hole106.sph

  Seed integer used by ran # generator on this run      31415

 
 S/R cguess will try to guess CPOINT and/or CVECT
 
 THESE GUESSES MAY WELL BE WRONG!!!!
 Routine relies on having a reasonably symmetric
 channel oriented along x, y or z vector
 YOU ARE STRONGLY ADVISED TO CHECK THE RESULTS
                       WITH MOLECULAR GRAPHICS
 testing points from cpoint in X, Y then Z direction
   point                   pore radius
direction     1
  30.704  34.018  35.187    -0.671
  31.704  34.018  35.187     0.075
  32.704  34.018  35.187    -0.067
  33.704  34.018  35.187    -0.228
  34.704  34.018  35.187     0.231
  35.704  34.018  35.187     1.006
  36.704  34.018  35.187     1.638
  37.704  34.018  35.187     1.189
  38.704  34.018  35.187     0.440
  39.704  34.018  35.187    -0.137
  40.704  34.018  35.187    -0.411
 Average pore radius along the line=      0.279
direction     2
  35.704  29.018  35.187     1.464
  35.704  30.018  35.187     1.237
  35.704  31.018  35.187     1.310
  35.704  32.018  35.187     1.666
  35.704  33.018  35.187     1.617
  35.704  34.018  35.187     1.006
  35.704  35.018  35.187     0.670
  35.704  36.018  35.187     0.324
  35.704  37.018  35.187     0.265
  35.704  38.018  35.187     0.546
  35.704  39.018  35.187     1.275
 Average pore radius along the line=      1.035
direction     3
  35.704  34.018  30.187     0.063
  35.704  34.018  31.187     0.557
  35.704  34.018  32.187     0.519
  35.704  34.018  33.187     0.547
  35.704  34.018  34.187     0.614
  35.704  34.018  35.187     1.006
  35.704  34.018  36.187     1.356
  35.704  34.018  37.187     1.354
  35.704  34.018  38.187     0.936
  35.704  34.018  39.187     0.507
  35.704  34.018  40.187     0.462
 Average pore radius along the line=      0.720
 Best direction is found to be     2
(1=X,2=Y,3=Z)
 s/r cguess has produced initial values for cpoint &/or cvect:
CPOINT      35.7041     34.0183     35.1875
CVECT        0.0000      1.0000      0.0000
 THESE GUESSES MAY WELL BE WRONG!!!!
 Routine relies on having a reasonably symmetric
 channel oriented along x, y or z vector
 YOU ARE STRONGLY ADVISED TO CHECK THE RESULTS
                       WITH MOLECULAR GRAPHICS
 
 
  Some routines (e.g. conn) need vectors normal to cvect: 
     EAST Zero degrees angle is along vector    1.000   0.000   0.000
     NORTH  90 degrees angle is along vector    0.000   0.000   1.000
 highest radius point found:
  at point   36.759  34.018  35.031
  closest atom surface    1.735   C25 DCB X    1
  2nd closest surface     1.735   O1  DCB X    1
  found on step  997
  this is also current point
  no. of rejections          397
 stored as     0

 highest radius point found:
  at point   36.765  34.218  35.063
  closest atom surface    1.673   H30 DCB X    1
  2nd closest surface     1.674   C25 DCB X    1
  found on step  779
 current point:
  at point   36.758  34.218  35.072
  closest atom surface    1.672   C25 DCB X    1
  2nd closest surface     1.673   O1  DCB X    1
  found on step  909
  no. of rejections          365
 stored as     1

 highest radius point found:
  at point   36.766  34.418  35.106
  closest atom surface    1.624   O1  DCB X    1
  2nd closest surface     1.624   C25 DCB X    1
  found on step  870
 current point:
  at point   36.778  34.418  35.099
  closest atom surface    1.622   O1  DCB X    1
  2nd closest surface     1.624   H30 DCB X    1
  found on step  991
  no. of rejections          404
 stored as     2

 highest radius point found:
  at point   36.829  34.618  35.118
  closest atom surface    1.573   H30 DCB X    1
  2nd closest surface     1.573   O1  DCB X    1
  found on step  808
 current point:
  at point   36.829  34.618  35.118
  closest atom surface    1.573   H30 DCB X    1
  2nd closest surface     1.573   O1  DCB X    1
  found on step  948
  no. of rejections          396
 stored as     3

 highest radius point found:
  at point   36.917  34.818  35.126
  closest atom surface    1.524   N5  DCB X    1
  2nd closest surface     1.526   H30 DCB X    1
  found on step  931
  this is also current point
  no. of rejections          396
 stored as     4

 highest radius point found:
  at point   37.003  35.018  35.141
  closest atom surface    1.487   C21 DCB X    1
  2nd closest surface     1.487   N5  DCB X    1
  found on step  917
  this is also current point
  no. of rejections          382
 stored as     5

 highest radius point found:
  at point   37.036  35.218  35.203
  closest atom surface    1.452   N5  DCB X    1
  2nd closest surface     1.454   O1  DCB X    1
  found on step  955
  this is also current point
  no. of rejections          385
 stored as     6

 highest radius point found:
  at point   37.065  35.418  35.268
  closest atom surface    1.431   N5  DCB X    1
  2nd closest surface     1.431   O1  DCB X    1
  found on step  769
 current point:
  at point   37.065  35.418  35.268
  closest atom surface    1.431   N5  DCB X    1
  2nd closest surface     1.431   O1  DCB X    1
  found on step  983
  no. of rejections          364
 stored as     7

 highest radius point found:
  at point   36.137  35.618  36.209
  closest atom surface    1.451   O12 DCB X    1
  2nd closest surface     1.451   O1  DCB X    1
  found on step  963
  this is also current point
  no. of rejections          370
 stored as     8

 highest radius point found:
  at point   35.870  35.818  36.692
  closest atom surface    1.528   O12 DCB X    1
  2nd closest surface     1.531   O1  DCB X    1
  found on step  996
  this is also current point
  no. of rejections          374
 stored as     9

 highest radius point found:
  at point   34.093  36.018  38.916
  closest atom surface    2.671   H4  DCB X    1
  2nd closest surface     2.672   S7  DCB X    1
  found on step 1000
  this is also current point
  no. of rejections          385
 stored as    10

 highest radius point found:
  at point   34.049  36.218  38.975
  closest atom surface    2.761   S7  DCB X    1
  2nd closest surface     2.762   O12 DCB X    1
  found on step  958
  this is also current point
  no. of rejections          405
 stored as    11

 highest radius point found:
  at point   34.007  36.418  39.036
  closest atom surface    2.860   O12 DCB X    1
  2nd closest surface     2.860   H4  DCB X    1
  found on step  152
 current point:
  at point   34.007  36.418  39.037
  closest atom surface    2.859   H4  DCB X    1
  2nd closest surface     2.861   S7  DCB X    1
  found on step  934
  no. of rejections          402
 stored as    12

 highest radius point found:
  at point   33.965  36.618  39.099
  closest atom surface    2.966   H4  DCB X    1
  2nd closest surface     2.967   S7  DCB X    1
  found on step  978
  this is also current point
  no. of rejections          372
 stored as    13

 highest radius point found:
  at point   33.656  36.818  45.413
  closest atom surface    4.940   O23 DCB X    1
  2nd closest surface     5.293   S7  DCB X    1
  found on step 1000
  this is also current point
  no. of rejections          279
 stored as    14

 highest radius point found:
  at point   34.164  37.018  53.889
  closest atom surface   10.941   O23 DCB X    1
  2nd closest surface    11.867   C43 DCB X    1
  found on step 1000
  this is also current point
  no. of rejections          206
 stored as    15

 highest radius point found:
  at point   35.068  37.218  64.253
  closest atom surface   20.605   O23 DCB X    1
  2nd closest surface    21.539   C43 DCB X    1
  found on step 1000
  this is also current point
  no. of rejections          243
 stored as    16

 highest radius point found:
  at point   35.063  37.418  76.411
  closest atom surface   32.445   O23 DCB X    1
  2nd closest surface    33.353   C43 DCB X    1
  found on step  995
  this is also current point
  no. of rejections          237
 This is an end! (radius above  22.0 angs)
 highest radius point found:
  at point   36.758  33.818  34.990
  closest atom surface    1.808   C25 DCB X    1
  2nd closest surface     1.809   H30 DCB X    1
  found on step  865
  this is also current point
  no. of rejections          375
 stored as    -1

 highest radius point found:
  at point   36.766  33.618  34.947
  closest atom surface    1.890   H30 DCB X    1
  2nd closest surface     1.891   O1  DCB X    1
  found on step  820
 current point:
  at point   36.756  33.618  34.951
  closest atom surface    1.889   C25 DCB X    1
  2nd closest surface     1.893   O1  DCB X    1
  found on step  996
  no. of rejections          377
 stored as    -2

 highest radius point found:
  at point   36.581  33.418  35.105
  closest atom surface    1.927   O1  DCB X    1
  2nd closest surface     1.928   S1  DCB X    1
  found on step  948
  this is also current point
  no. of rejections          332
 stored as    -3

 highest radius point found:
  at point   36.280  33.218  35.407
  closest atom surface    1.954   O12 DCB X    1
  2nd closest surface     1.954   S1  DCB X    1
  found on step  962
  this is also current point
  no. of rejections          355
 stored as    -4

 highest radius point found:
  at point   36.050  33.018  35.748
  closest atom surface    1.986   O12 DCB X    1
  2nd closest surface     1.986   O1  DCB X    1
  found on step  872
  this is also current point
  no. of rejections          351
 stored as    -5

 highest radius point found:
  at point   35.817  32.818  36.084
  closest atom surface    2.071   O12 DCB X    1
  2nd closest surface     2.071   O1  DCB X    1
  found on step  925
  this is also current point
  no. of rejections          358
 stored as    -6

 highest radius point found:
  at point   35.626  32.618  36.112
  closest atom surface    2.105   O12 DCB X    1
  2nd closest surface     2.105   H3  DCB X    1
  found on step  978
  this is also current point
  no. of rejections          359
 stored as    -7

 highest radius point found:
  at point   35.446  32.418  36.082
  closest atom surface    2.143   O12 DCB X    1
  2nd closest surface     2.144   S1  DCB X    1
  found on step  919
  this is also current point
  no. of rejections          321
 stored as    -8

 highest radius point found:
  at point   35.291  32.218  35.859
  closest atom surface    2.146   S1  DCB X    1
  2nd closest surface     2.147   C48 DCB X    1
  found on step  968
  this is also current point
  no. of rejections          343
 stored as    -9

 highest radius point found:
  at point   35.139  32.018  35.562
  closest atom surface    2.167   O12 DCB X    1
  2nd closest surface     2.170   H64 DCB X    1
  found on step  606
 current point:
  at point   35.143  32.018  35.554
  closest atom surface    2.167   S1  DCB X    1
  2nd closest surface     2.167   O12 DCB X    1
  found on step  958
  no. of rejections          339
 stored as   -10

 highest radius point found:
  at point   34.988  31.818  35.275
  closest atom surface    2.227   H64 DCB X    1
  2nd closest surface     2.227   O12 DCB X    1
  found on step  994
  this is also current point
  no. of rejections          306
 stored as   -11

 highest radius point found:
  at point   34.880  31.618  34.607
  closest atom surface    2.328   O12 DCB X    1
  2nd closest surface     2.330   S1  DCB X    1
  found on step  845
 current point:
  at point   34.877  31.618  34.634
  closest atom surface    2.327   O12 DCB X    1
  2nd closest surface     2.329   S1  DCB X    1
  found on step  941
  no. of rejections          298
 stored as   -12

 highest radius point found:
  at point   34.680  31.418  34.683
  closest atom surface    2.450   O12 DCB X    1
  2nd closest surface     2.450   S1  DCB X    1
  found on step  971
  this is also current point
  no. of rejections          318
 stored as   -13

 highest radius point found:
  at point   34.583  31.218  34.543
  closest atom surface    2.519   C26 DCB X    1
  2nd closest surface     2.521   S1  DCB X    1
  found on step  552
 current point:
  at point   34.426  31.218  34.593
  closest atom surface    2.508   C26 DCB X    1
  2nd closest surface     2.510   H64 DCB X    1
  found on step  967
  no. of rejections          337
 stored as   -14

 highest radius point found:
  at point   34.507  31.018  34.385
  closest atom surface    2.586   C26 DCB X    1
  2nd closest surface     2.588   H64 DCB X    1
  found on step  749
 current point:
  at point   34.501  31.018  34.389
  closest atom surface    2.586   H64 DCB X    1
  2nd closest surface     2.587   C26 DCB X    1
  found on step  984
  no. of rejections          332
 stored as   -15

 highest radius point found:
  at point   34.433  30.818  34.229
  closest atom surface    2.668   S1  DCB X    1
  2nd closest surface     2.669   C26 DCB X    1
  found on step  986
  this is also current point
  no. of rejections          329
 stored as   -16

 highest radius point found:
  at point   34.359  30.618  34.083
  closest atom surface    2.759   S1  DCB X    1
  2nd closest surface     2.759   C31 DCB X    1
  found on step  923
  this is also current point
  no. of rejections          338
 stored as   -17

 highest radius point found:
  at point   34.295  30.418  33.959
  closest atom surface    2.844   C31 DCB X    1
  2nd closest surface     2.845   S1  DCB X    1
  found on step  851
 current point:
  at point   34.296  30.418  33.962
  closest atom surface    2.843   H64 DCB X    1
  2nd closest surface     2.844   S1  DCB X    1
  found on step  969
  no. of rejections          349
 stored as   -18

 highest radius point found:
  at point   34.233  30.218  33.838
  closest atom surface    2.939   H64 DCB X    1
  2nd closest surface     2.939   S1  DCB X    1
  found on step  971
  this is also current point
  no. of rejections          332
 stored as   -19

 highest radius point found:
  at point   34.386  30.018  33.202
  closest atom surface    3.039   C31 DCB X    1
  2nd closest surface     3.041   S1  DCB X    1
  found on step  596
 current point:
  at point   35.006  30.018  32.282
  closest atom surface    3.000   H34 DCB X    1
  2nd closest surface     3.003   S1  DCB X    1
  found on step  999
  no. of rejections          263
 stored as   -20

 highest radius point found:
  at point   34.105  29.818  33.591
  closest atom surface    3.162   S1  DCB X    1
  2nd closest surface     3.163   C31 DCB X    1
  found on step  673
 current point:
  at point   34.163  29.818  33.453
  closest atom surface    3.157   C31 DCB X    1
  2nd closest surface     3.158   S1  DCB X    1
  found on step  989
  no. of rejections          330
 stored as   -21

 highest radius point found:
  at point   34.228  29.618  33.002
  closest atom surface    3.290   C31 DCB X    1
  2nd closest surface     3.306   S1  DCB X    1
  found on step  246
 current point:
  at point   34.051  29.618  33.440
  closest atom surface    3.286   C31 DCB X    1
  2nd closest surface     3.287   S1  DCB X    1
  found on step  998
  no. of rejections          318
 stored as   -22

 highest radius point found:
  at point   34.288  29.418  32.551
  closest atom surface    3.466   C31 DCB X    1
  2nd closest surface     3.500   S1  DCB X    1
  found on step  995
  this is also current point
  no. of rejections          307
 stored as   -23

 highest radius point found:
  at point   34.274  29.218  32.369
  closest atom surface    3.639   O13 DCB X    1
  2nd closest surface     3.640   C31 DCB X    1
  found on step  825
 current point:
  at point   34.269  29.218  32.374
  closest atom surface    3.638   C31 DCB X    1
  2nd closest surface     3.641   O13 DCB X    1
  found on step  921
  no. of rejections          283
 stored as   -24

 highest radius point found:
  at point   34.180  29.018  32.319
  closest atom surface    3.786   S1  DCB X    1
  2nd closest surface     3.786   O13 DCB X    1
  found on step  978
  this is also current point
  no. of rejections          325
 stored as   -25

 highest radius point found:
  at point   34.083  28.818  32.268
  closest atom surface    3.937   C31 DCB X    1
  2nd closest surface     3.938   O13 DCB X    1
  found on step  928
  this is also current point
  no. of rejections          268
 stored as   -26

 highest radius point found:
  at point   33.984  28.618  32.225
  closest atom surface    4.092   C31 DCB X    1
  2nd closest surface     4.093   S1  DCB X    1
  found on step  931
  this is also current point
  no. of rejections          301
 stored as   -27

 highest radius point found:
  at point   33.891  28.418  32.158
  closest atom surface    4.253   O13 DCB X    1
  2nd closest surface     4.255   C31 DCB X    1
  found on step  853
 current point:
  at point   33.887  28.418  32.171
  closest atom surface    4.253   C31 DCB X    1
  2nd closest surface     4.256   S1  DCB X    1
  found on step  990
  no. of rejections          261
 stored as   -28

 highest radius point found:
  at point   33.798  28.218  32.108
  closest atom surface    4.419   O13 DCB X    1
  2nd closest surface     4.420   C31 DCB X    1
  found on step  931
  this is also current point
  no. of rejections          272
 stored as   -29

 highest radius point found:
  at point   33.699  28.018  32.056
  closest atom surface    4.588   C31 DCB X    1
  2nd closest surface     4.589   O13 DCB X    1
  found on step  107
 current point:
  at point   33.698  28.018  32.053
  closest atom surface    4.588   O13 DCB X    1
  2nd closest surface     4.588   C31 DCB X    1
  found on step  936
  no. of rejections          274
 stored as   -30

 highest radius point found:
  at point   27.941  27.818  28.179
  closest atom surface    6.780   H43 DCB X    1
  2nd closest surface     6.845   C31 DCB X    1
  found on step 1000
  this is also current point
  no. of rejections          192
 stored as   -31

 highest radius point found:
  at point   21.186  27.618  21.790
  closest atom surface   13.674   O15 DCB X    1
  2nd closest surface    13.876   H40 DCB X    1
  found on step 1000
  this is also current point
  no. of rejections          227
 stored as   -32

 highest radius point found:
  at point   11.515  27.418  14.347
  closest atom surface   24.620   O15 DCB X    1
  2nd closest surface    24.892   H40 DCB X    1
  found on step  997
  this is also current point
  no. of rejections          227
 This is an end! (radius above  22.0 angs)
 
 N.b. Graph information routine (HOGRAP) differs 
        markedly from previous versions!
       Information now is written from -ve end
       to +ve in one pass
 
 Explanation of the meaning of each column: 
 First column "cenxyz.cvec" is the coordinate in the
   direction of the channel vector i.e. if the channel
   vector is in z (0 0 1) then it is the z coordinate.
 The second column "radius" is the hole pore radius 
   (as defined in the Biophys J 1993) article).
 The third column "cen_line_D" is the distance 
   measured along the pore centre line - with the 
   first point found set to zero. This was the first
   thing that I used to measure the distance along a pore
   but "cenxyz.cvec" is a much better general measure. 
   However, by comparing changes in this distance to changes in '   "cenxyz.cvec" one can get a measure of how straight a 
   channel is.
 The fourth column "sum{s/(area)}" is useful in conductance
   prediction -
   basically it is the sum of the thickness of each slab
   divided by its area. HOLE uses this measure to estimate
   the macroscopic conductance of a channel.
 If any of this worries you one can see the "raw" results
   of a standard hole run by producing a sphpdb file and 
    directly looking at the results.
 cenxyz.cvec      radius  cen_line_D sum{s/(area point sourc
    27.61831    13.67368   -26.51521     0.00017   (sampled)
    27.71831    10.18011   -21.86557     0.00048 (mid-point)
    27.81831     6.78048   -17.21593     0.00117   (sampled)
    27.91831     4.96686   -13.74352     0.00246 (mid-point)
    28.01831     4.58830   -10.27112     0.00397   (sampled)
    28.11831     4.50363   -10.15650     0.00554 (mid-point)
    28.21831     4.41939   -10.04188     0.00717   (sampled)
    28.31831     4.33584    -9.92881     0.00886 (mid-point)
    28.41831     4.25328    -9.81574     0.01062   (sampled)
    28.51831     4.17298    -9.70053     0.01245 (mid-point)
    28.61831     4.09238    -9.58531     0.01435   (sampled)
    28.71831     4.01434    -9.47177     0.01633 (mid-point)
    28.81831     3.93747    -9.35823     0.01838   (sampled)
    28.91831     3.86131    -9.24409     0.02052 (mid-point)
    29.01831     3.78559    -9.12995     0.02274   (sampled)
    29.11831     3.71183    -9.01669     0.02505 (mid-point)
    29.21831     3.63885    -8.90343     0.02745   (sampled)
    29.31831     3.55168    -8.76799     0.02997 (mid-point)
    29.41831     3.46553    -8.63254     0.03262   (sampled)
    29.51831     3.37281    -8.38406     0.03542 (mid-point)
    29.61831     3.29043    -8.13558     0.03836   (sampled)
    29.71831     3.21712    -7.81862     0.04144 (mid-point)
    29.81831     3.16171    -7.50165     0.04462   (sampled)
    29.91831     3.09436    -7.24174     0.04795 (mid-point)
    30.01831     3.03878    -6.98183     0.05139   (sampled)
    30.11831     2.97815    -6.63983     0.05498 (mid-point)
    30.21831     2.93869    -6.29783     0.05867   (sampled)
    30.31831     2.89073    -6.17694     0.06248 (mid-point)
    30.41831     2.84370    -6.05605     0.06641   (sampled)
    30.51831     2.79993    -5.93408     0.07047 (mid-point)
    30.61831     2.75854    -5.81211     0.07466   (sampled)
    30.71831     2.71191    -5.68288     0.07899 (mid-point)
    30.81831     2.66840    -5.55365     0.08346   (sampled)
    30.91831     2.62561    -5.42155     0.08807 (mid-point)
    31.01831     2.58611    -5.28944     0.09283   (sampled)
    31.11831     2.55090    -5.15654     0.09772 (mid-point)
    31.21831     2.51946    -5.02364     0.10274   (sampled)
    31.31831     2.48345    -4.89221     0.10790 (mid-point)
    31.41831     2.44991    -4.76078     0.11320   (sampled)
    31.51831     2.38690    -4.61440     0.11879 (mid-point)
    31.61831     2.32829    -4.46802     0.12466   (sampled)
    31.71831     2.26215    -4.11522     0.13088 (mid-point)
    31.81831     2.22697    -3.76242     0.13730   (sampled)
    31.91831     2.19247    -3.57214     0.14392 (mid-point)
    32.01831     2.16702    -3.38187     0.15070   (sampled)
    32.11831     2.15274    -3.18738     0.15757 (mid-point)
    32.21831     2.14639    -2.99290     0.16448   (sampled)
    32.31831     2.14174    -2.82432     0.17142 (mid-point)
    32.41831     2.14300    -2.65574     0.17835   (sampled)
    32.51831     2.12147    -2.52048     0.18542 (mid-point)
    32.61831     2.10469    -2.38521     0.19261   (sampled)
    32.71831     2.08548    -2.24603     0.19993 (mid-point)
    32.81831     2.07137    -2.10686     0.20735   (sampled)
    32.91831     2.02207    -1.87949     0.21513 (mid-point)
    33.01831     1.98634    -1.65212     0.22320   (sampled)
    33.11831     1.96293    -1.42322     0.23146 (mid-point)
    33.21831     1.95394    -1.19432     0.23980   (sampled)
    33.31831     1.93389    -0.95887     0.24831 (mid-point)
    33.41831     1.92705    -0.72342     0.25688   (sampled)
    33.51831     1.90557    -0.56613     0.26565 (mid-point)
    33.61831     1.89047    -0.40883     0.27455   (sampled)
    33.71831     1.84821    -0.30648     0.28387 (mid-point)
    33.81831     1.80764    -0.20413     0.29361   (sampled)
    33.91831     1.77014    -0.10207     0.30377 (mid-point)
    34.01831     1.73515     0.00000     0.31434   (sampled)
    34.11831     1.70337     0.10135     0.32531 (mid-point)
    34.21831     1.67284     0.20270     0.33669   (sampled)
    34.31831     1.64755     0.30494     0.34842 (mid-point)
    34.41831     1.62356     0.40717     0.36049   (sampled)
    34.51831     1.59683     0.51219     0.37297 (mid-point)
    34.61831     1.57326     0.61721     0.38583   (sampled)
    34.71831     1.54747     0.72672     0.39913 (mid-point)
    34.81831     1.52375     0.83623     0.41284   (sampled)
    34.91831     1.50384     0.94526     0.42691 (mid-point)
    35.01831     1.48740     1.05429     0.44130   (sampled)
    35.11831     1.46829     1.16017     0.45606 (mid-point)
    35.21831     1.45250     1.26606     0.47115   (sampled)
    35.31831     1.43999     1.37230     0.48650 (mid-point)
    35.41831     1.43099     1.47853     0.50205   (sampled)
    35.51831     1.36798     2.14715     0.51906 (mid-point)
    35.61831     1.45063     2.81576     0.53418   (sampled)
    35.71831     1.47567     3.10897     0.54880 (mid-point)
    35.81831     1.52767     3.40217     0.56244   (sampled)
    35.91831     1.86634     4.82877     0.57158 (mid-point)
    36.01831     2.67083     6.25537     0.57604   (sampled)
    36.11831     2.71528     6.36201     0.58036 (mid-point)
    36.21831     2.76149     6.46866     0.58453   (sampled)
    36.31831     2.80990     6.57529     0.58856 (mid-point)
    36.41831     2.85995     6.68191     0.59245   (sampled)
    36.51831     2.91209     6.78885     0.59621 (mid-point)
    36.61831     2.96642     6.89578     0.59983   (sampled)
    36.71831     3.37837    10.05785     0.60261 (mid-point)
    36.81831     4.93971    13.21991     0.60392   (sampled)
    36.91831     7.45712    17.46682     0.60449 (mid-point)
    37.01831    10.94077    21.71372     0.60476   (sampled)
    37.11831    15.66590    26.91640     0.60489 (mid-point)
    37.21831    20.60509    32.11909     0.60496   (sampled)

 Minimum radius found:      1.368 angstroms.



 For spherical probe approach, The geometric factor
         F= sum(ds/area) along channel is    0.605 angstroms**-1
 This yields a macroscopic predicted molar conductance of:
   (1/rho)*(100/F)= (170/rho) pS,
   where rho is the conductivity of 1M permeant ion in ohm m.
 N.B. this is a macroscopic conductance - an overestimate 
 Empirically corrected conductances currently only available
 With the CAPSULE option (although its not that stable!)
 For 1M KCl rho= 1/12 (ohm m), So Gmacro= 2000 pS/M.
  (TAG      1   Rmin=     1.36798   Gmacro=  1983.59498 Conn_Gmacro=    -1.00000 ).
 HOLE: normal completion
