 *** Program HOLE ***
 
 If results of this run are reported or published, please
 cite the publication listed below.
 For the HOLE program:
   Smart, O.S., Goodfellow, J.M., Wallace, B.A. (1993). 
   The pore dimensions of gramicidin A. 
   Biophys. J., 65, 2455-2460.
 
 Originally written by Oliver Smart at Birkbeck College from April 1992.
 Copyright 1993-2005 Oliver Smart
 Copyright 2014-2015 SmartSci Limited.
 Copyright 2016 Oliver Smart.
 
 For help on HOLE suite see  http://www.holeprogram.org/
 
 HOLE release 2.2.005 (07 August 2016) 
 
 usage subject to Apache License, Version 2.0 
 see http://www.apache.org/licenses/LICENSE-2.0 

 Control variables read:

! Input file for Oliver Smart's HOLE program
! written by MDAnalysis.analysis.hole2.HoleAnalysis
! for a Universe
! u = mda.Universe(/afs/crc.nd.edu/user/m/mfarshad/Private/ML-new/traj/host-dcbz
!    /afs/crc.nd.edu/user/m/mfarshad/Private/ML-new/traj/host-dcbzdb2/host_dcbzd
!   )
! Frame 362

COORD  /tmp/2550294.1.long/tmpc1q9j0v5.pdb
RADIUS simple2.rad
SPHPDB hole362.sph
SAMPLE 0.200000
ENDRAD 22.000000
IGNORE SOL WAT TIP HOH K   NA  CL
SHORTO 0
RASEED 31415
CPOINT 34.8459597358 34.7429025022 35.0346097101


 WARNING have not found a CVECT record - will try to guess
 Input pdb filename read as:    '/tmp/2550294.1.long/tmpc1q9j0v5.pdb'
 Input vdW radius file read as: 'simple2.rad'
 point in channel:   34.846  34.743  35.035
 channel vector:   ************************
 sampling distance between planes:    0.200

 graphics conditions:
 binary plot output file name: NONE
 Dot density:    10
 Draw dots?           T
 Draw close contacts? F
 Draw centre line?    T
 Produce spikes rather than dots? F
 Seed for random number generator:     31415 (0 means value set by program)
 Radius above which a result is regarded as an 'end':  22.000
 Pdb format file for sphere centres: hole362.sph

 Monte Carlo conditions:
  no of steps:  1000
  maximum displacement   0.100 angs
  'kT' initial   0.100 angs
 The spherebox and capsule options are turned off.
 (No molqpt card so will not write qpt file of the molecule)
 IGNORE card read so will ignore residue types: SOL WAT TIP HOH K   NA  CL
 no SHORTO card read so will produce full textual output
 As no PEGRAT card was found will not produce PEG polymer exclusion graph
 (No 2DMAPS card specified so will not produce 2D property maps)
 Have not found a CUT card.  Normal calculation using
   Cutoff lists with a cutsize=       1.000
   (if you wish to turn off option use a CUT -1 card)

 Have read     7 bond radius records and
              16 vdW radius records.
 From file: simple2.rad

 Have read   158 atom records.
 From file: /tmp/2550294.1.long/tmpc1q9j0v5.pdb
 Will not produce graphical output

 Have opened file for pdb format output of sphere centres:  hole362.sph

  Seed integer used by ran # generator on this run      31415

 
 S/R cguess will try to guess CPOINT and/or CVECT
 
 THESE GUESSES MAY WELL BE WRONG!!!!
 Routine relies on having a reasonably symmetric
 channel oriented along x, y or z vector
 YOU ARE STRONGLY ADVISED TO CHECK THE RESULTS
                       WITH MOLECULAR GRAPHICS
 testing points from cpoint in X, Y then Z direction
   point                   pore radius
direction     1
  29.846  34.743  35.035     0.007
  30.846  34.743  35.035    -0.120
  31.846  34.743  35.035    -0.032
  32.846  34.743  35.035     0.492
  33.846  34.743  35.035     1.248
  34.846  34.743  35.035     1.887
  35.846  34.743  35.035     1.502
  36.846  34.743  35.035     0.991
  37.846  34.743  35.035     0.620
  38.846  34.743  35.035     0.248
  39.846  34.743  35.035     0.189
 Average pore radius along the line=      0.639
direction     2
  34.846  29.743  35.035     1.454
  34.846  30.743  35.035     1.193
  34.846  31.743  35.035     0.665
  34.846  32.743  35.035     0.654
  34.846  33.743  35.035     1.167
  34.846  34.743  35.035     1.887
  34.846  35.743  35.035     1.396
  34.846  36.743  35.035     0.594
  34.846  37.743  35.035     0.118
  34.846  38.743  35.035     0.250
  34.846  39.743  35.035    -0.199
 Average pore radius along the line=      0.835
direction     3
  34.846  34.743  30.035     1.204
  34.846  34.743  31.035     1.005
  34.846  34.743  32.035     0.956
  34.846  34.743  33.035     1.110
  34.846  34.743  34.035     1.365
  34.846  34.743  35.035     1.887
  34.846  34.743  36.035     1.456
  34.846  34.743  37.035     0.951
  34.846  34.743  38.035     0.750
  34.846  34.743  39.035     0.920
  34.846  34.743  40.035     1.012
 Average pore radius along the line=      1.147
 Best direction is found to be     3
(1=X,2=Y,3=Z)
 s/r cguess has produced initial values for cpoint &/or cvect:
CPOINT      34.8460     34.7429     35.0346
CVECT        0.0000      0.0000      1.0000
 THESE GUESSES MAY WELL BE WRONG!!!!
 Routine relies on having a reasonably symmetric
 channel oriented along x, y or z vector
 YOU ARE STRONGLY ADVISED TO CHECK THE RESULTS
                       WITH MOLECULAR GRAPHICS
 
 
  Some routines (e.g. conn) need vectors normal to cvect: 
     EAST Zero degrees angle is along vector    1.000   0.000   0.000
     NORTH  90 degrees angle is along vector    0.000  -1.000   0.000
 highest radius point found:
  at point   34.763  34.883  35.035
  closest atom surface    1.958   C22 DCB X    1
  2nd closest surface     1.960   N10 DCB X    1
  found on step  138
 current point:
  at point   35.926  34.134  35.035
  closest atom surface    1.939   C22 DCB X    1
  2nd closest surface     1.939   H66 DCB X    1
  found on step  940
  no. of rejections          386
 stored as     0

 highest radius point found:
  at point   34.731  34.735  35.235
  closest atom surface    1.972   C22 DCB X    1
  2nd closest surface     1.973   N10 DCB X    1
  found on step  962
  this is also current point
  no. of rejections          355
 stored as     1

 highest radius point found:
  at point   34.705  34.575  35.435
  closest atom surface    1.997   N10 DCB X    1
  2nd closest surface     1.998   H66 DCB X    1
  found on step  156
 current point:
  at point   35.845  33.821  35.435
  closest atom surface    1.929   C23 DCB X    1
  2nd closest surface     1.931   S4  DCB X    1
  found on step  979
  no. of rejections          353
 stored as     2

 highest radius point found:
  at point   34.629  34.424  35.635
  closest atom surface    1.993   C23 DCB X    1
  2nd closest surface     1.994   S7  DCB X    1
  found on step  681
 current point:
  at point   34.643  34.407  35.635
  closest atom surface    1.991   H66 DCB X    1
  2nd closest surface     1.992   C23 DCB X    1
  found on step  955
  no. of rejections          368
 stored as     3

 highest radius point found:
  at point   34.543  34.246  35.835
  closest atom surface    2.008   H66 DCB X    1
  2nd closest surface     2.011   S7  DCB X    1
  found on step  364
 current point:
  at point   34.541  34.248  35.835
  closest atom surface    2.008   S7  DCB X    1
  2nd closest surface     2.009   H66 DCB X    1
  found on step  936
  no. of rejections          375
 stored as     4

 highest radius point found:
  at point   34.469  34.073  36.035
  closest atom surface    2.045   C23 DCB X    1
  2nd closest surface     2.045   H66 DCB X    1
  found on step  896
  this is also current point
  no. of rejections          361
 stored as     5

 highest radius point found:
  at point   34.387  33.894  36.235
  closest atom surface    2.103   H66 DCB X    1
  2nd closest surface     2.103   C23 DCB X    1
  found on step  980
  this is also current point
  no. of rejections          333
 stored as     6

 highest radius point found:
  at point   35.188  33.119  36.435
  closest atom surface    2.128   H66 DCB X    1
  2nd closest surface     2.128   C23 DCB X    1
  found on step 1000
  this is also current point
  no. of rejections          311
 stored as     7

 highest radius point found:
  at point   34.224  33.523  36.635
  closest atom surface    2.282   H66 DCB X    1
  2nd closest surface     2.284   C23 DCB X    1
  found on step  929
  this is also current point
  no. of rejections          324
 stored as     8

 highest radius point found:
  at point   34.199  33.298  36.835
  closest atom surface    2.392   C23 DCB X    1
  2nd closest surface     2.392   H66 DCB X    1
  found on step  893
 current point:
  at point   34.197  33.297  36.835
  closest atom surface    2.391   H66 DCB X    1
  2nd closest surface     2.393   C23 DCB X    1
  found on step  897
  no. of rejections          325
 stored as     9

 highest radius point found:
  at point   34.198  33.044  37.035
  closest atom surface    2.518   H66 DCB X    1
  2nd closest surface     2.522   C48 DCB X    1
  found on step  988
  this is also current point
  no. of rejections          287
 stored as    10

 highest radius point found:
  at point   33.868  31.196  37.235
  closest atom surface    2.742   O6  DCB X    1
  2nd closest surface     2.742   H64 DCB X    1
  found on step  998
  this is also current point
  no. of rejections          312
 stored as    11

 highest radius point found:
  at point   33.684  31.026  37.435
  closest atom surface    2.816   O6  DCB X    1
  2nd closest surface     2.824   H64 DCB X    1
  found on step  596
 current point:
  at point   33.910  31.680  37.435
  closest atom surface    2.797   C48 DCB X    1
  2nd closest surface     2.798   O6  DCB X    1
  found on step  915
  no. of rejections          354
 stored as    12

 highest radius point found:
  at point   31.484  25.509  37.635
  closest atom surface    6.267   O6  DCB X    1
  2nd closest surface     6.273   H64 DCB X    1
  found on step 1000
  this is also current point
  no. of rejections          253
 stored as    13

 highest radius point found:
  at point   27.171  17.410  37.835
  closest atom surface   14.315   N1  DCB X    1
  2nd closest surface    14.315   C6  DCB X    1
  found on step  998
  this is also current point
  no. of rejections          266
 stored as    14

 highest radius point found:
  at point   23.087   7.004  38.035
  closest atom surface   24.582   H10 DCB X    1
  2nd closest surface    24.632   C6  DCB X    1
  found on step  998
  this is also current point
  no. of rejections          253
 This is an end! (radius above  22.0 angs)
 highest radius point found:
  at point   34.770  35.046  34.835
  closest atom surface    1.967   C22 DCB X    1
  2nd closest surface     1.968   N10 DCB X    1
  found on step  230
 current point:
  at point   34.768  35.048  34.835
  closest atom surface    1.967   C22 DCB X    1
  2nd closest surface     1.967   S7  DCB X    1
  found on step  915
  no. of rejections          383
 stored as    -1

 highest radius point found:
  at point   34.796  35.202  34.635
  closest atom surface    1.985   C47 DCB X    1
  2nd closest surface     1.985   C22 DCB X    1
  found on step  866
 current point:
  at point   34.795  35.201  34.635
  closest atom surface    1.983   C47 DCB X    1
  2nd closest surface     1.986   C22 DCB X    1
  found on step  997
  no. of rejections          360
 stored as    -2

 highest radius point found:
  at point   34.835  35.360  34.435
  closest atom surface    2.010   C47 DCB X    1
  2nd closest surface     2.011   C22 DCB X    1
  found on step  502
 current point:
  at point   34.837  35.361  34.435
  closest atom surface    2.010   C22 DCB X    1
  2nd closest surface     2.011   C47 DCB X    1
  found on step  922
  no. of rejections          375
 stored as    -3

 highest radius point found:
  at point   34.977  35.405  34.235
  closest atom surface    2.046   C22 DCB X    1
  2nd closest surface     2.046   C47 DCB X    1
  found on step  967
  this is also current point
  no. of rejections          336
 stored as    -4

 highest radius point found:
  at point   35.091  35.490  34.035
  closest atom surface    2.092   N10 DCB X    1
  2nd closest surface     2.092   H33 DCB X    1
  found on step  901
  this is also current point
  no. of rejections          352
 stored as    -5

 highest radius point found:
  at point   35.224  35.565  33.835
  closest atom surface    2.150   N10 DCB X    1
  2nd closest surface     2.150   C22 DCB X    1
  found on step  862
 current point:
  at point   35.218  35.568  33.835
  closest atom surface    2.150   H33 DCB X    1
  2nd closest surface     2.150   N10 DCB X    1
  found on step  965
  no. of rejections          357
 stored as    -6

 highest radius point found:
  at point   35.274  35.671  33.635
  closest atom surface    2.210   C21 DCB X    1
  2nd closest surface     2.211   H33 DCB X    1
  found on step  948
  this is also current point
  no. of rejections          355
 stored as    -7

 highest radius point found:
  at point   35.332  35.838  33.435
  closest atom surface    2.244   C46 DCB X    1
  2nd closest surface     2.244   C21 DCB X    1
  found on step  969
  this is also current point
  no. of rejections          327
 stored as    -8

 highest radius point found:
  at point   35.397  36.000  33.235
  closest atom surface    2.293   C46 DCB X    1
  2nd closest surface     2.293   C21 DCB X    1
  found on step  967
  this is also current point
  no. of rejections          355
 stored as    -9

 highest radius point found:
  at point   35.441  36.200  33.035
  closest atom surface    2.363   C46 DCB X    1
  2nd closest surface     2.365   C21 DCB X    1
  found on step  956
  this is also current point
  no. of rejections          335
 stored as   -10

 highest radius point found:
  at point   35.490  36.391  32.835
  closest atom surface    2.451   C46 DCB X    1
  2nd closest surface     2.452   C21 DCB X    1
  found on step  946
  this is also current point
  no. of rejections          329
 stored as   -11

 highest radius point found:
  at point   35.790  36.096  32.635
  closest atom surface    2.479   C46 DCB X    1
  2nd closest surface     2.483   C21 DCB X    1
  found on step  323
 current point:
  at point   35.931  35.832  32.635
  closest atom surface    2.470   C46 DCB X    1
  2nd closest surface     2.470   C21 DCB X    1
  found on step  892
  no. of rejections          344
 stored as   -12

 highest radius point found:
  at point   35.576  36.806  32.435
  closest atom surface    2.678   H33 DCB X    1
  2nd closest surface     2.679   C21 DCB X    1
  found on step  972
  this is also current point
  no. of rejections          324
 stored as   -13

 highest radius point found:
  at point   35.618  37.007  32.235
  closest atom surface    2.817   C21 DCB X    1
  2nd closest surface     2.819   C46 DCB X    1
  found on step  221
 current point:
  at point   34.929  38.507  32.235
  closest atom surface    2.804   H33 DCB X    1
  2nd closest surface     2.807   O18 DCB X    1
  found on step  957
  no. of rejections          233
 stored as   -14

 highest radius point found:
  at point   35.652  37.228  32.035
  closest atom surface    2.972   C21 DCB X    1
  2nd closest surface     2.973   H33 DCB X    1
  found on step  929
  this is also current point
  no. of rejections          228
 stored as   -15

 highest radius point found:
  at point   35.640  38.602  31.835
  closest atom surface    3.177   O12 DCB X    1
  2nd closest surface     3.177   N5  DCB X    1
  found on step  931
  this is also current point
  no. of rejections          210
 stored as   -16

 highest radius point found:
  at point   36.229  38.883  31.635
  closest atom surface    3.390   O12 DCB X    1
  2nd closest surface     3.391   N5  DCB X    1
  found on step  966
  this is also current point
  no. of rejections          196
 stored as   -17

 highest radius point found:
  at point   38.852  42.236  31.435
  closest atom surface    4.959   O12 DCB X    1
  2nd closest surface     4.996   H30 DCB X    1
  found on step 1000
  this is also current point
  no. of rejections          199
 stored as   -18

 highest radius point found:
  at point   41.013  50.553  31.235
  closest atom surface   10.532   O13 DCB X    1
  2nd closest surface    11.095   H34 DCB X    1
  found on step 1000
  this is also current point
  no. of rejections          221
 stored as   -19

 highest radius point found:
  at point   40.937  60.441  31.035
  closest atom surface   19.304   O13 DCB X    1
  2nd closest surface    19.878   H34 DCB X    1
  found on step  997
  this is also current point
  no. of rejections          227
 stored as   -20

 highest radius point found:
  at point   42.860  71.312  30.835
  closest atom surface   29.851   O13 DCB X    1
  2nd closest surface    30.350   O20 DCB X    1
  found on step 1000
  this is also current point
  no. of rejections          261
 This is an end! (radius above  22.0 angs)
 
 N.b. Graph information routine (HOGRAP) differs 
        markedly from previous versions!
       Information now is written from -ve end
       to +ve in one pass
 
 Explanation of the meaning of each column: 
 First column "cenxyz.cvec" is the coordinate in the
   direction of the channel vector i.e. if the channel
   vector is in z (0 0 1) then it is the z coordinate.
 The second column "radius" is the hole pore radius 
   (as defined in the Biophys J 1993) article).
 The third column "cen_line_D" is the distance 
   measured along the pore centre line - with the 
   first point found set to zero. This was the first
   thing that I used to measure the distance along a pore
   but "cenxyz.cvec" is a much better general measure. 
   However, by comparing changes in this distance to changes in '   "cenxyz.cvec" one can get a measure of how straight a 
   channel is.
 The fourth column "sum{s/(area)}" is useful in conductance
   prediction -
   basically it is the sum of the thickness of each slab
   divided by its area. HOLE uses this measure to estimate
   the macroscopic conductance of a channel.
 If any of this worries you one can see the "raw" results
   of a standard hole run by producing a sphpdb file and 
    directly looking at the results.
 cenxyz.cvec      radius  cen_line_D sum{s/(area point sourc
    31.03461    19.30354   -29.48918     0.00009   (sampled)
    31.13461    14.75931   -24.54365     0.00023 (mid-point)
    31.23461    10.53182   -19.59811     0.00052   (sampled)
    31.33461     7.44972   -15.30070     0.00109 (mid-point)
    31.43461     4.95945   -11.00328     0.00239   (sampled)
    31.53461     3.80368    -8.87206     0.00459 (mid-point)
    31.63461     3.38966    -6.74084     0.00736   (sampled)
    31.73461     3.27275    -6.39957     0.01033 (mid-point)
    31.83461     3.17719    -6.05830     0.01348   (sampled)
    31.93461     3.01716    -5.36385     0.01698 (mid-point)
    32.03461     2.97235    -4.66941     0.02058   (sampled)
    32.13461     2.89294    -4.51929     0.02438 (mid-point)
    32.23461     2.81701    -4.36916     0.02840   (sampled)
    32.33461     2.74648    -4.22596     0.03262 (mid-point)
    32.43461     2.67797    -4.08275     0.03705   (sampled)
    32.53461     2.56561    -3.69871     0.04189 (mid-point)
    32.63461     2.47869    -3.31467     0.04707   (sampled)
    32.73461     2.45855    -3.08174     0.05234 (mid-point)
    32.83461     2.45096    -2.84881     0.05764   (sampled)
    32.93461     2.40512    -2.70823     0.06314 (mid-point)
    33.03461     2.36347    -2.56766     0.06884   (sampled)
    33.13461     2.32609    -2.42471     0.07472 (mid-point)
    33.23461     2.29332    -2.28177     0.08077   (sampled)
    33.33461     2.26664    -2.14915     0.08697 (mid-point)
    33.43461     2.24410    -2.01652     0.09329   (sampled)
    33.53461     2.22473    -1.88278     0.09972 (mid-point)
    33.63461     2.20959    -1.74904     0.10624   (sampled)
    33.73461     2.17945    -1.63324     0.11294 (mid-point)
    33.83461     2.14991    -1.51745     0.11983   (sampled)
    33.93461     2.11890    -1.39165     0.12692 (mid-point)
    34.03461     2.09175    -1.26586     0.13419   (sampled)
    34.13461     2.06768    -1.14315     0.14164 (mid-point)
    34.23461     2.04590    -1.02045     0.14924   (sampled)
    34.33461     2.02592    -0.89587     0.15700 (mid-point)
    34.43461     2.00976    -0.77130     0.16488   (sampled)
    34.53461     1.99498    -0.64221     0.17288 (mid-point)
    34.63461     1.98450    -0.51312     0.18096   (sampled)
    34.73461     1.97378    -0.38564     0.18913 (mid-point)
    34.83461     1.96668    -0.25815     0.19736   (sampled)
    34.93461     1.96023    -0.12907     0.20564 (mid-point)
    35.03461     1.95815     0.00000     0.21394   (sampled)
    35.13461     1.96320     0.12523     0.22220 (mid-point)
    35.23461     1.97235     0.25047     0.23039   (sampled)
    35.33461     1.98266     0.37928     0.23848 (mid-point)
    35.43461     1.99654     0.50810     0.24647   (sampled)
    35.53461     1.99532     0.63909     0.25446 (mid-point)
    35.63461     1.99276     0.77009     0.26248   (sampled)
    35.73461     1.99990     0.91065     0.27044 (mid-point)
    35.83461     2.00787     1.05121     0.27833   (sampled)
    35.93461     2.02358     1.18843     0.28611 (mid-point)
    36.03461     2.04496     1.32564     0.29372   (sampled)
    36.13461     2.07106     1.46589     0.30114 (mid-point)
    36.23461     2.10285     1.60613     0.30834   (sampled)
    36.33461     2.06330     2.17272     0.31581 (mid-point)
    36.43461     2.12761     2.73931     0.32285   (sampled)
    36.53461     2.16124     3.27189     0.32966 (mid-point)
    36.63461     2.28209     3.80446     0.33577   (sampled)
    36.73461     2.33396     3.95562     0.34162 (mid-point)
    36.83461     2.39156     4.10677     0.34718   (sampled)
    36.93461     2.45153     4.26844     0.35248 (mid-point)
    37.03461     2.51770     4.43010     0.35750   (sampled)
    37.13461     2.53506     5.37414     0.36245 (mid-point)
    37.23461     2.74201     6.31817     0.36669   (sampled)
    37.33461     2.77606     6.47817     0.37082 (mid-point)
    37.43461     2.81558     6.63816     0.37483   (sampled)
    37.53461     3.99348     9.60943     0.37683 (mid-point)
    37.63461     6.26654    12.58070     0.37764   (sampled)
    37.73461    10.29984    17.17003     0.37794 (mid-point)
    37.83461    14.31520    21.75935     0.37809   (sampled)

 Minimum radius found:      1.958 angstroms.



 For spherical probe approach, The geometric factor
         F= sum(ds/area) along channel is    0.378 angstroms**-1
 This yields a macroscopic predicted molar conductance of:
   (1/rho)*(100/F)= (260/rho) pS,
   where rho is the conductivity of 1M permeant ion in ohm m.
 N.B. this is a macroscopic conductance - an overestimate 
 Empirically corrected conductances currently only available
 With the CAPSULE option (although its not that stable!)
 For 1M KCl rho= 1/12 (ohm m), So Gmacro= 3200 pS/M.
  (TAG      1   Rmin=     1.95815   Gmacro=  3173.81331 Conn_Gmacro=    -1.00000 ).
 HOLE: normal completion
