 *** Program HOLE ***
 
 If results of this run are reported or published, please
 cite the publication listed below.
 For the HOLE program:
   Smart, O.S., Goodfellow, J.M., Wallace, B.A. (1993). 
   The pore dimensions of gramicidin A. 
   Biophys. J., 65, 2455-2460.
 
 Originally written by Oliver Smart at Birkbeck College from April 1992.
 Copyright 1993-2005 Oliver Smart
 Copyright 2014-2015 SmartSci Limited.
 Copyright 2016 Oliver Smart.
 
 For help on HOLE suite see  http://www.holeprogram.org/
 
 HOLE release 2.2.005 (07 August 2016) 
 
 usage subject to Apache License, Version 2.0 
 see http://www.apache.org/licenses/LICENSE-2.0 

 Control variables read:

! Input file for Oliver Smart's HOLE program
! written by MDAnalysis.analysis.hole2.HoleAnalysis
! for a Universe
! u = mda.Universe(/afs/crc.nd.edu/user/m/mfarshad/Private/ML-new/traj/host-cyc2
!    /afs/crc.nd.edu/user/m/mfarshad/Private/ML-new/traj/host-cyc2/host_cyc2.trr
!   )
! Frame 31

COORD  /tmp/2550286.1.long/tmpjf2cnt9h.pdb
RADIUS simple2.rad
SPHPDB hole031.sph
SAMPLE 0.200000
ENDRAD 22.000000
IGNORE SOL WAT TIP HOH K   NA  CL
SHORTO 0
RASEED 31415
CPOINT 39.7446536151 40.0386898734 39.4924942363


 WARNING have not found a CVECT record - will try to guess
 Input pdb filename read as:    '/tmp/2550286.1.long/tmpjf2cnt9h.pdb'
 Input vdW radius file read as: 'simple2.rad'
 point in channel:   39.745  40.039  39.492
 channel vector:   ************************
 sampling distance between planes:    0.200

 graphics conditions:
 binary plot output file name: NONE
 Dot density:    10
 Draw dots?           T
 Draw close contacts? F
 Draw centre line?    T
 Produce spikes rather than dots? F
 Seed for random number generator:     31415 (0 means value set by program)
 Radius above which a result is regarded as an 'end':  22.000
 Pdb format file for sphere centres: hole031.sph

 Monte Carlo conditions:
  no of steps:  1000
  maximum displacement   0.100 angs
  'kT' initial   0.100 angs
 The spherebox and capsule options are turned off.
 (No molqpt card so will not write qpt file of the molecule)
 IGNORE card read so will ignore residue types: SOL WAT TIP HOH K   NA  CL
 no SHORTO card read so will produce full textual output
 As no PEGRAT card was found will not produce PEG polymer exclusion graph
 (No 2DMAPS card specified so will not produce 2D property maps)
 Have not found a CUT card.  Normal calculation using
   Cutoff lists with a cutsize=       1.000
   (if you wish to turn off option use a CUT -1 card)

 Have read     7 bond radius records and
              16 vdW radius records.
 From file: simple2.rad

 Have read    88 atom records.
 From file: /tmp/2550286.1.long/tmpjf2cnt9h.pdb
 Will not produce graphical output

 Have opened file for pdb format output of sphere centres:  hole031.sph

  Seed integer used by ran # generator on this run      31415

 
 S/R cguess will try to guess CPOINT and/or CVECT
 
 THESE GUESSES MAY WELL BE WRONG!!!!
 Routine relies on having a reasonably symmetric
 channel oriented along x, y or z vector
 YOU ARE STRONGLY ADVISED TO CHECK THE RESULTS
                       WITH MOLECULAR GRAPHICS
 testing points from cpoint in X, Y then Z direction
   point                   pore radius
direction     1
  34.745  40.039  39.492     0.058
  35.745  40.039  39.492    -0.853
  36.745  40.039  39.492    -1.372
  37.745  40.039  39.492    -1.115
  38.745  40.039  39.492    -1.079
  39.745  40.039  39.492    -0.223
  40.745  40.039  39.492     0.215
  41.745  40.039  39.492    -0.470
  42.745  40.039  39.492    -0.595
  43.745  40.039  39.492    -0.009
  44.745  40.039  39.492     0.843
 Average pore radius along the line=     -0.418
direction     2
  39.745  35.039  39.492    -1.370
  39.745  36.039  39.492    -0.599
  39.745  37.039  39.492     0.239
  39.745  38.039  39.492     0.299
  39.745  39.039  39.492    -0.228
  39.745  40.039  39.492    -0.223
  39.745  41.039  39.492     0.099
  39.745  42.039  39.492     0.811
  39.745  43.039  39.492     0.347
  39.745  44.039  39.492    -0.458
  39.745  45.039  39.492    -0.827
 Average pore radius along the line=     -0.174
direction     3
  39.745  40.039  34.492     0.568
  39.745  40.039  35.492     0.554
  39.745  40.039  36.492     0.084
  39.745  40.039  37.492     0.249
  39.745  40.039  38.492     0.183
  39.745  40.039  39.492    -0.223
  39.745  40.039  40.492    -0.072
  39.745  40.039  41.492     0.083
  39.745  40.039  42.492     0.422
  39.745  40.039  43.492    -0.513
  39.745  40.039  44.492    -1.207
 Average pore radius along the line=      0.012
 Best direction is found to be     3
(1=X,2=Y,3=Z)
 s/r cguess has produced initial values for cpoint &/or cvect:
CPOINT      39.7447     40.0387     39.4925
CVECT        0.0000      0.0000      1.0000
 THESE GUESSES MAY WELL BE WRONG!!!!
 Routine relies on having a reasonably symmetric
 channel oriented along x, y or z vector
 YOU ARE STRONGLY ADVISED TO CHECK THE RESULTS
                       WITH MOLECULAR GRAPHICS
 
 
  Some routines (e.g. conn) need vectors normal to cvect: 
     EAST Zero degrees angle is along vector    1.000   0.000   0.000
     NORTH  90 degrees angle is along vector    0.000  -1.000   0.000
 highest radius point found:
  at point   40.012  41.969  39.492
  closest atom surface    0.946   H4  CYC X    1
  2nd closest surface     0.946   C10 CYC X    1
  found on step  990
  this is also current point
  no. of rejections          359
 stored as     0

 highest radius point found:
  at point   40.092  41.999  39.692
  closest atom surface    1.002   C10 CYC X    1
  2nd closest surface     1.002   H4  CYC X    1
  found on step  939
  this is also current point
  no. of rejections          363
 stored as     1

 highest radius point found:
  at point   40.132  42.049  39.892
  closest atom surface    1.071   H4  CYC X    1
  2nd closest surface     1.072   C10 CYC X    1
  found on step  863
 current point:
  at point   40.104  42.068  39.892
  closest atom surface    1.069   C10 CYC X    1
  2nd closest surface     1.070   H4  CYC X    1
  found on step  933
  no. of rejections          406
 stored as     2

 highest radius point found:
  at point   40.163  42.101  40.092
  closest atom surface    1.155   H4  CYC X    1
  2nd closest surface     1.158   C10 CYC X    1
  found on step  725
 current point:
  at point   40.107  42.139  40.092
  closest atom surface    1.152   C10 CYC X    1
  2nd closest surface     1.153   H4  CYC X    1
  found on step  962
  no. of rejections          369
 stored as     3

 highest radius point found:
  at point   39.805  42.396  40.292
  closest atom surface    1.263   C10 CYC X    1
  2nd closest surface     1.263   H4  CYC X    1
  found on step  574
 current point:
  at point   40.178  42.167  40.292
  closest atom surface    1.252   C10 CYC X    1
  2nd closest surface     1.256   H4  CYC X    1
  found on step  984
  no. of rejections          375
 stored as     4

 highest radius point found:
  at point   39.898  42.404  40.492
  closest atom surface    1.365   H4  CYC X    1
  2nd closest surface     1.367   C11 CYC X    1
  found on step  626
 current point:
  at point   40.039  42.319  40.492
  closest atom surface    1.360   C10 CYC X    1
  2nd closest surface     1.360   H4  CYC X    1
  found on step  957
  no. of rejections          370
 stored as     5

 highest radius point found:
  at point   40.237  42.258  40.692
  closest atom surface    1.486   C10 CYC X    1
  2nd closest surface     1.486   H4  CYC X    1
  found on step  355
 current point:
  at point   40.222  42.268  40.692
  closest atom surface    1.485   H4  CYC X    1
  2nd closest surface     1.485   C10 CYC X    1
  found on step  960
  no. of rejections          347
 stored as     6

 highest radius point found:
  at point   40.277  42.295  40.892
  closest atom surface    1.617   C10 CYC X    1
  2nd closest surface     1.618   H4  CYC X    1
  found on step  951
  this is also current point
  no. of rejections          348
 stored as     7

 highest radius point found:
  at point   40.278  42.355  41.092
  closest atom surface    1.754   C10 CYC X    1
  2nd closest surface     1.754   H4  CYC X    1
  found on step  833
 current point:
  at point   40.260  42.367  41.092
  closest atom surface    1.753   C10 CYC X    1
  2nd closest surface     1.753   H4  CYC X    1
  found on step  988
  no. of rejections          318
 stored as     8

 highest radius point found:
  at point   40.328  42.376  41.292
  closest atom surface    1.897   N4  CYC X    1
  2nd closest surface     1.897   C11 CYC X    1
  found on step  939
  this is also current point
  no. of rejections          338
 stored as     9

 highest radius point found:
  at point   40.356  42.385  41.492
  closest atom surface    2.028   H4  CYC X    1
  2nd closest surface     2.029   N4  CYC X    1
  found on step  937
  this is also current point
  no. of rejections          341
 stored as    10

 highest radius point found:
  at point   40.445  42.440  41.692
  closest atom surface    2.155   N1  CYC X    1
  2nd closest surface     2.155   N4  CYC X    1
  found on step  978
  this is also current point
  no. of rejections          314
 stored as    11

 highest radius point found:
  at point   40.598  42.522  41.892
  closest atom surface    2.272   N4  CYC X    1
  2nd closest surface     2.273   C11 CYC X    1
  found on step  904
  this is also current point
  no. of rejections          316
 stored as    12

 highest radius point found:
  at point   42.148  43.219  42.092
  closest atom surface    2.393   N4  CYC X    1
  2nd closest surface     2.395   C10 CYC X    1
  found on step  244
 current point:
  at point   40.947  42.705  42.092
  closest atom surface    2.372   C28 CYC X    1
  2nd closest surface     2.374   N4  CYC X    1
  found on step  967
  no. of rejections          311
 stored as    13

 highest radius point found:
  at point   49.172  47.260  42.292
  closest atom surface    7.743   H13 CYC X    1
  2nd closest surface     7.753   C10 CYC X    1
  found on step 1000
  this is also current point
  no. of rejections          258
 stored as    14

 highest radius point found:
  at point   58.360  52.067  42.492
  closest atom surface   17.134   H13 CYC X    1
  2nd closest surface    17.217   C8  CYC X    1
  found on step 1000
  this is also current point
  no. of rejections          235
 stored as    15

 highest radius point found:
  at point   68.888  55.220  42.692
  closest atom surface   27.645   H13 CYC X    1
  2nd closest surface    27.701   C8  CYC X    1
  found on step  996
  this is also current point
  no. of rejections          254
 This is an end! (radius above  22.0 angs)
 highest radius point found:
  at point   40.018  41.879  39.292
  closest atom surface    0.914   H4  CYC X    1
  2nd closest surface     0.914   N4  CYC X    1
  found on step  912
  this is also current point
  no. of rejections          382
 stored as    -1

 highest radius point found:
  at point   39.997  41.826  39.092
  closest atom surface    0.877   N4  CYC X    1
  2nd closest surface     0.878   S2  CYC X    1
  found on step  998
  this is also current point
  no. of rejections          394
 stored as    -2

 highest radius point found:
  at point   40.007  41.791  38.892
  closest atom surface    0.829   S2  CYC X    1
  2nd closest surface     0.833   N4  CYC X    1
  found on step   12
 current point:
  at point   40.006  41.775  38.892
  closest atom surface    0.829   N4  CYC X    1
  2nd closest surface     0.829   S2  CYC X    1
  found on step  954
  no. of rejections          354
 stored as    -3

 highest radius point found:
  at point   40.023  41.763  38.692
  closest atom surface    0.800   S2  CYC X    1
  2nd closest surface     0.800   C10 CYC X    1
  found on step  995
  this is also current point
  no. of rejections          380
 stored as    -4

 highest radius point found:
  at point   40.042  41.719  38.492
  closest atom surface    0.779   C3  CYC X    1
  2nd closest surface     0.779   N4  CYC X    1
  found on step  969
  this is also current point
  no. of rejections          373
 stored as    -5

 highest radius point found:
  at point   40.143  41.725  38.292
  closest atom surface    0.714   N4  CYC X    1
  2nd closest surface     0.715   C10 CYC X    1
  found on step  598
 current point:
  at point   40.139  41.720  38.292
  closest atom surface    0.714   C3  CYC X    1
  2nd closest surface     0.716   N4  CYC X    1
  found on step  976
  no. of rejections          346
 stored as    -6

 highest radius point found:
  at point   40.049  40.314  38.092
  closest atom surface    0.732   C2  CYC X    1
  2nd closest surface     0.733   H6  CYC X    1
  found on step  990
  this is also current point
  no. of rejections          343
 stored as    -7

 highest radius point found:
  at point   40.005  38.940  37.892
  closest atom surface    0.725   H20 CYC X    1
  2nd closest surface     0.774   H5  CYC X    1
  found on step  593
 current point:
  at point   39.980  39.872  37.892
  closest atom surface    0.718   H6  CYC X    1
  2nd closest surface     0.720   C16 CYC X    1
  found on step  976
  no. of rejections          352
 stored as    -8

 highest radius point found:
  at point   39.771  37.430  37.692
  closest atom surface    1.223   H5  CYC X    1
  2nd closest surface     1.241   S3  CYC X    1
  found on step  999
  this is also current point
  no. of rejections          297
 stored as    -9

 highest radius point found:
  at point   38.365  36.815  37.492
  closest atom surface    1.571   C20 CYC X    1
  2nd closest surface     1.577   H5  CYC X    1
  found on step  969
  this is also current point
  no. of rejections          326
 stored as   -10

 highest radius point found:
  at point   37.880  36.933  37.292
  closest atom surface    1.727   O7  CYC X    1
  2nd closest surface     1.727   S1  CYC X    1
  found on step  427
 current point:
  at point   37.913  36.928  37.292
  closest atom surface    1.726   H5  CYC X    1
  2nd closest surface     1.726   O7  CYC X    1
  found on step  939
  no. of rejections          380
 stored as   -11

 highest radius point found:
  at point   37.966  36.928  37.092
  closest atom surface    1.847   S1  CYC X    1
  2nd closest surface     1.847   O7  CYC X    1
  found on step  950
  this is also current point
  no. of rejections          350
 stored as   -12

 highest radius point found:
  at point   38.063  36.921  36.892
  closest atom surface    1.975   H5  CYC X    1
  2nd closest surface     1.976   O7  CYC X    1
  found on step  216
 current point:
  at point   38.194  36.888  36.892
  closest atom surface    1.970   H5  CYC X    1
  2nd closest surface     1.970   O7  CYC X    1
  found on step  984
  no. of rejections          364
 stored as   -13

 highest radius point found:
  at point   38.144  36.917  36.692
  closest atom surface    2.114   O7  CYC X    1
  2nd closest surface     2.114   H5  CYC X    1
  found on step  905
  this is also current point
  no. of rejections          364
 stored as   -14

 highest radius point found:
  at point   38.201  36.915  36.492
  closest atom surface    2.245   C20 CYC X    1
  2nd closest surface     2.245   S1  CYC X    1
  found on step   43
 current point:
  at point   38.793  36.943  36.492
  closest atom surface    2.205   H5  CYC X    1
  2nd closest surface     2.205   C20 CYC X    1
  found on step  914
  no. of rejections          329
 stored as   -15

 highest radius point found:
  at point   38.349  36.956  36.292
  closest atom surface    2.383   C20 CYC X    1
  2nd closest surface     2.384   S1  CYC X    1
  found on step  485
 current point:
  at point   38.352  36.957  36.292
  closest atom surface    2.383   H5  CYC X    1
  2nd closest surface     2.384   C20 CYC X    1
  found on step  982
  no. of rejections          340
 stored as   -16

 highest radius point found:
  at point   39.196  37.016  36.092
  closest atom surface    2.533   C20 CYC X    1
  2nd closest surface     2.533   H5  CYC X    1
  found on step  403
 current point:
  at point   39.202  37.019  36.092
  closest atom surface    2.532   H5  CYC X    1
  2nd closest surface     2.536   C20 CYC X    1
  found on step  965
  no. of rejections          307
 stored as   -17

 highest radius point found:
  at point   39.152  37.045  35.892
  closest atom surface    2.686   H5  CYC X    1
  2nd closest surface     2.690   H20 CYC X    1
  found on step    4
 current point:
  at point   38.603  37.017  35.892
  closest atom surface    2.677   H5  CYC X    1
  2nd closest surface     2.678   C20 CYC X    1
  found on step  894
  no. of rejections          323
 stored as   -18

 highest radius point found:
  at point   39.116  37.016  35.692
  closest atom surface    2.815   C20 CYC X    1
  2nd closest surface     2.815   H20 CYC X    1
  found on step  650
 current point:
  at point   39.088  37.016  35.692
  closest atom surface    2.814   C20 CYC X    1
  2nd closest surface     2.814   C3  CYC X    1
  found on step  943
  no. of rejections          358
 stored as   -19

 highest radius point found:
  at point   39.133  36.955  35.492
  closest atom surface    2.924   C3  CYC X    1
  2nd closest surface     2.925   C20 CYC X    1
  found on step  995
  this is also current point
  no. of rejections          365
 stored as   -20

 highest radius point found:
  at point   37.976  36.767  35.292
  closest atom surface    3.050   C20 CYC X    1
  2nd closest surface     3.050   S1  CYC X    1
  found on step 1000
  this is also current point
  no. of rejections          304
 stored as   -21

 highest radius point found:
  at point   37.879  36.710  35.092
  closest atom surface    3.189   O7  CYC X    1
  2nd closest surface     3.190   C3  CYC X    1
  found on step  959
  this is also current point
  no. of rejections          347
 stored as   -22

 highest radius point found:
  at point   33.451  35.953  34.892
  closest atom surface    4.591   O7  CYC X    1
  2nd closest surface     4.602   S1  CYC X    1
  found on step  993
  this is also current point
  no. of rejections          271
 stored as   -23

 highest radius point found:
  at point   23.689  33.812  34.692
  closest atom surface   12.808   O10 CYC X    1
  2nd closest surface    12.975   O7  CYC X    1
  found on step 1000
  this is also current point
  no. of rejections          260
 stored as   -24

 highest radius point found:
  at point   14.897  31.178  34.492
  closest atom surface   21.510   O10 CYC X    1
  2nd closest surface    21.726   O7  CYC X    1
  found on step 1000
  this is also current point
  no. of rejections          246
 stored as   -25

 highest radius point found:
  at point    4.381  29.625  34.292
  closest atom surface   31.837   O10 CYC X    1
  2nd closest surface    32.234   O7  CYC X    1
  found on step  998
  this is also current point
  no. of rejections          284
 This is an end! (radius above  22.0 angs)
 
 N.b. Graph information routine (HOGRAP) differs 
        markedly from previous versions!
       Information now is written from -ve end
       to +ve in one pass
 
 Explanation of the meaning of each column: 
 First column "cenxyz.cvec" is the coordinate in the
   direction of the channel vector i.e. if the channel
   vector is in z (0 0 1) then it is the z coordinate.
 The second column "radius" is the hole pore radius 
   (as defined in the Biophys J 1993) article).
 The third column "cen_line_D" is the distance 
   measured along the pore centre line - with the 
   first point found set to zero. This was the first
   thing that I used to measure the distance along a pore
   but "cenxyz.cvec" is a much better general measure. 
   However, by comparing changes in this distance to changes in '   "cenxyz.cvec" one can get a measure of how straight a 
   channel is.
 The fourth column "sum{s/(area)}" is useful in conductance
   prediction -
   basically it is the sum of the thickness of each slab
   divided by its area. HOLE uses this measure to estimate
   the macroscopic conductance of a channel.
 If any of this worries you one can see the "raw" results
   of a standard hole run by producing a sphpdb file and 
    directly looking at the results.
 cenxyz.cvec      radius  cen_line_D sum{s/(area point sourc
    34.49249    21.51003   -35.40743     0.00007   (sampled)
    34.59249    17.10207   -30.81724     0.00018 (mid-point)
    34.69249    12.80796   -26.22706     0.00037   (sampled)
    34.79249     8.42226   -21.22940     0.00082 (mid-point)
    34.89249     4.59093   -16.23174     0.00233   (sampled)
    34.99249     3.46142   -13.98325     0.00499 (mid-point)
    35.09249     3.18895   -11.73477     0.00812   (sampled)
    35.19249     3.12126   -11.61995     0.01138 (mid-point)
    35.29249     3.04993   -11.50514     0.01481   (sampled)
    35.39249     2.95103   -10.91091     0.01846 (mid-point)
    35.49249     2.92447   -10.31669     0.02218   (sampled)
    35.59249     2.86872   -10.21185     0.02605 (mid-point)
    35.69249     2.81456   -10.10701     0.03007   (sampled)
    35.79249     2.75142   -10.00436     0.03427 (mid-point)
    35.89249     2.68617    -9.90172     0.03869   (sampled)
    35.99249     2.60893    -9.79819     0.04336 (mid-point)
    36.09249     2.53303    -9.69466     0.04832   (sampled)
    36.19249     2.43180    -9.25817     0.05371 (mid-point)
    36.29249     2.38312    -8.82168     0.05931   (sampled)
    36.39249     2.31281    -8.69576     0.06526 (mid-point)
    36.49249     2.24517    -8.56984     0.07158   (sampled)
    36.59249     2.17942    -8.46580     0.07828 (mid-point)
    36.69249     2.11401    -8.36176     0.08540   (sampled)
    36.79249     2.04364    -8.25388     0.09302 (mid-point)
    36.89249     1.97547    -8.14601     0.10118   (sampled)
    36.99249     1.91055    -8.03476     0.10990 (mid-point)
    37.09249     1.84698    -7.92350     0.11923   (sampled)
    37.19249     1.78566    -7.81478     0.12921 (mid-point)
    37.29249     1.72658    -7.70606     0.13989   (sampled)
    37.39249     1.64225    -7.43764     0.15169 (mid-point)
    37.49249     1.57124    -7.16921     0.16459   (sampled)
    37.59249     1.27877    -6.39524     0.18405 (mid-point)
    37.69249     1.22327    -5.62127     0.20532   (sampled)
    37.79249     0.85819    -4.85120     0.24854 (mid-point)
    37.89249     0.72457    -4.08114     0.30917   (sampled)
    37.99249     0.66360    -3.38645     0.38145 (mid-point)
    38.09249     0.73155    -2.69176     0.44093   (sampled)
    38.19249     0.61856    -1.97751     0.52413 (mid-point)
    38.29249     0.71428    -1.26327     0.58652   (sampled)
    38.39249     0.74453    -1.15111     0.64394 (mid-point)
    38.49249     0.77930    -1.03895     0.69635   (sampled)
    38.59249     0.78912    -0.93610     0.74747 (mid-point)
    38.69249     0.79964    -0.83325     0.79725   (sampled)
    38.79249     0.81275    -0.73197     0.84544 (mid-point)
    38.89249     0.82943    -0.63069     0.89171   (sampled)
    38.99249     0.85182    -0.52903     0.93558 (mid-point)
    39.09249     0.87724    -0.42738     0.97694   (sampled)
    39.19249     0.89378    -0.32340     1.01678 (mid-point)
    39.29249     0.91413    -0.21941     1.05488   (sampled)
    39.39249     0.92677    -0.10971     1.09194 (mid-point)
    39.49249     0.94553    -0.00000     1.12754   (sampled)
    39.59249     0.97096     0.10877     1.16130 (mid-point)
    39.69249     1.00156     0.21753     1.19304   (sampled)
    39.79249     1.03418     0.32254     1.22280 (mid-point)
    39.89249     1.07122     0.42755     1.25054   (sampled)
    39.99249     1.11089     0.53203     1.27633 (mid-point)
    40.09249     1.15490     0.63651     1.30019   (sampled)
    40.19249     1.19525     0.88937     1.32248 (mid-point)
    40.29249     1.26258     1.14223     1.34244   (sampled)
    40.39249     1.31226     1.25261     1.36093 (mid-point)
    40.49249     1.36535     1.36300     1.37800   (sampled)
    40.59249     1.41741     1.57295     1.39385 (mid-point)
    40.69249     1.48576     1.78289     1.40827   (sampled)
    40.79249     1.55037     1.88656     1.42151 (mid-point)
    40.89249     1.61687     1.99022     1.43369   (sampled)
    40.99249     1.68445     2.09463     1.44490 (mid-point)
    41.09249     1.75379     2.19905     1.45525   (sampled)
    41.19249     1.82449     2.30262     1.46482 (mid-point)
    41.29249     1.89657     2.40620     1.47366   (sampled)
    41.39249     1.96135     2.50725     1.48194 (mid-point)
    41.49249     2.02805     2.60830     1.48968   (sampled)
    41.59249     2.09089     2.72120     1.49696 (mid-point)
    41.69249     2.15458     2.83410     1.50382   (sampled)
    41.79249     2.21172     2.96640     1.51032 (mid-point)
    41.89249     2.27199     3.09870     1.51649   (sampled)
    41.99249     2.24204     3.95479     1.52282 (mid-point)
    42.09249     2.39272     4.81087     1.52838   (sampled)
    42.19249     4.37099     8.86352     1.53005 (mid-point)
    42.29249     7.74256    12.91616     1.53058   (sampled)
    42.39249    12.25656    18.10203     1.53079 (mid-point)
    42.49249    17.13358    23.28790     1.53090   (sampled)

 Minimum radius found:      0.619 angstroms.



 For spherical probe approach, The geometric factor
         F= sum(ds/area) along channel is    1.531 angstroms**-1
 This yields a macroscopic predicted molar conductance of:
   (1/rho)*(100/F)= (65/rho) pS,
   where rho is the conductivity of 1M permeant ion in ohm m.
 N.B. this is a macroscopic conductance - an overestimate 
 Empirically corrected conductances currently only available
 With the CAPSULE option (although its not that stable!)
 For 1M KCl rho= 1/12 (ohm m), So Gmacro= 780 pS/M.
  (TAG      1   Rmin=     0.61856   Gmacro=   783.85301 Conn_Gmacro=    -1.00000 ).
 HOLE: normal completion
