 *** Program HOLE ***
 
 If results of this run are reported or published, please
 cite the publication listed below.
 For the HOLE program:
   Smart, O.S., Goodfellow, J.M., Wallace, B.A. (1993). 
   The pore dimensions of gramicidin A. 
   Biophys. J., 65, 2455-2460.
 
 Originally written by Oliver Smart at Birkbeck College from April 1992.
 Copyright 1993-2005 Oliver Smart
 Copyright 2014-2015 SmartSci Limited.
 Copyright 2016 Oliver Smart.
 
 For help on HOLE suite see  http://www.holeprogram.org/
 
 HOLE release 2.2.005 (07 August 2016) 
 
 usage subject to Apache License, Version 2.0 
 see http://www.apache.org/licenses/LICENSE-2.0 

 Control variables read:

! Input file for Oliver Smart's HOLE program
! written by MDAnalysis.analysis.hole2.HoleAnalysis
! for a Universe
! u = mda.Universe(/afs/crc.nd.edu/user/m/mfarshad/Private/ML-new/traj/host-cyc2
!    /afs/crc.nd.edu/user/m/mfarshad/Private/ML-new/traj/host-cyc2/host_cyc2.trr
!   )
! Frame 62

COORD  /tmp/2550286.1.long/tmp55773eyc.pdb
RADIUS simple2.rad
SPHPDB hole062.sph
SAMPLE 0.200000
ENDRAD 22.000000
IGNORE SOL WAT TIP HOH K   NA  CL
SHORTO 0
RASEED 31415
CPOINT 40.0858570012 40.0099723556 39.5157042850


 WARNING have not found a CVECT record - will try to guess
 Input pdb filename read as:    '/tmp/2550286.1.long/tmp55773eyc.pdb'
 Input vdW radius file read as: 'simple2.rad'
 point in channel:   40.086  40.010  39.516
 channel vector:   ************************
 sampling distance between planes:    0.200

 graphics conditions:
 binary plot output file name: NONE
 Dot density:    10
 Draw dots?           T
 Draw close contacts? F
 Draw centre line?    T
 Produce spikes rather than dots? F
 Seed for random number generator:     31415 (0 means value set by program)
 Radius above which a result is regarded as an 'end':  22.000
 Pdb format file for sphere centres: hole062.sph

 Monte Carlo conditions:
  no of steps:  1000
  maximum displacement   0.100 angs
  'kT' initial   0.100 angs
 The spherebox and capsule options are turned off.
 (No molqpt card so will not write qpt file of the molecule)
 IGNORE card read so will ignore residue types: SOL WAT TIP HOH K   NA  CL
 no SHORTO card read so will produce full textual output
 As no PEGRAT card was found will not produce PEG polymer exclusion graph
 (No 2DMAPS card specified so will not produce 2D property maps)
 Have not found a CUT card.  Normal calculation using
   Cutoff lists with a cutsize=       1.000
   (if you wish to turn off option use a CUT -1 card)

 Have read     7 bond radius records and
              16 vdW radius records.
 From file: simple2.rad

 Have read    88 atom records.
 From file: /tmp/2550286.1.long/tmp55773eyc.pdb
 Will not produce graphical output

 Have opened file for pdb format output of sphere centres:  hole062.sph

  Seed integer used by ran # generator on this run      31415

 
 S/R cguess will try to guess CPOINT and/or CVECT
 
 THESE GUESSES MAY WELL BE WRONG!!!!
 Routine relies on having a reasonably symmetric
 channel oriented along x, y or z vector
 YOU ARE STRONGLY ADVISED TO CHECK THE RESULTS
                       WITH MOLECULAR GRAPHICS
 testing points from cpoint in X, Y then Z direction
   point                   pore radius
direction     1
  35.086  40.010  39.516     1.921
  36.086  40.010  39.516     1.647
  37.086  40.010  39.516     1.086
  38.086  40.010  39.516     0.340
  39.086  40.010  39.516    -0.590
  40.086  40.010  39.516    -1.292
  41.086  40.010  39.516    -0.992
  42.086  40.010  39.516    -0.467
  43.086  40.010  39.516     0.032
  44.086  40.010  39.516     0.809
  45.086  40.010  39.516     1.735
 Average pore radius along the line=      0.384
direction     2
  40.086  35.010  39.516    -0.649
  40.086  36.010  39.516    -0.914
  40.086  37.010  39.516    -0.987
  40.086  38.010  39.516    -0.614
  40.086  39.010  39.516    -0.398
  40.086  40.010  39.516    -1.292
  40.086  41.010  39.516    -1.340
  40.086  42.010  39.516    -0.461
  40.086  43.010  39.516     0.130
  40.086  44.010  39.516    -0.502
  40.086  45.010  39.516    -0.289
 Average pore radius along the line=     -0.665
direction     3
  40.086  40.010  34.516    -0.322
  40.086  40.010  35.516    -1.080
  40.086  40.010  36.516    -0.927
  40.086  40.010  37.516    -0.294
  40.086  40.010  38.516    -1.160
  40.086  40.010  39.516    -1.292
  40.086  40.010  40.516    -0.484
  40.086  40.010  41.516    -0.640
  40.086  40.010  42.516    -1.070
  40.086  40.010  43.516    -0.629
  40.086  40.010  44.516     0.213
 Average pore radius along the line=     -0.699
 Best direction is found to be     1
(1=X,2=Y,3=Z)
 s/r cguess has produced initial values for cpoint &/or cvect:
CPOINT      40.0859     40.0100     39.5157
CVECT        1.0000      0.0000      0.0000
 THESE GUESSES MAY WELL BE WRONG!!!!
 Routine relies on having a reasonably symmetric
 channel oriented along x, y or z vector
 YOU ARE STRONGLY ADVISED TO CHECK THE RESULTS
                       WITH MOLECULAR GRAPHICS
 
 
  Some routines (e.g. conn) need vectors normal to cvect: 
     EAST Zero degrees angle is along vector    0.000   1.000   0.000
     NORTH  90 degrees angle is along vector    0.000   0.000  -1.000
 highest radius point found:
  at point   40.086  40.859  41.257
  closest atom surface    0.173   C4  CYC X    1
  2nd closest surface     0.174   S2  CYC X    1
  found on step  966
  this is also current point
  no. of rejections          390
 stored as     0

 highest radius point found:
  at point   40.286  40.988  41.323
  closest atom surface    0.250   S4  CYC X    1
  2nd closest surface     0.251   C4  CYC X    1
  found on step  119
 current point:
  at point   40.286  40.993  41.323
  closest atom surface    0.250   C4  CYC X    1
  2nd closest surface     0.251   S4  CYC X    1
  found on step  944
  no. of rejections          330
 stored as     1

 highest radius point found:
  at point   40.486  41.117  41.393
  closest atom surface    0.352   S4  CYC X    1
  2nd closest surface     0.352   C4  CYC X    1
  found on step  745
 current point:
  at point   40.486  41.120  41.393
  closest atom surface    0.352   C4  CYC X    1
  2nd closest surface     0.352   S4  CYC X    1
  found on step  931
  no. of rejections          352
 stored as     2

 highest radius point found:
  at point   40.686  42.763  41.113
  closest atom surface    0.773   H11 CYC X    1
  2nd closest surface     0.774   C14 CYC X    1
  found on step  730
 current point:
  at point   40.686  42.755  41.110
  closest atom surface    0.773   H8  CYC X    1
  2nd closest surface     0.775   H11 CYC X    1
  found on step  978
  no. of rejections          264
 stored as     3

 highest radius point found:
  at point   40.886  42.628  41.038
  closest atom surface    0.889   S4  CYC X    1
  2nd closest surface     0.889   C14 CYC X    1
  found on step  378
 current point:
  at point   40.886  42.627  41.056
  closest atom surface    0.888   H8  CYC X    1
  2nd closest surface     0.889   C14 CYC X    1
  found on step  960
  no. of rejections          399
 stored as     4

 highest radius point found:
  at point   41.086  42.613  41.049
  closest atom surface    0.895   C14 CYC X    1
  2nd closest surface     0.930   S4  CYC X    1
  found on step  999
  this is also current point
  no. of rejections          358
 stored as     5

 highest radius point found:
  at point   41.286  42.400  41.390
  closest atom surface    1.084   H8  CYC X    1
  2nd closest surface     1.085   H18 CYC X    1
  found on step 1000
  this is also current point
  no. of rejections          388
 stored as     6

 highest radius point found:
  at point   41.486  42.326  41.444
  closest atom surface    1.146   O2  CYC X    1
  2nd closest surface     1.151   S4  CYC X    1
  found on step  854
 current point:
  at point   41.486  42.338  41.433
  closest atom surface    1.146   H18 CYC X    1
  2nd closest surface     1.149   S4  CYC X    1
  found on step  959
  no. of rejections          385
 stored as     7

 highest radius point found:
  at point   41.686  42.279  41.466
  closest atom surface    1.220   S4  CYC X    1
  2nd closest surface     1.223   H18 CYC X    1
  found on step  990
  this is also current point
  no. of rejections          383
 stored as     8

 highest radius point found:
  at point   41.886  42.236  41.492
  closest atom surface    1.304   H18 CYC X    1
  2nd closest surface     1.305   S4  CYC X    1
  found on step  341
 current point:
  at point   41.886  42.199  41.512
  closest atom surface    1.301   O2  CYC X    1
  2nd closest surface     1.301   S4  CYC X    1
  found on step  968
  no. of rejections          348
 stored as     9

 highest radius point found:
  at point   42.086  42.185  41.530
  closest atom surface    1.405   H18 CYC X    1
  2nd closest surface     1.405   O2  CYC X    1
  found on step  939
  this is also current point
  no. of rejections          357
 stored as    10

 highest radius point found:
  at point   42.286  42.139  41.560
  closest atom surface    1.513   S4  CYC X    1
  2nd closest surface     1.513   O2  CYC X    1
  found on step  973
  this is also current point
  no. of rejections          349
 stored as    11

 highest radius point found:
  at point   42.486  42.106  41.590
  closest atom surface    1.628   H18 CYC X    1
  2nd closest surface     1.630   O2  CYC X    1
  found on step  854
 current point:
  at point   42.486  42.106  41.595
  closest atom surface    1.626   O2  CYC X    1
  2nd closest surface     1.627   H18 CYC X    1
  found on step  885
  no. of rejections          351
 stored as    12

 highest radius point found:
  at point   42.686  42.065  41.616
  closest atom surface    1.757   S4  CYC X    1
  2nd closest surface     1.757   H18 CYC X    1
  found on step 1000
  this is also current point
  no. of rejections          307
 stored as    13

 highest radius point found:
  at point   42.886  42.032  41.647
  closest atom surface    1.888   H18 CYC X    1
  2nd closest surface     1.889   O2  CYC X    1
  found on step  978
  this is also current point
  no. of rejections          352
 stored as    14

 highest radius point found:
  at point   43.086  41.997  41.673
  closest atom surface    2.029   H18 CYC X    1
  2nd closest surface     2.030   S4  CYC X    1
  found on step  837
 current point:
  at point   43.086  41.986  41.679
  closest atom surface    2.029   O2  CYC X    1
  2nd closest surface     2.030   S4  CYC X    1
  found on step  995
  no. of rejections          336
 stored as    15

 highest radius point found:
  at point   43.286  41.962  41.698
  closest atom surface    2.173   S4  CYC X    1
  2nd closest surface     2.177   H18 CYC X    1
  found on step  854
 current point:
  at point   43.286  41.947  41.713
  closest atom surface    2.172   O2  CYC X    1
  2nd closest surface     2.177   S4  CYC X    1
  found on step  976
  no. of rejections          318
 stored as    16

 highest radius point found:
  at point   43.486  41.932  41.732
  closest atom surface    2.325   O2  CYC X    1
  2nd closest surface     2.327   H18 CYC X    1
  found on step  871
 current point:
  at point   43.486  41.935  41.729
  closest atom surface    2.325   H18 CYC X    1
  2nd closest surface     2.326   O2  CYC X    1
  found on step  919
  no. of rejections          321
 stored as    17

 highest radius point found:
  at point   43.686  41.902  41.759
  closest atom surface    2.481   O2  CYC X    1
  2nd closest surface     2.482   S4  CYC X    1
  found on step  416
 current point:
  at point   43.686  41.778  41.808
  closest atom surface    2.475   O2  CYC X    1
  2nd closest surface     2.475   S4  CYC X    1
  found on step  982
  no. of rejections          332
 stored as    18

 highest radius point found:
  at point   43.886  41.851  41.794
  closest atom surface    2.639   S4  CYC X    1
  2nd closest surface     2.640   O2  CYC X    1
  found on step  924
  this is also current point
  no. of rejections          307
 stored as    19

 highest radius point found:
  at point   44.086  41.805  41.830
  closest atom surface    2.801   O2  CYC X    1
  2nd closest surface     2.802   C13 CYC X    1
  found on step  974
  this is also current point
  no. of rejections          300
 stored as    20

 highest radius point found:
  at point   44.286  41.706  41.886
  closest atom surface    2.967   O2  CYC X    1
  2nd closest surface     2.967   S4  CYC X    1
  found on step  158
 current point:
  at point   44.286  41.664  41.903
  closest atom surface    2.967   O2  CYC X    1
  2nd closest surface     2.967   S4  CYC X    1
  found on step  890
  no. of rejections          320
 stored as    21

 highest radius point found:
  at point   44.486  41.617  41.950
  closest atom surface    3.122   S2  CYC X    1
  2nd closest surface     3.124   H17 CYC X    1
  found on step  974
  this is also current point
  no. of rejections          313
 stored as    22

 highest radius point found:
  at point   44.686  41.575  42.094
  closest atom surface    3.262   H17 CYC X    1
  2nd closest surface     3.262   S2  CYC X    1
  found on step  702
 current point:
  at point   44.686  41.570  42.071
  closest atom surface    3.262   H17 CYC X    1
  2nd closest surface     3.262   S2  CYC X    1
  found on step  934
  no. of rejections          302
 stored as    23

 highest radius point found:
  at point   44.886  41.528  42.221
  closest atom surface    3.409   S2  CYC X    1
  2nd closest surface     3.410   O2  CYC X    1
  found on step  945
  this is also current point
  no. of rejections          269
 stored as    24

 highest radius point found:
  at point   45.086  40.225  45.507
  closest atom surface    3.940   O2  CYC X    1
  2nd closest surface     3.954   S2  CYC X    1
  found on step 1000
  this is also current point
  no. of rejections          217
 stored as    25

 highest radius point found:
  at point   45.286  37.753  53.400
  closest atom surface    9.890   O1  CYC X    1
  2nd closest surface     9.983   H9  CYC X    1
  found on step  999
  this is also current point
  no. of rejections          240
 stored as    26

 highest radius point found:
  at point   45.486  32.598  62.101
  closest atom surface   18.979   O1  CYC X    1
  2nd closest surface    19.298   S1  CYC X    1
  found on step  997
  this is also current point
  no. of rejections          261
 stored as    27

 highest radius point found:
  at point   45.686  28.567  72.832
  closest atom surface   29.993   O1  CYC X    1
  2nd closest surface    30.416   H36 CYC X    1
  found on step  996
  this is also current point
  no. of rejections          248
 This is an end! (radius above  22.0 angs)
 highest radius point found:
  at point   39.886  40.735  41.183
  closest atom surface    0.121   S4  CYC X    1
  2nd closest surface     0.126   C4  CYC X    1
  found on step  641
 current point:
  at point   39.886  40.958  41.124
  closest atom surface    0.091   C4  CYC X    1
  2nd closest surface     0.096   S4  CYC X    1
  found on step  988
  no. of rejections          380
 stored as    -1

 highest radius point found:
  at point   39.686  40.719  41.087
  closest atom surface    0.078   C4  CYC X    1
  2nd closest surface     0.079   S4  CYC X    1
  found on step  967
  this is also current point
  no. of rejections          400
 stored as    -2

 highest radius point found:
  at point   39.486  42.103  40.482
  closest atom surface    0.238   S4  CYC X    1
  2nd closest surface     0.240   H11 CYC X    1
  found on step  971
  this is also current point
  no. of rejections          352
 stored as    -3

 highest radius point found:
  at point   39.286  42.039  40.454
  closest atom surface    0.258   H8  CYC X    1
  2nd closest surface     0.260   S4  CYC X    1
  found on step  997
  this is also current point
  no. of rejections          378
 stored as    -4

 highest radius point found:
  at point   39.086  41.963  40.423
  closest atom surface    0.294   S4  CYC X    1
  2nd closest surface     0.295   H8  CYC X    1
  found on step  948
  this is also current point
  no. of rejections          378
 stored as    -5

 highest radius point found:
  at point   38.886  41.873  40.356
  closest atom surface    0.320   S4  CYC X    1
  2nd closest surface     0.321   C4  CYC X    1
  found on step  919
  this is also current point
  no. of rejections          365
 stored as    -6

 highest radius point found:
  at point   38.686  41.785  40.276
  closest atom surface    0.363   S4  CYC X    1
  2nd closest surface     0.364   C7  CYC X    1
  found on step  878
 current point:
  at point   38.686  41.786  40.274
  closest atom surface    0.363   S4  CYC X    1
  2nd closest surface     0.363   C7  CYC X    1
  found on step  884
  no. of rejections          356
 stored as    -7

 highest radius point found:
  at point   38.486  41.638  40.218
  closest atom surface    0.410   S4  CYC X    1
  2nd closest surface     0.410   C6  CYC X    1
  found on step  999
  this is also current point
  no. of rejections          360
 stored as    -8

 highest radius point found:
  at point   38.286  41.421  40.186
  closest atom surface    0.466   C4  CYC X    1
  2nd closest surface     0.466   C6  CYC X    1
  found on step  896
  this is also current point
  no. of rejections          331
 stored as    -9

 highest radius point found:
  at point   38.086  41.209  40.150
  closest atom surface    0.555   C4  CYC X    1
  2nd closest surface     0.556   C6  CYC X    1
  found on step  995
  this is also current point
  no. of rejections          330
 stored as   -10

 highest radius point found:
  at point   37.886  40.997  40.099
  closest atom surface    0.672   S4  CYC X    1
  2nd closest surface     0.672   C3  CYC X    1
  found on step  998
  this is also current point
  no. of rejections          322
 stored as   -11

 highest radius point found:
  at point   37.686  40.872  39.963
  closest atom surface    0.794   S4  CYC X    1
  2nd closest surface     0.796   C3  CYC X    1
  found on step  930
  this is also current point
  no. of rejections          351
 stored as   -12

 highest radius point found:
  at point   37.486  38.823  38.394
  closest atom surface    1.377   S3  CYC X    1
  2nd closest surface     1.377   O10 CYC X    1
  found on step  990
  this is also current point
  no. of rejections          298
 stored as   -13

 highest radius point found:
  at point   37.286  38.855  38.488
  closest atom surface    1.481   H5  CYC X    1
  2nd closest surface     1.481   S3  CYC X    1
  found on step  915
  this is also current point
  no. of rejections          327
 stored as   -14

 highest radius point found:
  at point   37.086  38.889  38.564
  closest atom surface    1.591   S3  CYC X    1
  2nd closest surface     1.600   O10 CYC X    1
  found on step  996
  this is also current point
  no. of rejections          351
 stored as   -15

 highest radius point found:
  at point   36.886  38.916  38.675
  closest atom surface    1.725   S3  CYC X    1
  2nd closest surface     1.726   H5  CYC X    1
  found on step  943
  this is also current point
  no. of rejections          355
 stored as   -16

 highest radius point found:
  at point   36.686  38.946  38.744
  closest atom surface    1.854   S3  CYC X    1
  2nd closest surface     1.854   H1  CYC X    1
  found on step  917
  this is also current point
  no. of rejections          359
 stored as   -17

 highest radius point found:
  at point   36.486  38.982  38.683
  closest atom surface    1.954   S3  CYC X    1
  2nd closest surface     1.959   H1  CYC X    1
  found on step  951
  this is also current point
  no. of rejections          351
 stored as   -18

 highest radius point found:
  at point   36.286  39.036  38.678
  closest atom surface    2.063   H1  CYC X    1
  2nd closest surface     2.064   S3  CYC X    1
  found on step   17
 current point:
  at point   36.286  39.041  38.173
  closest atom surface    1.979   S3  CYC X    1
  2nd closest surface     1.982   O10 CYC X    1
  found on step  987
  no. of rejections          324
 stored as   -19

 highest radius point found:
  at point   36.086  39.058  38.596
  closest atom surface    2.185   S3  CYC X    1
  2nd closest surface     2.185   H1  CYC X    1
  found on step  993
  this is also current point
  no. of rejections          328
 stored as   -20

 highest radius point found:
  at point   35.886  39.089  38.540
  closest atom surface    2.312   S3  CYC X    1
  2nd closest surface     2.313   H1  CYC X    1
  found on step  517
 current point:
  at point   35.886  39.212  38.802
  closest atom surface    2.298   S3  CYC X    1
  2nd closest surface     2.300   H1  CYC X    1
  found on step  978
  no. of rejections          365
 stored as   -21

 highest radius point found:
  at point   35.686  39.122  38.489
  closest atom surface    2.446   S3  CYC X    1
  2nd closest surface     2.447   H1  CYC X    1
  found on step  620
 current point:
  at point   35.686  39.122  38.487
  closest atom surface    2.446   S3  CYC X    1
  2nd closest surface     2.449   O10 CYC X    1
  found on step  980
  no. of rejections          335
 stored as   -22

 highest radius point found:
  at point   35.486  39.161  38.457
  closest atom surface    2.585   S3  CYC X    1
  2nd closest surface     2.585   H1  CYC X    1
  found on step  916
  this is also current point
  no. of rejections          308
 stored as   -23

 highest radius point found:
  at point   35.286  39.205  38.422
  closest atom surface    2.726   S3  CYC X    1
  2nd closest surface     2.735   H1  CYC X    1
  found on step   22
 current point:
  at point   35.286  39.231  37.359
  closest atom surface    2.685   O10 CYC X    1
  2nd closest surface     2.685   S3  CYC X    1
  found on step  991
  no. of rejections          304
 stored as   -24

 highest radius point found:
  at point   35.086  39.224  38.358
  closest atom surface    2.880   S3  CYC X    1
  2nd closest surface     2.884   H1  CYC X    1
  found on step   66
 current point:
  at point   35.086  39.251  38.414
  closest atom surface    2.873   S3  CYC X    1
  2nd closest surface     2.879   H1  CYC X    1
  found on step  999
  no. of rejections          301
 stored as   -25

 highest radius point found:
  at point   34.886  39.255  38.318
  closest atom surface    3.035   S3  CYC X    1
  2nd closest surface     3.036   H1  CYC X    1
  found on step  800
 current point:
  at point   34.886  39.257  38.311
  closest atom surface    3.033   S3  CYC X    1
  2nd closest surface     3.037   O10 CYC X    1
  found on step  992
  no. of rejections          304
 stored as   -26

 highest radius point found:
  at point   34.686  39.292  38.283
  closest atom surface    3.191   S3  CYC X    1
  2nd closest surface     3.195   H1  CYC X    1
  found on step  581
 current point:
  at point   34.686  39.331  37.156
  closest atom surface    3.185   S3  CYC X    1
  2nd closest surface     3.185   O10 CYC X    1
  found on step  960
  no. of rejections          310
 stored as   -27

 highest radius point found:
  at point   34.486  39.363  37.087
  closest atom surface    3.358   O10 CYC X    1
  2nd closest surface     3.359   O7  CYC X    1
  found on step  863
 current point:
  at point   34.486  39.364  37.089
  closest atom surface    3.358   S3  CYC X    1
  2nd closest surface     3.359   O10 CYC X    1
  found on step  898
  no. of rejections          339
 stored as   -28

 highest radius point found:
  at point   34.286  39.394  37.054
  closest atom surface    3.530   O10 CYC X    1
  2nd closest surface     3.532   S3  CYC X    1
  found on step  239
 current point:
  at point   34.286  39.372  37.689
  closest atom surface    3.494   O10 CYC X    1
  2nd closest surface     3.495   S3  CYC X    1
  found on step  898
  no. of rejections          275
 stored as   -29

 highest radius point found:
  at point   34.086  39.428  36.959
  closest atom surface    3.713   O10 CYC X    1
  2nd closest surface     3.714   S3  CYC X    1
  found on step  978
  this is also current point
  no. of rejections          244
 stored as   -30

 highest radius point found:
  at point   33.886  39.462  36.887
  closest atom surface    3.894   O7  CYC X    1
  2nd closest surface     3.895   S3  CYC X    1
  found on step  998
  this is also current point
  no. of rejections          263
 stored as   -31

 highest radius point found:
  at point   33.686  39.493  36.825
  closest atom surface    4.078   O7  CYC X    1
  2nd closest surface     4.078   S3  CYC X    1
  found on step  982
  this is also current point
  no. of rejections          257
 stored as   -32

 highest radius point found:
  at point   33.486  39.524  36.772
  closest atom surface    4.261   O10 CYC X    1
  2nd closest surface     4.262   S3  CYC X    1
  found on step  970
  this is also current point
  no. of rejections          291
 stored as   -33

 highest radius point found:
  at point   33.286  39.557  36.694
  closest atom surface    4.450   O7  CYC X    1
  2nd closest surface     4.450   S3  CYC X    1
  found on step  983
  this is also current point
  no. of rejections          248
 stored as   -34

 highest radius point found:
  at point   33.086  43.132  32.146
  closest atom surface    6.316   H28 CYC X    1
  2nd closest surface     6.322   O5  CYC X    1
  found on step 1000
  this is also current point
  no. of rejections          196
 stored as   -35

 highest radius point found:
  at point   32.886  45.672  23.162
  closest atom surface   13.562   H28 CYC X    1
  2nd closest surface    13.666   O5  CYC X    1
  found on step 1000
  this is also current point
  no. of rejections          223
 stored as   -36

 highest radius point found:
  at point   32.686  48.532  12.568
  closest atom surface   23.905   H28 CYC X    1
  2nd closest surface    23.946   O6  CYC X    1
  found on step 1000
  this is also current point
  no. of rejections          251
 This is an end! (radius above  22.0 angs)
 
 N.b. Graph information routine (HOGRAP) differs 
        markedly from previous versions!
       Information now is written from -ve end
       to +ve in one pass
 
 Explanation of the meaning of each column: 
 First column "cenxyz.cvec" is the coordinate in the
   direction of the channel vector i.e. if the channel
   vector is in z (0 0 1) then it is the z coordinate.
 The second column "radius" is the hole pore radius 
   (as defined in the Biophys J 1993) article).
 The third column "cen_line_D" is the distance 
   measured along the pore centre line - with the 
   first point found set to zero. This was the first
   thing that I used to measure the distance along a pore
   but "cenxyz.cvec" is a much better general measure. 
   However, by comparing changes in this distance to changes in '   "cenxyz.cvec" one can get a measure of how straight a 
   channel is.
 The fourth column "sum{s/(area)}" is useful in conductance
   prediction -
   basically it is the sum of the thickness of each slab
   divided by its area. HOLE uses this measure to estimate
   the macroscopic conductance of a channel.
 If any of this worries you one can see the "raw" results
   of a standard hole run by producing a sphpdb file and 
    directly looking at the results.
 cenxyz.cvec      radius  cen_line_D sum{s/(area point sourc
    32.88585    13.56191   -27.48751     0.00017   (sampled)
    32.98585     9.53509   -22.81834     0.00052 (mid-point)
    33.08585     6.31638   -18.14918     0.00132   (sampled)
    33.18585     4.92797   -15.25504     0.00263 (mid-point)
    33.28585     4.44993   -12.36090     0.00424   (sampled)
    33.38585     4.35553   -12.25227     0.00592 (mid-point)
    33.48585     4.26143   -12.14364     0.00767   (sampled)
    33.58585     4.16960   -12.03897     0.00950 (mid-point)
    33.68585     4.07789   -11.93431     0.01141   (sampled)
    33.78585     3.98574   -11.82846     0.01342 (mid-point)
    33.88585     3.89408   -11.72262     0.01552   (sampled)
    33.98585     3.80395   -11.61490     0.01772 (mid-point)
    34.08585     3.71307   -11.50717     0.02003   (sampled)
    34.18585     3.62128   -11.39519     0.02245 (mid-point)
    34.28585     3.53029   -11.28321     0.02501   (sampled)
    34.38585     3.44408   -11.18075     0.02769 (mid-point)
    34.48585     3.35848   -11.07830     0.03051   (sampled)
    34.58585     3.24095   -10.47067     0.03354 (mid-point)
    34.68585     3.19148    -9.86305     0.03667   (sampled)
    34.78585     3.11274    -9.75987     0.03995 (mid-point)
    34.88585     3.03488    -9.65669     0.04341   (sampled)
    34.98585     2.95681    -9.55353     0.04705 (mid-point)
    35.08585     2.87966    -9.45038     0.05089   (sampled)
    35.18585     2.80213    -9.34508     0.05494 (mid-point)
    35.28585     2.72568    -9.23979     0.05923   (sampled)
    35.38585     2.65467    -9.13591     0.06374 (mid-point)
    35.48585     2.58491    -9.03203     0.06851   (sampled)
    35.58585     2.51490    -8.92885     0.07354 (mid-point)
    35.68585     2.44618    -8.82567     0.07886   (sampled)
    35.78585     2.37856    -8.72123     0.08449 (mid-point)
    35.88585     2.31241    -8.61680     0.09044   (sampled)
    35.98585     2.24790    -8.51177     0.09674 (mid-point)
    36.08585     2.18502    -8.40673     0.10341   (sampled)
    36.18585     2.12278    -8.29809     0.11047 (mid-point)
    36.28585     2.06277    -8.18945     0.11795   (sampled)
    36.38585     2.00815    -8.08584     0.12584 (mid-point)
    36.48585     1.95415    -7.98223     0.13418   (sampled)
    36.58585     1.90300    -7.87611     0.14297 (mid-point)
    36.68585     1.85410    -7.77000     0.15223   (sampled)
    36.78585     1.78841    -7.66313     0.16218 (mid-point)
    36.88585     1.72463    -7.55626     0.17288   (sampled)
    36.98585     1.65683    -7.44111     0.18448 (mid-point)
    37.08585     1.59144    -7.32597     0.19705   (sampled)
    37.18585     1.53515    -7.21776     0.21055 (mid-point)
    37.28585     1.48057    -7.10956     0.22507   (sampled)
    37.38585     1.42755    -6.99773     0.24069 (mid-point)
    37.48585     1.37663    -6.88590     0.25749   (sampled)
    37.58585     0.83015    -5.59123     0.30368 (mid-point)
    37.68585     0.79448    -4.29655     0.35411   (sampled)
    37.78585     0.73037    -4.16058     0.41378 (mid-point)
    37.88585     0.67165    -4.02460     0.48434   (sampled)
    37.98585     0.61097    -3.87660     0.56961 (mid-point)
    38.08585     0.55505    -3.72860     0.67293   (sampled)
    38.18585     0.50651    -3.58175     0.79700 (mid-point)
    38.28585     0.46629    -3.43489     0.94340   (sampled)
    38.38585     0.43358    -3.28637     1.11272 (mid-point)
    38.48585     0.40954    -3.13784     1.30251   (sampled)
    38.58585     0.38287    -3.01044     1.51965 (mid-point)
    38.68585     0.36277    -2.88304     1.76153   (sampled)
    38.78585     0.33863    -2.76674     2.03911 (mid-point)
    38.88585     0.32008    -2.65044     2.34980   (sampled)
    38.98585     0.30433    -2.53577     2.69348 (mid-point)
    39.08585     0.29421    -2.42110     3.06120   (sampled)
    39.18585     0.27207    -2.31300     3.49124 (mid-point)
    39.28585     0.25761    -2.20490     3.97088   (sampled)
    39.38585     0.24599    -2.09883     4.49691 (mid-point)
    39.48585     0.23772    -1.99276     5.06018   (sampled)
    39.58585     0.01457    -1.23113   155.01853 (mid-point)
    39.68585     0.07831    -0.46949   160.20905   (sampled)
    39.78585     0.09694    -0.35815   163.59635 (mid-point)
    39.88585     0.12106    -0.24680   165.76828   (sampled)
    39.98585     0.14526    -0.12340   167.27674 (mid-point)
    40.08585     0.17290     0.00000   168.34149   (sampled)
    40.18585     0.20856     0.12365   169.07329 (mid-point)
    40.28585     0.25029     0.24731   169.58141   (sampled)
    40.38585     0.29833     0.37118   169.93906 (mid-point)
    40.48585     0.35192     0.49505   170.19608   (sampled)
    40.58585     0.35092     1.33629   170.45456 (mid-point)
    40.68585     0.77294     2.17753   170.50784   (sampled)
    40.78585     0.82923     2.30389   170.55413 (mid-point)
    40.88585     0.88872     2.43024   170.59443   (sampled)
    40.98585     0.89021     2.53070   170.63460 (mid-point)
    41.08585     0.89485     2.63115   170.67435   (sampled)
    41.18585     0.99431     2.85555   170.70654 (mid-point)
    41.28585     1.08413     3.07995   170.73363   (sampled)
    41.38585     1.11641     3.18989   170.75917 (mid-point)
    41.48585     1.14574     3.29984   170.78341   (sampled)
    41.58585     1.18380     3.40318   170.80613 (mid-point)
    41.68585     1.22005     3.50653   170.82751   (sampled)
    41.78585     1.26118     3.60959   170.84752 (mid-point)
    41.88585     1.30375     3.71266   170.86625   (sampled)
    41.98585     1.35248     3.81762   170.88365 (mid-point)
    42.08585     1.40480     3.92258   170.89978   (sampled)
    42.18585     1.45809     4.02630   170.91475 (mid-point)
    42.28585     1.51291     4.13003   170.92866   (sampled)
    42.38585     1.57049     4.23249   170.94157 (mid-point)
    42.48585     1.62768     4.33494   170.95358   (sampled)
    42.58585     1.69113     4.43788   170.96471 (mid-point)
    42.68585     1.75664     4.54081   170.97503   (sampled)
    42.78585     1.82137     4.64330   170.98462 (mid-point)
    42.88585     1.88798     4.74580   170.99355   (sampled)
    42.98585     1.95743     4.84806   171.00186 (mid-point)
    43.08585     2.02873     4.95032   171.00959   (sampled)
    43.18585     2.10079     5.05267   171.01681 (mid-point)
    43.28585     2.17281     5.15502   171.02355   (sampled)
    43.38585     2.24966     5.25751   171.02984 (mid-point)
    43.48585     2.32537     5.36000   171.03572   (sampled)
    43.58585     2.40271     5.46208   171.04124 (mid-point)
    43.68585     2.48112     5.56416   171.04641   (sampled)
    43.78585     2.55981     5.66876   171.05127 (mid-point)
    43.88585     2.63946     5.77335   171.05584   (sampled)
    43.98585     2.71992     5.87763   171.06014 (mid-point)
    44.08585     2.80123     5.98190   171.06419   (sampled)
    44.18585     2.88325     6.09687   171.06802 (mid-point)
    44.28585     2.96668     6.21183   171.07164   (sampled)
    44.38585     3.04482     6.32582   171.07507 (mid-point)
    44.48585     3.12244     6.43981   171.07834   (sampled)
    44.58585     3.19141     6.56480   171.08146 (mid-point)
    44.68585     3.26203     6.68979   171.08446   (sampled)
    44.78585     3.33485     6.81067   171.08732 (mid-point)
    44.88585     3.40900     6.93156   171.09006   (sampled)
    44.98585     3.37888     8.70191   171.09284 (mid-point)
    45.08585     3.93995    10.47226   171.09490   (sampled)
    45.18585     6.55639    14.60870   171.09564 (mid-point)
    45.28585     9.89018    18.74513   171.09596   (sampled)
    45.38585    14.28055    23.80313   171.09612 (mid-point)
    45.48585    18.97901    28.86113   171.09621   (sampled)

 Minimum radius found:      0.015 angstroms.



 For spherical probe approach, The geometric factor
         F= sum(ds/area) along channel is  171.096 angstroms**-1
 This yields a macroscopic predicted molar conductance of:
   (1/rho)*(100/F)= (0.58/rho) pS,
   where rho is the conductivity of 1M permeant ion in ohm m.
 N.B. this is a macroscopic conductance - an overestimate 
 Empirically corrected conductances currently only available
 With the CAPSULE option (although its not that stable!)
 For 1M KCl rho= 1/12 (ohm m), So Gmacro= 7.0 pS/M.
  (TAG      1   Rmin=     0.01457   Gmacro=     7.01360 Conn_Gmacro=    -1.00000 ).
 HOLE: normal completion
