 *** Program HOLE ***
 
 If results of this run are reported or published, please
 cite the publication listed below.
 For the HOLE program:
   Smart, O.S., Goodfellow, J.M., Wallace, B.A. (1993). 
   The pore dimensions of gramicidin A. 
   Biophys. J., 65, 2455-2460.
 
 Originally written by Oliver Smart at Birkbeck College from April 1992.
 Copyright 1993-2005 Oliver Smart
 Copyright 2014-2015 SmartSci Limited.
 Copyright 2016 Oliver Smart.
 
 For help on HOLE suite see  http://www.holeprogram.org/
 
 HOLE release 2.2.005 (07 August 2016) 
 
 usage subject to Apache License, Version 2.0 
 see http://www.apache.org/licenses/LICENSE-2.0 

 Control variables read:

! Input file for Oliver Smart's HOLE program
! written by MDAnalysis.analysis.hole2.HoleAnalysis
! for a Universe
! u = mda.Universe(/afs/crc.nd.edu/user/m/mfarshad/Private/ML-new/traj/host-cyc2
!    /afs/crc.nd.edu/user/m/mfarshad/Private/ML-new/traj/host-cyc2/host_cyc2.trr
!   )
! Frame 260

COORD  /tmp/2550286.1.long/tmpb3kb1lkj.pdb
RADIUS simple2.rad
SPHPDB hole260.sph
SAMPLE 0.200000
ENDRAD 22.000000
IGNORE SOL WAT TIP HOH K   NA  CL
SHORTO 0
RASEED 31415
CPOINT 41.2429616668 38.6351183545 39.6956520081


 WARNING have not found a CVECT record - will try to guess
 Input pdb filename read as:    '/tmp/2550286.1.long/tmpb3kb1lkj.pdb'
 Input vdW radius file read as: 'simple2.rad'
 point in channel:   41.243  38.635  39.696
 channel vector:   ************************
 sampling distance between planes:    0.200

 graphics conditions:
 binary plot output file name: NONE
 Dot density:    10
 Draw dots?           T
 Draw close contacts? F
 Draw centre line?    T
 Produce spikes rather than dots? F
 Seed for random number generator:     31415 (0 means value set by program)
 Radius above which a result is regarded as an 'end':  22.000
 Pdb format file for sphere centres: hole260.sph

 Monte Carlo conditions:
  no of steps:  1000
  maximum displacement   0.100 angs
  'kT' initial   0.100 angs
 The spherebox and capsule options are turned off.
 (No molqpt card so will not write qpt file of the molecule)
 IGNORE card read so will ignore residue types: SOL WAT TIP HOH K   NA  CL
 no SHORTO card read so will produce full textual output
 As no PEGRAT card was found will not produce PEG polymer exclusion graph
 (No 2DMAPS card specified so will not produce 2D property maps)
 Have not found a CUT card.  Normal calculation using
   Cutoff lists with a cutsize=       1.000
   (if you wish to turn off option use a CUT -1 card)

 Have read     7 bond radius records and
              16 vdW radius records.
 From file: simple2.rad

 Have read    88 atom records.
 From file: /tmp/2550286.1.long/tmpb3kb1lkj.pdb
 Will not produce graphical output

 Have opened file for pdb format output of sphere centres:  hole260.sph

  Seed integer used by ran # generator on this run      31415

 
 S/R cguess will try to guess CPOINT and/or CVECT
 
 THESE GUESSES MAY WELL BE WRONG!!!!
 Routine relies on having a reasonably symmetric
 channel oriented along x, y or z vector
 YOU ARE STRONGLY ADVISED TO CHECK THE RESULTS
                       WITH MOLECULAR GRAPHICS
 testing points from cpoint in X, Y then Z direction
   point                   pore radius
direction     1
  36.243  38.635  39.696    -0.140
  37.243  38.635  39.696    -0.862
  38.243  38.635  39.696    -1.188
  39.243  38.635  39.696    -0.902
  40.243  38.635  39.696    -0.966
  41.243  38.635  39.696    -0.288
  42.243  38.635  39.696    -0.607
  43.243  38.635  39.696    -1.287
  44.243  38.635  39.696    -0.963
  45.243  38.635  39.696    -1.098
  46.243  38.635  39.696    -0.970
 Average pore radius along the line=     -0.843
direction     2
  41.243  33.635  39.696     1.835
  41.243  34.635  39.696     1.169
  41.243  35.635  39.696     0.544
  41.243  36.635  39.696    -0.186
  41.243  37.635  39.696    -0.547
  41.243  38.635  39.696    -0.288
  41.243  39.635  39.696    -0.369
  41.243  40.635  39.696     0.080
  41.243  41.635  39.696     0.827
  41.243  42.635  39.696     0.946
  41.243  43.635  39.696     1.217
 Average pore radius along the line=      0.475
direction     3
  41.243  38.635  34.696    -1.499
  41.243  38.635  35.696    -0.866
  41.243  38.635  36.696    -0.190
  41.243  38.635  37.696     0.427
  41.243  38.635  38.696     0.096
  41.243  38.635  39.696    -0.288
  41.243  38.635  40.696    -0.953
  41.243  38.635  41.696    -0.905
  41.243  38.635  42.696    -1.107
  41.243  38.635  43.696    -1.060
  41.243  38.635  44.696    -1.289
 Average pore radius along the line=     -0.694
 Best direction is found to be     2
(1=X,2=Y,3=Z)
 s/r cguess has produced initial values for cpoint &/or cvect:
CPOINT      41.2430     38.6351     39.6956
CVECT        0.0000      1.0000      0.0000
 THESE GUESSES MAY WELL BE WRONG!!!!
 Routine relies on having a reasonably symmetric
 channel oriented along x, y or z vector
 YOU ARE STRONGLY ADVISED TO CHECK THE RESULTS
                       WITH MOLECULAR GRAPHICS
 
 
  Some routines (e.g. conn) need vectors normal to cvect: 
     EAST Zero degrees angle is along vector    1.000   0.000   0.000
     NORTH  90 degrees angle is along vector    0.000   0.000   1.000
 highest radius point found:
  at point   41.247  38.635  37.941
  closest atom surface    0.613   S3  CYC X    1
  2nd closest surface     0.613   H27 CYC X    1
  found on step  996
  this is also current point
  no. of rejections          354
 stored as     0

 highest radius point found:
  at point   40.120  38.835  37.466
  closest atom surface    0.713   C30 CYC X    1
  2nd closest surface     0.714   H27 CYC X    1
  found on step  938
  this is also current point
  no. of rejections          367
 stored as     1

 highest radius point found:
  at point   40.147  39.035  37.434
  closest atom surface    0.829   H27 CYC X    1
  2nd closest surface     0.830   C30 CYC X    1
  found on step  303
 current point:
  at point   40.145  39.035  37.441
  closest atom surface    0.829   C30 CYC X    1
  2nd closest surface     0.830   S1  CYC X    1
  found on step  892
  no. of rejections          377
 stored as     2

 highest radius point found:
  at point   40.189  39.235  37.417
  closest atom surface    0.953   S1  CYC X    1
  2nd closest surface     0.959   H27 CYC X    1
  found on step  481
 current point:
  at point   41.145  39.235  37.788
  closest atom surface    0.935   H27 CYC X    1
  2nd closest surface     0.938   S1  CYC X    1
  found on step  976
  no. of rejections          371
 stored as     3

 highest radius point found:
  at point   40.210  39.435  37.369
  closest atom surface    1.098   H27 CYC X    1
  2nd closest surface     1.099   C30 CYC X    1
  found on step  998
  this is also current point
  no. of rejections          331
 stored as     4

 highest radius point found:
  at point   40.245  39.635  37.336
  closest atom surface    1.246   H27 CYC X    1
  2nd closest surface     1.248   C30 CYC X    1
  found on step  967
  this is also current point
  no. of rejections          344
 stored as     5

 highest radius point found:
  at point   40.219  39.835  37.344
  closest atom surface    1.358   C20 CYC X    1
  2nd closest surface     1.360   S1  CYC X    1
  found on step  993
  this is also current point
  no. of rejections          383
 stored as     6

 highest radius point found:
  at point   41.012  40.035  37.618
  closest atom surface    1.480   C20 CYC X    1
  2nd closest surface     1.480   S1  CYC X    1
  found on step  942
  this is also current point
  no. of rejections          351
 stored as     7

 highest radius point found:
  at point   41.008  40.235  37.639
  closest atom surface    1.601   S1  CYC X    1
  2nd closest surface     1.603   C20 CYC X    1
  found on step  816
 current point:
  at point   41.007  40.235  37.637
  closest atom surface    1.601   C20 CYC X    1
  2nd closest surface     1.602   S1  CYC X    1
  found on step  945
  no. of rejections          350
 stored as     8

 highest radius point found:
  at point   40.920  40.435  37.623
  closest atom surface    1.715   C20 CYC X    1
  2nd closest surface     1.715   S2  CYC X    1
  found on step  144
 current point:
  at point   40.304  40.435  37.435
  closest atom surface    1.713   C20 CYC X    1
  2nd closest surface     1.715   S1  CYC X    1
  found on step  951
  no. of rejections          360
 stored as     9

 highest radius point found:
  at point   40.327  40.635  37.464
  closest atom surface    1.847   S1  CYC X    1
  2nd closest surface     1.847   C20 CYC X    1
  found on step  924
  this is also current point
  no. of rejections          383
 stored as    10

 highest radius point found:
  at point   40.341  40.835  37.479
  closest atom surface    1.980   C20 CYC X    1
  2nd closest surface     1.980   S2  CYC X    1
  found on step  964
  this is also current point
  no. of rejections          374
 stored as    11

 highest radius point found:
  at point   40.325  41.035  37.451
  closest atom surface    2.086   O10 CYC X    1
  2nd closest surface     2.087   S2  CYC X    1
  found on step  988
  this is also current point
  no. of rejections          356
 stored as    12

 highest radius point found:
  at point   40.297  41.235  37.438
  closest atom surface    2.189   S2  CYC X    1
  2nd closest surface     2.189   O6  CYC X    1
  found on step  932
  this is also current point
  no. of rejections          355
 stored as    13

 highest radius point found:
  at point   40.270  41.435  37.425
  closest atom surface    2.297   O6  CYC X    1
  2nd closest surface     2.298   S2  CYC X    1
  found on step  743
 current point:
  at point   40.277  41.435  37.428
  closest atom surface    2.295   S2  CYC X    1
  2nd closest surface     2.296   O6  CYC X    1
  found on step  991
  no. of rejections          406
 stored as    14

 highest radius point found:
  at point   40.232  41.635  37.411
  closest atom surface    2.414   O10 CYC X    1
  2nd closest surface     2.415   S2  CYC X    1
  found on step  881
  this is also current point
  no. of rejections          382
 stored as    15

 highest radius point found:
  at point   40.199  41.835  37.399
  closest atom surface    2.536   O10 CYC X    1
  2nd closest surface     2.537   S2  CYC X    1
  found on step  902
  this is also current point
  no. of rejections          361
 stored as    16

 highest radius point found:
  at point   40.170  42.035  37.382
  closest atom surface    2.666   O6  CYC X    1
  2nd closest surface     2.667   O10 CYC X    1
  found on step  966
  this is also current point
  no. of rejections          362
 stored as    17

 highest radius point found:
  at point   40.135  42.235  37.369
  closest atom surface    2.799   O10 CYC X    1
  2nd closest surface     2.801   S2  CYC X    1
  found on step  966
  this is also current point
  no. of rejections          358
 stored as    18

 highest radius point found:
  at point   40.104  42.435  37.350
  closest atom surface    2.938   O6  CYC X    1
  2nd closest surface     2.939   O10 CYC X    1
  found on step  515
 current point:
  at point   40.108  42.435  37.356
  closest atom surface    2.938   S2  CYC X    1
  2nd closest surface     2.940   O6  CYC X    1
  found on step 1000
  no. of rejections          362
 stored as    19

 highest radius point found:
  at point   40.075  42.635  37.339
  closest atom surface    3.083   S2  CYC X    1
  2nd closest surface     3.083   O6  CYC X    1
  found on step  952
  this is also current point
  no. of rejections          333
 stored as    20

 highest radius point found:
  at point   40.042  42.835  37.323
  closest atom surface    3.230   O6  CYC X    1
  2nd closest surface     3.231   S2  CYC X    1
  found on step  923
  this is also current point
  no. of rejections          329
 stored as    21

 highest radius point found:
  at point   40.006  43.035  37.308
  closest atom surface    3.381   O10 CYC X    1
  2nd closest surface     3.383   S2  CYC X    1
  found on step  937
  this is also current point
  no. of rejections          325
 stored as    22

 highest radius point found:
  at point   39.976  43.235  37.289
  closest atom surface    3.536   O6  CYC X    1
  2nd closest surface     3.537   O10 CYC X    1
  found on step  951
  this is also current point
  no. of rejections          307
 stored as    23

 highest radius point found:
  at point   39.943  43.435  37.275
  closest atom surface    3.695   O10 CYC X    1
  2nd closest surface     3.696   O6  CYC X    1
  found on step  865
  this is also current point
  no. of rejections          323
 stored as    24

 highest radius point found:
  at point   39.906  43.635  37.254
  closest atom surface    3.854   O3  CYC X    1
  2nd closest surface     3.854   O10 CYC X    1
  found on step  977
  this is also current point
  no. of rejections          298
 stored as    25

 highest radius point found:
  at point   39.847  43.835  37.169
  closest atom surface    4.000   O6  CYC X    1
  2nd closest surface     4.000   O3  CYC X    1
  found on step  973
  this is also current point
  no. of rejections          344
 stored as    26

 highest radius point found:
  at point   39.784  44.035  37.088
  closest atom surface    4.151   O3  CYC X    1
  2nd closest surface     4.151   O10 CYC X    1
  found on step  964
  this is also current point
  no. of rejections          296
 stored as    27

 highest radius point found:
  at point   39.722  44.235  37.005
  closest atom surface    4.306   O10 CYC X    1
  2nd closest surface     4.307   O6  CYC X    1
  found on step  986
  this is also current point
  no. of rejections          296
 stored as    28

 highest radius point found:
  at point   39.661  44.435  36.925
  closest atom surface    4.465   O3  CYC X    1
  2nd closest surface     4.466   O10 CYC X    1
  found on step  977
  this is also current point
  no. of rejections          290
 stored as    29

 highest radius point found:
  at point   38.295  44.635  33.887
  closest atom surface    4.935   H28 CYC X    1
  2nd closest surface     4.938   O10 CYC X    1
  found on step  999
  this is also current point
  no. of rejections          228
 stored as    30

 highest radius point found:
  at point   32.472  44.835  26.372
  closest atom surface   11.034   H34 CYC X    1
  2nd closest surface    11.098   H28 CYC X    1
  found on step 1000
  this is also current point
  no. of rejections          214
 stored as    31

 highest radius point found:
  at point   27.559  45.035  16.026
  closest atom surface   20.687   H34 CYC X    1
  2nd closest surface    20.870   C26 CYC X    1
  found on step  999
  this is also current point
  no. of rejections          242
 stored as    32

 highest radius point found:
  at point   24.453  45.235   6.100
  closest atom surface   30.563   H34 CYC X    1
  2nd closest surface    30.712   C26 CYC X    1
  found on step 1000
  this is also current point
  no. of rejections          268
 This is an end! (radius above  22.0 angs)
 highest radius point found:
  at point   40.077  38.435  37.518
  closest atom surface    0.525   C30 CYC X    1
  2nd closest surface     0.525   S1  CYC X    1
  found on step  979
  this is also current point
  no. of rejections          382
 stored as    -1

 highest radius point found:
  at point   40.059  38.235  37.535
  closest atom surface    0.454   C30 CYC X    1
  2nd closest surface     0.456   H27 CYC X    1
  found on step   53
 current point:
  at point   40.060  38.235  37.534
  closest atom surface    0.454   C30 CYC X    1
  2nd closest surface     0.456   H27 CYC X    1
  found on step  965
  no. of rejections          374
 stored as    -2

 highest radius point found:
  at point   40.050  38.035  37.549
  closest atom surface    0.406   H27 CYC X    1
  2nd closest surface     0.406   C30 CYC X    1
  found on step  883
  this is also current point
  no. of rejections          401
 stored as    -3

 highest radius point found:
  at point   40.079  37.835  37.581
  closest atom surface    0.364   S1  CYC X    1
  2nd closest surface     0.365   H27 CYC X    1
  found on step  811
 current point:
  at point   40.085  37.835  37.584
  closest atom surface    0.361   S1  CYC X    1
  2nd closest surface     0.363   H27 CYC X    1
  found on step  882
  no. of rejections          389
 stored as    -4

 highest radius point found:
  at point   40.133  37.635  37.616
  closest atom surface    0.335   S1  CYC X    1
  2nd closest surface     0.339   H27 CYC X    1
  found on step  856
 current point:
  at point   40.136  37.635  37.612
  closest atom surface    0.334   H27 CYC X    1
  2nd closest surface     0.339   N6  CYC X    1
  found on step  965
  no. of rejections          401
 stored as    -5

 highest radius point found:
  at point   40.194  37.435  37.643
  closest atom surface    0.333   N6  CYC X    1
  2nd closest surface     0.334   S1  CYC X    1
  found on step  987
  this is also current point
  no. of rejections          382
 stored as    -6

 highest radius point found:
  at point   40.266  37.235  37.667
  closest atom surface    0.355   H27 CYC X    1
  2nd closest surface     0.356   N6  CYC X    1
  found on step  988
  this is also current point
  no. of rejections          389
 stored as    -7

 highest radius point found:
  at point   40.873  37.035  37.902
  closest atom surface    0.389   S1  CYC X    1
  2nd closest surface     0.389   C19 CYC X    1
  found on step  992
  this is also current point
  no. of rejections          355
 stored as    -8

 highest radius point found:
  at point   40.661  36.835  37.825
  closest atom surface    0.436   C19 CYC X    1
  2nd closest surface     0.436   S1  CYC X    1
  found on step  981
  this is also current point
  no. of rejections          415
 stored as    -9

 highest radius point found:
  at point   40.763  36.635  37.922
  closest atom surface    0.473   S1  CYC X    1
  2nd closest surface     0.476   S4  CYC X    1
  found on step  873
  this is also current point
  no. of rejections          376
 stored as   -10

 highest radius point found:
  at point   45.127  36.435  43.152
  closest atom surface    2.410   H20 CYC X    1
  2nd closest surface     2.456   O2  CYC X    1
  found on step  999
  this is also current point
  no. of rejections          291
 stored as   -11

 highest radius point found:
  at point   52.823  36.235  48.471
  closest atom surface    8.595   C10 CYC X    1
  2nd closest surface     8.620   C8  CYC X    1
  found on step 1000
  this is also current point
  no. of rejections          216
 stored as   -12

 highest radius point found:
  at point   62.094  36.035  54.457
  closest atom surface   18.480   C11 CYC X    1
  2nd closest surface    18.543   C10 CYC X    1
  found on step 1000
  this is also current point
  no. of rejections          240
 stored as   -13

 highest radius point found:
  at point   71.040  35.835  57.693
  closest atom surface   27.485   C11 CYC X    1
  2nd closest surface    27.642   C12 CYC X    1
  found on step  998
  this is also current point
  no. of rejections          247
 This is an end! (radius above  22.0 angs)
 
 N.b. Graph information routine (HOGRAP) differs 
        markedly from previous versions!
       Information now is written from -ve end
       to +ve in one pass
 
 Explanation of the meaning of each column: 
 First column "cenxyz.cvec" is the coordinate in the
   direction of the channel vector i.e. if the channel
   vector is in z (0 0 1) then it is the z coordinate.
 The second column "radius" is the hole pore radius 
   (as defined in the Biophys J 1993) article).
 The third column "cen_line_D" is the distance 
   measured along the pore centre line - with the 
   first point found set to zero. This was the first
   thing that I used to measure the distance along a pore
   but "cenxyz.cvec" is a much better general measure. 
   However, by comparing changes in this distance to changes in '   "cenxyz.cvec" one can get a measure of how straight a 
   channel is.
 The fourth column "sum{s/(area)}" is useful in conductance
   prediction -
   basically it is the sum of the thickness of each slab
   divided by its area. HOLE uses this measure to estimate
   the macroscopic conductance of a channel.
 If any of this worries you one can see the "raw" results
   of a standard hole run by producing a sphpdb file and 
    directly looking at the results.
 cenxyz.cvec      radius  cen_line_D sum{s/(area point sourc
    36.03512    18.47997   -30.93862     0.00009   (sampled)
    36.13512    13.38265   -25.41962     0.00027 (mid-point)
    36.23512     8.59493   -19.90062     0.00070   (sampled)
    36.33512     4.66354   -15.22206     0.00217 (mid-point)
    36.43512     2.41001   -10.54350     0.00765   (sampled)
    36.53512     0.12236    -7.13606     2.13383 (mid-point)
    36.63512     0.47285    -3.72862     2.27620   (sampled)
    36.73512     0.45151    -3.60643     2.43234 (mid-point)
    36.83512     0.43595    -3.48423     2.59982   (sampled)
    36.93512     0.40741    -3.33347     2.79159 (mid-point)
    37.03512     0.38858    -3.18270     3.00239   (sampled)
    37.13512     0.33391    -2.84232     3.28788 (mid-point)
    37.23512     0.35526    -2.50195     3.54008   (sampled)
    37.33512     0.34086    -2.39498     3.81404 (mid-point)
    37.43512     0.33348    -2.28802     4.10027   (sampled)
    37.53512     0.33194    -2.18263     4.38916 (mid-point)
    37.63512     0.33477    -2.07725     4.67319   (sampled)
    37.73512     0.34718    -1.97208     4.93727 (mid-point)
    37.83512     0.36421    -1.86691     5.17723   (sampled)
    37.93512     0.38144    -1.76464     5.39600 (mid-point)
    38.03512     0.40561    -1.66237     5.58948   (sampled)
    38.13512     0.42765    -1.56199     5.76352 (mid-point)
    38.23512     0.45405    -1.46160     5.91792   (sampled)
    38.33512     0.48768    -1.36088     6.05176 (mid-point)
    38.43512     0.52510    -1.26015     6.16720   (sampled)
    38.53512     0.43802    -0.63007     6.33310 (mid-point)
    38.63512     0.61282     0.00000     6.41786   (sampled)
    38.73512     0.54468     0.61995     6.52516 (mid-point)
    38.83512     0.71329     1.23991     6.58772   (sampled)
    38.93512     0.76978     1.34209     6.64144 (mid-point)
    39.03512     0.82948     1.44427     6.68770   (sampled)
    39.13512     0.89242     1.54675     6.72767 (mid-point)
    39.23512     0.95337     1.64922     6.76269   (sampled)
    39.33512     1.02681     1.75257     6.79288 (mid-point)
    39.43512     1.09780     1.85591     6.81929   (sampled)
    39.53512     1.17095     1.95876     6.84251 (mid-point)
    39.63512     1.24644     2.06161     6.86299   (sampled)
    39.73512     1.30289     2.16246     6.88175 (mid-point)
    39.83512     1.35788     2.26332     6.89901   (sampled)
    39.93512     1.39091     2.69460     6.91546 (mid-point)
    40.03512     1.47995     3.12588     6.93000   (sampled)
    40.13512     1.53971     3.22645     6.94342 (mid-point)
    40.23512     1.60114     3.32702     6.95584   (sampled)
    40.33512     1.65739     3.43661     6.96743 (mid-point)
    40.43512     1.71454     3.54619     6.97825   (sampled)
    40.53512     1.76720     3.86889     6.98845 (mid-point)
    40.63512     1.84719     4.19159     6.99778   (sampled)
    40.73512     1.91276     4.29212     7.00648 (mid-point)
    40.83512     1.97967     4.39265     7.01460   (sampled)
    40.93512     2.03265     4.49394     7.02230 (mid-point)
    41.03512     2.08631     4.59524     7.02962   (sampled)
    41.13512     2.13707     4.69647     7.03659 (mid-point)
    41.23512     2.18920     4.79771     7.04323   (sampled)
    41.33512     2.24211     4.89876     7.04956 (mid-point)
    41.43512     2.29677     4.99981     7.05559   (sampled)
    41.53512     2.35541     5.10189     7.06133 (mid-point)
    41.63512     2.41422     5.20397     7.06679   (sampled)
    41.73512     2.47454     5.30552     7.07199 (mid-point)
    41.83512     2.53644     5.40707     7.07694   (sampled)
    41.93512     2.60085     5.50845     7.08164 (mid-point)
    42.03512     2.66561     5.60982     7.08612   (sampled)
    42.13512     2.73224     5.71156     7.09039 (mid-point)
    42.23512     2.79917     5.81330     7.09445   (sampled)
    42.33512     2.86827     5.91489     7.09832 (mid-point)
    42.43512     2.93819     6.01648     7.10201   (sampled)
    42.53512     3.00989     6.11768     7.10552 (mid-point)
    42.63512     3.08266     6.21888     7.10887   (sampled)
    42.73512     3.15593     6.32054     7.11206 (mid-point)
    42.83512     3.23020     6.42220     7.11512   (sampled)
    42.93512     3.30606     6.52415     7.11803 (mid-point)
    43.03512     3.38125     6.62610     7.12081   (sampled)
    43.13512     3.45888     6.72764     7.12347 (mid-point)
    43.23512     3.53568     6.82918     7.12602   (sampled)
    43.33512     3.61528     6.93078     7.12845 (mid-point)
    43.43512     3.69543     7.03239     7.13079   (sampled)
    43.53512     3.77434     7.13466     7.13302 (mid-point)
    43.63512     3.85355     7.23692     7.13516   (sampled)
    43.73512     3.92632     7.34941     7.13723 (mid-point)
    43.83512     3.99981     7.46190     7.13922   (sampled)
    43.93512     4.07503     7.57429     7.14113 (mid-point)
    44.03512     4.15089     7.68668     7.14298   (sampled)
    44.13512     4.22805     7.79937     7.14476 (mid-point)
    44.23512     4.30628     7.91206     7.14648   (sampled)
    44.33512     4.38574     8.02396     7.14813 (mid-point)
    44.43512     4.46534     8.13586     7.14973   (sampled)
    44.53512     4.48362     9.80466     7.15131 (mid-point)
    44.63512     4.93513    11.47346     7.15262   (sampled)
    44.73512     7.25791    16.22750     7.15322 (mid-point)
    44.83512    11.03445    20.98154     7.15349   (sampled)
    44.93512    15.57594    26.70955     7.15362 (mid-point)
    45.03512    20.68676    32.43756     7.15369   (sampled)

 Minimum radius found:      0.122 angstroms.



 For spherical probe approach, The geometric factor
         F= sum(ds/area) along channel is    7.154 angstroms**-1
 This yields a macroscopic predicted molar conductance of:
   (1/rho)*(100/F)= (14/rho) pS,
   where rho is the conductivity of 1M permeant ion in ohm m.
 N.B. this is a macroscopic conductance - an overestimate 
 Empirically corrected conductances currently only available
 With the CAPSULE option (although its not that stable!)
 For 1M KCl rho= 1/12 (ohm m), So Gmacro= 170 pS/M.
  (TAG      1   Rmin=     0.12236   Gmacro=   167.74556 Conn_Gmacro=    -1.00000 ).
 HOLE: normal completion
