 *** Program HOLE ***
 
 If results of this run are reported or published, please
 cite the publication listed below.
 For the HOLE program:
   Smart, O.S., Goodfellow, J.M., Wallace, B.A. (1993). 
   The pore dimensions of gramicidin A. 
   Biophys. J., 65, 2455-2460.
 
 Originally written by Oliver Smart at Birkbeck College from April 1992.
 Copyright 1993-2005 Oliver Smart
 Copyright 2014-2015 SmartSci Limited.
 Copyright 2016 Oliver Smart.
 
 For help on HOLE suite see  http://www.holeprogram.org/
 
 HOLE release 2.2.005 (07 August 2016) 
 
 usage subject to Apache License, Version 2.0 
 see http://www.apache.org/licenses/LICENSE-2.0 

 Control variables read:

! Input file for Oliver Smart's HOLE program
! written by MDAnalysis.analysis.hole2.HoleAnalysis
! for a Universe
! u = mda.Universe(/afs/crc.nd.edu/user/m/mfarshad/Private/ML-new/traj/host-87/h
!    /afs/crc.nd.edu/user/m/mfarshad/Private/ML-new/traj/host-87/host_87.trr
!   )
! Frame 22

COORD  /tmp/2550235.1.long/tmppxvpfo3l.pdb
RADIUS simple2.rad
SPHPDB hole022.sph
SAMPLE 0.200000
ENDRAD 22.000000
IGNORE SOL WAT TIP HOH K   NA  CL
SHORTO 0
RASEED 31415
CPOINT 40.1153773414 39.7509471893 39.8944480896


 WARNING have not found a CVECT record - will try to guess
 Input pdb filename read as:    '/tmp/2550235.1.long/tmppxvpfo3l.pdb'
 Input vdW radius file read as: 'simple2.rad'
 point in channel:   40.115  39.751  39.894
 channel vector:   ************************
 sampling distance between planes:    0.200

 graphics conditions:
 binary plot output file name: NONE
 Dot density:    10
 Draw dots?           T
 Draw close contacts? F
 Draw centre line?    T
 Produce spikes rather than dots? F
 Seed for random number generator:     31415 (0 means value set by program)
 Radius above which a result is regarded as an 'end':  22.000
 Pdb format file for sphere centres: hole022.sph

 Monte Carlo conditions:
  no of steps:  1000
  maximum displacement   0.100 angs
  'kT' initial   0.100 angs
 The spherebox and capsule options are turned off.
 (No molqpt card so will not write qpt file of the molecule)
 IGNORE card read so will ignore residue types: SOL WAT TIP HOH K   NA  CL
 no SHORTO card read so will produce full textual output
 As no PEGRAT card was found will not produce PEG polymer exclusion graph
 (No 2DMAPS card specified so will not produce 2D property maps)
 Have not found a CUT card.  Normal calculation using
   Cutoff lists with a cutsize=       1.000
   (if you wish to turn off option use a CUT -1 card)

 Have read     7 bond radius records and
              16 vdW radius records.
 From file: simple2.rad

 Have read    90 atom records.
 From file: /tmp/2550235.1.long/tmppxvpfo3l.pdb
 Will not produce graphical output

 Have opened file for pdb format output of sphere centres:  hole022.sph

  Seed integer used by ran # generator on this run      31415

 
 S/R cguess will try to guess CPOINT and/or CVECT
 
 THESE GUESSES MAY WELL BE WRONG!!!!
 Routine relies on having a reasonably symmetric
 channel oriented along x, y or z vector
 YOU ARE STRONGLY ADVISED TO CHECK THE RESULTS
                       WITH MOLECULAR GRAPHICS
 testing points from cpoint in X, Y then Z direction
   point                   pore radius
direction     1
  35.115  39.751  39.894    -1.301
  36.115  39.751  39.894    -1.385
  37.115  39.751  39.894    -0.390
  38.115  39.751  39.894    -0.115
  39.115  39.751  39.894     0.120
  40.115  39.751  39.894     0.821
  41.115  39.751  39.894     1.146
  42.115  39.751  39.894     0.401
  43.115  39.751  39.894    -0.222
  44.115  39.751  39.894    -0.693
  45.115  39.751  39.894    -0.475
 Average pore radius along the line=     -0.190
direction     2
  40.115  34.751  39.894    -0.426
  40.115  35.751  39.894    -1.172
  40.115  36.751  39.894    -0.793
  40.115  37.751  39.894     0.087
  40.115  38.751  39.894     1.003
  40.115  39.751  39.894     0.821
  40.115  40.751  39.894     0.020
  40.115  41.751  39.894    -0.649
  40.115  42.751  39.894    -0.791
  40.115  43.751  39.894    -1.067
  40.115  44.751  39.894    -1.077
 Average pore radius along the line=     -0.368
direction     3
  40.115  39.751  34.894     0.340
  40.115  39.751  35.894    -0.320
  40.115  39.751  36.894    -0.393
  40.115  39.751  37.894     0.192
  40.115  39.751  38.894     0.960
  40.115  39.751  39.894     0.821
  40.115  39.751  40.894     0.741
  40.115  39.751  41.894     0.956
  40.115  39.751  42.894     0.743
  40.115  39.751  43.894     0.625
  40.115  39.751  44.894     0.924
 Average pore radius along the line=      0.508
 Best direction is found to be     3
(1=X,2=Y,3=Z)
 s/r cguess has produced initial values for cpoint &/or cvect:
CPOINT      40.1154     39.7509     39.8945
CVECT        0.0000      0.0000      1.0000
 THESE GUESSES MAY WELL BE WRONG!!!!
 Routine relies on having a reasonably symmetric
 channel oriented along x, y or z vector
 YOU ARE STRONGLY ADVISED TO CHECK THE RESULTS
                       WITH MOLECULAR GRAPHICS
 
 
  Some routines (e.g. conn) need vectors normal to cvect: 
     EAST Zero degrees angle is along vector    1.000   0.000   0.000
     NORTH  90 degrees angle is along vector    0.000  -1.000   0.000
 highest radius point found:
  at point   40.323  39.127  39.894
  closest atom surface    1.401   C30 87  X    1
  2nd closest surface     1.403   C7  87  X    1
  found on step  907
  this is also current point
  no. of rejections          425
 stored as     0

 highest radius point found:
  at point   40.282  39.116  40.094
  closest atom surface    1.347   C28 87  X    1
  2nd closest surface     1.348   C30 87  X    1
  found on step  983
  this is also current point
  no. of rejections          344
 stored as     1

 highest radius point found:
  at point   40.244  39.111  40.294
  closest atom surface    1.308   C30 87  X    1
  2nd closest surface     1.308   C28 87  X    1
  found on step  903
  this is also current point
  no. of rejections          407
 stored as     2

 highest radius point found:
  at point   40.208  39.107  40.494
  closest atom surface    1.279   C30 87  X    1
  2nd closest surface     1.279   C7  87  X    1
  found on step  999
  this is also current point
  no. of rejections          399
 stored as     3

 highest radius point found:
  at point   40.171  39.103  40.694
  closest atom surface    1.263   C7  87  X    1
  2nd closest surface     1.264   C30 87  X    1
  found on step  735
 current point:
  at point   40.170  39.097  40.694
  closest atom surface    1.262   C30 87  X    1
  2nd closest surface     1.263   C28 87  X    1
  found on step  963
  no. of rejections          407
 stored as     4

 highest radius point found:
  at point   40.129  39.095  40.894
  closest atom surface    1.259   C7  87  X    1
  2nd closest surface     1.265   C30 87  X    1
  found on step  968
  this is also current point
  no. of rejections          364
 stored as     5

 highest radius point found:
  at point   40.095  39.088  41.094
  closest atom surface    1.272   C7  87  X    1
  2nd closest surface     1.272   C30 87  X    1
  found on step  996
  this is also current point
  no. of rejections          374
 stored as     6

 highest radius point found:
  at point   40.056  39.080  41.294
  closest atom surface    1.297   C7  87  X    1
  2nd closest surface     1.298   C30 87  X    1
  found on step  589
 current point:
  at point   40.059  39.082  41.294
  closest atom surface    1.296   C30 87  X    1
  2nd closest surface     1.297   C7  87  X    1
  found on step 1000
  no. of rejections          385
 stored as     7

 highest radius point found:
  at point   40.110  39.191  41.494
  closest atom surface    1.297   O8  87  X    1
  2nd closest surface     1.297   C7  87  X    1
  found on step  501
 current point:
  at point   40.114  39.196  41.494
  closest atom surface    1.296   C7  87  X    1
  2nd closest surface     1.298   C30 87  X    1
  found on step  961
  no. of rejections          399
 stored as     8

 highest radius point found:
  at point   40.171  39.302  41.694
  closest atom surface    1.313   C30 87  X    1
  2nd closest surface     1.314   O8  87  X    1
  found on step  232
 current point:
  at point   40.173  39.303  41.694
  closest atom surface    1.312   C30 87  X    1
  2nd closest surface     1.314   C6  87  X    1
  found on step  982
  no. of rejections          400
 stored as     9

 highest radius point found:
  at point   40.210  39.331  41.894
  closest atom surface    1.303   O8  87  X    1
  2nd closest surface     1.303   C22 87  X    1
  found on step  926
  this is also current point
  no. of rejections          381
 stored as    10

 highest radius point found:
  at point   40.211  39.284  42.094
  closest atom surface    1.248   O8  87  X    1
  2nd closest surface     1.250   O10 87  X    1
  found on step  640
 current point:
  at point   40.208  39.291  42.094
  closest atom surface    1.247   O8  87  X    1
  2nd closest surface     1.248   O6  87  X    1
  found on step  981
  no. of rejections          377
 stored as    11

 highest radius point found:
  at point   40.199  39.216  42.294
  closest atom surface    1.189   O8  87  X    1
  2nd closest surface     1.191   O6  87  X    1
  found on step  973
  this is also current point
  no. of rejections          391
 stored as    12

 highest radius point found:
  at point   40.199  39.125  42.494
  closest atom surface    1.151   O8  87  X    1
  2nd closest surface     1.153   O6  87  X    1
  found on step  999
  this is also current point
  no. of rejections          373
 stored as    13

 highest radius point found:
  at point   40.193  39.048  42.694
  closest atom surface    1.126   O6  87  X    1
  2nd closest surface     1.127   O8  87  X    1
  found on step  812
 current point:
  at point   40.195  39.033  42.694
  closest atom surface    1.123   O10 87  X    1
  2nd closest surface     1.126   O8  87  X    1
  found on step  983
  no. of rejections          417
 stored as    14

 highest radius point found:
  at point   40.188  38.964  42.894
  closest atom surface    1.120   O6  87  X    1
  2nd closest surface     1.120   O8  87  X    1
  found on step  970
  this is also current point
  no. of rejections          378
 stored as    15

 highest radius point found:
  at point   40.182  38.882  43.094
  closest atom surface    1.128   O8  87  X    1
  2nd closest surface     1.130   O10 87  X    1
  found on step  981
  this is also current point
  no. of rejections          408
 stored as    16

 highest radius point found:
  at point   40.177  38.802  43.294
  closest atom surface    1.154   O8  87  X    1
  2nd closest surface     1.155   O6  87  X    1
  found on step  984
  this is also current point
  no. of rejections          396
 stored as    17

 highest radius point found:
  at point   40.171  38.716  43.494
  closest atom surface    1.195   O8  87  X    1
  2nd closest surface     1.195   O10 87  X    1
  found on step  997
  this is also current point
  no. of rejections          416
 stored as    18

 highest radius point found:
  at point   40.164  38.643  43.694
  closest atom surface    1.252   O8  87  X    1
  2nd closest surface     1.254   O6  87  X    1
  found on step  982
  this is also current point
  no. of rejections          398
 stored as    19

 highest radius point found:
  at point   40.160  38.563  43.894
  closest atom surface    1.325   O6  87  X    1
  2nd closest surface     1.325   O8  87  X    1
  found on step  666
 current point:
  at point   40.160  38.553  43.894
  closest atom surface    1.324   O10 87  X    1
  2nd closest surface     1.325   O8  87  X    1
  found on step  979
  no. of rejections          368
 stored as    20

 highest radius point found:
  at point   40.154  38.473  44.094
  closest atom surface    1.410   O8  87  X    1
  2nd closest surface     1.410   O10 87  X    1
  found on step    6
 current point:
  at point   40.152  38.466  44.094
  closest atom surface    1.408   O8  87  X    1
  2nd closest surface     1.409   O10 87  X    1
  found on step  967
  no. of rejections          375
 stored as    21

 highest radius point found:
  at point   40.149  38.402  44.294
  closest atom surface    1.508   O6  87  X    1
  2nd closest surface     1.509   O8  87  X    1
  found on step  955
  this is also current point
  no. of rejections          359
 stored as    22

 highest radius point found:
  at point   40.145  38.315  44.494
  closest atom surface    1.616   O10 87  X    1
  2nd closest surface     1.619   O8  87  X    1
  found on step  382
 current point:
  at point   40.133  38.244  44.494
  closest atom surface    1.610   O10 87  X    1
  2nd closest surface     1.613   O8  87  X    1
  found on step  987
  no. of rejections          361
 stored as    23

 highest radius point found:
  at point   40.138  38.237  44.694
  closest atom surface    1.737   O10 87  X    1
  2nd closest surface     1.737   O8  87  X    1
  found on step  980
  this is also current point
  no. of rejections          361
 stored as    24

 highest radius point found:
  at point   40.081  37.839  44.894
  closest atom surface    1.868   O10 87  X    1
  2nd closest surface     1.869   O8  87  X    1
  found on step  996
  this is also current point
  no. of rejections          340
 stored as    25

 highest radius point found:
  at point   40.077  37.773  45.094
  closest atom surface    2.011   O10 87  X    1
  2nd closest surface     2.011   O8  87  X    1
  found on step  935
  this is also current point
  no. of rejections          321
 stored as    26

 highest radius point found:
  at point   40.074  37.705  45.294
  closest atom surface    2.159   O10 87  X    1
  2nd closest surface     2.161   O8  87  X    1
  found on step  659
 current point:
  at point   40.111  37.942  45.294
  closest atom surface    2.146   O8  87  X    1
  2nd closest surface     2.148   O10 87  X    1
  found on step  936
  no. of rejections          320
 stored as    27

 highest radius point found:
  at point   40.070  37.629  45.494
  closest atom surface    2.314   O10 87  X    1
  2nd closest surface     2.317   O9  87  X    1
  found on step  927
  this is also current point
  no. of rejections          289
 stored as    28

 highest radius point found:
  at point   40.062  37.556  45.694
  closest atom surface    2.475   O9  87  X    1
  2nd closest surface     2.475   O8  87  X    1
  found on step  818
 current point:
  at point   40.069  37.581  45.694
  closest atom surface    2.473   O10 87  X    1
  2nd closest surface     2.474   O8  87  X    1
  found on step  946
  no. of rejections          283
 stored as    29

 highest radius point found:
  at point   40.062  37.497  45.894
  closest atom surface    2.639   O8  87  X    1
  2nd closest surface     2.640   O10 87  X    1
  found on step  966
  this is also current point
  no. of rejections          316
 stored as    30

 highest radius point found:
  at point   40.060  37.416  46.094
  closest atom surface    2.807   O10 87  X    1
  2nd closest surface     2.809   O9  87  X    1
  found on step  926
  this is also current point
  no. of rejections          246
 stored as    31

 highest radius point found:
  at point   36.165  33.140  46.294
  closest atom surface    4.692   H27 87  X    1
  2nd closest surface     4.701   O9  87  X    1
  found on step  988
  this is also current point
  no. of rejections          150
 stored as    32

 highest radius point found:
  at point   28.575  27.941  46.494
  closest atom surface   11.622   C27 87  X    1
  2nd closest surface    11.774   H27 87  X    1
  found on step 1000
  this is also current point
  no. of rejections          210
 stored as    33

 highest radius point found:
  at point   19.532  21.390  46.694
  closest atom surface   22.116   C27 87  X    1
  2nd closest surface    22.299   H28 87  X    1
  found on step 1000
  this is also current point
  no. of rejections          234
 This is an end! (radius above  22.0 angs)
 highest radius point found:
  at point   40.534  39.363  39.694
  closest atom surface    1.422   C16 87  X    1
  2nd closest surface     1.422   C20 87  X    1
  found on step  967
  this is also current point
  no. of rejections          338
 stored as    -1

 highest radius point found:
  at point   40.488  39.528  39.494
  closest atom surface    1.340   C6  87  X    1
  2nd closest surface     1.341   C16 87  X    1
  found on step  959
  this is also current point
  no. of rejections          386
 stored as    -2

 highest radius point found:
  at point   40.451  39.691  39.294
  closest atom surface    1.281   C16 87  X    1
  2nd closest surface     1.281   C20 87  X    1
  found on step  942
  this is also current point
  no. of rejections          353
 stored as    -3

 highest radius point found:
  at point   40.403  39.856  39.094
  closest atom surface    1.240   C16 87  X    1
  2nd closest surface     1.240   C6  87  X    1
  found on step  889
 current point:
  at point   40.408  39.858  39.094
  closest atom surface    1.240   C6  87  X    1
  2nd closest surface     1.243   C16 87  X    1
  found on step  909
  no. of rejections          380
 stored as    -4

 highest radius point found:
  at point   40.375  40.027  38.894
  closest atom surface    1.218   O4  87  X    1
  2nd closest surface     1.219   C20 87  X    1
  found on step  978
  this is also current point
  no. of rejections          366
 stored as    -5

 highest radius point found:
  at point   40.397  40.274  38.694
  closest atom surface    1.187   C6  87  X    1
  2nd closest surface     1.187   O4  87  X    1
  found on step  764
 current point:
  at point   40.406  40.269  38.694
  closest atom surface    1.187   O4  87  X    1
  2nd closest surface     1.187   C20 87  X    1
  found on step  938
  no. of rejections          381
 stored as    -6

 highest radius point found:
  at point   40.294  40.520  38.494
  closest atom surface    1.153   C4  87  X    1
  2nd closest surface     1.153   O4  87  X    1
  found on step   97
 current point:
  at point   40.304  40.512  38.494
  closest atom surface    1.151   O4  87  X    1
  2nd closest surface     1.152   C4  87  X    1
  found on step  996
  no. of rejections          336
 stored as    -7

 highest radius point found:
  at point   40.106  40.767  38.294
  closest atom surface    1.140   C6  87  X    1
  2nd closest surface     1.140   O4  87  X    1
  found on step  874
 current point:
  at point   40.098  40.769  38.294
  closest atom surface    1.137   C6  87  X    1
  2nd closest surface     1.139   O4  87  X    1
  found on step  940
  no. of rejections          375
 stored as    -8

 highest radius point found:
  at point   39.881  40.986  38.094
  closest atom surface    1.147   O4  87  X    1
  2nd closest surface     1.147   O1  87  X    1
  found on step  989
  this is also current point
  no. of rejections          369
 stored as    -9

 highest radius point found:
  at point   39.854  41.073  37.894
  closest atom surface    1.099   O1  87  X    1
  2nd closest surface     1.099   O3  87  X    1
  found on step  909
  this is also current point
  no. of rejections          407
 stored as   -10

 highest radius point found:
  at point   39.856  41.136  37.694
  closest atom surface    1.055   O3  87  X    1
  2nd closest surface     1.056   O1  87  X    1
  found on step  494
 current point:
  at point   39.846  41.159  37.694
  closest atom surface    1.052   O1  87  X    1
  2nd closest surface     1.052   O3  87  X    1
  found on step  935
  no. of rejections          388
 stored as   -11

 highest radius point found:
  at point   39.850  41.222  37.494
  closest atom surface    1.024   O1  87  X    1
  2nd closest surface     1.025   O3  87  X    1
  found on step   14
 current point:
  at point   39.623  41.724  37.494
  closest atom surface    1.009   O3  87  X    1
  2nd closest surface     1.010   O1  87  X    1
  found on step  959
  no. of rejections          378
 stored as   -12

 highest radius point found:
  at point   39.869  41.239  37.294
  closest atom surface    1.014   O4  87  X    1
  2nd closest surface     1.016   O3  87  X    1
  found on step  533
 current point:
  at point   39.682  41.665  37.294
  closest atom surface    1.000   O3  87  X    1
  2nd closest surface     1.000   O1  87  X    1
  found on step  976
  no. of rejections          396
 stored as   -13

 highest radius point found:
  at point   39.540  42.051  37.094
  closest atom surface    1.062   O3  87  X    1
  2nd closest surface     1.062   O1  87  X    1
  found on step  988
  this is also current point
  no. of rejections          378
 stored as   -14

 highest radius point found:
  at point   39.498  42.214  36.894
  closest atom surface    1.124   O3  87  X    1
  2nd closest surface     1.125   C8  87  X    1
  found on step  922
  this is also current point
  no. of rejections          364
 stored as   -15

 highest radius point found:
  at point   39.457  42.370  36.694
  closest atom surface    1.206   O3  87  X    1
  2nd closest surface     1.207   C8  87  X    1
  found on step  948
  this is also current point
  no. of rejections          358
 stored as   -16

 highest radius point found:
  at point   39.422  42.524  36.494
  closest atom surface    1.310   O3  87  X    1
  2nd closest surface     1.311   O1  87  X    1
  found on step  994
  this is also current point
  no. of rejections          318
 stored as   -17

 highest radius point found:
  at point   39.382  42.682  36.294
  closest atom surface    1.429   C8  87  X    1
  2nd closest surface     1.432   O3  87  X    1
  found on step   63
 current point:
  at point   39.389  42.686  36.294
  closest atom surface    1.427   O1  87  X    1
  2nd closest surface     1.431   C8  87  X    1
  found on step  984
  no. of rejections          327
 stored as   -18

 highest radius point found:
  at point   39.360  42.801  36.094
  closest atom surface    1.553   O1  87  X    1
  2nd closest surface     1.553   O3  87  X    1
  found on step  885
  this is also current point
  no. of rejections          341
 stored as   -19

 highest radius point found:
  at point   39.355  42.878  35.894
  closest atom surface    1.666   O2  87  X    1
  2nd closest surface     1.666   O3  87  X    1
  found on step  962
  this is also current point
  no. of rejections          374
 stored as   -20

 highest radius point found:
  at point   39.352  42.956  35.694
  closest atom surface    1.788   O2  87  X    1
  2nd closest surface     1.790   O3  87  X    1
  found on step  119
 current point:
  at point   39.360  42.964  35.694
  closest atom surface    1.785   O1  87  X    1
  2nd closest surface     1.788   O2  87  X    1
  found on step  958
  no. of rejections          343
 stored as   -21

 highest radius point found:
  at point   39.352  43.036  35.494
  closest atom surface    1.920   O1  87  X    1
  2nd closest surface     1.920   O2  87  X    1
  found on step  929
  this is also current point
  no. of rejections          359
 stored as   -22

 highest radius point found:
  at point   40.562  48.337  35.294
  closest atom surface    3.992   H6  87  X    1
  2nd closest surface     4.007   O2  87  X    1
  found on step  998
  this is also current point
  no. of rejections          269
 stored as   -23

 highest radius point found:
  at point   41.433  59.452  35.094
  closest atom surface   14.044   C5  87  X    1
  2nd closest surface    14.123   O2  87  X    1
  found on step  997
  this is also current point
  no. of rejections          258
 stored as   -24

 highest radius point found:
  at point   42.263  70.673  34.894
  closest atom surface   25.044   C5  87  X    1
  2nd closest surface    25.172   O2  87  X    1
  found on step  998
  this is also current point
  no. of rejections          241
 This is an end! (radius above  22.0 angs)
 
 N.b. Graph information routine (HOGRAP) differs 
        markedly from previous versions!
       Information now is written from -ve end
       to +ve in one pass
 
 Explanation of the meaning of each column: 
 First column "cenxyz.cvec" is the coordinate in the
   direction of the channel vector i.e. if the channel
   vector is in z (0 0 1) then it is the z coordinate.
 The second column "radius" is the hole pore radius 
   (as defined in the Biophys J 1993) article).
 The third column "cen_line_D" is the distance 
   measured along the pore centre line - with the 
   first point found set to zero. This was the first
   thing that I used to measure the distance along a pore
   but "cenxyz.cvec" is a much better general measure. 
   However, by comparing changes in this distance to changes in '   "cenxyz.cvec" one can get a measure of how straight a 
   channel is.
 The fourth column "sum{s/(area)}" is useful in conductance
   prediction -
   basically it is the sum of the thickness of each slab
   divided by its area. HOLE uses this measure to estimate
   the macroscopic conductance of a channel.
 If any of this worries you one can see the "raw" results
   of a standard hole run by producing a sphpdb file and 
    directly looking at the results.
 cenxyz.cvec      radius  cen_line_D sum{s/(area point sourc
    35.09445    14.04415   -23.06812     0.00016   (sampled)
    35.19445     8.79237   -17.49276     0.00057 (mid-point)
    35.29445     3.99238   -11.91741     0.00257   (sampled)
    35.39445     2.21896    -9.19678     0.00903 (mid-point)
    35.49445     1.91976    -6.47615     0.01767   (sampled)
    35.59445     1.85313    -6.36846     0.02694 (mid-point)
    35.69445     1.78834    -6.26077     0.03689   (sampled)
    35.79445     1.72586    -6.15345     0.04758 (mid-point)
    35.89445     1.66568    -6.04612     0.05905   (sampled)
    35.99445     1.60818    -5.93891     0.07136 (mid-point)
    36.09445     1.55291    -5.83170     0.08456   (sampled)
    36.19445     1.49109    -5.71482     0.09888 (mid-point)
    36.29445     1.42918    -5.59794     0.11446   (sampled)
    36.39445     1.36816    -5.46889     0.13147 (mid-point)
    36.49445     1.31032    -5.33983     0.15001   (sampled)
    36.59445     1.25572    -5.21251     0.17019 (mid-point)
    36.69445     1.20575    -5.08519     0.19209   (sampled)
    36.79445     1.16237    -4.95649     0.21565 (mid-point)
    36.89445     1.12430    -4.82778     0.24083   (sampled)
    36.99445     1.09015    -4.69724     0.26761 (mid-point)
    37.09445     1.06187    -4.56669     0.29584   (sampled)
    37.19445     1.00113    -4.11760     0.32760 (mid-point)
    37.29445     1.01413    -3.66850     0.35855   (sampled)
    37.39445     1.01851    -3.56767     0.38924 (mid-point)
    37.49445     1.02389    -3.46684     0.41960   (sampled)
    37.59445     1.03776    -3.35809     0.44916 (mid-point)
    37.69445     1.05507    -3.24934     0.47775   (sampled)
    37.79445     1.07523    -3.14442     0.50528 (mid-point)
    37.89445     1.09906    -3.03950     0.53163   (sampled)
    37.99445     1.12120    -2.92957     0.55696 (mid-point)
    38.09445     1.14709    -2.81964     0.58115   (sampled)
    38.19445     1.13731    -2.63387     0.60576 (mid-point)
    38.29445     1.13958    -2.44810     0.63027   (sampled)
    38.39445     1.14038    -2.26334     0.65474 (mid-point)
    38.49445     1.15289    -2.07859     0.67869   (sampled)
    38.59445     1.16511    -1.91191     0.70214 (mid-point)
    38.69445     1.18688    -1.74523     0.72474   (sampled)
    38.79445     1.19816    -1.58581     0.74691 (mid-point)
    38.89445     1.21826    -1.42638     0.76836   (sampled)
    38.99445     1.22772    -1.29413     0.78948 (mid-point)
    39.09445     1.23997    -1.16187     0.81018   (sampled)
    39.19445     1.25752    -1.02996     0.83031 (mid-point)
    39.29445     1.28053    -0.89804     0.84972   (sampled)
    39.39445     1.30812    -0.76791     0.86832 (mid-point)
    39.49445     1.34044    -0.63778     0.88604   (sampled)
    39.59445     1.37894    -0.50595     0.90278 (mid-point)
    39.69445     1.42196    -0.37411     0.91852   (sampled)
    39.79445     1.40834    -0.18706     0.93457 (mid-point)
    39.89445     1.40084     0.00000     0.95079   (sampled)
    39.99445     1.37305     0.10226     0.96767 (mid-point)
    40.09445     1.34750     0.20452     0.98520   (sampled)
    40.19445     1.32618     0.30632     1.00330 (mid-point)
    40.29445     1.30788     0.40812     1.02191   (sampled)
    40.39445     1.29190     0.50978     1.04098 (mid-point)
    40.49445     1.27913     0.61144     1.06044   (sampled)
    40.59445     1.26929     0.71309     1.08019 (mid-point)
    40.69445     1.26261     0.81474     1.10016   (sampled)
    40.79445     1.25900     0.91704     1.12024 (mid-point)
    40.89445     1.25876     1.01935     1.14033   (sampled)
    40.99445     1.26396     1.12081     1.16026 (mid-point)
    41.09445     1.27245     1.22227     1.17992   (sampled)
    41.19445     1.28324     1.32430     1.19925 (mid-point)
    41.29445     1.29730     1.42633     1.21816   (sampled)
    41.39445     1.29500     1.54393     1.23714 (mid-point)
    41.49445     1.29670     1.66153     1.25607   (sampled)
    41.59445     1.30274     1.77997     1.27483 (mid-point)
    41.69445     1.31342     1.89841     1.29328   (sampled)
    41.79445     1.30623     2.00128     1.31193 (mid-point)
    41.89445     1.30252     2.10416     1.33070   (sampled)
    41.99445     1.27363     2.20687     1.35032 (mid-point)
    42.09445     1.24809     2.30958     1.37075   (sampled)
    42.19445     1.21682     2.41543     1.39225 (mid-point)
    42.29445     1.18916     2.52127     1.41476   (sampled)
    42.39445     1.16819     2.63115     1.43809 (mid-point)
    42.49445     1.15139     2.74102     1.46210   (sampled)
    42.59445     1.13740     2.84826     1.48670 (mid-point)
    42.69445     1.12640     2.95550     1.51179   (sampled)
    42.79445     1.12100     3.06384     1.53712 (mid-point)
    42.89445     1.11982     3.17219     1.56250   (sampled)
    42.99445     1.12203     3.28034     1.58779 (mid-point)
    43.09445     1.12835     3.38850     1.61279   (sampled)
    43.19445     1.13925     3.49619     1.63731 (mid-point)
    43.29445     1.15424     3.60389     1.66121   (sampled)
    43.39445     1.17262     3.71292     1.68435 (mid-point)
    43.49445     1.19506     3.82196     1.70664   (sampled)
    43.59445     1.22161     3.92841     1.72797 (mid-point)
    43.69445     1.25183     4.03485     1.74828   (sampled)
    43.79445     1.28680     4.14262     1.76751 (mid-point)
    43.89445     1.32477     4.25039     1.78565   (sampled)
    43.99445     1.36582     4.36000     1.80271 (mid-point)
    44.09445     1.40977     4.46961     1.81872   (sampled)
    44.19445     1.45784     4.57584     1.83370 (mid-point)
    44.29445     1.50772     4.68208     1.84770   (sampled)
    44.39445     1.56110     4.79108     1.86077 (mid-point)
    44.49445     1.61586     4.90009     1.87296   (sampled)
    44.59445     1.67505     5.00756     1.88430 (mid-point)
    44.69445     1.73662     5.11503     1.89486   (sampled)
    44.79445     1.79557     5.33929     1.90473 (mid-point)
    44.89445     1.86785     5.56355     1.91385   (sampled)
    44.99445     1.93840     5.66887     1.92232 (mid-point)
    45.09445     2.01063     5.77418     1.93020   (sampled)
    45.19445     2.08427     5.87981     1.93753 (mid-point)
    45.29445     2.15941     5.98543     1.94435   (sampled)
    45.39445     2.23622     6.09252     1.95072 (mid-point)
    45.49445     2.31444     6.19961     1.95666   (sampled)
    45.59445     2.39515     6.30614     1.96221 (mid-point)
    45.69445     2.47506     6.41267     1.96740   (sampled)
    45.79445     2.55691     6.51685     1.97227 (mid-point)
    45.89445     2.63939     6.62102     1.97684   (sampled)
    45.99445     2.72277     6.72893     1.98114 (mid-point)
    46.09445     2.80709     6.83684     1.98518   (sampled)
    46.19445     3.01181     9.73101     1.98868 (mid-point)
    46.29445     4.69180    12.62517     1.99013   (sampled)
    46.39445     7.75319    17.22600     1.99066 (mid-point)
    46.49445    11.62199    21.82682     1.99090   (sampled)

 Minimum radius found:      1.001 angstroms.



 For spherical probe approach, The geometric factor
         F= sum(ds/area) along channel is    1.991 angstroms**-1
 This yields a macroscopic predicted molar conductance of:
   (1/rho)*(100/F)= (50/rho) pS,
   where rho is the conductivity of 1M permeant ion in ohm m.
 N.B. this is a macroscopic conductance - an overestimate 
 Empirically corrected conductances currently only available
 With the CAPSULE option (although its not that stable!)
 For 1M KCl rho= 1/12 (ohm m), So Gmacro= 600 pS/M.
  (TAG      1   Rmin=     1.00113   Gmacro=   602.74385 Conn_Gmacro=    -1.00000 ).
 HOLE: normal completion
