 *** Program HOLE ***
 
 If results of this run are reported or published, please
 cite the publication listed below.
 For the HOLE program:
   Smart, O.S., Goodfellow, J.M., Wallace, B.A. (1993). 
   The pore dimensions of gramicidin A. 
   Biophys. J., 65, 2455-2460.
 
 Originally written by Oliver Smart at Birkbeck College from April 1992.
 Copyright 1993-2005 Oliver Smart
 Copyright 2014-2015 SmartSci Limited.
 Copyright 2016 Oliver Smart.
 
 For help on HOLE suite see  http://www.holeprogram.org/
 
 HOLE release 2.2.005 (07 August 2016) 
 
 usage subject to Apache License, Version 2.0 
 see http://www.apache.org/licenses/LICENSE-2.0 

 Control variables read:

! Input file for Oliver Smart's HOLE program
! written by MDAnalysis.analysis.hole2.HoleAnalysis
! for a Universe
! u = mda.Universe(/afs/crc.nd.edu/user/m/mfarshad/Private/ML-new/traj/host-45/h
!    /afs/crc.nd.edu/user/m/mfarshad/Private/ML-new/traj/host-45/host_45.trr
!   )
! Frame 60

COORD  /tmp/2550190.1.long/tmp_9q43hta.pdb
RADIUS simple2.rad
SPHPDB hole060.sph
SAMPLE 0.200000
ENDRAD 22.000000
IGNORE SOL WAT TIP HOH K   NA  CL
SHORTO 0
RASEED 31415
CPOINT 39.2211951362 40.0809790293 40.0931756761


 WARNING have not found a CVECT record - will try to guess
 Input pdb filename read as:    '/tmp/2550190.1.long/tmp_9q43hta.pdb'
 Input vdW radius file read as: 'simple2.rad'
 point in channel:   39.221  40.081  40.093
 channel vector:   ************************
 sampling distance between planes:    0.200

 graphics conditions:
 binary plot output file name: NONE
 Dot density:    10
 Draw dots?           T
 Draw close contacts? F
 Draw centre line?    T
 Produce spikes rather than dots? F
 Seed for random number generator:     31415 (0 means value set by program)
 Radius above which a result is regarded as an 'end':  22.000
 Pdb format file for sphere centres: hole060.sph

 Monte Carlo conditions:
  no of steps:  1000
  maximum displacement   0.100 angs
  'kT' initial   0.100 angs
 The spherebox and capsule options are turned off.
 (No molqpt card so will not write qpt file of the molecule)
 IGNORE card read so will ignore residue types: SOL WAT TIP HOH K   NA  CL
 no SHORTO card read so will produce full textual output
 As no PEGRAT card was found will not produce PEG polymer exclusion graph
 (No 2DMAPS card specified so will not produce 2D property maps)
 Have not found a CUT card.  Normal calculation using
   Cutoff lists with a cutsize=       1.000
   (if you wish to turn off option use a CUT -1 card)

 Have read     7 bond radius records and
              16 vdW radius records.
 From file: simple2.rad

 Have read    90 atom records.
 From file: /tmp/2550190.1.long/tmp_9q43hta.pdb
 Will not produce graphical output

 Have opened file for pdb format output of sphere centres:  hole060.sph

  Seed integer used by ran # generator on this run      31415

 
 S/R cguess will try to guess CPOINT and/or CVECT
 
 THESE GUESSES MAY WELL BE WRONG!!!!
 Routine relies on having a reasonably symmetric
 channel oriented along x, y or z vector
 YOU ARE STRONGLY ADVISED TO CHECK THE RESULTS
                       WITH MOLECULAR GRAPHICS
 testing points from cpoint in X, Y then Z direction
   point                   pore radius
direction     1
  34.221  40.081  40.093     1.728
  35.221  40.081  40.093     1.422
  36.221  40.081  40.093     1.296
  37.221  40.081  40.093     1.479
  38.221  40.081  40.093     1.582
  39.221  40.081  40.093     1.838
  40.221  40.081  40.093     1.512
  41.221  40.081  40.093     1.184
  42.221  40.081  40.093     1.057
  43.221  40.081  40.093     0.569
  44.221  40.081  40.093     0.201
 Average pore radius along the line=      1.261
direction     2
  39.221  35.081  40.093    -1.148
  39.221  36.081  40.093    -1.189
  39.221  37.081  40.093    -0.307
  39.221  38.081  40.093     0.408
  39.221  39.081  40.093     1.040
  39.221  40.081  40.093     1.838
  39.221  41.081  40.093     1.079
  39.221  42.081  40.093     0.206
  39.221  43.081  40.093    -0.716
  39.221  44.081  40.093    -1.261
  39.221  45.081  40.093    -0.664
 Average pore radius along the line=     -0.065
direction     3
  39.221  40.081  35.093     0.485
  39.221  40.081  36.093     0.798
  39.221  40.081  37.093     1.217
  39.221  40.081  38.093     1.650
  39.221  40.081  39.093     1.763
  39.221  40.081  40.093     1.838
  39.221  40.081  41.093     1.495
  39.221  40.081  42.093     1.048
  39.221  40.081  43.093     0.767
  39.221  40.081  44.093     0.852
  39.221  40.081  45.093     1.266
 Average pore radius along the line=      1.198
 Best direction is found to be     1
(1=X,2=Y,3=Z)
 s/r cguess has produced initial values for cpoint &/or cvect:
CPOINT      39.2212     40.0810     40.0932
CVECT        1.0000      0.0000      0.0000
 THESE GUESSES MAY WELL BE WRONG!!!!
 Routine relies on having a reasonably symmetric
 channel oriented along x, y or z vector
 YOU ARE STRONGLY ADVISED TO CHECK THE RESULTS
                       WITH MOLECULAR GRAPHICS
 
 
  Some routines (e.g. conn) need vectors normal to cvect: 
     EAST Zero degrees angle is along vector    0.000   1.000   0.000
     NORTH  90 degrees angle is along vector    0.000   0.000  -1.000
 highest radius point found:
  at point   39.221  40.522  41.175
  closest atom surface    1.885   C36 45  X    1
  2nd closest surface     1.887   C17 45  X    1
  found on step  964
  this is also current point
  no. of rejections          363
 stored as     0

 highest radius point found:
  at point   39.421  40.566  41.110
  closest atom surface    1.919   C36 45  X    1
  2nd closest surface     1.920   C35 45  X    1
  found on step  591
 current point:
  at point   39.421  40.370  40.632
  closest atom surface    1.895   C17 45  X    1
  2nd closest surface     1.895   C34 45  X    1
  found on step  906
  no. of rejections          390
 stored as     1

 highest radius point found:
  at point   39.621  40.547  40.935
  closest atom surface    1.935   C18 45  X    1
  2nd closest surface     1.935   C35 45  X    1
  found on step  836
 current point:
  at point   39.621  40.567  40.995
  closest atom surface    1.935   C18 45  X    1
  2nd closest surface     1.935   C35 45  X    1
  found on step  980
  no. of rejections          377
 stored as     2

 highest radius point found:
  at point   39.821  40.083  38.980
  closest atom surface    2.097   C16 45  X    1
  2nd closest surface     2.098   C34 45  X    1
  found on step  990
  this is also current point
  no. of rejections          361
 stored as     3

 highest radius point found:
  at point   40.021  40.224  39.020
  closest atom surface    2.139   H16 45  X    1
  2nd closest surface     2.140   C16 45  X    1
  found on step  848
 current point:
  at point   40.021  40.221  39.021
  closest atom surface    2.138   C34 45  X    1
  2nd closest surface     2.142   C16 45  X    1
  found on step  985
  no. of rejections          398
 stored as     4

 highest radius point found:
  at point   40.221  40.398  39.189
  closest atom surface    2.162   H16 45  X    1
  2nd closest surface     2.163   C34 45  X    1
  found on step  886
  this is also current point
  no. of rejections          382
 stored as     5

 highest radius point found:
  at point   40.421  40.475  39.259
  closest atom surface    2.168   H16 45  X    1
  2nd closest surface     2.169   C18 45  X    1
  found on step  737
 current point:
  at point   40.421  40.476  39.264
  closest atom surface    2.167   C18 45  X    1
  2nd closest surface     2.168   C34 45  X    1
  found on step  892
  no. of rejections          394
 stored as     6

 highest radius point found:
  at point   40.621  40.589  39.333
  closest atom surface    2.149   C18 45  X    1
  2nd closest surface     2.164   C3  45  X    1
  found on step  179
 current point:
  at point   40.621  40.884  40.584
  closest atom surface    1.934   C18 45  X    1
  2nd closest surface     1.934   C3  45  X    1
  found on step  909
  no. of rejections          345
 stored as     7

 highest radius point found:
  at point   40.821  40.709  39.435
  closest atom surface    2.136   O3  45  X    1
  2nd closest surface     2.137   C3  45  X    1
  found on step  945
  this is also current point
  no. of rejections          380
 stored as     8

 highest radius point found:
  at point   41.021  40.841  39.572
  closest atom surface    2.119   C19 45  X    1
  2nd closest surface     2.120   C3  45  X    1
  found on step  907
  this is also current point
  no. of rejections          366
 stored as     9

 highest radius point found:
  at point   41.221  40.976  39.741
  closest atom surface    2.109   C19 45  X    1
  2nd closest surface     2.110   C3  45  X    1
  found on step  914
  this is also current point
  no. of rejections          361
 stored as    10

 highest radius point found:
  at point   41.421  41.079  39.828
  closest atom surface    2.126   C19 45  X    1
  2nd closest surface     2.127   C3  45  X    1
  found on step  707
 current point:
  at point   41.421  41.088  39.853
  closest atom surface    2.125   C19 45  X    1
  2nd closest surface     2.125   C3  45  X    1
  found on step  977
  no. of rejections          402
 stored as    11

 highest radius point found:
  at point   41.621  41.352  40.368
  closest atom surface    2.171   C3  45  X    1
  2nd closest surface     2.171   C19 45  X    1
  found on step  749
 current point:
  at point   41.621  41.354  40.372
  closest atom surface    2.170   C18 45  X    1
  2nd closest surface     2.170   C19 45  X    1
  found on step  995
  no. of rejections          372
 stored as    12

 highest radius point found:
  at point   41.821  42.011  41.574
  closest atom surface    2.246   C2  45  X    1
  2nd closest surface     2.269   C18 45  X    1
  found on step  203
 current point:
  at point   41.821  41.436  40.399
  closest atom surface    2.222   C19 45  X    1
  2nd closest surface     2.224   C3  45  X    1
  found on step  983
  no. of rejections          358
 stored as    13

 highest radius point found:
  at point   42.021  47.879  48.603
  closest atom surface    7.866   H31 45  X    1
  2nd closest surface     8.051   H25 45  X    1
  found on step 1000
  this is also current point
  no. of rejections          267
 stored as    14

 highest radius point found:
  at point   42.221  55.978  54.219
  closest atom surface   16.400   H31 45  X    1
  2nd closest surface    16.515   C25 45  X    1
  found on step 1000
  this is also current point
  no. of rejections          222
 stored as    15

 highest radius point found:
  at point   42.421  66.260  58.097
  closest atom surface   26.574   C22 45  X    1
  2nd closest surface    26.614   H25 45  X    1
  found on step  999
  this is also current point
  no. of rejections          221
 This is an end! (radius above  22.0 angs)
 highest radius point found:
  at point   39.021  41.608  43.860
  closest atom surface    2.186   O7  45  X    1
  2nd closest surface     2.187   C1  45  X    1
  found on step  982
  this is also current point
  no. of rejections          340
 stored as    -1

 highest radius point found:
  at point   38.821  41.349  43.720
  closest atom surface    2.089   O7  45  X    1
  2nd closest surface     2.090   C1  45  X    1
  found on step   72
 current point:
  at point   38.821  41.710  44.379
  closest atom surface    2.074   O8  45  X    1
  2nd closest surface     2.076   O7  45  X    1
  found on step  992
  no. of rejections          276
 stored as    -2

 highest radius point found:
  at point   38.621  41.165  43.109
  closest atom surface    1.986   O7  45  X    1
  2nd closest surface     1.987   C36 45  X    1
  found on step  995
  this is also current point
  no. of rejections          298
 stored as    -3

 highest radius point found:
  at point   38.421  40.991  42.676
  closest atom surface    1.962   O7  45  X    1
  2nd closest surface     1.963   C36 45  X    1
  found on step  621
 current point:
  at point   38.421  40.990  42.678
  closest atom surface    1.962   C36 45  X    1
  2nd closest surface     1.962   O7  45  X    1
  found on step  971
  no. of rejections          344
 stored as    -4

 highest radius point found:
  at point   38.221  40.817  42.583
  closest atom surface    1.922   C36 45  X    1
  2nd closest surface     1.922   O6  45  X    1
  found on step  819
 current point:
  at point   38.221  40.818  42.583
  closest atom surface    1.922   O7  45  X    1
  2nd closest surface     1.922   O6  45  X    1
  found on step  958
  no. of rejections          359
 stored as    -5

 highest radius point found:
  at point   38.021  40.609  42.457
  closest atom surface    1.881   C36 45  X    1
  2nd closest surface     1.891   O8  45  X    1
  found on step   37
 current point:
  at point   38.021  39.926  40.792
  closest atom surface    1.878   C35 45  X    1
  2nd closest surface     1.882   C17 45  X    1
  found on step  997
  no. of rejections          364
 stored as    -6

 highest radius point found:
  at point   37.821  40.064  41.632
  closest atom surface    1.890   C35 45  X    1
  2nd closest surface     1.890   O6  45  X    1
  found on step 1000
  this is also current point
  no. of rejections          373
 stored as    -7

 highest radius point found:
  at point   37.621  39.982  41.718
  closest atom surface    1.924   C36 45  X    1
  2nd closest surface     1.924   O6  45  X    1
  found on step  565
 current point:
  at point   37.621  40.054  41.855
  closest atom surface    1.912   O6  45  X    1
  2nd closest surface     1.912   C36 45  X    1
  found on step  911
  no. of rejections          379
 stored as    -8

 highest radius point found:
  at point   37.421  39.940  41.849
  closest atom surface    1.954   C30 45  X    1
  2nd closest surface     1.955   O6  45  X    1
  found on step  991
  this is also current point
  no. of rejections          394
 stored as    -9

 highest radius point found:
  at point   37.221  39.578  40.345
  closest atom surface    1.985   C30 45  X    1
  2nd closest surface     1.985   C15 45  X    1
  found on step  989
  this is also current point
  no. of rejections          378
 stored as   -10

 highest radius point found:
  at point   37.021  39.531  40.400
  closest atom surface    2.002   C30 45  X    1
  2nd closest surface     2.003   O6  45  X    1
  found on step  347
 current point:
  at point   37.021  39.534  40.417
  closest atom surface    1.998   C30 45  X    1
  2nd closest surface     2.000   O6  45  X    1
  found on step  965
  no. of rejections          389
 stored as   -11

 highest radius point found:
  at point   36.821  39.484  40.457
  closest atom surface    2.028   O6  45  X    1
  2nd closest surface     2.030   C30 45  X    1
  found on step  338
 current point:
  at point   36.821  39.476  40.439
  closest atom surface    2.028   C15 45  X    1
  2nd closest surface     2.030   C30 45  X    1
  found on step  991
  no. of rejections          364
 stored as   -12

 highest radius point found:
  at point   36.621  38.867  39.680
  closest atom surface    2.027   C30 45  X    1
  2nd closest surface     2.029   C31 45  X    1
  found on step  771
 current point:
  at point   36.621  38.861  39.668
  closest atom surface    2.027   C31 45  X    1
  2nd closest surface     2.029   C15 45  X    1
  found on step  936
  no. of rejections          392
 stored as   -13

 highest radius point found:
  at point   36.421  38.797  39.665
  closest atom surface    2.064   C15 45  X    1
  2nd closest surface     2.071   C29 45  X    1
  found on step  824
 current point:
  at point   36.421  38.788  39.650
  closest atom surface    2.063   C15 45  X    1
  2nd closest surface     2.069   C31 45  X    1
  found on step  972
  no. of rejections          367
 stored as   -14

 highest radius point found:
  at point   36.221  38.550  39.264
  closest atom surface    2.105   C15 45  X    1
  2nd closest surface     2.106   C31 45  X    1
  found on step  996
  this is also current point
  no. of rejections          351
 stored as   -15

 highest radius point found:
  at point   36.021  36.001  34.333
  closest atom surface    4.479   H42 45  X    1
  2nd closest surface     4.495   C14 45  X    1
  found on step 1000
  this is also current point
  no. of rejections          299
 stored as   -16

 highest radius point found:
  at point   35.821  31.881  27.661
  closest atom surface   11.018   H17 45  X    1
  2nd closest surface    11.026   H42 45  X    1
  found on step 1000
  this is also current point
  no. of rejections          301
 stored as   -17

 highest radius point found:
  at point   35.621  25.329  18.735
  closest atom surface   21.565   H17 45  X    1
  2nd closest surface    21.568   H42 45  X    1
  found on step 1000
  this is also current point
  no. of rejections          257
 stored as   -18

 highest radius point found:
  at point   35.421  17.689   8.499
  closest atom surface   33.951   C7  45  X    1
  2nd closest surface    33.995   H10 45  X    1
  found on step  998
  this is also current point
  no. of rejections          241
 This is an end! (radius above  22.0 angs)
 
 N.b. Graph information routine (HOGRAP) differs 
        markedly from previous versions!
       Information now is written from -ve end
       to +ve in one pass
 
 Explanation of the meaning of each column: 
 First column "cenxyz.cvec" is the coordinate in the
   direction of the channel vector i.e. if the channel
   vector is in z (0 0 1) then it is the z coordinate.
 The second column "radius" is the hole pore radius 
   (as defined in the Biophys J 1993) article).
 The third column "cen_line_D" is the distance 
   measured along the pore centre line - with the 
   first point found set to zero. This was the first
   thing that I used to measure the distance along a pore
   but "cenxyz.cvec" is a much better general measure. 
   However, by comparing changes in this distance to changes in '   "cenxyz.cvec" one can get a measure of how straight a 
   channel is.
 The fourth column "sum{s/(area)}" is useful in conductance
   prediction -
   basically it is the sum of the thickness of each slab
   divided by its area. HOLE uses this measure to estimate
   the macroscopic conductance of a channel.
 If any of this worries you one can see the "raw" results
   of a standard hole run by producing a sphpdb file and 
    directly looking at the results.
 cenxyz.cvec      radius  cen_line_D sum{s/(area point sourc
    35.62120    21.56542   -34.71042     0.00007   (sampled)
    35.72120    16.20901   -29.17314     0.00019 (mid-point)
    35.82120    11.01769   -23.63586     0.00045   (sampled)
    35.92120     7.48177   -19.71391     0.00102 (mid-point)
    36.02120     4.47866   -15.79196     0.00261   (sampled)
    36.12120     2.85886   -13.01438     0.00650 (mid-point)
    36.22120     2.10468   -10.23679     0.01369   (sampled)
    36.32120     2.07591    -9.98122     0.02107 (mid-point)
    36.42120     2.06364    -9.72565     0.02855   (sampled)
    36.52120     2.04530    -9.61938     0.03616 (mid-point)
    36.62120     2.02707    -9.51311     0.04390   (sampled)
    36.72120     1.99527    -9.00706     0.05190 (mid-point)
    36.82120     2.02810    -8.50101     0.05964   (sampled)
    36.92120     2.01387    -8.39435     0.06749 (mid-point)
    37.02120     2.00229    -8.28769     0.07543   (sampled)
    37.12120     1.99216    -8.18133     0.08345 (mid-point)
    37.22120     1.98497    -8.07496     0.09153   (sampled)
    37.32120     1.88797    -7.29508     0.10046 (mid-point)
    37.42120     1.95413    -6.51521     0.10879   (sampled)
    37.52120     1.93751    -6.39376     0.11727 (mid-point)
    37.62120     1.92394    -6.27231     0.12587   (sampled)
    37.72120     1.90546    -6.15612     0.13464 (mid-point)
    37.82120     1.88991    -6.03992     0.14355   (sampled)
    37.92120     1.85185    -5.53559     0.15283 (mid-point)
    38.02120     1.88128    -5.03126     0.16183   (sampled)
    38.12120     1.89817    -4.87382     0.17066 (mid-point)
    38.22120     1.92155    -4.71638     0.17928   (sampled)
    38.32120     1.93934    -4.57587     0.18774 (mid-point)
    38.42120     1.96206    -4.43536     0.19601   (sampled)
    38.52120     1.96517    -4.18135     0.20425 (mid-point)
    38.62120     1.98606    -3.92734     0.21232   (sampled)
    38.72120     2.02287    -3.59301     0.22010 (mid-point)
    38.82120     2.08932    -3.25868     0.22740   (sampled)
    38.92120     2.13399    -3.08096     0.23438 (mid-point)
    39.02120     2.18638    -2.90324     0.24104   (sampled)
    39.12120     1.82294    -1.45162     0.25062 (mid-point)
    39.22120     1.88464     0.00000     0.25958   (sampled)
    39.32120     1.90036     0.10751     0.26840 (mid-point)
    39.42120     1.91907     0.21502     0.27704   (sampled)
    39.52120     1.92510     0.34844     0.28563 (mid-point)
    39.62120     1.93519     0.48186     0.29413   (sampled)
    39.72120     1.89520     1.49149     0.30299 (mid-point)
    39.82120     2.09653     2.50112     0.31023   (sampled)
    39.92120     2.11622     2.62501     0.31734 (mid-point)
    40.02120     2.13940     2.74889     0.32430   (sampled)
    40.12120     2.14690     2.90599     0.33120 (mid-point)
    40.22120     2.16220     3.06308     0.33801   (sampled)
    40.32120     2.16302     3.17578     0.34481 (mid-point)
    40.42120     2.16786     3.28848     0.35159   (sampled)
    40.52120     2.15711     3.40963     0.35843 (mid-point)
    40.62120     2.14921     3.53079     0.36532   (sampled)
    40.72120     2.14110     3.65808     0.37226 (mid-point)
    40.82120     2.13620     3.78538     0.37924   (sampled)
    40.92120     2.12593     3.92342     0.38628 (mid-point)
    41.02120     2.11935     4.06146     0.39337   (sampled)
    41.12120     2.11168     4.20861     0.40051 (mid-point)
    41.22120     2.10947     4.35575     0.40766   (sampled)
    41.32120     2.11572     4.47631     0.41477 (mid-point)
    41.42120     2.12561     4.59686     0.42182   (sampled)
    41.52120     2.13550     4.91572     0.42880 (mid-point)
    41.62120     2.17062     5.23458     0.43555   (sampled)
    41.72120     2.16058     5.92894     0.44237 (mid-point)
    41.82120     2.24647     6.62330     0.44868   (sampled)
    41.92120     4.22503    11.20257     0.45046 (mid-point)
    42.02120     7.86597    15.78183     0.45097   (sampled)
    42.12120    11.89931    20.71066     0.45120 (mid-point)
    42.22120    16.40016    25.63948     0.45132   (sampled)

 Minimum radius found:      1.823 angstroms.



 For spherical probe approach, The geometric factor
         F= sum(ds/area) along channel is    0.451 angstroms**-1
 This yields a macroscopic predicted molar conductance of:
   (1/rho)*(100/F)= (220/rho) pS,
   where rho is the conductivity of 1M permeant ion in ohm m.
 N.B. this is a macroscopic conductance - an overestimate 
 Empirically corrected conductances currently only available
 With the CAPSULE option (although its not that stable!)
 For 1M KCl rho= 1/12 (ohm m), So Gmacro= 2700 pS/M.
  (TAG      1   Rmin=     1.82294   Gmacro=  2658.87830 Conn_Gmacro=    -1.00000 ).
 HOLE: normal completion
