 *** Program HOLE ***
 
 If results of this run are reported or published, please
 cite the publication listed below.
 For the HOLE program:
   Smart, O.S., Goodfellow, J.M., Wallace, B.A. (1993). 
   The pore dimensions of gramicidin A. 
   Biophys. J., 65, 2455-2460.
 
 Originally written by Oliver Smart at Birkbeck College from April 1992.
 Copyright 1993-2005 Oliver Smart
 Copyright 2014-2015 SmartSci Limited.
 Copyright 2016 Oliver Smart.
 
 For help on HOLE suite see  http://www.holeprogram.org/
 
 HOLE release 2.2.005 (07 August 2016) 
 
 usage subject to Apache License, Version 2.0 
 see http://www.apache.org/licenses/LICENSE-2.0 

 Control variables read:

! Input file for Oliver Smart's HOLE program
! written by MDAnalysis.analysis.hole2.HoleAnalysis
! for a Universe
! u = mda.Universe(/afs/crc.nd.edu/user/m/mfarshad/Private/ML-new/traj/host-M6/h
!    /afs/crc.nd.edu/user/m/mfarshad/Private/ML-new/traj/host-M6/host_M6.trr
!   )
! Frame 483

COORD  /tmp/2550306.1.long/tmp1qivn2eq.pdb
RADIUS simple2.rad
SPHPDB hole483.sph
SAMPLE 0.200000
ENDRAD 22.000000
IGNORE SOL WAT TIP HOH K   NA  CL
SHORTO 0
RASEED 31415
CPOINT 39.7198065555 40.7049591758 39.7010310635


 WARNING have not found a CVECT record - will try to guess
 Input pdb filename read as:    '/tmp/2550306.1.long/tmp1qivn2eq.pdb'
 Input vdW radius file read as: 'simple2.rad'
 point in channel:   39.720  40.705  39.701
 channel vector:   ************************
 sampling distance between planes:    0.200

 graphics conditions:
 binary plot output file name: NONE
 Dot density:    10
 Draw dots?           T
 Draw close contacts? F
 Draw centre line?    T
 Produce spikes rather than dots? F
 Seed for random number generator:     31415 (0 means value set by program)
 Radius above which a result is regarded as an 'end':  22.000
 Pdb format file for sphere centres: hole483.sph

 Monte Carlo conditions:
  no of steps:  1000
  maximum displacement   0.100 angs
  'kT' initial   0.100 angs
 The spherebox and capsule options are turned off.
 (No molqpt card so will not write qpt file of the molecule)
 IGNORE card read so will ignore residue types: SOL WAT TIP HOH K   NA  CL
 no SHORTO card read so will produce full textual output
 As no PEGRAT card was found will not produce PEG polymer exclusion graph
 (No 2DMAPS card specified so will not produce 2D property maps)
 Have not found a CUT card.  Normal calculation using
   Cutoff lists with a cutsize=       1.000
   (if you wish to turn off option use a CUT -1 card)

 Have read     7 bond radius records and
              16 vdW radius records.
 From file: simple2.rad

 Have read   132 atom records.
 From file: /tmp/2550306.1.long/tmp1qivn2eq.pdb
 Will not produce graphical output

 Have opened file for pdb format output of sphere centres:  hole483.sph

  Seed integer used by ran # generator on this run      31415

 
 S/R cguess will try to guess CPOINT and/or CVECT
 
 THESE GUESSES MAY WELL BE WRONG!!!!
 Routine relies on having a reasonably symmetric
 channel oriented along x, y or z vector
 YOU ARE STRONGLY ADVISED TO CHECK THE RESULTS
                       WITH MOLECULAR GRAPHICS
 testing points from cpoint in X, Y then Z direction
   point                   pore radius
direction     1
  34.720  40.705  39.701    -1.529
  35.720  40.705  39.701    -0.739
  36.720  40.705  39.701     0.158
  37.720  40.705  39.701     0.852
  38.720  40.705  39.701     0.897
  39.720  40.705  39.701     0.428
  40.720  40.705  39.701     0.238
  41.720  40.705  39.701     0.104
  42.720  40.705  39.701     0.010
  43.720  40.705  39.701    -0.282
  44.720  40.705  39.701     0.010
 Average pore radius along the line=      0.013
direction     2
  39.720  35.705  39.701    -0.240
  39.720  36.705  39.701     0.168
  39.720  37.705  39.701     0.012
  39.720  38.705  39.701     0.404
  39.720  39.705  39.701     0.961
  39.720  40.705  39.701     0.428
  39.720  41.705  39.701    -0.012
  39.720  42.705  39.701     0.096
  39.720  43.705  39.701     0.383
  39.720  44.705  39.701    -0.005
  39.720  45.705  39.701    -0.236
 Average pore radius along the line=      0.178
direction     3
  39.720  40.705  34.701    -0.575
  39.720  40.705  35.701    -1.164
  39.720  40.705  36.701    -0.704
  39.720  40.705  37.701    -0.123
  39.720  40.705  38.701    -0.125
  39.720  40.705  39.701     0.428
  39.720  40.705  40.701     1.232
  39.720  40.705  41.701     1.789
  39.720  40.705  42.701     1.853
  39.720  40.705  43.701     2.173
  39.720  40.705  44.701     2.389
 Average pore radius along the line=      0.652
 Best direction is found to be     3
(1=X,2=Y,3=Z)
 s/r cguess has produced initial values for cpoint &/or cvect:
CPOINT      39.7198     40.7050     39.7010
CVECT        0.0000      0.0000      1.0000
 THESE GUESSES MAY WELL BE WRONG!!!!
 Routine relies on having a reasonably symmetric
 channel oriented along x, y or z vector
 YOU ARE STRONGLY ADVISED TO CHECK THE RESULTS
                       WITH MOLECULAR GRAPHICS
 
 
  Some routines (e.g. conn) need vectors normal to cvect: 
     EAST Zero degrees angle is along vector    1.000   0.000   0.000
     NORTH  90 degrees angle is along vector    0.000  -1.000   0.000
 highest radius point found:
  at point   38.744  40.175  39.701
  closest atom surface    1.194   O11 M   X    1
  2nd closest surface     1.195   H10 M   X    1
  found on step  808
 current point:
  at point   38.743  40.177  39.701
  closest atom surface    1.193   O11 M   X    1
  2nd closest surface     1.194   H10 M   X    1
  found on step  955
  no. of rejections          340
 stored as     0

 highest radius point found:
  at point   37.893  41.256  39.901
  closest atom surface    1.397   H10 M   X    1
  2nd closest surface     1.397   O11 M   X    1
  found on step  506
 current point:
  at point   37.885  41.287  39.901
  closest atom surface    1.396   O11 M   X    1
  2nd closest surface     1.396   C8  M   X    1
  found on step  995
  no. of rejections          348
 stored as     1

 highest radius point found:
  at point   37.966  41.154  40.101
  closest atom surface    1.475   C8  M   X    1
  2nd closest surface     1.483   H5  M   X    1
  found on step  201
 current point:
  at point   37.826  41.979  40.101
  closest atom surface    1.471   S2  M   X    1
  2nd closest surface     1.472   O11 M   X    1
  found on step  958
  no. of rejections          366
 stored as     2

 highest radius point found:
  at point   38.081  40.983  40.301
  closest atom surface    1.578   O11 M   X    1
  2nd closest surface     1.579   H5  M   X    1
  found on step  982
  this is also current point
  no. of rejections          330
 stored as     3

 highest radius point found:
  at point   38.199  40.793  40.501
  closest atom surface    1.699   H10 M   X    1
  2nd closest surface     1.700   O11 M   X    1
  found on step  911
  this is also current point
  no. of rejections          366
 stored as     4

 highest radius point found:
  at point   38.398  40.498  40.701
  closest atom surface    1.841   H10 M   X    1
  2nd closest surface     1.842   O11 M   X    1
  found on step  496
 current point:
  at point   38.350  40.563  40.701
  closest atom surface    1.841   H10 M   X    1
  2nd closest surface     1.841   O11 M   X    1
  found on step  900
  no. of rejections          338
 stored as     5

 highest radius point found:
  at point   38.381  40.524  40.901
  closest atom surface    1.972   H5  M   X    1
  2nd closest surface     1.978   O20 M   X    1
  found on step   26
 current point:
  at point   38.371  40.593  40.901
  closest atom surface    1.963   O11 M   X    1
  2nd closest surface     1.965   H5  M   X    1
  found on step  999
  no. of rejections          311
 stored as     6

 highest radius point found:
  at point   38.488  40.516  41.101
  closest atom surface    2.086   O11 M   X    1
  2nd closest surface     2.088   S1  M   X    1
  found on step  725
 current point:
  at point   38.487  40.513  41.101
  closest atom surface    2.086   O20 M   X    1
  2nd closest surface     2.088   S1  M   X    1
  found on step  998
  no. of rejections          341
 stored as     7

 highest radius point found:
  at point   38.670  40.465  41.301
  closest atom surface    2.182   O11 M   X    1
  2nd closest surface     2.183   O20 M   X    1
  found on step  940
  this is also current point
  no. of rejections          333
 stored as     8

 highest radius point found:
  at point   38.851  40.413  41.501
  closest atom surface    2.293   O20 M   X    1
  2nd closest surface     2.294   S1  M   X    1
  found on step  936
  this is also current point
  no. of rejections          353
 stored as     9

 highest radius point found:
  at point   39.009  40.678  41.701
  closest atom surface    2.312   S1  M   X    1
  2nd closest surface     2.312   C41 M   X    1
  found on step  943
  this is also current point
  no. of rejections          409
 stored as    10

 highest radius point found:
  at point   39.054  40.724  41.901
  closest atom surface    2.295   C35 M   X    1
  2nd closest surface     2.296   C41 M   X    1
  found on step  954
  this is also current point
  no. of rejections          392
 stored as    11

 highest radius point found:
  at point   39.087  40.740  42.101
  closest atom surface    2.282   C41 M   X    1
  2nd closest surface     2.286   S1  M   X    1
  found on step  964
  this is also current point
  no. of rejections          384
 stored as    12

 highest radius point found:
  at point   39.119  40.763  42.301
  closest atom surface    2.282   C41 M   X    1
  2nd closest surface     2.284   S1  M   X    1
  found on step  969
  this is also current point
  no. of rejections          402
 stored as    13

 highest radius point found:
  at point   39.153  40.786  42.501
  closest atom surface    2.291   C41 M   X    1
  2nd closest surface     2.292   C35 M   X    1
  found on step  996
  this is also current point
  no. of rejections          388
 stored as    14

 highest radius point found:
  at point   39.203  40.808  42.701
  closest atom surface    2.298   C41 M   X    1
  2nd closest surface     2.299   C6  M   X    1
  found on step  976
  this is also current point
  no. of rejections          380
 stored as    15

 highest radius point found:
  at point   39.282  40.848  42.901
  closest atom surface    2.304   C6  M   X    1
  2nd closest surface     2.305   C41 M   X    1
  found on step  714
 current point:
  at point   39.283  40.850  42.901
  closest atom surface    2.303   C6  M   X    1
  2nd closest surface     2.305   C35 M   X    1
  found on step  981
  no. of rejections          388
 stored as    16

 highest radius point found:
  at point   39.357  40.882  43.101
  closest atom surface    2.319   C6  M   X    1
  2nd closest surface     2.323   C41 M   X    1
  found on step  473
 current point:
  at point   39.193  40.660  43.101
  closest atom surface    2.305   C41 M   X    1
  2nd closest surface     2.306   C6  M   X    1
  found on step  936
  no. of rejections          368
 stored as    17

 highest radius point found:
  at point   39.445  40.925  43.301
  closest atom surface    2.347   O13 M   X    1
  2nd closest surface     2.348   C35 M   X    1
  found on step  478
 current point:
  at point   39.103  40.475  43.301
  closest atom surface    2.326   C41 M   X    1
  2nd closest surface     2.327   C6  M   X    1
  found on step  958
  no. of rejections          387
 stored as    18

 highest radius point found:
  at point   39.496  40.886  43.501
  closest atom surface    2.357   C41 M   X    1
  2nd closest surface     2.357   C7  M   X    1
  found on step   77
 current point:
  at point   39.489  40.876  43.501
  closest atom surface    2.355   C41 M   X    1
  2nd closest surface     2.356   C7  M   X    1
  found on step  944
  no. of rejections          380
 stored as    19

 highest radius point found:
  at point   39.573  40.858  43.701
  closest atom surface    2.365   C41 M   X    1
  2nd closest surface     2.368   C7  M   X    1
  found on step  820
 current point:
  at point   39.575  40.860  43.701
  closest atom surface    2.365   C41 M   X    1
  2nd closest surface     2.369   C7  M   X    1
  found on step  979
  no. of rejections          348
 stored as    20

 highest radius point found:
  at point   39.652  40.840  43.901
  closest atom surface    2.388   O13 M   X    1
  2nd closest surface     2.388   C7  M   X    1
  found on step  959
  this is also current point
  no. of rejections          399
 stored as    21

 highest radius point found:
  at point   38.623  39.290  44.101
  closest atom surface    2.567   C41 M   X    1
  2nd closest surface     2.567   S1  M   X    1
  found on step  985
  this is also current point
  no. of rejections          367
 stored as    22

 highest radius point found:
  at point   37.553  37.969  44.301
  closest atom surface    2.784   S9  M   X    1
  2nd closest surface     2.784   S1  M   X    1
  found on step  949
  this is also current point
  no. of rejections          355
 stored as    23

 highest radius point found:
  at point   34.625  35.948  44.501
  closest atom surface    4.003   H41 M   X    1
  2nd closest surface     4.016   S1  M   X    1
  found on step  998
  this is also current point
  no. of rejections          327
 stored as    24

 highest radius point found:
  at point   27.014  33.831  44.701
  closest atom surface    9.141   O19 M   X    1
  2nd closest surface     9.289   O3  M   X    1
  found on step 1000
  this is also current point
  no. of rejections          268
 stored as    25

 highest radius point found:
  at point   19.438  30.896  44.901
  closest atom surface   16.259   O4  M   X    1
  2nd closest surface    16.284   C10 M   X    1
  found on step  998
  this is also current point
  no. of rejections          268
 stored as    26

 highest radius point found:
  at point   11.906  26.894  45.101
  closest atom surface   24.182   O4  M   X    1
  2nd closest surface    24.347   O19 M   X    1
  found on step 1000
  this is also current point
  no. of rejections          257
 This is an end! (radius above  22.0 angs)
 highest radius point found:
  at point   38.803  40.116  39.501
  closest atom surface    1.102   O20 M   X    1
  2nd closest surface     1.102   O11 M   X    1
  found on step  926
  this is also current point
  no. of rejections          361
 stored as    -1

 highest radius point found:
  at point   38.853  40.060  39.301
  closest atom surface    1.025   O20 M   X    1
  2nd closest surface     1.026   O11 M   X    1
  found on step  987
  this is also current point
  no. of rejections          415
 stored as    -2

 highest radius point found:
  at point   38.875  40.043  39.101
  closest atom surface    0.951   H20 M   X    1
  2nd closest surface     0.952   O11 M   X    1
  found on step  592
 current point:
  at point   38.871  40.048  39.101
  closest atom surface    0.949   O11 M   X    1
  2nd closest surface     0.950   H10 M   X    1
  found on step  920
  no. of rejections          376
 stored as    -3

 highest radius point found:
  at point   37.843  41.402  38.901
  closest atom surface    0.983   C11 M   X    1
  2nd closest surface     0.983   O11 M   X    1
  found on step  877
  this is also current point
  no. of rejections          372
 stored as    -4

 highest radius point found:
  at point   37.827  42.237  38.701
  closest atom surface    0.888   O11 M   X    1
  2nd closest surface     0.890   C11 M   X    1
  found on step  529
 current point:
  at point   37.914  41.336  38.701
  closest atom surface    0.885   C11 M   X    1
  2nd closest surface     0.887   O11 M   X    1
  found on step  960
  no. of rejections          352
 stored as    -5

 highest radius point found:
  at point   36.749  44.466  38.501
  closest atom surface    1.345   S5  M   X    1
  2nd closest surface     1.345   H9  M   X    1
  found on step  973
  this is also current point
  no. of rejections          312
 stored as    -6

 highest radius point found:
  at point   30.789  50.115  38.301
  closest atom surface    6.902   S2  M   X    1
  2nd closest surface     6.930   S6  M   X    1
  found on step 1000
  this is also current point
  no. of rejections          269
 stored as    -7

 highest radius point found:
  at point   22.258  57.411  38.101
  closest atom surface   17.429   S6  M   X    1
  2nd closest surface    17.527   S2  M   X    1
  found on step  999
  this is also current point
  no. of rejections          241
 stored as    -8

 highest radius point found:
  at point   14.164  63.204  37.901
  closest atom surface   27.203   S2  M   X    1
  2nd closest surface    27.230   S6  M   X    1
  found on step  999
  this is also current point
  no. of rejections          252
 This is an end! (radius above  22.0 angs)
 
 N.b. Graph information routine (HOGRAP) differs 
        markedly from previous versions!
       Information now is written from -ve end
       to +ve in one pass
 
 Explanation of the meaning of each column: 
 First column "cenxyz.cvec" is the coordinate in the
   direction of the channel vector i.e. if the channel
   vector is in z (0 0 1) then it is the z coordinate.
 The second column "radius" is the hole pore radius 
   (as defined in the Biophys J 1993) article).
 The third column "cen_line_D" is the distance 
   measured along the pore centre line - with the 
   first point found set to zero. This was the first
   thing that I used to measure the distance along a pore
   but "cenxyz.cvec" is a much better general measure. 
   However, by comparing changes in this distance to changes in '   "cenxyz.cvec" one can get a measure of how straight a 
   channel is.
 The fourth column "sum{s/(area)}" is useful in conductance
   prediction -
   basically it is the sum of the thickness of each slab
   divided by its area. HOLE uses this measure to estimate
   the macroscopic conductance of a channel.
 If any of this worries you one can see the "raw" results
   of a standard hole run by producing a sphpdb file and 
    directly looking at the results.
 cenxyz.cvec      radius  cen_line_D sum{s/(area point sourc
    38.10103    17.42920   -25.13484     0.00010   (sampled)
    38.20103    12.03921   -19.52098     0.00032 (mid-point)
    38.30103     6.90165   -13.90711     0.00099   (sampled)
    38.40103     3.49797    -9.80016     0.00359 (mid-point)
    38.50103     1.34542    -5.69321     0.02118   (sampled)
    38.60103     0.97240    -4.45103     0.05484 (mid-point)
    38.70103     0.88763    -3.20884     0.09524   (sampled)
    38.80103     0.90011    -2.77954     0.13453 (mid-point)
    38.90103     0.98306    -2.35025     0.16747   (sampled)
    39.00103     0.77620    -1.49123     0.22030 (mid-point)
    39.10103     0.95059    -0.63221     0.25553   (sampled)
    39.20103     0.98736    -0.53126     0.28818 (mid-point)
    39.30103     1.02452    -0.43030     0.31850   (sampled)
    39.40103     1.06143    -0.32350     0.34676 (mid-point)
    39.50103     1.10200    -0.21671     0.37297   (sampled)
    39.60103     1.14655    -0.10835     0.39718 (mid-point)
    39.70103     1.19438    -0.00000     0.41949   (sampled)
    39.80103     1.19022     0.69508     0.44196 (mid-point)
    39.90103     1.39677     1.39017     0.45828   (sampled)
    40.00103     1.43664     1.50820     0.47370 (mid-point)
    40.10103     1.47544     1.62623     0.48832   (sampled)
    40.20103     1.52726     1.76998     0.50197 (mid-point)
    40.30103     1.57834     1.91374     0.51475   (sampled)
    40.40103     1.63604     2.06359     0.52664 (mid-point)
    40.50103     1.69933     2.21345     0.53766   (sampled)
    40.60103     1.76350     2.41752     0.54790 (mid-point)
    40.70103     1.84091     2.62158     0.55729   (sampled)
    40.80103     1.91305     2.72277     0.56599 (mid-point)
    40.90103     1.97193     2.82396     0.57417   (sampled)
    41.00103     2.03212     2.93743     0.58188 (mid-point)
    41.10103     2.08618     3.05091     0.58920   (sampled)
    41.20103     2.13200     3.18859     0.59620 (mid-point)
    41.30103     2.18222     3.32627     0.60288   (sampled)
    41.40103     2.23603     3.46340     0.60925 (mid-point)
    41.50103     2.29327     3.60052     0.61530   (sampled)
    41.60103     2.29894     3.78437     0.62133 (mid-point)
    41.70103     2.31158     3.96823     0.62728   (sampled)
    41.80103     2.30266     4.07324     0.63329 (mid-point)
    41.90103     2.29514     4.17825     0.63933   (sampled)
    42.00103     2.28778     4.27993     0.64541 (mid-point)
    42.10103     2.28192     4.38161     0.65152   (sampled)
    42.20103     2.28088     4.48359     0.65764 (mid-point)
    42.30103     2.28236     4.58558     0.66375   (sampled)
    42.40103     2.28558     4.68762     0.66985 (mid-point)
    42.50103     2.29131     4.78965     0.67591   (sampled)
    42.60103     2.29322     4.89333     0.68196 (mid-point)
    42.70103     2.29771     4.99701     0.68799   (sampled)
    42.80103     2.29977     5.10637     0.69401 (mid-point)
    42.90103     2.30398     5.21574     0.70001   (sampled)
    43.00103     2.31007     5.32385     0.70597 (mid-point)
    43.10103     2.31896     5.43196     0.71189   (sampled)
    43.20103     2.33406     5.54344     0.71773 (mid-point)
    43.30103     2.34718     5.65493     0.72351   (sampled)
    43.40103     2.35098     5.75987     0.72927 (mid-point)
    43.50103     2.35673     5.86481     0.73500   (sampled)
    43.60103     2.35967     5.97289     0.74072 (mid-point)
    43.70103     2.36539     6.08097     0.74641   (sampled)
    43.80103     2.37615     6.18895     0.75204 (mid-point)
    43.90103     2.38764     6.29693     0.75763   (sampled)
    44.00103     2.37682     7.23238     0.76326 (mid-point)
    44.10103     2.56675     8.16783     0.76809   (sampled)
    44.20103     2.59802     9.02404     0.77281 (mid-point)
    44.30103     2.78362     9.88024     0.77692   (sampled)
    44.40103     3.13492    11.66155     0.78016 (mid-point)
    44.50103     4.00340    13.44286     0.78214   (sampled)
    44.60103     6.06535    17.39424     0.78301 (mid-point)
    44.70103     9.14080    21.34562     0.78339   (sampled)
    44.80103    12.64233    25.40914     0.78359 (mid-point)
    44.90103    16.25872    29.47266     0.78371   (sampled)

 Minimum radius found:      0.776 angstroms.



 For spherical probe approach, The geometric factor
         F= sum(ds/area) along channel is    0.784 angstroms**-1
 This yields a macroscopic predicted molar conductance of:
   (1/rho)*(100/F)= (130/rho) pS,
   where rho is the conductivity of 1M permeant ion in ohm m.
 N.B. this is a macroscopic conductance - an overestimate 
 Empirically corrected conductances currently only available
 With the CAPSULE option (although its not that stable!)
 For 1M KCl rho= 1/12 (ohm m), So Gmacro= 1500 pS/M.
  (TAG      1   Rmin=     0.77620   Gmacro=  1531.18320 Conn_Gmacro=    -1.00000 ).
 HOLE: normal completion
