 *** Program HOLE ***
 
 If results of this run are reported or published, please
 cite the publication listed below.
 For the HOLE program:
   Smart, O.S., Goodfellow, J.M., Wallace, B.A. (1993). 
   The pore dimensions of gramicidin A. 
   Biophys. J., 65, 2455-2460.
 
 Originally written by Oliver Smart at Birkbeck College from April 1992.
 Copyright 1993-2005 Oliver Smart
 Copyright 2014-2015 SmartSci Limited.
 Copyright 2016 Oliver Smart.
 
 For help on HOLE suite see  http://www.holeprogram.org/
 
 HOLE release 2.2.005 (07 August 2016) 
 
 usage subject to Apache License, Version 2.0 
 see http://www.apache.org/licenses/LICENSE-2.0 

 Control variables read:

! Input file for Oliver Smart's HOLE program
! written by MDAnalysis.analysis.hole2.HoleAnalysis
! for a Universe
! u = mda.Universe(/afs/crc.nd.edu/user/m/mfarshad/Private/ML-new/traj/host-M6/h
!    /afs/crc.nd.edu/user/m/mfarshad/Private/ML-new/traj/host-M6/host_M6.trr
!   )
! Frame 463

COORD  /tmp/2550306.1.long/tmp82gsdrri.pdb
RADIUS simple2.rad
SPHPDB hole463.sph
SAMPLE 0.200000
ENDRAD 22.000000
IGNORE SOL WAT TIP HOH K   NA  CL
SHORTO 0
RASEED 31415
CPOINT 40.8256566019 39.5172895374 40.0100852793


 WARNING have not found a CVECT record - will try to guess
 Input pdb filename read as:    '/tmp/2550306.1.long/tmp82gsdrri.pdb'
 Input vdW radius file read as: 'simple2.rad'
 point in channel:   40.826  39.517  40.010
 channel vector:   ************************
 sampling distance between planes:    0.200

 graphics conditions:
 binary plot output file name: NONE
 Dot density:    10
 Draw dots?           T
 Draw close contacts? F
 Draw centre line?    T
 Produce spikes rather than dots? F
 Seed for random number generator:     31415 (0 means value set by program)
 Radius above which a result is regarded as an 'end':  22.000
 Pdb format file for sphere centres: hole463.sph

 Monte Carlo conditions:
  no of steps:  1000
  maximum displacement   0.100 angs
  'kT' initial   0.100 angs
 The spherebox and capsule options are turned off.
 (No molqpt card so will not write qpt file of the molecule)
 IGNORE card read so will ignore residue types: SOL WAT TIP HOH K   NA  CL
 no SHORTO card read so will produce full textual output
 As no PEGRAT card was found will not produce PEG polymer exclusion graph
 (No 2DMAPS card specified so will not produce 2D property maps)
 Have not found a CUT card.  Normal calculation using
   Cutoff lists with a cutsize=       1.000
   (if you wish to turn off option use a CUT -1 card)

 Have read     7 bond radius records and
              16 vdW radius records.
 From file: simple2.rad

 Have read   132 atom records.
 From file: /tmp/2550306.1.long/tmp82gsdrri.pdb
 Will not produce graphical output

 Have opened file for pdb format output of sphere centres:  hole463.sph

  Seed integer used by ran # generator on this run      31415

 
 S/R cguess will try to guess CPOINT and/or CVECT
 
 THESE GUESSES MAY WELL BE WRONG!!!!
 Routine relies on having a reasonably symmetric
 channel oriented along x, y or z vector
 YOU ARE STRONGLY ADVISED TO CHECK THE RESULTS
                       WITH MOLECULAR GRAPHICS
 testing points from cpoint in X, Y then Z direction
   point                   pore radius
direction     1
  35.826  39.517  40.010    -0.488
  36.826  39.517  40.010     0.333
  37.826  39.517  40.010     0.699
  38.826  39.517  40.010     0.759
  39.826  39.517  40.010     0.460
  40.826  39.517  40.010     0.278
  41.826  39.517  40.010     0.482
  42.826  39.517  40.010    -0.458
  43.826  39.517  40.010    -1.357
  44.826  39.517  40.010    -1.292
  45.826  39.517  40.010    -0.459
 Average pore radius along the line=     -0.095
direction     2
  40.826  34.517  40.010     0.800
  40.826  35.517  40.010     0.253
  40.826  36.517  40.010    -0.563
  40.826  37.517  40.010    -1.486
  40.826  38.517  40.010    -0.716
  40.826  39.517  40.010     0.278
  40.826  40.517  40.010     1.157
  40.826  41.517  40.010     0.871
  40.826  42.517  40.010     0.964
  40.826  43.517  40.010     1.023
  40.826  44.517  40.010     0.799
 Average pore radius along the line=      0.307
direction     3
  40.826  39.517  35.010    -0.820
  40.826  39.517  36.010    -1.254
  40.826  39.517  37.010    -0.928
  40.826  39.517  38.010    -0.433
  40.826  39.517  39.010     0.161
  40.826  39.517  40.010     0.278
  40.826  39.517  41.010     0.467
  40.826  39.517  42.010     0.969
  40.826  39.517  43.010     0.707
  40.826  39.517  44.010     0.044
  40.826  39.517  45.010    -0.289
 Average pore radius along the line=     -0.100
 Best direction is found to be     2
(1=X,2=Y,3=Z)
 s/r cguess has produced initial values for cpoint &/or cvect:
CPOINT      40.8257     39.5173     40.0101
CVECT        0.0000      1.0000      0.0000
 THESE GUESSES MAY WELL BE WRONG!!!!
 Routine relies on having a reasonably symmetric
 channel oriented along x, y or z vector
 YOU ARE STRONGLY ADVISED TO CHECK THE RESULTS
                       WITH MOLECULAR GRAPHICS
 
 
  Some routines (e.g. conn) need vectors normal to cvect: 
     EAST Zero degrees angle is along vector    1.000   0.000   0.000
     NORTH  90 degrees angle is along vector    0.000   0.000   1.000
 highest radius point found:
  at point   40.397  39.517  42.219
  closest atom surface    1.237   O11 M   X    1
  2nd closest surface     1.238   C35 M   X    1
  found on step  958
  this is also current point
  no. of rejections          325
 stored as     0

 highest radius point found:
  at point   40.217  39.717  42.136
  closest atom surface    1.354   O11 M   X    1
  2nd closest surface     1.355   C35 M   X    1
  found on step  932
  this is also current point
  no. of rejections          329
 stored as     1

 highest radius point found:
  at point   38.946  39.917  41.268
  closest atom surface    1.584   H30 M   X    1
  2nd closest surface     1.591   C25 M   X    1
  found on step  992
  this is also current point
  no. of rejections          318
 stored as     2

 highest radius point found:
  at point   38.479  40.117  41.131
  closest atom surface    1.844   C25 M   X    1
  2nd closest surface     1.844   O13 M   X    1
  found on step  950
  this is also current point
  no. of rejections          324
 stored as     3

 highest radius point found:
  at point   38.511  40.317  41.140
  closest atom surface    1.986   O13 M   X    1
  2nd closest surface     1.988   C25 M   X    1
  found on step  999
  this is also current point
  no. of rejections          337
 stored as     4

 highest radius point found:
  at point   38.624  40.517  41.161
  closest atom surface    2.112   S7  M   X    1
  2nd closest surface     2.113   C25 M   X    1
  found on step  973
  this is also current point
  no. of rejections          386
 stored as     5

 highest radius point found:
  at point   38.837  40.717  41.068
  closest atom surface    2.164   C25 M   X    1
  2nd closest surface     2.165   C4  M   X    1
  found on step  997
  this is also current point
  no. of rejections          355
 stored as     6

 highest radius point found:
  at point   39.045  40.917  40.975
  closest atom surface    2.238   C25 M   X    1
  2nd closest surface     2.240   C4  M   X    1
  found on step  987
  this is also current point
  no. of rejections          357
 stored as     7

 highest radius point found:
  at point   39.199  41.117  40.871
  closest atom surface    2.293   C41 M   X    1
  2nd closest surface     2.294   C5  M   X    1
  found on step  968
  this is also current point
  no. of rejections          383
 stored as     8

 highest radius point found:
  at point   39.032  41.317  40.906
  closest atom surface    2.295   C41 M   X    1
  2nd closest surface     2.295   C5  M   X    1
  found on step  996
  this is also current point
  no. of rejections          390
 stored as     9

 highest radius point found:
  at point   38.880  41.517  40.920
  closest atom surface    2.290   C4  M   X    1
  2nd closest surface     2.291   C41 M   X    1
  found on step  912
  this is also current point
  no. of rejections          381
 stored as    10

 highest radius point found:
  at point   38.686  41.717  40.911
  closest atom surface    2.287   C41 M   X    1
  2nd closest surface     2.288   C2  M   X    1
  found on step  789
 current point:
  at point   38.669  41.717  40.912
  closest atom surface    2.286   C2  M   X    1
  2nd closest surface     2.287   S7  M   X    1
  found on step  889
  no. of rejections          389
 stored as    11

 highest radius point found:
  at point   38.485  41.917  40.852
  closest atom surface    2.253   C41 M   X    1
  2nd closest surface     2.254   C2  M   X    1
  found on step  860
 current point:
  at point   38.538  41.917  40.858
  closest atom surface    2.249   C2  M   X    1
  2nd closest surface     2.249   C41 M   X    1
  found on step  959
  no. of rejections          367
 stored as    12

 highest radius point found:
  at point   38.285  42.117  40.793
  closest atom surface    2.239   C2  M   X    1
  2nd closest surface     2.239   S7  M   X    1
  found on step  974
  this is also current point
  no. of rejections          373
 stored as    13

 highest radius point found:
  at point   38.093  42.317  40.728
  closest atom surface    2.239   C41 M   X    1
  2nd closest surface     2.239   S7  M   X    1
  found on step  999
  this is also current point
  no. of rejections          383
 stored as    14

 highest radius point found:
  at point   37.873  42.517  40.682
  closest atom surface    2.266   C2  M   X    1
  2nd closest surface     2.266   S7  M   X    1
  found on step  258
 current point:
  at point   37.643  42.517  40.736
  closest atom surface    2.255   C2  M   X    1
  2nd closest surface     2.255   S7  M   X    1
  found on step  994
  no. of rejections          392
 stored as    15

 highest radius point found:
  at point   37.696  42.717  40.621
  closest atom surface    2.310   C2  M   X    1
  2nd closest surface     2.311   S7  M   X    1
  found on step  871
 current point:
  at point   37.704  42.717  40.620
  closest atom surface    2.310   C2  M   X    1
  2nd closest surface     2.311   S7  M   X    1
  found on step  936
  no. of rejections          373
 stored as    16

 highest radius point found:
  at point   37.540  42.917  40.564
  closest atom surface    2.363   H34 M   X    1
  2nd closest surface     2.364   C2  M   X    1
  found on step  692
 current point:
  at point   37.540  42.917  40.561
  closest atom surface    2.362   C40 M   X    1
  2nd closest surface     2.362   H34 M   X    1
  found on step  977
  no. of rejections          410
 stored as    17

 highest radius point found:
  at point   37.408  43.117  40.544
  closest atom surface    2.387   C40 M   X    1
  2nd closest surface     2.390   C2  M   X    1
  found on step  421
 current point:
  at point   37.397  43.117  40.549
  closest atom surface    2.387   H34 M   X    1
  2nd closest surface     2.388   C2  M   X    1
  found on step  883
  no. of rejections          394
 stored as    18

 highest radius point found:
  at point   37.245  43.317  40.509
  closest atom surface    2.409   C1  M   X    1
  2nd closest surface     2.411   H34 M   X    1
  found on step   18
 current point:
  at point   37.251  43.317  40.505
  closest atom surface    2.408   C40 M   X    1
  2nd closest surface     2.412   C1  M   X    1
  found on step  974
  no. of rejections          380
 stored as    19

 highest radius point found:
  at point   36.999  43.517  40.476
  closest atom surface    2.406   C1  M   X    1
  2nd closest surface     2.406   C50 M   X    1
  found on step  936
  this is also current point
  no. of rejections          389
 stored as    20

 highest radius point found:
  at point   36.728  43.717  40.447
  closest atom surface    2.427   C1  M   X    1
  2nd closest surface     2.427   H34 M   X    1
  found on step  962
  this is also current point
  no. of rejections          362
 stored as    21

 highest radius point found:
  at point   36.448  43.917  40.418
  closest atom surface    2.475   H34 M   X    1
  2nd closest surface     2.477   C1  M   X    1
  found on step  959
  this is also current point
  no. of rejections          338
 stored as    22

 highest radius point found:
  at point   34.131  44.117  40.841
  closest atom surface    2.803   O16 M   X    1
  2nd closest surface     2.805   O2  M   X    1
  found on step  995
  this is also current point
  no. of rejections          301
 stored as    23

 highest radius point found:
  at point   32.779  44.317  41.463
  closest atom surface    2.986   O16 M   X    1
  2nd closest surface     3.142   O2  M   X    1
  found on step  427
 current point:
  at point   34.059  44.317  40.704
  closest atom surface    2.941   O16 M   X    1
  2nd closest surface     2.941   H34 M   X    1
  found on step  991
  no. of rejections          263
 stored as    24

 highest radius point found:
  at point   26.585  44.517  45.676
  closest atom surface    8.041   O16 M   X    1
  2nd closest surface     8.112   O2  M   X    1
  found on step 1000
  this is also current point
  no. of rejections          236
 stored as    25

 highest radius point found:
  at point   17.389  44.717  50.170
  closest atom surface   17.490   H33 M   X    1
  2nd closest surface    17.534   O16 M   X    1
  found on step 1000
  this is also current point
  no. of rejections          261
 stored as    26

 highest radius point found:
  at point    8.648  44.917  54.957
  closest atom surface   27.109   H33 M   X    1
  2nd closest surface    27.304   O16 M   X    1
  found on step  999
  this is also current point
  no. of rejections          273
 This is an end! (radius above  22.0 angs)
 highest radius point found:
  at point   40.570  39.317  42.296
  closest atom surface    1.141   C35 M   X    1
  2nd closest surface     1.141   O11 M   X    1
  found on step  926
  this is also current point
  no. of rejections          337
 stored as    -1

 highest radius point found:
  at point   40.747  39.117  42.375
  closest atom surface    1.068   C35 M   X    1
  2nd closest surface     1.070   O11 M   X    1
  found on step  462
 current point:
  at point   40.750  39.117  42.379
  closest atom surface    1.068   C35 M   X    1
  2nd closest surface     1.069   H5  M   X    1
  found on step  906
  no. of rejections          378
 stored as    -2

 highest radius point found:
  at point   40.927  38.917  42.457
  closest atom surface    1.022   C35 M   X    1
  2nd closest surface     1.022   N1  M   X    1
  found on step  984
  this is also current point
  no. of rejections          375
 stored as    -3

 highest radius point found:
  at point   40.954  38.717  42.449
  closest atom surface    0.929   N1  M   X    1
  2nd closest surface     0.930   O11 M   X    1
  found on step  972
  this is also current point
  no. of rejections          361
 stored as    -4

 highest radius point found:
  at point   40.981  38.517  42.455
  closest atom surface    0.847   C35 M   X    1
  2nd closest surface     0.847   N1  M   X    1
  found on step  930
  this is also current point
  no. of rejections          361
 stored as    -5

 highest radius point found:
  at point   41.009  38.317  42.451
  closest atom surface    0.780   N1  M   X    1
  2nd closest surface     0.780   C35 M   X    1
  found on step  972
  this is also current point
  no. of rejections          387
 stored as    -6

 highest radius point found:
  at point   41.036  38.117  42.448
  closest atom surface    0.726   C35 M   X    1
  2nd closest surface     0.726   N1  M   X    1
  found on step  992
  this is also current point
  no. of rejections          376
 stored as    -7

 highest radius point found:
  at point   41.061  37.917  42.443
  closest atom surface    0.687   C35 M   X    1
  2nd closest surface     0.691   N1  M   X    1
  found on step  860
 current point:
  at point   41.059  37.917  42.440
  closest atom surface    0.686   C35 M   X    1
  2nd closest surface     0.690   O11 M   X    1
  found on step  998
  no. of rejections          391
 stored as    -8

 highest radius point found:
  at point   41.091  37.717  42.435
  closest atom surface    0.667   N1  M   X    1
  2nd closest surface     0.668   O11 M   X    1
  found on step  807
 current point:
  at point   41.085  37.717  42.431
  closest atom surface    0.664   O11 M   X    1
  2nd closest surface     0.665   C35 M   X    1
  found on step  907
  no. of rejections          391
 stored as    -9

 highest radius point found:
  at point   41.119  37.517  42.432
  closest atom surface    0.662   C35 M   X    1
  2nd closest surface     0.663   N1  M   X    1
  found on step  956
  this is also current point
  no. of rejections          410
 stored as   -10

 highest radius point found:
  at point   41.147  37.317  42.426
  closest atom surface    0.673   C35 M   X    1
  2nd closest surface     0.675   N1  M   X    1
  found on step  564
 current point:
  at point   41.145  37.317  42.421
  closest atom surface    0.672   O11 M   X    1
  2nd closest surface     0.674   C35 M   X    1
  found on step  996
  no. of rejections          423
 stored as   -11

 highest radius point found:
  at point   41.178  37.117  42.424
  closest atom surface    0.700   N1  M   X    1
  2nd closest surface     0.702   C35 M   X    1
  found on step  965
  this is also current point
  no. of rejections          369
 stored as   -12

 highest radius point found:
  at point   41.209  36.917  42.423
  closest atom surface    0.742   N1  M   X    1
  2nd closest surface     0.745   C35 M   X    1
  found on step  206
 current point:
  at point   41.373  36.917  43.049
  closest atom surface    0.649   C35 M   X    1
  2nd closest surface     0.650   N1  M   X    1
  found on step  981
  no. of rejections          406
 stored as   -13

 highest radius point found:
  at point   41.233  36.717  42.403
  closest atom surface    0.806   C35 M   X    1
  2nd closest surface     0.806   N1  M   X    1
  found on step  908
  this is also current point
  no. of rejections          367
 stored as   -14

 highest radius point found:
  at point   41.261  36.517  42.393
  closest atom surface    0.880   N1  M   X    1
  2nd closest surface     0.880   C35 M   X    1
  found on step  954
  this is also current point
  no. of rejections          379
 stored as   -15

 highest radius point found:
  at point   41.294  36.317  42.366
  closest atom surface    0.946   O5  M   X    1
  2nd closest surface     0.946   H29 M   X    1
  found on step  984
  this is also current point
  no. of rejections          402
 stored as   -16

 highest radius point found:
  at point   45.571  36.117  52.684
  closest atom surface    7.890   S5  M   X    1
  2nd closest surface     7.930   O4  M   X    1
  found on step 1000
  this is also current point
  no. of rejections          267
 stored as   -17

 highest radius point found:
  at point   48.252  35.917  64.734
  closest atom surface   19.567   S5  M   X    1
  2nd closest surface    19.587   S2  M   X    1
  found on step 1000
  this is also current point
  no. of rejections          248
 stored as   -18

 highest radius point found:
  at point   50.963  35.717  77.714
  closest atom surface   32.591   S2  M   X    1
  2nd closest surface    32.608   S5  M   X    1
  found on step 1000
  this is also current point
  no. of rejections          241
 This is an end! (radius above  22.0 angs)
 
 N.b. Graph information routine (HOGRAP) differs 
        markedly from previous versions!
       Information now is written from -ve end
       to +ve in one pass
 
 Explanation of the meaning of each column: 
 First column "cenxyz.cvec" is the coordinate in the
   direction of the channel vector i.e. if the channel
   vector is in z (0 0 1) then it is the z coordinate.
 The second column "radius" is the hole pore radius 
   (as defined in the Biophys J 1993) article).
 The third column "cen_line_D" is the distance 
   measured along the pore centre line - with the 
   first point found set to zero. This was the first
   thing that I used to measure the distance along a pore
   but "cenxyz.cvec" is a much better general measure. 
   However, by comparing changes in this distance to changes in '   "cenxyz.cvec" one can get a measure of how straight a 
   channel is.
 The fourth column "sum{s/(area)}" is useful in conductance
   prediction -
   basically it is the sum of the thickness of each slab
   divided by its area. HOLE uses this measure to estimate
   the macroscopic conductance of a channel.
 If any of this worries you one can see the "raw" results
   of a standard hole run by producing a sphpdb file and 
    directly looking at the results.
 cenxyz.cvec      radius  cen_line_D sum{s/(area point sourc
    35.91729    19.56738   -26.98291     0.00008   (sampled)
    36.01729    13.60025   -20.80962     0.00026 (mid-point)
    36.11729     7.88952   -14.63633     0.00077   (sampled)
    36.21729     3.00640    -9.05064     0.00429 (mid-point)
    36.31729     0.94586    -3.46495     0.03987   (sampled)
    36.41729     0.91806    -3.36272     0.07763 (mid-point)
    36.51729     0.87956    -3.26049     0.11878   (sampled)
    36.61729     0.84106    -3.15933     0.16378 (mid-point)
    36.71729     0.80564    -3.05817     0.21282   (sampled)
    36.81729     0.77201    -2.95698     0.26623 (mid-point)
    36.91729     0.74166    -2.85579     0.32410   (sampled)
    37.01729     0.71866    -2.75462     0.38573 (mid-point)
    37.11729     0.69963    -2.65344     0.45076   (sampled)
    37.21729     0.68502    -2.55221     0.51859 (mid-point)
    37.31729     0.67338    -2.45098     0.58879   (sampled)
    37.41729     0.66563    -2.34996     0.66063 (mid-point)
    37.51729     0.66192    -2.24895     0.73328   (sampled)
    37.61729     0.66282    -2.14799     0.80573 (mid-point)
    37.71729     0.66733    -2.04703     0.87721   (sampled)
    37.81729     0.67575    -1.94583     0.94692 (mid-point)
    37.91729     0.68676    -1.84463     1.01441   (sampled)
    38.01729     0.70454    -1.74380     1.07854 (mid-point)
    38.11729     0.72614    -1.64298     1.13890   (sampled)
    38.21729     0.75106    -1.54204     1.19533 (mid-point)
    38.31729     0.77951    -1.44111     1.24772   (sampled)
    38.41729     0.81165    -1.34015     1.29604 (mid-point)
    38.51729     0.84687    -1.23919     1.34042   (sampled)
    38.61729     0.88660    -1.13822     1.38091 (mid-point)
    38.71729     0.92901    -1.03725     1.41779   (sampled)
    38.81729     0.97419    -0.93626     1.45133 (mid-point)
    38.91729     1.02198    -0.83528     1.48181   (sampled)
    39.01729     1.04172    -0.69460     1.51114 (mid-point)
    39.11729     1.06811    -0.55392     1.53904   (sampled)
    39.21729     1.10128    -0.41470     1.56529 (mid-point)
    39.31729     1.14057    -0.27547     1.58976   (sampled)
    39.41729     1.18582    -0.13774     1.61240 (mid-point)
    39.51729     1.23686     0.00000     1.63320   (sampled)
    39.61729     1.29250     0.14071     1.65226 (mid-point)
    39.71729     1.35370     0.28142     1.66963   (sampled)
    39.81729     1.36954     1.05754     1.68660 (mid-point)
    39.91729     1.58381     1.83366     1.69929   (sampled)
    40.01729     1.70451     2.09643     1.71024 (mid-point)
    40.11729     1.84392     2.35920     1.71960   (sampled)
    40.21729     1.91452     2.46056     1.72829 (mid-point)
    40.31729     1.98609     2.56191     1.73636   (sampled)
    40.41729     2.04926     2.67716     1.74394 (mid-point)
    40.51729     2.11164     2.79240     1.75108   (sampled)
    40.61729     2.13557     2.94556     1.75806 (mid-point)
    40.71729     2.16395     3.09872     1.76485   (sampled)
    40.81729     2.19844     3.25035     1.77144 (mid-point)
    40.91729     2.23828     3.40199     1.77779   (sampled)
    41.01729     2.26639     3.53866     1.78399 (mid-point)
    41.11729     2.29329     3.67533     1.79004   (sampled)
    41.21729     2.29219     3.80692     1.79610 (mid-point)
    41.31729     2.29526     3.93850     1.80214   (sampled)
    41.41729     2.29137     4.06419     1.80821 (mid-point)
    41.51729     2.28994     4.18989     1.81428   (sampled)
    41.61729     2.28685     4.32927     1.82036 (mid-point)
    41.71729     2.28710     4.46865     1.82645   (sampled)
    41.81729     2.26761     4.61378     1.83264 (mid-point)
    41.91729     2.25315     4.75890     1.83891   (sampled)
    42.01729     2.24390     4.90302     1.84523 (mid-point)
    42.11729     2.23882     5.04715     1.85158   (sampled)
    42.21729     2.23690     5.18957     1.85794 (mid-point)
    42.31729     2.23893     5.33199     1.86429   (sampled)
    42.41729     2.25002     5.48240     1.87058 (mid-point)
    42.51729     2.26587     5.63281     1.87678   (sampled)
    42.61729     2.28596     5.76991     1.88287 (mid-point)
    42.71729     2.31048     5.90700     1.88883   (sampled)
    42.81729     2.33525     6.03710     1.89467 (mid-point)
    42.91729     2.36336     6.16720     1.90037   (sampled)
    43.01729     2.37394     6.28740     1.90602 (mid-point)
    43.11729     2.38675     6.40761     1.91161   (sampled)
    43.21729     2.39777     6.53782     1.91714 (mid-point)
    43.31729     2.40925     6.66802     1.92263   (sampled)
    43.41729     2.40466     6.82743     1.92813 (mid-point)
    43.51729     2.40605     6.98683     1.93363   (sampled)
    43.61729     2.41307     7.15581     1.93910 (mid-point)
    43.71729     2.42675     7.32479     1.94450   (sampled)
    43.81729     2.44673     7.49750     1.94982 (mid-point)
    43.91729     2.47490     7.67022     1.95501   (sampled)
    44.01729     2.45001     8.85180     1.96032 (mid-point)
    44.11729     2.80350    10.03338     1.96437   (sampled)
    44.21729     2.83336    10.78407     1.96833 (mid-point)
    44.31729     2.98622    11.53475     1.97190   (sampled)
    44.41729     4.95777    15.28219     1.97320 (mid-point)
    44.51729     8.04110    19.02964     1.97369   (sampled)
    44.61729    12.66020    24.14801     1.97389 (mid-point)
    44.71729    17.49003    29.26638     1.97399   (sampled)

 Minimum radius found:      0.662 angstroms.



 For spherical probe approach, The geometric factor
         F= sum(ds/area) along channel is    1.974 angstroms**-1
 This yields a macroscopic predicted molar conductance of:
   (1/rho)*(100/F)= (51/rho) pS,
   where rho is the conductivity of 1M permeant ion in ohm m.
 N.B. this is a macroscopic conductance - an overestimate 
 Empirically corrected conductances currently only available
 With the CAPSULE option (although its not that stable!)
 For 1M KCl rho= 1/12 (ohm m), So Gmacro= 610 pS/M.
  (TAG      1   Rmin=     0.66192   Gmacro=   607.90533 Conn_Gmacro=    -1.00000 ).
 HOLE: normal completion
