 *** Program HOLE ***
 
 If results of this run are reported or published, please
 cite the publication listed below.
 For the HOLE program:
   Smart, O.S., Goodfellow, J.M., Wallace, B.A. (1993). 
   The pore dimensions of gramicidin A. 
   Biophys. J., 65, 2455-2460.
 
 Originally written by Oliver Smart at Birkbeck College from April 1992.
 Copyright 1993-2005 Oliver Smart
 Copyright 2014-2015 SmartSci Limited.
 Copyright 2016 Oliver Smart.
 
 For help on HOLE suite see  http://www.holeprogram.org/
 
 HOLE release 2.2.005 (07 August 2016) 
 
 usage subject to Apache License, Version 2.0 
 see http://www.apache.org/licenses/LICENSE-2.0 

 Control variables read:

! Input file for Oliver Smart's HOLE program
! written by MDAnalysis.analysis.hole2.HoleAnalysis
! for a Universe
! u = mda.Universe(/afs/crc.nd.edu/user/m/mfarshad/Private/ML-new/traj/host-38/h
!    /afs/crc.nd.edu/user/m/mfarshad/Private/ML-new/traj/host-38/host_38.trr
!   )
! Frame 53

COORD  /tmp/2550184.1.long/tmpm1upxwkf.pdb
RADIUS simple2.rad
SPHPDB hole053.sph
SAMPLE 0.200000
ENDRAD 22.000000
IGNORE SOL WAT TIP HOH K   NA  CL
SHORTO 0
RASEED 31415
CPOINT 40.2326901300 40.1183205332 40.2403454781


 WARNING have not found a CVECT record - will try to guess
 Input pdb filename read as:    '/tmp/2550184.1.long/tmpm1upxwkf.pdb'
 Input vdW radius file read as: 'simple2.rad'
 point in channel:   40.233  40.118  40.240
 channel vector:   ************************
 sampling distance between planes:    0.200

 graphics conditions:
 binary plot output file name: NONE
 Dot density:    10
 Draw dots?           T
 Draw close contacts? F
 Draw centre line?    T
 Produce spikes rather than dots? F
 Seed for random number generator:     31415 (0 means value set by program)
 Radius above which a result is regarded as an 'end':  22.000
 Pdb format file for sphere centres: hole053.sph

 Monte Carlo conditions:
  no of steps:  1000
  maximum displacement   0.100 angs
  'kT' initial   0.100 angs
 The spherebox and capsule options are turned off.
 (No molqpt card so will not write qpt file of the molecule)
 IGNORE card read so will ignore residue types: SOL WAT TIP HOH K   NA  CL
 no SHORTO card read so will produce full textual output
 As no PEGRAT card was found will not produce PEG polymer exclusion graph
 (No 2DMAPS card specified so will not produce 2D property maps)
 Have not found a CUT card.  Normal calculation using
   Cutoff lists with a cutsize=       1.000
   (if you wish to turn off option use a CUT -1 card)

 Have read     7 bond radius records and
              16 vdW radius records.
 From file: simple2.rad

 Have read    56 atom records.
 From file: /tmp/2550184.1.long/tmpm1upxwkf.pdb
 Will not produce graphical output

 Have opened file for pdb format output of sphere centres:  hole053.sph

  Seed integer used by ran # generator on this run      31415

 
 S/R cguess will try to guess CPOINT and/or CVECT
 
 THESE GUESSES MAY WELL BE WRONG!!!!
 Routine relies on having a reasonably symmetric
 channel oriented along x, y or z vector
 YOU ARE STRONGLY ADVISED TO CHECK THE RESULTS
                       WITH MOLECULAR GRAPHICS
 testing points from cpoint in X, Y then Z direction
   point                   pore radius
direction     1
  35.233  40.118  40.240    -1.316
  36.233  40.118  40.240    -1.346
  37.233  40.118  40.240    -0.551
  38.233  40.118  40.240     0.063
  39.233  40.118  40.240     0.930
  40.233  40.118  40.240     1.393
  41.233  40.118  40.240     0.928
  42.233  40.118  40.240     0.288
  43.233  40.118  40.240     0.044
  44.233  40.118  40.240     0.345
  45.233  40.118  40.240     0.950
 Average pore radius along the line=      0.157
direction     2
  40.233  35.118  40.240     0.926
  40.233  36.118  40.240     0.367
  40.233  37.118  40.240     0.316
  40.233  38.118  40.240     0.502
  40.233  39.118  40.240     0.908
  40.233  40.118  40.240     1.393
  40.233  41.118  40.240     1.376
  40.233  42.118  40.240     1.313
  40.233  43.118  40.240     1.575
  40.233  44.118  40.240     2.095
  40.233  45.118  40.240     2.783
 Average pore radius along the line=      1.232
direction     3
  40.233  40.118  35.240    -0.304
  40.233  40.118  36.240    -1.076
  40.233  40.118  37.240    -1.216
  40.233  40.118  38.240    -0.365
  40.233  40.118  39.240     0.601
  40.233  40.118  40.240     1.393
  40.233  40.118  41.240     0.807
  40.233  40.118  42.240     0.543
  40.233  40.118  43.240     0.712
  40.233  40.118  44.240     0.703
  40.233  40.118  45.240     1.013
 Average pore radius along the line=      0.256
 Best direction is found to be     2
(1=X,2=Y,3=Z)
 s/r cguess has produced initial values for cpoint &/or cvect:
CPOINT      40.2327     40.1183     40.2403
CVECT        0.0000      1.0000      0.0000
 THESE GUESSES MAY WELL BE WRONG!!!!
 Routine relies on having a reasonably symmetric
 channel oriented along x, y or z vector
 YOU ARE STRONGLY ADVISED TO CHECK THE RESULTS
                       WITH MOLECULAR GRAPHICS
 
 
  Some routines (e.g. conn) need vectors normal to cvect: 
     EAST Zero degrees angle is along vector    1.000   0.000   0.000
     NORTH  90 degrees angle is along vector    0.000   0.000   1.000
 highest radius point found:
  at point   40.465  40.118  40.174
  closest atom surface    1.533   O   3   X    1
  2nd closest surface     1.534   O4  3   X    1
  found on step  935
  this is also current point
  no. of rejections          377
 stored as     0

 highest radius point found:
  at point   40.295  40.318  40.207
  closest atom surface    1.565   O4  3   X    1
  2nd closest surface     1.566   O   3   X    1
  found on step  994
  this is also current point
  no. of rejections          364
 stored as     1

 highest radius point found:
  at point   40.175  40.518  40.268
  closest atom surface    1.616   O4  3   X    1
  2nd closest surface     1.617   H7  3   X    1
  found on step  993
  this is also current point
  no. of rejections          384
 stored as     2

 highest radius point found:
  at point   40.046  40.718  40.347
  closest atom surface    1.669   O4  3   X    1
  2nd closest surface     1.670   H7  3   X    1
  found on step  860
 current point:
  at point   40.050  40.718  40.349
  closest atom surface    1.669   O7  3   X    1
  2nd closest surface     1.669   O4  3   X    1
  found on step  951
  no. of rejections          359
 stored as     3

 highest radius point found:
  at point   39.915  40.918  40.425
  closest atom surface    1.740   O4  3   X    1
  2nd closest surface     1.744   H7  3   X    1
  found on step  936
  this is also current point
  no. of rejections          362
 stored as     4

 highest radius point found:
  at point   39.798  41.118  40.525
  closest atom surface    1.820   O4  3   X    1
  2nd closest surface     1.822   O7  3   X    1
  found on step  909
  this is also current point
  no. of rejections          397
 stored as     5

 highest radius point found:
  at point   39.772  41.318  40.793
  closest atom surface    1.854   H12 3   X    1
  2nd closest surface     1.854   O4  3   X    1
  found on step  485
 current point:
  at point   39.773  41.318  40.794
  closest atom surface    1.854   O7  3   X    1
  2nd closest surface     1.854   O4  3   X    1
  found on step  946
  no. of rejections          373
 stored as     6

 highest radius point found:
  at point   39.748  41.518  41.066
  closest atom surface    1.918   O7  3   X    1
  2nd closest surface     1.919   O4  3   X    1
  found on step  222
 current point:
  at point   39.748  41.518  41.065
  closest atom surface    1.918   O7  3   X    1
  2nd closest surface     1.919   O4  3   X    1
  found on step  963
  no. of rejections          335
 stored as     7

 highest radius point found:
  at point   37.994  41.718  46.728
  closest atom surface    3.631   H16 3   X    1
  2nd closest surface     3.678   H26 3   X    1
  found on step  999
  this is also current point
  no. of rejections          230
 stored as     8

 highest radius point found:
  at point   35.180  41.918  55.114
  closest atom surface   11.560   H26 3   X    1
  2nd closest surface    11.573   H16 3   X    1
  found on step 1000
  this is also current point
  no. of rejections          266
 stored as     9

 highest radius point found:
  at point   31.983  42.118  66.973
  closest atom surface   23.498   C13 3   X    1
  2nd closest surface    23.506   H26 3   X    1
  found on step  998
  this is also current point
  no. of rejections          261
 This is an end! (radius above  22.0 angs)
 highest radius point found:
  at point   40.466  39.918  40.093
  closest atom surface    1.479   H23 3   X    1
  2nd closest surface     1.480   O4  3   X    1
  found on step  768
 current point:
  at point   40.485  39.918  40.082
  closest atom surface    1.474   C3  3   X    1
  2nd closest surface     1.478   H23 3   X    1
  found on step  981
  no. of rejections          369
 stored as    -1

 highest radius point found:
  at point   40.459  39.718  40.027
  closest atom surface    1.425   O4  3   X    1
  2nd closest surface     1.425   C3  3   X    1
  found on step  970
  this is also current point
  no. of rejections          362
 stored as    -2

 highest radius point found:
  at point   40.457  39.518  39.962
  closest atom surface    1.385   C3  3   X    1
  2nd closest surface     1.385   H23 3   X    1
  found on step  915
  this is also current point
  no. of rejections          392
 stored as    -3

 highest radius point found:
  at point   40.461  39.318  39.897
  closest atom surface    1.359   C3  3   X    1
  2nd closest surface     1.360   H23 3   X    1
  found on step  740
 current point:
  at point   40.459  39.318  39.900
  closest atom surface    1.359   H23 3   X    1
  2nd closest surface     1.359   O4  3   X    1
  found on step  983
  no. of rejections          381
 stored as    -4

 highest radius point found:
  at point   40.467  39.118  39.837
  closest atom surface    1.348   H23 3   X    1
  2nd closest surface     1.351   C3  3   X    1
  found on step  131
 current point:
  at point   40.498  39.118  39.823
  closest atom surface    1.345   H23 3   X    1
  2nd closest surface     1.345   C3  3   X    1
  found on step 1000
  no. of rejections          389
 stored as    -5

 highest radius point found:
  at point   40.553  38.918  39.742
  closest atom surface    1.345   C3  3   X    1
  2nd closest surface     1.346   H23 3   X    1
  found on step  278
 current point:
  at point   40.548  38.918  39.748
  closest atom surface    1.344   H23 3   X    1
  2nd closest surface     1.347   C10 3   X    1
  found on step  973
  no. of rejections          369
 stored as    -6

 highest radius point found:
  at point   41.013  38.718  39.513
  closest atom surface    1.362   H23 3   X    1
  2nd closest surface     1.366   C3  3   X    1
  found on step  347
 current point:
  at point   40.729  38.718  39.619
  closest atom surface    1.357   C3  3   X    1
  2nd closest surface     1.357   H23 3   X    1
  found on step  989
  no. of rejections          379
 stored as    -7

 highest radius point found:
  at point   41.007  38.518  39.461
  closest atom surface    1.405   C3  3   X    1
  2nd closest surface     1.407   H23 3   X    1
  found on step  510
 current point:
  at point   40.943  38.518  39.485
  closest atom surface    1.400   C11 3   X    1
  2nd closest surface     1.400   C3  3   X    1
  found on step  968
  no. of rejections          373
 stored as    -8

 highest radius point found:
  at point   43.244  38.318  39.477
  closest atom surface    1.782   C11 3   X    1
  2nd closest surface     1.782   C1  3   X    1
  found on step  990
  this is also current point
  no. of rejections          356
 stored as    -9

 highest radius point found:
  at point   52.864  38.118  38.599
  closest atom surface    8.089   H   3   X    1
  2nd closest surface     8.183   H31 3   X    1
  found on step 1000
  this is also current point
  no. of rejections          220
 stored as   -10

 highest radius point found:
  at point   63.951  37.918  39.738
  closest atom surface   18.482   H31 3   X    1
  2nd closest surface    18.693   H   3   X    1
  found on step  999
  this is also current point
  no. of rejections          263
 stored as   -11

 highest radius point found:
  at point   73.300  37.718  39.843
  closest atom surface   27.697   H31 3   X    1
  2nd closest surface    27.902   C15 3   X    1
  found on step  997
  this is also current point
  no. of rejections          274
 This is an end! (radius above  22.0 angs)
 
 N.b. Graph information routine (HOGRAP) differs 
        markedly from previous versions!
       Information now is written from -ve end
       to +ve in one pass
 
 Explanation of the meaning of each column: 
 First column "cenxyz.cvec" is the coordinate in the
   direction of the channel vector i.e. if the channel
   vector is in z (0 0 1) then it is the z coordinate.
 The second column "radius" is the hole pore radius 
   (as defined in the Biophys J 1993) article).
 The third column "cen_line_D" is the distance 
   measured along the pore centre line - with the 
   first point found set to zero. This was the first
   thing that I used to measure the distance along a pore
   but "cenxyz.cvec" is a much better general measure. 
   However, by comparing changes in this distance to changes in '   "cenxyz.cvec" one can get a measure of how straight a 
   channel is.
 The fourth column "sum{s/(area)}" is useful in conductance
   prediction -
   basically it is the sum of the thickness of each slab
   divided by its area. HOLE uses this measure to estimate
   the macroscopic conductance of a channel.
 If any of this worries you one can see the "raw" results
   of a standard hole run by producing a sphpdb file and 
    directly looking at the results.
 cenxyz.cvec      radius  cen_line_D sum{s/(area point sourc
    37.91832    18.48184   -25.10739     0.00009   (sampled)
    38.01832    13.17297   -19.53400     0.00028 (mid-point)
    38.11832     8.08865   -13.96061     0.00076   (sampled)
    38.21832     4.13411    -9.12949     0.00263 (mid-point)
    38.31832     1.78171    -4.29838     0.01265   (sampled)
    38.41832     1.36049    -3.17518     0.02985 (mid-point)
    38.51832     1.40504    -2.05199     0.04597   (sampled)
    38.61832     1.38223    -1.94859     0.06263 (mid-point)
    38.71832     1.36151    -1.84519     0.07981   (sampled)
    38.81832     1.33762    -1.56918     0.09760 (mid-point)
    38.91832     1.34478    -1.29318     0.11520   (sampled)
    39.01832     1.34428    -1.17459     0.13281 (mid-point)
    39.11832     1.34837    -1.05600     0.15032   (sampled)
    39.21832     1.35173    -0.95147     0.16774 (mid-point)
    39.31832     1.35882    -0.84693     0.18498   (sampled)
    39.41832     1.36998    -0.74185     0.20194 (mid-point)
    39.51832     1.38451    -0.63677     0.21855   (sampled)
    39.61832     1.40285    -0.53161     0.23472 (mid-point)
    39.71832     1.42512    -0.42644     0.25039   (sampled)
    39.81832     1.45014    -0.32103     0.26553 (mid-point)
    39.91832     1.47928    -0.21562     0.28008   (sampled)
    40.01832     1.50534    -0.10781     0.29412 (mid-point)
    40.11832     1.53282     0.00000     0.30767   (sampled)
    40.21832     1.54673     0.13243     0.32098 (mid-point)
    40.31832     1.56494     0.26486     0.33397   (sampled)
    40.41832     1.58817     0.38529     0.34659 (mid-point)
    40.51832     1.61567     0.50573     0.35879   (sampled)
    40.61832     1.64014     0.63124     0.37062 (mid-point)
    40.71832     1.66919     0.75676     0.38204   (sampled)
    40.81832     1.70266     0.88262     0.39302 (mid-point)
    40.91832     1.74048     1.00848     0.40353   (sampled)
    41.01832     1.77839     1.13439     0.41360 (mid-point)
    41.11832     1.82044     1.26030     0.42320   (sampled)
    41.21832     1.83339     1.42822     0.43267 (mid-point)
    41.31832     1.85376     1.59615     0.44193   (sampled)
    41.41832     1.88222     1.76561     0.45092 (mid-point)
    41.51832     1.91791     1.93508     0.45957   (sampled)
    41.61832     2.05243     4.90081     0.46713 (mid-point)
    41.71832     3.63110     7.86653     0.46954   (sampled)
    41.81832     7.37798    12.29018     0.47013 (mid-point)
    41.91832    11.56016    16.71384     0.47037   (sampled)

 Minimum radius found:      1.338 angstroms.



 For spherical probe approach, The geometric factor
         F= sum(ds/area) along channel is    0.470 angstroms**-1
 This yields a macroscopic predicted molar conductance of:
   (1/rho)*(100/F)= (210/rho) pS,
   where rho is the conductivity of 1M permeant ion in ohm m.
 N.B. this is a macroscopic conductance - an overestimate 
 Empirically corrected conductances currently only available
 With the CAPSULE option (although its not that stable!)
 For 1M KCl rho= 1/12 (ohm m), So Gmacro= 2600 pS/M.
  (TAG      1   Rmin=     1.33762   Gmacro=  2551.20129 Conn_Gmacro=    -1.00000 ).
 HOLE: normal completion
