 *** Program HOLE ***
 
 If results of this run are reported or published, please
 cite the publication listed below.
 For the HOLE program:
   Smart, O.S., Goodfellow, J.M., Wallace, B.A. (1993). 
   The pore dimensions of gramicidin A. 
   Biophys. J., 65, 2455-2460.
 
 Originally written by Oliver Smart at Birkbeck College from April 1992.
 Copyright 1993-2005 Oliver Smart
 Copyright 2014-2015 SmartSci Limited.
 Copyright 2016 Oliver Smart.
 
 For help on HOLE suite see  http://www.holeprogram.org/
 
 HOLE release 2.2.005 (07 August 2016) 
 
 usage subject to Apache License, Version 2.0 
 see http://www.apache.org/licenses/LICENSE-2.0 

 Control variables read:

! Input file for Oliver Smart's HOLE program
! written by MDAnalysis.analysis.hole2.HoleAnalysis
! for a Universe
! u = mda.Universe(/afs/crc.nd.edu/user/m/mfarshad/Private/ML-new/traj/host-urea
!    /afs/crc.nd.edu/user/m/mfarshad/Private/ML-new/traj/host-urea+cage4/host_ur
!   )
! Frame 26

COORD  /tmp/2550330.1.long/tmptpqpp9u6.pdb
RADIUS simple2.rad
SPHPDB hole026.sph
SAMPLE 0.200000
ENDRAD 22.000000
IGNORE SOL WAT TIP HOH K   NA  CL
SHORTO 0
RASEED 31415
CPOINT 39.9065114884 39.8016635804 39.7643445333


 WARNING have not found a CVECT record - will try to guess
 Input pdb filename read as:    '/tmp/2550330.1.long/tmptpqpp9u6.pdb'
 Input vdW radius file read as: 'simple2.rad'
 point in channel:   39.907  39.802  39.764
 channel vector:   ************************
 sampling distance between planes:    0.200

 graphics conditions:
 binary plot output file name: NONE
 Dot density:    10
 Draw dots?           T
 Draw close contacts? F
 Draw centre line?    T
 Produce spikes rather than dots? F
 Seed for random number generator:     31415 (0 means value set by program)
 Radius above which a result is regarded as an 'end':  22.000
 Pdb format file for sphere centres: hole026.sph

 Monte Carlo conditions:
  no of steps:  1000
  maximum displacement   0.100 angs
  'kT' initial   0.100 angs
 The spherebox and capsule options are turned off.
 (No molqpt card so will not write qpt file of the molecule)
 IGNORE card read so will ignore residue types: SOL WAT TIP HOH K   NA  CL
 no SHORTO card read so will produce full textual output
 As no PEGRAT card was found will not produce PEG polymer exclusion graph
 (No 2DMAPS card specified so will not produce 2D property maps)
 Have not found a CUT card.  Normal calculation using
   Cutoff lists with a cutsize=       1.000
   (if you wish to turn off option use a CUT -1 card)

 Have read     7 bond radius records and
              16 vdW radius records.
 From file: simple2.rad

 Have read    84 atom records.
 From file: /tmp/2550330.1.long/tmptpqpp9u6.pdb
 Will not produce graphical output

 Have opened file for pdb format output of sphere centres:  hole026.sph

  Seed integer used by ran # generator on this run      31415

 
 S/R cguess will try to guess CPOINT and/or CVECT
 
 THESE GUESSES MAY WELL BE WRONG!!!!
 Routine relies on having a reasonably symmetric
 channel oriented along x, y or z vector
 YOU ARE STRONGLY ADVISED TO CHECK THE RESULTS
                       WITH MOLECULAR GRAPHICS
 testing points from cpoint in X, Y then Z direction
   point                   pore radius
direction     1
  34.907  39.802  39.764    -0.584
  35.907  39.802  39.764    -0.579
  36.907  39.802  39.764     0.055
  37.907  39.802  39.764     0.915
  38.907  39.802  39.764     1.670
  39.907  39.802  39.764     2.271
  40.907  39.802  39.764     1.683
  41.907  39.802  39.764     0.849
  42.907  39.802  39.764    -0.009
  43.907  39.802  39.764    -0.939
  44.907  39.802  39.764    -1.330
 Average pore radius along the line=      0.364
direction     2
  39.907  34.802  39.764     1.672
  39.907  35.802  39.764     1.203
  39.907  36.802  39.764     1.020
  39.907  37.802  39.764     1.175
  39.907  38.802  39.764     1.624
  39.907  39.802  39.764     2.271
  39.907  40.802  39.764     2.123
  39.907  41.802  39.764     1.897
  39.907  42.802  39.764     1.916
  39.907  43.802  39.764     2.119
  39.907  44.802  39.764     2.545
 Average pore radius along the line=      1.779
direction     3
  39.907  39.802  34.764     0.349
  39.907  39.802  35.764     0.740
  39.907  39.802  36.764     1.497
  39.907  39.802  37.764     1.768
  39.907  39.802  38.764     2.246
  39.907  39.802  39.764     2.271
  39.907  39.802  40.764     1.883
  39.907  39.802  41.764     1.278
  39.907  39.802  42.764     0.931
  39.907  39.802  43.764     0.795
  39.907  39.802  44.764     0.237
 Average pore radius along the line=      1.272
 Best direction is found to be     2
(1=X,2=Y,3=Z)
 s/r cguess has produced initial values for cpoint &/or cvect:
CPOINT      39.9065     39.8017     39.7643
CVECT        0.0000      1.0000      0.0000
 THESE GUESSES MAY WELL BE WRONG!!!!
 Routine relies on having a reasonably symmetric
 channel oriented along x, y or z vector
 YOU ARE STRONGLY ADVISED TO CHECK THE RESULTS
                       WITH MOLECULAR GRAPHICS
 
 
  Some routines (e.g. conn) need vectors normal to cvect: 
     EAST Zero degrees angle is along vector    1.000   0.000   0.000
     NORTH  90 degrees angle is along vector    0.000   0.000   1.000
 highest radius point found:
  at point   40.165  39.802  39.338
  closest atom surface    2.465   C18 URE X    1
  2nd closest surface     2.465   C25 URE X    1
  found on step  944
  this is also current point
  no. of rejections          354
 stored as     0

 highest radius point found:
  at point   39.996  40.002  39.382
  closest atom surface    2.481   O2  URE X    1
  2nd closest surface     2.482   C25 URE X    1
  found on step  861
 current point:
  at point   39.989  40.002  39.399
  closest atom surface    2.480   C18 URE X    1
  2nd closest surface     2.483   C25 URE X    1
  found on step  996
  no. of rejections          375
 stored as     1

 highest radius point found:
  at point   39.818  40.202  39.450
  closest atom surface    2.515   C18 URE X    1
  2nd closest surface     2.517   C25 URE X    1
  found on step  520
 current point:
  at point   39.806  40.202  39.509
  closest atom surface    2.512   C25 URE X    1
  2nd closest surface     2.513   C18 URE X    1
  found on step  929
  no. of rejections          356
 stored as     2

 highest radius point found:
  at point   39.644  40.402  39.521
  closest atom surface    2.564   C25 URE X    1
  2nd closest surface     2.565   C18 URE X    1
  found on step  270
 current point:
  at point   39.621  40.402  39.612
  closest atom surface    2.563   C25 URE X    1
  2nd closest surface     2.563   C18 URE X    1
  found on step  972
  no. of rejections          368
 stored as     3

 highest radius point found:
  at point   39.462  40.602  39.620
  closest atom surface    2.628   C19 URE X    1
  2nd closest surface     2.629   C25 URE X    1
  found on step  982
  this is also current point
  no. of rejections          379
 stored as     4

 highest radius point found:
  at point   39.377  40.802  39.592
  closest atom surface    2.645   C21 URE X    1
  2nd closest surface     2.646   O2  URE X    1
  found on step  677
 current point:
  at point   39.378  40.802  39.587
  closest atom surface    2.642   O2  URE X    1
  2nd closest surface     2.645   C21 URE X    1
  found on step  949
  no. of rejections          385
 stored as     5

 highest radius point found:
  at point   39.289  41.002  39.624
  closest atom surface    2.666   C21 URE X    1
  2nd closest surface     2.666   C25 URE X    1
  found on step  974
  this is also current point
  no. of rejections          374
 stored as     6

 highest radius point found:
  at point   39.198  41.202  39.644
  closest atom surface    2.693   O2  URE X    1
  2nd closest surface     2.694   O4  URE X    1
  found on step  939
  this is also current point
  no. of rejections          398
 stored as     7

 highest radius point found:
  at point   39.102  41.402  39.656
  closest atom surface    2.726   O2  URE X    1
  2nd closest surface     2.727   O4  URE X    1
  found on step  699
 current point:
  at point   39.103  41.402  39.658
  closest atom surface    2.726   O4  URE X    1
  2nd closest surface     2.727   O2  URE X    1
  found on step  995
  no. of rejections          377
 stored as     8

 highest radius point found:
  at point   39.006  41.602  39.667
  closest atom surface    2.771   O2  URE X    1
  2nd closest surface     2.771   O4  URE X    1
  found on step  988
  this is also current point
  no. of rejections          368
 stored as     9

 highest radius point found:
  at point   38.904  41.802  39.673
  closest atom surface    2.826   O2  URE X    1
  2nd closest surface     2.826   C21 URE X    1
  found on step  995
  this is also current point
  no. of rejections          379
 stored as    10

 highest radius point found:
  at point   38.812  42.002  39.688
  closest atom surface    2.891   O2  URE X    1
  2nd closest surface     2.891   O4  URE X    1
  found on step  961
  this is also current point
  no. of rejections          366
 stored as    11

 highest radius point found:
  at point   38.715  42.202  39.698
  closest atom surface    2.966   O2  URE X    1
  2nd closest surface     2.966   O4  URE X    1
  found on step  984
  this is also current point
  no. of rejections          349
 stored as    12

 highest radius point found:
  at point   38.618  42.402  39.711
  closest atom surface    3.049   O4  URE X    1
  2nd closest surface     3.051   C21 URE X    1
  found on step  139
 current point:
  at point   38.612  42.402  39.711
  closest atom surface    3.047   C21 URE X    1
  2nd closest surface     3.047   O4  URE X    1
  found on step  943
  no. of rejections          380
 stored as    13

 highest radius point found:
  at point   38.522  42.602  39.718
  closest atom surface    3.142   O2  URE X    1
  2nd closest surface     3.143   C21 URE X    1
  found on step  831
 current point:
  at point   38.532  42.602  39.728
  closest atom surface    3.140   O4  URE X    1
  2nd closest surface     3.141   O2  URE X    1
  found on step  957
  no. of rejections          379
 stored as    14

 highest radius point found:
  at point   38.426  42.802  39.732
  closest atom surface    3.244   C21 URE X    1
  2nd closest surface     3.244   O4  URE X    1
  found on step  898
  this is also current point
  no. of rejections          371
 stored as    15

 highest radius point found:
  at point   38.333  43.002  39.742
  closest atom surface    3.352   O2  URE X    1
  2nd closest surface     3.352   C21 URE X    1
  found on step  984
  this is also current point
  no. of rejections          345
 stored as    16

 highest radius point found:
  at point   38.243  43.202  39.762
  closest atom surface    3.466   O4  URE X    1
  2nd closest surface     3.469   O2  URE X    1
  found on step  818
 current point:
  at point   38.234  43.202  39.747
  closest atom surface    3.465   C21 URE X    1
  2nd closest surface     3.466   O2  URE X    1
  found on step  931
  no. of rejections          357
 stored as    17

 highest radius point found:
  at point   38.146  43.402  39.769
  closest atom surface    3.591   O2  URE X    1
  2nd closest surface     3.591   O4  URE X    1
  found on step  995
  this is also current point
  no. of rejections          333
 stored as    18

 highest radius point found:
  at point   38.048  43.602  39.784
  closest atom surface    3.718   O4  URE X    1
  2nd closest surface     3.718   C21 URE X    1
  found on step  947
  this is also current point
  no. of rejections          336
 stored as    19

 highest radius point found:
  at point   37.957  43.802  39.793
  closest atom surface    3.854   C21 URE X    1
  2nd closest surface     3.854   O2  URE X    1
  found on step  972
  this is also current point
  no. of rejections          308
 stored as    20

 highest radius point found:
  at point   37.865  44.002  39.808
  closest atom surface    3.994   C21 URE X    1
  2nd closest surface     3.994   O4  URE X    1
  found on step  963
  this is also current point
  no. of rejections          316
 stored as    21

 highest radius point found:
  at point   37.775  44.202  39.824
  closest atom surface    4.138   O4  URE X    1
  2nd closest surface     4.139   O2  URE X    1
  found on step  793
 current point:
  at point   37.767  44.202  39.824
  closest atom surface    4.137   O4  URE X    1
  2nd closest surface     4.137   C21 URE X    1
  found on step  970
  no. of rejections          299
 stored as    22

 highest radius point found:
  at point   37.679  44.402  39.834
  closest atom surface    4.288   C21 URE X    1
  2nd closest surface     4.289   O2  URE X    1
  found on step  897
  this is also current point
  no. of rejections          304
 stored as    23

 highest radius point found:
  at point   37.589  44.602  39.849
  closest atom surface    4.442   O2  URE X    1
  2nd closest surface     4.442   O4  URE X    1
  found on step  783
 current point:
  at point   37.581  44.602  39.844
  closest atom surface    4.440   C21 URE X    1
  2nd closest surface     4.444   O4  URE X    1
  found on step  972
  no. of rejections          315
 stored as    24

 highest radius point found:
  at point   37.491  44.802  39.853
  closest atom surface    4.598   C21 URE X    1
  2nd closest surface     4.599   O2  URE X    1
  found on step    5
 current point:
  at point   36.563  44.802  37.645
  closest atom surface    4.557   O2  URE X    1
  2nd closest surface     4.557   C21 URE X    1
  found on step  969
  no. of rejections          277
 stored as    25

 highest radius point found:
  at point   37.404  45.002  39.875
  closest atom surface    4.761   O2  URE X    1
  2nd closest surface     4.762   C21 URE X    1
  found on step  995
  this is also current point
  no. of rejections          288
 stored as    26

 highest radius point found:
  at point   37.337  45.202  39.931
  closest atom surface    4.905   O4  URE X    1
  2nd closest surface     4.929   O2  URE X    1
  found on step    2
 current point:
  at point   35.874  45.202  40.610
  closest atom surface    4.771   C21 URE X    1
  2nd closest surface     4.771   O4  URE X    1
  found on step  900
  no. of rejections          226
 stored as    27

 highest radius point found:
  at point   37.216  45.402  39.900
  closest atom surface    5.093   C21 URE X    1
  2nd closest surface     5.095   O2  URE X    1
  found on step  982
  this is also current point
  no. of rejections          283
 stored as    28

 highest radius point found:
  at point   37.126  45.602  39.919
  closest atom surface    5.264   O4  URE X    1
  2nd closest surface     5.265   C21 URE X    1
  found on step  297
 current point:
  at point   37.130  45.602  39.918
  closest atom surface    5.264   O2  URE X    1
  2nd closest surface     5.265   O4  URE X    1
  found on step  972
  no. of rejections          295
 stored as    29

 highest radius point found:
  at point   36.007  45.802  37.598
  closest atom surface    5.456   H2  URE X    1
  2nd closest surface     5.456   C21 URE X    1
  found on step  940
  this is also current point
  no. of rejections          238
 stored as    30

 highest radius point found:
  at point   31.382  46.002  35.546
  closest atom surface    7.055   H25 URE X    1
  2nd closest surface     7.058   H2  URE X    1
  found on step  998
  this is also current point
  no. of rejections          188
 stored as    31

 highest radius point found:
  at point   22.104  46.202  35.351
  closest atom surface   13.712   O1  URE X    1
  2nd closest surface    13.766   H25 URE X    1
  found on step  995
  this is also current point
  no. of rejections          218
 stored as    32

 highest radius point found:
  at point   12.448  46.402  34.451
  closest atom surface   22.463   O1  URE X    1
  2nd closest surface    22.793   H25 URE X    1
  found on step  999
  this is also current point
  no. of rejections          277
 This is an end! (radius above  22.0 angs)
 highest radius point found:
  at point   40.323  39.602  39.238
  closest atom surface    2.452   C18 URE X    1
  2nd closest surface     2.455   C9  URE X    1
  found on step  997
  this is also current point
  no. of rejections          375
 stored as    -1

 highest radius point found:
  at point   40.472  39.402  39.119
  closest atom surface    2.448   C18 URE X    1
  2nd closest surface     2.448   C9  URE X    1
  found on step  889
  this is also current point
  no. of rejections          344
 stored as    -2

 highest radius point found:
  at point   40.619  39.202  39.003
  closest atom surface    2.459   C18 URE X    1
  2nd closest surface     2.459   C9  URE X    1
  found on step  965
  this is also current point
  no. of rejections          377
 stored as    -3

 highest radius point found:
  at point   40.703  39.002  38.753
  closest atom surface    2.439   C18 URE X    1
  2nd closest surface     2.440   C7  URE X    1
  found on step  642
 current point:
  at point   40.709  39.002  38.957
  closest atom surface    2.437   C7  URE X    1
  2nd closest surface     2.437   C18 URE X    1
  found on step  935
  no. of rejections          390
 stored as    -4

 highest radius point found:
  at point   40.787  38.802  38.509
  closest atom surface    2.443   C7  URE X    1
  2nd closest surface     2.445   O2  URE X    1
  found on step  151
 current point:
  at point   40.799  38.802  38.902
  closest atom surface    2.424   C7  URE X    1
  2nd closest surface     2.426   C18 URE X    1
  found on step  943
  no. of rejections          380
 stored as    -5

 highest radius point found:
  at point   40.872  38.602  38.305
  closest atom surface    2.464   O5  URE X    1
  2nd closest surface     2.466   C7  URE X    1
  found on step  652
 current point:
  at point   40.877  38.602  38.297
  closest atom surface    2.463   C7  URE X    1
  2nd closest surface     2.463   O5  URE X    1
  found on step  899
  no. of rejections          361
 stored as    -6

 highest radius point found:
  at point   40.976  38.402  38.292
  closest atom surface    2.467   C7  URE X    1
  2nd closest surface     2.471   O5  URE X    1
  found on step   69
 current point:
  at point   40.957  38.402  38.363
  closest atom surface    2.465   C18 URE X    1
  2nd closest surface     2.476   C7  URE X    1
  found on step  997
  no. of rejections          372
 stored as    -7

 highest radius point found:
  at point   41.053  38.202  38.340
  closest atom surface    2.495   C18 URE X    1
  2nd closest surface     2.496   C7  URE X    1
  found on step  904
  this is also current point
  no. of rejections          372
 stored as    -8

 highest radius point found:
  at point   41.146  38.002  38.337
  closest atom surface    2.527   C7  URE X    1
  2nd closest surface     2.529   O5  URE X    1
  found on step  239
 current point:
  at point   41.146  38.002  38.360
  closest atom surface    2.524   C7  URE X    1
  2nd closest surface     2.527   C18 URE X    1
  found on step  985
  no. of rejections          381
 stored as    -9

 highest radius point found:
  at point   41.237  37.802  38.344
  closest atom surface    2.570   C7  URE X    1
  2nd closest surface     2.570   O5  URE X    1
  found on step  939
  this is also current point
  no. of rejections          360
 stored as   -10

 highest radius point found:
  at point   41.327  37.602  38.356
  closest atom surface    2.623   C7  URE X    1
  2nd closest surface     2.624   C18 URE X    1
  found on step  961
  this is also current point
  no. of rejections          397
 stored as   -11

 highest radius point found:
  at point   41.416  37.402  38.362
  closest atom surface    2.685   C18 URE X    1
  2nd closest surface     2.686   O5  URE X    1
  found on step  988
  this is also current point
  no. of rejections          355
 stored as   -12

 highest radius point found:
  at point   42.423  37.202  35.461
  closest atom surface    3.023   C5  URE X    1
  2nd closest surface     3.023   C3  URE X    1
  found on step  980
  this is also current point
  no. of rejections          315
 stored as   -13

 highest radius point found:
  at point   45.886  37.002  33.205
  closest atom surface    4.019   O10 URE X    1
  2nd closest surface     4.060   N   URE X    1
  found on step  998
  this is also current point
  no. of rejections          172
 stored as   -14

 highest radius point found:
  at point   51.997  36.802  33.087
  closest atom surface    7.950   H9  URE X    1
  2nd closest surface     7.970   O10 URE X    1
  found on step 1000
  this is also current point
  no. of rejections          185
 stored as   -15

 highest radius point found:
  at point   62.879  36.602  31.854
  closest atom surface   17.916   O10 URE X    1
  2nd closest surface    17.943   H8  URE X    1
  found on step  999
  this is also current point
  no. of rejections          241
 stored as   -16

 highest radius point found:
  at point   72.873  36.402  29.981
  closest atom surface   27.737   O10 URE X    1
  2nd closest surface    27.895   H8  URE X    1
  found on step 1000
  this is also current point
  no. of rejections          246
 This is an end! (radius above  22.0 angs)
 
 N.b. Graph information routine (HOGRAP) differs 
        markedly from previous versions!
       Information now is written from -ve end
       to +ve in one pass
 
 Explanation of the meaning of each column: 
 First column "cenxyz.cvec" is the coordinate in the
   direction of the channel vector i.e. if the channel
   vector is in z (0 0 1) then it is the z coordinate.
 The second column "radius" is the hole pore radius 
   (as defined in the Biophys J 1993) article).
 The third column "cen_line_D" is the distance 
   measured along the pore centre line - with the 
   first point found set to zero. This was the first
   thing that I used to measure the distance along a pore
   but "cenxyz.cvec" is a much better general measure. 
   However, by comparing changes in this distance to changes in '   "cenxyz.cvec" one can get a measure of how straight a 
   channel is.
 The fourth column "sum{s/(area)}" is useful in conductance
   prediction -
   basically it is the sum of the thickness of each slab
   divided by its area. HOLE uses this measure to estimate
   the macroscopic conductance of a channel.
 If any of this worries you one can see the "raw" results
   of a standard hole run by producing a sphpdb file and 
    directly looking at the results.
 cenxyz.cvec      radius  cen_line_D sum{s/(area point sourc
    36.60166    17.91646   -27.38776     0.00010   (sampled)
    36.70166    12.76181   -21.91119     0.00029 (mid-point)
    36.80166     7.95027   -16.43462     0.00080   (sampled)
    36.90166     5.62959   -13.37718     0.00180 (mid-point)
    37.00166     4.01929   -10.31973     0.00377   (sampled)
    37.10166     3.28446    -8.25100     0.00672 (mid-point)
    37.20166     3.02288    -6.18228     0.01021   (sampled)
    37.30166     2.60245    -4.64325     0.01491 (mid-point)
    37.40166     2.68514    -3.10421     0.01932   (sampled)
    37.50166     2.65336    -2.99473     0.02384 (mid-point)
    37.60166     2.62291    -2.88524     0.02847   (sampled)
    37.70166     2.59500    -2.77543     0.03320 (mid-point)
    37.80166     2.56964    -2.66563     0.03802   (sampled)
    37.90166     2.54685    -2.55582     0.04292 (mid-point)
    38.00166     2.52670    -2.44600     0.04791   (sampled)
    38.10166     2.50982    -2.33570     0.05296 (mid-point)
    38.20166     2.49536    -2.22539     0.05808   (sampled)
    38.30166     2.47992    -2.11570     0.06325 (mid-point)
    38.40166     2.46689    -2.00601     0.06848   (sampled)
    38.50166     2.46512    -1.89314     0.07372 (mid-point)
    38.60166     2.46449    -1.78026     0.07896   (sampled)
    38.70166     2.45218    -1.63109     0.08425 (mid-point)
    38.80166     2.44320    -1.48192     0.08959   (sampled)
    38.90166     2.43842    -1.31856     0.09494 (mid-point)
    39.00166     2.43947    -1.15520     0.10029   (sampled)
    39.10166     2.44607    -0.98978     0.10561 (mid-point)
    39.20166     2.45902    -0.82437     0.11087   (sampled)
    39.30166     2.45123    -0.68743     0.11617 (mid-point)
    39.40166     2.44779    -0.55049     0.12148   (sampled)
    39.50166     2.44770    -0.41243     0.12680 (mid-point)
    39.60166     2.45204    -0.27436     0.13209   (sampled)
    39.70166     2.45644    -0.13718     0.13737 (mid-point)
    39.80166     2.46520     0.00000     0.14260   (sampled)
    39.90166     2.47167     0.13248     0.14781 (mid-point)
    40.00166     2.48063     0.26497     0.15299   (sampled)
    40.10166     2.49720     0.40300     0.15809 (mid-point)
    40.20166     2.51497     0.54103     0.16312   (sampled)
    40.30166     2.53803     0.67859     0.16807 (mid-point)
    40.40166     2.56445     0.81614     0.17291   (sampled)
    40.50166     2.59465     0.96018     0.17763 (mid-point)
    40.60166     2.62829     1.10421     0.18224   (sampled)
    40.70166     2.63707     1.21368     0.18682 (mid-point)
    40.80166     2.64479     1.32314     0.19137   (sampled)
    40.90166     2.65421     1.43361     0.19589 (mid-point)
    41.00166     2.66632     1.54408     0.20036   (sampled)
    41.10166     2.67836     1.65437     0.20480 (mid-point)
    41.20166     2.69258     1.76467     0.20919   (sampled)
    41.30166     2.70799     1.87575     0.21353 (mid-point)
    41.40166     2.72617     1.98683     0.21782   (sampled)
    41.50166     2.74702     2.09786     0.22203 (mid-point)
    41.60166     2.77056     2.20889     0.22618   (sampled)
    41.70166     2.79698     2.32125     0.23025 (mid-point)
    41.80166     2.82607     2.43362     0.23424   (sampled)
    41.90166     2.85730     2.54396     0.23813 (mid-point)
    42.00166     2.89100     2.65429     0.24194   (sampled)
    42.10166     2.92719     2.76551     0.24566 (mid-point)
    42.20166     2.96578     2.87673     0.24928   (sampled)
    42.30166     3.00654     2.98805     0.25280 (mid-point)
    42.40166     3.04906     3.09937     0.25622   (sampled)
    42.50166     3.09588     3.21045     0.25954 (mid-point)
    42.60166     3.14228     3.32152     0.26277   (sampled)
    42.70166     3.19219     3.43253     0.26589 (mid-point)
    42.80166     3.24354     3.54354     0.26892   (sampled)
    42.90166     3.29703     3.65409     0.27184 (mid-point)
    43.00166     3.35191     3.76463     0.27468   (sampled)
    43.10166     3.40905     3.87458     0.27742 (mid-point)
    43.20166     3.46570     3.98453     0.28007   (sampled)
    43.30166     3.52765     4.09587     0.28262 (mid-point)
    43.40166     3.59076     4.20721     0.28509   (sampled)
    43.50166     3.65386     4.31867     0.28748 (mid-point)
    43.60166     3.71807     4.43012     0.28978   (sampled)
    43.70166     3.78529     4.54010     0.29200 (mid-point)
    43.80166     3.85355     4.65008     0.29415   (sampled)
    43.90166     3.92313     4.76052     0.29621 (mid-point)
    44.00166     3.99396     4.87096     0.29821   (sampled)
    44.10166     4.06527     4.98076     0.30013 (mid-point)
    44.20166     4.13771     5.09055     0.30199   (sampled)
    44.30166     4.21279     5.20161     0.30379 (mid-point)
    44.40166     4.28832     5.31267     0.30552   (sampled)
    44.50166     4.36473     5.42264     0.30719 (mid-point)
    44.60166     4.44172     5.53261     0.30880   (sampled)
    44.70166     4.51965     5.64398     0.31036 (mid-point)
    44.80166     4.59802     5.75535     0.31187   (sampled)
    44.90166     4.67939     5.86505     0.31332 (mid-point)
    45.00166     4.76105     5.97474     0.31472   (sampled)
    45.10166     4.83276     6.08377     0.31609 (mid-point)
    45.20166     4.90487     6.19279     0.31741   (sampled)
    45.30166     4.99993     6.31078     0.31868 (mid-point)
    45.40166     5.09310     6.42878     0.31991   (sampled)
    45.50166     5.17866     6.53878     0.32110 (mid-point)
    45.60166     5.26416     6.64877     0.32225   (sampled)
    45.70166     5.24432     7.94096     0.32340 (mid-point)
    45.80166     5.45556     9.23315     0.32447   (sampled)
    45.90166     5.84803    11.76495     0.32540 (mid-point)
    46.00166     7.05543    14.29674     0.32604   (sampled)
    46.10166     9.95065    18.93784     0.32637 (mid-point)
    46.20166    13.71170    23.57894     0.32653   (sampled)

 Minimum radius found:      2.438 angstroms.



 For spherical probe approach, The geometric factor
         F= sum(ds/area) along channel is    0.327 angstroms**-1
 This yields a macroscopic predicted molar conductance of:
   (1/rho)*(100/F)= (310/rho) pS,
   where rho is the conductivity of 1M permeant ion in ohm m.
 N.B. this is a macroscopic conductance - an overestimate 
 Empirically corrected conductances currently only available
 With the CAPSULE option (although its not that stable!)
 For 1M KCl rho= 1/12 (ohm m), So Gmacro= 3700 pS/M.
  (TAG      1   Rmin=     2.43842   Gmacro=  3674.95783 Conn_Gmacro=    -1.00000 ).
 HOLE: normal completion
