 *** Program HOLE ***
 
 If results of this run are reported or published, please
 cite the publication listed below.
 For the HOLE program:
   Smart, O.S., Goodfellow, J.M., Wallace, B.A. (1993). 
   The pore dimensions of gramicidin A. 
   Biophys. J., 65, 2455-2460.
 
 Originally written by Oliver Smart at Birkbeck College from April 1992.
 Copyright 1993-2005 Oliver Smart
 Copyright 2014-2015 SmartSci Limited.
 Copyright 2016 Oliver Smart.
 
 For help on HOLE suite see  http://www.holeprogram.org/
 
 HOLE release 2.2.005 (07 August 2016) 
 
 usage subject to Apache License, Version 2.0 
 see http://www.apache.org/licenses/LICENSE-2.0 

 Control variables read:

! Input file for Oliver Smart's HOLE program
! written by MDAnalysis.analysis.hole2.HoleAnalysis
! for a Universe
! u = mda.Universe(/afs/crc.nd.edu/user/m/mfarshad/Private/ML-new/traj/host-hub1
!    /afs/crc.nd.edu/user/m/mfarshad/Private/ML-new/traj/host-hub1/host_hub1.trr
!   )
! Frame 42

COORD  /tmp/2550299.1.long/tmp4b0lqzs1.pdb
RADIUS simple2.rad
SPHPDB hole042.sph
SAMPLE 0.200000
ENDRAD 22.000000
IGNORE SOL WAT TIP HOH K   NA  CL
SHORTO 0
RASEED 31415
CPOINT 29.3716277729 29.9933839625 29.7881694100


 WARNING have not found a CVECT record - will try to guess
 Input pdb filename read as:    '/tmp/2550299.1.long/tmp4b0lqzs1.pdb'
 Input vdW radius file read as: 'simple2.rad'
 point in channel:   29.372  29.993  29.788
 channel vector:   ************************
 sampling distance between planes:    0.200

 graphics conditions:
 binary plot output file name: NONE
 Dot density:    10
 Draw dots?           T
 Draw close contacts? F
 Draw centre line?    T
 Produce spikes rather than dots? F
 Seed for random number generator:     31415 (0 means value set by program)
 Radius above which a result is regarded as an 'end':  22.000
 Pdb format file for sphere centres: hole042.sph

 Monte Carlo conditions:
  no of steps:  1000
  maximum displacement   0.100 angs
  'kT' initial   0.100 angs
 The spherebox and capsule options are turned off.
 (No molqpt card so will not write qpt file of the molecule)
 IGNORE card read so will ignore residue types: SOL WAT TIP HOH K   NA  CL
 no SHORTO card read so will produce full textual output
 As no PEGRAT card was found will not produce PEG polymer exclusion graph
 (No 2DMAPS card specified so will not produce 2D property maps)
 Have not found a CUT card.  Normal calculation using
   Cutoff lists with a cutsize=       1.000
   (if you wish to turn off option use a CUT -1 card)

 Have read     7 bond radius records and
              16 vdW radius records.
 From file: simple2.rad

 Have read    55 atom records.
 From file: /tmp/2550299.1.long/tmp4b0lqzs1.pdb
 Will not produce graphical output

 Have opened file for pdb format output of sphere centres:  hole042.sph

  Seed integer used by ran # generator on this run      31415

 
 S/R cguess will try to guess CPOINT and/or CVECT
 
 THESE GUESSES MAY WELL BE WRONG!!!!
 Routine relies on having a reasonably symmetric
 channel oriented along x, y or z vector
 YOU ARE STRONGLY ADVISED TO CHECK THE RESULTS
                       WITH MOLECULAR GRAPHICS
 testing points from cpoint in X, Y then Z direction
   point                   pore radius
direction     1
  24.372  29.993  29.788     0.731
  25.372  29.993  29.788    -0.089
  26.372  29.993  29.788    -0.753
  27.372  29.993  29.788    -1.509
  28.372  29.993  29.788    -0.835
  29.372  29.993  29.788    -0.649
  30.372  29.993  29.788    -0.467
  31.372  29.993  29.788    -1.059
  32.372  29.993  29.788    -0.652
  33.372  29.993  29.788    -0.248
  34.372  29.993  29.788    -0.018
 Average pore radius along the line=     -0.504
direction     2
  29.372  24.993  29.788    -0.347
  29.372  25.993  29.788    -0.714
  29.372  26.993  29.788    -0.591
  29.372  27.993  29.788     0.059
  29.372  28.993  29.788     0.032
  29.372  29.993  29.788    -0.649
  29.372  30.993  29.788    -1.141
  29.372  31.993  29.788    -1.358
  29.372  32.993  29.788    -1.179
  29.372  33.993  29.788    -0.524
  29.372  34.993  29.788     0.401
 Average pore radius along the line=     -0.546
direction     3
  29.372  29.993  24.788     2.253
  29.372  29.993  25.788     1.347
  29.372  29.993  26.788     0.392
  29.372  29.993  27.788    -0.497
  29.372  29.993  28.788    -1.052
  29.372  29.993  29.788    -0.649
  29.372  29.993  30.788    -0.524
  29.372  29.993  31.788    -0.418
  29.372  29.993  32.788     0.503
  29.372  29.993  33.788     1.368
  29.372  29.993  34.788     2.058
 Average pore radius along the line=      0.435
 Best direction is found to be     3
(1=X,2=Y,3=Z)
 s/r cguess has produced initial values for cpoint &/or cvect:
CPOINT      29.3716     29.9934     29.7882
CVECT        0.0000      0.0000      1.0000
 THESE GUESSES MAY WELL BE WRONG!!!!
 Routine relies on having a reasonably symmetric
 channel oriented along x, y or z vector
 YOU ARE STRONGLY ADVISED TO CHECK THE RESULTS
                       WITH MOLECULAR GRAPHICS
 
 
  Some routines (e.g. conn) need vectors normal to cvect: 
     EAST Zero degrees angle is along vector    1.000   0.000   0.000
     NORTH  90 degrees angle is along vector    0.000  -1.000   0.000
 highest radius point found:
  at point   29.638  28.572  29.788
  closest atom surface    0.474   C6  UNL X    1
  2nd closest surface     0.475   C16 UNL X    1
  found on step  546
 current point:
  at point   29.900  28.708  29.788
  closest atom surface    0.472   C16 UNL X    1
  2nd closest surface     0.472   C6  UNL X    1
  found on step  956
  no. of rejections          367
 stored as     0

 highest radius point found:
  at point   29.739  28.564  29.988
  closest atom surface    0.602   C16 UNL X    1
  2nd closest surface     0.602   C6  UNL X    1
  found on step  929
  this is also current point
  no. of rejections          344
 stored as     1

 highest radius point found:
  at point   29.763  28.504  30.188
  closest atom surface    0.660   N1  UNL X    1
  2nd closest surface     0.663   H26 UNL X    1
  found on step  584
 current point:
  at point   29.769  28.497  30.188
  closest atom surface    0.659   C15 UNL X    1
  2nd closest surface     0.661   N1  UNL X    1
  found on step  999
  no. of rejections          372
 stored as     2

 highest radius point found:
  at point   29.779  28.398  30.388
  closest atom surface    0.704   H26 UNL X    1
  2nd closest surface     0.706   C15 UNL X    1
  found on step  534
 current point:
  at point   29.778  28.401  30.388
  closest atom surface    0.704   H26 UNL X    1
  2nd closest surface     0.708   N1  UNL X    1
  found on step  963
  no. of rejections          378
 stored as     3

 highest radius point found:
  at point   29.759  28.359  30.588
  closest atom surface    0.754   C14 UNL X    1
  2nd closest surface     0.754   N1  UNL X    1
  found on step  952
  this is also current point
  no. of rejections          386
 stored as     4

 highest radius point found:
  at point   29.707  28.330  30.788
  closest atom surface    0.807   C14 UNL X    1
  2nd closest surface     0.809   H26 UNL X    1
  found on step   53
 current point:
  at point   29.714  28.332  30.788
  closest atom surface    0.807   C9  UNL X    1
  2nd closest surface     0.807   C14 UNL X    1
  found on step  988
  no. of rejections          388
 stored as     5

 highest radius point found:
  at point   29.642  28.290  30.988
  closest atom surface    0.870   C9  UNL X    1
  2nd closest surface     0.870   H26 UNL X    1
  found on step  876
  this is also current point
  no. of rejections          393
 stored as     6

 highest radius point found:
  at point   29.570  28.248  31.188
  closest atom surface    0.948   H26 UNL X    1
  2nd closest surface     0.948   C14 UNL X    1
  found on step  883
  this is also current point
  no. of rejections          390
 stored as     7

 highest radius point found:
  at point   29.488  28.192  31.388
  closest atom surface    1.034   C14 UNL X    1
  2nd closest surface     1.035   H16 UNL X    1
  found on step  954
  this is also current point
  no. of rejections          378
 stored as     8

 highest radius point found:
  at point   29.377  28.119  31.588
  closest atom surface    1.131   H26 UNL X    1
  2nd closest surface     1.132   C14 UNL X    1
  found on step  934
  this is also current point
  no. of rejections          370
 stored as     9

 highest radius point found:
  at point   29.274  28.050  31.788
  closest atom surface    1.246   C14 UNL X    1
  2nd closest surface     1.249   H16 UNL X    1
  found on step  995
  this is also current point
  no. of rejections          343
 stored as    10

 highest radius point found:
  at point   29.154  27.987  31.988
  closest atom surface    1.379   H26 UNL X    1
  2nd closest surface     1.380   H16 UNL X    1
  found on step  780
 current point:
  at point   29.153  27.980  31.988
  closest atom surface    1.378   H26 UNL X    1
  2nd closest surface     1.379   C14 UNL X    1
  found on step  998
  no. of rejections          301
 stored as    11

 highest radius point found:
  at point   29.030  27.928  32.188
  closest atom surface    1.524   H16 UNL X    1
  2nd closest surface     1.524   H26 UNL X    1
  found on step  982
  this is also current point
  no. of rejections          265
 stored as    12

 highest radius point found:
  at point   26.359  23.550  32.388
  closest atom surface    3.099   H24 UNL X    1
  2nd closest surface     3.204   C17 UNL X    1
  found on step  999
  this is also current point
  no. of rejections          213
 stored as    13

 highest radius point found:
  at point   22.564  16.183  32.588
  closest atom surface   10.175   H24 UNL X    1
  2nd closest surface    10.415   C17 UNL X    1
  found on step  997
  this is also current point
  no. of rejections          240
 stored as    14

 highest radius point found:
  at point   17.240   5.846  32.788
  closest atom surface   21.531   H24 UNL X    1
  2nd closest surface    21.744   C17 UNL X    1
  found on step 1000
  this is also current point
  no. of rejections          254
 stored as    15

 highest radius point found:
  at point   12.127  -3.836  32.988
  closest atom surface   32.399   H24 UNL X    1
  2nd closest surface    32.598   C17 UNL X    1
  found on step  999
  this is also current point
  no. of rejections          242
 This is an end! (radius above  22.0 angs)
 highest radius point found:
  at point   29.465  28.539  29.588
  closest atom surface    0.369   H26 UNL X    1
  2nd closest surface     0.374   C16 UNL X    1
  found on step  251
 current point:
  at point   29.479  28.550  29.588
  closest atom surface    0.369   C6  UNL X    1
  2nd closest surface     0.373   C16 UNL X    1
  found on step  975
  no. of rejections          375
 stored as    -1

 highest radius point found:
  at point   30.188  28.977  29.388
  closest atom surface    0.300   C16 UNL X    1
  2nd closest surface     0.301   C6  UNL X    1
  found on step  992
  this is also current point
  no. of rejections          352
 stored as    -2

 highest radius point found:
  at point   30.331  29.104  29.188
  closest atom surface    0.260   H11 UNL X    1
  2nd closest surface     0.260   C16 UNL X    1
  found on step  966
  this is also current point
  no. of rejections          364
 stored as    -3

 highest radius point found:
  at point   30.467  29.318  28.988
  closest atom surface    0.221   C6  UNL X    1
  2nd closest surface     0.222   N3  UNL X    1
  found on step  913
  this is also current point
  no. of rejections          369
 stored as    -4

 highest radius point found:
  at point   30.615  29.537  28.788
  closest atom surface    0.226   N3  UNL X    1
  2nd closest surface     0.227   C6  UNL X    1
  found on step  416
 current point:
  at point   30.618  29.549  28.788
  closest atom surface    0.224   C6  UNL X    1
  2nd closest surface     0.225   N1  UNL X    1
  found on step  974
  no. of rejections          342
 stored as    -5

 highest radius point found:
  at point   30.744  29.737  28.588
  closest atom surface    0.275   C6  UNL X    1
  2nd closest surface     0.275   H17 UNL X    1
  found on step  956
  this is also current point
  no. of rejections          371
 stored as    -6

 highest radius point found:
  at point   30.866  29.926  28.388
  closest atom surface    0.362   C6  UNL X    1
  2nd closest surface     0.363   H17 UNL X    1
  found on step  926
  this is also current point
  no. of rejections          426
 stored as    -7

 highest radius point found:
  at point   30.832  29.937  28.188
  closest atom surface    0.377   H14 UNL X    1
  2nd closest surface     0.377   N3  UNL X    1
  found on step  618
 current point:
  at point   30.832  29.937  28.188
  closest atom surface    0.377   H14 UNL X    1
  2nd closest surface     0.377   N3  UNL X    1
  found on step  946
  no. of rejections          398
 stored as    -8

 highest radius point found:
  at point   30.777  29.936  27.988
  closest atom surface    0.404   C6  UNL X    1
  2nd closest surface     0.405   N3  UNL X    1
  found on step  857
 current point:
  at point   30.768  29.925  27.988
  closest atom surface    0.399   C6  UNL X    1
  2nd closest surface     0.399   N3  UNL X    1
  found on step  944
  no. of rejections          419
 stored as    -9

 highest radius point found:
  at point   30.736  29.946  27.788
  closest atom surface    0.454   C6  UNL X    1
  2nd closest surface     0.454   H14 UNL X    1
  found on step  858
 current point:
  at point   30.734  29.944  27.788
  closest atom surface    0.452   C6  UNL X    1
  2nd closest surface     0.456   H14 UNL X    1
  found on step  880
  no. of rejections          404
 stored as   -10

 highest radius point found:
  at point   30.701  29.956  27.588
  closest atom surface    0.523   H14 UNL X    1
  2nd closest surface     0.524   N3  UNL X    1
  found on step  364
 current point:
  at point   30.701  29.955  27.588
  closest atom surface    0.523   N3  UNL X    1
  2nd closest surface     0.525   H14 UNL X    1
  found on step  977
  no. of rejections          387
 stored as   -11

 highest radius point found:
  at point   30.668  29.972  27.388
  closest atom surface    0.610   N3  UNL X    1
  2nd closest surface     0.611   C6  UNL X    1
  found on step  817
 current point:
  at point   30.666  29.970  27.388
  closest atom surface    0.609   C6  UNL X    1
  2nd closest surface     0.610   N3  UNL X    1
  found on step  943
  no. of rejections          372
 stored as   -12

 highest radius point found:
  at point   30.639  29.992  27.188
  closest atom surface    0.712   C6  UNL X    1
  2nd closest surface     0.712   N3  UNL X    1
  found on step  943
  this is also current point
  no. of rejections          399
 stored as   -13

 highest radius point found:
  at point   30.613  30.015  26.988
  closest atom surface    0.826   C6  UNL X    1
  2nd closest surface     0.827   N3  UNL X    1
  found on step  887
  this is also current point
  no. of rejections          373
 stored as   -14

 highest radius point found:
  at point   30.596  30.045  26.788
  closest atom surface    0.953   H14 UNL X    1
  2nd closest surface     0.954   N3  UNL X    1
  found on step  968
  this is also current point
  no. of rejections          338
 stored as   -15

 highest radius point found:
  at point   30.573  30.072  26.588
  closest atom surface    1.089   C6  UNL X    1
  2nd closest surface     1.090   N3  UNL X    1
  found on step  545
 current point:
  at point   30.582  30.074  26.588
  closest atom surface    1.089   H14 UNL X    1
  2nd closest surface     1.089   N3  UNL X    1
  found on step  912
  no. of rejections          357
 stored as   -16

 highest radius point found:
  at point   34.499  31.486  26.388
  closest atom surface    2.535   C8  UNL X    1
  2nd closest surface     2.568   H19 UNL X    1
  found on step  999
  this is also current point
  no. of rejections          291
 stored as   -17

 highest radius point found:
  at point   41.665  36.307  26.188
  closest atom surface   10.004   H19 UNL X    1
  2nd closest surface    10.006   H12 UNL X    1
  found on step  999
  this is also current point
  no. of rejections          256
 stored as   -18

 highest radius point found:
  at point   50.558  41.867  25.988
  closest atom surface   20.184   N2  UNL X    1
  2nd closest surface    20.195   C11 UNL X    1
  found on step 1000
  this is also current point
  no. of rejections          239
 stored as   -19

 highest radius point found:
  at point   61.283  45.792  25.788
  closest atom surface   31.122   N2  UNL X    1
  2nd closest surface    31.143   C11 UNL X    1
  found on step  996
  this is also current point
  no. of rejections          241
 This is an end! (radius above  22.0 angs)
 
 N.b. Graph information routine (HOGRAP) differs 
        markedly from previous versions!
       Information now is written from -ve end
       to +ve in one pass
 
 Explanation of the meaning of each column: 
 First column "cenxyz.cvec" is the coordinate in the
   direction of the channel vector i.e. if the channel
   vector is in z (0 0 1) then it is the z coordinate.
 The second column "radius" is the hole pore radius 
   (as defined in the Biophys J 1993) article).
 The third column "cen_line_D" is the distance 
   measured along the pore centre line - with the 
   first point found set to zero. This was the first
   thing that I used to measure the distance along a pore
   but "cenxyz.cvec" is a much better general measure. 
   However, by comparing changes in this distance to changes in '   "cenxyz.cvec" one can get a measure of how straight a 
   channel is.
 The fourth column "sum{s/(area)}" is useful in conductance
   prediction -
   basically it is the sum of the thickness of each slab
   divided by its area. HOLE uses this measure to estimate
   the macroscopic conductance of a channel.
 If any of this worries you one can see the "raw" results
   of a standard hole run by producing a sphpdb file and 
    directly looking at the results.
 cenxyz.cvec      radius  cen_line_D sum{s/(area point sourc
    25.98816    20.18370   -27.81946     0.00008   (sampled)
    26.08816    15.06507   -22.57458     0.00022 (mid-point)
    26.18816    10.00384   -17.32971     0.00054   (sampled)
    26.28816     5.94614   -13.00999     0.00144 (mid-point)
    26.38816     2.53531    -8.69028     0.00639   (sampled)
    26.48816     1.19935    -6.60156     0.02852 (mid-point)
    26.58816     1.08936    -4.51284     0.05534   (sampled)
    26.68816     1.02127    -4.41129     0.08586 (mid-point)
    26.78816     0.95323    -4.30974     0.12089   (sampled)
    26.88816     0.88962    -4.20829     0.16111 (mid-point)
    26.98816     0.82648    -4.10683     0.20771   (sampled)
    27.08816     0.76780    -4.00534     0.26170 (mid-point)
    27.18816     0.71180    -3.90386     0.32453   (sampled)
    27.28816     0.65960    -3.80230     0.39769 (mid-point)
    27.38816     0.61016    -3.70074     0.48319   (sampled)
    27.48816     0.56460    -3.59909     0.58305 (mid-point)
    27.58816     0.52345    -3.49743     0.69922   (sampled)
    27.68816     0.48547    -3.39578     0.83428 (mid-point)
    27.78816     0.45358    -3.29412     0.98900   (sampled)
    27.88816     0.42673    -3.19189     1.16379 (mid-point)
    27.98816     0.40421    -3.08966     1.35862   (sampled)
    28.08816     0.38848    -2.98605     1.56953 (mid-point)
    28.18816     0.37680    -2.88245     1.79373   (sampled)
    28.28816     0.36841    -2.78083     2.02825 (mid-point)
    28.38816     0.36245    -2.67921     2.27055   (sampled)
    28.48816     0.31078    -2.52871     2.60012 (mid-point)
    28.58816     0.27454    -2.37822     3.02244   (sampled)
    28.68816     0.24534    -2.22284     3.55127 (mid-point)
    28.78816     0.22572    -2.06747     4.17604   (sampled)
    28.88816     0.21666    -1.90154     4.85412 (mid-point)
    28.98816     0.22094    -1.73561     5.50621   (sampled)
    29.08816     0.23824    -1.57429     6.06703 (mid-point)
    29.18816     0.25951    -1.41297     6.53969   (sampled)
    29.28816     0.27380    -1.27452     6.96430 (mid-point)
    29.38816     0.30048    -1.13608     7.31685   (sampled)
    29.48816     0.28466    -0.70156     7.70967 (mid-point)
    29.58816     0.36922    -0.26704     7.94317   (sampled)
    29.68816     0.42101    -0.13352     8.12276 (mid-point)
    29.78816     0.47396    -0.00000     8.26446   (sampled)
    29.88816     0.53626     0.11205     8.37515 (mid-point)
    29.98816     0.60199     0.22410     8.46298   (sampled)
    30.08816     0.63290     0.32913     8.54245 (mid-point)
    30.18816     0.65980     0.43417     8.61556   (sampled)
    30.28816     0.67992     0.54772     8.68442 (mid-point)
    30.38816     0.70389     0.66127     8.74866   (sampled)
    30.48816     0.72775     0.76361     8.80877 (mid-point)
    30.58816     0.75424     0.86595     8.86472   (sampled)
    30.68816     0.77861     0.97026     8.91723 (mid-point)
    30.78816     0.80685     1.07456     8.96612   (sampled)
    30.88816     0.83660     1.18164     9.01160 (mid-point)
    30.98816     0.86983     1.28871     9.05367   (sampled)
    31.08816     0.90636     1.39711     9.09242 (mid-point)
    31.18816     0.94799     1.50550     9.12784   (sampled)
    31.28816     0.98935     1.61718     9.16036 (mid-point)
    31.38816     1.03398     1.72886     9.19013   (sampled)
    31.48816     1.08095     1.84887     9.21738 (mid-point)
    31.58816     1.13091     1.96888     9.24226   (sampled)
    31.68816     1.18707     2.08654     9.26485 (mid-point)
    31.78816     1.24560     2.20420     9.28537   (sampled)
    31.88816     1.31185     2.32501     9.30386 (mid-point)
    31.98816     1.37889     2.44581     9.32061   (sampled)
    32.08816     1.44947     2.56693     9.33576 (mid-point)
    32.18816     1.52365     2.68804     9.34947   (sampled)
    32.28816     1.83892     5.25433     9.35888 (mid-point)
    32.38816     3.09855     7.82062     9.36220   (sampled)
    32.48816     6.32570    11.96525     9.36299 (mid-point)
    32.58816    10.17540    16.10988     9.36330   (sampled)
    32.68816    15.80644    21.92467     9.36343 (mid-point)
    32.78816    21.53102    27.73946     9.36350   (sampled)

 Minimum radius found:      0.217 angstroms.



 For spherical probe approach, The geometric factor
         F= sum(ds/area) along channel is    9.363 angstroms**-1
 This yields a macroscopic predicted molar conductance of:
   (1/rho)*(100/F)= (11/rho) pS,
   where rho is the conductivity of 1M permeant ion in ohm m.
 N.B. this is a macroscopic conductance - an overestimate 
 Empirically corrected conductances currently only available
 With the CAPSULE option (although its not that stable!)
 For 1M KCl rho= 1/12 (ohm m), So Gmacro= 130 pS/M.
  (TAG      1   Rmin=     0.21666   Gmacro=   128.15727 Conn_Gmacro=    -1.00000 ).
 HOLE: normal completion
