 *** Program HOLE ***
 
 If results of this run are reported or published, please
 cite the publication listed below.
 For the HOLE program:
   Smart, O.S., Goodfellow, J.M., Wallace, B.A. (1993). 
   The pore dimensions of gramicidin A. 
   Biophys. J., 65, 2455-2460.
 
 Originally written by Oliver Smart at Birkbeck College from April 1992.
 Copyright 1993-2005 Oliver Smart
 Copyright 2014-2015 SmartSci Limited.
 Copyright 2016 Oliver Smart.
 
 For help on HOLE suite see  http://www.holeprogram.org/
 
 HOLE release 2.2.005 (07 August 2016) 
 
 usage subject to Apache License, Version 2.0 
 see http://www.apache.org/licenses/LICENSE-2.0 

 Control variables read:

! Input file for Oliver Smart's HOLE program
! written by MDAnalysis.analysis.hole2.HoleAnalysis
! for a Universe
! u = mda.Universe(/afs/crc.nd.edu/user/m/mfarshad/Private/ML-new/traj/host-N1+2
!    /afs/crc.nd.edu/user/m/mfarshad/Private/ML-new/traj/host-N1+2+1/host_N1+2+1
!   )
! Frame 30

COORD  /tmp/2550308.1.long/tmp8lojon1c.pdb
RADIUS simple2.rad
SPHPDB hole030.sph
SAMPLE 0.200000
ENDRAD 22.000000
IGNORE SOL WAT TIP HOH K   NA  CL
SHORTO 0
RASEED 31415
CPOINT 40.6153078581 40.8253171017 40.1940638492


 WARNING have not found a CVECT record - will try to guess
 Input pdb filename read as:    '/tmp/2550308.1.long/tmp8lojon1c.pdb'
 Input vdW radius file read as: 'simple2.rad'
 point in channel:   40.615  40.825  40.194
 channel vector:   ************************
 sampling distance between planes:    0.200

 graphics conditions:
 binary plot output file name: NONE
 Dot density:    10
 Draw dots?           T
 Draw close contacts? F
 Draw centre line?    T
 Produce spikes rather than dots? F
 Seed for random number generator:     31415 (0 means value set by program)
 Radius above which a result is regarded as an 'end':  22.000
 Pdb format file for sphere centres: hole030.sph

 Monte Carlo conditions:
  no of steps:  1000
  maximum displacement   0.100 angs
  'kT' initial   0.100 angs
 The spherebox and capsule options are turned off.
 (No molqpt card so will not write qpt file of the molecule)
 IGNORE card read so will ignore residue types: SOL WAT TIP HOH K   NA  CL
 no SHORTO card read so will produce full textual output
 As no PEGRAT card was found will not produce PEG polymer exclusion graph
 (No 2DMAPS card specified so will not produce 2D property maps)
 Have not found a CUT card.  Normal calculation using
   Cutoff lists with a cutsize=       1.000
   (if you wish to turn off option use a CUT -1 card)

 Have read     7 bond radius records and
              16 vdW radius records.
 From file: simple2.rad

 Have read    95 atom records.
 From file: /tmp/2550308.1.long/tmp8lojon1c.pdb
 Will not produce graphical output

 Have opened file for pdb format output of sphere centres:  hole030.sph

  Seed integer used by ran # generator on this run      31415

 
 S/R cguess will try to guess CPOINT and/or CVECT
 
 THESE GUESSES MAY WELL BE WRONG!!!!
 Routine relies on having a reasonably symmetric
 channel oriented along x, y or z vector
 YOU ARE STRONGLY ADVISED TO CHECK THE RESULTS
                       WITH MOLECULAR GRAPHICS
 testing points from cpoint in X, Y then Z direction
   point                   pore radius
direction     1
  35.615  40.825  40.194    -1.138
  36.615  40.825  40.194    -0.266
  37.615  40.825  40.194     0.308
  38.615  40.825  40.194     0.739
  39.615  40.825  40.194     1.400
  40.615  40.825  40.194     1.965
  41.615  40.825  40.194     1.327
  42.615  40.825  40.194     0.628
  43.615  40.825  40.194    -0.192
  44.615  40.825  40.194    -0.770
  45.615  40.825  40.194    -1.488
 Average pore radius along the line=      0.228
direction     2
  40.615  35.825  40.194     0.640
  40.615  36.825  40.194     0.270
  40.615  37.825  40.194     0.171
  40.615  38.825  40.194     0.532
  40.615  39.825  40.194     1.194
  40.615  40.825  40.194     1.965
  40.615  41.825  40.194     1.677
  40.615  42.825  40.194     0.947
  40.615  43.825  40.194     0.367
  40.615  44.825  40.194     0.152
  40.615  45.825  40.194     0.353
 Average pore radius along the line=      0.752
direction     3
  40.615  40.825  35.194     0.472
  40.615  40.825  36.194     0.507
  40.615  40.825  37.194     0.930
  40.615  40.825  38.194     1.500
  40.615  40.825  39.194     1.817
  40.615  40.825  40.194     1.965
  40.615  40.825  41.194     1.642
  40.615  40.825  42.194     1.342
  40.615  40.825  43.194     0.976
  40.615  40.825  44.194     0.867
  40.615  40.825  45.194     1.114
 Average pore radius along the line=      1.194
 Best direction is found to be     3
(1=X,2=Y,3=Z)
 s/r cguess has produced initial values for cpoint &/or cvect:
CPOINT      40.6153     40.8253     40.1941
CVECT        0.0000      0.0000      1.0000
 THESE GUESSES MAY WELL BE WRONG!!!!
 Routine relies on having a reasonably symmetric
 channel oriented along x, y or z vector
 YOU ARE STRONGLY ADVISED TO CHECK THE RESULTS
                       WITH MOLECULAR GRAPHICS
 
 
  Some routines (e.g. conn) need vectors normal to cvect: 
     EAST Zero degrees angle is along vector    1.000   0.000   0.000
     NORTH  90 degrees angle is along vector    0.000  -1.000   0.000
 highest radius point found:
  at point   40.243  41.399  40.194
  closest atom surface    2.132   C14 URE X    1
  2nd closest surface     2.134   C31 URE X    1
  found on step  995
  this is also current point
  no. of rejections          385
 stored as     0

 highest radius point found:
  at point   40.316  41.480  40.394
  closest atom surface    2.153   C14 URE X    1
  2nd closest surface     2.154   C29 URE X    1
  found on step  919
  this is also current point
  no. of rejections          364
 stored as     1

 highest radius point found:
  at point   40.381  41.567  40.594
  closest atom surface    2.186   C14 URE X    1
  2nd closest surface     2.187   C31 URE X    1
  found on step  977
  this is also current point
  no. of rejections          409
 stored as     2

 highest radius point found:
  at point   40.454  41.648  40.794
  closest atom surface    2.231   C29 URE X    1
  2nd closest surface     2.232   C14 URE X    1
  found on step  955
  this is also current point
  no. of rejections          380
 stored as     3

 highest radius point found:
  at point   40.515  41.736  40.994
  closest atom surface    2.288   C14 URE X    1
  2nd closest surface     2.290   C31 URE X    1
  found on step  393
 current point:
  at point   40.251  41.860  40.994
  closest atom surface    2.241   C31 URE X    1
  2nd closest surface     2.243   C14 URE X    1
  found on step  973
  no. of rejections          346
 stored as     4

 highest radius point found:
  at point   40.590  41.821  41.194
  closest atom surface    2.357   C29 URE X    1
  2nd closest surface     2.358   C31 URE X    1
  found on step  999
  this is also current point
  no. of rejections          362
 stored as     5

 highest radius point found:
  at point   40.688  41.941  41.394
  closest atom surface    2.408   C29 URE X    1
  2nd closest surface     2.409   C9  URE X    1
  found on step  993
  this is also current point
  no. of rejections          341
 stored as     6

 highest radius point found:
  at point   40.787  42.063  41.594
  closest atom surface    2.473   C29 URE X    1
  2nd closest surface     2.476   C9  URE X    1
  found on step  284
 current point:
  at point   40.774  42.069  41.594
  closest atom surface    2.472   C9  URE X    1
  2nd closest surface     2.475   C31 URE X    1
  found on step  966
  no. of rejections          341
 stored as     7

 highest radius point found:
  at point   40.876  42.192  41.794
  closest atom surface    2.554   C31 URE X    1
  2nd closest surface     2.554   C29 URE X    1
  found on step  751
 current point:
  at point   40.878  42.190  41.794
  closest atom surface    2.554   C29 URE X    1
  2nd closest surface     2.555   C9  URE X    1
  found on step  969
  no. of rejections          351
 stored as     8

 highest radius point found:
  at point   40.973  42.315  41.994
  closest atom surface    2.646   C29 URE X    1
  2nd closest surface     2.647   C31 URE X    1
  found on step 1000
  this is also current point
  no. of rejections          276
 stored as     9

 highest radius point found:
  at point   41.065  42.439  42.194
  closest atom surface    2.751   C9  URE X    1
  2nd closest surface     2.751   C31 URE X    1
  found on step   19
 current point:
  at point   41.070  42.437  42.194
  closest atom surface    2.751   C29 URE X    1
  2nd closest surface     2.752   C31 URE X    1
  found on step  933
  no. of rejections          325
 stored as    10

 highest radius point found:
  at point   41.144  42.574  42.394
  closest atom surface    2.861   C31 URE X    1
  2nd closest surface     2.865   C9  URE X    1
  found on step  901
  this is also current point
  no. of rejections          316
 stored as    11

 highest radius point found:
  at point   41.165  42.731  42.594
  closest atom surface    2.971   C31 URE X    1
  2nd closest surface     2.971   C9  URE X    1
  found on step  942
  this is also current point
  no. of rejections          299
 stored as    12

 highest radius point found:
  at point   41.169  42.898  42.794
  closest atom surface    3.086   C9  URE X    1
  2nd closest surface     3.086   C31 URE X    1
  found on step  993
  this is also current point
  no. of rejections          293
 stored as    13

 highest radius point found:
  at point   41.172  43.067  42.994
  closest atom surface    3.212   C31 URE X    1
  2nd closest surface     3.213   C9  URE X    1
  found on step  968
  this is also current point
  no. of rejections          303
 stored as    14

 highest radius point found:
  at point   41.178  43.241  43.194
  closest atom surface    3.347   C31 URE X    1
  2nd closest surface     3.350   C8  URE X    1
  found on step   63
 current point:
  at point   41.177  43.251  43.194
  closest atom surface    3.344   C31 URE X    1
  2nd closest surface     3.357   H33 URE X    1
  found on step  979
  no. of rejections          274
 stored as    15

 highest radius point found:
  at point   41.197  43.417  43.394
  closest atom surface    3.491   C31 URE X    1
  2nd closest surface     3.491   H33 URE X    1
  found on step  901
  this is also current point
  no. of rejections          281
 stored as    16

 highest radius point found:
  at point   41.047  43.736  43.594
  closest atom surface    3.612   C31 URE X    1
  2nd closest surface     3.613   H2  URE X    1
  found on step  954
  this is also current point
  no. of rejections          279
 stored as    17

 highest radius point found:
  at point   35.972  47.882  43.794
  closest atom surface    5.717   H29 URE X    1
  2nd closest surface     5.804   O2  URE X    1
  found on step 1000
  this is also current point
  no. of rejections          184
 stored as    18

 highest radius point found:
  at point   29.946  56.823  43.994
  closest atom surface   13.675   O3  URE X    1
  2nd closest surface    13.784   S2  URE X    1
  found on step  999
  this is also current point
  no. of rejections          214
 stored as    19

 highest radius point found:
  at point   26.546  66.714  44.194
  closest atom surface   23.327   S2  URE X    1
  2nd closest surface    23.343   O3  URE X    1
  found on step 1000
  this is also current point
  no. of rejections          235
 This is an end! (radius above  22.0 angs)
 highest radius point found:
  at point   40.243  41.252  39.994
  closest atom surface    2.110   C30 URE X    1
  2nd closest surface     2.113   C29 URE X    1
  found on step  122
 current point:
  at point   40.146  41.314  39.994
  closest atom surface    2.109   C14 URE X    1
  2nd closest surface     2.109   C30 URE X    1
  found on step  972
  no. of rejections          350
 stored as    -1

 highest radius point found:
  at point   40.281  41.060  39.794
  closest atom surface    2.106   C29 URE X    1
  2nd closest surface     2.106   C14 URE X    1
  found on step  949
  this is also current point
  no. of rejections          352
 stored as    -2

 highest radius point found:
  at point   40.329  40.859  39.594
  closest atom surface    2.117   C14 URE X    1
  2nd closest surface     2.118   C29 URE X    1
  found on step  561
 current point:
  at point   40.439  40.750  39.594
  closest atom surface    2.116   C15 URE X    1
  2nd closest surface     2.116   C14 URE X    1
  found on step  877
  no. of rejections          363
 stored as    -3

 highest radius point found:
  at point   40.322  40.711  39.394
  closest atom surface    2.144   C30 URE X    1
  2nd closest surface     2.144   C15 URE X    1
  found on step  632
 current point:
  at point   40.330  40.707  39.394
  closest atom surface    2.143   C30 URE X    1
  2nd closest surface     2.144   C15 URE X    1
  found on step  993
  no. of rejections          358
 stored as    -4

 highest radius point found:
  at point   40.214  40.633  39.194
  closest atom surface    2.159   C30 URE X    1
  2nd closest surface     2.159   C15 URE X    1
  found on step  318
 current point:
  at point   40.217  40.632  39.194
  closest atom surface    2.158   C30 URE X    1
  2nd closest surface     2.159   C15 URE X    1
  found on step  947
  no. of rejections          368
 stored as    -5

 highest radius point found:
  at point   40.193  40.516  38.994
  closest atom surface    2.183   C15 URE X    1
  2nd closest surface     2.183   C30 URE X    1
  found on step  921
  this is also current point
  no. of rejections          389
 stored as    -6

 highest radius point found:
  at point   40.424  40.291  38.794
  closest atom surface    2.220   C15 URE X    1
  2nd closest surface     2.222   C30 URE X    1
  found on step  807
 current point:
  at point   40.296  40.348  38.794
  closest atom surface    2.218   C15 URE X    1
  2nd closest surface     2.218   C30 URE X    1
  found on step  888
  no. of rejections          380
 stored as    -7

 highest radius point found:
  at point   40.355  40.197  38.594
  closest atom surface    2.271   C15 URE X    1
  2nd closest surface     2.271   C30 URE X    1
  found on step  979
  this is also current point
  no. of rejections          374
 stored as    -8

 highest radius point found:
  at point   40.289  40.051  38.394
  closest atom surface    2.303   C15 URE X    1
  2nd closest surface     2.304   C26 URE X    1
  found on step  283
 current point:
  at point   40.152  40.112  38.394
  closest atom surface    2.301   C25 URE X    1
  2nd closest surface     2.302   C15 URE X    1
  found on step  928
  no. of rejections          376
 stored as    -9

 highest radius point found:
  at point   39.992  39.999  38.194
  closest atom surface    2.346   C25 URE X    1
  2nd closest surface     2.347   C15 URE X    1
  found on step  958
  this is also current point
  no. of rejections          361
 stored as   -10

 highest radius point found:
  at point   39.905  39.822  37.994
  closest atom surface    2.387   C13 URE X    1
  2nd closest surface     2.388   C15 URE X    1
  found on step  960
  this is also current point
  no. of rejections          341
 stored as   -11

 highest radius point found:
  at point   39.815  39.654  37.794
  closest atom surface    2.438   C26 URE X    1
  2nd closest surface     2.442   C13 URE X    1
  found on step  693
 current point:
  at point   40.478  39.222  37.794
  closest atom surface    2.426   C15 URE X    1
  2nd closest surface     2.427   C26 URE X    1
  found on step  984
  no. of rejections          304
 stored as   -12

 highest radius point found:
  at point   39.738  39.453  37.594
  closest atom surface    2.518   C13 URE X    1
  2nd closest surface     2.519   C15 URE X    1
  found on step  958
  this is also current point
  no. of rejections          341
 stored as   -13

 highest radius point found:
  at point   39.657  39.270  37.394
  closest atom surface    2.610   C26 URE X    1
  2nd closest surface     2.611   C15 URE X    1
  found on step  963
  this is also current point
  no. of rejections          304
 stored as   -14

 highest radius point found:
  at point   39.578  39.082  37.194
  closest atom surface    2.717   C15 URE X    1
  2nd closest surface     2.718   C26 URE X    1
  found on step  867
  this is also current point
  no. of rejections          307
 stored as   -15

 highest radius point found:
  at point   40.686  38.116  36.994
  closest atom surface    2.897   O5  URE X    1
  2nd closest surface     2.898   C27 URE X    1
  found on step  875
 current point:
  at point   40.687  38.101  36.994
  closest atom surface    2.897   H14 URE X    1
  2nd closest surface     2.899   O5  URE X    1
  found on step  994
  no. of rejections          300
 stored as   -16

 highest radius point found:
  at point   40.508  28.796  36.794
  closest atom surface    8.025   O11 URE X    1
  2nd closest surface     8.061   C16 URE X    1
  found on step  998
  this is also current point
  no. of rejections          206
 stored as   -17

 highest radius point found:
  at point   37.791  18.905  36.594
  closest atom surface   16.703   O11 URE X    1
  2nd closest surface    16.855   O12 URE X    1
  found on step 1000
  this is also current point
  no. of rejections          254
 stored as   -18

 highest radius point found:
  at point   35.089   8.650  36.394
  closest atom surface   26.654   O12 URE X    1
  2nd closest surface    26.793   O11 URE X    1
  found on step  998
  this is also current point
  no. of rejections          232
 This is an end! (radius above  22.0 angs)
 
 N.b. Graph information routine (HOGRAP) differs 
        markedly from previous versions!
       Information now is written from -ve end
       to +ve in one pass
 
 Explanation of the meaning of each column: 
 First column "cenxyz.cvec" is the coordinate in the
   direction of the channel vector i.e. if the channel
   vector is in z (0 0 1) then it is the z coordinate.
 The second column "radius" is the hole pore radius 
   (as defined in the Biophys J 1993) article).
 The third column "cen_line_D" is the distance 
   measured along the pore centre line - with the 
   first point found set to zero. This was the first
   thing that I used to measure the distance along a pore
   but "cenxyz.cvec" is a much better general measure. 
   However, by comparing changes in this distance to changes in '   "cenxyz.cvec" one can get a measure of how straight a 
   channel is.
 The fourth column "sum{s/(area)}" is useful in conductance
   prediction -
   basically it is the sum of the thickness of each slab
   divided by its area. HOLE uses this measure to estimate
   the macroscopic conductance of a channel.
 If any of this worries you one can see the "raw" results
   of a standard hole run by producing a sphpdb file and 
    directly looking at the results.
 cenxyz.cvec      radius  cen_line_D sum{s/(area point sourc
    36.59407    16.70322   -25.25164     0.00011   (sampled)
    36.69407    12.09459   -20.12200     0.00033 (mid-point)
    36.79407     8.02539   -14.99236     0.00083   (sampled)
    36.89407     4.36524   -10.33058     0.00250 (mid-point)
    36.99407     2.89696    -5.66881     0.00629   (sampled)
    37.09407     2.76499    -4.92736     0.01045 (mid-point)
    37.19407     2.71718    -4.18592     0.01476   (sampled)
    37.29407     2.66203    -4.04317     0.01926 (mid-point)
    37.39407     2.61027    -3.90042     0.02393   (sampled)
    37.49407     2.56265    -3.75897     0.02877 (mid-point)
    37.59407     2.51850    -3.61751     0.03379   (sampled)
    37.69407     2.47714    -3.47035     0.03898 (mid-point)
    37.79407     2.43812    -3.32319     0.04434   (sampled)
    37.89407     2.41112    -3.18521     0.04981 (mid-point)
    37.99407     2.38668    -3.04723     0.05540   (sampled)
    38.09407     2.36498    -2.90678     0.06109 (mid-point)
    38.19407     2.34635    -2.76634     0.06687   (sampled)
    38.29407     2.32074    -2.58523     0.07278 (mid-point)
    38.39407     2.30269    -2.40413     0.07878   (sampled)
    38.49407     2.28479    -2.27606     0.08488 (mid-point)
    38.59407     2.27079    -2.14799     0.09106   (sampled)
    38.69407     2.24388    -2.03235     0.09738 (mid-point)
    38.79407     2.22008    -1.91671     0.10384   (sampled)
    38.89407     2.19703    -1.72706     0.11043 (mid-point)
    38.99407     2.18278    -1.53741     0.11711   (sampled)
    39.09407     2.16924    -1.42128     0.12388 (mid-point)
    39.19407     2.15856    -1.30515     0.13071   (sampled)
    39.29407     2.14924    -1.18504     0.13760 (mid-point)
    39.39407     2.14352    -1.06492     0.14453   (sampled)
    39.49407     2.12986    -0.94049     0.15154 (mid-point)
    39.59407     2.11693    -0.81605     0.15865   (sampled)
    39.69407     2.10905    -0.67215     0.16580 (mid-point)
    39.79407     2.10626    -0.52826     0.17298   (sampled)
    39.89407     2.10586    -0.38839     0.18015 (mid-point)
    39.99407     2.11011    -0.24853     0.18730   (sampled)
    40.09407     2.12213    -0.12426     0.19437 (mid-point)
    40.19407     2.13218    -0.00000     0.20137   (sampled)
    40.29407     2.14099     0.11399     0.20832 (mid-point)
    40.39407     2.15303     0.22798     0.21518   (sampled)
    40.49407     2.16784     0.34161     0.22196 (mid-point)
    40.59407     2.18580     0.45524     0.22862   (sampled)
    40.69407     2.20742     0.56927     0.23515 (mid-point)
    40.79407     2.23141     0.68331     0.24155   (sampled)
    40.89407     2.25878     0.79672     0.24778 (mid-point)
    40.99407     2.28837     0.91013     0.25386   (sampled)
    41.09407     2.32215     1.02509     0.25977 (mid-point)
    41.19407     2.35657     1.14005     0.26550   (sampled)
    41.29407     2.38069     1.26648     0.27111 (mid-point)
    41.39407     2.40844     1.39290     0.27660   (sampled)
    41.49407     2.43891     1.52009     0.28195 (mid-point)
    41.59407     2.47291     1.64728     0.28716   (sampled)
    41.69407     2.51197     1.77433     0.29220 (mid-point)
    41.79407     2.55427     1.90138     0.29708   (sampled)
    41.89407     2.59882     2.02832     0.30179 (mid-point)
    41.99407     2.64645     2.15526     0.30634   (sampled)
    42.09407     2.69785     2.28174     0.31071 (mid-point)
    42.19407     2.75098     2.40822     0.31492   (sampled)
    42.29407     2.80496     2.53512     0.31896 (mid-point)
    42.39407     2.86132     2.66201     0.32285   (sampled)
    42.49407     2.91472     2.78948     0.32660 (mid-point)
    42.59407     2.97089     2.91694     0.33020   (sampled)
    42.69407     3.02727     3.04733     0.33368 (mid-point)
    42.79407     3.08616     3.17772     0.33702   (sampled)
    42.89407     3.14806     3.30862     0.34023 (mid-point)
    42.99407     3.21230     3.43952     0.34332   (sampled)
    43.09407     3.27825     3.57224     0.34628 (mid-point)
    43.19407     3.34675     3.70496     0.34912   (sampled)
    43.29407     3.41770     3.83850     0.35185 (mid-point)
    43.39407     3.49105     3.97205     0.35446   (sampled)
    43.49407     3.54801     4.17453     0.35699 (mid-point)
    43.59407     3.61189     4.37701     0.35943   (sampled)
    43.69407     4.18550     7.65489     0.36124 (mid-point)
    43.79407     5.71735    10.93277     0.36222   (sampled)
    43.89407     9.13171    16.32500     0.36260 (mid-point)
    43.99407    13.67451    21.71723     0.36277   (sampled)

 Minimum radius found:      2.106 angstroms.



 For spherical probe approach, The geometric factor
         F= sum(ds/area) along channel is    0.363 angstroms**-1
 This yields a macroscopic predicted molar conductance of:
   (1/rho)*(100/F)= (280/rho) pS,
   where rho is the conductivity of 1M permeant ion in ohm m.
 N.B. this is a macroscopic conductance - an overestimate 
 Empirically corrected conductances currently only available
 With the CAPSULE option (although its not that stable!)
 For 1M KCl rho= 1/12 (ohm m), So Gmacro= 3300 pS/M.
  (TAG      1   Rmin=     2.10586   Gmacro=  3307.89085 Conn_Gmacro=    -1.00000 ).
 HOLE: normal completion
