 *** Program HOLE ***
 
 If results of this run are reported or published, please
 cite the publication listed below.
 For the HOLE program:
   Smart, O.S., Goodfellow, J.M., Wallace, B.A. (1993). 
   The pore dimensions of gramicidin A. 
   Biophys. J., 65, 2455-2460.
 
 Originally written by Oliver Smart at Birkbeck College from April 1992.
 Copyright 1993-2005 Oliver Smart
 Copyright 2014-2015 SmartSci Limited.
 Copyright 2016 Oliver Smart.
 
 For help on HOLE suite see  http://www.holeprogram.org/
 
 HOLE release 2.2.005 (07 August 2016) 
 
 usage subject to Apache License, Version 2.0 
 see http://www.apache.org/licenses/LICENSE-2.0 

 Control variables read:

! Input file for Oliver Smart's HOLE program
! written by MDAnalysis.analysis.hole2.HoleAnalysis
! for a Universe
! u = mda.Universe(/afs/crc.nd.edu/user/m/mfarshad/Private/ML-new/traj/host-N1+2
!    /afs/crc.nd.edu/user/m/mfarshad/Private/ML-new/traj/host-N1+2+1/host_N1+2+1
!   )
! Frame 28

COORD  /tmp/2550308.1.long/tmp9l94h3u2.pdb
RADIUS simple2.rad
SPHPDB hole028.sph
SAMPLE 0.200000
ENDRAD 22.000000
IGNORE SOL WAT TIP HOH K   NA  CL
SHORTO 0
RASEED 31415
CPOINT 39.3373384576 40.4599608973 39.2467329527


 WARNING have not found a CVECT record - will try to guess
 Input pdb filename read as:    '/tmp/2550308.1.long/tmp9l94h3u2.pdb'
 Input vdW radius file read as: 'simple2.rad'
 point in channel:   39.337  40.460  39.247
 channel vector:   ************************
 sampling distance between planes:    0.200

 graphics conditions:
 binary plot output file name: NONE
 Dot density:    10
 Draw dots?           T
 Draw close contacts? F
 Draw centre line?    T
 Produce spikes rather than dots? F
 Seed for random number generator:     31415 (0 means value set by program)
 Radius above which a result is regarded as an 'end':  22.000
 Pdb format file for sphere centres: hole028.sph

 Monte Carlo conditions:
  no of steps:  1000
  maximum displacement   0.100 angs
  'kT' initial   0.100 angs
 The spherebox and capsule options are turned off.
 (No molqpt card so will not write qpt file of the molecule)
 IGNORE card read so will ignore residue types: SOL WAT TIP HOH K   NA  CL
 no SHORTO card read so will produce full textual output
 As no PEGRAT card was found will not produce PEG polymer exclusion graph
 (No 2DMAPS card specified so will not produce 2D property maps)
 Have not found a CUT card.  Normal calculation using
   Cutoff lists with a cutsize=       1.000
   (if you wish to turn off option use a CUT -1 card)

 Have read     7 bond radius records and
              16 vdW radius records.
 From file: simple2.rad

 Have read    95 atom records.
 From file: /tmp/2550308.1.long/tmp9l94h3u2.pdb
 Will not produce graphical output

 Have opened file for pdb format output of sphere centres:  hole028.sph

  Seed integer used by ran # generator on this run      31415

 
 S/R cguess will try to guess CPOINT and/or CVECT
 
 THESE GUESSES MAY WELL BE WRONG!!!!
 Routine relies on having a reasonably symmetric
 channel oriented along x, y or z vector
 YOU ARE STRONGLY ADVISED TO CHECK THE RESULTS
                       WITH MOLECULAR GRAPHICS
 testing points from cpoint in X, Y then Z direction
   point                   pore radius
direction     1
  34.337  40.460  39.247    -0.866
  35.337  40.460  39.247    -0.765
  36.337  40.460  39.247    -0.168
  37.337  40.460  39.247     0.360
  38.337  40.460  39.247     1.122
  39.337  40.460  39.247     1.962
  40.337  40.460  39.247     1.043
  41.337  40.460  39.247     0.190
  42.337  40.460  39.247    -0.806
  43.337  40.460  39.247    -1.713
  44.337  40.460  39.247    -0.877
 Average pore radius along the line=     -0.047
direction     2
  39.337  35.460  39.247     0.505
  39.337  36.460  39.247     0.166
  39.337  37.460  39.247     0.006
  39.337  38.460  39.247     0.397
  39.337  39.460  39.247     1.113
  39.337  40.460  39.247     1.962
  39.337  41.460  39.247     1.957
  39.337  42.460  39.247     2.056
  39.337  43.460  39.247     2.320
  39.337  44.460  39.247     2.424
  39.337  45.460  39.247     2.654
 Average pore radius along the line=      1.415
direction     3
  39.337  40.460  34.247     1.994
  39.337  40.460  35.247     1.845
  39.337  40.460  36.247     1.629
  39.337  40.460  37.247     1.625
  39.337  40.460  38.247     1.713
  39.337  40.460  39.247     1.962
  39.337  40.460  40.247     1.659
  39.337  40.460  41.247     1.639
  39.337  40.460  42.247     1.185
  39.337  40.460  43.247     1.000
  39.337  40.460  44.247     0.592
 Average pore radius along the line=      1.531
 Best direction is found to be     3
(1=X,2=Y,3=Z)
 s/r cguess has produced initial values for cpoint &/or cvect:
CPOINT      39.3373     40.4600     39.2467
CVECT        0.0000      0.0000      1.0000
 THESE GUESSES MAY WELL BE WRONG!!!!
 Routine relies on having a reasonably symmetric
 channel oriented along x, y or z vector
 YOU ARE STRONGLY ADVISED TO CHECK THE RESULTS
                       WITH MOLECULAR GRAPHICS
 
 
  Some routines (e.g. conn) need vectors normal to cvect: 
     EAST Zero degrees angle is along vector    1.000   0.000   0.000
     NORTH  90 degrees angle is along vector    0.000  -1.000   0.000
 highest radius point found:
  at point   39.534  44.536  39.247
  closest atom surface    2.616   C32 URE X    1
  2nd closest surface     2.619   C11 URE X    1
  found on step  999
  this is also current point
  no. of rejections          366
 stored as     0

 highest radius point found:
  at point   39.900  52.875  39.447
  closest atom surface    7.906   O2  URE X    1
  2nd closest surface     7.925   S2  URE X    1
  found on step  999
  this is also current point
  no. of rejections          256
 stored as     1

 highest radius point found:
  at point   39.778  63.199  39.647
  closest atom surface   16.993   S2  URE X    1
  2nd closest surface    17.223   O2  URE X    1
  found on step  999
  this is also current point
  no. of rejections          242
 stored as     2

 highest radius point found:
  at point   38.293  75.633  39.847
  closest atom surface   29.130   S2  URE X    1
  2nd closest surface    29.167   O2  URE X    1
  found on step  999
  this is also current point
  no. of rejections          227
 This is an end! (radius above  22.0 angs)
 highest radius point found:
  at point   39.619  54.491  39.047
  closest atom surface    8.994   O2  URE X    1
  2nd closest surface     9.044   S2  URE X    1
  found on step  999
  this is also current point
  no. of rejections          257
 stored as    -1

 highest radius point found:
  at point   39.859  64.971  38.847
  closest atom surface   18.417   S2  URE X    1
  2nd closest surface    18.636   S1  URE X    1
  found on step 1000
  this is also current point
  no. of rejections          244
 stored as    -2

 highest radius point found:
  at point   38.414  75.312  38.647
  closest atom surface   28.575   S2  URE X    1
  2nd closest surface    28.676   S1  URE X    1
  found on step 1000
  this is also current point
  no. of rejections          258
 This is an end! (radius above  22.0 angs)
 
 N.b. Graph information routine (HOGRAP) differs 
        markedly from previous versions!
       Information now is written from -ve end
       to +ve in one pass
 
 Explanation of the meaning of each column: 
 First column "cenxyz.cvec" is the coordinate in the
   direction of the channel vector i.e. if the channel
   vector is in z (0 0 1) then it is the z coordinate.
 The second column "radius" is the hole pore radius 
   (as defined in the Biophys J 1993) article).
 The third column "cen_line_D" is the distance 
   measured along the pore centre line - with the 
   first point found set to zero. This was the first
   thing that I used to measure the distance along a pore
   but "cenxyz.cvec" is a much better general measure. 
   However, by comparing changes in this distance to changes in '   "cenxyz.cvec" one can get a measure of how straight a 
   channel is.
 The fourth column "sum{s/(area)}" is useful in conductance
   prediction -
   basically it is the sum of the thickness of each slab
   divided by its area. HOLE uses this measure to estimate
   the macroscopic conductance of a channel.
 If any of this worries you one can see the "raw" results
   of a standard hole run by producing a sphpdb file and 
    directly looking at the results.
 cenxyz.cvec      radius  cen_line_D sum{s/(area point sourc
    38.84673    18.41698   -20.44186     0.00009   (sampled)
    38.94673    13.55423   -15.19992     0.00027 (mid-point)
    39.04673     8.99351    -9.95797     0.00066   (sampled)
    39.14673     5.16638    -4.97899     0.00185 (mid-point)
    39.24673     2.61623     0.00000     0.00650   (sampled)
    39.34673     4.79078     4.17459     0.00789 (mid-point)
    39.44673     7.90627     8.34918     0.00840   (sampled)
    39.54673    12.24641    13.51294     0.00861 (mid-point)
    39.64673    16.99350    18.67671     0.00872   (sampled)

 Minimum radius found:      2.616 angstroms.



 For spherical probe approach, The geometric factor
         F= sum(ds/area) along channel is    0.009 angstroms**-1
 This yields a macroscopic predicted molar conductance of:
   (1/rho)*(100/F)= (11000/rho) pS,
   where rho is the conductivity of 1M permeant ion in ohm m.
 N.B. this is a macroscopic conductance - an overestimate 
 Empirically corrected conductances currently only available
 With the CAPSULE option (although its not that stable!)
 For 1M KCl rho= 1/12 (ohm m), So Gmacro= 140000 pS/M.
  (TAG      1   Rmin=     2.61623   Gmacro=137579.30503 Conn_Gmacro=    -1.00000 ).
 HOLE: normal completion
