 *** Program HOLE ***
 
 If results of this run are reported or published, please
 cite the publication listed below.
 For the HOLE program:
   Smart, O.S., Goodfellow, J.M., Wallace, B.A. (1993). 
   The pore dimensions of gramicidin A. 
   Biophys. J., 65, 2455-2460.
 
 Originally written by Oliver Smart at Birkbeck College from April 1992.
 Copyright 1993-2005 Oliver Smart
 Copyright 2014-2015 SmartSci Limited.
 Copyright 2016 Oliver Smart.
 
 For help on HOLE suite see  http://www.holeprogram.org/
 
 HOLE release 2.2.005 (07 August 2016) 
 
 usage subject to Apache License, Version 2.0 
 see http://www.apache.org/licenses/LICENSE-2.0 

 Control variables read:

! Input file for Oliver Smart's HOLE program
! written by MDAnalysis.analysis.hole2.HoleAnalysis
! for a Universe
! u = mda.Universe(host_davis3water.gro
!    host_davis3water.trr
!   )
! Frame 25

COORD  /tmp/tmpqnhxvj9q.pdb
RADIUS simple2.rad
SPHPDB hole025.sph
SAMPLE 0.200000
ENDRAD 22.000000
IGNORE SOL WAT TIP HOH K   NA  CL
SHORTO 0
RASEED 31415
CPOINT 59.9783457424 59.6769351102 59.1575349958


 WARNING have not found a CVECT record - will try to guess
 Input pdb filename read as:    '/tmp/tmpqnhxvj9q.pdb'
 Input vdW radius file read as: 'simple2.rad'
 point in channel:   59.978  59.677  59.158
 channel vector:   ************************
 sampling distance between planes:    0.200

 graphics conditions:
 binary plot output file name: NONE
 Dot density:    10
 Draw dots?           T
 Draw close contacts? F
 Draw centre line?    T
 Produce spikes rather than dots? F
 Seed for random number generator:     31415 (0 means value set by program)
 Radius above which a result is regarded as an 'end':  22.000
 Pdb format file for sphere centres: hole025.sph

 Monte Carlo conditions:
  no of steps:  1000
  maximum displacement   0.100 angs
  'kT' initial   0.100 angs
 The spherebox and capsule options are turned off.
 (No molqpt card so will not write qpt file of the molecule)
 IGNORE card read so will ignore residue types: SOL WAT TIP HOH K   NA  CL
 no SHORTO card read so will produce full textual output
 As no PEGRAT card was found will not produce PEG polymer exclusion graph
 (No 2DMAPS card specified so will not produce 2D property maps)
 Have not found a CUT card.  Normal calculation using
   Cutoff lists with a cutsize=       1.000
   (if you wish to turn off option use a CUT -1 card)

 Have read     7 bond radius records and
              16 vdW radius records.
 From file: simple2.rad

 Have read   178 atom records.
 From file: /tmp/tmpqnhxvj9q.pdb
 Will not produce graphical output
 Warning have tried to open file: 'hole025.sph' as NEW but
         this file already exists - old version kept as 'hole025.sph.old'

 Have opened file for pdb format output of sphere centres:  hole025.sph

  Seed integer used by ran # generator on this run      31415

 
 S/R cguess will try to guess CPOINT and/or CVECT
 
 THESE GUESSES MAY WELL BE WRONG!!!!
 Routine relies on having a reasonably symmetric
 channel oriented along x, y or z vector
 YOU ARE STRONGLY ADVISED TO CHECK THE RESULTS
                       WITH MOLECULAR GRAPHICS
 testing points from cpoint in X, Y then Z direction
   point                   pore radius
direction     1
  54.978  59.677  59.158    -0.790
  55.978  59.677  59.158    -1.619
  56.978  59.677  59.158    -0.858
  57.978  59.677  59.158     0.129
  58.978  59.677  59.158     1.124
  59.978  59.677  59.158     1.928
  60.978  59.677  59.158     0.930
  61.978  59.677  59.158    -0.065
  62.978  59.677  59.158    -1.050
  63.978  59.677  59.158    -1.543
  64.978  59.677  59.158    -0.605
 Average pore radius along the line=     -0.220
direction     2
  59.978  54.677  59.158     0.916
  59.978  55.677  59.158     0.947
  59.978  56.677  59.158     1.225
  59.978  57.677  59.158     1.458
  59.978  58.677  59.158     1.877
  59.978  59.677  59.158     1.928
  59.978  60.677  59.158     2.110
  59.978  61.677  59.158     2.296
  59.978  62.677  59.158     2.357
  59.978  63.677  59.158     2.559
  59.978  64.677  59.158     2.965
 Average pore radius along the line=      1.876
direction     3
  59.978  59.677  54.158    -1.085
  59.978  59.677  55.158    -0.608
  59.978  59.677  56.158     0.238
  59.978  59.677  57.158     1.194
  59.978  59.677  58.158     1.908
  59.978  59.677  59.158     1.928
  59.978  59.677  60.158     1.790
  59.978  59.677  61.158     1.619
  59.978  59.677  62.158     1.073
  59.978  59.677  63.158     0.767
  59.978  59.677  64.158     0.825
 Average pore radius along the line=      0.877
 Best direction is found to be     2
(1=X,2=Y,3=Z)
 s/r cguess has produced initial values for cpoint &/or cvect:
CPOINT      59.9783     59.6769     59.1575
CVECT        0.0000      1.0000      0.0000
 THESE GUESSES MAY WELL BE WRONG!!!!
 Routine relies on having a reasonably symmetric
 channel oriented along x, y or z vector
 YOU ARE STRONGLY ADVISED TO CHECK THE RESULTS
                       WITH MOLECULAR GRAPHICS
 
 
  Some routines (e.g. conn) need vectors normal to cvect: 
     EAST Zero degrees angle is along vector    1.000   0.000   0.000
     NORTH  90 degrees angle is along vector    0.000   0.000   1.000
 highest radius point found:
  at point   59.895  59.677  58.714
  closest atom surface    2.040   C17 DAV X    1
  2nd closest surface     2.046   C41 DAV X    1
  found on step  228
 current point:
  at point   59.876  59.677  59.380
  closest atom surface    2.035   C17 DAV X    1
  2nd closest surface     2.035   C41 DAV X    1
  found on step  983
  no. of rejections          419
 stored as     0

 highest radius point found:
  at point   59.929  59.877  58.339
  closest atom surface    2.084   C17 DAV X    1
  2nd closest surface     2.085   C46 DAV X    1
  found on step  968
  this is also current point
  no. of rejections          403
 stored as     1

 highest radius point found:
  at point   59.944  60.077  58.326
  closest atom surface    2.098   C17 DAV X    1
  2nd closest surface     2.102   C46 DAV X    1
  found on step  184
 current point:
  at point   59.874  60.077  59.562
  closest atom surface    2.092   C22 DAV X    1
  2nd closest surface     2.092   C41 DAV X    1
  found on step  910
  no. of rejections          403
 stored as     2

 highest radius point found:
  at point   59.869  60.277  59.662
  closest atom surface    2.137   C41 DAV X    1
  2nd closest surface     2.138   C22 DAV X    1
  found on step  620
 current point:
  at point   59.892  60.277  58.819
  closest atom surface    2.108   C17 DAV X    1
  2nd closest surface     2.109   C41 DAV X    1
  found on step  994
  no. of rejections          385
 stored as     3

 highest radius point found:
  at point   59.881  60.477  59.715
  closest atom surface    2.183   C42 DAV X    1
  2nd closest surface     2.184   C17 DAV X    1
  found on step  785
 current point:
  at point   59.880  60.477  59.703
  closest atom surface    2.183   C17 DAV X    1
  2nd closest surface     2.184   C42 DAV X    1
  found on step  985
  no. of rejections          407
 stored as     4

 highest radius point found:
  at point   59.898  60.677  58.722
  closest atom surface    2.212   C46 DAV X    1
  2nd closest surface     2.212   C45 DAV X    1
  found on step  424
 current point:
  at point   59.911  60.677  58.667
  closest atom surface    2.206   C45 DAV X    1
  2nd closest surface     2.207   C17 DAV X    1
  found on step  928
  no. of rejections          391
 stored as     5

 highest radius point found:
  at point   59.885  60.877  59.279
  closest atom surface    2.265   C17 DAV X    1
  2nd closest surface     2.265   C42 DAV X    1
  found on step  584
 current point:
  at point   59.948  60.877  59.928
  closest atom surface    2.260   C42 DAV X    1
  2nd closest surface     2.269   C22 DAV X    1
  found on step  970
  no. of rejections          367
 stored as     6

 highest radius point found:
  at point   59.985  61.077  60.059
  closest atom surface    2.321   C42 DAV X    1
  2nd closest surface     2.322   C22 DAV X    1
  found on step  989
  this is also current point
  no. of rejections          405
 stored as     7

 highest radius point found:
  at point   59.997  61.277  60.203
  closest atom surface    2.369   C18 DAV X    1
  2nd closest surface     2.369   C42 DAV X    1
  found on step  938
  this is also current point
  no. of rejections          376
 stored as     8

 highest radius point found:
  at point   59.997  61.477  60.293
  closest atom surface    2.418   C42 DAV X    1
  2nd closest surface     2.419   C18 DAV X    1
  found on step  287
 current point:
  at point   59.883  61.477  59.297
  closest atom surface    2.359   C18 DAV X    1
  2nd closest surface     2.360   C44 DAV X    1
  found on step  892
  no. of rejections          409
 stored as     9

 highest radius point found:
  at point   59.979  61.677  60.402
  closest atom surface    2.460   C42 DAV X    1
  2nd closest surface     2.461   C20 DAV X    1
  found on step  945
  this is also current point
  no. of rejections          390
 stored as    10

 highest radius point found:
  at point   59.899  61.877  60.775
  closest atom surface    2.492   C20 DAV X    1
  2nd closest surface     2.493   C42 DAV X    1
  found on step  197
 current point:
  at point   59.953  61.877  60.517
  closest atom surface    2.489   C43 DAV X    1
  2nd closest surface     2.491   C20 DAV X    1
  found on step  975
  no. of rejections          372
 stored as    11

 highest radius point found:
  at point   60.017  62.077  64.562
  closest atom surface    3.202   C4  DAV X    1
  2nd closest surface     3.204   O20 DAV X    1
  found on step  987
  this is also current point
  no. of rejections          291
 stored as    12

 highest radius point found:
  at point   59.878  62.277  64.490
  closest atom surface    3.360   C4  DAV X    1
  2nd closest surface     3.362   C3  DAV X    1
  found on step  969
  this is also current point
  no. of rejections          269
 stored as    13

 highest radius point found:
  at point   59.800  62.477  64.379
  closest atom surface    3.511   O20 DAV X    1
  2nd closest surface     3.511   C3  DAV X    1
  found on step  989
  this is also current point
  no. of rejections          317
 stored as    14

 highest radius point found:
  at point   59.669  62.677  64.344
  closest atom surface    3.653   C3  DAV X    1
  2nd closest surface     3.653   O20 DAV X    1
  found on step  990
  this is also current point
  no. of rejections          286
 stored as    15

 highest radius point found:
  at point   59.539  62.877  64.306
  closest atom surface    3.802   C3  DAV X    1
  2nd closest surface     3.802   C20 DAV X    1
  found on step  988
  this is also current point
  no. of rejections          278
 stored as    16

 highest radius point found:
  at point   59.393  63.077  64.295
  closest atom surface    3.953   C3  DAV X    1
  2nd closest surface     3.956   O20 DAV X    1
  found on step    9
 current point:
  at point   59.355  63.077  64.330
  closest atom surface    3.945   C3  DAV X    1
  2nd closest surface     3.962   O20 DAV X    1
  found on step  994
  no. of rejections          238
 stored as    17

 highest radius point found:
  at point   59.277  63.277  64.245
  closest atom surface    4.117   C3  DAV X    1
  2nd closest surface     4.117   O20 DAV X    1
  found on step  975
  this is also current point
  no. of rejections          323
 stored as    18

 highest radius point found:
  at point   58.596  63.477  65.023
  closest atom surface    4.271   C3  DAV X    1
  2nd closest surface     4.271   O20 DAV X    1
  found on step  982
  this is also current point
  no. of rejections          350
 stored as    19

 highest radius point found:
  at point   58.436  63.677  65.046
  closest atom surface    4.447   C2  DAV X    1
  2nd closest surface     4.448   O20 DAV X    1
  found on step  960
  this is also current point
  no. of rejections          266
 stored as    20

 highest radius point found:
  at point   58.188  63.877  65.278
  closest atom surface    4.611   C2  DAV X    1
  2nd closest surface     4.611   C43 DAV X    1
  found on step  352
 current point:
  at point   58.187  63.877  65.292
  closest atom surface    4.610   C2  DAV X    1
  2nd closest surface     4.610   O20 DAV X    1
  found on step  917
  no. of rejections          292
 stored as    21

 highest radius point found:
  at point   56.197  64.077  66.207
  closest atom surface    5.000   C2  DAV X    1
  2nd closest surface     5.000   O   DAV X    1
  found on step  998
  this is also current point
  no. of rejections          190
 stored as    22

 highest radius point found:
  at point   47.858  64.277  69.592
  closest atom surface   10.090   O4  DAV X    1
  2nd closest surface    10.099   O   DAV X    1
  found on step  999
  this is also current point
  no. of rejections          226
 stored as    23

 highest radius point found:
  at point   38.744  64.477  69.900
  closest atom surface   17.518   O4  DAV X    1
  2nd closest surface    17.588   O23 DAV X    1
  found on step 1000
  this is also current point
  no. of rejections          237
 stored as    24

 highest radius point found:
  at point   29.510  64.677  69.687
  closest atom surface   25.972   O4  DAV X    1
  2nd closest surface    26.007   O23 DAV X    1
  found on step  994
  this is also current point
  no. of rejections          270
 This is an end! (radius above  22.0 angs)
 highest radius point found:
  at point   59.897  59.477  58.328
  closest atom surface    2.074   C46 DAV X    1
  2nd closest surface     2.076   H17 DAV X    1
  found on step  164
 current point:
  at point   59.893  59.477  58.425
  closest atom surface    2.073   C41 DAV X    1
  2nd closest surface     2.081   C17 DAV X    1
  found on step  997
  no. of rejections          377
 stored as    -1

 highest radius point found:
  at point   59.894  59.277  58.348
  closest atom surface    2.093   C41 DAV X    1
  2nd closest surface     2.093   C16 DAV X    1
  found on step  831
 current point:
  at point   59.896  59.277  58.362
  closest atom surface    2.092   C16 DAV X    1
  2nd closest surface     2.092   C41 DAV X    1
  found on step  893
  no. of rejections          429
 stored as    -2

 highest radius point found:
  at point   59.856  59.077  58.343
  closest atom surface    2.073   C15 DAV X    1
  2nd closest surface     2.073   C41 DAV X    1
  found on step  999
  this is also current point
  no. of rejections          395
 stored as    -3

 highest radius point found:
  at point   59.809  58.877  58.363
  closest atom surface    2.020   C40 DAV X    1
  2nd closest surface     2.029   C15 DAV X    1
  found on step   28
 current point:
  at point   59.854  58.877  58.617
  closest atom surface    2.005   C15 DAV X    1
  2nd closest surface     2.008   C40 DAV X    1
  found on step  898
  no. of rejections          402
 stored as    -4

 highest radius point found:
  at point   59.776  58.677  58.276
  closest atom surface    1.979   C39 DAV X    1
  2nd closest surface     1.979   C40 DAV X    1
  found on step  683
 current point:
  at point   59.776  58.677  58.268
  closest atom surface    1.979   C39 DAV X    1
  2nd closest surface     1.979   C33 DAV X    1
  found on step  919
  no. of rejections          390
 stored as    -5

 highest radius point found:
  at point   59.783  58.477  58.482
  closest atom surface    1.911   C40 DAV X    1
  2nd closest surface     1.913   C39 DAV X    1
  found on step  612
 current point:
  at point   59.840  58.477  58.848
  closest atom surface    1.902   C40 DAV X    1
  2nd closest surface     1.902   C15 DAV X    1
  found on step  905
  no. of rejections          394
 stored as    -6

 highest radius point found:
  at point   59.795  58.277  58.712
  closest atom surface    1.865   C40 DAV X    1
  2nd closest surface     1.866   C15 DAV X    1
  found on step   47
 current point:
  at point   59.823  58.277  57.818
  closest atom surface    1.831   C15 DAV X    1
  2nd closest surface     1.833   C34 DAV X    1
  found on step  999
  no. of rejections          385
 stored as    -7

 highest radius point found:
  at point   59.795  58.077  58.779
  closest atom surface    1.823   C10 DAV X    1
  2nd closest surface     1.826   C15 DAV X    1
  found on step  765
 current point:
  at point   59.784  58.077  58.831
  closest atom surface    1.823   C10 DAV X    1
  2nd closest surface     1.823   C39 DAV X    1
  found on step  938
  no. of rejections          403
 stored as    -8

 highest radius point found:
  at point   59.797  57.877  58.672
  closest atom surface    1.770   C39 DAV X    1
  2nd closest surface     1.772   C15 DAV X    1
  found on step 1000
  this is also current point
  no. of rejections          391
 stored as    -9

 highest radius point found:
  at point   59.793  57.677  57.871
  closest atom surface    1.739   C15 DAV X    1
  2nd closest surface     1.740   C39 DAV X    1
  found on step  630
 current point:
  at point   59.793  57.677  57.892
  closest atom surface    1.737   C15 DAV X    1
  2nd closest surface     1.738   C39 DAV X    1
  found on step  971
  no. of rejections          388
 stored as   -10

 highest radius point found:
  at point   59.796  57.477  57.865
  closest atom surface    1.719   C39 DAV X    1
  2nd closest surface     1.719   C14 DAV X    1
  found on step  942
  this is also current point
  no. of rejections          426
 stored as   -11

 highest radius point found:
  at point   59.805  57.277  58.425
  closest atom surface    1.688   C39 DAV X    1
  2nd closest surface     1.688   C10 DAV X    1
  found on step  993
  this is also current point
  no. of rejections          391
 stored as   -12

 highest radius point found:
  at point   59.810  57.077  58.311
  closest atom surface    1.689   C15 DAV X    1
  2nd closest surface     1.689   C39 DAV X    1
  found on step  999
  this is also current point
  no. of rejections          401
 stored as   -13

 highest radius point found:
  at point   59.807  56.877  58.250
  closest atom surface    1.695   C14 DAV X    1
  2nd closest surface     1.695   C39 DAV X    1
  found on step  980
  this is also current point
  no. of rejections          375
 stored as   -14

 highest radius point found:
  at point   59.780  56.677  58.170
  closest atom surface    1.678   C14 DAV X    1
  2nd closest surface     1.682   C38 DAV X    1
  found on step    6
 current point:
  at point   59.556  56.677  59.590
  closest atom surface    1.570   C38 DAV X    1
  2nd closest surface     1.572   H34 DAV X    1
  found on step  976
  no. of rejections          400
 stored as   -15

 highest radius point found:
  at point   59.654  56.477  57.646
  closest atom surface    1.628   C38 DAV X    1
  2nd closest surface     1.628   C13 DAV X    1
  found on step  987
  this is also current point
  no. of rejections          379
 stored as   -16

 highest radius point found:
  at point   59.630  56.277  57.634
  closest atom surface    1.574   C38 DAV X    1
  2nd closest surface     1.577   C13 DAV X    1
  found on step  584
 current point:
  at point   59.705  56.277  57.975
  closest atom surface    1.563   C38 DAV X    1
  2nd closest surface     1.565   C13 DAV X    1
  found on step  955
  no. of rejections          385
 stored as   -17

 highest radius point found:
  at point   59.621  56.077  57.677
  closest atom surface    1.530   C13 DAV X    1
  2nd closest surface     1.530   C36 DAV X    1
  found on step  995
  this is also current point
  no. of rejections          397
 stored as   -18

 highest radius point found:
  at point   59.632  55.877  57.824
  closest atom surface    1.491   C13 DAV X    1
  2nd closest surface     1.492   C38 DAV X    1
  found on step  955
  this is also current point
  no. of rejections          404
 stored as   -19

 highest radius point found:
  at point   59.630  55.677  57.792
  closest atom surface    1.437   C37 DAV X    1
  2nd closest surface     1.437   C12 DAV X    1
  found on step    8
 current point:
  at point   59.618  55.677  57.875
  closest atom surface    1.430   C37 DAV X    1
  2nd closest surface     1.431   C12 DAV X    1
  found on step  953
  no. of rejections          399
 stored as   -20

 highest radius point found:
  at point   59.638  55.477  57.669
  closest atom surface    1.394   C13 DAV X    1
  2nd closest surface     1.396   C37 DAV X    1
  found on step  825
 current point:
  at point   59.634  55.477  57.631
  closest atom surface    1.392   C37 DAV X    1
  2nd closest surface     1.393   C13 DAV X    1
  found on step  938
  no. of rejections          396
 stored as   -21

 highest radius point found:
  at point   59.642  55.277  57.619
  closest atom surface    1.364   C12 DAV X    1
  2nd closest surface     1.365   C37 DAV X    1
  found on step  905
  this is also current point
  no. of rejections          356
 stored as   -22

 highest radius point found:
  at point   59.485  55.077  59.351
  closest atom surface    1.406   C38 DAV X    1
  2nd closest surface     1.406   C11 DAV X    1
  found on step  972
  this is also current point
  no. of rejections          389
 stored as   -23

 highest radius point found:
  at point   59.261  54.877  60.699
  closest atom surface    1.799   C4  DAV X    1
  2nd closest surface     1.799   C11 DAV X    1
  found on step  620
 current point:
  at point   59.261  54.877  60.693
  closest atom surface    1.798   C11 DAV X    1
  2nd closest surface     1.799   C38 DAV X    1
  found on step  962
  no. of rejections          416
 stored as   -24

 highest radius point found:
  at point   59.237  54.677  60.771
  closest atom surface    1.876   C11 DAV X    1
  2nd closest surface     1.876   C4  DAV X    1
  found on step  996
  this is also current point
  no. of rejections          377
 stored as   -25

 highest radius point found:
  at point   59.208  54.477  60.844
  closest atom surface    1.963   C4  DAV X    1
  2nd closest surface     1.964   C38 DAV X    1
  found on step  857
 current point:
  at point   59.210  54.477  60.845
  closest atom surface    1.962   C4  DAV X    1
  2nd closest surface     1.965   C11 DAV X    1
  found on step  973
  no. of rejections          361
 stored as   -26

 highest radius point found:
  at point   59.184  54.277  60.914
  closest atom surface    2.061   C38 DAV X    1
  2nd closest surface     2.062   C11 DAV X    1
  found on step  735
 current point:
  at point   59.185  54.277  60.909
  closest atom surface    2.059   C38 DAV X    1
  2nd closest surface     2.060   C11 DAV X    1
  found on step  951
  no. of rejections          400
 stored as   -27

 highest radius point found:
  at point   59.159  54.077  60.988
  closest atom surface    2.167   C4  DAV X    1
  2nd closest surface     2.169   C11 DAV X    1
  found on step  973
  this is also current point
  no. of rejections          340
 stored as   -28

 highest radius point found:
  at point   59.123  53.877  61.055
  closest atom surface    2.274   C38 DAV X    1
  2nd closest surface     2.285   C4  DAV X    1
  found on step  290
 current point:
  at point   58.091  53.877  61.657
  closest atom surface    2.112   C38 DAV X    1
  2nd closest surface     2.113   C4  DAV X    1
  found on step  906
  no. of rejections          319
 stored as   -29

 highest radius point found:
  at point   59.111  53.677  61.134
  closest atom surface    2.404   C4  DAV X    1
  2nd closest surface     2.405   C11 DAV X    1
  found on step  840
 current point:
  at point   59.097  53.677  61.141
  closest atom surface    2.400   C4  DAV X    1
  2nd closest surface     2.403   C38 DAV X    1
  found on step  938
  no. of rejections          356
 stored as   -30

 highest radius point found:
  at point   59.085  53.477  61.205
  closest atom surface    2.534   C4  DAV X    1
  2nd closest surface     2.535   C11 DAV X    1
  found on step  973
  this is also current point
  no. of rejections          359
 stored as   -31

 highest radius point found:
  at point   59.061  53.277  61.277
  closest atom surface    2.669   C11 DAV X    1
  2nd closest surface     2.670   C4  DAV X    1
  found on step  992
  this is also current point
  no. of rejections          329
 stored as   -32

 highest radius point found:
  at point   59.026  53.077  61.353
  closest atom surface    2.811   C4  DAV X    1
  2nd closest surface     2.811   C38 DAV X    1
  found on step  990
  this is also current point
  no. of rejections          317
 stored as   -33

 highest radius point found:
  at point   59.010  52.877  61.422
  closest atom surface    2.959   C4  DAV X    1
  2nd closest surface     2.959   C11 DAV X    1
  found on step  934
  this is also current point
  no. of rejections          317
 stored as   -34

 highest radius point found:
  at point   58.975  52.677  61.497
  closest atom surface    3.110   C38 DAV X    1
  2nd closest surface     3.110   C4  DAV X    1
  found on step  980
  this is also current point
  no. of rejections          310
 stored as   -35

 highest radius point found:
  at point   58.957  52.477  61.563
  closest atom surface    3.266   C38 DAV X    1
  2nd closest surface     3.268   C11 DAV X    1
  found on step  984
  this is also current point
  no. of rejections          288
 stored as   -36

 highest radius point found:
  at point   58.930  52.277  61.640
  closest atom surface    3.428   C4  DAV X    1
  2nd closest surface     3.428   C38 DAV X    1
  found on step  976
  this is also current point
  no. of rejections          284
 stored as   -37

 highest radius point found:
  at point   54.119  52.077  63.032
  closest atom surface    4.258   O4  DAV X    1
  2nd closest surface     4.337   H27 DAV X    1
  found on step  994
  this is also current point
  no. of rejections          192
 stored as   -38

 highest radius point found:
  at point   42.367  51.877  64.005
  closest atom surface   12.799   O4  DAV X    1
  2nd closest surface    13.153   C47 DAV X    1
  found on step 1000
  this is also current point
  no. of rejections          230
 stored as   -39

 highest radius point found:
  at point   32.464  51.677  64.775
  closest atom surface   22.255   O4  DAV X    1
  2nd closest surface    22.578   C47 DAV X    1
  found on step 1000
  this is also current point
  no. of rejections          255
 This is an end! (radius above  22.0 angs)
 
 N.b. Graph information routine (HOGRAP) differs 
        markedly from previous versions!
       Information now is written from -ve end
       to +ve in one pass
 
 Explanation of the meaning of each column: 
 First column "cenxyz.cvec" is the coordinate in the
   direction of the channel vector i.e. if the channel
   vector is in z (0 0 1) then it is the z coordinate.
 The second column "radius" is the hole pore radius 
   (as defined in the Biophys J 1993) article).
 The third column "cen_line_D" is the distance 
   measured along the pore centre line - with the 
   first point found set to zero. This was the first
   thing that I used to measure the distance along a pore
   but "cenxyz.cvec" is a much better general measure. 
   However, by comparing changes in this distance to changes in '   "cenxyz.cvec" one can get a measure of how straight a 
   channel is.
 The fourth column "sum{s/(area)}" is useful in conductance
   prediction -
   basically it is the sum of the thickness of each slab
   divided by its area. HOLE uses this measure to estimate
   the macroscopic conductance of a channel.
 If any of this worries you one can see the "raw" results
   of a standard hole run by producing a sphpdb file and 
    directly looking at the results.
 cenxyz.cvec      radius  cen_line_D sum{s/(area point sourc
    51.87694    12.79871   -29.17196     0.00019   (sampled)
    51.97694     7.68034   -23.27455     0.00073 (mid-point)
    52.07694     4.25795   -17.37715     0.00249   (sampled)
    52.17694     3.31246   -14.87103     0.00539 (mid-point)
    52.27694     3.42812   -12.36491     0.00810   (sampled)
    52.37694     3.34683   -12.25697     0.01094 (mid-point)
    52.47694     3.26620   -12.14902     0.01392   (sampled)
    52.57694     3.18752   -12.04335     0.01706 (mid-point)
    52.67694     3.10984   -11.93768     0.02035   (sampled)
    52.77694     3.03398   -11.82952     0.02381 (mid-point)
    52.87694     2.95883   -11.72136     0.02744   (sampled)
    52.97694     2.88411   -11.61520     0.03127 (mid-point)
    53.07694     2.81061   -11.50903     0.03530   (sampled)
    53.17694     2.73956   -11.40072     0.03954 (mid-point)
    53.27694     2.66929   -11.29241     0.04401   (sampled)
    53.37694     2.60114   -11.18540     0.04871 (mid-point)
    53.47694     2.53409   -11.07840     0.05367   (sampled)
    53.57694     2.46803   -10.97155     0.05889 (mid-point)
    53.67694     2.40363   -10.86470     0.06440   (sampled)
    53.77694     2.34008   -10.75702     0.07022 (mid-point)
    53.87694     2.27355   -10.64933     0.07638   (sampled)
    53.97694     2.22025   -10.54231     0.08283 (mid-point)
    54.07694     2.16723   -10.43529     0.08961   (sampled)
    54.17694     2.11370   -10.32782     0.09673 (mid-point)
    54.27694     2.06103   -10.22036     0.10423   (sampled)
    54.37694     2.01143   -10.11378     0.11210 (mid-point)
    54.47694     1.96337   -10.00720     0.12035   (sampled)
    54.57694     1.91841    -9.89981     0.12900 (mid-point)
    54.67694     1.87555    -9.79242     0.13805   (sampled)
    54.77694     1.83601    -9.68539     0.14749 (mid-point)
    54.87694     1.79889    -9.57835     0.15733   (sampled)
    54.97694     1.53882    -8.88810     0.17077 (mid-point)
    55.07694     1.40633    -8.19784     0.18687   (sampled)
    55.17694     1.29867    -7.32241     0.20574 (mid-point)
    55.27694     1.36429    -6.44699     0.22284   (sampled)
    55.37694     1.37856    -6.34392     0.23959 (mid-point)
    55.47694     1.39365    -6.24086     0.25598   (sampled)
    55.57694     1.41426    -6.12337     0.27189 (mid-point)
    55.67694     1.43681    -6.00588     0.28731   (sampled)
    55.77694     1.46582    -5.90462     0.30213 (mid-point)
    55.87694     1.49097    -5.80336     0.31645   (sampled)
    55.97694     1.50804    -5.67926     0.33044 (mid-point)
    56.07694     1.52959    -5.55516     0.34405   (sampled)
    56.17694     1.55103    -5.45280     0.35728 (mid-point)
    56.27694     1.57421    -5.35045     0.37012   (sampled)
    56.37694     1.59953    -5.24954     0.38257 (mid-point)
    56.47694     1.62759    -5.14863     0.39458   (sampled)
    56.57694     1.64295    -4.86111     0.40637 (mid-point)
    56.67694     1.67783    -4.57359     0.41768   (sampled)
    56.77694     1.68460    -4.46507     0.42890 (mid-point)
    56.87694     1.69469    -4.35656     0.43998   (sampled)
    56.97694     1.69039    -4.25192     0.45112 (mid-point)
    57.07694     1.68851    -4.14728     0.46229   (sampled)
    57.17694     1.68643    -4.03215     0.47348 (mid-point)
    57.27694     1.68784    -3.91703     0.48465   (sampled)
    57.37694     1.69086    -3.61963     0.49578 (mid-point)
    57.47694     1.71874    -3.32222     0.50656   (sampled)
    57.57694     1.72774    -3.22217     0.51722 (mid-point)
    57.67694     1.73941    -3.12212     0.52774   (sampled)
    57.77694     1.73129    -2.70907     0.53836 (mid-point)
    57.87694     1.77049    -2.29603     0.54852   (sampled)
    57.97694     1.79674    -2.18268     0.55838 (mid-point)
    58.07694     1.82260    -2.06934     0.56796   (sampled)
    58.17694     1.84467    -1.96398     0.57732 (mid-point)
    58.27694     1.86550    -1.85861     0.58646   (sampled)
    58.37694     1.88531    -1.70605     0.59542 (mid-point)
    58.47694     1.91120    -1.55349     0.60413   (sampled)
    58.57694     1.94271    -1.40981     0.61257 (mid-point)
    58.67694     1.97893    -1.26613     0.62069   (sampled)
    58.77694     1.99832    -1.15578     0.62866 (mid-point)
    58.87694     2.02035    -1.04544     0.63646   (sampled)
    58.97694     2.04963    -0.94221     0.64404 (mid-point)
    59.07694     2.07289    -0.83897     0.65145   (sampled)
    59.17694     2.08161    -0.73719     0.65879 (mid-point)
    59.27694     2.09254    -0.63541     0.66606   (sampled)
    59.37694     2.08464    -0.53492     0.67339 (mid-point)
    59.47694     2.07374    -0.43444     0.68079   (sampled)
    59.57694     2.06269    -0.21722     0.68827 (mid-point)
    59.67694     2.03992    -0.00000     0.69592   (sampled)
    59.77694     2.05626     0.21327     0.70345 (mid-point)
    59.87694     2.08411     0.42654     0.71078   (sampled)
    59.97694     2.08987     0.52702     0.71807 (mid-point)
    60.07694     2.09818     0.62751     0.72530   (sampled)
    60.17694     2.06279     1.30393     0.73278 (mid-point)
    60.27694     2.13693     1.98036     0.73975   (sampled)
    60.37694     2.16239     2.08399     0.74655 (mid-point)
    60.47694     2.18348     2.18763     0.75323   (sampled)
    60.57694     2.16667     2.69416     0.76001 (mid-point)
    60.67694     2.21216     3.20070     0.76652   (sampled)
    60.77694     2.22825     3.49689     0.77293 (mid-point)
    60.87694     2.26491     3.79309     0.77913   (sampled)
    60.97694     2.27312     4.19838     0.78529 (mid-point)
    61.07694     2.32055     4.60368     0.79120   (sampled)
    61.17694     2.34326     4.72717     0.79700 (mid-point)
    61.27694     2.36917     4.85067     0.80267   (sampled)
    61.37694     2.39222     4.96036     0.80823 (mid-point)
    61.47694     2.41766     5.07006     0.81368   (sampled)
    61.57694     2.43719     5.18434     0.81904 (mid-point)
    61.67694     2.45965     5.29862     0.82430   (sampled)
    61.77694     2.47102     5.51372     0.82951 (mid-point)
    61.87694     2.49185     5.72882     0.83464   (sampled)
    61.97694     2.55064     7.62596     0.83953 (mid-point)
    62.07694     3.20156     9.52310     0.84264   (sampled)
    62.17694     3.27996     9.65002     0.84560 (mid-point)
    62.27694     3.36027     9.77694     0.84842   (sampled)
    62.37694     3.43576     9.89765     0.85111 (mid-point)
    62.47694     3.51065    10.01835     0.85370   (sampled)
    62.57694     3.58114    10.13915     0.85618 (mid-point)
    62.67694     3.65302    10.25996     0.85856   (sampled)
    62.77694     3.72652    10.38070     0.86085 (mid-point)
    62.87694     3.80165    10.50144     0.86306   (sampled)
    62.97694     3.87667    10.62547     0.86518 (mid-point)
    63.07694     3.95336    10.74950     0.86721   (sampled)
    63.17694     4.03453    10.86790     0.86917 (mid-point)
    63.27694     4.11694    10.98630     0.87105   (sampled)
    63.37694     4.17068    11.51289     0.87288 (mid-point)
    63.47694     4.27073    12.03948     0.87462   (sampled)
    63.57694     4.35824    12.16800     0.87630 (mid-point)
    63.67694     4.44672    12.29653     0.87791   (sampled)
    63.77694     4.52612    12.49357     0.87946 (mid-point)
    63.87694     4.61055    12.69061     0.88096   (sampled)
    63.97694     4.71589    13.79387     0.88239 (mid-point)
    64.07694     4.99963    14.89713     0.88366   (sampled)
    64.17694     6.76835    19.39807     0.88436 (mid-point)
    64.27694    10.08984    23.89901     0.88467   (sampled)
    64.37694    13.57567    28.46005     0.88484 (mid-point)
    64.47694    17.51832    33.02110     0.88495   (sampled)

 Minimum radius found:      1.299 angstroms.



 For spherical probe approach, The geometric factor
         F= sum(ds/area) along channel is    0.885 angstroms**-1
 This yields a macroscopic predicted molar conductance of:
   (1/rho)*(100/F)= (110/rho) pS,
   where rho is the conductivity of 1M permeant ion in ohm m.
 N.B. this is a macroscopic conductance - an overestimate 
 Empirically corrected conductances currently only available
 With the CAPSULE option (although its not that stable!)
 For 1M KCl rho= 1/12 (ohm m), So Gmacro= 1400 pS/M.
  (TAG      1   Rmin=     1.29867   Gmacro=  1356.01503 Conn_Gmacro=    -1.00000 ).
 HOLE: normal completion
