 *** Program HOLE ***
 
 If results of this run are reported or published, please
 cite the publication listed below.
 For the HOLE program:
   Smart, O.S., Goodfellow, J.M., Wallace, B.A. (1993). 
   The pore dimensions of gramicidin A. 
   Biophys. J., 65, 2455-2460.
 
 Originally written by Oliver Smart at Birkbeck College from April 1992.
 Copyright 1993-2005 Oliver Smart
 Copyright 2014-2015 SmartSci Limited.
 Copyright 2016 Oliver Smart.
 
 For help on HOLE suite see  http://www.holeprogram.org/
 
 HOLE release 2.2.005 (07 August 2016) 
 
 usage subject to Apache License, Version 2.0 
 see http://www.apache.org/licenses/LICENSE-2.0 

 Control variables read:

! Input file for Oliver Smart's HOLE program
! written by MDAnalysis.analysis.hole2.HoleAnalysis
! for a Universe
! u = mda.Universe(/afs/crc.nd.edu/user/m/mfarshad/Private/ML-new/traj/host-2Ant
!    /afs/crc.nd.edu/user/m/mfarshad/Private/ML-new/traj/host-2Anthracene+dithio
!   )
! Frame 79

COORD  /tmp/2550169.1.long/tmpgc5kwd8_.pdb
RADIUS simple2.rad
SPHPDB hole079.sph
SAMPLE 0.200000
ENDRAD 22.000000
IGNORE SOL WAT TIP HOH K   NA  CL
SHORTO 0
RASEED 31415
CPOINT 39.8632591105 39.2082882106 39.0001243163


 WARNING have not found a CVECT record - will try to guess
 Input pdb filename read as:    '/tmp/2550169.1.long/tmpgc5kwd8_.pdb'
 Input vdW radius file read as: 'simple2.rad'
 point in channel:   39.863  39.208  39.000
 channel vector:   ************************
 sampling distance between planes:    0.200

 graphics conditions:
 binary plot output file name: NONE
 Dot density:    10
 Draw dots?           T
 Draw close contacts? F
 Draw centre line?    T
 Produce spikes rather than dots? F
 Seed for random number generator:     31415 (0 means value set by program)
 Radius above which a result is regarded as an 'end':  22.000
 Pdb format file for sphere centres: hole079.sph

 Monte Carlo conditions:
  no of steps:  1000
  maximum displacement   0.100 angs
  'kT' initial   0.100 angs
 The spherebox and capsule options are turned off.
 (No molqpt card so will not write qpt file of the molecule)
 IGNORE card read so will ignore residue types: SOL WAT TIP HOH K   NA  CL
 no SHORTO card read so will produce full textual output
 As no PEGRAT card was found will not produce PEG polymer exclusion graph
 (No 2DMAPS card specified so will not produce 2D property maps)
 Have not found a CUT card.  Normal calculation using
   Cutoff lists with a cutsize=       1.000
   (if you wish to turn off option use a CUT -1 card)

 Have read     7 bond radius records and
              16 vdW radius records.
 From file: simple2.rad

 Have read   107 atom records.
 From file: /tmp/2550169.1.long/tmpgc5kwd8_.pdb
 Will not produce graphical output

 Have opened file for pdb format output of sphere centres:  hole079.sph

  Seed integer used by ran # generator on this run      31415

 
 S/R cguess will try to guess CPOINT and/or CVECT
 
 THESE GUESSES MAY WELL BE WRONG!!!!
 Routine relies on having a reasonably symmetric
 channel oriented along x, y or z vector
 YOU ARE STRONGLY ADVISED TO CHECK THE RESULTS
                       WITH MOLECULAR GRAPHICS
 testing points from cpoint in X, Y then Z direction
   point                   pore radius
direction     1
  34.863  39.208  39.000    -0.866
  35.863  39.208  39.000    -0.694
  36.863  39.208  39.000     0.282
  37.863  39.208  39.000     0.751
  38.863  39.208  39.000     0.222
  39.863  39.208  39.000    -0.160
  40.863  39.208  39.000    -0.407
  41.863  39.208  39.000    -0.423
  42.863  39.208  39.000    -0.195
  43.863  39.208  39.000    -0.132
  44.863  39.208  39.000    -0.636
 Average pore radius along the line=     -0.205
direction     2
  39.863  34.208  39.000     2.420
  39.863  35.208  39.000     2.313
  39.863  36.208  39.000     2.442
  39.863  37.208  39.000     1.561
  39.863  38.208  39.000     0.649
  39.863  39.208  39.000    -0.160
  39.863  40.208  39.000    -0.639
  39.863  41.208  39.000    -0.409
  39.863  42.208  39.000     0.315
  39.863  43.208  39.000     0.993
  39.863  44.208  39.000     1.378
 Average pore radius along the line=      0.988
direction     3
  39.863  39.208  34.000    -1.374
  39.863  39.208  35.000    -1.182
  39.863  39.208  36.000    -0.232
  39.863  39.208  37.000     0.414
  39.863  39.208  38.000     0.486
  39.863  39.208  39.000    -0.160
  39.863  39.208  40.000    -0.595
  39.863  39.208  41.000    -0.746
  39.863  39.208  42.000    -1.262
  39.863  39.208  43.000    -0.636
  39.863  39.208  44.000    -1.117
 Average pore radius along the line=     -0.582
 Best direction is found to be     2
(1=X,2=Y,3=Z)
 s/r cguess has produced initial values for cpoint &/or cvect:
CPOINT      39.8633     39.2083     39.0001
CVECT        0.0000      1.0000      0.0000
 THESE GUESSES MAY WELL BE WRONG!!!!
 Routine relies on having a reasonably symmetric
 channel oriented along x, y or z vector
 YOU ARE STRONGLY ADVISED TO CHECK THE RESULTS
                       WITH MOLECULAR GRAPHICS
 
 
  Some routines (e.g. conn) need vectors normal to cvect: 
     EAST Zero degrees angle is along vector    1.000   0.000   0.000
     NORTH  90 degrees angle is along vector    0.000   0.000   1.000
 highest radius point found:
  at point   38.953  39.208  37.554
  closest atom surface    1.265   C31 URE X    1
  2nd closest surface     1.266   S   URE X    1
  found on step  513
 current point:
  at point   38.953  39.208  37.553
  closest atom surface    1.265   S   URE X    1
  2nd closest surface     1.266   C31 URE X    1
  found on step  972
  no. of rejections          384
 stored as     0

 highest radius point found:
  at point   38.996  39.408  37.551
  closest atom surface    1.171   S   URE X    1
  2nd closest surface     1.172   C31 URE X    1
  found on step  979
  this is also current point
  no. of rejections          349
 stored as     1

 highest radius point found:
  at point   39.041  39.608  37.550
  closest atom surface    1.086   C31 URE X    1
  2nd closest surface     1.088   S   URE X    1
  found on step  941
  this is also current point
  no. of rejections          407
 stored as     2

 highest radius point found:
  at point   39.085  39.808  37.546
  closest atom surface    1.015   C31 URE X    1
  2nd closest surface     1.016   S   URE X    1
  found on step  948
  this is also current point
  no. of rejections          397
 stored as     3

 highest radius point found:
  at point   39.117  40.008  37.559
  closest atom surface    0.949   S   URE X    1
  2nd closest surface     0.950   C9  URE X    1
  found on step  999
  this is also current point
  no. of rejections          380
 stored as     4

 highest radius point found:
  at point   39.124  40.208  37.621
  closest atom surface    0.877   C31 URE X    1
  2nd closest surface     0.877   C9  URE X    1
  found on step  971
  this is also current point
  no. of rejections          410
 stored as     5

 highest radius point found:
  at point   39.124  40.408  37.682
  closest atom surface    0.821   C31 URE X    1
  2nd closest surface     0.822   C9  URE X    1
  found on step  787
 current point:
  at point   39.123  40.408  37.682
  closest atom surface    0.821   S   URE X    1
  2nd closest surface     0.821   C31 URE X    1
  found on step  962
  no. of rejections          384
 stored as     6

 highest radius point found:
  at point   39.127  40.608  37.744
  closest atom surface    0.778   C31 URE X    1
  2nd closest surface     0.780   S   URE X    1
  found on step  979
  this is also current point
  no. of rejections          359
 stored as     7

 highest radius point found:
  at point   39.130  40.808  37.803
  closest atom surface    0.753   S   URE X    1
  2nd closest surface     0.754   C31 URE X    1
  found on step  765
 current point:
  at point   39.129  40.808  37.804
  closest atom surface    0.752   S   URE X    1
  2nd closest surface     0.753   C31 URE X    1
  found on step  921
  no. of rejections          384
 stored as     8

 highest radius point found:
  at point   39.132  41.008  37.855
  closest atom surface    0.737   C9  URE X    1
  2nd closest surface     0.738   H28 URE X    1
  found on step  981
  this is also current point
  no. of rejections          367
 stored as     9

 highest radius point found:
  at point   39.129  41.208  37.917
  closest atom surface    0.737   S   URE X    1
  2nd closest surface     0.740   H28 URE X    1
  found on step  970
  this is also current point
  no. of rejections          370
 stored as    10

 highest radius point found:
  at point   39.121  41.408  38.010
  closest atom surface    0.758   H28 URE X    1
  2nd closest surface     0.758   S   URE X    1
  found on step    9
 current point:
  at point   39.124  41.408  37.999
  closest atom surface    0.757   C10 URE X    1
  2nd closest surface     0.757   S   URE X    1
  found on step  988
  no. of rejections          366
 stored as    11

 highest radius point found:
  at point   39.082  41.608  38.156
  closest atom surface    0.784   C31 URE X    1
  2nd closest surface     0.790   S   URE X    1
  found on step  134
 current point:
  at point   38.913  41.608  38.401
  closest atom surface    0.754   S   URE X    1
  2nd closest surface     0.755   C31 URE X    1
  found on step  994
  no. of rejections          371
 stored as    12

 highest radius point found:
  at point   39.053  41.808  38.271
  closest atom surface    0.832   C31 URE X    1
  2nd closest surface     0.839   S   URE X    1
  found on step   74
 current point:
  at point   38.851  41.808  38.567
  closest atom surface    0.815   C31 URE X    1
  2nd closest surface     0.815   S   URE X    1
  found on step  911
  no. of rejections          363
 stored as    13

 highest radius point found:
  at point   39.001  42.008  38.413
  closest atom surface    0.899   S   URE X    1
  2nd closest surface     0.900   C31 URE X    1
  found on step  745
 current point:
  at point   38.850  42.008  38.640
  closest atom surface    0.894   S   URE X    1
  2nd closest surface     0.895   C32 URE X    1
  found on step  895
  no. of rejections          388
 stored as    14

 highest radius point found:
  at point   38.867  42.208  38.688
  closest atom surface    0.986   C31 URE X    1
  2nd closest surface     0.986   S   URE X    1
  found on step  686
 current point:
  at point   38.889  42.208  38.655
  closest atom surface    0.985   C31 URE X    1
  2nd closest surface     0.985   S   URE X    1
  found on step  923
  no. of rejections          381
 stored as    15

 highest radius point found:
  at point   38.883  42.408  38.739
  closest atom surface    1.089   C31 URE X    1
  2nd closest surface     1.090   S   URE X    1
  found on step  778
 current point:
  at point   38.874  42.408  38.745
  closest atom surface    1.087   S   URE X    1
  2nd closest surface     1.091   C32 URE X    1
  found on step  996
  no. of rejections          376
 stored as    16

 highest radius point found:
  at point   38.895  42.608  38.794
  closest atom surface    1.202   C31 URE X    1
  2nd closest surface     1.203   S   URE X    1
  found on step  667
 current point:
  at point   38.897  42.608  38.790
  closest atom surface    1.202   S   URE X    1
  2nd closest surface     1.203   C31 URE X    1
  found on step  889
  no. of rejections          366
 stored as    17

 highest radius point found:
  at point   38.873  42.808  38.880
  closest atom surface    1.318   C32 URE X    1
  2nd closest surface     1.319   S   URE X    1
  found on step  930
  this is also current point
  no. of rejections          360
 stored as    18

 highest radius point found:
  at point   38.842  43.008  38.975
  closest atom surface    1.439   C32 URE X    1
  2nd closest surface     1.440   C10 URE X    1
  found on step  767
 current point:
  at point   38.825  43.008  38.986
  closest atom surface    1.437   C32 URE X    1
  2nd closest surface     1.438   S   URE X    1
  found on step  960
  no. of rejections          324
 stored as    19

 highest radius point found:
  at point   38.800  43.208  39.069
  closest atom surface    1.570   S   URE X    1
  2nd closest surface     1.572   C10 URE X    1
  found on step  965
  this is also current point
  no. of rejections          284
 stored as    20

 highest radius point found:
  at point   38.762  43.408  39.171
  closest atom surface    1.712   C32 URE X    1
  2nd closest surface     1.714   S   URE X    1
  found on step  950
  this is also current point
  no. of rejections          341
 stored as    21

 highest radius point found:
  at point   38.834  43.608  39.298
  closest atom surface    1.827   C32 URE X    1
  2nd closest surface     1.828   C10 URE X    1
  found on step  958
  this is also current point
  no. of rejections          339
 stored as    22

 highest radius point found:
  at point   38.932  43.808  39.437
  closest atom surface    1.946   C32 URE X    1
  2nd closest surface     1.948   C10 URE X    1
  found on step  981
  this is also current point
  no. of rejections          276
 stored as    23

 highest radius point found:
  at point   39.016  44.008  39.570
  closest atom surface    2.082   C32 URE X    1
  2nd closest surface     2.083   H3  URE X    1
  found on step  950
  this is also current point
  no. of rejections          291
 stored as    24

 highest radius point found:
  at point   38.571  44.208  40.920
  closest atom surface    2.236   C32 URE X    1
  2nd closest surface     2.236   S3  URE X    1
  found on step  945
  this is also current point
  no. of rejections          245
 stored as    25

 highest radius point found:
  at point   39.016  44.408  41.504
  closest atom surface    2.425   O4  URE X    1
  2nd closest surface     2.426   C32 URE X    1
  found on step  220
 current point:
  at point   38.657  44.408  40.955
  closest atom surface    2.412   C32 URE X    1
  2nd closest surface     2.419   O4  URE X    1
  found on step  994
  no. of rejections          269
 stored as    26

 highest radius point found:
  at point   42.215  44.608  48.017
  closest atom surface    5.128   O3  URE X    1
  2nd closest surface     5.240   C39 URE X    1
  found on step 1000
  this is also current point
  no. of rejections          172
 stored as    27

 highest radius point found:
  at point   45.035  44.808  56.952
  closest atom surface   11.832   O3  URE X    1
  2nd closest surface    11.836   C38 URE X    1
  found on step  999
  this is also current point
  no. of rejections          227
 stored as    28

 highest radius point found:
  at point   49.143  45.008  66.269
  closest atom surface   21.232   O3  URE X    1
  2nd closest surface    21.299   C38 URE X    1
  found on step 1000
  this is also current point
  no. of rejections          258
 stored as    29

 highest radius point found:
  at point   52.083  45.208  75.713
  closest atom surface   30.791   H32 URE X    1
  2nd closest surface    30.815   C38 URE X    1
  found on step  998
  this is also current point
  no. of rejections          244
 This is an end! (radius above  22.0 angs)
 highest radius point found:
  at point   38.860  39.008  37.630
  closest atom surface    1.349   S   URE X    1
  2nd closest surface     1.349   C31 URE X    1
  found on step  999
  this is also current point
  no. of rejections          361
 stored as    -1

 highest radius point found:
  at point   38.744  38.808  37.744
  closest atom surface    1.436   C31 URE X    1
  2nd closest surface     1.437   H9  URE X    1
  found on step  946
  this is also current point
  no. of rejections          357
 stored as    -2

 highest radius point found:
  at point   38.611  38.608  37.846
  closest atom surface    1.531   H9  URE X    1
  2nd closest surface     1.531   C32 URE X    1
  found on step  212
 current point:
  at point   38.625  38.608  37.842
  closest atom surface    1.531   H9  URE X    1
  2nd closest surface     1.531   C32 URE X    1
  found on step  966
  no. of rejections          381
 stored as    -3

 highest radius point found:
  at point   38.445  38.408  37.928
  closest atom surface    1.620   S   URE X    1
  2nd closest surface     1.621   C32 URE X    1
  found on step  985
  this is also current point
  no. of rejections          361
 stored as    -4

 highest radius point found:
  at point   38.267  38.208  38.010
  closest atom surface    1.721   S   URE X    1
  2nd closest surface     1.732   C32 URE X    1
  found on step   66
 current point:
  at point   38.527  38.208  37.927
  closest atom surface    1.706   H9  URE X    1
  2nd closest surface     1.707   C32 URE X    1
  found on step  951
  no. of rejections          369
 stored as    -5

 highest radius point found:
  at point   38.134  38.008  38.072
  closest atom surface    1.851   S   URE X    1
  2nd closest surface     1.857   H9  URE X    1
  found on step  541
 current point:
  at point   38.711  38.008  37.892
  closest atom surface    1.802   H9  URE X    1
  2nd closest surface     1.802   C32 URE X    1
  found on step  999
  no. of rejections          347
 stored as    -6

 highest radius point found:
  at point   38.013  37.808  38.131
  closest atom surface    1.991   H9  URE X    1
  2nd closest surface     1.992   C32 URE X    1
  found on step  990
  this is also current point
  no. of rejections          358
 stored as    -7

 highest radius point found:
  at point   38.038  37.608  38.145
  closest atom surface    2.103   H9  URE X    1
  2nd closest surface     2.104   C32 URE X    1
  found on step  765
 current point:
  at point   38.361  37.608  38.046
  closest atom surface    2.049   H9  URE X    1
  2nd closest surface     2.053   C32 URE X    1
  found on step  998
  no. of rejections          355
 stored as    -8

 highest radius point found:
  at point   38.045  37.408  38.164
  closest atom surface    2.226   H9  URE X    1
  2nd closest surface     2.226   H36 URE X    1
  found on step  987
  this is also current point
  no. of rejections          347
 stored as    -9

 highest radius point found:
  at point   38.107  37.208  38.167
  closest atom surface    2.346   C32 URE X    1
  2nd closest surface     2.347   H9  URE X    1
  found on step  962
  this is also current point
  no. of rejections          332
 stored as   -10

 highest radius point found:
  at point   38.288  37.008  38.122
  closest atom surface    2.450   H9  URE X    1
  2nd closest surface     2.461   C32 URE X    1
  found on step  103
 current point:
  at point   38.353  37.008  38.111
  closest atom surface    2.448   C32 URE X    1
  2nd closest surface     2.450   H9  URE X    1
  found on step  953
  no. of rejections          327
 stored as   -11

 highest radius point found:
  at point   38.419  36.808  38.106
  closest atom surface    2.586   H9  URE X    1
  2nd closest surface     2.586   C32 URE X    1
  found on step  934
  this is also current point
  no. of rejections          358
 stored as   -12

 highest radius point found:
  at point   38.543  36.608  38.113
  closest atom surface    2.709   C32 URE X    1
  2nd closest surface     2.711   C20 URE X    1
  found on step  994
  this is also current point
  no. of rejections          360
 stored as   -13

 highest radius point found:
  at point   38.689  36.408  38.204
  closest atom surface    2.793   O5  URE X    1
  2nd closest surface     2.793   C32 URE X    1
  found on step  991
  this is also current point
  no. of rejections          349
 stored as   -14

 highest radius point found:
  at point   38.847  36.208  38.294
  closest atom surface    2.888   C20 URE X    1
  2nd closest surface     2.888   C32 URE X    1
  found on step  942
  this is also current point
  no. of rejections          363
 stored as   -15

 highest radius point found:
  at point   38.989  36.008  38.416
  closest atom surface    2.983   C15 URE X    1
  2nd closest surface     2.984   O5  URE X    1
  found on step  989
  this is also current point
  no. of rejections          322
 stored as   -16

 highest radius point found:
  at point   39.128  35.808  38.550
  closest atom surface    3.077   O5  URE X    1
  2nd closest surface     3.078   H18 URE X    1
  found on step  981
  this is also current point
  no. of rejections          360
 stored as   -17

 highest radius point found:
  at point   39.114  35.608  38.504
  closest atom surface    3.133   O10 URE X    1
  2nd closest surface     3.135   O5  URE X    1
  found on step  951
  this is also current point
  no. of rejections          354
 stored as   -18

 highest radius point found:
  at point   39.056  35.408  38.420
  closest atom surface    3.185   C16 URE X    1
  2nd closest surface     3.185   O5  URE X    1
  found on step  990
  this is also current point
  no. of rejections          379
 stored as   -19

 highest radius point found:
  at point   39.003  35.208  38.373
  closest atom surface    3.229   C16 URE X    1
  2nd closest surface     3.229   O5  URE X    1
  found on step  871
 current point:
  at point   39.003  35.208  38.374
  closest atom surface    3.229   O5  URE X    1
  2nd closest surface     3.230   C16 URE X    1
  found on step  996
  no. of rejections          362
 stored as   -20

 highest radius point found:
  at point   38.961  35.008  38.341
  closest atom surface    3.285   O5  URE X    1
  2nd closest surface     3.285   C16 URE X    1
  found on step  953
  this is also current point
  no. of rejections          348
 stored as   -21

 highest radius point found:
  at point   38.918  34.808  38.304
  closest atom surface    3.346   C16 URE X    1
  2nd closest surface     3.347   O10 URE X    1
  found on step  607
 current point:
  at point   38.910  34.808  38.296
  closest atom surface    3.346   C16 URE X    1
  2nd closest surface     3.347   O5  URE X    1
  found on step  958
  no. of rejections          364
 stored as   -22

 highest radius point found:
  at point   38.871  34.608  38.272
  closest atom surface    3.415   O5  URE X    1
  2nd closest surface     3.416   O10 URE X    1
  found on step  764
 current point:
  at point   38.865  34.608  38.266
  closest atom surface    3.414   C17 URE X    1
  2nd closest surface     3.414   O5  URE X    1
  found on step  963
  no. of rejections          387
 stored as   -23

 highest radius point found:
  at point   38.833  34.408  38.276
  closest atom surface    3.477   C17 URE X    1
  2nd closest surface     3.477   O10 URE X    1
  found on step  977
  this is also current point
  no. of rejections          360
 stored as   -24

 highest radius point found:
  at point   38.794  34.208  38.282
  closest atom surface    3.546   O10 URE X    1
  2nd closest surface     3.546   C17 URE X    1
  found on step  965
  this is also current point
  no. of rejections          368
 stored as   -25

 highest radius point found:
  at point   38.752  34.008  38.287
  closest atom surface    3.621   O5  URE X    1
  2nd closest surface     3.622   C17 URE X    1
  found on step  981
  this is also current point
  no. of rejections          376
 stored as   -26

 highest radius point found:
  at point   38.715  33.808  38.294
  closest atom surface    3.704   O5  URE X    1
  2nd closest surface     3.705   O10 URE X    1
  found on step  996
  this is also current point
  no. of rejections          411
 stored as   -27

 highest radius point found:
  at point   38.677  33.608  38.303
  closest atom surface    3.792   O5  URE X    1
  2nd closest surface     3.793   O10 URE X    1
  found on step  950
  this is also current point
  no. of rejections          368
 stored as   -28

 highest radius point found:
  at point   38.637  33.408  38.306
  closest atom surface    3.887   O5  URE X    1
  2nd closest surface     3.889   C17 URE X    1
  found on step 1000
  this is also current point
  no. of rejections          348
 stored as   -29

 highest radius point found:
  at point   38.594  33.208  38.307
  closest atom surface    3.987   C17 URE X    1
  2nd closest surface     3.988   O5  URE X    1
  found on step  942
  this is also current point
  no. of rejections          368
 stored as   -30

 highest radius point found:
  at point   38.558  33.008  38.318
  closest atom surface    4.093   O5  URE X    1
  2nd closest surface     4.095   C17 URE X    1
  found on step  982
  this is also current point
  no. of rejections          387
 stored as   -31

 highest radius point found:
  at point   38.523  32.808  38.328
  closest atom surface    4.204   O10 URE X    1
  2nd closest surface     4.206   O5  URE X    1
  found on step  991
  this is also current point
  no. of rejections          372
 stored as   -32

 highest radius point found:
  at point   38.482  32.608  38.330
  closest atom surface    4.320   C17 URE X    1
  2nd closest surface     4.322   O5  URE X    1
  found on step  401
 current point:
  at point   38.486  32.608  38.332
  closest atom surface    4.319   C17 URE X    1
  2nd closest surface     4.319   O10 URE X    1
  found on step  919
  no. of rejections          351
 stored as   -33

 highest radius point found:
  at point   38.440  32.408  38.335
  closest atom surface    4.441   C17 URE X    1
  2nd closest surface     4.441   O5  URE X    1
  found on step  960
  this is also current point
  no. of rejections          337
 stored as   -34

 highest radius point found:
  at point   38.401  32.208  38.343
  closest atom surface    4.566   O5  URE X    1
  2nd closest surface     4.566   C17 URE X    1
  found on step  962
  this is also current point
  no. of rejections          329
 stored as   -35

 highest radius point found:
  at point   38.371  32.008  38.372
  closest atom surface    4.691   O5  URE X    1
  2nd closest surface     4.691   O10 URE X    1
  found on step  681
 current point:
  at point   38.090  32.008  38.094
  closest atom surface    4.663   O5  URE X    1
  2nd closest surface     4.665   C17 URE X    1
  found on step  994
  no. of rejections          327
 stored as   -36

 highest radius point found:
  at point   38.328  31.808  38.361
  closest atom surface    4.828   O5  URE X    1
  2nd closest surface     4.828   C17 URE X    1
  found on step  979
  this is also current point
  no. of rejections          338
 stored as   -37

 highest radius point found:
  at point   38.283  31.608  38.363
  closest atom surface    4.963   C17 URE X    1
  2nd closest surface     4.963   O5  URE X    1
  found on step   36
 current point:
  at point   38.295  31.608  38.385
  closest atom surface    4.959   O10 URE X    1
  2nd closest surface     4.961   O5  URE X    1
  found on step  975
  no. of rejections          324
 stored as   -38

 highest radius point found:
  at point   36.645  31.408  37.132
  closest atom surface    5.100   C18 URE X    1
  2nd closest surface     5.103   O5  URE X    1
  found on step  990
  this is also current point
  no. of rejections          317
 stored as   -39

 highest radius point found:
  at point   31.156  31.208  35.570
  closest atom surface    6.929   O12 URE X    1
  2nd closest surface     7.000   O5  URE X    1
  found on step  998
  this is also current point
  no. of rejections          243
 stored as   -40

 highest radius point found:
  at point   21.678  31.008  34.167
  closest atom surface   13.887   O6  URE X    1
  2nd closest surface    13.939   O12 URE X    1
  found on step 1000
  this is also current point
  no. of rejections          230
 stored as   -41

 highest radius point found:
  at point   11.846  30.808  31.727
  closest atom surface   23.147   O6  URE X    1
  2nd closest surface    23.158   O12 URE X    1
  found on step 1000
  this is also current point
  no. of rejections          252
 This is an end! (radius above  22.0 angs)
 
 N.b. Graph information routine (HOGRAP) differs 
        markedly from previous versions!
       Information now is written from -ve end
       to +ve in one pass
 
 Explanation of the meaning of each column: 
 First column "cenxyz.cvec" is the coordinate in the
   direction of the channel vector i.e. if the channel
   vector is in z (0 0 1) then it is the z coordinate.
 The second column "radius" is the hole pore radius 
   (as defined in the Biophys J 1993) article).
 The third column "cen_line_D" is the distance 
   measured along the pore centre line - with the 
   first point found set to zero. This was the first
   thing that I used to measure the distance along a pore
   but "cenxyz.cvec" is a much better general measure. 
   However, by comparing changes in this distance to changes in '   "cenxyz.cvec" one can get a measure of how straight a 
   channel is.
 The fourth column "sum{s/(area)}" is useful in conductance
   prediction -
   basically it is the sum of the thickness of each slab
   divided by its area. HOLE uses this measure to estimate
   the macroscopic conductance of a channel.
 If any of this worries you one can see the "raw" results
   of a standard hole run by producing a sphpdb file and 
    directly looking at the results.
 cenxyz.cvec      radius  cen_line_D sum{s/(area point sourc
    31.00829    13.88673   -25.91937     0.00017   (sampled)
    31.10829     9.98397   -21.12729     0.00048 (mid-point)
    31.20829     6.92874   -16.33520     0.00115   (sampled)
    31.30829     5.56536   -13.48030     0.00218 (mid-point)
    31.40829     5.10007   -10.62539     0.00340   (sampled)
    31.50829     4.95355    -9.59591     0.00470 (mid-point)
    31.60829     4.96266    -8.56642     0.00599   (sampled)
    31.70829     4.89477    -8.46402     0.00732 (mid-point)
    31.80829     4.82759    -8.36161     0.00868   (sampled)
    31.90829     4.75860    -8.25916     0.01009 (mid-point)
    32.00829     4.69051    -8.15670     0.01154   (sampled)
    32.10829     4.62759    -8.05452     0.01302 (mid-point)
    32.20829     4.56571    -7.95234     0.01455   (sampled)
    32.30829     4.50261    -7.85044     0.01612 (mid-point)
    32.40829     4.44053    -7.74855     0.01773   (sampled)
    32.50829     4.37949    -7.64628     0.01939 (mid-point)
    32.60829     4.31953    -7.54401     0.02110   (sampled)
    32.70829     4.26213    -7.44190     0.02285 (mid-point)
    32.80829     4.20427    -7.33979     0.02465   (sampled)
    32.90829     4.14876    -7.23822     0.02650 (mid-point)
    33.00829     4.09312    -7.13664     0.02840   (sampled)
    33.10829     4.03973    -7.03485     0.03035 (mid-point)
    33.20829     3.98722    -6.93305     0.03235   (sampled)
    33.30829     3.93680    -6.83082     0.03441 (mid-point)
    33.40829     3.88733    -6.72859     0.03651   (sampled)
    33.50829     3.83902    -6.62655     0.03867 (mid-point)
    33.60829     3.79220    -6.52452     0.04089   (sampled)
    33.70829     3.74730    -6.42264     0.04315 (mid-point)
    33.80829     3.70396    -6.32077     0.04547   (sampled)
    33.90829     3.66178    -6.21898     0.04785 (mid-point)
    34.00829     3.62122    -6.11720     0.05028   (sampled)
    34.10829     3.58306    -6.01505     0.05276 (mid-point)
    34.20829     3.54589    -5.91289     0.05529   (sampled)
    34.30829     3.51051    -5.81099     0.05787 (mid-point)
    34.40829     3.47664    -5.70909     0.06050   (sampled)
    34.50829     3.44550    -5.60728     0.06318 (mid-point)
    34.60829     3.41492    -5.50547     0.06591   (sampled)
    34.70829     3.38042    -5.40143     0.06870 (mid-point)
    34.80829     3.34641    -5.29740     0.07154   (sampled)
    34.90829     3.31491    -5.19353     0.07444 (mid-point)
    35.00829     3.28450    -5.08965     0.07739   (sampled)
    35.10829     3.25598    -4.98628     0.08039 (mid-point)
    35.20829     3.22942    -4.88290     0.08344   (sampled)
    35.30829     3.20600    -4.77674     0.08654 (mid-point)
    35.40829     3.18470    -4.67059     0.08968   (sampled)
    35.50829     3.15885    -4.55827     0.09287 (mid-point)
    35.60829     3.13293    -4.44596     0.09611   (sampled)
    35.70829     3.10484    -4.34313     0.09941 (mid-point)
    35.80829     3.07669    -4.24031     0.10278   (sampled)
    35.90829     3.02832    -4.10129     0.10625 (mid-point)
    36.00829     2.98289    -3.96226     0.10983   (sampled)
    36.10829     2.93417    -3.82528     0.11352 (mid-point)
    36.20829     2.88761    -3.68830     0.11734   (sampled)
    36.30829     2.83878    -3.55313     0.12129 (mid-point)
    36.40829     2.79278    -3.41797     0.12537   (sampled)
    36.50829     2.74940    -3.28611     0.12958 (mid-point)
    36.60829     2.70928    -3.15426     0.13392   (sampled)
    36.70829     2.64647    -3.03654     0.13846 (mid-point)
    36.80829     2.58569    -2.91883     0.14322   (sampled)
    36.90829     2.51652    -2.79905     0.14825 (mid-point)
    37.00829     2.45011    -2.67927     0.15355   (sampled)
    37.10829     2.39597    -2.54242     0.15910 (mid-point)
    37.20829     2.34619    -2.40557     0.16488   (sampled)
    37.30829     2.28515    -2.30099     0.17098 (mid-point)
    37.40829     2.22596    -2.19641     0.17740   (sampled)
    37.50829     2.16331    -2.09591     0.18420 (mid-point)
    37.60829     2.10265    -1.99541     0.19140   (sampled)
    37.70829     2.04578    -1.89440     0.19901 (mid-point)
    37.80829     1.99124    -1.79338     0.20703   (sampled)
    37.90829     1.92226    -1.67293     0.21565 (mid-point)
    38.00829     1.85139    -1.55248     0.22494   (sampled)
    38.10829     1.78462    -1.42849     0.23493 (mid-point)
    38.20829     1.72078    -1.30449     0.24568   (sampled)
    38.30829     1.66830    -1.16442     0.25712 (mid-point)
    38.40829     1.62047    -1.02434     0.26924   (sampled)
    38.50829     1.57288    -0.88807     0.28211 (mid-point)
    38.60829     1.53096    -0.75180     0.29569   (sampled)
    38.70829     1.48100    -0.62135     0.31020 (mid-point)
    38.80829     1.43615    -0.49090     0.32563   (sampled)
    38.90829     1.39020    -0.36196     0.34210 (mid-point)
    39.00829     1.34877    -0.23302     0.35960   (sampled)
    39.10829     1.30526    -0.11651     0.37828 (mid-point)
    39.20829     1.26548    -0.00000     0.39816   (sampled)
    39.30829     1.21674     0.10236     0.41966 (mid-point)
    39.40829     1.17052     0.20472     0.44289   (sampled)
    39.50829     1.12725     0.30725     0.46794 (mid-point)
    39.60829     1.08578     0.40978     0.49494   (sampled)
    39.70829     1.04900     0.51217     0.52387 (mid-point)
    39.80829     1.01541     0.61455     0.55474   (sampled)
    39.90829     0.98050     0.71605     0.58785 (mid-point)
    40.00829     0.94852     0.81755     0.62323   (sampled)
    40.10829     0.91191     0.92219     0.66151 (mid-point)
    40.20829     0.87674     1.02684     0.70292   (sampled)
    40.30829     0.84712     1.13139     0.74727 (mid-point)
    40.40829     0.82127     1.23595     0.79447   (sampled)
    40.50829     0.79782     1.34073     0.84448 (mid-point)
    40.60829     0.77835     1.44551     0.89702   (sampled)
    40.70829     0.76398     1.54976     0.95155 (mid-point)
    40.80829     0.75280     1.65401     1.00772   (sampled)
    40.90829     0.74329     1.75731     1.06534 (mid-point)
    41.00829     0.73741     1.86061     1.12387   (sampled)
    41.10829     0.73514     1.96536     1.18277 (mid-point)
    41.20829     0.73664     2.07010     1.24143   (sampled)
    41.30829     0.74524     2.18040     1.29875 (mid-point)
    41.40829     0.75792     2.29070     1.35416   (sampled)
    41.50829     0.77157     2.41615     1.40763 (mid-point)
    41.60829     0.78435     2.54161     1.45937   (sampled)
    41.70829     0.80597     2.65771     1.50837 (mid-point)
    41.80829     0.83245     2.77381     1.55430   (sampled)
    41.90829     0.86332     2.89946     1.59701 (mid-point)
    42.00829     0.89929     3.02511     1.63637   (sampled)
    42.10829     0.93715     3.20762     1.67261 (mid-point)
    42.20829     0.98599     3.39013     1.70536   (sampled)
    42.30829     1.03584     3.49366     1.73502 (mid-point)
    42.40829     1.08850     3.59720     1.76189   (sampled)
    42.50829     1.14417     3.70112     1.78620 (mid-point)
    42.60829     1.20237     3.80505     1.80822   (sampled)
    42.70829     1.25959     3.91448     1.82828 (mid-point)
    42.80829     1.31766     4.02391     1.84662   (sampled)
    42.90829     1.37702     4.13554     1.86340 (mid-point)
    43.00829     1.43909     4.24716     1.87877   (sampled)
    43.10829     1.50445     4.35966     1.89284 (mid-point)
    43.20829     1.56994     4.47216     1.90575   (sampled)
    43.30829     1.64082     4.58604     1.91757 (mid-point)
    43.40829     1.71234     4.69992     1.92843   (sampled)
    43.50829     1.76803     4.82361     1.93861 (mid-point)
    43.60829     1.82704     4.94731     1.94815   (sampled)
    43.70829     1.88456     5.07864     1.95711 (mid-point)
    43.80829     1.94576     5.20998     1.96552   (sampled)
    43.90829     2.01249     5.33720     1.97338 (mid-point)
    44.00829     2.08220     5.46443     1.98072   (sampled)
    44.10829     2.09513     6.18214     1.98797 (mid-point)
    44.20829     2.23609     6.89986     1.99434   (sampled)
    44.30829     2.31342     7.28074     2.00029 (mid-point)
    44.40829     2.42466     7.66163     2.00570   (sampled)
    44.50829     3.67644    11.29062     2.00805 (mid-point)
    44.60829     5.12770    14.91960     2.00927   (sampled)
    44.70829     7.93606    19.60583     2.00977 (mid-point)
    44.80829    11.83219    24.29206     2.01000   (sampled)
    44.90829    16.42632    29.38419     2.01012 (mid-point)
    45.00829    21.23224    34.47632     2.01019   (sampled)

 Minimum radius found:      0.735 angstroms.



 For spherical probe approach, The geometric factor
         F= sum(ds/area) along channel is    2.010 angstroms**-1
 This yields a macroscopic predicted molar conductance of:
   (1/rho)*(100/F)= (50/rho) pS,
   where rho is the conductivity of 1M permeant ion in ohm m.
 N.B. this is a macroscopic conductance - an overestimate 
 Empirically corrected conductances currently only available
 With the CAPSULE option (although its not that stable!)
 For 1M KCl rho= 1/12 (ohm m), So Gmacro= 600 pS/M.
  (TAG      1   Rmin=     0.73514   Gmacro=   596.95952 Conn_Gmacro=    -1.00000 ).
 HOLE: normal completion
