 *** Program HOLE ***
 
 If results of this run are reported or published, please
 cite the publication listed below.
 For the HOLE program:
   Smart, O.S., Goodfellow, J.M., Wallace, B.A. (1993). 
   The pore dimensions of gramicidin A. 
   Biophys. J., 65, 2455-2460.
 
 Originally written by Oliver Smart at Birkbeck College from April 1992.
 Copyright 1993-2005 Oliver Smart
 Copyright 2014-2015 SmartSci Limited.
 Copyright 2016 Oliver Smart.
 
 For help on HOLE suite see  http://www.holeprogram.org/
 
 HOLE release 2.2.005 (07 August 2016) 
 
 usage subject to Apache License, Version 2.0 
 see http://www.apache.org/licenses/LICENSE-2.0 

 Control variables read:

! Input file for Oliver Smart's HOLE program
! written by MDAnalysis.analysis.hole2.HoleAnalysis
! for a Universe
! u = mda.Universe(/afs/crc.nd.edu/user/m/mfarshad/Private/ML-new/traj/host-asb1
!    /afs/crc.nd.edu/user/m/mfarshad/Private/ML-new/traj/host-asb13/host_asb13.t
!   )
! Frame 80

COORD  /tmp/2550253.1.long/tmp_vbe411h.pdb
RADIUS simple2.rad
SPHPDB hole080.sph
SAMPLE 0.200000
ENDRAD 22.000000
IGNORE SOL WAT TIP HOH K   NA  CL
SHORTO 0
RASEED 31415
CPOINT 39.7711919661 39.9553157437 40.9079406492


 WARNING have not found a CVECT record - will try to guess
 Input pdb filename read as:    '/tmp/2550253.1.long/tmp_vbe411h.pdb'
 Input vdW radius file read as: 'simple2.rad'
 point in channel:   39.771  39.955  40.908
 channel vector:   ************************
 sampling distance between planes:    0.200

 graphics conditions:
 binary plot output file name: NONE
 Dot density:    10
 Draw dots?           T
 Draw close contacts? F
 Draw centre line?    T
 Produce spikes rather than dots? F
 Seed for random number generator:     31415 (0 means value set by program)
 Radius above which a result is regarded as an 'end':  22.000
 Pdb format file for sphere centres: hole080.sph

 Monte Carlo conditions:
  no of steps:  1000
  maximum displacement   0.100 angs
  'kT' initial   0.100 angs
 The spherebox and capsule options are turned off.
 (No molqpt card so will not write qpt file of the molecule)
 IGNORE card read so will ignore residue types: SOL WAT TIP HOH K   NA  CL
 no SHORTO card read so will produce full textual output
 As no PEGRAT card was found will not produce PEG polymer exclusion graph
 (No 2DMAPS card specified so will not produce 2D property maps)
 Have not found a CUT card.  Normal calculation using
   Cutoff lists with a cutsize=       1.000
   (if you wish to turn off option use a CUT -1 card)

 Have read     7 bond radius records and
              16 vdW radius records.
 From file: simple2.rad

 Have read   124 atom records.
 From file: /tmp/2550253.1.long/tmp_vbe411h.pdb
 Will not produce graphical output

 Have opened file for pdb format output of sphere centres:  hole080.sph

  Seed integer used by ran # generator on this run      31415

 
 S/R cguess will try to guess CPOINT and/or CVECT
 
 THESE GUESSES MAY WELL BE WRONG!!!!
 Routine relies on having a reasonably symmetric
 channel oriented along x, y or z vector
 YOU ARE STRONGLY ADVISED TO CHECK THE RESULTS
                       WITH MOLECULAR GRAPHICS
 testing points from cpoint in X, Y then Z direction
   point                   pore radius
direction     1
  34.771  39.955  40.908    -0.682
  35.771  39.955  40.908    -0.002
  36.771  39.955  40.908     0.209
  37.771  39.955  40.908     0.750
  38.771  39.955  40.908     1.496
  39.771  39.955  40.908     1.662
  40.771  39.955  40.908     1.484
  41.771  39.955  40.908     1.662
  42.771  39.955  40.908     1.466
  43.771  39.955  40.908     1.024
  44.771  39.955  40.908     0.535
 Average pore radius along the line=      0.873
direction     2
  39.771  34.955  40.908     1.352
  39.771  35.955  40.908     0.733
  39.771  36.955  40.908     0.405
  39.771  37.955  40.908     0.496
  39.771  38.955  40.908     0.964
  39.771  39.955  40.908     1.662
  39.771  40.955  40.908     1.974
  39.771  41.955  40.908     1.881
  39.771  42.955  40.908     1.056
  39.771  43.955  40.908     0.380
  39.771  44.955  40.908     0.020
 Average pore radius along the line=      0.993
direction     3
  39.771  39.955  35.908     0.035
  39.771  39.955  36.908    -0.243
  39.771  39.955  37.908    -0.201
  39.771  39.955  38.908     0.218
  39.771  39.955  39.908     0.949
  39.771  39.955  40.908     1.662
  39.771  39.955  41.908     1.084
  39.771  39.955  42.908     0.891
  39.771  39.955  43.908     0.726
  39.771  39.955  44.908     0.779
  39.771  39.955  45.908     0.851
 Average pore radius along the line=      0.614
 Best direction is found to be     2
(1=X,2=Y,3=Z)
 s/r cguess has produced initial values for cpoint &/or cvect:
CPOINT      39.7712     39.9553     40.9079
CVECT        0.0000      1.0000      0.0000
 THESE GUESSES MAY WELL BE WRONG!!!!
 Routine relies on having a reasonably symmetric
 channel oriented along x, y or z vector
 YOU ARE STRONGLY ADVISED TO CHECK THE RESULTS
                       WITH MOLECULAR GRAPHICS
 
 
  Some routines (e.g. conn) need vectors normal to cvect: 
     EAST Zero degrees angle is along vector    1.000   0.000   0.000
     NORTH  90 degrees angle is along vector    0.000   0.000   1.000
 highest radius point found:
  at point   41.904  39.955  39.756
  closest atom surface    2.454   C3  ASB X    1
  2nd closest surface     2.455   C46 ASB X    1
  found on step  998
  this is also current point
  no. of rejections          382
 stored as     0

 highest radius point found:
  at point   41.765  40.155  39.908
  closest atom surface    2.432   C46 ASB X    1
  2nd closest surface     2.433   C3  ASB X    1
  found on step  986
  this is also current point
  no. of rejections          311
 stored as     1

 highest radius point found:
  at point   41.595  40.355  40.093
  closest atom surface    2.423   C41 ASB X    1
  2nd closest surface     2.424   C51 ASB X    1
  found on step  190
 current point:
  at point   41.596  40.355  40.091
  closest atom surface    2.423   C41 ASB X    1
  2nd closest surface     2.424   C46 ASB X    1
  found on step  913
  no. of rejections          368
 stored as     2

 highest radius point found:
  at point   41.247  40.555  40.340
  closest atom surface    2.344   C41 ASB X    1
  2nd closest surface     2.345   H56 ASB X    1
  found on step  903
  this is also current point
  no. of rejections          330
 stored as     3

 highest radius point found:
  at point   40.918  40.755  40.548
  closest atom surface    2.304   H56 ASB X    1
  2nd closest surface     2.305   C46 ASB X    1
  found on step  973
  this is also current point
  no. of rejections          324
 stored as     4

 highest radius point found:
  at point   40.596  40.955  40.764
  closest atom surface    2.312   C41 ASB X    1
  2nd closest surface     2.315   H56 ASB X    1
  found on step  699
 current point:
  at point   40.577  40.955  40.772
  closest atom surface    2.311   H56 ASB X    1
  2nd closest surface     2.313   C46 ASB X    1
  found on step  946
  no. of rejections          325
 stored as     5

 highest radius point found:
  at point   40.266  41.155  41.008
  closest atom surface    2.369   H48 ASB X    1
  2nd closest surface     2.370   H56 ASB X    1
  found on step  940
  this is also current point
  no. of rejections          331
 stored as     6

 highest radius point found:
  at point   39.573  41.355  41.495
  closest atom surface    2.484   O3  ASB X    1
  2nd closest surface     2.485   H48 ASB X    1
  found on step  658
 current point:
  at point   39.599  41.355  41.482
  closest atom surface    2.483   H56 ASB X    1
  2nd closest surface     2.483   H48 ASB X    1
  found on step  991
  no. of rejections          270
 stored as     7

 highest radius point found:
  at point   39.344  41.555  41.964
  closest atom surface    2.606   H56 ASB X    1
  2nd closest surface     2.607   O3  ASB X    1
  found on step  945
  this is also current point
  no. of rejections          321
 stored as     8

 highest radius point found:
  at point   39.285  41.755  42.307
  closest atom surface    2.591   C24 ASB X    1
  2nd closest surface     2.592   O2  ASB X    1
  found on step  978
  this is also current point
  no. of rejections          336
 stored as     9

 highest radius point found:
  at point   39.335  41.955  42.754
  closest atom surface    2.597   O2  ASB X    1
  2nd closest surface     2.597   C42 ASB X    1
  found on step  959
  this is also current point
  no. of rejections          368
 stored as    10

 highest radius point found:
  at point   39.329  42.155  43.051
  closest atom surface    2.604   H58 ASB X    1
  2nd closest surface     2.604   C42 ASB X    1
  found on step  686
 current point:
  at point   39.330  42.155  43.045
  closest atom surface    2.600   C42 ASB X    1
  2nd closest surface     2.606   H58 ASB X    1
  found on step  996
  no. of rejections          360
 stored as    11

 highest radius point found:
  at point   39.281  42.355  43.541
  closest atom surface    2.610   H58 ASB X    1
  2nd closest surface     2.612   H24 ASB X    1
  found on step  227
 current point:
  at point   39.277  42.355  43.549
  closest atom surface    2.609   H24 ASB X    1
  2nd closest surface     2.611   H58 ASB X    1
  found on step  957
  no. of rejections          420
 stored as    12

 highest radius point found:
  at point   39.204  42.555  44.060
  closest atom surface    2.674   H40 ASB X    1
  2nd closest surface     2.675   H24 ASB X    1
  found on step  983
  this is also current point
  no. of rejections          379
 stored as    13

 highest radius point found:
  at point   39.032  42.755  44.916
  closest atom surface    2.862   C22 ASB X    1
  2nd closest surface     2.862   C52 ASB X    1
  found on step  953
  this is also current point
  no. of rejections          357
 stored as    14

 highest radius point found:
  at point   39.045  42.955  45.003
  closest atom surface    2.991   C22 ASB X    1
  2nd closest surface     2.993   H24 ASB X    1
  found on step  741
 current point:
  at point   39.050  42.955  45.126
  closest atom surface    2.986   C52 ASB X    1
  2nd closest surface     2.986   C22 ASB X    1
  found on step 1000
  no. of rejections          380
 stored as    15

 highest radius point found:
  at point   39.136  43.155  47.890
  closest atom surface    3.757   C52 ASB X    1
  2nd closest surface     3.761   C22 ASB X    1
  found on step  995
  this is also current point
  no. of rejections          302
 stored as    16

 highest radius point found:
  at point   38.763  43.355  59.854
  closest atom surface   13.417   C22 ASB X    1
  2nd closest surface    13.706   H21 ASB X    1
  found on step  999
  this is also current point
  no. of rejections          250
 stored as    17

 highest radius point found:
  at point   39.435  43.555  72.112
  closest atom surface   25.432   C22 ASB X    1
  2nd closest surface    25.517   C52 ASB X    1
  found on step  998
  this is also current point
  no. of rejections          267
 This is an end! (radius above  22.0 angs)
 highest radius point found:
  at point   42.046  39.755  39.598
  closest atom surface    2.494   C51 ASB X    1
  2nd closest surface     2.494   C3  ASB X    1
  found on step  816
 current point:
  at point   42.045  39.755  39.594
  closest atom surface    2.493   C46 ASB X    1
  2nd closest surface     2.495   C3  ASB X    1
  found on step  970
  no. of rejections          345
 stored as    -1

 highest radius point found:
  at point   42.189  39.555  39.430
  closest atom surface    2.553   C3  ASB X    1
  2nd closest surface     2.553   C46 ASB X    1
  found on step  957
  this is also current point
  no. of rejections          338
 stored as    -2

 highest radius point found:
  at point   42.332  39.355  39.268
  closest atom surface    2.630   C46 ASB X    1
  2nd closest surface     2.630   C3  ASB X    1
  found on step  980
  this is also current point
  no. of rejections          346
 stored as    -3

 highest radius point found:
  at point   42.468  39.155  39.110
  closest atom surface    2.719   C4  ASB X    1
  2nd closest surface     2.721   C46 ASB X    1
  found on step  919
  this is also current point
  no. of rejections          374
 stored as    -4

 highest radius point found:
  at point   42.549  38.955  38.981
  closest atom surface    2.784   C46 ASB X    1
  2nd closest surface     2.784   C4  ASB X    1
  found on step  956
  this is also current point
  no. of rejections          362
 stored as    -5

 highest radius point found:
  at point   42.783  38.755  38.199
  closest atom surface    2.882   C4  ASB X    1
  2nd closest surface     2.882   C46 ASB X    1
  found on step  997
  this is also current point
  no. of rejections          371
 stored as    -6

 highest radius point found:
  at point   42.852  38.555  38.124
  closest atom surface    2.982   C46 ASB X    1
  2nd closest surface     2.985   C4  ASB X    1
  found on step  140
 current point:
  at point   42.834  38.555  37.173
  closest atom surface    2.862   H46 ASB X    1
  2nd closest surface     2.862   H3  ASB X    1
  found on step  964
  no. of rejections          293
 stored as    -7

 highest radius point found:
  at point   42.951  38.355  37.922
  closest atom surface    3.111   C46 ASB X    1
  2nd closest surface     3.114   C4  ASB X    1
  found on step  997
  this is also current point
  no. of rejections          343
 stored as    -8

 highest radius point found:
  at point   43.049  38.155  37.774
  closest atom surface    3.240   C4  ASB X    1
  2nd closest surface     3.244   H3  ASB X    1
  found on step  727
 current point:
  at point   43.035  38.155  37.805
  closest atom surface    3.238   C4  ASB X    1
  2nd closest surface     3.238   H46 ASB X    1
  found on step  933
  no. of rejections          336
 stored as    -9

 highest radius point found:
  at point   43.145  37.955  37.615
  closest atom surface    3.381   C4  ASB X    1
  2nd closest surface     3.383   H5  ASB X    1
  found on step  972
  this is also current point
  no. of rejections          306
 stored as   -10

 highest radius point found:
  at point   43.240  37.755  37.357
  closest atom surface    3.526   H46 ASB X    1
  2nd closest surface     3.528   H3  ASB X    1
  found on step  211
 current point:
  at point   43.234  37.755  36.941
  closest atom surface    3.514   H3  ASB X    1
  2nd closest surface     3.514   H46 ASB X    1
  found on step  945
  no. of rejections          295
 stored as   -11

 highest radius point found:
  at point   47.285  37.555  32.869
  closest atom surface    5.645   C1  ASB X    1
  2nd closest surface     5.911   H3  ASB X    1
  found on step 1000
  this is also current point
  no. of rejections          184
 stored as   -12

 highest radius point found:
  at point   53.241  37.355  24.287
  closest atom surface   14.623   H32 ASB X    1
  2nd closest surface    14.692   C1  ASB X    1
  found on step  998
  this is also current point
  no. of rejections          242
 stored as   -13

 highest radius point found:
  at point   58.439  37.155  16.491
  closest atom surface   23.528   H32 ASB X    1
  2nd closest surface    23.738   C1  ASB X    1
  found on step  999
  this is also current point
  no. of rejections          257
 This is an end! (radius above  22.0 angs)
 
 N.b. Graph information routine (HOGRAP) differs 
        markedly from previous versions!
       Information now is written from -ve end
       to +ve in one pass
 
 Explanation of the meaning of each column: 
 First column "cenxyz.cvec" is the coordinate in the
   direction of the channel vector i.e. if the channel
   vector is in z (0 0 1) then it is the z coordinate.
 The second column "radius" is the hole pore radius 
   (as defined in the Biophys J 1993) article).
 The third column "cen_line_D" is the distance 
   measured along the pore centre line - with the 
   first point found set to zero. This was the first
   thing that I used to measure the distance along a pore
   but "cenxyz.cvec" is a much better general measure. 
   However, by comparing changes in this distance to changes in '   "cenxyz.cvec" one can get a measure of how straight a 
   channel is.
 The fourth column "sum{s/(area)}" is useful in conductance
   prediction -
   basically it is the sum of the thickness of each slab
   divided by its area. HOLE uses this measure to estimate
   the macroscopic conductance of a channel.
 If any of this worries you one can see the "raw" results
   of a standard hole run by producing a sphpdb file and 
    directly looking at the results.
 cenxyz.cvec      radius  cen_line_D sum{s/(area point sourc
    37.35532    14.62309   -20.16310     0.00015   (sampled)
    37.45532     9.88086   -14.93898     0.00047 (mid-point)
    37.55532     5.64524    -9.71486     0.00147   (sampled)
    37.65532     3.99196    -6.69241     0.00347 (mid-point)
    37.75532     3.52562    -3.66997     0.00603   (sampled)
    37.85532     3.45216    -3.50003     0.00870 (mid-point)
    37.95532     3.38119    -3.33009     0.01149   (sampled)
    38.05532     3.30911    -3.19358     0.01439 (mid-point)
    38.15532     3.23968    -3.05707     0.01743   (sampled)
    38.25532     3.17534    -2.92356     0.02058 (mid-point)
    38.35532     3.11149    -2.79005     0.02387   (sampled)
    38.45532     3.04507    -2.63922     0.02730 (mid-point)
    38.55532     2.98244    -2.48839     0.03088   (sampled)
    38.65532     2.93137    -2.37622     0.03459 (mid-point)
    38.75532     2.88210    -2.26405     0.03842   (sampled)
    38.85532     2.81451    -1.84389     0.04244 (mid-point)
    38.95532     2.78386    -1.42373     0.04655   (sampled)
    39.05532     2.74996    -1.29792     0.05075 (mid-point)
    39.15532     2.71895    -1.17211     0.05506   (sampled)
    39.25532     2.67342    -1.02780     0.05951 (mid-point)
    39.35532     2.63019    -0.88350     0.06411   (sampled)
    39.45532     2.58922    -0.73643     0.06886 (mid-point)
    39.55532     2.55272    -0.58937     0.07375   (sampled)
    39.65532     2.52114    -0.44016     0.07876 (mid-point)
    39.75532     2.49365    -0.29096     0.08387   (sampled)
    39.85532     2.47203    -0.14548     0.08908 (mid-point)
    39.95532     2.45440    -0.00000     0.09437   (sampled)
    40.05532     2.44107     0.14384     0.09971 (mid-point)
    40.15532     2.43242     0.28767     0.10509   (sampled)
    40.25532     2.42535     0.44808     0.11050 (mid-point)
    40.35532     2.42337     0.60849     0.11592   (sampled)
    40.45532     2.37726     0.84408     0.12155 (mid-point)
    40.55532     2.34389     1.07968     0.12735   (sampled)
    40.65532     2.31706     1.29860     0.13328 (mid-point)
    40.75532     2.30350     1.51752     0.13927   (sampled)
    40.85532     2.30206     1.73587     0.14528 (mid-point)
    40.95532     2.31154     1.95422     0.15124   (sampled)
    41.05532     2.33459     2.18230     0.15708 (mid-point)
    41.15532     2.36926     2.41038     0.16275   (sampled)
    41.25532     2.39966     2.84564     0.16828 (mid-point)
    41.35532     2.48362     3.28090     0.17344   (sampled)
    41.45532     2.53601     3.56022     0.17839 (mid-point)
    41.55532     2.60578     3.83955     0.18307   (sampled)
    41.65532     2.59709     4.04013     0.18779 (mid-point)
    41.75532     2.59103     4.24071     0.19254   (sampled)
    41.85532     2.58719     4.48701     0.19729 (mid-point)
    41.95532     2.59668     4.73330     0.20201   (sampled)
    42.05532     2.59699     4.91238     0.20673 (mid-point)
    42.15532     2.60356     5.09147     0.21143   (sampled)
    42.25532     2.59723     5.35696     0.21615 (mid-point)
    42.35532     2.61046     5.62246     0.22082   (sampled)
    42.45532     2.63291     5.90332     0.22541 (mid-point)
    42.55532     2.67437     6.18418     0.22986   (sampled)
    42.65532     2.74558     6.63198     0.23408 (mid-point)
    42.75532     2.86204     7.07977     0.23797   (sampled)
    42.85532     2.92568     7.18905     0.24169 (mid-point)
    42.95532     2.99094     7.29832     0.24524   (sampled)
    43.05532     3.18377     8.74611     0.24838 (mid-point)
    43.15532     3.75704    10.19390     0.25064   (sampled)
    43.25532     7.97120    16.17945     0.25114 (mid-point)
    43.35532    13.41687    22.16499     0.25132   (sampled)

 Minimum radius found:      2.302 angstroms.



 For spherical probe approach, The geometric factor
         F= sum(ds/area) along channel is    0.251 angstroms**-1
 This yields a macroscopic predicted molar conductance of:
   (1/rho)*(100/F)= (400/rho) pS,
   where rho is the conductivity of 1M permeant ion in ohm m.
 N.B. this is a macroscopic conductance - an overestimate 
 Empirically corrected conductances currently only available
 With the CAPSULE option (although its not that stable!)
 For 1M KCl rho= 1/12 (ohm m), So Gmacro= 4800 pS/M.
  (TAG      1   Rmin=     2.30206   Gmacro=  4774.83246 Conn_Gmacro=    -1.00000 ).
 HOLE: normal completion
