 *** Program HOLE ***
 
 If results of this run are reported or published, please
 cite the publication listed below.
 For the HOLE program:
   Smart, O.S., Goodfellow, J.M., Wallace, B.A. (1993). 
   The pore dimensions of gramicidin A. 
   Biophys. J., 65, 2455-2460.
 
 Originally written by Oliver Smart at Birkbeck College from April 1992.
 Copyright 1993-2005 Oliver Smart
 Copyright 2014-2015 SmartSci Limited.
 Copyright 2016 Oliver Smart.
 
 For help on HOLE suite see  http://www.holeprogram.org/
 
 HOLE release 2.2.005 (07 August 2016) 
 
 usage subject to Apache License, Version 2.0 
 see http://www.apache.org/licenses/LICENSE-2.0 

 Control variables read:

! Input file for Oliver Smart's HOLE program
! written by MDAnalysis.analysis.hole2.HoleAnalysis
! for a Universe
! u = mda.Universe(/afs/crc.nd.edu/user/m/mfarshad/Private/ML-new/traj/host-dcdd
!    /afs/crc.nd.edu/user/m/mfarshad/Private/ML-new/traj/host-dcddc3/host_dcddc3
!   )
! Frame 319

COORD  /tmp/2550297.1.long/tmp8ax3we2u.pdb
RADIUS simple2.rad
SPHPDB hole319.sph
SAMPLE 0.200000
ENDRAD 22.000000
IGNORE SOL WAT TIP HOH K   NA  CL
SHORTO 0
RASEED 31415
CPOINT 40.8959564895 39.7350668532 40.5941002878


 WARNING have not found a CVECT record - will try to guess
 Input pdb filename read as:    '/tmp/2550297.1.long/tmp8ax3we2u.pdb'
 Input vdW radius file read as: 'simple2.rad'
 point in channel:   40.896  39.735  40.594
 channel vector:   ************************
 sampling distance between planes:    0.200

 graphics conditions:
 binary plot output file name: NONE
 Dot density:    10
 Draw dots?           T
 Draw close contacts? F
 Draw centre line?    T
 Produce spikes rather than dots? F
 Seed for random number generator:     31415 (0 means value set by program)
 Radius above which a result is regarded as an 'end':  22.000
 Pdb format file for sphere centres: hole319.sph

 Monte Carlo conditions:
  no of steps:  1000
  maximum displacement   0.100 angs
  'kT' initial   0.100 angs
 The spherebox and capsule options are turned off.
 (No molqpt card so will not write qpt file of the molecule)
 IGNORE card read so will ignore residue types: SOL WAT TIP HOH K   NA  CL
 no SHORTO card read so will produce full textual output
 As no PEGRAT card was found will not produce PEG polymer exclusion graph
 (No 2DMAPS card specified so will not produce 2D property maps)
 Have not found a CUT card.  Normal calculation using
   Cutoff lists with a cutsize=       1.000
   (if you wish to turn off option use a CUT -1 card)

 Have read     7 bond radius records and
              16 vdW radius records.
 From file: simple2.rad

 Have read   178 atom records.
 From file: /tmp/2550297.1.long/tmp8ax3we2u.pdb
 Will not produce graphical output

 Have opened file for pdb format output of sphere centres:  hole319.sph

  Seed integer used by ran # generator on this run      31415

 
 S/R cguess will try to guess CPOINT and/or CVECT
 
 THESE GUESSES MAY WELL BE WRONG!!!!
 Routine relies on having a reasonably symmetric
 channel oriented along x, y or z vector
 YOU ARE STRONGLY ADVISED TO CHECK THE RESULTS
                       WITH MOLECULAR GRAPHICS
 testing points from cpoint in X, Y then Z direction
   point                   pore radius
direction     1
  35.896  39.735  40.594     0.992
  36.896  39.735  40.594     0.320
  37.896  39.735  40.594    -0.048
  38.896  39.735  40.594    -0.889
  39.896  39.735  40.594    -1.263
  40.896  39.735  40.594    -0.639
  41.896  39.735  40.594     0.272
  42.896  39.735  40.594     0.845
  43.896  39.735  40.594     0.711
  44.896  39.735  40.594     0.966
  45.896  39.735  40.594     1.520
 Average pore radius along the line=      0.253
direction     2
  40.896  34.735  40.594    -0.932
  40.896  35.735  40.594    -1.265
  40.896  36.735  40.594    -0.839
  40.896  37.735  40.594    -0.446
  40.896  38.735  40.594    -0.349
  40.896  39.735  40.594    -0.639
  40.896  40.735  40.594    -0.273
  40.896  41.735  40.594     0.099
  40.896  42.735  40.594    -0.215
  40.896  43.735  40.594    -0.302
  40.896  44.735  40.594    -0.826
 Average pore radius along the line=     -0.544
direction     3
  40.896  39.735  35.594    -0.877
  40.896  39.735  36.594    -1.417
  40.896  39.735  37.594    -0.809
  40.896  39.735  38.594     0.120
  40.896  39.735  39.594     0.071
  40.896  39.735  40.594    -0.639
  40.896  39.735  41.594    -0.809
  40.896  39.735  42.594    -0.920
  40.896  39.735  43.594    -0.598
  40.896  39.735  44.594     0.052
  40.896  39.735  45.594     0.218
 Average pore radius along the line=     -0.510
 Best direction is found to be     1
(1=X,2=Y,3=Z)
 s/r cguess has produced initial values for cpoint &/or cvect:
CPOINT      40.8960     39.7351     40.5941
CVECT        1.0000      0.0000      0.0000
 THESE GUESSES MAY WELL BE WRONG!!!!
 Routine relies on having a reasonably symmetric
 channel oriented along x, y or z vector
 YOU ARE STRONGLY ADVISED TO CHECK THE RESULTS
                       WITH MOLECULAR GRAPHICS
 
 
  Some routines (e.g. conn) need vectors normal to cvect: 
     EAST Zero degrees angle is along vector    0.000   1.000   0.000
     NORTH  90 degrees angle is along vector    0.000   0.000  -1.000
 highest radius point found:
  at point   40.896  39.735  40.594
  closest atom surface    0.486   S2  DCD X    1
  2nd closest surface     0.486   C7  DCD X    1
  found on step    1
  this is also current point
  no. of rejections          999
 stored as     0

 highest radius point found:
  at point   41.096  41.098  38.954
  closest atom surface    1.060   H76 DCD X    1
  2nd closest surface     1.061   S3  DCD X    1
  found on step  999
  this is also current point
  no. of rejections          346
 stored as     1

 highest radius point found:
  at point   41.296  41.099  39.018
  closest atom surface    1.117   S3  DCD X    1
  2nd closest surface     1.117   H76 DCD X    1
  found on step  935
  this is also current point
  no. of rejections          394
 stored as     2

 highest radius point found:
  at point   41.496  41.110  39.078
  closest atom surface    1.185   H76 DCD X    1
  2nd closest surface     1.185   S2  DCD X    1
  found on step  938
  this is also current point
  no. of rejections          377
 stored as     3

 highest radius point found:
  at point   41.696  41.122  39.133
  closest atom surface    1.267   S2  DCD X    1
  2nd closest surface     1.269   S3  DCD X    1
  found on step  947
  this is also current point
  no. of rejections          385
 stored as     4

 highest radius point found:
  at point   41.896  41.191  39.119
  closest atom surface    1.340   S3  DCD X    1
  2nd closest surface     1.340   N1  DCD X    1
  found on step  966
  this is also current point
  no. of rejections          346
 stored as     5

 highest radius point found:
  at point   42.096  41.436  38.871
  closest atom surface    1.367   S3  DCD X    1
  2nd closest surface     1.367   N1  DCD X    1
  found on step  657
 current point:
  at point   42.096  41.451  38.854
  closest atom surface    1.365   H76 DCD X    1
  2nd closest surface     1.365   S3  DCD X    1
  found on step  964
  no. of rejections          376
 stored as     6

 highest radius point found:
  at point   42.296  41.732  38.583
  closest atom surface    1.453   H76 DCD X    1
  2nd closest surface     1.454   S3  DCD X    1
  found on step  925
  this is also current point
  no. of rejections          358
 stored as     7

 highest radius point found:
  at point   42.496  41.724  38.494
  closest atom surface    1.471   S3  DCD X    1
  2nd closest surface     1.474   N1  DCD X    1
  found on step  970
  this is also current point
  no. of rejections          381
 stored as     8

 highest radius point found:
  at point   42.696  41.717  38.397
  closest atom surface    1.494   N1  DCD X    1
  2nd closest surface     1.495   C40 DCD X    1
  found on step  960
  this is also current point
  no. of rejections          366
 stored as     9

 highest radius point found:
  at point   42.896  41.701  38.300
  closest atom surface    1.531   C40 DCD X    1
  2nd closest surface     1.531   N1  DCD X    1
  found on step  948
  this is also current point
  no. of rejections          374
 stored as    10

 highest radius point found:
  at point   43.096  41.655  38.221
  closest atom surface    1.564   S4  DCD X    1
  2nd closest surface     1.567   N1  DCD X    1
  found on step  773
 current point:
  at point   43.096  41.666  38.222
  closest atom surface    1.564   H51 DCD X    1
  2nd closest surface     1.566   N1  DCD X    1
  found on step  971
  no. of rejections          378
 stored as    11

 highest radius point found:
  at point   43.296  41.670  38.158
  closest atom surface    1.595   N1  DCD X    1
  2nd closest surface     1.597   S4  DCD X    1
  found on step  703
 current point:
  at point   43.296  41.662  38.158
  closest atom surface    1.594   S4  DCD X    1
  2nd closest surface     1.597   N1  DCD X    1
  found on step  958
  no. of rejections          404
 stored as    12

 highest radius point found:
  at point   43.496  41.672  38.095
  closest atom surface    1.638   N1  DCD X    1
  2nd closest surface     1.638   S4  DCD X    1
  found on step  992
  this is also current point
  no. of rejections          377
 stored as    13

 highest radius point found:
  at point   43.696  41.719  38.024
  closest atom surface    1.695   N1  DCD X    1
  2nd closest surface     1.696   H51 DCD X    1
  found on step  676
 current point:
  at point   43.696  41.694  38.029
  closest atom surface    1.693   N1  DCD X    1
  2nd closest surface     1.694   S4  DCD X    1
  found on step  986
  no. of rejections          380
 stored as    14

 highest radius point found:
  at point   43.896  41.734  37.953
  closest atom surface    1.760   S4  DCD X    1
  2nd closest surface     1.767   N1  DCD X    1
  found on step  428
 current point:
  at point   43.896  41.286  38.062
  closest atom surface    1.727   S4  DCD X    1
  2nd closest surface     1.728   N1  DCD X    1
  found on step  885
  no. of rejections          349
 stored as    15

 highest radius point found:
  at point   44.096  41.784  37.886
  closest atom surface    1.844   H51 DCD X    1
  2nd closest surface     1.845   N1  DCD X    1
  found on step  844
 current point:
  at point   44.096  41.787  37.887
  closest atom surface    1.844   N1  DCD X    1
  2nd closest surface     1.844   H51 DCD X    1
  found on step  932
  no. of rejections          387
 stored as    16

 highest radius point found:
  at point   44.296  41.646  37.856
  closest atom surface    1.911   C43 DCD X    1
  2nd closest surface     1.911   S4  DCD X    1
  found on step  764
 current point:
  at point   44.296  41.585  37.871
  closest atom surface    1.904   S4  DCD X    1
  2nd closest surface     1.905   N1  DCD X    1
  found on step  977
  no. of rejections          391
 stored as    17

 highest radius point found:
  at point   44.496  40.777  38.003
  closest atom surface    2.001   N1  DCD X    1
  2nd closest surface     2.001   S3  DCD X    1
  found on step  975
  this is also current point
  no. of rejections          374
 stored as    18

 highest radius point found:
  at point   44.696  39.002  38.953
  closest atom surface    2.296   O11 DCD X    1
  2nd closest surface     2.297   N1  DCD X    1
  found on step  993
  this is also current point
  no. of rejections          330
 stored as    19

 highest radius point found:
  at point   44.896  39.098  38.784
  closest atom surface    2.385   N1  DCD X    1
  2nd closest surface     2.388   S3  DCD X    1
  found on step  107
 current point:
  at point   44.896  38.944  38.983
  closest atom surface    2.373   N1  DCD X    1
  2nd closest surface     2.374   O11 DCD X    1
  found on step  996
  no. of rejections          376
 stored as    20

 highest radius point found:
  at point   45.096  39.137  38.657
  closest atom surface    2.500   S3  DCD X    1
  2nd closest surface     2.501   N1  DCD X    1
  found on step  949
  this is also current point
  no. of rejections          363
 stored as    21

 highest radius point found:
  at point   45.296  39.194  38.524
  closest atom surface    2.619   N1  DCD X    1
  2nd closest surface     2.620   S3  DCD X    1
  found on step  685
 current point:
  at point   45.296  39.189  38.529
  closest atom surface    2.619   N1  DCD X    1
  2nd closest surface     2.619   O11 DCD X    1
  found on step  964
  no. of rejections          273
 stored as    22

 highest radius point found:
  at point   45.496  39.249  38.392
  closest atom surface    2.748   N1  DCD X    1
  2nd closest surface     2.749   S3  DCD X    1
  found on step  921
  this is also current point
  no. of rejections          320
 stored as    23

 highest radius point found:
  at point   45.696  39.305  38.259
  closest atom surface    2.887   S3  DCD X    1
  2nd closest surface     2.887   N1  DCD X    1
  found on step  877
 current point:
  at point   45.696  39.303  38.259
  closest atom surface    2.887   O11 DCD X    1
  2nd closest surface     2.887   S3  DCD X    1
  found on step  946
  no. of rejections          323
 stored as    24

 highest radius point found:
  at point   45.896  39.358  38.131
  closest atom surface    3.033   N1  DCD X    1
  2nd closest surface     3.035   S3  DCD X    1
  found on step  937
  this is also current point
  no. of rejections          322
 stored as    25

 highest radius point found:
  at point   46.096  39.410  38.001
  closest atom surface    3.188   O11 DCD X    1
  2nd closest surface     3.188   N1  DCD X    1
  found on step  793
 current point:
  at point   46.096  39.416  37.996
  closest atom surface    3.188   S3  DCD X    1
  2nd closest surface     3.188   N1  DCD X    1
  found on step  959
  no. of rejections          297
 stored as    26

 highest radius point found:
  at point   46.296  39.471  37.865
  closest atom surface    3.349   S3  DCD X    1
  2nd closest surface     3.350   N1  DCD X    1
  found on step  951
  this is also current point
  no. of rejections          279
 stored as    27

 highest radius point found:
  at point   46.496  39.519  37.739
  closest atom surface    3.517   S3  DCD X    1
  2nd closest surface     3.518   N1  DCD X    1
  found on step  953
  this is also current point
  no. of rejections          364
 stored as    28

 highest radius point found:
  at point   46.696  39.468  37.753
  closest atom surface    3.637   O11 DCD X    1
  2nd closest surface     3.638   C43 DCD X    1
  found on step  990
  this is also current point
  no. of rejections          349
 stored as    29

 highest radius point found:
  at point   46.896  39.415  37.777
  closest atom surface    3.760   O11 DCD X    1
  2nd closest surface     3.761   N1  DCD X    1
  found on step  944
  this is also current point
  no. of rejections          348
 stored as    30

 highest radius point found:
  at point   47.096  39.363  37.797
  closest atom surface    3.888   O11 DCD X    1
  2nd closest surface     3.889   N1  DCD X    1
  found on step  842
 current point:
  at point   47.096  39.362  37.801
  closest atom surface    3.888   N1  DCD X    1
  2nd closest surface     3.888   O11 DCD X    1
  found on step  996
  no. of rejections          328
 stored as    31

 highest radius point found:
  at point   47.296  39.317  37.810
  closest atom surface    4.020   C43 DCD X    1
  2nd closest surface     4.024   O11 DCD X    1
  found on step  998
  this is also current point
  no. of rejections          316
 stored as    32

 highest radius point found:
  at point   47.496  39.260  37.834
  closest atom surface    4.159   O11 DCD X    1
  2nd closest surface     4.161   N1  DCD X    1
  found on step  987
  this is also current point
  no. of rejections          325
 stored as    33

 highest radius point found:
  at point   47.696  39.209  37.857
  closest atom surface    4.300   N1  DCD X    1
  2nd closest surface     4.301   O11 DCD X    1
  found on step  888
  this is also current point
  no. of rejections          312
 stored as    34

 highest radius point found:
  at point   47.896  39.158  37.870
  closest atom surface    4.446   O11 DCD X    1
  2nd closest surface     4.448   C43 DCD X    1
  found on step  964
  this is also current point
  no. of rejections          310
 stored as    35

 highest radius point found:
  at point   48.096  39.105  37.895
  closest atom surface    4.595   O11 DCD X    1
  2nd closest surface     4.595   N1  DCD X    1
  found on step  954
  this is also current point
  no. of rejections          332
 stored as    36

 highest radius point found:
  at point   48.296  36.815  33.430
  closest atom surface    5.180   H56 DCD X    1
  2nd closest surface     5.185   O11 DCD X    1
  found on step  992
  this is also current point
  no. of rejections          266
 stored as    37

 highest radius point found:
  at point   48.496  32.326  27.347
  closest atom surface   10.310   C38 DCD X    1
  2nd closest surface    10.392   H48 DCD X    1
  found on step 1000
  this is also current point
  no. of rejections          252
 stored as    38

 highest radius point found:
  at point   48.696  26.682  20.680
  closest atom surface   17.419   O12 DCD X    1
  2nd closest surface    17.939   H39 DCD X    1
  found on step  997
  this is also current point
  no. of rejections          240
 stored as    39

 highest radius point found:
  at point   48.896  20.624  12.915
  closest atom surface   26.385   O12 DCD X    1
  2nd closest surface    27.196   H39 DCD X    1
  found on step  999
  this is also current point
  no. of rejections          246
 This is an end! (radius above  22.0 angs)
 highest radius point found:
  at point   40.696  38.248  39.127
  closest atom surface    0.774   S3  DCD X    1
  2nd closest surface     0.774   N6  DCD X    1
  found on step  961
  this is also current point
  no. of rejections          364
 stored as    -1

 highest radius point found:
  at point   40.496  38.236  39.072
  closest atom surface    0.765   S3  DCD X    1
  2nd closest surface     0.766   S2  DCD X    1
  found on step   73
 current point:
  at point   40.496  38.236  39.073
  closest atom surface    0.765   S2  DCD X    1
  2nd closest surface     0.765   S3  DCD X    1
  found on step  915
  no. of rejections          408
 stored as    -2

 highest radius point found:
  at point   40.296  38.224  39.016
  closest atom surface    0.770   S2  DCD X    1
  2nd closest surface     0.771   S3  DCD X    1
  found on step  986
  this is also current point
  no. of rejections          421
 stored as    -3

 highest radius point found:
  at point   40.096  38.206  38.961
  closest atom surface    0.793   S2  DCD X    1
  2nd closest surface     0.794   N6  DCD X    1
  found on step  896
  this is also current point
  no. of rejections          399
 stored as    -4

 highest radius point found:
  at point   39.896  38.189  38.903
  closest atom surface    0.831   N6  DCD X    1
  2nd closest surface     0.832   S3  DCD X    1
  found on step  769
 current point:
  at point   39.896  38.193  38.905
  closest atom surface    0.829   S2  DCD X    1
  2nd closest surface     0.832   S3  DCD X    1
  found on step  984
  no. of rejections          395
 stored as    -5

 highest radius point found:
  at point   39.696  38.175  38.849
  closest atom surface    0.882   S2  DCD X    1
  2nd closest surface     0.885   S3  DCD X    1
  found on step   99
 current point:
  at point   39.696  38.170  38.842
  closest atom surface    0.882   S3  DCD X    1
  2nd closest surface     0.882   N6  DCD X    1
  found on step  930
  no. of rejections          408
 stored as    -6

 highest radius point found:
  at point   39.496  38.000  39.012
  closest atom surface    0.851   N6  DCD X    1
  2nd closest surface     0.853   O13 DCD X    1
  found on step  365
 current point:
  at point   39.496  38.000  39.015
  closest atom surface    0.851   S2  DCD X    1
  2nd closest surface     0.851   N6  DCD X    1
  found on step  992
  no. of rejections          364
 stored as    -7

 highest radius point found:
  at point   39.296  37.795  39.228
  closest atom surface    0.838   O13 DCD X    1
  2nd closest surface     0.840   S2  DCD X    1
  found on step  155
 current point:
  at point   39.296  37.790  39.224
  closest atom surface    0.837   O13 DCD X    1
  2nd closest surface     0.837   N6  DCD X    1
  found on step  949
  no. of rejections          345
 stored as    -8

 highest radius point found:
  at point   39.096  37.581  39.446
  closest atom surface    0.875   S2  DCD X    1
  2nd closest surface     0.877   N6  DCD X    1
  found on step  947
  this is also current point
  no. of rejections          383
 stored as    -9

 highest radius point found:
  at point   38.896  37.324  39.718
  closest atom surface    0.960   N6  DCD X    1
  2nd closest surface     0.960   S2  DCD X    1
  found on step  793
 current point:
  at point   38.896  37.345  39.690
  closest atom surface    0.959   S2  DCD X    1
  2nd closest surface     0.959   N6  DCD X    1
  found on step  954
  no. of rejections          346
 stored as   -10

 highest radius point found:
  at point   38.696  37.144  39.789
  closest atom surface    1.039   N4  DCD X    1
  2nd closest surface     1.040   O13 DCD X    1
  found on step  903
  this is also current point
  no. of rejections          349
 stored as   -11

 highest radius point found:
  at point   38.496  36.953  39.901
  closest atom surface    1.116   C14 DCD X    1
  2nd closest surface     1.118   N4  DCD X    1
  found on step  859
 current point:
  at point   38.496  36.969  39.906
  closest atom surface    1.116   N4  DCD X    1
  2nd closest surface     1.117   O13 DCD X    1
  found on step  978
  no. of rejections          305
 stored as   -12

 highest radius point found:
  at point   38.296  36.931  40.075
  closest atom surface    1.196   N4  DCD X    1
  2nd closest surface     1.196   O13 DCD X    1
  found on step  988
  this is also current point
  no. of rejections          349
 stored as   -13

 highest radius point found:
  at point   38.096  36.900  40.247
  closest atom surface    1.296   O13 DCD X    1
  2nd closest surface     1.296   N4  DCD X    1
  found on step  991
  this is also current point
  no. of rejections          300
 stored as   -14

 highest radius point found:
  at point   37.896  32.106  38.261
  closest atom surface    2.760   H36 DCD X    1
  2nd closest surface     2.769   H21 DCD X    1
  found on step 1000
  this is also current point
  no. of rejections          230
 stored as   -15

 highest radius point found:
  at point   37.696  24.514  32.225
  closest atom surface   10.076   O12 DCD X    1
  2nd closest surface    10.081   C31 DCD X    1
  found on step  997
  this is also current point
  no. of rejections          281
 stored as   -16

 highest radius point found:
  at point   37.496  16.196  26.452
  closest atom surface   19.577   C31 DCD X    1
  2nd closest surface    19.594   N8  DCD X    1
  found on step  999
  this is also current point
  no. of rejections          278
 stored as   -17

 highest radius point found:
  at point   37.296   7.934  20.319
  closest atom surface   29.601   N8  DCD X    1
  2nd closest surface    29.665   C31 DCD X    1
  found on step  996
  this is also current point
  no. of rejections          280
 This is an end! (radius above  22.0 angs)
 
 N.b. Graph information routine (HOGRAP) differs 
        markedly from previous versions!
       Information now is written from -ve end
       to +ve in one pass
 
 Explanation of the meaning of each column: 
 First column "cenxyz.cvec" is the coordinate in the
   direction of the channel vector i.e. if the channel
   vector is in z (0 0 1) then it is the z coordinate.
 The second column "radius" is the hole pore radius 
   (as defined in the Biophys J 1993) article).
 The third column "cen_line_D" is the distance 
   measured along the pore centre line - with the 
   first point found set to zero. This was the first
   thing that I used to measure the distance along a pore
   but "cenxyz.cvec" is a much better general measure. 
   However, by comparing changes in this distance to changes in '   "cenxyz.cvec" one can get a measure of how straight a 
   channel is.
 The fourth column "sum{s/(area)}" is useful in conductance
   prediction -
   basically it is the sum of the thickness of each slab
   divided by its area. HOLE uses this measure to estimate
   the macroscopic conductance of a channel.
 If any of this worries you one can see the "raw" results
   of a standard hole run by producing a sphpdb file and 
    directly looking at the results.
 cenxyz.cvec      radius  cen_line_D sum{s/(area point sourc
    37.49597    19.57688   -30.72892     0.00008   (sampled)
    37.59597    14.73574   -25.66553     0.00023 (mid-point)
    37.69597    10.07635   -20.60214     0.00054   (sampled)
    37.79597     5.88565   -15.75144     0.00146 (mid-point)
    37.89597     2.76028   -10.90073     0.00564   (sampled)
    37.99597     1.35465    -8.30436     0.02299 (mid-point)
    38.09597     1.29620    -5.70798     0.04193   (sampled)
    38.19597     1.24355    -5.57528     0.06251 (mid-point)
    38.29597     1.19590    -5.44258     0.08477   (sampled)
    38.39597     1.15405    -5.30933     0.10867 (mid-point)
    38.49597     1.11639    -5.17608     0.13421   (sampled)
    38.59597     1.07478    -5.02689     0.16177 (mid-point)
    38.69597     1.03911    -4.87769     0.19125   (sampled)
    38.79597     0.99709    -4.73853     0.22326 (mid-point)
    38.89597     0.95967    -4.59938     0.25783   (sampled)
    38.99597     0.91002    -4.38727     0.29626 (mid-point)
    39.09597     0.87528    -4.17516     0.33781   (sampled)
    39.19597     0.85172    -3.99249     0.38169 (mid-point)
    39.29597     0.83846    -3.80981     0.42697   (sampled)
    39.39597     0.83930    -3.63039     0.47216 (mid-point)
    39.49597     0.85138    -3.45096     0.51607   (sampled)
    39.59597     0.86367    -3.29516     0.55874 (mid-point)
    39.69597     0.88239    -3.13935     0.59963   (sampled)
    39.79597     0.85567    -3.03547     0.64310 (mid-point)
    39.89597     0.83131    -2.93159     0.68916   (sampled)
    39.99597     0.81071    -2.82723     0.73759 (mid-point)
    40.09597     0.79325    -2.72286     0.78818   (sampled)
    40.19597     0.77982    -2.61871     0.84052 (mid-point)
    40.29597     0.77023    -2.51457     0.89417   (sampled)
    40.39597     0.76587    -2.41053     0.94844 (mid-point)
    40.49597     0.76506    -2.30649     1.00283   (sampled)
    40.59597     0.76758    -2.20258     1.05685 (mid-point)
    40.69597     0.77400    -2.09866     1.10998   (sampled)
    40.79597    -0.08133    -1.04933     5.92239 (mid-point)
    40.89597     0.48576    -0.00000     6.05729   (sampled)
    40.99597     0.12032     1.07085     8.25614 (mid-point)
    41.09597     1.05951     2.14170     8.28450   (sampled)
    41.19597     1.08583     2.24669     8.31149 (mid-point)
    41.29597     1.11690     2.35168     8.33701   (sampled)
    41.39597     1.14865     2.45619     8.36114 (mid-point)
    41.49597     1.18481     2.56071     8.38381   (sampled)
    41.59597     1.22453     2.66467     8.40504 (mid-point)
    41.69597     1.26701     2.76862     8.42487   (sampled)
    41.79597     1.30327     2.87466     8.44361 (mid-point)
    41.89597     1.34020     2.98069     8.46133   (sampled)
    41.99597     1.34664     3.18143     8.47888 (mid-point)
    42.09597     1.36687     3.38217     8.49592   (sampled)
    42.19597     1.40065     3.61166     8.51214 (mid-point)
    42.29597     1.45336     3.84114     8.52721   (sampled)
    42.39597     1.46080     3.95060     8.54213 (mid-point)
    42.49597     1.47140     4.06006     8.55683   (sampled)
    42.59597     1.48221     4.17129     8.57132 (mid-point)
    42.69597     1.49440     4.28253     8.58558   (sampled)
    42.79597     1.51095     4.39409     8.59952 (mid-point)
    42.89597     1.53107     4.50564     8.61310   (sampled)
    42.99597     1.54755     4.61554     8.62639 (mid-point)
    43.09597     1.56423     4.72544     8.63940   (sampled)
    43.19597     1.57924     4.83059     8.65216 (mid-point)
    43.29597     1.59523     4.93575     8.66467   (sampled)
    43.39597     1.61484     5.04066     8.67687 (mid-point)
    43.49597     1.63760     5.14558     8.68874   (sampled)
    43.59597     1.66481     5.25431     8.70023 (mid-point)
    43.69597     1.69525     5.36304     8.71131   (sampled)
    43.79597     1.72751     5.46930     8.72197 (mid-point)
    43.89597     1.75987     5.57556     8.73225   (sampled)
    43.99597     1.80162     5.68410     8.74206 (mid-point)
    44.09597     1.84447     5.79265     8.75141   (sampled)
    44.19597     1.87647     5.91513     8.76045 (mid-point)
    44.29597     1.91052     6.03760     8.76917   (sampled)
    44.39597     1.92905     6.48974     8.77773 (mid-point)
    44.49597     2.00079     6.94189     8.78568   (sampled)
    44.59597     2.01813     7.95348     8.79349 (mid-point)
    44.69597     2.29626     8.96508     8.79953   (sampled)
    44.79597     2.33880     9.10493     8.80535 (mid-point)
    44.89597     2.38521     9.24479     8.81094   (sampled)
    44.99597     2.44183     9.36470     8.81628 (mid-point)
    45.09597     2.50044     9.48461     8.82137   (sampled)
    45.19597     2.55863     9.60790     8.82624 (mid-point)
    45.29597     2.61890     9.73120     8.83088   (sampled)
    45.39597     2.68246     9.85430     8.83530 (mid-point)
    45.49597     2.74849     9.97741     8.83951   (sampled)
    45.59597     2.81675    10.10060     8.84353 (mid-point)
    45.69597     2.88697    10.22379     8.84735   (sampled)
    45.79597     2.95896    10.34565     8.85098 (mid-point)
    45.89597     3.03267    10.46751     8.85444   (sampled)
    45.99597     3.10945    10.58944     8.85773 (mid-point)
    46.09597     3.18797    10.71137     8.86087   (sampled)
    46.19597     3.26815    10.83622     8.86385 (mid-point)
    46.29597     3.34899    10.96106     8.86668   (sampled)
    46.39597     3.43237    11.08161     8.86939 (mid-point)
    46.49597     3.51712    11.20216     8.87196   (sampled)
    46.59597     3.57723    11.30560     8.87445 (mid-point)
    46.69597     3.63688    11.40904     8.87685   (sampled)
    46.79597     3.69781    11.51320     8.87918 (mid-point)
    46.89597     3.76006    11.61737     8.88143   (sampled)
    46.99597     3.82365    11.72114     8.88361 (mid-point)
    47.09597     3.88845    11.82492     8.88572   (sampled)
    47.19597     3.95567    11.92778     8.88775 (mid-point)
    47.29597     4.02045    12.03065     8.88972   (sampled)
    47.39597     4.09095    12.13527     8.89162 (mid-point)
    47.49597     4.15905    12.23989     8.89346   (sampled)
    47.59597     4.22959    12.34377     8.89524 (mid-point)
    47.69597     4.30047    12.44766     8.89696   (sampled)
    47.79597     4.37315    12.55109     8.89863 (mid-point)
    47.89597     4.44610    12.65452     8.90024   (sampled)
    47.99597     4.51999    12.75874     8.90179 (mid-point)
    48.09597     4.59476    12.86297     8.90330   (sampled)
    48.19597     4.39569    15.37371     8.90495 (mid-point)
    48.29597     5.17972    17.88444     8.90614   (sampled)
    48.39597     7.40656    21.66578     8.90672 (mid-point)
    48.49597    10.30955    25.44711     8.90702   (sampled)
    48.59597    13.79945    29.81568     8.90718 (mid-point)
    48.69597    17.41930    34.18425     8.90729   (sampled)

 Minimum radius found:     -0.081 angstroms.



 For spherical probe approach, The geometric factor
         F= sum(ds/area) along channel is ******** angstroms**-1
 This yields a macroscopic predicted molar conductance of:
   (1/rho)*(100/F)= (1.0e-6/rho) pS,
   where rho is the conductivity of 1M permeant ion in ohm m.
 N.B. this is a macroscopic conductance - an overestimate 
 Empirically corrected conductances currently only available
 With the CAPSULE option (although its not that stable!)
 For 1M KCl rho= 1/12 (ohm m), So Gmacro= 1.2e-5 pS/M.
  (TAG      1   Rmin=    -0.08133   Gmacro=     0.00001 Conn_Gmacro=    -1.00000 ).
 HOLE: normal completion
