 *** Program HOLE ***
 
 If results of this run are reported or published, please
 cite the publication listed below.
 For the HOLE program:
   Smart, O.S., Goodfellow, J.M., Wallace, B.A. (1993). 
   The pore dimensions of gramicidin A. 
   Biophys. J., 65, 2455-2460.
 
 Originally written by Oliver Smart at Birkbeck College from April 1992.
 Copyright 1993-2005 Oliver Smart
 Copyright 2014-2015 SmartSci Limited.
 Copyright 2016 Oliver Smart.
 
 For help on HOLE suite see  http://www.holeprogram.org/
 
 HOLE release 2.2.005 (07 August 2016) 
 
 usage subject to Apache License, Version 2.0 
 see http://www.apache.org/licenses/LICENSE-2.0 

 Control variables read:

! Input file for Oliver Smart's HOLE program
! written by MDAnalysis.analysis.hole2.HoleAnalysis
! for a Universe
! u = mda.Universe(/afs/crc.nd.edu/user/m/mfarshad/Private/ML-new/traj/host-dcdd
!    /afs/crc.nd.edu/user/m/mfarshad/Private/ML-new/traj/host-dcddc3/host_dcddc3
!   )
! Frame 238

COORD  /tmp/2550297.1.long/tmps015q1gp.pdb
RADIUS simple2.rad
SPHPDB hole238.sph
SAMPLE 0.200000
ENDRAD 22.000000
IGNORE SOL WAT TIP HOH K   NA  CL
SHORTO 0
RASEED 31415
CPOINT 40.9503789109 39.6986438451 40.7709989869


 WARNING have not found a CVECT record - will try to guess
 Input pdb filename read as:    '/tmp/2550297.1.long/tmps015q1gp.pdb'
 Input vdW radius file read as: 'simple2.rad'
 point in channel:   40.950  39.699  40.771
 channel vector:   ************************
 sampling distance between planes:    0.200

 graphics conditions:
 binary plot output file name: NONE
 Dot density:    10
 Draw dots?           T
 Draw close contacts? F
 Draw centre line?    T
 Produce spikes rather than dots? F
 Seed for random number generator:     31415 (0 means value set by program)
 Radius above which a result is regarded as an 'end':  22.000
 Pdb format file for sphere centres: hole238.sph

 Monte Carlo conditions:
  no of steps:  1000
  maximum displacement   0.100 angs
  'kT' initial   0.100 angs
 The spherebox and capsule options are turned off.
 (No molqpt card so will not write qpt file of the molecule)
 IGNORE card read so will ignore residue types: SOL WAT TIP HOH K   NA  CL
 no SHORTO card read so will produce full textual output
 As no PEGRAT card was found will not produce PEG polymer exclusion graph
 (No 2DMAPS card specified so will not produce 2D property maps)
 Have not found a CUT card.  Normal calculation using
   Cutoff lists with a cutsize=       1.000
   (if you wish to turn off option use a CUT -1 card)

 Have read     7 bond radius records and
              16 vdW radius records.
 From file: simple2.rad

 Have read   178 atom records.
 From file: /tmp/2550297.1.long/tmps015q1gp.pdb
 Will not produce graphical output

 Have opened file for pdb format output of sphere centres:  hole238.sph

  Seed integer used by ran # generator on this run      31415

 
 S/R cguess will try to guess CPOINT and/or CVECT
 
 THESE GUESSES MAY WELL BE WRONG!!!!
 Routine relies on having a reasonably symmetric
 channel oriented along x, y or z vector
 YOU ARE STRONGLY ADVISED TO CHECK THE RESULTS
                       WITH MOLECULAR GRAPHICS
 testing points from cpoint in X, Y then Z direction
   point                   pore radius
direction     1
  35.950  39.699  40.771     0.726
  36.950  39.699  40.771     0.052
  37.950  39.699  40.771    -0.389
  38.950  39.699  40.771    -1.322
  39.950  39.699  40.771    -1.433
  40.950  39.699  40.771    -0.522
  41.950  39.699  40.771     0.459
  42.950  39.699  40.771     0.893
  43.950  39.699  40.771     0.725
  44.950  39.699  40.771     0.841
  45.950  39.699  40.771     1.311
 Average pore radius along the line=      0.122
direction     2
  40.950  34.699  40.771    -1.080
  40.950  35.699  40.771    -1.281
  40.950  36.699  40.771    -1.067
  40.950  37.699  40.771    -0.501
  40.950  38.699  40.771    -0.272
  40.950  39.699  40.771    -0.522
  40.950  40.699  40.771    -0.160
  40.950  41.699  40.771    -0.155
  40.950  42.699  40.771    -0.384
  40.950  43.699  40.771    -0.147
  40.950  44.699  40.771    -0.818
 Average pore radius along the line=     -0.581
direction     3
  40.950  39.699  35.771    -1.099
  40.950  39.699  36.771    -1.388
  40.950  39.699  37.771    -0.608
  40.950  39.699  38.771     0.345
  40.950  39.699  39.771    -0.026
  40.950  39.699  40.771    -0.522
  40.950  39.699  41.771    -0.715
  40.950  39.699  42.771    -0.858
  40.950  39.699  43.771    -0.213
  40.950  39.699  44.771     0.428
  40.950  39.699  45.771     0.704
 Average pore radius along the line=     -0.359
 Best direction is found to be     1
(1=X,2=Y,3=Z)
 s/r cguess has produced initial values for cpoint &/or cvect:
CPOINT      40.9504     39.6986     40.7710
CVECT        1.0000      0.0000      0.0000
 THESE GUESSES MAY WELL BE WRONG!!!!
 Routine relies on having a reasonably symmetric
 channel oriented along x, y or z vector
 YOU ARE STRONGLY ADVISED TO CHECK THE RESULTS
                       WITH MOLECULAR GRAPHICS
 
 
  Some routines (e.g. conn) need vectors normal to cvect: 
     EAST Zero degrees angle is along vector    0.000   1.000   0.000
     NORTH  90 degrees angle is along vector    0.000   0.000  -1.000
 highest radius point found:
  at point   40.950  38.229  39.133
  closest atom surface    0.810   N6  DCD X    1
  2nd closest surface     0.810   S2  DCD X    1
  found on step  550
 current point:
  at point   40.950  38.230  39.134
  closest atom surface    0.809   S2  DCD X    1
  2nd closest surface     0.810   N6  DCD X    1
  found on step  940
  no. of rejections          371
 stored as     0

 highest radius point found:
  at point   41.150  38.268  39.187
  closest atom surface    0.863   S2  DCD X    1
  2nd closest surface     0.864   N6  DCD X    1
  found on step  752
 current point:
  at point   41.150  38.266  39.187
  closest atom surface    0.862   N6  DCD X    1
  2nd closest surface     0.864   S2  DCD X    1
  found on step  933
  no. of rejections          383
 stored as     1

 highest radius point found:
  at point   41.350  38.310  39.233
  closest atom surface    0.930   S3  DCD X    1
  2nd closest surface     0.932   H20 DCD X    1
  found on step  975
  this is also current point
  no. of rejections          418
 stored as     2

 highest radius point found:
  at point   41.550  38.456  39.277
  closest atom surface    0.975   H20 DCD X    1
  2nd closest surface     0.975   S2  DCD X    1
  found on step  984
  this is also current point
  no. of rejections          391
 stored as     3

 highest radius point found:
  at point   41.750  38.595  39.318
  closest atom surface    1.042   S2  DCD X    1
  2nd closest surface     1.042   S3  DCD X    1
  found on step  926
  this is also current point
  no. of rejections          380
 stored as     4

 highest radius point found:
  at point   41.950  38.720  39.360
  closest atom surface    1.128   S3  DCD X    1
  2nd closest surface     1.131   S2  DCD X    1
  found on step  987
  this is also current point
  no. of rejections          342
 stored as     5

 highest radius point found:
  at point   42.150  38.840  39.408
  closest atom surface    1.233   S2  DCD X    1
  2nd closest surface     1.234   H20 DCD X    1
  found on step  960
  this is also current point
  no. of rejections          351
 stored as     6

 highest radius point found:
  at point   42.350  38.955  39.451
  closest atom surface    1.352   S3  DCD X    1
  2nd closest surface     1.352   S2  DCD X    1
  found on step  957
  this is also current point
  no. of rejections          329
 stored as     7

 highest radius point found:
  at point   42.550  39.065  39.500
  closest atom surface    1.481   S2  DCD X    1
  2nd closest surface     1.484   H20 DCD X    1
  found on step  506
 current point:
  at point   42.550  39.764  39.432
  closest atom surface    1.476   S3  DCD X    1
  2nd closest surface     1.476   S2  DCD X    1
  found on step  961
  no. of rejections          318
 stored as     8

 highest radius point found:
  at point   42.750  39.198  39.538
  closest atom surface    1.622   S3  DCD X    1
  2nd closest surface     1.623   S2  DCD X    1
  found on step  949
  this is also current point
  no. of rejections          331
 stored as     9

 highest radius point found:
  at point   42.950  39.210  39.552
  closest atom surface    1.746   S3  DCD X    1
  2nd closest surface     1.747   N1  DCD X    1
  found on step  972
  this is also current point
  no. of rejections          370
 stored as    10

 highest radius point found:
  at point   43.150  39.119  39.488
  closest atom surface    1.813   N1  DCD X    1
  2nd closest surface     1.814   S3  DCD X    1
  found on step  906
  this is also current point
  no. of rejections          363
 stored as    11

 highest radius point found:
  at point   43.350  39.021  39.424
  closest atom surface    1.895   S3  DCD X    1
  2nd closest surface     1.897   H20 DCD X    1
  found on step  950
  this is also current point
  no. of rejections          365
 stored as    12

 highest radius point found:
  at point   43.550  38.920  39.487
  closest atom surface    1.933   O11 DCD X    1
  2nd closest surface     1.934   H20 DCD X    1
  found on step  895
  this is also current point
  no. of rejections          387
 stored as    13

 highest radius point found:
  at point   43.750  38.811  39.601
  closest atom surface    1.963   O1  DCD X    1
  2nd closest surface     1.963   O11 DCD X    1
  found on step  762
 current point:
  at point   43.750  38.815  39.600
  closest atom surface    1.963   O1  DCD X    1
  2nd closest surface     1.966   O11 DCD X    1
  found on step  995
  no. of rejections          376
 stored as    14

 highest radius point found:
  at point   43.950  38.823  39.538
  closest atom surface    1.990   N1  DCD X    1
  2nd closest surface     1.993   O11 DCD X    1
  found on step  269
 current point:
  at point   43.950  38.841  39.505
  closest atom surface    1.987   O11 DCD X    1
  2nd closest surface     1.989   N1  DCD X    1
  found on step  982
  no. of rejections          363
 stored as    15

 highest radius point found:
  at point   44.150  39.264  38.781
  closest atom surface    2.054   N1  DCD X    1
  2nd closest surface     2.057   O11 DCD X    1
  found on step  327
 current point:
  at point   44.150  38.977  39.237
  closest atom surface    2.017   N1  DCD X    1
  2nd closest surface     2.017   O11 DCD X    1
  found on step  926
  no. of rejections          362
 stored as    16

 highest radius point found:
  at point   44.350  39.337  38.601
  closest atom surface    2.136   O11 DCD X    1
  2nd closest surface     2.139   S3  DCD X    1
  found on step  961
  this is also current point
  no. of rejections          367
 stored as    17

 highest radius point found:
  at point   44.550  39.411  38.436
  closest atom surface    2.236   N1  DCD X    1
  2nd closest surface     2.237   S3  DCD X    1
  found on step  979
  this is also current point
  no. of rejections          354
 stored as    18

 highest radius point found:
  at point   44.750  39.480  38.269
  closest atom surface    2.348   S3  DCD X    1
  2nd closest surface     2.350   N1  DCD X    1
  found on step  985
  this is also current point
  no. of rejections          379
 stored as    19

 highest radius point found:
  at point   44.950  39.545  38.109
  closest atom surface    2.476   S3  DCD X    1
  2nd closest surface     2.476   N1  DCD X    1
  found on step   78
 current point:
  at point   44.950  39.548  38.105
  closest atom surface    2.474   S3  DCD X    1
  2nd closest surface     2.477   N1  DCD X    1
  found on step  986
  no. of rejections          313
 stored as    20

 highest radius point found:
  at point   45.150  40.405  37.451
  closest atom surface    2.624   N1  DCD X    1
  2nd closest surface     2.627   S3  DCD X    1
  found on step  476
 current point:
  at point   45.150  39.613  37.946
  closest atom surface    2.614   S3  DCD X    1
  2nd closest surface     2.614   N1  DCD X    1
  found on step  981
  no. of rejections          312
 stored as    21

 highest radius point found:
  at point   45.350  40.243  37.431
  closest atom surface    2.773   S3  DCD X    1
  2nd closest surface     2.773   N1  DCD X    1
  found on step  143
 current point:
  at point   45.350  39.680  37.785
  closest atom surface    2.763   N1  DCD X    1
  2nd closest surface     2.763   S3  DCD X    1
  found on step  996
  no. of rejections          246
 stored as    22

 highest radius point found:
  at point   45.550  40.075  37.415
  closest atom surface    2.928   S3  DCD X    1
  2nd closest surface     2.930   C43 DCD X    1
  found on step  995
  this is also current point
  no. of rejections          282
 stored as    23

 highest radius point found:
  at point   45.750  39.902  37.408
  closest atom surface    3.092   N1  DCD X    1
  2nd closest surface     3.092   S3  DCD X    1
  found on step  875
 current point:
  at point   45.750  39.895  37.412
  closest atom surface    3.092   S3  DCD X    1
  2nd closest surface     3.092   N1  DCD X    1
  found on step  940
  no. of rejections          316
 stored as    24

 highest radius point found:
  at point   45.950  39.801  37.410
  closest atom surface    3.215   C43 DCD X    1
  2nd closest surface     3.216   O11 DCD X    1
  found on step  986
  this is also current point
  no. of rejections          352
 stored as    25

 highest radius point found:
  at point   46.150  39.752  37.432
  closest atom surface    3.312   O11 DCD X    1
  2nd closest surface     3.315   C43 DCD X    1
  found on step  966
  this is also current point
  no. of rejections          355
 stored as    26

 highest radius point found:
  at point   46.350  39.704  37.454
  closest atom surface    3.414   O11 DCD X    1
  2nd closest surface     3.419   N1  DCD X    1
  found on step  892
  this is also current point
  no. of rejections          381
 stored as    27

 highest radius point found:
  at point   46.550  39.657  37.465
  closest atom surface    3.523   C43 DCD X    1
  2nd closest surface     3.524   O11 DCD X    1
  found on step  987
  this is also current point
  no. of rejections          353
 stored as    28

 highest radius point found:
  at point   46.750  39.612  37.494
  closest atom surface    3.640   O11 DCD X    1
  2nd closest surface     3.642   C43 DCD X    1
  found on step  998
  this is also current point
  no. of rejections          391
 stored as    29

 highest radius point found:
  at point   46.950  39.569  37.516
  closest atom surface    3.759   N1  DCD X    1
  2nd closest surface     3.759   C43 DCD X    1
  found on step  930
  this is also current point
  no. of rejections          342
 stored as    30

 highest radius point found:
  at point   47.150  39.499  37.533
  closest atom surface    3.875   O11 DCD X    1
  2nd closest surface     3.897   N1  DCD X    1
  found on step   20
 current point:
  at point   47.150  38.725  35.457
  closest atom surface    3.786   C43 DCD X    1
  2nd closest surface     3.800   O11 DCD X    1
  found on step  994
  no. of rejections          334
 stored as    31

 highest radius point found:
  at point   47.350  39.465  37.552
  closest atom surface    4.014   O11 DCD X    1
  2nd closest surface     4.018   C43 DCD X    1
  found on step  971
  this is also current point
  no. of rejections          323
 stored as    32

 highest radius point found:
  at point   47.550  39.421  37.576
  closest atom surface    4.151   N1  DCD X    1
  2nd closest surface     4.151   O11 DCD X    1
  found on step  667
 current point:
  at point   47.550  39.418  37.568
  closest atom surface    4.149   O11 DCD X    1
  2nd closest surface     4.149   C43 DCD X    1
  found on step  981
  no. of rejections          329
 stored as    33

 highest radius point found:
  at point   47.750  39.368  37.590
  closest atom surface    4.287   O11 DCD X    1
  2nd closest surface     4.287   H55 DCD X    1
  found on step  981
  this is also current point
  no. of rejections          332
 stored as    34

 highest radius point found:
  at point   47.950  39.306  37.604
  closest atom surface    4.422   O11 DCD X    1
  2nd closest surface     4.422   H55 DCD X    1
  found on step  989
  this is also current point
  no. of rejections          309
 stored as    35

 highest radius point found:
  at point   48.150  39.242  37.626
  closest atom surface    4.560   O11 DCD X    1
  2nd closest surface     4.561   H2  DCD X    1
  found on step  234
 current point:
  at point   48.150  39.238  37.635
  closest atom surface    4.557   H2  DCD X    1
  2nd closest surface     4.558   O11 DCD X    1
  found on step  940
  no. of rejections          320
 stored as    36

 highest radius point found:
  at point   48.350  35.980  31.750
  closest atom surface    6.283   O11 DCD X    1
  2nd closest surface     6.309   H48 DCD X    1
  found on step  998
  this is also current point
  no. of rejections          244
 stored as    37

 highest radius point found:
  at point   48.550  32.325  24.609
  closest atom surface   12.339   O17 DCD X    1
  2nd closest surface    12.391   C38 DCD X    1
  found on step 1000
  this is also current point
  no. of rejections          271
 stored as    38

 highest radius point found:
  at point   48.750  27.085  15.693
  closest atom surface   21.303   O12 DCD X    1
  2nd closest surface    21.883   C38 DCD X    1
  found on step  999
  this is also current point
  no. of rejections          242
 stored as    39

 highest radius point found:
  at point   48.950  23.302   6.583
  closest atom surface   30.520   O12 DCD X    1
  2nd closest surface    31.341   O17 DCD X    1
  found on step  995
  this is also current point
  no. of rejections          263
 This is an end! (radius above  22.0 angs)
 highest radius point found:
  at point   40.750  38.190  39.079
  closest atom surface    0.771   N6  DCD X    1
  2nd closest surface     0.772   S3  DCD X    1
  found on step  897
  this is also current point
  no. of rejections          376
 stored as    -1

 highest radius point found:
  at point   40.550  38.148  39.031
  closest atom surface    0.749   N6  DCD X    1
  2nd closest surface     0.749   S2  DCD X    1
  found on step  993
  this is also current point
  no. of rejections          408
 stored as    -2

 highest radius point found:
  at point   40.350  38.107  38.977
  closest atom surface    0.743   N6  DCD X    1
  2nd closest surface     0.744   S3  DCD X    1
  found on step  871
 current point:
  at point   40.350  38.106  38.978
  closest atom surface    0.743   N6  DCD X    1
  2nd closest surface     0.744   S2  DCD X    1
  found on step  893
  no. of rejections          385
 stored as    -3

 highest radius point found:
  at point   40.150  38.064  38.926
  closest atom surface    0.755   N6  DCD X    1
  2nd closest surface     0.755   S3  DCD X    1
  found on step  873
  this is also current point
  no. of rejections          420
 stored as    -4

 highest radius point found:
  at point   39.950  37.937  39.015
  closest atom surface    0.718   O13 DCD X    1
  2nd closest surface     0.719   N6  DCD X    1
  found on step  954
  this is also current point
  no. of rejections          339
 stored as    -5

 highest radius point found:
  at point   39.750  37.734  39.231
  closest atom surface    0.669   S2  DCD X    1
  2nd closest surface     0.669   N6  DCD X    1
  found on step  797
 current point:
  at point   39.750  37.728  39.240
  closest atom surface    0.665   N6  DCD X    1
  2nd closest surface     0.667   S2  DCD X    1
  found on step  997
  no. of rejections          340
 stored as    -6

 highest radius point found:
  at point   39.550  37.533  39.437
  closest atom surface    0.668   N6  DCD X    1
  2nd closest surface     0.669   S2  DCD X    1
  found on step  602
 current point:
  at point   39.550  37.538  39.422
  closest atom surface    0.668   N6  DCD X    1
  2nd closest surface     0.668   O13 DCD X    1
  found on step  950
  no. of rejections          372
 stored as    -7

 highest radius point found:
  at point   39.350  37.341  39.624
  closest atom surface    0.717   S2  DCD X    1
  2nd closest surface     0.718   N6  DCD X    1
  found on step  782
 current point:
  at point   39.350  37.267  39.743
  closest atom surface    0.716   N6  DCD X    1
  2nd closest surface     0.716   S2  DCD X    1
  found on step  981
  no. of rejections          353
 stored as    -8

 highest radius point found:
  at point   39.150  37.143  39.798
  closest atom surface    0.797   O13 DCD X    1
  2nd closest surface     0.798   N4  DCD X    1
  found on step  144
 current point:
  at point   39.150  37.157  39.805
  closest atom surface    0.796   O13 DCD X    1
  2nd closest surface     0.797   N4  DCD X    1
  found on step  953
  no. of rejections          344
 stored as    -9

 highest radius point found:
  at point   38.950  36.917  39.881
  closest atom surface    0.867   N4  DCD X    1
  2nd closest surface     0.867   O13 DCD X    1
  found on step  965
  this is also current point
  no. of rejections          322
 stored as   -10

 highest radius point found:
  at point   38.750  36.708  39.965
  closest atom surface    0.961   C14 DCD X    1
  2nd closest surface     0.962   O13 DCD X    1
  found on step  991
  this is also current point
  no. of rejections          314
 stored as   -11

 highest radius point found:
  at point   38.550  31.729  37.875
  closest atom surface    2.849   H21 DCD X    1
  2nd closest surface     2.922   C15 DCD X    1
  found on step 1000
  this is also current point
  no. of rejections          254
 stored as   -12

 highest radius point found:
  at point   38.350  24.848  32.760
  closest atom surface    9.341   O12 DCD X    1
  2nd closest surface     9.361   C31 DCD X    1
  found on step  996
  this is also current point
  no. of rejections          313
 stored as   -13

 highest radius point found:
  at point   38.150  17.042  27.326
  closest atom surface   18.304   C31 DCD X    1
  2nd closest surface    18.329   O12 DCD X    1
  found on step 1000
  this is also current point
  no. of rejections          258
 stored as   -14

 highest radius point found:
  at point   37.950   7.667  20.719
  closest atom surface   29.539   C31 DCD X    1
  2nd closest surface    29.572   O12 DCD X    1
  found on step 1000
  this is also current point
  no. of rejections          242
 This is an end! (radius above  22.0 angs)
 
 N.b. Graph information routine (HOGRAP) differs 
        markedly from previous versions!
       Information now is written from -ve end
       to +ve in one pass
 
 Explanation of the meaning of each column: 
 First column "cenxyz.cvec" is the coordinate in the
   direction of the channel vector i.e. if the channel
   vector is in z (0 0 1) then it is the z coordinate.
 The second column "radius" is the hole pore radius 
   (as defined in the Biophys J 1993) article).
 The third column "cen_line_D" is the distance 
   measured along the pore centre line - with the 
   first point found set to zero. This was the first
   thing that I used to measure the distance along a pore
   but "cenxyz.cvec" is a much better general measure. 
   However, by comparing changes in this distance to changes in '   "cenxyz.cvec" one can get a measure of how straight a 
   channel is.
 The fourth column "sum{s/(area)}" is useful in conductance
   prediction -
   basically it is the sum of the thickness of each slab
   divided by its area. HOLE uses this measure to estimate
   the macroscopic conductance of a channel.
 If any of this worries you one can see the "raw" results
   of a standard hole run by producing a sphpdb file and 
    directly looking at the results.
 cenxyz.cvec      radius  cen_line_D sum{s/(area point sourc
    38.15037    18.30374   -26.57610     0.00010   (sampled)
    38.25037    13.74831   -21.81957     0.00026 (mid-point)
    38.35037     9.34091   -17.06304     0.00063   (sampled)
    38.45037     5.69756   -12.77477     0.00161 (mid-point)
    38.55037     2.84855    -8.48650     0.00553   (sampled)
    38.65037     1.00184    -5.78482     0.03725 (mid-point)
    38.75037     0.96065    -3.08314     0.07174   (sampled)
    38.85037     0.91024    -2.93275     0.11016 (mid-point)
    38.95037     0.86657    -2.78236     0.15254   (sampled)
    39.05037     0.82731    -2.62571     0.19905 (mid-point)
    39.15037     0.79728    -2.46906     0.24913   (sampled)
    39.25037     0.75251    -2.30387     0.30534 (mid-point)
    39.35037     0.71740    -2.13867     0.36719   (sampled)
    39.45037     0.68730    -1.97150     0.43457 (mid-point)
    39.55037     0.66826    -1.80433     0.50585   (sampled)
    39.65037     0.66205    -1.62885     0.57847 (mid-point)
    39.75037     0.66853    -1.45337     0.64969   (sampled)
    39.85037     0.68742    -1.27451     0.71705 (mid-point)
    39.95037     0.71833    -1.09565     0.77874   (sampled)
    40.05037     0.73365    -0.96917     0.83788 (mid-point)
    40.15037     0.75451    -0.84270     0.89380   (sampled)
    40.25037     0.74655    -0.73738     0.95091 (mid-point)
    40.35037     0.74302    -0.63206     1.00857   (sampled)
    40.45037     0.74371    -0.52640     1.06612 (mid-point)
    40.55037     0.74887    -0.42074     1.12287   (sampled)
    40.65037     0.75797    -0.31579     1.17828 (mid-point)
    40.75037     0.77141    -0.21083     1.23177   (sampled)
    40.85037     0.78860    -0.10542     1.28295 (mid-point)
    40.95037     0.81001     0.00000     1.33147   (sampled)
    41.05037     0.83446     0.10532     1.37718 (mid-point)
    41.15037     0.86252     0.21063     1.41997   (sampled)
    41.25037     0.89586     0.31538     1.45963 (mid-point)
    41.35037     0.92984     0.42014     1.49644   (sampled)
    41.45037     0.94973     0.54580     1.53173 (mid-point)
    41.55037     0.97523     0.67147     1.56520   (sampled)
    41.65037     1.00638     0.79498     1.59663 (mid-point)
    41.75037     1.04216     0.91850     1.62594   (sampled)
    41.85037     1.08296     1.03832     1.65308 (mid-point)
    41.95037     1.12780     1.15813     1.67811   (sampled)
    42.05037     1.17971     1.27708     1.70098 (mid-point)
    42.15037     1.23319     1.39604     1.72191   (sampled)
    42.25037     1.29123     1.51336     1.74100 (mid-point)
    42.35037     1.35233     1.63069     1.75841   (sampled)
    42.45037     1.41530     1.74752     1.77430 (mid-point)
    42.55037     1.48101     1.86436     1.78881   (sampled)
    42.65037     1.55039     1.98608     1.80205 (mid-point)
    42.75037     1.62226     2.10780     1.81415   (sampled)
    42.85037     1.68310     2.20822     1.82538 (mid-point)
    42.95037     1.74564     2.30864     1.83583   (sampled)
    43.05037     1.77790     2.42326     1.84590 (mid-point)
    43.15037     1.81256     2.53789     1.85559   (sampled)
    43.25037     1.85254     2.65372     1.86486 (mid-point)
    43.35037     1.89461     2.76954     1.87373   (sampled)
    43.45037     1.91311     2.88582     1.88243 (mid-point)
    43.55037     1.93338     3.00210     1.89094   (sampled)
    43.65037     1.94616     3.12930     1.89935 (mid-point)
    43.75037     1.96318     3.25650     1.90761   (sampled)
    43.85037     1.97657     3.36138     1.91575 (mid-point)
    43.95037     1.99017     3.46626     1.92379   (sampled)
    44.05037     1.99556     3.91605     1.93178 (mid-point)
    44.15037     2.05450     4.36584     1.93933   (sampled)
    44.25037     2.09432     4.50506     1.94658 (mid-point)
    44.35037     2.13614     4.64427     1.95356   (sampled)
    44.45037     2.18496     4.77896     1.96023 (mid-point)
    44.55037     2.23569     4.91365     1.96659   (sampled)
    44.65037     2.29094     5.04858     1.97266 (mid-point)
    44.75037     2.34837     5.18350     1.97843   (sampled)
    44.85037     2.41042     5.31565     1.98391 (mid-point)
    44.95037     2.47550     5.44780     1.98910   (sampled)
    45.05037     2.51532     5.99845     1.99413 (mid-point)
    45.15037     2.62430     6.54910     1.99876   (sampled)
    45.25037     2.69762     6.67823     2.00313 (mid-point)
    45.35037     2.77287     6.80737     2.00727   (sampled)
    45.45037     2.84917     6.93835     2.01119 (mid-point)
    45.55037     2.92778     7.06934     2.01490   (sampled)
    45.65037     3.00905     7.20142     2.01842 (mid-point)
    45.75037     3.09227     7.33351     2.02175   (sampled)
    45.85037     3.15373     7.44557     2.02495 (mid-point)
    45.95037     3.21536     7.55763     2.02803   (sampled)
    46.05037     3.26321     7.66118     2.03102 (mid-point)
    46.15037     3.31176     7.76473     2.03392   (sampled)
    46.25037     3.36228     7.86816     2.03674 (mid-point)
    46.35037     3.41440     7.97159     2.03947   (sampled)
    46.45037     3.46821     8.07451     2.04211 (mid-point)
    46.55037     3.52340     8.17743     2.04468   (sampled)
    46.65037     3.58123     8.28100     2.04716 (mid-point)
    46.75037     3.64034     8.38457     2.04956   (sampled)
    46.85037     3.69958     8.48736     2.05189 (mid-point)
    46.95037     3.75850     8.59016     2.05414   (sampled)
    47.05037     3.81898     8.69651     2.05632 (mid-point)
    47.15037     3.87529     8.80286     2.05844   (sampled)
    47.25037     3.94426     8.90470     2.06049 (mid-point)
    47.35037     4.01423     9.00654     2.06246   (sampled)
    47.45037     4.08207     9.10973     2.06437 (mid-point)
    47.55037     4.15082     9.21291     2.06622   (sampled)
    47.65037     4.21840     9.31653     2.06801 (mid-point)
    47.75037     4.28689     9.42015     2.06974   (sampled)
    47.85037     4.35376     9.52508     2.07142 (mid-point)
    47.95037     4.42170     9.63001     2.07305   (sampled)
    48.05037     4.49030     9.73560     2.07463 (mid-point)
    48.15037     4.55993     9.84119     2.07616   (sampled)
    48.25037     4.63079    13.20296     2.07764 (mid-point)
    48.35037     6.28325    16.56473     2.07845   (sampled)
    48.45037     9.04844    20.57698     2.07884 (mid-point)
    48.55037    12.33900    24.58922     2.07905   (sampled)
    48.65037    16.77049    29.76111     2.07916 (mid-point)
    48.75037    21.30347    34.93300     2.07923   (sampled)

 Minimum radius found:      0.662 angstroms.



 For spherical probe approach, The geometric factor
         F= sum(ds/area) along channel is    2.079 angstroms**-1
 This yields a macroscopic predicted molar conductance of:
   (1/rho)*(100/F)= (48/rho) pS,
   where rho is the conductivity of 1M permeant ion in ohm m.
 N.B. this is a macroscopic conductance - an overestimate 
 Empirically corrected conductances currently only available
 With the CAPSULE option (although its not that stable!)
 For 1M KCl rho= 1/12 (ohm m), So Gmacro= 580 pS/M.
  (TAG      1   Rmin=     0.66205   Gmacro=   577.13676 Conn_Gmacro=    -1.00000 ).
 HOLE: normal completion
