 *** Program HOLE ***
 
 If results of this run are reported or published, please
 cite the publication listed below.
 For the HOLE program:
   Smart, O.S., Goodfellow, J.M., Wallace, B.A. (1993). 
   The pore dimensions of gramicidin A. 
   Biophys. J., 65, 2455-2460.
 
 Originally written by Oliver Smart at Birkbeck College from April 1992.
 Copyright 1993-2005 Oliver Smart
 Copyright 2014-2015 SmartSci Limited.
 Copyright 2016 Oliver Smart.
 
 For help on HOLE suite see  http://www.holeprogram.org/
 
 HOLE release 2.2.005 (07 August 2016) 
 
 usage subject to Apache License, Version 2.0 
 see http://www.apache.org/licenses/LICENSE-2.0 

 Control variables read:

! Input file for Oliver Smart's HOLE program
! written by MDAnalysis.analysis.hole2.HoleAnalysis
! for a Universe
! u = mda.Universe(/afs/crc.nd.edu/user/m/mfarshad/Private/ML-new/traj/host-dcdd
!    /afs/crc.nd.edu/user/m/mfarshad/Private/ML-new/traj/host-dcddc3/host_dcddc3
!   )
! Frame 190

COORD  /tmp/2550297.1.long/tmpyx4o2d6n.pdb
RADIUS simple2.rad
SPHPDB hole190.sph
SAMPLE 0.200000
ENDRAD 22.000000
IGNORE SOL WAT TIP HOH K   NA  CL
SHORTO 0
RASEED 31415
CPOINT 40.7890985467 39.8092938434 40.7576784927


 WARNING have not found a CVECT record - will try to guess
 Input pdb filename read as:    '/tmp/2550297.1.long/tmpyx4o2d6n.pdb'
 Input vdW radius file read as: 'simple2.rad'
 point in channel:   40.789  39.809  40.758
 channel vector:   ************************
 sampling distance between planes:    0.200

 graphics conditions:
 binary plot output file name: NONE
 Dot density:    10
 Draw dots?           T
 Draw close contacts? F
 Draw centre line?    T
 Produce spikes rather than dots? F
 Seed for random number generator:     31415 (0 means value set by program)
 Radius above which a result is regarded as an 'end':  22.000
 Pdb format file for sphere centres: hole190.sph

 Monte Carlo conditions:
  no of steps:  1000
  maximum displacement   0.100 angs
  'kT' initial   0.100 angs
 The spherebox and capsule options are turned off.
 (No molqpt card so will not write qpt file of the molecule)
 IGNORE card read so will ignore residue types: SOL WAT TIP HOH K   NA  CL
 no SHORTO card read so will produce full textual output
 As no PEGRAT card was found will not produce PEG polymer exclusion graph
 (No 2DMAPS card specified so will not produce 2D property maps)
 Have not found a CUT card.  Normal calculation using
   Cutoff lists with a cutsize=       1.000
   (if you wish to turn off option use a CUT -1 card)

 Have read     7 bond radius records and
              16 vdW radius records.
 From file: simple2.rad

 Have read   178 atom records.
 From file: /tmp/2550297.1.long/tmpyx4o2d6n.pdb
 Will not produce graphical output

 Have opened file for pdb format output of sphere centres:  hole190.sph

  Seed integer used by ran # generator on this run      31415

 
 S/R cguess will try to guess CPOINT and/or CVECT
 
 THESE GUESSES MAY WELL BE WRONG!!!!
 Routine relies on having a reasonably symmetric
 channel oriented along x, y or z vector
 YOU ARE STRONGLY ADVISED TO CHECK THE RESULTS
                       WITH MOLECULAR GRAPHICS
 testing points from cpoint in X, Y then Z direction
   point                   pore radius
direction     1
  35.789  39.809  40.758     1.080
  36.789  39.809  40.758     0.364
  37.789  39.809  40.758    -0.080
  38.789  39.809  40.758    -0.869
  39.789  39.809  40.758    -1.527
  40.789  39.809  40.758    -0.919
  41.789  39.809  40.758     0.028
  42.789  39.809  40.758     1.009
  43.789  39.809  40.758     0.835
  44.789  39.809  40.758     0.984
  45.789  39.809  40.758     1.465
 Average pore radius along the line=      0.216
direction     2
  40.789  34.809  40.758    -1.098
  40.789  35.809  40.758    -1.286
  40.789  36.809  40.758    -1.093
  40.789  37.809  40.758    -0.540
  40.789  38.809  40.758    -0.466
  40.789  39.809  40.758    -0.919
  40.789  40.809  40.758    -0.592
  40.789  41.809  40.758     0.175
  40.789  42.809  40.758    -0.195
  40.789  43.809  40.758    -0.447
  40.789  44.809  40.758    -0.774
 Average pore radius along the line=     -0.658
direction     3
  40.789  39.809  35.758    -0.864
  40.789  39.809  36.758    -1.351
  40.789  39.809  37.758    -0.904
  40.789  39.809  38.758    -0.005
  40.789  39.809  39.758    -0.241
  40.789  39.809  40.758    -0.919
  40.789  39.809  41.758    -0.886
  40.789  39.809  42.758    -0.997
  40.789  39.809  43.758    -0.449
  40.789  39.809  44.758     0.311
  40.789  39.809  45.758     0.472
 Average pore radius along the line=     -0.530
 Best direction is found to be     1
(1=X,2=Y,3=Z)
 s/r cguess has produced initial values for cpoint &/or cvect:
CPOINT      40.7891     39.8093     40.7577
CVECT        1.0000      0.0000      0.0000
 THESE GUESSES MAY WELL BE WRONG!!!!
 Routine relies on having a reasonably symmetric
 channel oriented along x, y or z vector
 YOU ARE STRONGLY ADVISED TO CHECK THE RESULTS
                       WITH MOLECULAR GRAPHICS
 
 
  Some routines (e.g. conn) need vectors normal to cvect: 
     EAST Zero degrees angle is along vector    0.000   1.000   0.000
     NORTH  90 degrees angle is along vector    0.000   0.000  -1.000
 highest radius point found:
  at point   40.789  39.809  40.758
  closest atom surface    0.213   S2  DCD X    1
  2nd closest surface     0.213   C7  DCD X    1
  found on step    1
  this is also current point
  no. of rejections          999
 stored as     0

 highest radius point found:
  at point   40.989  38.229  39.416
  closest atom surface    0.723   N4  DCD X    1
  2nd closest surface     0.725   S2  DCD X    1
  found on step  984
  this is also current point
  no. of rejections          339
 stored as     1

 highest radius point found:
  at point   41.189  38.318  39.454
  closest atom surface    0.740   S3  DCD X    1
  2nd closest surface     0.741   S2  DCD X    1
  found on step  923
  this is also current point
  no. of rejections          406
 stored as     2

 highest radius point found:
  at point   41.389  38.421  39.489
  closest atom surface    0.765   S3  DCD X    1
  2nd closest surface     0.766   H20 DCD X    1
  found on step  611
 current point:
  at point   41.389  38.404  39.479
  closest atom surface    0.761   S3  DCD X    1
  2nd closest surface     0.762   H20 DCD X    1
  found on step  885
  no. of rejections          401
 stored as     3

 highest radius point found:
  at point   41.589  38.528  39.526
  closest atom surface    0.810   S3  DCD X    1
  2nd closest surface     0.811   S2  DCD X    1
  found on step  833
 current point:
  at point   41.589  38.506  39.522
  closest atom surface    0.808   H20 DCD X    1
  2nd closest surface     0.811   S3  DCD X    1
  found on step  997
  no. of rejections          414
 stored as     4

 highest radius point found:
  at point   41.789  38.606  39.565
  closest atom surface    0.879   S3  DCD X    1
  2nd closest surface     0.880   H20 DCD X    1
  found on step  991
  this is also current point
  no. of rejections          409
 stored as     5

 highest radius point found:
  at point   41.989  38.692  39.608
  closest atom surface    0.964   H20 DCD X    1
  2nd closest surface     0.964   S2  DCD X    1
  found on step  990
  this is also current point
  no. of rejections          366
 stored as     6

 highest radius point found:
  at point   42.189  38.770  39.648
  closest atom surface    1.063   S2  DCD X    1
  2nd closest surface     1.065   H20 DCD X    1
  found on step  842
 current point:
  at point   42.189  38.772  39.646
  closest atom surface    1.063   S3  DCD X    1
  2nd closest surface     1.063   S2  DCD X    1
  found on step  985
  no. of rejections          326
 stored as     7

 highest radius point found:
  at point   42.389  41.447  39.020
  closest atom surface    1.417   N1  DCD X    1
  2nd closest surface     1.422   S3  DCD X    1
  found on step  593
 current point:
  at point   42.389  41.212  39.189
  closest atom surface    1.385   N1  DCD X    1
  2nd closest surface     1.386   S3  DCD X    1
  found on step 1000
  no. of rejections          365
 stored as     8

 highest radius point found:
  at point   42.589  41.784  38.656
  closest atom surface    1.537   N1  DCD X    1
  2nd closest surface     1.538   S3  DCD X    1
  found on step  950
  this is also current point
  no. of rejections          365
 stored as     9

 highest radius point found:
  at point   42.789  41.741  38.571
  closest atom surface    1.557   H51 DCD X    1
  2nd closest surface     1.561   S3  DCD X    1
  found on step  982
  this is also current point
  no. of rejections          377
 stored as    10

 highest radius point found:
  at point   42.989  41.717  38.500
  closest atom surface    1.583   N1  DCD X    1
  2nd closest surface     1.584   S4  DCD X    1
  found on step  520
 current point:
  at point   42.989  41.692  38.508
  closest atom surface    1.583   N1  DCD X    1
  2nd closest surface     1.584   S4  DCD X    1
  found on step  975
  no. of rejections          381
 stored as    11

 highest radius point found:
  at point   43.189  41.580  38.473
  closest atom surface    1.612   N1  DCD X    1
  2nd closest surface     1.612   S4  DCD X    1
  found on step  788
 current point:
  at point   43.189  41.720  38.426
  closest atom surface    1.612   S4  DCD X    1
  2nd closest surface     1.612   N1  DCD X    1
  found on step  892
  no. of rejections          393
 stored as    12

 highest radius point found:
  at point   43.389  41.436  38.451
  closest atom surface    1.656   S3  DCD X    1
  2nd closest surface     1.657   N1  DCD X    1
  found on step  800
 current point:
  at point   43.389  41.494  38.431
  closest atom surface    1.654   S4  DCD X    1
  2nd closest surface     1.654   N1  DCD X    1
  found on step  960
  no. of rejections          379
 stored as    13

 highest radius point found:
  at point   43.589  39.561  39.724
  closest atom surface    1.891   O1  DCD X    1
  2nd closest surface     1.891   S3  DCD X    1
  found on step  975
  this is also current point
  no. of rejections          371
 stored as    14

 highest radius point found:
  at point   43.789  38.805  39.715
  closest atom surface    2.024   H22 DCD X    1
  2nd closest surface     2.025   S3  DCD X    1
  found on step  910
  this is also current point
  no. of rejections          374
 stored as    15

 highest radius point found:
  at point   43.989  38.838  39.624
  closest atom surface    2.103   S3  DCD X    1
  2nd closest surface     2.103   O1  DCD X    1
  found on step  757
 current point:
  at point   43.989  38.840  39.623
  closest atom surface    2.102   S3  DCD X    1
  2nd closest surface     2.103   O1  DCD X    1
  found on step  956
  no. of rejections          382
 stored as    16

 highest radius point found:
  at point   44.189  38.856  39.532
  closest atom surface    2.192   S3  DCD X    1
  2nd closest surface     2.195   H22 DCD X    1
  found on step  913
  this is also current point
  no. of rejections          388
 stored as    17

 highest radius point found:
  at point   44.389  38.878  39.445
  closest atom surface    2.293   S3  DCD X    1
  2nd closest surface     2.294   O1  DCD X    1
  found on step  967
  this is also current point
  no. of rejections          364
 stored as    18

 highest radius point found:
  at point   44.589  38.897  39.359
  closest atom surface    2.401   O1  DCD X    1
  2nd closest surface     2.403   S3  DCD X    1
  found on step  969
  this is also current point
  no. of rejections          355
 stored as    19

 highest radius point found:
  at point   44.789  38.913  39.269
  closest atom surface    2.519   S3  DCD X    1
  2nd closest surface     2.522   O1  DCD X    1
  found on step  970
  this is also current point
  no. of rejections          359
 stored as    20

 highest radius point found:
  at point   44.989  38.936  39.183
  closest atom surface    2.644   S3  DCD X    1
  2nd closest surface     2.645   O1  DCD X    1
  found on step  938
  this is also current point
  no. of rejections          335
 stored as    21

 highest radius point found:
  at point   45.189  38.984  39.093
  closest atom surface    2.773   S3  DCD X    1
  2nd closest surface     2.774   O1  DCD X    1
  found on step  684
 current point:
  at point   45.189  39.048  39.088
  closest atom surface    2.766   O1  DCD X    1
  2nd closest surface     2.769   S3  DCD X    1
  found on step  992
  no. of rejections          318
 stored as    22

 highest radius point found:
  at point   45.389  39.088  38.998
  closest atom surface    2.905   O1  DCD X    1
  2nd closest surface     2.906   S3  DCD X    1
  found on step  997
  this is also current point
  no. of rejections          257
 stored as    23

 highest radius point found:
  at point   45.589  39.138  38.908
  closest atom surface    3.049   S3  DCD X    1
  2nd closest surface     3.049   O1  DCD X    1
  found on step  989
  this is also current point
  no. of rejections          329
 stored as    24

 highest radius point found:
  at point   45.789  39.197  38.782
  closest atom surface    3.180   O11 DCD X    1
  2nd closest surface     3.184   N1  DCD X    1
  found on step  217
 current point:
  at point   45.789  39.189  38.801
  closest atom surface    3.179   N1  DCD X    1
  2nd closest surface     3.180   O11 DCD X    1
  found on step  997
  no. of rejections          323
 stored as    25

 highest radius point found:
  at point   45.989  39.268  38.617
  closest atom surface    3.314   O11 DCD X    1
  2nd closest surface     3.314   S3  DCD X    1
  found on step  869
 current point:
  at point   45.989  39.270  38.614
  closest atom surface    3.314   S3  DCD X    1
  2nd closest surface     3.315   O11 DCD X    1
  found on step  912
  no. of rejections          365
 stored as    26

 highest radius point found:
  at point   46.189  39.355  38.442
  closest atom surface    3.453   S3  DCD X    1
  2nd closest surface     3.455   N1  DCD X    1
  found on step  939
  this is also current point
  no. of rejections          343
 stored as    27

 highest radius point found:
  at point   46.389  39.399  38.301
  closest atom surface    3.608   S3  DCD X    1
  2nd closest surface     3.608   O11 DCD X    1
  found on step   25
 current point:
  at point   46.389  39.405  38.298
  closest atom surface    3.607   S3  DCD X    1
  2nd closest surface     3.608   N1  DCD X    1
  found on step  995
  no. of rejections          264
 stored as    28

 highest radius point found:
  at point   46.589  39.465  38.144
  closest atom surface    3.768   S3  DCD X    1
  2nd closest surface     3.768   N1  DCD X    1
  found on step  965
  this is also current point
  no. of rejections          303
 stored as    29

 highest radius point found:
  at point   46.789  39.536  37.980
  closest atom surface    3.933   S3  DCD X    1
  2nd closest surface     3.936   N1  DCD X    1
  found on step  754
 current point:
  at point   46.789  39.543  37.977
  closest atom surface    3.933   S3  DCD X    1
  2nd closest surface     3.934   N1  DCD X    1
  found on step  901
  no. of rejections          350
 stored as    30

 highest radius point found:
  at point   46.989  39.499  37.980
  closest atom surface    4.064   C43 DCD X    1
  2nd closest surface     4.065   O11 DCD X    1
  found on step  906
  this is also current point
  no. of rejections          341
 stored as    31

 highest radius point found:
  at point   47.189  39.457  37.994
  closest atom surface    4.190   C43 DCD X    1
  2nd closest surface     4.191   H2  DCD X    1
  found on step  932
  this is also current point
  no. of rejections          344
 stored as    32

 highest radius point found:
  at point   47.389  39.405  37.998
  closest atom surface    4.316   H2  DCD X    1
  2nd closest surface     4.317   O11 DCD X    1
  found on step  969
  this is also current point
  no. of rejections          329
 stored as    33

 highest radius point found:
  at point   47.589  39.357  37.997
  closest atom surface    4.448   O11 DCD X    1
  2nd closest surface     4.448   H2  DCD X    1
  found on step  931
  this is also current point
  no. of rejections          334
 stored as    34

 highest radius point found:
  at point   47.789  39.309  37.995
  closest atom surface    4.583   O11 DCD X    1
  2nd closest surface     4.583   H2  DCD X    1
  found on step  947
  this is also current point
  no. of rejections          338
 stored as    35

 highest radius point found:
  at point   47.989  39.261  37.999
  closest atom surface    4.720   H2  DCD X    1
  2nd closest surface     4.721   H55 DCD X    1
  found on step  928
  this is also current point
  no. of rejections          363
 stored as    36

 highest radius point found:
  at point   48.189  39.202  38.011
  closest atom surface    4.860   O11 DCD X    1
  2nd closest surface     4.862   H2  DCD X    1
  found on step  968
  this is also current point
  no. of rejections          293
 stored as    37

 highest radius point found:
  at point   48.389  39.145  38.027
  closest atom surface    5.003   O11 DCD X    1
  2nd closest surface     5.004   H2  DCD X    1
  found on step  988
  this is also current point
  no. of rejections          309
 stored as    38

 highest radius point found:
  at point   48.589  39.091  38.038
  closest atom surface    5.151   O11 DCD X    1
  2nd closest surface     5.151   H2  DCD X    1
  found on step  918
  this is also current point
  no. of rejections          341
 stored as    39

 highest radius point found:
  at point   48.789  39.034  38.050
  closest atom surface    5.300   O11 DCD X    1
  2nd closest surface     5.303   H2  DCD X    1
  found on step  416
 current point:
  at point   48.789  39.033  38.041
  closest atom surface    5.299   O11 DCD X    1
  2nd closest surface     5.300   H55 DCD X    1
  found on step  929
  no. of rejections          335
 stored as    40

 highest radius point found:
  at point   48.989  39.013  38.052
  closest atom surface    5.428   H55 DCD X    1
  2nd closest surface     5.445   H2  DCD X    1
  found on step    3
 current point:
  at point   48.989  38.702  37.163
  closest atom surface    5.295   O11 DCD X    1
  2nd closest surface     5.296   H55 DCD X    1
  found on step  990
  no. of rejections          304
 stored as    41

 highest radius point found:
  at point   49.189  38.927  38.075
  closest atom surface    5.610   O11 DCD X    1
  2nd closest surface     5.611   H55 DCD X    1
  found on step  966
  this is also current point
  no. of rejections          327
 stored as    42

 highest radius point found:
  at point   49.389  38.863  38.095
  closest atom surface    5.766   O11 DCD X    1
  2nd closest surface     5.771   H2  DCD X    1
  found on step  126
 current point:
  at point   49.389  38.830  37.979
  closest atom surface    5.741   O11 DCD X    1
  2nd closest surface     5.750   H55 DCD X    1
  found on step  998
  no. of rejections          291
 stored as    43

 highest radius point found:
  at point   49.589  38.815  38.105
  closest atom surface    5.929   O11 DCD X    1
  2nd closest surface     5.930   H2  DCD X    1
  found on step  790
 current point:
  at point   49.589  38.816  38.097
  closest atom surface    5.929   O11 DCD X    1
  2nd closest surface     5.929   H55 DCD X    1
  found on step  886
  no. of rejections          332
 stored as    44

 highest radius point found:
  at point   49.789  38.764  38.118
  closest atom surface    6.093   H2  DCD X    1
  2nd closest surface     6.094   O11 DCD X    1
  found on step  871
 current point:
  at point   49.789  38.763  38.112
  closest atom surface    6.093   O11 DCD X    1
  2nd closest surface     6.093   H55 DCD X    1
  found on step  897
  no. of rejections          324
 stored as    45

 highest radius point found:
  at point   49.989  38.708  38.134
  closest atom surface    6.258   H2  DCD X    1
  2nd closest surface     6.259   O11 DCD X    1
  found on step  954
  this is also current point
  no. of rejections          314
 stored as    46

 highest radius point found:
  at point   50.189  38.701  38.146
  closest atom surface    6.399   N5  DCD X    1
  2nd closest surface     6.400   H55 DCD X    1
  found on step  965
  this is also current point
  no. of rejections          323
 stored as    47

 highest radius point found:
  at point   50.389  38.692  38.144
  closest atom surface    6.535   H55 DCD X    1
  2nd closest surface     6.535   N5  DCD X    1
  found on step  945
  this is also current point
  no. of rejections          300
 stored as    48

 highest radius point found:
  at point   50.589  38.705  38.185
  closest atom surface    6.674   N5  DCD X    1
  2nd closest surface     6.677   H55 DCD X    1
  found on step  775
 current point:
  at point   50.589  38.697  38.165
  closest atom surface    6.674   H55 DCD X    1
  2nd closest surface     6.675   N5  DCD X    1
  found on step  995
  no. of rejections          346
 stored as    49

 highest radius point found:
  at point   50.789  38.705  38.185
  closest atom surface    6.813   H55 DCD X    1
  2nd closest surface     6.820   N5  DCD X    1
  found on step    1
 current point:
  at point   50.789  38.578  37.975
  closest atom surface    6.808   N5  DCD X    1
  2nd closest surface     6.810   H55 DCD X    1
  found on step  990
  no. of rejections          339
 stored as    50

 highest radius point found:
  at point   50.989  38.715  38.227
  closest atom surface    6.962   N5  DCD X    1
  2nd closest surface     6.963   H55 DCD X    1
  found on step  463
 current point:
  at point   50.989  38.595  38.018
  closest atom surface    6.953   N5  DCD X    1
  2nd closest surface     6.954   H55 DCD X    1
  found on step  965
  no. of rejections          319
 stored as    51

 highest radius point found:
  at point   51.189  38.732  38.272
  closest atom surface    7.109   H2  DCD X    1
  2nd closest surface     7.110   N5  DCD X    1
  found on step  187
 current point:
  at point   51.189  38.719  38.248
  closest atom surface    7.109   N5  DCD X    1
  2nd closest surface     7.109   H55 DCD X    1
  found on step  960
  no. of rejections          290
 stored as    52

 highest radius point found:
  at point   51.389  38.734  38.289
  closest atom surface    7.258   N5  DCD X    1
  2nd closest surface     7.261   H55 DCD X    1
  found on step    8
 current point:
  at point   51.389  38.724  38.270
  closest atom surface    7.258   N5  DCD X    1
  2nd closest surface     7.258   H55 DCD X    1
  found on step  963
  no. of rejections          311
 stored as    53

 highest radius point found:
  at point   51.589  38.727  38.287
  closest atom surface    7.409   N5  DCD X    1
  2nd closest surface     7.409   H55 DCD X    1
  found on step  750
 current point:
  at point   51.589  38.681  38.208
  closest atom surface    7.405   N5  DCD X    1
  2nd closest surface     7.405   H55 DCD X    1
  found on step  991
  no. of rejections          306
 stored as    54

 highest radius point found:
  at point   51.789  38.750  38.337
  closest atom surface    7.564   H55 DCD X    1
  2nd closest surface     7.565   N5  DCD X    1
  found on step  960
  this is also current point
  no. of rejections          298
 stored as    55

 highest radius point found:
  at point   51.989  38.753  38.359
  closest atom surface    7.719   N5  DCD X    1
  2nd closest surface     7.720   H55 DCD X    1
  found on step  230
 current point:
  at point   51.989  38.737  38.329
  closest atom surface    7.717   H55 DCD X    1
  2nd closest surface     7.718   N5  DCD X    1
  found on step 1000
  no. of rejections          335
 stored as    56

 highest radius point found:
  at point   52.189  38.762  38.392
  closest atom surface    7.875   H2  DCD X    1
  2nd closest surface     7.875   N5  DCD X    1
  found on step  984
  this is also current point
  no. of rejections          322
 stored as    57

 highest radius point found:
  at point   52.389  38.771  38.415
  closest atom surface    8.033   H2  DCD X    1
  2nd closest surface     8.035   N5  DCD X    1
  found on step  964
  this is also current point
  no. of rejections          328
 stored as    58

 highest radius point found:
  at point   52.589  38.773  38.452
  closest atom surface    8.190   N5  DCD X    1
  2nd closest surface     8.191   H2  DCD X    1
  found on step  871
 current point:
  at point   52.589  38.767  38.440
  closest atom surface    8.189   H56 DCD X    1
  2nd closest surface     8.190   N5  DCD X    1
  found on step  888
  no. of rejections          318
 stored as    59

 highest radius point found:
  at point   52.789  38.777  38.484
  closest atom surface    8.348   H56 DCD X    1
  2nd closest surface     8.349   N5  DCD X    1
  found on step  837
 current point:
  at point   52.789  38.772  38.479
  closest atom surface    8.347   N5  DCD X    1
  2nd closest surface     8.348   H56 DCD X    1
  found on step  879
  no. of rejections          323
 stored as    60

 highest radius point found:
  at point   52.989  38.809  38.529
  closest atom surface    8.498   H56 DCD X    1
  2nd closest surface     8.499   H2  DCD X    1
  found on step  936
  this is also current point
  no. of rejections          318
 stored as    61

 highest radius point found:
  at point   53.189  38.843  38.576
  closest atom surface    8.648   H2  DCD X    1
  2nd closest surface     8.648   H26 DCD X    1
  found on step  961
  this is also current point
  no. of rejections          317
 stored as    62

 highest radius point found:
  at point   53.389  38.874  38.614
  closest atom surface    8.801   H26 DCD X    1
  2nd closest surface     8.802   H2  DCD X    1
  found on step  921
  this is also current point
  no. of rejections          314
 stored as    63

 highest radius point found:
  at point   53.589  38.904  38.647
  closest atom surface    8.955   H56 DCD X    1
  2nd closest surface     8.955   H26 DCD X    1
  found on step  540
 current point:
  at point   53.589  38.909  38.658
  closest atom surface    8.955   H2  DCD X    1
  2nd closest surface     8.955   H26 DCD X    1
  found on step  995
  no. of rejections          324
 stored as    64

 highest radius point found:
  at point   53.789  38.941  38.694
  closest atom surface    9.113   H26 DCD X    1
  2nd closest surface     9.113   H56 DCD X    1
  found on step  985
  this is also current point
  no. of rejections          309
 stored as    65

 highest radius point found:
  at point   53.989  38.977  38.737
  closest atom surface    9.270   H2  DCD X    1
  2nd closest surface     9.271   H56 DCD X    1
  found on step  965
  this is also current point
  no. of rejections          297
 stored as    66

 highest radius point found:
  at point   54.189  39.008  38.775
  closest atom surface    9.430   H56 DCD X    1
  2nd closest surface     9.431   H26 DCD X    1
  found on step  897
  this is also current point
  no. of rejections          302
 stored as    67

 highest radius point found:
  at point   54.389  39.040  38.817
  closest atom surface    9.592   H26 DCD X    1
  2nd closest surface     9.592   H56 DCD X    1
  found on step  903
  this is also current point
  no. of rejections          301
 stored as    68

 highest radius point found:
  at point   54.589  39.075  38.857
  closest atom surface    9.754   H56 DCD X    1
  2nd closest surface     9.756   H26 DCD X    1
  found on step  942
  this is also current point
  no. of rejections          306
 stored as    69

 highest radius point found:
  at point   54.789  39.109  38.902
  closest atom surface    9.920   H2  DCD X    1
  2nd closest surface     9.920   H26 DCD X    1
  found on step  972
  this is also current point
  no. of rejections          285
 stored as    70

 highest radius point found:
  at point   54.989  39.144  38.944
  closest atom surface   10.085   H2  DCD X    1
  2nd closest surface    10.086   H56 DCD X    1
  found on step  787
 current point:
  at point   54.989  39.140  38.939
  closest atom surface   10.085   H56 DCD X    1
  2nd closest surface    10.085   H26 DCD X    1
  found on step  949
  no. of rejections          295
 stored as    71

 highest radius point found:
  at point   55.189  39.178  38.983
  closest atom surface   10.252   H56 DCD X    1
  2nd closest surface    10.253   H2  DCD X    1
  found on step  975
  this is also current point
  no. of rejections          286
 stored as    72

 highest radius point found:
  at point   55.389  39.210  39.026
  closest atom surface   10.421   H2  DCD X    1
  2nd closest surface    10.422   H56 DCD X    1
  found on step  996
  this is also current point
  no. of rejections          326
 stored as    73

 highest radius point found:
  at point   55.589  39.234  39.061
  closest atom surface   10.588   H26 DCD X    1
  2nd closest surface    10.592   H56 DCD X    1
  found on step  167
 current point:
  at point   55.589  39.034  38.812
  closest atom surface   10.530   H26 DCD X    1
  2nd closest surface    10.541   H56 DCD X    1
  found on step 1000
  no. of rejections          296
 stored as    74

 highest radius point found:
  at point   55.789  39.274  39.105
  closest atom surface   10.762   H56 DCD X    1
  2nd closest surface    10.762   H26 DCD X    1
  found on step  627
 current point:
  at point   55.789  39.278  39.108
  closest atom surface   10.762   H2  DCD X    1
  2nd closest surface    10.762   H56 DCD X    1
  found on step  955
  no. of rejections          262
 stored as    75

 highest radius point found:
  at point   55.989  39.315  39.155
  closest atom surface   10.932   H2  DCD X    1
  2nd closest surface    10.936   H56 DCD X    1
  found on step  605
 current point:
  at point   55.989  39.315  39.147
  closest atom surface   10.932   H56 DCD X    1
  2nd closest surface    10.933   H2  DCD X    1
  found on step  982
  no. of rejections          285
 stored as    76

 highest radius point found:
  at point   56.189  39.347  39.190
  closest atom surface   11.107   H56 DCD X    1
  2nd closest surface    11.107   H2  DCD X    1
  found on step  719
 current point:
  at point   56.189  39.341  39.198
  closest atom surface   11.107   H26 DCD X    1
  2nd closest surface    11.107   H2  DCD X    1
  found on step  975
  no. of rejections          277
 stored as    77

 highest radius point found:
  at point   56.389  39.376  39.229
  closest atom surface   11.281   H56 DCD X    1
  2nd closest surface    11.283   H2  DCD X    1
  found on step  984
  this is also current point
  no. of rejections          292
 stored as    78

 highest radius point found:
  at point   56.589  39.411  39.272
  closest atom surface   11.457   H56 DCD X    1
  2nd closest surface    11.457   H2  DCD X    1
  found on step  942
  this is also current point
  no. of rejections          281
 stored as    79

 highest radius point found:
  at point   56.789  39.442  39.316
  closest atom surface   11.634   H2  DCD X    1
  2nd closest surface    11.634   H26 DCD X    1
  found on step  952
  this is also current point
  no. of rejections          284
 stored as    80

 highest radius point found:
  at point   56.989  39.476  39.360
  closest atom surface   11.810   H2  DCD X    1
  2nd closest surface    11.811   H26 DCD X    1
  found on step  907
  this is also current point
  no. of rejections          268
 stored as    81

 highest radius point found:
  at point   57.189  39.509  39.398
  closest atom surface   11.989   H2  DCD X    1
  2nd closest surface    11.989   H26 DCD X    1
  found on step  995
  this is also current point
  no. of rejections          277
 stored as    82

 highest radius point found:
  at point   57.389  39.540  39.436
  closest atom surface   12.167   H26 DCD X    1
  2nd closest surface    12.168   H56 DCD X    1
  found on step  908
  this is also current point
  no. of rejections          278
 stored as    83

 highest radius point found:
  at point   57.589  39.576  39.480
  closest atom surface   12.347   H2  DCD X    1
  2nd closest surface    12.348   H56 DCD X    1
  found on step  929
  this is also current point
  no. of rejections          267
 stored as    84

 highest radius point found:
  at point   57.789  39.603  39.514
  closest atom surface   12.526   H26 DCD X    1
  2nd closest surface    12.526   H4  DCD X    1
  found on step  933
  this is also current point
  no. of rejections          298
 stored as    85

 highest radius point found:
  at point   57.989  39.621  39.534
  closest atom surface   12.703   H56 DCD X    1
  2nd closest surface    12.703   H26 DCD X    1
  found on step  838
 current point:
  at point   57.989  39.618  39.533
  closest atom surface   12.702   H26 DCD X    1
  2nd closest surface    12.703   H56 DCD X    1
  found on step  959
  no. of rejections          295
 stored as    86

 highest radius point found:
  at point   58.189  39.640  39.555
  closest atom surface   12.879   H56 DCD X    1
  2nd closest surface    12.880   H4  DCD X    1
  found on step  217
 current point:
  at point   58.189  39.639  39.559
  closest atom surface   12.879   H4  DCD X    1
  2nd closest surface    12.879   H26 DCD X    1
  found on step  947
  no. of rejections          314
 stored as    87

 highest radius point found:
  at point   58.389  39.667  39.579
  closest atom surface   13.055   H4  DCD X    1
  2nd closest surface    13.056   H56 DCD X    1
  found on step  953
  this is also current point
  no. of rejections          282
 stored as    88

 highest radius point found:
  at point   58.589  39.672  39.597
  closest atom surface   13.234   H26 DCD X    1
  2nd closest surface    13.236   H56 DCD X    1
  found on step  772
 current point:
  at point   58.589  39.674  39.595
  closest atom surface   13.234   H56 DCD X    1
  2nd closest surface    13.235   H26 DCD X    1
  found on step  984
  no. of rejections          284
 stored as    89

 highest radius point found:
  at point   58.789  39.694  39.621
  closest atom surface   13.414   H4  DCD X    1
  2nd closest surface    13.414   H56 DCD X    1
  found on step  973
  this is also current point
  no. of rejections          285
 stored as    90

 highest radius point found:
  at point   58.989  39.711  39.642
  closest atom surface   13.593   H26 DCD X    1
  2nd closest surface    13.594   H56 DCD X    1
  found on step  955
  this is also current point
  no. of rejections          258
 stored as    91

 highest radius point found:
  at point   59.189  39.738  39.664
  closest atom surface   13.772   H56 DCD X    1
  2nd closest surface    13.773   H4  DCD X    1
  found on step  950
  this is also current point
  no. of rejections          273
 stored as    92

 highest radius point found:
  at point   59.389  39.746  39.685
  closest atom surface   13.954   H26 DCD X    1
  2nd closest surface    13.955   H56 DCD X    1
  found on step  994
  this is also current point
  no. of rejections          283
 stored as    93

 highest radius point found:
  at point   59.589  39.771  39.708
  closest atom surface   14.135   H4  DCD X    1
  2nd closest surface    14.135   H56 DCD X    1
  found on step  962
  this is also current point
  no. of rejections          255
 stored as    94

 highest radius point found:
  at point   59.789  39.787  39.727
  closest atom surface   14.317   H56 DCD X    1
  2nd closest surface    14.317   H4  DCD X    1
  found on step  974
  this is also current point
  no. of rejections          266
 stored as    95

 highest radius point found:
  at point   59.989  39.804  39.747
  closest atom surface   14.498   H56 DCD X    1
  2nd closest surface    14.500   H4  DCD X    1
  found on step  990
  this is also current point
  no. of rejections          252
 stored as    96

 highest radius point found:
  at point   60.189  39.818  39.767
  closest atom surface   14.681   H56 DCD X    1
  2nd closest surface    14.681   H26 DCD X    1
  found on step  761
 current point:
  at point   60.189  39.816  39.767
  closest atom surface   14.681   H26 DCD X    1
  2nd closest surface    14.682   H56 DCD X    1
  found on step  905
  no. of rejections          273
 stored as    97

 highest radius point found:
  at point   60.389  39.818  39.767
  closest atom surface   14.858   H26 DCD X    1
  2nd closest surface    14.859   H56 DCD X    1
  found on step    1
 current point:
  at point   60.389  42.809  40.054
  closest atom surface   14.638   H4  DCD X    1
  2nd closest surface    14.638   H56 DCD X    1
  found on step  991
  no. of rejections          221
 stored as    98

 highest radius point found:
  at point   60.589  39.857  39.814
  closest atom surface   15.049   H26 DCD X    1
  2nd closest surface    15.049   H56 DCD X    1
  found on step  965
  this is also current point
  no. of rejections          247
 stored as    99

 highest radius point found:
  at point   60.789  39.878  39.836
  closest atom surface   15.232   H4  DCD X    1
  2nd closest surface    15.233   H56 DCD X    1
  found on step  836
 current point:
  at point   60.789  39.878  39.837
  closest atom surface   15.232   H4  DCD X    1
  2nd closest surface    15.233   H56 DCD X    1
  found on step  934
  no. of rejections          241
 stored as   100

 highest radius point found:
  at point   60.989  39.900  39.859
  closest atom surface   15.416   H4  DCD X    1
  2nd closest surface    15.417   H56 DCD X    1
  found on step  935
  this is also current point
  no. of rejections          232
 stored as   101

 highest radius point found:
  at point   61.189  39.910  39.877
  closest atom surface   15.602   H26 DCD X    1
  2nd closest surface    15.602   H56 DCD X    1
  found on step  828
 current point:
  at point   61.189  39.913  39.883
  closest atom surface   15.601   H4  DCD X    1
  2nd closest surface    15.602   H26 DCD X    1
  found on step  993
  no. of rejections          232
 stored as   102

 highest radius point found:
  at point   61.389  39.931  39.902
  closest atom surface   15.787   H4  DCD X    1
  2nd closest surface    15.788   H26 DCD X    1
  found on step  971
  this is also current point
  no. of rejections          268
 stored as   103

 highest radius point found:
  at point   61.589  39.931  39.902
  closest atom surface   15.967   H26 DCD X    1
  2nd closest surface    15.969   H56 DCD X    1
  found on step    1
 current point:
  at point   61.589  42.827  40.175
  closest atom surface   15.780   H4  DCD X    1
  2nd closest surface    15.780   H56 DCD X    1
  found on step  909
  no. of rejections          195
 stored as   104

 highest radius point found:
  at point   61.789  39.965  39.942
  closest atom surface   16.159   H26 DCD X    1
  2nd closest surface    16.159   H56 DCD X    1
  found on step   14
 current point:
  at point   61.789  39.964  39.940
  closest atom surface   16.158   H56 DCD X    1
  2nd closest surface    16.159   H26 DCD X    1
  found on step  979
  no. of rejections          239
 stored as   105

 highest radius point found:
  at point   61.989  39.989  39.967
  closest atom surface   16.344   H4  DCD X    1
  2nd closest surface    16.346   H56 DCD X    1
  found on step  977
  this is also current point
  no. of rejections          241
 stored as   106

 highest radius point found:
  at point   62.189  40.007  39.987
  closest atom surface   16.531   H4  DCD X    1
  2nd closest surface    16.532   H56 DCD X    1
  found on step  990
  this is also current point
  no. of rejections          222
 stored as   107

 highest radius point found:
  at point   62.389  40.020  40.009
  closest atom surface   16.719   H4  DCD X    1
  2nd closest surface    16.719   H26 DCD X    1
  found on step  927
  this is also current point
  no. of rejections          233
 stored as   108

 highest radius point found:
  at point   62.589  40.039  40.030
  closest atom surface   16.906   H4  DCD X    1
  2nd closest surface    16.907   H26 DCD X    1
  found on step  996
  this is also current point
  no. of rejections          237
 stored as   109

 highest radius point found:
  at point   62.789  40.061  40.052
  closest atom surface   17.094   H4  DCD X    1
  2nd closest surface    17.094   H56 DCD X    1
  found on step  939
  this is also current point
  no. of rejections          242
 stored as   110

 highest radius point found:
  at point   62.989  40.075  40.077
  closest atom surface   17.281   H4  DCD X    1
  2nd closest surface    17.282   H26 DCD X    1
  found on step  938
  this is also current point
  no. of rejections          246
 stored as   111

 highest radius point found:
  at point   63.189  40.095  40.100
  closest atom surface   17.469   H4  DCD X    1
  2nd closest surface    17.471   H26 DCD X    1
  found on step  850
 current point:
  at point   63.189  40.090  40.089
  closest atom surface   17.469   H56 DCD X    1
  2nd closest surface    17.470   H26 DCD X    1
  found on step  945
  no. of rejections          227
 stored as   112

 highest radius point found:
  at point   63.389  40.124  40.123
  closest atom surface   17.656   H4  DCD X    1
  2nd closest surface    17.660   H56 DCD X    1
  found on step  952
  this is also current point
  no. of rejections          240
 stored as   113

 highest radius point found:
  at point   63.589  40.130  40.140
  closest atom surface   17.847   H4  DCD X    1
  2nd closest surface    17.848   H26 DCD X    1
  found on step  971
  this is also current point
  no. of rejections          251
 stored as   114

 highest radius point found:
  at point   63.789  40.152  40.159
  closest atom surface   18.036   H56 DCD X    1
  2nd closest surface    18.036   H4  DCD X    1
  found on step 1000
  this is also current point
  no. of rejections          239
 stored as   115

 highest radius point found:
  at point   63.989  40.167  40.181
  closest atom surface   18.226   H4  DCD X    1
  2nd closest surface    18.226   H56 DCD X    1
  found on step  739
 current point:
  at point   63.989  40.169  40.181
  closest atom surface   18.226   H4  DCD X    1
  2nd closest surface    18.226   H56 DCD X    1
  found on step  957
  no. of rejections          247
 stored as   116

 highest radius point found:
  at point   64.189  40.184  40.201
  closest atom surface   18.416   H56 DCD X    1
  2nd closest surface    18.416   H26 DCD X    1
  found on step  853
 current point:
  at point   64.189  40.185  40.203
  closest atom surface   18.416   H4  DCD X    1
  2nd closest surface    18.416   H56 DCD X    1
  found on step  984
  no. of rejections          254
 stored as   117

 highest radius point found:
  at point   64.389  40.212  40.226
  closest atom surface   18.604   H4  DCD X    1
  2nd closest surface    18.605   H56 DCD X    1
  found on step  944
  this is also current point
  no. of rejections          229
 stored as   118

 highest radius point found:
  at point   64.589  40.223  40.246
  closest atom surface   18.795   H4  DCD X    1
  2nd closest surface    18.796   H56 DCD X    1
  found on step  979
  this is also current point
  no. of rejections          205
 stored as   119

 highest radius point found:
  at point   64.789  40.239  40.266
  closest atom surface   18.986   H4  DCD X    1
  2nd closest surface    18.986   H26 DCD X    1
  found on step  823
 current point:
  at point   64.789  40.237  40.272
  closest atom surface   18.985   H26 DCD X    1
  2nd closest surface    18.985   H4  DCD X    1
  found on step  971
  no. of rejections          240
 stored as   120

 highest radius point found:
  at point   64.989  40.255  40.292
  closest atom surface   19.176   H26 DCD X    1
  2nd closest surface    19.176   H4  DCD X    1
  found on step  941
  this is also current point
  no. of rejections          221
 stored as   121

 highest radius point found:
  at point   65.189  40.278  40.312
  closest atom surface   19.367   H4  DCD X    1
  2nd closest surface    19.368   H56 DCD X    1
  found on step   27
 current point:
  at point   65.189  40.276  40.306
  closest atom surface   19.366   H56 DCD X    1
  2nd closest surface    19.368   H4  DCD X    1
  found on step  976
  no. of rejections          204
 stored as   122

 highest radius point found:
  at point   65.389  40.293  40.331
  closest atom surface   19.559   H4  DCD X    1
  2nd closest surface    19.559   H26 DCD X    1
  found on step  971
  this is also current point
  no. of rejections          236
 stored as   123

 highest radius point found:
  at point   65.589  40.315  40.353
  closest atom surface   19.749   H4  DCD X    1
  2nd closest surface    19.749   H56 DCD X    1
  found on step  929
  this is also current point
  no. of rejections          224
 stored as   124

 highest radius point found:
  at point   65.789  40.336  40.374
  closest atom surface   19.941   H4  DCD X    1
  2nd closest surface    19.941   H56 DCD X    1
  found on step  923
  this is also current point
  no. of rejections          238
 stored as   125

 highest radius point found:
  at point   65.989  40.351  40.398
  closest atom surface   20.132   H4  DCD X    1
  2nd closest surface    20.133   H56 DCD X    1
  found on step  894
 current point:
  at point   65.989  40.347  40.393
  closest atom surface   20.132   H56 DCD X    1
  2nd closest surface    20.133   H26 DCD X    1
  found on step  944
  no. of rejections          196
 stored as   126

 highest radius point found:
  at point   66.189  40.370  40.416
  closest atom surface   20.324   H56 DCD X    1
  2nd closest surface    20.324   H4  DCD X    1
  found on step  948
  this is also current point
  no. of rejections          193
 stored as   127

 highest radius point found:
  at point   66.389  40.384  40.439
  closest atom surface   20.517   H4  DCD X    1
  2nd closest surface    20.517   H26 DCD X    1
  found on step  972
  this is also current point
  no. of rejections          189
 stored as   128

 highest radius point found:
  at point   66.589  40.404  40.463
  closest atom surface   20.708   H4  DCD X    1
  2nd closest surface    20.710   H56 DCD X    1
  found on step  997
  this is also current point
  no. of rejections          233
 stored as   129

 highest radius point found:
  at point   66.789  40.423  40.484
  closest atom surface   20.901   H4  DCD X    1
  2nd closest surface    20.902   H56 DCD X    1
  found on step  992
  this is also current point
  no. of rejections          182
 stored as   130

 highest radius point found:
  at point   66.989  40.445  40.504
  closest atom surface   21.093   H4  DCD X    1
  2nd closest surface    21.093   H56 DCD X    1
  found on step  861
 current point:
  at point   66.989  40.436  40.499
  closest atom surface   21.093   H56 DCD X    1
  2nd closest surface    21.093   H26 DCD X    1
  found on step  994
  no. of rejections          204
 stored as   131

 highest radius point found:
  at point   67.189  40.453  40.523
  closest atom surface   21.285   H26 DCD X    1
  2nd closest surface    21.286   H56 DCD X    1
  found on step  999
  this is also current point
  no. of rejections          162
 stored as   132

 highest radius point found:
  at point   67.389  40.472  40.549
  closest atom surface   21.478   H26 DCD X    1
  2nd closest surface    21.479   H4  DCD X    1
  found on step  512
 current point:
  at point   67.389  40.483  40.545
  closest atom surface   21.478   H56 DCD X    1
  2nd closest surface    21.479   H4  DCD X    1
  found on step  951
  no. of rejections          195
 stored as   133

 highest radius point found:
  at point   67.589  40.494  40.570
  closest atom surface   21.672   H4  DCD X    1
  2nd closest surface    21.672   H26 DCD X    1
  found on step  996
  this is also current point
  no. of rejections          225
 stored as   134

 highest radius point found:
  at point   67.789  40.513  40.591
  closest atom surface   21.865   H4  DCD X    1
  2nd closest surface    21.866   H56 DCD X    1
  found on step  933
  this is also current point
  no. of rejections          190
 stored as   135

 highest radius point found:
  at point   67.989  40.513  40.591
  closest atom surface   22.054   H26 DCD X    1
  2nd closest surface    22.054   H56 DCD X    1
  found on step    1
 current point:
  at point   67.989  41.189  40.670
  closest atom surface   22.012   H4  DCD X    1
  2nd closest surface    22.013   H56 DCD X    1
  found on step  997
  no. of rejections          178
 This is an end! (radius above  22.0 angs)
 highest radius point found:
  at point   40.589  41.409  38.783
  closest atom surface    0.950   H76 DCD X    1
  2nd closest surface     0.952   S3  DCD X    1
  found on step  975
  this is also current point
  no. of rejections          359
 stored as    -1

 highest radius point found:
  at point   40.389  41.386  38.736
  closest atom surface    0.937   S3  DCD X    1
  2nd closest surface     0.939   N12 DCD X    1
  found on step  731
 current point:
  at point   40.389  41.476  38.609
  closest atom surface    0.927   S3  DCD X    1
  2nd closest surface     0.927   N12 DCD X    1
  found on step  974
  no. of rejections          409
 stored as    -2

 highest radius point found:
  at point   40.189  41.360  38.697
  closest atom surface    0.939   S2  DCD X    1
  2nd closest surface     0.939   N12 DCD X    1
  found on step  988
  this is also current point
  no. of rejections          376
 stored as    -3

 highest radius point found:
  at point   39.989  41.339  38.643
  closest atom surface    0.951   S3  DCD X    1
  2nd closest surface     0.957   S2  DCD X    1
  found on step  738
 current point:
  at point   39.989  41.376  38.596
  closest atom surface    0.950   S3  DCD X    1
  2nd closest surface     0.950   N12 DCD X    1
  found on step 1000
  no. of rejections          378
 stored as    -4

 highest radius point found:
  at point   39.789  41.332  38.583
  closest atom surface    0.983   N12 DCD X    1
  2nd closest surface     0.983   S3  DCD X    1
  found on step  850
 current point:
  at point   39.789  41.341  38.571
  closest atom surface    0.982   N12 DCD X    1
  2nd closest surface     0.983   S3  DCD X    1
  found on step  971
  no. of rejections          375
 stored as    -5

 highest radius point found:
  at point   39.589  41.317  38.529
  closest atom surface    1.028   S3  DCD X    1
  2nd closest surface     1.028   N12 DCD X    1
  found on step  754
 current point:
  at point   39.589  41.325  38.517
  closest atom surface    1.027   S3  DCD X    1
  2nd closest surface     1.028   N12 DCD X    1
  found on step  990
  no. of rejections          391
 stored as    -6

 highest radius point found:
  at point   39.389  41.289  38.497
  closest atom surface    1.087   S2  DCD X    1
  2nd closest surface     1.087   N12 DCD X    1
  found on step  921
  this is also current point
  no. of rejections          389
 stored as    -7

 highest radius point found:
  at point   39.189  41.320  38.614
  closest atom surface    1.032   O14 DCD X    1
  2nd closest surface     1.033   N12 DCD X    1
  found on step  999
  this is also current point
  no. of rejections          356
 stored as    -8

 highest radius point found:
  at point   38.989  41.362  38.776
  closest atom surface    0.963   O14 DCD X    1
  2nd closest surface     0.965   S2  DCD X    1
  found on step  982
  this is also current point
  no. of rejections          344
 stored as    -9

 highest radius point found:
  at point   38.789  41.409  38.936
  closest atom surface    0.919   O14 DCD X    1
  2nd closest surface     0.923   N12 DCD X    1
  found on step  773
 current point:
  at point   38.789  41.411  38.942
  closest atom surface    0.919   N12 DCD X    1
  2nd closest surface     0.920   S2  DCD X    1
  found on step  898
  no. of rejections          329
 stored as   -10

 highest radius point found:
  at point   38.589  41.455  39.097
  closest atom surface    0.902   O14 DCD X    1
  2nd closest surface     0.903   S2  DCD X    1
  found on step  988
  this is also current point
  no. of rejections          361
 stored as   -11

 highest radius point found:
  at point   38.389  41.534  39.219
  closest atom surface    0.894   N12 DCD X    1
  2nd closest surface     0.899   O14 DCD X    1
  found on step   27
 current point:
  at point   38.389  42.054  38.535
  closest atom surface    0.814   O14 DCD X    1
  2nd closest surface     0.815   N12 DCD X    1
  found on step  997
  no. of rejections          365
 stored as   -12

 highest radius point found:
  at point   38.189  41.580  39.343
  closest atom surface    0.904   H46 DCD X    1
  2nd closest surface     0.904   C64 DCD X    1
  found on step  969
  this is also current point
  no. of rejections          347
 stored as   -13

 highest radius point found:
  at point   37.989  41.712  39.335
  closest atom surface    0.878   O14 DCD X    1
  2nd closest surface     0.878   C64 DCD X    1
  found on step  673
 current point:
  at point   37.989  41.673  39.384
  closest atom surface    0.874   C64 DCD X    1
  2nd closest surface     0.877   H46 DCD X    1
  found on step  993
  no. of rejections          349
 stored as   -14

 highest radius point found:
  at point   37.789  42.194  39.008
  closest atom surface    0.889   N12 DCD X    1
  2nd closest surface     0.891   O14 DCD X    1
  found on step  333
 current point:
  at point   37.789  41.822  39.347
  closest atom surface    0.874   C64 DCD X    1
  2nd closest surface     0.875   O14 DCD X    1
  found on step  929
  no. of rejections          362
 stored as   -15

 highest radius point found:
  at point   37.589  42.757  38.482
  closest atom surface    1.036   N12 DCD X    1
  2nd closest surface     1.036   H58 DCD X    1
  found on step  996
  this is also current point
  no. of rejections          369
 stored as   -16

 highest radius point found:
  at point   37.389  42.921  38.398
  closest atom surface    1.119   O14 DCD X    1
  2nd closest surface     1.120   H58 DCD X    1
  found on step  865
  this is also current point
  no. of rejections          347
 stored as   -17

 highest radius point found:
  at point   37.189  49.340  35.078
  closest atom surface    4.181   O15 DCD X    1
  2nd closest surface     4.184   O21 DCD X    1
  found on step 1000
  this is also current point
  no. of rejections          220
 stored as   -18

 highest radius point found:
  at point   36.989  56.123  30.695
  closest atom surface   10.893   O21 DCD X    1
  2nd closest surface    10.905   O15 DCD X    1
  found on step 1000
  this is also current point
  no. of rejections          274
 stored as   -19

 highest radius point found:
  at point   36.789  64.470  25.398
  closest atom surface   20.376   O21 DCD X    1
  2nd closest surface    20.402   O18 DCD X    1
  found on step 1000
  this is also current point
  no. of rejections          255
 stored as   -20

 highest radius point found:
  at point   36.589  75.010  20.720
  closest atom surface   31.386   O18 DCD X    1
  2nd closest surface    31.527   O21 DCD X    1
  found on step  998
  this is also current point
  no. of rejections          233
 This is an end! (radius above  22.0 angs)
 
 N.b. Graph information routine (HOGRAP) differs 
        markedly from previous versions!
       Information now is written from -ve end
       to +ve in one pass
 
 Explanation of the meaning of each column: 
 First column "cenxyz.cvec" is the coordinate in the
   direction of the channel vector i.e. if the channel
   vector is in z (0 0 1) then it is the z coordinate.
 The second column "radius" is the hole pore radius 
   (as defined in the Biophys J 1993) article).
 The third column "cen_line_D" is the distance 
   measured along the pore centre line - with the 
   first point found set to zero. This was the first
   thing that I used to measure the distance along a pore
   but "cenxyz.cvec" is a much better general measure. 
   However, by comparing changes in this distance to changes in '   "cenxyz.cvec" one can get a measure of how straight a 
   channel is.
 The fourth column "sum{s/(area)}" is useful in conductance
   prediction -
   basically it is the sum of the thickness of each slab
   divided by its area. HOLE uses this measure to estimate
   the macroscopic conductance of a channel.
 If any of this worries you one can see the "raw" results
   of a standard hole run by producing a sphpdb file and 
    directly looking at the results.
 cenxyz.cvec      radius  cen_line_D sum{s/(area point sourc
    36.78910    20.37555   -32.41313     0.00008   (sampled)
    36.88910    15.57748   -27.46939     0.00021 (mid-point)
    36.98910    10.89308   -22.52565     0.00048   (sampled)
    37.08910     7.25894   -18.48645     0.00108 (mid-point)
    37.18910     4.18147   -14.44724     0.00290   (sampled)
    37.28910     1.89076   -10.83282     0.01180 (mid-point)
    37.38910     1.11912    -7.21840     0.03722   (sampled)
    37.48910     1.07401    -7.08225     0.06482 (mid-point)
    37.58910     1.03560    -6.94610     0.09450   (sampled)
    37.68910     0.93401    -6.54793     0.13098 (mid-point)
    37.78910     0.88919    -6.14976     0.17124   (sampled)
    37.88910     0.86535    -5.84209     0.21375 (mid-point)
    37.98910     0.87750    -5.53442     0.25509   (sampled)
    38.08910     0.88820    -5.41448     0.29544 (mid-point)
    38.18910     0.90352    -5.29455     0.33443   (sampled)
    38.28910     0.89894    -5.17466     0.37382 (mid-point)
    38.38910     0.89428    -5.05477     0.41362   (sampled)
    38.48910     0.89609    -4.93112     0.45326 (mid-point)
    38.58910     0.90158    -4.80747     0.49242   (sampled)
    38.68910     0.90689    -4.67679     0.53112 (mid-point)
    38.78910     0.91884    -4.54611     0.56883   (sampled)
    38.88910     0.93788    -4.41619     0.60501 (mid-point)
    38.98910     0.96325    -4.28627     0.63932   (sampled)
    39.08910     0.99480    -4.15569     0.67148 (mid-point)
    39.18910     1.03234    -4.02510     0.70135   (sampled)
    39.28910     1.05751    -3.90809     0.72981 (mid-point)
    39.38910     1.08681    -3.79109     0.75676   (sampled)
    39.48910     1.05578    -3.68877     0.78532 (mid-point)
    39.58910     1.02783    -3.58646     0.81545   (sampled)
    39.68910     1.00373    -3.48264     0.84704 (mid-point)
    39.78910     0.98331    -3.37881     0.87997   (sampled)
    39.88910     0.96535    -3.27429     0.91412 (mid-point)
    39.98910     0.95096    -3.16978     0.94932   (sampled)
    40.08910     0.94321    -3.06573     0.98510 (mid-point)
    40.18910     0.93898    -2.96169     1.02120   (sampled)
    40.28910     0.93630    -2.85891     1.05751 (mid-point)
    40.38910     0.93708    -2.75613     1.09376   (sampled)
    40.48910     0.94252    -2.65278     1.12959 (mid-point)
    40.58910     0.95023    -2.54943     1.16485   (sampled)
    40.68910    -0.16553    -1.27472     2.32661 (mid-point)
    40.78910     0.21322    -0.00000     3.02676   (sampled)
    40.88910    -0.20712     1.04106     3.76876 (mid-point)
    40.98910     0.72262     2.08213     3.82972   (sampled)
    41.08910     0.73043     2.19323     3.88938 (mid-point)
    41.18910     0.73986     2.30433     3.94753   (sampled)
    41.28910     0.74996     2.41810     4.00412 (mid-point)
    41.38910     0.76538     2.53188     4.05846   (sampled)
    41.48910     0.78519     2.64670     4.11009 (mid-point)
    41.58910     0.80957     2.76153     4.15866   (sampled)
    41.68910     0.84239     2.87066     4.20351 (mid-point)
    41.78910     0.87898     2.97978     4.24471   (sampled)
    41.88910     0.91898     3.09066     4.28240 (mid-point)
    41.98910     0.96387     3.20153     4.31666   (sampled)
    42.08910     1.01198     3.31074     4.34775 (mid-point)
    42.18910     1.06322     3.41994     4.37590   (sampled)
    42.28910     0.94138     4.79826     4.41182 (mid-point)
    42.38910     1.41655     6.17658     4.42769   (sampled)
    42.48910     1.46621     6.44441     4.44249 (mid-point)
    42.58910     1.53701     6.71224     4.45597   (sampled)
    42.68910     1.54535     6.82304     4.46930 (mid-point)
    42.78910     1.55718     6.93383     4.48242   (sampled)
    42.88910     1.57103     7.04067     4.49532 (mid-point)
    42.98910     1.58332     7.14751     4.50802   (sampled)
    43.08910     1.59531     7.26929     4.52052 (mid-point)
    43.18910     1.61167     7.39107     4.53278   (sampled)
    43.28910     1.63190     7.51501     4.54473 (mid-point)
    43.38910     1.65620     7.63895     4.55634   (sampled)
    43.48910     1.59490     8.77647     4.56885 (mid-point)
    43.58910     1.89145     9.91400     4.57775   (sampled)
    43.68910     1.93769    10.30490     4.58622 (mid-point)
    43.78910     2.02399    10.69580     4.59399   (sampled)
    43.88910     2.06234    10.80696     4.60148 (mid-point)
    43.98910     2.10250    10.91811     4.60868   (sampled)
    44.08910     2.14590    11.02839     4.61559 (mid-point)
    44.18910     2.19175    11.13868     4.62222   (sampled)
    44.28910     2.24107    11.24831     4.62856 (mid-point)
    44.38910     2.29262    11.35794     4.63461   (sampled)
    44.48910     2.34623    11.46720     4.64039 (mid-point)
    44.58910     2.40095    11.57646     4.64592   (sampled)
    44.68910     2.46003    11.68651     4.65118 (mid-point)
    44.78910     2.51904    11.79656     4.65619   (sampled)
    44.88910     2.58088    11.90598     4.66097 (mid-point)
    44.98910     2.64448    12.01540     4.66552   (sampled)
    45.08910     2.70808    12.12778     4.66986 (mid-point)
    45.18910     2.77348    12.24015     4.67400   (sampled)
    45.28910     2.83841    12.36227     4.67795 (mid-point)
    45.38910     2.90533    12.48440     4.68172   (sampled)
    45.48910     2.97659    12.59698     4.68532 (mid-point)
    45.58910     3.04880    12.70955     4.68874   (sampled)
    45.68910     3.11550    12.83137     4.69202 (mid-point)
    45.78910     3.18038    12.95320     4.69517   (sampled)
    45.88910     3.24584    13.08761     4.69819 (mid-point)
    45.98910     3.31409    13.22203     4.70109   (sampled)
    46.08910     3.38213    13.36190     4.70387 (mid-point)
    46.18910     3.45252    13.50178     4.70654   (sampled)
    46.28910     3.52938    13.62608     4.70909 (mid-point)
    46.38910     3.60795    13.75038     4.71154   (sampled)
    46.48910     3.68678    13.88141     4.71388 (mid-point)
    46.58910     3.76751    14.01244     4.71612   (sampled)
    46.68910     3.84940    14.14671     4.71827 (mid-point)
    46.78910     3.93320    14.28098     4.72033   (sampled)
    46.88910     4.00044    14.38267     4.72232 (mid-point)
    46.98910     4.06370    14.48436     4.72425   (sampled)
    47.08910     4.12612    14.58680     4.72612 (mid-point)
    47.18910     4.18964    14.68924     4.72793   (sampled)
    47.28910     4.25296    14.79257     4.72969 (mid-point)
    47.38910     4.31613    14.89590     4.73140   (sampled)
    47.48910     4.38138    14.99884     4.73306 (mid-point)
    47.58910     4.44778    15.10177     4.73466   (sampled)
    47.68910     4.51480    15.20461     4.73623 (mid-point)
    47.78910     4.58281    15.30745     4.73774   (sampled)
    47.88910     4.65116    15.41020     4.73921 (mid-point)
    47.98910     4.71998    15.51296     4.74064   (sampled)
    48.08910     4.79035    15.61745     4.74203 (mid-point)
    48.18910     4.86037    15.72193     4.74338   (sampled)
    48.28910     4.93138    15.82628     4.74469 (mid-point)
    48.38910     5.00327    15.93062     4.74596   (sampled)
    48.48910     5.07672    16.03428     4.74719 (mid-point)
    48.58910     5.15095    16.13795     4.74839   (sampled)
    48.68910     5.22511    16.24214     4.74956 (mid-point)
    48.78910     5.30004    16.34632     4.75069   (sampled)
    48.88910     5.36520    16.44690     4.75180 (mid-point)
    48.98910     5.42806    16.54747     4.75288   (sampled)
    49.08910     5.51906    16.65699     4.75392 (mid-point)
    49.18910     5.61020    16.76650     4.75493   (sampled)
    49.28910     5.68767    16.87190     4.75592 (mid-point)
    49.38910     5.76581    16.97729     4.75687   (sampled)
    49.48910     5.84730    17.08023     4.75781 (mid-point)
    49.58910     5.92930    17.18317     4.75871   (sampled)
    49.68910     6.01122    17.28657     4.75959 (mid-point)
    49.78910     6.09267    17.38998     4.76045   (sampled)
    49.88910     6.17510    17.49414     4.76128 (mid-point)
    49.98910     6.25808    17.59830     4.76210   (sampled)
    50.08910     6.33038    17.69855     4.76289 (mid-point)
    50.18910     6.39854    17.79879     4.76367   (sampled)
    50.28910     6.46642    17.89889     4.76443 (mid-point)
    50.38910     6.53487    17.99898     4.76518   (sampled)
    50.48910     6.60413    18.10128     4.76591 (mid-point)
    50.58910     6.67399    18.20359     4.76662   (sampled)
    50.68910     6.74474    18.30359     4.76732 (mid-point)
    50.78910     6.81312    18.40359     4.76801   (sampled)
    50.88910     6.88754    18.50585     4.76868 (mid-point)
    50.98910     6.96193    18.60811     4.76933   (sampled)
    51.08910     7.03546    18.71092     4.76998 (mid-point)
    51.18910     7.10890    18.81374     4.77061   (sampled)
    51.28910     7.18371    18.91413     4.77122 (mid-point)
    51.38910     7.25835    19.01452     4.77183   (sampled)
    51.48910     7.33352    19.11457     4.77242 (mid-point)
    51.58910     7.40918    19.21463     4.77300   (sampled)
    51.68910     7.48631    19.31831     4.77357 (mid-point)
    51.78910     7.56381    19.42199     4.77412   (sampled)
    51.88910     7.64149    19.52256     4.77467 (mid-point)
    51.98910     7.71918    19.62314     4.77520   (sampled)
    52.08910     7.79690    19.72467     4.77573 (mid-point)
    52.18910     7.87492    19.82619     4.77624   (sampled)
    52.28910     7.95396    19.92690     4.77674 (mid-point)
    52.38910     8.03344    20.02761     4.77724   (sampled)
    52.48910     8.11211    20.12934     4.77772 (mid-point)
    52.58910     8.19003    20.23107     4.77819   (sampled)
    52.68910     8.26920    20.33234     4.77866 (mid-point)
    52.78910     8.34762    20.43361     4.77912   (sampled)
    52.88910     8.42277    20.53741     4.77957 (mid-point)
    52.98910     8.49846    20.64121     4.78001   (sampled)
    53.08910     8.57319    20.74529     4.78044 (mid-point)
    53.18910     8.64780    20.84937     4.78086   (sampled)
    53.28910     8.72434    20.95236     4.78128 (mid-point)
    53.38910     8.80078    21.05535     4.78169   (sampled)
    53.48910     8.87783    21.15780     4.78210 (mid-point)
    53.58910     8.95514    21.26025     4.78249   (sampled)
    53.68910     9.03371    21.36469     4.78288 (mid-point)
    53.78910     9.11255    21.46913     4.78327   (sampled)
    53.88910     9.19162    21.57290     4.78364 (mid-point)
    53.98910     9.27037    21.67667     4.78402   (sampled)
    54.08910     9.35023    21.77970     4.78438 (mid-point)
    54.18910     9.43002    21.88274     4.78474   (sampled)
    54.28910     9.51099    21.98615     4.78509 (mid-point)
    54.38910     9.59173    22.08955     4.78543   (sampled)
    54.48910     9.67319    22.19297     4.78578 (mid-point)
    54.58910     9.75442    22.29638     4.78611   (sampled)
    54.68910     9.83716    22.40026     4.78644 (mid-point)
    54.78910     9.91981    22.50413     4.78676   (sampled)
    54.88910    10.00233    22.60778     4.78708 (mid-point)
    54.98910    10.08521    22.71142     4.78739   (sampled)
    55.08910    10.16883    22.81474     4.78770 (mid-point)
    55.18910    10.25187    22.91805     4.78800   (sampled)
    55.28910    10.33663    23.02162     4.78830 (mid-point)
    55.38910    10.42123    23.12520     4.78859   (sampled)
    55.48910    10.50522    23.22742     4.78888 (mid-point)
    55.58910    10.58807    23.32965     4.78917   (sampled)
    55.68910    10.67506    23.43400     4.78945 (mid-point)
    55.78910    10.76223    23.53834     4.78972   (sampled)
    55.88910    10.84768    23.64342     4.78999 (mid-point)
    55.98910    10.93209    23.74849     4.79026   (sampled)
    56.08910    11.01938    23.85128     4.79052 (mid-point)
    56.18910    11.10666    23.95407     4.79078   (sampled)
    56.28910    11.19387    24.05700     4.79103 (mid-point)
    56.38910    11.28131    24.15993     4.79128   (sampled)
    56.48910    11.36888    24.26360     4.79153 (mid-point)
    56.58910    11.45669    24.36726     4.79177   (sampled)
    56.68910    11.54540    24.47093     4.79201 (mid-point)
    56.78910    11.63358    24.57459     4.79225   (sampled)
    56.88910    11.72182    24.67830     4.79248 (mid-point)
    56.98910    11.81028    24.78200     4.79271   (sampled)
    57.08910    11.89945    24.88519     4.79293 (mid-point)
    57.18910    11.98882    24.98838     4.79315   (sampled)
    57.28910    12.07833    25.09129     4.79337 (mid-point)
    57.38910    12.16744    25.19420     4.79358   (sampled)
    57.48910    12.25783    25.29824     4.79380 (mid-point)
    57.58910    12.34741    25.40228     4.79401   (sampled)
    57.68910    12.43729    25.50453     4.79421 (mid-point)
    57.78910    12.52634    25.60678     4.79441   (sampled)
    57.88910    12.61452    25.70772     4.79461 (mid-point)
    57.98910    12.70261    25.80867     4.79481   (sampled)
    58.08910    12.79080    25.90969     4.79501 (mid-point)
    58.18910    12.87917    26.01071     4.79520   (sampled)
    58.28910    12.96732    26.11230     4.79539 (mid-point)
    58.38910    13.05508    26.21389     4.79557   (sampled)
    58.48910    13.14564    26.31433     4.79576 (mid-point)
    58.58910    13.23415    26.41477     4.79594   (sampled)
    58.68910    13.32427    26.51605     4.79612 (mid-point)
    58.78910    13.41429    26.61733     4.79630   (sampled)
    58.88910    13.50388    26.71821     4.79647 (mid-point)
    58.98910    13.59336    26.81910     4.79664   (sampled)
    59.08910    13.68298    26.92062     4.79681 (mid-point)
    59.18910    13.77209    27.02214     4.79698   (sampled)
    59.28910    13.86346    27.12279     4.79715 (mid-point)
    59.38910    13.95360    27.22344     4.79731   (sampled)
    59.48910    14.04484    27.32482     4.79747 (mid-point)
    59.58910    14.13484    27.42619     4.79763   (sampled)
    59.68910    14.22579    27.52701     4.79779 (mid-point)
    59.78910    14.31659    27.62783     4.79794   (sampled)
    59.88910    14.40737    27.72870     4.79810 (mid-point)
    59.98910    14.49828    27.82957     4.79825   (sampled)
    60.08910    14.58960    27.93027     4.79840 (mid-point)
    60.18910    14.68104    28.03097     4.79854   (sampled)
    60.28910    14.76982    28.13097     4.79869 (mid-point)
    60.38910    14.85846    28.23097     4.79884   (sampled)
    60.48910    14.95357    28.33552     4.79898 (mid-point)
    60.58910    15.04879    28.44007     4.79912   (sampled)
    60.68910    15.14062    28.54128     4.79926 (mid-point)
    60.78910    15.23244    28.64250     4.79939   (sampled)
    60.88910    15.32419    28.74373     4.79953 (mid-point)
    60.98910    15.41605    28.84497     4.79966   (sampled)
    61.08910    15.50928    28.94545     4.79980 (mid-point)
    61.18910    15.60164    29.04594     4.79993   (sampled)
    61.28910    15.69463    29.14731     4.80006 (mid-point)
    61.38910    15.78698    29.24867     4.80018   (sampled)
    61.48910    15.87754    29.34867     4.80031 (mid-point)
    61.58910    15.96746    29.44867     4.80043   (sampled)
    61.68910    16.06299    29.55200     4.80056 (mid-point)
    61.78910    16.15861    29.65533     4.80068   (sampled)
    61.88910    16.25196    29.75691     4.80080 (mid-point)
    61.98910    16.34431    29.85848     4.80092   (sampled)
    62.08910    16.43784    29.95936     4.80104 (mid-point)
    62.18910    16.53145    30.06024     4.80115   (sampled)
    62.28910    16.62522    30.16105     4.80127 (mid-point)
    62.38910    16.71905    30.26186     4.80138   (sampled)
    62.48910    16.81271    30.36284     4.80150 (mid-point)
    62.58910    16.90644    30.46382     4.80161   (sampled)
    62.68910    16.99997    30.56502     4.80172 (mid-point)
    62.78910    17.09359    30.66622     4.80183   (sampled)
    62.88910    17.18739    30.76728     4.80193 (mid-point)
    62.98910    17.28127    30.86833     4.80204   (sampled)
    63.08910    17.37519    30.96944     4.80215 (mid-point)
    63.18910    17.46919    31.07056     4.80225   (sampled)
    63.28910    17.56265    31.17227     4.80235 (mid-point)
    63.38910    17.65620    31.27398     4.80246   (sampled)
    63.48910    17.75172    31.37438     4.80256 (mid-point)
    63.58910    17.84729    31.47479     4.80266   (sampled)
    63.68910    17.94186    31.57585     4.80276 (mid-point)
    63.78910    18.03632    31.67691     4.80285   (sampled)
    63.88910    18.13127    31.77779     4.80295 (mid-point)
    63.98910    18.22613    31.87866     4.80305   (sampled)
    64.08910    18.32099    31.97954     4.80314 (mid-point)
    64.18910    18.41576    32.08041     4.80323   (sampled)
    64.28910    18.51023    32.18211     4.80333 (mid-point)
    64.38910    18.60443    32.28382     4.80342   (sampled)
    64.48910    18.69991    32.38450     4.80351 (mid-point)
    64.58910    18.79544    32.48518     4.80360   (sampled)
    64.68910    18.89082    32.58599     4.80369 (mid-point)
    64.78910    18.98625    32.68681     4.80378   (sampled)
    64.88910    19.08107    32.78793     4.80387 (mid-point)
    64.98910    19.17587    32.88906     4.80395   (sampled)
    65.08910    19.27155    32.99026     4.80404 (mid-point)
    65.18910    19.36681    33.09147     4.80412   (sampled)
    65.28910    19.46265    33.19219     4.80421 (mid-point)
    65.38910    19.55854    33.29292     4.80429   (sampled)
    65.48910    19.65395    33.39410     4.80437 (mid-point)
    65.58910    19.74941    33.49529     4.80445   (sampled)
    65.68910    19.84498    33.59639     4.80453 (mid-point)
    65.78910    19.94061    33.69749     4.80461   (sampled)
    65.88910    20.03634    33.79849     4.80469 (mid-point)
    65.98910    20.13211    33.89948     4.80477   (sampled)
    66.08910    20.22824    34.00033     4.80485 (mid-point)
    66.18910    20.32387    34.10118     4.80493   (sampled)
    66.28910    20.42028    34.20205     4.80500 (mid-point)
    66.38910    20.51662    34.30292     4.80508   (sampled)
    66.48910    20.61237    34.40418     4.80515 (mid-point)
    66.58910    20.70817    34.50544     4.80523   (sampled)
    66.68910    20.80435    34.60641     4.80530 (mid-point)
    66.78910    20.90058    34.70737     4.80537   (sampled)
    66.88910    20.99673    34.80852     4.80545 (mid-point)
    66.98910    21.09293    34.90966     4.80552   (sampled)
    67.08910    21.18976    35.01015     4.80559 (mid-point)
    67.18910    21.28511    35.11065     4.80566   (sampled)
    67.28910    21.38172    35.21197     4.80573 (mid-point)
    67.38910    21.47838    35.31329     4.80580   (sampled)
    67.48910    21.57536    35.41442     4.80587 (mid-point)
    67.58910    21.67177    35.51556     4.80593   (sampled)
    67.68910    21.76838    35.61652     4.80600 (mid-point)
    67.78910    21.86503    35.71749     4.80607   (sampled)

 Minimum radius found:     -0.207 angstroms.



 For spherical probe approach, The geometric factor
         F= sum(ds/area) along channel is ******** angstroms**-1
 This yields a macroscopic predicted molar conductance of:
   (1/rho)*(100/F)= (1.0e-6/rho) pS,
   where rho is the conductivity of 1M permeant ion in ohm m.
 N.B. this is a macroscopic conductance - an overestimate 
 Empirically corrected conductances currently only available
 With the CAPSULE option (although its not that stable!)
 For 1M KCl rho= 1/12 (ohm m), So Gmacro= 1.2e-5 pS/M.
  (TAG      1   Rmin=    -0.20712   Gmacro=     0.00001 Conn_Gmacro=    -1.00000 ).
 HOLE: normal completion
