 *** Program HOLE ***
 
 If results of this run are reported or published, please
 cite the publication listed below.
 For the HOLE program:
   Smart, O.S., Goodfellow, J.M., Wallace, B.A. (1993). 
   The pore dimensions of gramicidin A. 
   Biophys. J., 65, 2455-2460.
 
 Originally written by Oliver Smart at Birkbeck College from April 1992.
 Copyright 1993-2005 Oliver Smart
 Copyright 2014-2015 SmartSci Limited.
 Copyright 2016 Oliver Smart.
 
 For help on HOLE suite see  http://www.holeprogram.org/
 
 HOLE release 2.2.005 (07 August 2016) 
 
 usage subject to Apache License, Version 2.0 
 see http://www.apache.org/licenses/LICENSE-2.0 

 Control variables read:

! Input file for Oliver Smart's HOLE program
! written by MDAnalysis.analysis.hole2.HoleAnalysis
! for a Universe
! u = mda.Universe(/afs/crc.nd.edu/user/m/mfarshad/Private/ML-new/traj/host-N1+2
!    /afs/crc.nd.edu/user/m/mfarshad/Private/ML-new/traj/host-N1+2/host_N1+2.trr
!   )
! Frame 91

COORD  /tmp/2550307.1.long/tmplia0l37u.pdb
RADIUS simple2.rad
SPHPDB hole091.sph
SAMPLE 0.200000
ENDRAD 22.000000
IGNORE SOL WAT TIP HOH K   NA  CL
SHORTO 0
RASEED 31415
CPOINT 39.6015557335 39.6108353479 40.1153548559


 WARNING have not found a CVECT record - will try to guess
 Input pdb filename read as:    '/tmp/2550307.1.long/tmplia0l37u.pdb'
 Input vdW radius file read as: 'simple2.rad'
 point in channel:   39.602  39.611  40.115
 channel vector:   ************************
 sampling distance between planes:    0.200

 graphics conditions:
 binary plot output file name: NONE
 Dot density:    10
 Draw dots?           T
 Draw close contacts? F
 Draw centre line?    T
 Produce spikes rather than dots? F
 Seed for random number generator:     31415 (0 means value set by program)
 Radius above which a result is regarded as an 'end':  22.000
 Pdb format file for sphere centres: hole091.sph

 Monte Carlo conditions:
  no of steps:  1000
  maximum displacement   0.100 angs
  'kT' initial   0.100 angs
 The spherebox and capsule options are turned off.
 (No molqpt card so will not write qpt file of the molecule)
 IGNORE card read so will ignore residue types: SOL WAT TIP HOH K   NA  CL
 no SHORTO card read so will produce full textual output
 As no PEGRAT card was found will not produce PEG polymer exclusion graph
 (No 2DMAPS card specified so will not produce 2D property maps)
 Have not found a CUT card.  Normal calculation using
   Cutoff lists with a cutsize=       1.000
   (if you wish to turn off option use a CUT -1 card)

 Have read     7 bond radius records and
              16 vdW radius records.
 From file: simple2.rad

 Have read    84 atom records.
 From file: /tmp/2550307.1.long/tmplia0l37u.pdb
 Will not produce graphical output

 Have opened file for pdb format output of sphere centres:  hole091.sph

  Seed integer used by ran # generator on this run      31415

 
 S/R cguess will try to guess CPOINT and/or CVECT
 
 THESE GUESSES MAY WELL BE WRONG!!!!
 Routine relies on having a reasonably symmetric
 channel oriented along x, y or z vector
 YOU ARE STRONGLY ADVISED TO CHECK THE RESULTS
                       WITH MOLECULAR GRAPHICS
 testing points from cpoint in X, Y then Z direction
   point                   pore radius
direction     1
  34.602  39.611  40.115    -0.590
  35.602  39.611  40.115    -1.496
  36.602  39.611  40.115    -1.035
  37.602  39.611  40.115    -0.060
  38.602  39.611  40.115     0.933
  39.602  39.611  40.115     1.929
  40.602  39.611  40.115     1.081
  41.602  39.611  40.115     0.086
  42.602  39.611  40.115    -0.902
  43.602  39.611  40.115    -1.621
  44.602  39.611  40.115    -0.752
 Average pore radius along the line=     -0.221
direction     2
  39.602  34.611  40.115     0.658
  39.602  35.611  40.115     0.793
  39.602  36.611  40.115     1.261
  39.602  37.611  40.115     1.577
  39.602  38.611  40.115     1.715
  39.602  39.611  40.115     1.929
  39.602  40.611  40.115     1.980
  39.602  41.611  40.115     1.896
  39.602  42.611  40.115     1.284
  39.602  43.611  40.115     0.910
  39.602  44.611  40.115     0.176
 Average pore radius along the line=      1.289
direction     3
  39.602  39.611  35.115     2.444
  39.602  39.611  36.115     2.082
  39.602  39.611  37.115     1.955
  39.602  39.611  38.115     1.963
  39.602  39.611  39.115     1.944
  39.602  39.611  40.115     1.929
  39.602  39.611  41.115     1.541
  39.602  39.611  42.115     1.227
  39.602  39.611  43.115     1.222
  39.602  39.611  44.115     1.527
  39.602  39.611  45.115     2.071
 Average pore radius along the line=      1.809
 Best direction is found to be     3
(1=X,2=Y,3=Z)
 s/r cguess has produced initial values for cpoint &/or cvect:
CPOINT      39.6016     39.6108     40.1154
CVECT        0.0000      0.0000      1.0000
 THESE GUESSES MAY WELL BE WRONG!!!!
 Routine relies on having a reasonably symmetric
 channel oriented along x, y or z vector
 YOU ARE STRONGLY ADVISED TO CHECK THE RESULTS
                       WITH MOLECULAR GRAPHICS
 
 
  Some routines (e.g. conn) need vectors normal to cvect: 
     EAST Zero degrees angle is along vector    1.000   0.000   0.000
     NORTH  90 degrees angle is along vector    0.000  -1.000   0.000
 highest radius point found:
  at point   39.552  41.260  40.115
  closest atom surface    2.114   C8  URE X    1
  2nd closest surface     2.114   C27 URE X    1
  found on step 1000
  this is also current point
  no. of rejections          427
 stored as     0

 highest radius point found:
  at point   39.563  41.420  40.315
  closest atom surface    2.091   C8  URE X    1
  2nd closest surface     2.094   C27 URE X    1
  found on step  798
 current point:
  at point   39.551  41.364  40.315
  closest atom surface    2.091   C8  URE X    1
  2nd closest surface     2.091   C27 URE X    1
  found on step  977
  no. of rejections          387
 stored as     1

 highest radius point found:
  at point   39.566  41.535  40.515
  closest atom surface    2.084   C2  URE X    1
  2nd closest surface     2.084   C8  URE X    1
  found on step  493
 current point:
  at point   39.557  41.494  40.515
  closest atom surface    2.082   C8  URE X    1
  2nd closest surface     2.082   C27 URE X    1
  found on step  917
  no. of rejections          404
 stored as     2

 highest radius point found:
  at point   39.565  41.623  40.715
  closest atom surface    2.086   C27 URE X    1
  2nd closest surface     2.090   C8  URE X    1
  found on step  492
 current point:
  at point   39.492  41.328  40.715
  closest atom surface    2.070   C8  URE X    1
  2nd closest surface     2.073   C28 URE X    1
  found on step  982
  no. of rejections          393
 stored as     3

 highest radius point found:
  at point   39.558  41.736  40.915
  closest atom surface    2.100   C8  URE X    1
  2nd closest surface     2.100   C28 URE X    1
  found on step  968
  this is also current point
  no. of rejections          389
 stored as     4

 highest radius point found:
  at point   39.543  41.888  41.115
  closest atom surface    2.111   C8  URE X    1
  2nd closest surface     2.113   C28 URE X    1
  found on step  928
  this is also current point
  no. of rejections          401
 stored as     5

 highest radius point found:
  at point   39.531  42.032  41.315
  closest atom surface    2.136   C28 URE X    1
  2nd closest surface     2.140   C2  URE X    1
  found on step  216
 current point:
  at point   39.531  42.031  41.315
  closest atom surface    2.136   C28 URE X    1
  2nd closest surface     2.140   C2  URE X    1
  found on step  981
  no. of rejections          360
 stored as     6

 highest radius point found:
  at point   39.506  42.163  41.515
  closest atom surface    2.175   C8  URE X    1
  2nd closest surface     2.178   C28 URE X    1
  found on step  944
  this is also current point
  no. of rejections          388
 stored as     7

 highest radius point found:
  at point   39.480  42.272  41.715
  closest atom surface    2.221   C28 URE X    1
  2nd closest surface     2.222   C8  URE X    1
  found on step  586
 current point:
  at point   39.483  42.273  41.715
  closest atom surface    2.220   C28 URE X    1
  2nd closest surface     2.220   H2  URE X    1
  found on step  913
  no. of rejections          381
 stored as     8

 highest radius point found:
  at point   39.451  42.393  41.915
  closest atom surface    2.278   C8  URE X    1
  2nd closest surface     2.279   H2  URE X    1
  found on step  851
 current point:
  at point   39.452  42.385  41.915
  closest atom surface    2.277   C8  URE X    1
  2nd closest surface     2.281   C28 URE X    1
  found on step  979
  no. of rejections          369
 stored as     9

 highest radius point found:
  at point   39.427  42.495  42.115
  closest atom surface    2.348   C8  URE X    1
  2nd closest surface     2.349   C28 URE X    1
  found on step  343
 current point:
  at point   39.432  42.501  42.115
  closest atom surface    2.348   C28 URE X    1
  2nd closest surface     2.349   H2  URE X    1
  found on step  963
  no. of rejections          377
 stored as    10

 highest radius point found:
  at point   39.403  42.623  42.315
  closest atom surface    2.434   C8  URE X    1
  2nd closest surface     2.435   H2  URE X    1
  found on step  993
  this is also current point
  no. of rejections          367
 stored as    11

 highest radius point found:
  at point   39.379  42.748  42.515
  closest atom surface    2.529   C8  URE X    1
  2nd closest surface     2.530   H2  URE X    1
  found on step  135
 current point:
  at point   39.193  43.365  42.515
  closest atom surface    2.501   H2  URE X    1
  2nd closest surface     2.503   C8  URE X    1
  found on step  976
  no. of rejections          387
 stored as    12

 highest radius point found:
  at point   39.182  43.455  42.715
  closest atom surface    2.627   C7  URE X    1
  2nd closest surface     2.627   H2  URE X    1
  found on step  918
  this is also current point
  no. of rejections          356
 stored as    13

 highest radius point found:
  at point   39.194  43.476  42.915
  closest atom surface    2.755   H2  URE X    1
  2nd closest surface     2.757   C8  URE X    1
  found on step  504
 current point:
  at point   39.273  43.199  42.915
  closest atom surface    2.747   C8  URE X    1
  2nd closest surface     2.748   H2  URE X    1
  found on step  898
  no. of rejections          334
 stored as    14

 highest radius point found:
  at point   39.203  43.499  43.115
  closest atom surface    2.890   C8  URE X    1
  2nd closest surface     2.891   H2  URE X    1
  found on step  812
 current point:
  at point   39.203  43.498  43.115
  closest atom surface    2.890   C8  URE X    1
  2nd closest surface     2.891   H2  URE X    1
  found on step  972
  no. of rejections          372
 stored as    15

 highest radius point found:
  at point   39.218  43.514  43.315
  closest atom surface    3.029   H2  URE X    1
  2nd closest surface     3.030   C8  URE X    1
  found on step  920
  this is also current point
  no. of rejections          368
 stored as    16

 highest radius point found:
  at point   39.182  43.584  43.515
  closest atom surface    3.147   O5  URE X    1
  2nd closest surface     3.149   S1  URE X    1
  found on step  580
 current point:
  at point   39.177  43.589  43.515
  closest atom surface    3.147   S1  URE X    1
  2nd closest surface     3.151   C8  URE X    1
  found on step  975
  no. of rejections          374
 stored as    17

 highest radius point found:
  at point   39.136  43.656  43.715
  closest atom surface    3.276   O5  URE X    1
  2nd closest surface     3.276   C8  URE X    1
  found on step  941
  this is also current point
  no. of rejections          346
 stored as    18

 highest radius point found:
  at point   39.094  43.729  43.915
  closest atom surface    3.407   S1  URE X    1
  2nd closest surface     3.407   O5  URE X    1
  found on step  750
 current point:
  at point   39.094  43.731  43.915
  closest atom surface    3.406   S1  URE X    1
  2nd closest surface     3.408   O5  URE X    1
  found on step  965
  no. of rejections          363
 stored as    19

 highest radius point found:
  at point   39.051  43.800  44.115
  closest atom surface    3.544   S1  URE X    1
  2nd closest surface     3.544   C8  URE X    1
  found on step  868
 current point:
  at point   39.053  43.803  44.115
  closest atom surface    3.542   S1  URE X    1
  2nd closest surface     3.543   O5  URE X    1
  found on step  943
  no. of rejections          347
 stored as    20

 highest radius point found:
  at point   39.006  43.865  44.315
  closest atom surface    3.683   C8  URE X    1
  2nd closest surface     3.687   O5  URE X    1
  found on step  552
 current point:
  at point   39.002  43.880  44.315
  closest atom surface    3.683   S1  URE X    1
  2nd closest surface     3.686   C8  URE X    1
  found on step  950
  no. of rejections          332
 stored as    21

 highest radius point found:
  at point   38.966  43.940  44.515
  closest atom surface    3.832   C8  URE X    1
  2nd closest surface     3.833   O5  URE X    1
  found on step  832
 current point:
  at point   38.964  43.944  44.515
  closest atom surface    3.832   C8  URE X    1
  2nd closest surface     3.833   S1  URE X    1
  found on step  976
  no. of rejections          306
 stored as    22

 highest radius point found:
  at point   38.925  44.013  44.715
  closest atom surface    3.984   O5  URE X    1
  2nd closest surface     3.984   S1  URE X    1
  found on step  873
 current point:
  at point   38.923  44.014  44.715
  closest atom surface    3.984   C8  URE X    1
  2nd closest surface     3.984   S1  URE X    1
  found on step  918
  no. of rejections          314
 stored as    23

 highest radius point found:
  at point   38.883  44.082  44.915
  closest atom surface    4.139   C8  URE X    1
  2nd closest surface     4.139   O5  URE X    1
  found on step  998
  this is also current point
  no. of rejections          304
 stored as    24

 highest radius point found:
  at point   38.795  44.185  45.115
  closest atom surface    4.285   C8  URE X    1
  2nd closest surface     4.295   S1  URE X    1
  found on step    9
 current point:
  at point   37.512  46.069  45.115
  closest atom surface    4.248   H7  URE X    1
  2nd closest surface     4.248   O11 URE X    1
  found on step  993
  no. of rejections          251
 stored as    25

 highest radius point found:
  at point   38.801  44.225  45.315
  closest atom surface    4.459   S1  URE X    1
  2nd closest surface     4.460   O5  URE X    1
  found on step  339
 current point:
  at point   38.801  44.228  45.315
  closest atom surface    4.458   S1  URE X    1
  2nd closest surface     4.460   O5  URE X    1
  found on step  976
  no. of rejections          316
 stored as    26

 highest radius point found:
  at point   38.757  44.288  45.515
  closest atom surface    4.623   C8  URE X    1
  2nd closest surface     4.625   O5  URE X    1
  found on step  966
  this is also current point
  no. of rejections          296
 stored as    27

 highest radius point found:
  at point   38.702  44.381  45.715
  closest atom surface    4.791   S1  URE X    1
  2nd closest surface     4.793   C8  URE X    1
  found on step  477
 current point:
  at point   38.536  44.550  45.715
  closest atom surface    4.774   S1  URE X    1
  2nd closest surface     4.778   C8  URE X    1
  found on step 1000
  no. of rejections          276
 stored as    28

 highest radius point found:
  at point   38.654  44.452  45.915
  closest atom surface    4.962   C8  URE X    1
  2nd closest surface     4.963   S1  URE X    1
  found on step  305
 current point:
  at point   38.307  44.800  45.915
  closest atom surface    4.945   S1  URE X    1
  2nd closest surface     4.946   C8  URE X    1
  found on step  987
  no. of rejections          262
 stored as    29

 highest radius point found:
  at point   38.630  44.506  46.115
  closest atom surface    5.137   S1  URE X    1
  2nd closest surface     5.138   C8  URE X    1
  found on step  706
 current point:
  at point   38.635  44.498  46.115
  closest atom surface    5.136   O5  URE X    1
  2nd closest surface     5.137   C8  URE X    1
  found on step  905
  no. of rejections          277
 stored as    30

 highest radius point found:
  at point   38.527  44.634  46.315
  closest atom surface    5.309   C8  URE X    1
  2nd closest surface     5.310   S1  URE X    1
  found on step  567
 current point:
  at point   37.848  45.530  46.315
  closest atom surface    5.302   S1  URE X    1
  2nd closest surface     5.302   H7  URE X    1
  found on step  994
  no. of rejections          251
 stored as    31

 highest radius point found:
  at point   38.099  45.091  46.515
  closest atom surface    5.494   S1  URE X    1
  2nd closest surface     5.494   C7  URE X    1
  found on step  985
  this is also current point
  no. of rejections          265
 stored as    32

 highest radius point found:
  at point   38.057  45.164  46.715
  closest atom surface    5.680   S1  URE X    1
  2nd closest surface     5.680   H7  URE X    1
  found on step  525
 current point:
  at point   38.048  45.180  46.715
  closest atom surface    5.679   H7  URE X    1
  2nd closest surface     5.679   S1  URE X    1
  found on step  989
  no. of rejections          236
 stored as    33

 highest radius point found:
  at point   37.786  45.645  46.915
  closest atom surface    5.870   H7  URE X    1
  2nd closest surface     5.870   S1  URE X    1
  found on step  760
 current point:
  at point   37.826  45.576  46.915
  closest atom surface    5.867   H7  URE X    1
  2nd closest surface     5.868   S1  URE X    1
  found on step  995
  no. of rejections          245
 stored as    34

 highest radius point found:
  at point   37.569  46.021  47.115
  closest atom surface    6.088   H7  URE X    1
  2nd closest surface     6.089   O11 URE X    1
  found on step  951
  this is also current point
  no. of rejections          240
 stored as    35

 highest radius point found:
  at point   37.581  46.017  47.315
  closest atom surface    6.275   S1  URE X    1
  2nd closest surface     6.277   O11 URE X    1
  found on step  490
 current point:
  at point   37.899  45.456  47.315
  closest atom surface    6.243   S1  URE X    1
  2nd closest surface     6.244   H7  URE X    1
  found on step  938
  no. of rejections          248
 stored as    36

 highest radius point found:
  at point   37.581  46.017  47.515
  closest atom surface    6.464   O11 URE X    1
  2nd closest surface     6.465   S1  URE X    1
  found on step    1
 current point:
  at point   37.987  45.350  47.515
  closest atom surface    6.427   S1  URE X    1
  2nd closest surface     6.432   C8  URE X    1
  found on step  995
  no. of rejections          259
 stored as    37

 highest radius point found:
  at point   37.585  46.003  47.715
  closest atom surface    6.655   H7  URE X    1
  2nd closest surface     6.655   S1  URE X    1
  found on step  970
  this is also current point
  no. of rejections          258
 stored as    38

 highest radius point found:
  at point   37.588  46.001  47.915
  closest atom surface    6.845   O11 URE X    1
  2nd closest surface     6.846   S1  URE X    1
  found on step  937
  this is also current point
  no. of rejections          230
 stored as    39

 highest radius point found:
  at point   37.594  45.990  48.115
  closest atom surface    7.035   H7  URE X    1
  2nd closest surface     7.036   S1  URE X    1
  found on step  963
  this is also current point
  no. of rejections          221
 stored as    40

 highest radius point found:
  at point   37.600  45.982  48.315
  closest atom surface    7.226   H7  URE X    1
  2nd closest surface     7.226   S1  URE X    1
  found on step  989
  this is also current point
  no. of rejections          222
 stored as    41

 highest radius point found:
  at point   37.600  45.982  48.515
  closest atom surface    7.418   H7  URE X    1
  2nd closest surface     7.418   O11 URE X    1
  found on step    1
 current point:
  at point   37.603  45.983  48.515
  closest atom surface    7.418   S1  URE X    1
  2nd closest surface     7.418   O11 URE X    1
  found on step  998
  no. of rejections          227
 stored as    42

 highest radius point found:
  at point   37.606  45.974  48.715
  closest atom surface    7.609   H7  URE X    1
  2nd closest surface     7.610   S1  URE X    1
  found on step  945
  this is also current point
  no. of rejections          250
 stored as    43

 highest radius point found:
  at point   37.612  45.966  48.915
  closest atom surface    7.801   H7  URE X    1
  2nd closest surface     7.801   S1  URE X    1
  found on step  971
  this is also current point
  no. of rejections          245
 stored as    44

 highest radius point found:
  at point   37.628  45.989  49.115
  closest atom surface    7.989   S1  URE X    1
  2nd closest surface     7.989   O11 URE X    1
  found on step  794
 current point:
  at point   37.628  45.990  49.115
  closest atom surface    7.989   O11 URE X    1
  2nd closest surface     7.989   S1  URE X    1
  found on step  920
  no. of rejections          242
 stored as    45

 highest radius point found:
  at point   37.646  46.003  49.315
  closest atom surface    8.177   S1  URE X    1
  2nd closest surface     8.177   O11 URE X    1
  found on step  904
  this is also current point
  no. of rejections          226
 stored as    46

 highest radius point found:
  at point   37.658  46.024  49.515
  closest atom surface    8.364   O11 URE X    1
  2nd closest surface     8.364   H8  URE X    1
  found on step  951
  this is also current point
  no. of rejections          226
 stored as    47

 highest radius point found:
  at point   37.681  46.043  49.715
  closest atom surface    8.553   O11 URE X    1
  2nd closest surface     8.553   H8  URE X    1
  found on step  876
 current point:
  at point   37.679  46.043  49.715
  closest atom surface    8.553   H8  URE X    1
  2nd closest surface     8.553   O11 URE X    1
  found on step  942
  no. of rejections          257
 stored as    48

 highest radius point found:
  at point   37.702  46.061  49.915
  closest atom surface    8.742   O11 URE X    1
  2nd closest surface     8.742   H8  URE X    1
  found on step  963
  this is also current point
  no. of rejections          249
 stored as    49

 highest radius point found:
  at point   37.718  46.082  50.115
  closest atom surface    8.931   O11 URE X    1
  2nd closest surface     8.931   H8  URE X    1
  found on step  985
  this is also current point
  no. of rejections          270
 stored as    50

 highest radius point found:
  at point   37.744  46.099  50.315
  closest atom surface    9.121   S1  URE X    1
  2nd closest surface     9.122   O11 URE X    1
  found on step  965
  this is also current point
  no. of rejections          242
 stored as    51

 highest radius point found:
  at point   37.764  46.119  50.515
  closest atom surface    9.311   S1  URE X    1
  2nd closest surface     9.312   O11 URE X    1
  found on step  863
 current point:
  at point   37.749  46.120  50.515
  closest atom surface    9.310   H8  URE X    1
  2nd closest surface     9.310   O11 URE X    1
  found on step  986
  no. of rejections          223
 stored as    52

 highest radius point found:
  at point   32.626  53.492  50.715
  closest atom surface   10.806   O11 URE X    1
  2nd closest surface    11.677   C35 URE X    1
  found on step 1000
  this is also current point
  no. of rejections          107
 stored as    53

 highest radius point found:
  at point   30.484  60.973  50.915
  closest atom surface   15.908   O11 URE X    1
  2nd closest surface    16.667   C35 URE X    1
  found on step  999
  this is also current point
  no. of rejections          206
 stored as    54

 highest radius point found:
  at point   26.429  68.825  51.115
  closest atom surface   23.508   O11 URE X    1
  2nd closest surface    24.114   O10 URE X    1
  found on step  998
  this is also current point
  no. of rejections          241
 This is an end! (radius above  22.0 angs)
 highest radius point found:
  at point   39.592  41.236  39.915
  closest atom surface    2.126   C9  URE X    1
  2nd closest surface     2.127   C27 URE X    1
  found on step  807
 current point:
  at point   39.591  41.227  39.915
  closest atom surface    2.125   C9  URE X    1
  2nd closest surface     2.126   C27 URE X    1
  found on step  929
  no. of rejections          400
 stored as    -1

 highest radius point found:
  at point   39.632  41.145  39.715
  closest atom surface    2.139   C27 URE X    1
  2nd closest surface     2.141   C9  URE X    1
  found on step  986
  this is also current point
  no. of rejections          379
 stored as    -2

 highest radius point found:
  at point   39.669  41.065  39.515
  closest atom surface    2.164   C9  URE X    1
  2nd closest surface     2.167   C27 URE X    1
  found on step  983
  this is also current point
  no. of rejections          396
 stored as    -3

 highest radius point found:
  at point   39.708  40.947  39.315
  closest atom surface    2.201   C27 URE X    1
  2nd closest surface     2.202   C9  URE X    1
  found on step  792
 current point:
  at point   39.707  40.943  39.315
  closest atom surface    2.201   C9  URE X    1
  2nd closest surface     2.202   C27 URE X    1
  found on step  971
  no. of rejections          411
 stored as    -4

 highest radius point found:
  at point   39.749  40.885  39.115
  closest atom surface    2.252   C27 URE X    1
  2nd closest surface     2.252   C9  URE X    1
  found on step  778
 current point:
  at point   39.748  40.891  39.115
  closest atom surface    2.251   C9  URE X    1
  2nd closest surface     2.252   C2  URE X    1
  found on step  986
  no. of rejections          412
 stored as    -5

 highest radius point found:
  at point   39.788  40.793  38.915
  closest atom surface    2.312   C27 URE X    1
  2nd closest surface     2.312   C9  URE X    1
  found on step  961
  this is also current point
  no. of rejections          413
 stored as    -6

 highest radius point found:
  at point   39.828  40.731  38.715
  closest atom surface    2.345   C14 URE X    1
  2nd closest surface     2.345   C26 URE X    1
  found on step  945
  this is also current point
  no. of rejections          383
 stored as    -7

 highest radius point found:
  at point   39.884  40.718  38.515
  closest atom surface    2.367   C26 URE X    1
  2nd closest surface     2.369   C14 URE X    1
  found on step  954
  this is also current point
  no. of rejections          394
 stored as    -8

 highest radius point found:
  at point   39.933  40.682  38.315
  closest atom surface    2.399   C26 URE X    1
  2nd closest surface     2.400   C14 URE X    1
  found on step   20
 current point:
  at point   39.932  40.702  38.315
  closest atom surface    2.396   C14 URE X    1
  2nd closest surface     2.396   N3  URE X    1
  found on step  926
  no. of rejections          391
 stored as    -9

 highest radius point found:
  at point   39.979  40.638  38.115
  closest atom surface    2.439   C14 URE X    1
  2nd closest surface     2.440   C26 URE X    1
  found on step  289
 current point:
  at point   39.920  40.051  38.115
  closest atom surface    2.359   C13 URE X    1
  2nd closest surface     2.361   C26 URE X    1
  found on step  951
  no. of rejections          381
 stored as   -10

 highest radius point found:
  at point   40.056  40.611  37.915
  closest atom surface    2.469   N3  URE X    1
  2nd closest surface     2.471   C26 URE X    1
  found on step  949
  this is also current point
  no. of rejections          383
 stored as   -11

 highest radius point found:
  at point   40.131  40.539  37.715
  closest atom surface    2.502   C26 URE X    1
  2nd closest surface     2.506   C13 URE X    1
  found on step  484
 current point:
  at point   40.081  40.053  37.715
  closest atom surface    2.441   C13 URE X    1
  2nd closest surface     2.442   C26 URE X    1
  found on step  996
  no. of rejections          355
 stored as   -12

 highest radius point found:
  at point   40.209  40.542  37.515
  closest atom surface    2.552   N3  URE X    1
  2nd closest surface     2.560   C26 URE X    1
  found on step   51
 current point:
  at point   40.164  40.069  37.515
  closest atom surface    2.498   C26 URE X    1
  2nd closest surface     2.499   C13 URE X    1
  found on step  971
  no. of rejections          380
 stored as   -13

 highest radius point found:
  at point   40.281  40.469  37.315
  closest atom surface    2.612   C13 URE X    1
  2nd closest surface     2.615   C26 URE X    1
  found on step   14
 current point:
  at point   40.279  40.451  37.315
  closest atom surface    2.609   C13 URE X    1
  2nd closest surface     2.611   C26 URE X    1
  found on step  995
  no. of rejections          367
 stored as   -14

 highest radius point found:
  at point   40.351  40.408  37.115
  closest atom surface    2.673   C13 URE X    1
  2nd closest surface     2.683   C26 URE X    1
  found on step    8
 current point:
  at point   40.341  40.217  37.115
  closest atom surface    2.652   C26 URE X    1
  2nd closest surface     2.656   C13 URE X    1
  found on step  996
  no. of rejections          354
 stored as   -15

 highest radius point found:
  at point   40.429  40.330  36.915
  closest atom surface    2.751   C13 URE X    1
  2nd closest surface     2.752   C26 URE X    1
  found on step  977
  this is also current point
  no. of rejections          381
 stored as   -16

 highest radius point found:
  at point   40.492  40.146  36.715
  closest atom surface    2.823   C13 URE X    1
  2nd closest surface     2.823   C26 URE X    1
  found on step  955
  this is also current point
  no. of rejections          358
 stored as   -17

 highest radius point found:
  at point   40.561  39.964  36.515
  closest atom surface    2.907   C26 URE X    1
  2nd closest surface     2.916   C13 URE X    1
  found on step  162
 current point:
  at point   40.531  39.711  36.515
  closest atom surface    2.903   C13 URE X    1
  2nd closest surface     2.903   C26 URE X    1
  found on step  877
  no. of rejections          364
 stored as   -18

 highest radius point found:
  at point   40.616  39.764  36.315
  closest atom surface    3.011   C13 URE X    1
  2nd closest surface     3.011   C26 URE X    1
  found on step  606
 current point:
  at point   40.602  39.631  36.315
  closest atom surface    3.010   C13 URE X    1
  2nd closest surface     3.012   C26 URE X    1
  found on step  979
  no. of rejections          396
 stored as   -19

 highest radius point found:
  at point   40.673  39.655  36.115
  closest atom surface    3.113   C13 URE X    1
  2nd closest surface     3.114   O1  URE X    1
  found on step  888
 current point:
  at point   40.674  39.656  36.115
  closest atom surface    3.113   O1  URE X    1
  2nd closest surface     3.114   C13 URE X    1
  found on step  893
  no. of rejections          353
 stored as   -20

 highest radius point found:
  at point   40.699  39.576  35.915
  closest atom surface    3.190   C13 URE X    1
  2nd closest surface     3.191   O1  URE X    1
  found on step  689
 current point:
  at point   40.702  39.565  35.915
  closest atom surface    3.189   C24 URE X    1
  2nd closest surface     3.194   C13 URE X    1
  found on step  975
  no. of rejections          364
 stored as   -21

 highest radius point found:
  at point   39.581  35.615  35.715
  closest atom surface    3.469   C12 URE X    1
  2nd closest surface     3.469   O3  URE X    1
  found on step  993
  this is also current point
  no. of rejections          339
 stored as   -22

 highest radius point found:
  at point   39.495  34.338  35.515
  closest atom surface    3.862   C23 URE X    1
  2nd closest surface     3.862   S3  URE X    1
  found on step  967
  this is also current point
  no. of rejections          303
 stored as   -23

 highest radius point found:
  at point   39.501  34.266  35.315
  closest atom surface    4.019   C23 URE X    1
  2nd closest surface     4.020   S3  URE X    1
  found on step  988
  this is also current point
  no. of rejections          263
 stored as   -24

 highest radius point found:
  at point   41.436  29.776  35.115
  closest atom surface    4.765   S3  URE X    1
  2nd closest surface     4.815   O4  URE X    1
  found on step 1000
  this is also current point
  no. of rejections          233
 stored as   -25

 highest radius point found:
  at point   43.294  20.828  34.915
  closest atom surface   10.629   O7  URE X    1
  2nd closest surface    11.406   H19 URE X    1
  found on step 1000
  this is also current point
  no. of rejections          203
 stored as   -26

 highest radius point found:
  at point   45.327  11.940  34.715
  closest atom surface   18.591   O7  URE X    1
  2nd closest surface    19.499   C33 URE X    1
  found on step 1000
  this is also current point
  no. of rejections          221
 stored as   -27

 highest radius point found:
  at point   44.111   0.439  34.515
  closest atom surface   29.436   O7  URE X    1
  2nd closest surface    30.293   C33 URE X    1
  found on step 1000
  this is also current point
  no. of rejections          278
 This is an end! (radius above  22.0 angs)
 
 N.b. Graph information routine (HOGRAP) differs 
        markedly from previous versions!
       Information now is written from -ve end
       to +ve in one pass
 
 Explanation of the meaning of each column: 
 First column "cenxyz.cvec" is the coordinate in the
   direction of the channel vector i.e. if the channel
   vector is in z (0 0 1) then it is the z coordinate.
 The second column "radius" is the hole pore radius 
   (as defined in the Biophys J 1993) article).
 The third column "cen_line_D" is the distance 
   measured along the pore centre line - with the 
   first point found set to zero. This was the first
   thing that I used to measure the distance along a pore
   but "cenxyz.cvec" is a much better general measure. 
   However, by comparing changes in this distance to changes in '   "cenxyz.cvec" one can get a measure of how straight a 
   channel is.
 The fourth column "sum{s/(area)}" is useful in conductance
   prediction -
   basically it is the sum of the thickness of each slab
   divided by its area. HOLE uses this measure to estimate
   the macroscopic conductance of a channel.
 If any of this worries you one can see the "raw" results
   of a standard hole run by producing a sphpdb file and 
    directly looking at the results.
 cenxyz.cvec      radius  cen_line_D sum{s/(area point sourc
    34.71536    18.59093   -33.56994     0.00009   (sampled)
    34.81536    14.45731   -29.01038     0.00024 (mid-point)
    34.91536    10.62903   -24.45082     0.00053   (sampled)
    35.01536     7.47538   -19.88017     0.00110 (mid-point)
    35.11536     4.76510   -15.30952     0.00250   (sampled)
    35.21536     3.91741   -12.86297     0.00457 (mid-point)
    35.31536     4.01943   -10.41642     0.00654   (sampled)
    35.41536     3.94021   -10.31010     0.00859 (mid-point)
    35.51536     3.86187   -10.20378     0.01073   (sampled)
    35.61536     3.63171    -9.55604     0.01314 (mid-point)
    35.71536     3.46852    -8.90829     0.01579   (sampled)
    35.81536     2.97588    -6.84765     0.01938 (mid-point)
    35.91536     3.19046    -4.78701     0.02251   (sampled)
    36.01536     3.15066    -4.67872     0.02571 (mid-point)
    36.11536     3.11290    -4.57043     0.02900   (sampled)
    36.21536     3.06083    -4.45297     0.03240 (mid-point)
    36.31536     3.01105    -4.33551     0.03591   (sampled)
    36.41536     2.95707    -4.19146     0.03955 (mid-point)
    36.51536     2.90662    -4.04741     0.04332   (sampled)
    36.61536     2.86314    -3.90802     0.04720 (mid-point)
    36.71536     2.82331    -3.76862     0.05119   (sampled)
    36.81536     2.78525    -3.62897     0.05529 (mid-point)
    36.91536     2.75112    -3.48932     0.05950   (sampled)
    37.01536     2.71105    -3.37530     0.06383 (mid-point)
    37.11536     2.67350    -3.26129     0.06828   (sampled)
    37.21536     2.64157    -3.15096     0.07285 (mid-point)
    37.31536     2.61214    -3.04064     0.07751   (sampled)
    37.41536     2.58497    -2.92829     0.08227 (mid-point)
    37.51536     2.55242    -2.81594     0.08716   (sampled)
    37.61536     2.53000    -2.70855     0.09213 (mid-point)
    37.71536     2.50201    -2.60115     0.09722   (sampled)
    37.81536     2.48491    -2.48852     0.10237 (mid-point)
    37.91536     2.46895    -2.37588     0.10760   (sampled)
    38.01536     2.45378    -2.26794     0.11288 (mid-point)
    38.11536     2.43933    -2.16000     0.11823   (sampled)
    38.21536     2.41781    -2.05500     0.12368 (mid-point)
    38.31536     2.39857    -1.95001     0.12921   (sampled)
    38.41536     2.38171    -1.84550     0.13482 (mid-point)
    38.51536     2.36737    -1.74099     0.14050   (sampled)
    38.61536     2.35496    -1.63695     0.14624 (mid-point)
    38.71536     2.34496    -1.53291     0.15203   (sampled)
    38.81536     2.33888    -1.42617     0.15785 (mid-point)
    38.91536     2.31237    -1.31943     0.16380   (sampled)
    39.01536     2.28078    -1.20777     0.16992 (mid-point)
    39.11536     2.25199    -1.09611     0.17620   (sampled)
    39.21536     2.22525    -0.98942     0.18262 (mid-point)
    39.31536     2.20114    -0.88273     0.18919   (sampled)
    39.41536     2.18155    -0.76515     0.19588 (mid-point)
    39.51536     2.16436    -0.64756     0.20268   (sampled)
    39.61536     2.15101    -0.53818     0.20956 (mid-point)
    39.71536     2.13903    -0.42879     0.21651   (sampled)
    39.81536     2.13167    -0.31714     0.22352 (mid-point)
    39.91536     2.12634    -0.20549     0.23056   (sampled)
    40.01536     2.11931    -0.10274     0.23765 (mid-point)
    40.11536     2.11360     0.00000     0.24477   (sampled)
    40.21536     2.10033     0.12819     0.25199 (mid-point)
    40.31536     2.09117     0.25638     0.25927   (sampled)
    40.41536     2.08597     0.37158     0.26658 (mid-point)
    40.51536     2.08366     0.48678     0.27391   (sampled)
    40.61536     2.08378     0.59605     0.28124 (mid-point)
    40.71536     2.08568     0.70532     0.28856   (sampled)
    40.81536     2.09291     0.82025     0.29583 (mid-point)
    40.91536     2.09950     0.93518     0.30305   (sampled)
    41.01536     2.10338     1.06092     0.31024 (mid-point)
    41.11536     2.11124     1.18665     0.31739   (sampled)
    41.21536     2.12267     1.31012     0.32445 (mid-point)
    41.31536     2.13611     1.43359     0.33143   (sampled)
    41.41536     2.15514     1.55385     0.33828 (mid-point)
    41.51536     2.17532     1.67410     0.34501   (sampled)
    41.61536     2.19690     1.78874     0.35160 (mid-point)
    41.71536     2.22083     1.90337     0.35805   (sampled)
    41.81536     2.24803     2.02117     0.36435 (mid-point)
    41.91536     2.27765     2.13898     0.37049   (sampled)
    42.01536     2.31164     2.25193     0.37645 (mid-point)
    42.11536     2.34840     2.36487     0.38222   (sampled)
    42.21536     2.38964     2.48399     0.38779 (mid-point)
    42.31536     2.43380     2.60310     0.39317   (sampled)
    42.41536     2.48000     2.72175     0.39834 (mid-point)
    42.51536     2.52892     2.84039     0.40332   (sampled)
    42.61536     2.55865     3.22073     0.40818 (mid-point)
    42.71536     2.62693     3.60106     0.41279   (sampled)
    42.81536     2.69061     3.70179     0.41719 (mid-point)
    42.91536     2.75546     3.80252     0.42138   (sampled)
    43.01536     2.82235     3.90325     0.42538 (mid-point)
    43.11536     2.89017     4.00399     0.42919   (sampled)
    43.21536     2.95923     4.10456     0.43282 (mid-point)
    43.31536     3.02912     4.20512     0.43629   (sampled)
    43.41536     3.08883     4.31268     0.43963 (mid-point)
    43.51536     3.14737     4.42023     0.44284   (sampled)
    43.61536     3.21072     4.52888     0.44593 (mid-point)
    43.71536     3.27565     4.63753     0.44890   (sampled)
    43.81536     3.34052     4.74612     0.45175 (mid-point)
    43.91536     3.40653     4.85471     0.45449   (sampled)
    44.01536     3.47479     4.96287     0.45713 (mid-point)
    44.11536     3.54432     5.07103     0.45966   (sampled)
    44.21536     3.61323     5.17861     0.46210 (mid-point)
    44.31536     3.68334     5.28620     0.46445   (sampled)
    44.41536     3.75726     5.39474     0.46670 (mid-point)
    44.51536     3.83230     5.50329     0.46887   (sampled)
    44.61536     3.90780     5.61173     0.47095 (mid-point)
    44.71536     3.98433     5.72017     0.47296   (sampled)
    44.81536     4.06117     5.82801     0.47489 (mid-point)
    44.91536     4.13894     5.93585     0.47675   (sampled)
    45.01536     4.21122     6.05668     0.47854 (mid-point)
    45.11536     4.28503     6.17751     0.48028   (sampled)
    45.21536     4.37319     6.27957     0.48194 (mid-point)
    45.31536     4.45920     6.38163     0.48354   (sampled)
    45.41536     4.54203     6.48873     0.48508 (mid-point)
    45.51536     4.62308     6.59583     0.48657   (sampled)
    45.61536     4.70756     6.70942     0.48801 (mid-point)
    45.71536     4.79086     6.82301     0.48940   (sampled)
    45.81536     4.87648     6.93192     0.49073 (mid-point)
    45.91536     4.96176     7.04083     0.49203   (sampled)
    46.01536     5.04946     7.14506     0.49328 (mid-point)
    46.11536     5.13721     7.24930     0.49448   (sampled)
    46.21536     5.22253     7.37868     0.49565 (mid-point)
    46.31536     5.30879     7.50806     0.49678   (sampled)
    46.41536     5.39506     7.83664     0.49787 (mid-point)
    46.51536     5.49407     8.16522     0.49893   (sampled)
    46.61536     5.58659     8.27372     0.49995 (mid-point)
    46.71536     5.67953     8.38221     0.50093   (sampled)
    46.81536     5.76925     8.67607     0.50189 (mid-point)
    46.91536     5.86980     8.96992     0.50281   (sampled)
    47.01536     5.97589     9.20880     0.50371 (mid-point)
    47.11536     6.08845     9.44767     0.50456   (sampled)
    47.21536     6.18221     9.54787     0.50540 (mid-point)
    47.31536     6.27528     9.64808     0.50620   (sampled)
    47.41536     6.37021     9.74808     0.50699 (mid-point)
    47.51536     6.46398     9.84808     0.50775   (sampled)
    47.61536     6.56016     9.94836     0.50849 (mid-point)
    47.71536     6.65528    10.04864     0.50921   (sampled)
    47.81536     6.75042    10.14865     0.50991 (mid-point)
    47.91536     6.84513    10.24867     0.51059   (sampled)
    48.01536     6.94054    10.34886     0.51125 (mid-point)
    48.11536     7.03546    10.44905     0.51189   (sampled)
    48.21536     7.13075    10.54917     0.51252 (mid-point)
    48.31536     7.22615    10.64928     0.51313   (sampled)
    48.41536     7.32191    10.74928     0.51372 (mid-point)
    48.51536     7.41777    10.84928     0.51430   (sampled)
    48.61536     7.51346    10.94941     0.51486 (mid-point)
    48.71536     7.60925    11.04954     0.51541   (sampled)
    48.81536     7.70520    11.14966     0.51595 (mid-point)
    48.91536     7.80124    11.24978     0.51647   (sampled)
    49.01536     7.89508    11.35077     0.51698 (mid-point)
    49.11536     7.98883    11.45176     0.51748   (sampled)
    49.21536     8.08285    11.55242     0.51797 (mid-point)
    49.31536     8.17699    11.65307     0.51844   (sampled)
    49.41536     8.27056    11.75381     0.51891 (mid-point)
    49.51536     8.36396    11.85455     0.51936   (sampled)
    49.61536     8.45831    11.95561     0.51981 (mid-point)
    49.71536     8.55279    12.05667     0.52024   (sampled)
    49.81536     8.64741    12.15764     0.52067 (mid-point)
    49.91536     8.74216    12.25861     0.52109   (sampled)
    50.01536     8.83639    12.35943     0.52149 (mid-point)
    50.11536     8.93075    12.46025     0.52189   (sampled)
    50.21536     9.02619    12.56147     0.52228 (mid-point)
    50.31536     9.12146    12.66268     0.52267   (sampled)
    50.41536     9.21640    12.76373     0.52304 (mid-point)
    50.51536     9.31146    12.86477     0.52341   (sampled)
    50.61536     9.18739    17.35925     0.52379 (mid-point)
    50.71536    10.80550    21.85374     0.52406   (sampled)
    50.81536    13.06594    25.74583     0.52425 (mid-point)
    50.91536    15.90776    29.63792     0.52437   (sampled)

 Minimum radius found:      2.084 angstroms.



 For spherical probe approach, The geometric factor
         F= sum(ds/area) along channel is    0.524 angstroms**-1
 This yields a macroscopic predicted molar conductance of:
   (1/rho)*(100/F)= (190/rho) pS,
   where rho is the conductivity of 1M permeant ion in ohm m.
 N.B. this is a macroscopic conductance - an overestimate 
 Empirically corrected conductances currently only available
 With the CAPSULE option (although its not that stable!)
 For 1M KCl rho= 1/12 (ohm m), So Gmacro= 2300 pS/M.
  (TAG      1   Rmin=     2.08366   Gmacro=  2288.45611 Conn_Gmacro=    -1.00000 ).
 HOLE: normal completion
