 *** Program HOLE ***
 
 If results of this run are reported or published, please
 cite the publication listed below.
 For the HOLE program:
   Smart, O.S., Goodfellow, J.M., Wallace, B.A. (1993). 
   The pore dimensions of gramicidin A. 
   Biophys. J., 65, 2455-2460.
 
 Originally written by Oliver Smart at Birkbeck College from April 1992.
 Copyright 1993-2005 Oliver Smart
 Copyright 2014-2015 SmartSci Limited.
 Copyright 2016 Oliver Smart.
 
 For help on HOLE suite see  http://www.holeprogram.org/
 
 HOLE release 2.2.005 (07 August 2016) 
 
 usage subject to Apache License, Version 2.0 
 see http://www.apache.org/licenses/LICENSE-2.0 

 Control variables read:

! Input file for Oliver Smart's HOLE program
! written by MDAnalysis.analysis.hole2.HoleAnalysis
! for a Universe
! u = mda.Universe(/afs/crc.nd.edu/user/m/mfarshad/Private/ML-new/traj/host-asb1
!    /afs/crc.nd.edu/user/m/mfarshad/Private/ML-new/traj/host-asb10/host_asb10.t
!   )
! Frame 50

COORD  /tmp/2550250.1.long/tmpdnwoirn9.pdb
RADIUS simple2.rad
SPHPDB hole050.sph
SAMPLE 0.200000
ENDRAD 22.000000
IGNORE SOL WAT TIP HOH K   NA  CL
SHORTO 0
RASEED 31415
CPOINT 39.9956718820 39.7898408233 39.9989223793


 WARNING have not found a CVECT record - will try to guess
 Input pdb filename read as:    '/tmp/2550250.1.long/tmpdnwoirn9.pdb'
 Input vdW radius file read as: 'simple2.rad'
 point in channel:   39.996  39.790  39.999
 channel vector:   ************************
 sampling distance between planes:    0.200

 graphics conditions:
 binary plot output file name: NONE
 Dot density:    10
 Draw dots?           T
 Draw close contacts? F
 Draw centre line?    T
 Produce spikes rather than dots? F
 Seed for random number generator:     31415 (0 means value set by program)
 Radius above which a result is regarded as an 'end':  22.000
 Pdb format file for sphere centres: hole050.sph

 Monte Carlo conditions:
  no of steps:  1000
  maximum displacement   0.100 angs
  'kT' initial   0.100 angs
 The spherebox and capsule options are turned off.
 (No molqpt card so will not write qpt file of the molecule)
 IGNORE card read so will ignore residue types: SOL WAT TIP HOH K   NA  CL
 no SHORTO card read so will produce full textual output
 As no PEGRAT card was found will not produce PEG polymer exclusion graph
 (No 2DMAPS card specified so will not produce 2D property maps)
 Have not found a CUT card.  Normal calculation using
   Cutoff lists with a cutsize=       1.000
   (if you wish to turn off option use a CUT -1 card)

 Have read     7 bond radius records and
              16 vdW radius records.
 From file: simple2.rad

 Have read   122 atom records.
 From file: /tmp/2550250.1.long/tmpdnwoirn9.pdb
 Will not produce graphical output

 Have opened file for pdb format output of sphere centres:  hole050.sph

  Seed integer used by ran # generator on this run      31415

 
 S/R cguess will try to guess CPOINT and/or CVECT
 
 THESE GUESSES MAY WELL BE WRONG!!!!
 Routine relies on having a reasonably symmetric
 channel oriented along x, y or z vector
 YOU ARE STRONGLY ADVISED TO CHECK THE RESULTS
                       WITH MOLECULAR GRAPHICS
 testing points from cpoint in X, Y then Z direction
   point                   pore radius
direction     1
  34.996  39.790  39.999     0.797
  35.996  39.790  39.999     1.109
  36.996  39.790  39.999     0.953
  37.996  39.790  39.999     0.538
  38.996  39.790  39.999     0.405
  39.996  39.790  39.999     0.519
  40.996  39.790  39.999     0.227
  41.996  39.790  39.999     0.233
  42.996  39.790  39.999     0.607
  43.996  39.790  39.999    -0.025
  44.996  39.790  39.999    -0.171
 Average pore radius along the line=      0.472
direction     2
  39.996  34.790  39.999     2.199
  39.996  35.790  39.999     1.986
  39.996  36.790  39.999     1.849
  39.996  37.790  39.999     1.182
  39.996  38.790  39.999     0.739
  39.996  39.790  39.999     0.519
  39.996  40.790  39.999     0.422
  39.996  41.790  39.999     0.845
  39.996  42.790  39.999    -0.072
  39.996  43.790  39.999    -0.818
  39.996  44.790  39.999    -0.867
 Average pore radius along the line=      0.726
direction     3
  39.996  39.790  34.999    -0.727
  39.996  39.790  35.999    -0.844
  39.996  39.790  36.999    -0.818
  39.996  39.790  37.999    -0.278
  39.996  39.790  38.999    -0.011
  39.996  39.790  39.999     0.519
  39.996  39.790  40.999    -0.198
  39.996  39.790  41.999    -0.732
  39.996  39.790  42.999    -0.520
  39.996  39.790  43.999    -0.325
  39.996  39.790  44.999    -0.253
 Average pore radius along the line=     -0.381
 Best direction is found to be     2
(1=X,2=Y,3=Z)
 s/r cguess has produced initial values for cpoint &/or cvect:
CPOINT      39.9957     39.7898     39.9989
CVECT        0.0000      1.0000      0.0000
 THESE GUESSES MAY WELL BE WRONG!!!!
 Routine relies on having a reasonably symmetric
 channel oriented along x, y or z vector
 YOU ARE STRONGLY ADVISED TO CHECK THE RESULTS
                       WITH MOLECULAR GRAPHICS
 
 
  Some routines (e.g. conn) need vectors normal to cvect: 
     EAST Zero degrees angle is along vector    1.000   0.000   0.000
     NORTH  90 degrees angle is along vector    0.000   0.000   1.000
 highest radius point found:
  at point   41.524  39.790  40.827
  closest atom surface    0.976   C44 ASB X    1
  2nd closest surface     0.976   H54 ASB X    1
  found on step  944
  this is also current point
  no. of rejections          391
 stored as     0

 highest radius point found:
  at point   41.559  39.990  40.914
  closest atom surface    1.036   H54 ASB X    1
  2nd closest surface     1.036   C44 ASB X    1
  found on step  952
  this is also current point
  no. of rejections          372
 stored as     1

 highest radius point found:
  at point   41.592  40.190  41.005
  closest atom surface    1.112   C44 ASB X    1
  2nd closest surface     1.113   H54 ASB X    1
  found on step  981
  this is also current point
  no. of rejections          397
 stored as     2

 highest radius point found:
  at point   41.630  40.390  41.091
  closest atom surface    1.200   C44 ASB X    1
  2nd closest surface     1.202   C54 ASB X    1
  found on step  983
  this is also current point
  no. of rejections          389
 stored as     3

 highest radius point found:
  at point   41.691  40.590  41.164
  closest atom surface    1.290   C44 ASB X    1
  2nd closest surface     1.291   C48 ASB X    1
  found on step  251
 current point:
  at point   41.697  40.590  41.167
  closest atom surface    1.286   C44 ASB X    1
  2nd closest surface     1.294   C48 ASB X    1
  found on step  987
  no. of rejections          375
 stored as     4

 highest radius point found:
  at point   41.752  40.790  41.237
  closest atom surface    1.392   C48 ASB X    1
  2nd closest surface     1.392   C44 ASB X    1
  found on step  970
  this is also current point
  no. of rejections          374
 stored as     5

 highest radius point found:
  at point   41.815  40.990  41.311
  closest atom surface    1.505   C44 ASB X    1
  2nd closest surface     1.507   C48 ASB X    1
  found on step  931
  this is also current point
  no. of rejections          368
 stored as     6

 highest radius point found:
  at point   41.875  41.190  41.384
  closest atom surface    1.630   C48 ASB X    1
  2nd closest surface     1.630   C44 ASB X    1
  found on step  962
  this is also current point
  no. of rejections          308
 stored as     7

 highest radius point found:
  at point   41.936  41.390  41.463
  closest atom surface    1.763   C44 ASB X    1
  2nd closest surface     1.763   C54 ASB X    1
  found on step  751
 current point:
  at point   41.939  41.390  41.460
  closest atom surface    1.762   C44 ASB X    1
  2nd closest surface     1.766   C48 ASB X    1
  found on step  969
  no. of rejections          312
 stored as     8

 highest radius point found:
  at point   41.998  41.590  41.540
  closest atom surface    1.905   C44 ASB X    1
  2nd closest surface     1.905   C54 ASB X    1
  found on step  625
 current point:
  at point   41.999  41.590  41.553
  closest atom surface    1.903   C44 ASB X    1
  2nd closest surface     1.903   C54 ASB X    1
  found on step  928
  no. of rejections          373
 stored as     9

 highest radius point found:
  at point   45.164  41.790  45.653
  closest atom surface    3.430   H9  ASB X    1
  2nd closest surface     3.560   C44 ASB X    1
  found on step 1000
  this is also current point
  no. of rejections          200
 stored as    10

 highest radius point found:
  at point   53.563  41.990  49.991
  closest atom surface   11.244   C7  ASB X    1
  2nd closest surface    11.246   C6  ASB X    1
  found on step  999
  this is also current point
  no. of rejections          206
 stored as    11

 highest radius point found:
  at point   62.760  42.190  55.220
  closest atom surface   21.194   C4  ASB X    1
  2nd closest surface    21.221   H6  ASB X    1
  found on step 1000
  this is also current point
  no. of rejections          232
 stored as    12

 highest radius point found:
  at point   71.650  42.390  60.322
  closest atom surface   31.036   H6  ASB X    1
  2nd closest surface    31.120   C4  ASB X    1
  found on step  997
  this is also current point
  no. of rejections          239
 This is an end! (radius above  22.0 angs)
 highest radius point found:
  at point   41.481  39.590  40.738
  closest atom surface    0.934   C48 ASB X    1
  2nd closest surface     0.935   H54 ASB X    1
  found on step  992
  this is also current point
  no. of rejections          398
 stored as    -1

 highest radius point found:
  at point   41.441  39.390  40.656
  closest atom surface    0.914   C44 ASB X    1
  2nd closest surface     0.915   C48 ASB X    1
  found on step  968
  this is also current point
  no. of rejections          416
 stored as    -2

 highest radius point found:
  at point   41.391  39.190  40.575
  closest atom surface    0.914   C48 ASB X    1
  2nd closest surface     0.914   C44 ASB X    1
  found on step  885
  this is also current point
  no. of rejections          406
 stored as    -3

 highest radius point found:
  at point   41.331  38.990  40.495
  closest atom surface    0.931   C48 ASB X    1
  2nd closest surface     0.931   H54 ASB X    1
  found on step  982
  this is also current point
  no. of rejections          391
 stored as    -4

 highest radius point found:
  at point   41.280  38.790  40.420
  closest atom surface    0.970   C48 ASB X    1
  2nd closest surface     0.972   C44 ASB X    1
  found on step  957
  this is also current point
  no. of rejections          391
 stored as    -5

 highest radius point found:
  at point   41.210  38.590  40.347
  closest atom surface    1.028   H54 ASB X    1
  2nd closest surface     1.029   C48 ASB X    1
  found on step  924
  this is also current point
  no. of rejections          389
 stored as    -6

 highest radius point found:
  at point   41.149  38.390  40.279
  closest atom surface    1.105   C44 ASB X    1
  2nd closest surface     1.106   H54 ASB X    1
  found on step  976
  this is also current point
  no. of rejections          355
 stored as    -7

 highest radius point found:
  at point   39.783  38.190  39.560
  closest atom surface    1.252   C48 ASB X    1
  2nd closest surface     1.266   C54 ASB X    1
  found on step  994
  this is also current point
  no. of rejections          341
 stored as    -8

 highest radius point found:
  at point   36.061  37.990  38.459
  closest atom surface    2.755   C32 ASB X    1
  2nd closest surface     2.756   C13 ASB X    1
  found on step  989
  this is also current point
  no. of rejections          341
 stored as    -9

 highest radius point found:
  at point   32.714  37.790  36.489
  closest atom surface    4.507   C14 ASB X    1
  2nd closest surface     4.514   C32 ASB X    1
  found on step  993
  this is also current point
  no. of rejections          318
 stored as   -10

 highest radius point found:
  at point   24.338  37.590  31.490
  closest atom surface   12.812   H31 ASB X    1
  2nd closest surface    12.813   H15 ASB X    1
  found on step  999
  this is also current point
  no. of rejections          260
 stored as   -11

 highest radius point found:
  at point   15.386  37.390  26.012
  closest atom surface   22.875   H15 ASB X    1
  2nd closest surface    22.942   H31 ASB X    1
  found on step  999
  this is also current point
  no. of rejections          254
 This is an end! (radius above  22.0 angs)
 
 N.b. Graph information routine (HOGRAP) differs 
        markedly from previous versions!
       Information now is written from -ve end
       to +ve in one pass
 
 Explanation of the meaning of each column: 
 First column "cenxyz.cvec" is the coordinate in the
   direction of the channel vector i.e. if the channel
   vector is in z (0 0 1) then it is the z coordinate.
 The second column "radius" is the hole pore radius 
   (as defined in the Biophys J 1993) article).
 The third column "cen_line_D" is the distance 
   measured along the pore centre line - with the 
   first point found set to zero. This was the first
   thing that I used to measure the distance along a pore
   but "cenxyz.cvec" is a much better general measure. 
   However, by comparing changes in this distance to changes in '   "cenxyz.cvec" one can get a measure of how straight a 
   channel is.
 The fourth column "sum{s/(area)}" is useful in conductance
   prediction -
   basically it is the sum of the thickness of each slab
   divided by its area. HOLE uses this measure to estimate
   the macroscopic conductance of a channel.
 If any of this worries you one can see the "raw" results
   of a standard hole run by producing a sphpdb file and 
    directly looking at the results.
 cenxyz.cvec      radius  cen_line_D sum{s/(area point sourc
    37.58984    12.81158   -20.64068     0.00019   (sampled)
    37.68984     8.35483   -15.76247     0.00065 (mid-point)
    37.78984     4.50674   -10.88426     0.00222   (sampled)
    37.88984     3.35314    -8.93966     0.00505 (mid-point)
    37.98984     2.75480    -6.99506     0.00924   (sampled)
    38.08984     1.82998    -5.05161     0.01875 (mid-point)
    38.18984     1.25196    -3.10815     0.03906   (sampled)
    38.28984     1.07823    -2.32977     0.06644 (mid-point)
    38.38984     1.10522    -1.55138     0.09249   (sampled)
    38.48984     1.06468    -1.44155     0.12057 (mid-point)
    38.58984     1.02835    -1.33172     0.15067   (sampled)
    38.68984     0.99744    -1.21958     0.18267 (mid-point)
    38.78984     0.97035    -1.10744     0.21648   (sampled)
    38.88984     0.94853    -0.99775     0.25185 (mid-point)
    38.98984     0.93087    -0.88806     0.28859   (sampled)
    39.08984     0.91980    -0.77618     0.32621 (mid-point)
    39.18984     0.91378    -0.66429     0.36433   (sampled)
    39.28984     0.91188    -0.55358     0.40261 (mid-point)
    39.38984     0.91413    -0.44287     0.44071   (sampled)
    39.48984     0.92248    -0.33302     0.47811 (mid-point)
    39.58984     0.93433    -0.22317     0.51457   (sampled)
    39.68984     0.95266    -0.11159     0.54965 (mid-point)
    39.78984     0.97609    -0.00000     0.58306   (sampled)
    39.88984     1.00316     0.11053     0.61469 (mid-point)
    39.98984     1.03578     0.22106     0.64436   (sampled)
    40.08984     1.07202     0.33213     0.67206 (mid-point)
    40.18984     1.11185     0.44320     0.69780   (sampled)
    40.28984     1.15408     0.55372     0.72170 (mid-point)
    40.38984     1.19973     0.66423     0.74382   (sampled)
    40.48984     1.24305     0.77494     0.76442 (mid-point)
    40.58984     1.28967     0.88565     0.78356   (sampled)
    40.68984     1.33947     0.99636     0.80130 (mid-point)
    40.78984     1.39221     1.10707     0.81772   (sampled)
    40.88984     1.44737     1.21824     0.83291 (mid-point)
    40.98984     1.50524     1.32942     0.84696   (sampled)
    41.08984     1.56655     1.44002     0.85993 (mid-point)
    41.18984     1.63008     1.55061     0.87191   (sampled)
    41.28984     1.69560     1.66234     0.88299 (mid-point)
    41.38984     1.76316     1.77406     0.89322   (sampled)
    41.48984     1.83286     1.88565     0.90270 (mid-point)
    41.58984     1.90458     1.99724     0.91147   (sampled)
    41.68984     2.01437     4.59472     0.91932 (mid-point)
    41.78984     3.42974     7.19220     0.92203   (sampled)
    41.88984     7.01225    11.91925     0.92267 (mid-point)
    41.98984    11.24432    16.64630     0.92292   (sampled)
    42.08984    16.16924    21.93722     0.92305 (mid-point)
    42.18984    21.19358    27.22813     0.92312   (sampled)

 Minimum radius found:      0.912 angstroms.



 For spherical probe approach, The geometric factor
         F= sum(ds/area) along channel is    0.923 angstroms**-1
 This yields a macroscopic predicted molar conductance of:
   (1/rho)*(100/F)= (110/rho) pS,
   where rho is the conductivity of 1M permeant ion in ohm m.
 N.B. this is a macroscopic conductance - an overestimate 
 Empirically corrected conductances currently only available
 With the CAPSULE option (although its not that stable!)
 For 1M KCl rho= 1/12 (ohm m), So Gmacro= 1300 pS/M.
  (TAG      1   Rmin=     0.91188   Gmacro=  1299.94346 Conn_Gmacro=    -1.00000 ).
 HOLE: normal completion
