 *** Program HOLE ***
 
 If results of this run are reported or published, please
 cite the publication listed below.
 For the HOLE program:
   Smart, O.S., Goodfellow, J.M., Wallace, B.A. (1993). 
   The pore dimensions of gramicidin A. 
   Biophys. J., 65, 2455-2460.
 
 Originally written by Oliver Smart at Birkbeck College from April 1992.
 Copyright 1993-2005 Oliver Smart
 Copyright 2014-2015 SmartSci Limited.
 Copyright 2016 Oliver Smart.
 
 For help on HOLE suite see  http://www.holeprogram.org/
 
 HOLE release 2.2.005 (07 August 2016) 
 
 usage subject to Apache License, Version 2.0 
 see http://www.apache.org/licenses/LICENSE-2.0 

 Control variables read:

! Input file for Oliver Smart's HOLE program
! written by MDAnalysis.analysis.hole2.HoleAnalysis
! for a Universe
! u = mda.Universe(/afs/crc.nd.edu/user/m/mfarshad/Private/ML-new/traj/host-hub5
!    /afs/crc.nd.edu/user/m/mfarshad/Private/ML-new/traj/host-hub5/host_hub5.trr
!   )
! Frame 92

COORD  /tmp/2550302.1.long/tmpjplesajo.pdb
RADIUS simple2.rad
SPHPDB hole092.sph
SAMPLE 0.200000
ENDRAD 22.000000
IGNORE SOL WAT TIP HOH K   NA  CL
SHORTO 0
RASEED 31415
CPOINT 49.8807860024 50.4855010117 50.2567953520


 WARNING have not found a CVECT record - will try to guess
 Input pdb filename read as:    '/tmp/2550302.1.long/tmpjplesajo.pdb'
 Input vdW radius file read as: 'simple2.rad'
 point in channel:   49.881  50.485  50.257
 channel vector:   ************************
 sampling distance between planes:    0.200

 graphics conditions:
 binary plot output file name: NONE
 Dot density:    10
 Draw dots?           T
 Draw close contacts? F
 Draw centre line?    T
 Produce spikes rather than dots? F
 Seed for random number generator:     31415 (0 means value set by program)
 Radius above which a result is regarded as an 'end':  22.000
 Pdb format file for sphere centres: hole092.sph

 Monte Carlo conditions:
  no of steps:  1000
  maximum displacement   0.100 angs
  'kT' initial   0.100 angs
 The spherebox and capsule options are turned off.
 (No molqpt card so will not write qpt file of the molecule)
 IGNORE card read so will ignore residue types: SOL WAT TIP HOH K   NA  CL
 no SHORTO card read so will produce full textual output
 As no PEGRAT card was found will not produce PEG polymer exclusion graph
 (No 2DMAPS card specified so will not produce 2D property maps)
 Have not found a CUT card.  Normal calculation using
   Cutoff lists with a cutsize=       1.000
   (if you wish to turn off option use a CUT -1 card)

 Have read     7 bond radius records and
              16 vdW radius records.
 From file: simple2.rad

 Have read   158 atom records.
 From file: /tmp/2550302.1.long/tmpjplesajo.pdb
 Will not produce graphical output

 Have opened file for pdb format output of sphere centres:  hole092.sph

  Seed integer used by ran # generator on this run      31415

 
 S/R cguess will try to guess CPOINT and/or CVECT
 
 THESE GUESSES MAY WELL BE WRONG!!!!
 Routine relies on having a reasonably symmetric
 channel oriented along x, y or z vector
 YOU ARE STRONGLY ADVISED TO CHECK THE RESULTS
                       WITH MOLECULAR GRAPHICS
 testing points from cpoint in X, Y then Z direction
   point                   pore radius
direction     1
  44.881  50.485  50.257     2.144
  45.881  50.485  50.257     1.968
  46.881  50.485  50.257     1.640
  47.881  50.485  50.257     1.472
  48.881  50.485  50.257     1.694
  49.881  50.485  50.257     1.864
  50.881  50.485  50.257     1.521
  51.881  50.485  50.257     0.815
  52.881  50.485  50.257     0.294
  53.881  50.485  50.257     0.161
  54.881  50.485  50.257     0.537
 Average pore radius along the line=      1.283
direction     2
  49.881  45.485  50.257    -0.088
  49.881  46.485  50.257    -0.035
  49.881  47.485  50.257     0.309
  49.881  48.485  50.257     1.008
  49.881  49.485  50.257     1.856
  49.881  50.485  50.257     1.864
  49.881  51.485  50.257     1.198
  49.881  52.485  50.257     0.773
  49.881  53.485  50.257     0.361
  49.881  54.485  50.257    -0.070
  49.881  55.485  50.257    -0.430
 Average pore radius along the line=      0.613
direction     3
  49.881  50.485  45.257     0.735
  49.881  50.485  46.257     0.669
  49.881  50.485  47.257     0.732
  49.881  50.485  48.257     0.971
  49.881  50.485  49.257     1.492
  49.881  50.485  50.257     1.864
  49.881  50.485  51.257     1.443
  49.881  50.485  52.257     1.314
  49.881  50.485  53.257     0.743
  49.881  50.485  54.257     0.427
  49.881  50.485  55.257     0.128
 Average pore radius along the line=      0.956
 Best direction is found to be     1
(1=X,2=Y,3=Z)
 s/r cguess has produced initial values for cpoint &/or cvect:
CPOINT      49.8808     50.4855     50.2568
CVECT        1.0000      0.0000      0.0000
 THESE GUESSES MAY WELL BE WRONG!!!!
 Routine relies on having a reasonably symmetric
 channel oriented along x, y or z vector
 YOU ARE STRONGLY ADVISED TO CHECK THE RESULTS
                       WITH MOLECULAR GRAPHICS
 
 
  Some routines (e.g. conn) need vectors normal to cvect: 
     EAST Zero degrees angle is along vector    0.000   1.000   0.000
     NORTH  90 degrees angle is along vector    0.000   0.000  -1.000
 highest radius point found:
  at point   49.881  50.080  50.086
  closest atom surface    2.262   C11 DMP X    1
  2nd closest surface     2.263   O13 DMP X    1
  found on step  815
 current point:
  at point   49.881  50.061  50.072
  closest atom surface    2.260   H42 DMP X    1
  2nd closest surface     2.262   C11 DMP X    1
  found on step  964
  no. of rejections          340
 stored as     0

 highest radius point found:
  at point   50.081  50.228  49.917
  closest atom surface    2.169   C11 DMP X    1
  2nd closest surface     2.169   H42 DMP X    1
  found on step  964
  this is also current point
  no. of rejections          299
 stored as     1

 highest radius point found:
  at point   50.281  50.379  49.756
  closest atom surface    2.101   H42 DMP X    1
  2nd closest surface     2.102   C11 DMP X    1
  found on step  973
  this is also current point
  no. of rejections          316
 stored as     2

 highest radius point found:
  at point   50.481  50.537  49.595
  closest atom surface    2.053   C11 DMP X    1
  2nd closest surface     2.053   O17 DMP X    1
  found on step  992
  this is also current point
  no. of rejections          327
 stored as     3

 highest radius point found:
  at point   50.681  50.716  49.427
  closest atom surface    2.014   C11 DMP X    1
  2nd closest surface     2.015   O17 DMP X    1
  found on step  882
  this is also current point
  no. of rejections          359
 stored as     4

 highest radius point found:
  at point   50.881  50.895  49.258
  closest atom surface    2.001   C11 DMP X    1
  2nd closest surface     2.003   O17 DMP X    1
  found on step  924
  this is also current point
  no. of rejections          298
 stored as     5

 highest radius point found:
  at point   51.081  51.072  49.094
  closest atom surface    2.016   O17 DMP X    1
  2nd closest surface     2.017   C11 DMP X    1
  found on step  996
  this is also current point
  no. of rejections          310
 stored as     6

 highest radius point found:
  at point   51.281  51.254  48.932
  closest atom surface    2.058   C11 DMP X    1
  2nd closest surface     2.058   O17 DMP X    1
  found on step  998
  this is also current point
  no. of rejections          349
 stored as     7

 highest radius point found:
  at point   51.481  51.404  48.737
  closest atom surface    2.116   C11 DMP X    1
  2nd closest surface     2.116   O17 DMP X    1
  found on step  992
  this is also current point
  no. of rejections          327
 stored as     8

 highest radius point found:
  at point   51.681  49.631  46.596
  closest atom surface    2.570   H10 DMP X    1
  2nd closest surface     2.573   O17 DMP X    1
  found on step  996
  this is also current point
  no. of rejections          248
 stored as     9

 highest radius point found:
  at point   51.881  49.801  46.437
  closest atom surface    2.662   H12 DMP X    1
  2nd closest surface     2.662   H1  DMP X    1
  found on step  979
  this is also current point
  no. of rejections          321
 stored as    10

 highest radius point found:
  at point   52.081  50.360  45.427
  closest atom surface    2.806   H10 DMP X    1
  2nd closest surface     2.807   H12 DMP X    1
  found on step  949
  this is also current point
  no. of rejections          297
 stored as    11

 highest radius point found:
  at point   52.281  50.389  45.564
  closest atom surface    2.938   H12 DMP X    1
  2nd closest surface     2.938   H1  DMP X    1
  found on step  720
 current point:
  at point   52.281  50.389  45.566
  closest atom surface    2.937   H12 DMP X    1
  2nd closest surface     2.938   O4  DMP X    1
  found on step  995
  no. of rejections          338
 stored as    12

 highest radius point found:
  at point   52.481  50.459  45.744
  closest atom surface    3.057   H12 DMP X    1
  2nd closest surface     3.058   O4  DMP X    1
  found on step  859
 current point:
  at point   52.481  50.450  45.759
  closest atom surface    3.056   H1  DMP X    1
  2nd closest surface     3.056   H12 DMP X    1
  found on step  921
  no. of rejections          341
 stored as    13

 highest radius point found:
  at point   52.681  50.526  45.856
  closest atom surface    3.178   H1  DMP X    1
  2nd closest surface     3.179   O4  DMP X    1
  found on step  965
  this is also current point
  no. of rejections          382
 stored as    14

 highest radius point found:
  at point   52.881  50.604  45.759
  closest atom surface    3.264   O17 DMP X    1
  2nd closest surface     3.264   H1  DMP X    1
  found on step  915
  this is also current point
  no. of rejections          330
 stored as    15

 highest radius point found:
  at point   53.081  52.056  39.822
  closest atom surface    5.080   O4  DMP X    1
  2nd closest surface     5.121   O1  DMP X    1
  found on step  997
  this is also current point
  no. of rejections          269
 stored as    16

 highest radius point found:
  at point   53.281  55.136  30.171
  closest atom surface   13.809   O1  DMP X    1
  2nd closest surface    13.837   O4  DMP X    1
  found on step 1000
  this is also current point
  no. of rejections          245
 stored as    17

 highest radius point found:
  at point   53.481  58.286  20.658
  closest atom surface   23.509   O1  DMP X    1
  2nd closest surface    23.522   O4  DMP X    1
  found on step 1000
  this is also current point
  no. of rejections          253
 This is an end! (radius above  22.0 angs)
 highest radius point found:
  at point   49.681  49.955  50.249
  closest atom surface    2.352   O23 DMP X    1
  2nd closest surface     2.354   O13 DMP X    1
  found on step  192
 current point:
  at point   49.681  49.955  50.252
  closest atom surface    2.351   O23 DMP X    1
  2nd closest surface     2.352   O13 DMP X    1
  found on step  983
  no. of rejections          398
 stored as    -1

 highest radius point found:
  at point   49.481  49.933  50.428
  closest atom surface    2.374   O13 DMP X    1
  2nd closest surface     2.374   O23 DMP X    1
  found on step  861
 current point:
  at point   49.481  49.933  50.428
  closest atom surface    2.374   O23 DMP X    1
  2nd closest surface     2.375   O13 DMP X    1
  found on step  968
  no. of rejections          365
 stored as    -2

 highest radius point found:
  at point   49.281  49.910  50.603
  closest atom surface    2.415   O23 DMP X    1
  2nd closest surface     2.415   O13 DMP X    1
  found on step  985
  this is also current point
  no. of rejections          386
 stored as    -3

 highest radius point found:
  at point   49.081  49.889  50.773
  closest atom surface    2.472   O13 DMP X    1
  2nd closest surface     2.474   O23 DMP X    1
  found on step  673
 current point:
  at point   49.081  49.886  50.771
  closest atom surface    2.471   O23 DMP X    1
  2nd closest surface     2.476   O13 DMP X    1
  found on step  966
  no. of rejections          359
 stored as    -4

 highest radius point found:
  at point   48.881  49.867  50.942
  closest atom surface    2.547   O13 DMP X    1
  2nd closest surface     2.548   O23 DMP X    1
  found on step  928
  this is also current point
  no. of rejections          353
 stored as    -5

 highest radius point found:
  at point   48.681  49.843  51.098
  closest atom surface    2.633   H13 DMP X    1
  2nd closest surface     2.636   O23 DMP X    1
  found on step   29
 current point:
  at point   48.681  49.819  51.283
  closest atom surface    2.616   O23 DMP X    1
  2nd closest surface     2.618   O13 DMP X    1
  found on step  991
  no. of rejections          354
 stored as    -6

 highest radius point found:
  at point   48.481  49.822  51.286
  closest atom surface    2.739   O13 DMP X    1
  2nd closest surface     2.740   O23 DMP X    1
  found on step  307
 current point:
  at point   48.481  49.731  51.918
  closest atom surface    2.728   O23 DMP X    1
  2nd closest surface     2.730   O13 DMP X    1
  found on step  968
  no. of rejections          374
 stored as    -7

 highest radius point found:
  at point   48.281  49.799  51.449
  closest atom surface    2.855   O23 DMP X    1
  2nd closest surface     2.857   O13 DMP X    1
  found on step  819
 current point:
  at point   48.281  49.798  51.462
  closest atom surface    2.854   O23 DMP X    1
  2nd closest surface     2.856   O13 DMP X    1
  found on step  986
  no. of rejections          367
 stored as    -8

 highest radius point found:
  at point   48.081  49.742  51.876
  closest atom surface    2.988   O23 DMP X    1
  2nd closest surface     2.989   O13 DMP X    1
  found on step  333
 current point:
  at point   48.081  49.745  51.854
  closest atom surface    2.987   O23 DMP X    1
  2nd closest surface     2.987   O13 DMP X    1
  found on step  925
  no. of rejections          339
 stored as    -9

 highest radius point found:
  at point   47.881  49.720  51.910
  closest atom surface    3.114   H35 DMP X    1
  2nd closest surface     3.114   O23 DMP X    1
  found on step  974
  this is also current point
  no. of rejections          375
 stored as   -10

 highest radius point found:
  at point   47.681  49.641  52.024
  closest atom surface    3.220   O23 DMP X    1
  2nd closest surface     3.223   O6  DMP X    1
  found on step  926
  this is also current point
  no. of rejections          360
 stored as   -11

 highest radius point found:
  at point   47.481  49.564  52.145
  closest atom surface    3.338   O23 DMP X    1
  2nd closest surface     3.339   H56 DMP X    1
  found on step  960
  this is also current point
  no. of rejections          362
 stored as   -12

 highest radius point found:
  at point   47.281  49.505  52.264
  closest atom surface    3.451   O6  DMP X    1
  2nd closest surface     3.452   H56 DMP X    1
  found on step  829
 current point:
  at point   47.281  49.504  52.268
  closest atom surface    3.451   O15 DMP X    1
  2nd closest surface     3.451   H56 DMP X    1
  found on step  958
  no. of rejections          357
 stored as   -13

 highest radius point found:
  at point   47.081  49.428  52.295
  closest atom surface    3.548   O6  DMP X    1
  2nd closest surface     3.550   O15 DMP X    1
  found on step  382
 current point:
  at point   47.081  49.413  52.247
  closest atom surface    3.540   H56 DMP X    1
  2nd closest surface     3.541   O6  DMP X    1
  found on step  970
  no. of rejections          337
 stored as   -14

 highest radius point found:
  at point   46.881  49.338  52.329
  closest atom surface    3.656   H56 DMP X    1
  2nd closest surface     3.657   O15 DMP X    1
  found on step  944
  this is also current point
  no. of rejections          368
 stored as   -15

 highest radius point found:
  at point   46.681  49.260  52.351
  closest atom surface    3.772   O6  DMP X    1
  2nd closest surface     3.772   H56 DMP X    1
  found on step  952
  this is also current point
  no. of rejections          334
 stored as   -16

 highest radius point found:
  at point   46.481  49.177  52.379
  closest atom surface    3.893   H56 DMP X    1
  2nd closest surface     3.893   O6  DMP X    1
  found on step   63
 current point:
  at point   46.481  49.175  52.385
  closest atom surface    3.891   O15 DMP X    1
  2nd closest surface     3.892   H56 DMP X    1
  found on step  923
  no. of rejections          329
 stored as   -17

 highest radius point found:
  at point   46.281  49.091  52.414
  closest atom surface    4.018   O15 DMP X    1
  2nd closest surface     4.019   H56 DMP X    1
  found on step  855
 current point:
  at point   46.281  49.088  52.417
  closest atom surface    4.018   O15 DMP X    1
  2nd closest surface     4.018   H56 DMP X    1
  found on step  974
  no. of rejections          342
 stored as   -18

 highest radius point found:
  at point   46.081  48.990  52.451
  closest atom surface    4.145   H56 DMP X    1
  2nd closest surface     4.154   O15 DMP X    1
  found on step    3
 current point:
  at point   46.081  48.772  52.738
  closest atom surface    4.081   O15 DMP X    1
  2nd closest surface     4.082   H56 DMP X    1
  found on step  992
  no. of rejections          321
 stored as   -19

 highest radius point found:
  at point   45.881  48.868  52.537
  closest atom surface    4.274   H56 DMP X    1
  2nd closest surface     4.274   O15 DMP X    1
  found on step  970
  this is also current point
  no. of rejections          344
 stored as   -20

 highest radius point found:
  at point   45.681  48.731  52.626
  closest atom surface    4.406   H56 DMP X    1
  2nd closest surface     4.408   O15 DMP X    1
  found on step  340
 current point:
  at point   45.681  48.732  52.621
  closest atom surface    4.405   S1  DMP X    1
  2nd closest surface     4.405   H56 DMP X    1
  found on step  978
  no. of rejections          336
 stored as   -21

 highest radius point found:
  at point   45.481  48.590  52.725
  closest atom surface    4.546   H56 DMP X    1
  2nd closest surface     4.546   O15 DMP X    1
  found on step  997
  this is also current point
  no. of rejections          344
 stored as   -22

 highest radius point found:
  at point   45.281  48.444  52.825
  closest atom surface    4.693   H56 DMP X    1
  2nd closest surface     4.694   O15 DMP X    1
  found on step  973
  this is also current point
  no. of rejections          281
 stored as   -23

 highest radius point found:
  at point   45.081  48.292  52.931
  closest atom surface    4.848   H56 DMP X    1
  2nd closest surface     4.851   O15 DMP X    1
  found on step  885
 current point:
  at point   45.081  48.297  52.922
  closest atom surface    4.848   H56 DMP X    1
  2nd closest surface     4.853   O15 DMP X    1
  found on step  990
  no. of rejections          308
 stored as   -24

 highest radius point found:
  at point   44.881  47.450  53.909
  closest atom surface    5.059   O22 DMP X    1
  2nd closest surface     5.063   O15 DMP X    1
  found on step  827
 current point:
  at point   44.881  47.514  53.808
  closest atom surface    5.058   O15 DMP X    1
  2nd closest surface     5.058   O22 DMP X    1
  found on step  944
  no. of rejections          295
 stored as   -25

 highest radius point found:
  at point   44.681  44.465  58.744
  closest atom surface    7.379   O22 DMP X    1
  2nd closest surface     7.419   O15 DMP X    1
  found on step 1000
  this is also current point
  no. of rejections          246
 stored as   -26

 highest radius point found:
  at point   44.481  42.152  68.299
  closest atom surface   14.392   C43 DMP X    1
  2nd closest surface    14.440   H36 DMP X    1
  found on step 1000
  this is also current point
  no. of rejections          232
 stored as   -27

 highest radius point found:
  at point   44.281  40.521  78.595
  closest atom surface   23.558   O19 DMP X    1
  2nd closest surface    23.674   H36 DMP X    1
  found on step 1000
  this is also current point
  no. of rejections          267
 This is an end! (radius above  22.0 angs)
 
 N.b. Graph information routine (HOGRAP) differs 
        markedly from previous versions!
       Information now is written from -ve end
       to +ve in one pass
 
 Explanation of the meaning of each column: 
 First column "cenxyz.cvec" is the coordinate in the
   direction of the channel vector i.e. if the channel
   vector is in z (0 0 1) then it is the z coordinate.
 The second column "radius" is the hole pore radius 
   (as defined in the Biophys J 1993) article).
 The third column "cen_line_D" is the distance 
   measured along the pore centre line - with the 
   first point found set to zero. This was the first
   thing that I used to measure the distance along a pore
   but "cenxyz.cvec" is a much better general measure. 
   However, by comparing changes in this distance to changes in '   "cenxyz.cvec" one can get a measure of how straight a 
   channel is.
 The fourth column "sum{s/(area)}" is useful in conductance
   prediction -
   basically it is the sum of the thickness of each slab
   divided by its area. HOLE uses this measure to estimate
   the macroscopic conductance of a channel.
 If any of this worries you one can see the "raw" results
   of a standard hole run by producing a sphpdb file and 
    directly looking at the results.
 cenxyz.cvec      radius  cen_line_D sum{s/(area point sourc
    44.48079    14.39159   -23.00272     0.00015   (sampled)
    44.58079    10.45988   -18.08623     0.00044 (mid-point)
    44.68079     7.37937   -13.16975     0.00103   (sampled)
    44.78079     5.77895   -10.32670     0.00198 (mid-point)
    44.88079     5.05932    -7.48366     0.00323   (sampled)
    44.98079     4.92521    -6.83073     0.00454 (mid-point)
    45.08079     4.84847    -6.17780     0.00589   (sampled)
    45.18079     4.76979    -6.04157     0.00729 (mid-point)
    45.28079     4.69329    -5.90534     0.00874   (sampled)
    45.38079     4.61836    -5.77168     0.01023 (mid-point)
    45.48079     4.54564    -5.63803     0.01177   (sampled)
    45.58079     4.47443    -5.50604     0.01336 (mid-point)
    45.68079     4.40551    -5.37404     0.01500   (sampled)
    45.78079     4.33856    -5.24508     0.01669 (mid-point)
    45.88079     4.27392    -5.11613     0.01843   (sampled)
    45.98079     4.20832    -4.99129     0.02023 (mid-point)
    46.08079     4.14491    -4.86645     0.02208   (sampled)
    46.18079     4.08129    -4.75278     0.02399 (mid-point)
    46.28079     4.01848    -4.63910     0.02597   (sampled)
    46.38079     3.95517    -4.52898     0.02800 (mid-point)
    46.48079     3.89254    -4.41885     0.03010   (sampled)
    46.58079     3.83145    -4.30958     0.03227 (mid-point)
    46.68079     3.77172    -4.20032     0.03451   (sampled)
    46.78079     3.71309    -4.09239     0.03682 (mid-point)
    46.88079     3.65582    -3.98446     0.03920   (sampled)
    46.98079     3.60248    -3.87352     0.04165 (mid-point)
    47.08079     3.54780    -3.76259     0.04418   (sampled)
    47.18079     3.49861    -3.65431     0.04678 (mid-point)
    47.28079     3.45125    -3.54603     0.04945   (sampled)
    47.38079     3.39412    -3.42602     0.05221 (mid-point)
    47.48079     3.33755    -3.30602     0.05507   (sampled)
    47.58079     3.27750    -3.18307     0.05804 (mid-point)
    47.68079     3.21982    -3.06012     0.06111   (sampled)
    47.78079     3.16565    -2.93824     0.06428 (mid-point)
    47.88079     3.11372    -2.81636     0.06757   (sampled)
    47.98079     3.05026    -2.71433     0.07099 (mid-point)
    48.08079     2.98791    -2.61229     0.07455   (sampled)
    48.18079     2.91578    -2.37520     0.07830 (mid-point)
    48.28079     2.85498    -2.13811     0.08220   (sampled)
    48.38079     2.79576    -2.00844     0.08627 (mid-point)
    48.48079     2.73906    -1.87878     0.09052   (sampled)
    48.58079     2.68575    -1.74106     0.09493 (mid-point)
    48.68079     2.63274    -1.60333     0.09952   (sampled)
    48.78079     2.58930    -1.47596     0.10427 (mid-point)
    48.88079     2.54722    -1.34860     0.10917   (sampled)
    48.98079     2.50786    -1.21714     0.11424 (mid-point)
    49.08079     2.47233    -1.08568     0.11944   (sampled)
    49.18079     2.44152    -0.95414     0.12478 (mid-point)
    49.28079     2.41472    -0.82260     0.13024   (sampled)
    49.38079     2.39235    -0.68919     0.13580 (mid-point)
    49.48079     2.37426    -0.55578     0.14145   (sampled)
    49.58079     2.36091    -0.42109     0.14716 (mid-point)
    49.68079     2.35189    -0.28639     0.15292   (sampled)
    49.78079     2.30575    -0.14320     0.15890 (mid-point)
    49.88079     2.26173     0.00000     0.16513   (sampled)
    49.98079     2.21289     0.15047     0.17163 (mid-point)
    50.08079     2.16916     0.30093     0.17839   (sampled)
    50.18079     2.13196     0.44965     0.18539 (mid-point)
    50.28079     2.10113     0.59837     0.19260   (sampled)
    50.38079     2.07463     0.74913     0.20000 (mid-point)
    50.48079     2.05287     0.89988     0.20755   (sampled)
    50.58079     2.03029     1.05841     0.21528 (mid-point)
    50.68079     2.01409     1.21694     0.22312   (sampled)
    50.78079     2.00429     1.37544     0.23105 (mid-point)
    50.88079     2.00099     1.53393     0.23900   (sampled)
    50.98079     2.00572     1.69075     0.24691 (mid-point)
    51.08079     2.01584     1.84756     0.25474   (sampled)
    51.18079     2.03353     2.00502     0.26244 (mid-point)
    51.28079     2.05781     2.16248     0.26996   (sampled)
    51.38079     2.08372     2.32120     0.27729 (mid-point)
    51.48079     2.11606     2.47991     0.28440   (sampled)
    51.58079     2.10080     3.87346     0.29161 (mid-point)
    51.68079     2.57003     5.26701     0.29643   (sampled)
    51.78079     2.61503     5.42040     0.30108 (mid-point)
    51.88079     2.66231     5.57379     0.30557   (sampled)
    51.98079     2.68913     6.15950     0.30997 (mid-point)
    52.08079     2.80618     6.74521     0.31402   (sampled)
    52.18079     2.87091     6.86707     0.31788 (mid-point)
    52.28079     2.93759     6.98892     0.32157   (sampled)
    52.38079     2.99522     7.12816     0.32512 (mid-point)
    52.48079     3.05681     7.26739     0.32852   (sampled)
    52.58079     3.11733     7.38667     0.33180 (mid-point)
    52.68079     3.17795     7.50595     0.33495   (sampled)
    52.78079     3.21961     7.62378     0.33802 (mid-point)
    52.88079     3.26358     7.74161     0.34101   (sampled)
    52.98079     3.38802    10.79928     0.34378 (mid-point)
    53.08079     5.08038    13.85695     0.34501   (sampled)
    53.18079     9.15512    18.92321     0.34539 (mid-point)
    53.28079    13.80943    23.98947     0.34556   (sampled)

 Minimum radius found:      2.001 angstroms.



 For spherical probe approach, The geometric factor
         F= sum(ds/area) along channel is    0.346 angstroms**-1
 This yields a macroscopic predicted molar conductance of:
   (1/rho)*(100/F)= (290/rho) pS,
   where rho is the conductivity of 1M permeant ion in ohm m.
 N.B. this is a macroscopic conductance - an overestimate 
 Empirically corrected conductances currently only available
 With the CAPSULE option (although its not that stable!)
 For 1M KCl rho= 1/12 (ohm m), So Gmacro= 3500 pS/M.
  (TAG      1   Rmin=     2.00099   Gmacro=  3472.60832 Conn_Gmacro=    -1.00000 ).
 HOLE: normal completion
