 *** Program HOLE ***
 
 If results of this run are reported or published, please
 cite the publication listed below.
 For the HOLE program:
   Smart, O.S., Goodfellow, J.M., Wallace, B.A. (1993). 
   The pore dimensions of gramicidin A. 
   Biophys. J., 65, 2455-2460.
 
 Originally written by Oliver Smart at Birkbeck College from April 1992.
 Copyright 1993-2005 Oliver Smart
 Copyright 2014-2015 SmartSci Limited.
 Copyright 2016 Oliver Smart.
 
 For help on HOLE suite see  http://www.holeprogram.org/
 
 HOLE release 2.2.005 (07 August 2016) 
 
 usage subject to Apache License, Version 2.0 
 see http://www.apache.org/licenses/LICENSE-2.0 

 Control variables read:

! Input file for Oliver Smart's HOLE program
! written by MDAnalysis.analysis.hole2.HoleAnalysis
! for a Universe
! u = mda.Universe(/afs/crc.nd.edu/user/m/mfarshad/Private/ML-new/traj/host-T1+2
!    /afs/crc.nd.edu/user/m/mfarshad/Private/ML-new/traj/host-T1+2B1+2/host_T1+2
!   )
! Frame 51

COORD  /tmp/2550318.1.long/tmpadf57pwb.pdb
RADIUS simple2.rad
SPHPDB hole051.sph
SAMPLE 0.200000
ENDRAD 22.000000
IGNORE SOL WAT TIP HOH K   NA  CL
SHORTO 0
RASEED 31415
CPOINT 39.8000976809 39.6686394599 42.1701134405


 WARNING have not found a CVECT record - will try to guess
 Input pdb filename read as:    '/tmp/2550318.1.long/tmpadf57pwb.pdb'
 Input vdW radius file read as: 'simple2.rad'
 point in channel:   39.800  39.669  42.170
 channel vector:   ************************
 sampling distance between planes:    0.200

 graphics conditions:
 binary plot output file name: NONE
 Dot density:    10
 Draw dots?           T
 Draw close contacts? F
 Draw centre line?    T
 Produce spikes rather than dots? F
 Seed for random number generator:     31415 (0 means value set by program)
 Radius above which a result is regarded as an 'end':  22.000
 Pdb format file for sphere centres: hole051.sph

 Monte Carlo conditions:
  no of steps:  1000
  maximum displacement   0.100 angs
  'kT' initial   0.100 angs
 The spherebox and capsule options are turned off.
 (No molqpt card so will not write qpt file of the molecule)
 IGNORE card read so will ignore residue types: SOL WAT TIP HOH K   NA  CL
 no SHORTO card read so will produce full textual output
 As no PEGRAT card was found will not produce PEG polymer exclusion graph
 (No 2DMAPS card specified so will not produce 2D property maps)
 Have not found a CUT card.  Normal calculation using
   Cutoff lists with a cutsize=       1.000
   (if you wish to turn off option use a CUT -1 card)

 Have read     7 bond radius records and
              16 vdW radius records.
 From file: simple2.rad

 Have read   124 atom records.
 From file: /tmp/2550318.1.long/tmpadf57pwb.pdb
 Will not produce graphical output

 Have opened file for pdb format output of sphere centres:  hole051.sph

  Seed integer used by ran # generator on this run      31415

 
 S/R cguess will try to guess CPOINT and/or CVECT
 
 THESE GUESSES MAY WELL BE WRONG!!!!
 Routine relies on having a reasonably symmetric
 channel oriented along x, y or z vector
 YOU ARE STRONGLY ADVISED TO CHECK THE RESULTS
                       WITH MOLECULAR GRAPHICS
 testing points from cpoint in X, Y then Z direction
   point                   pore radius
direction     1
  34.800  39.669  42.170    -0.281
  35.800  39.669  42.170     0.008
  36.800  39.669  42.170     0.368
  37.800  39.669  42.170     1.046
  38.800  39.669  42.170     1.811
  39.800  39.669  42.170     2.200
  40.800  39.669  42.170     1.994
  41.800  39.669  42.170     1.845
  42.800  39.669  42.170     1.430
  43.800  39.669  42.170     1.250
  44.800  39.669  42.170     1.365
 Average pore radius along the line=      1.185
direction     2
  39.800  34.669  42.170     0.179
  39.800  35.669  42.170     0.507
  39.800  36.669  42.170     0.725
  39.800  37.669  42.170     1.077
  39.800  38.669  42.170     1.651
  39.800  39.669  42.170     2.200
  39.800  40.669  42.170     1.270
  39.800  41.669  42.170     0.403
  39.800  42.669  42.170    -0.297
  39.800  43.669  42.170    -0.527
  39.800  44.669  42.170    -0.093
 Average pore radius along the line=      0.645
direction     3
  39.800  39.669  37.170    -0.154
  39.800  39.669  38.170     0.186
  39.800  39.669  39.170     0.539
  39.800  39.669  40.170     1.180
  39.800  39.669  41.170     1.973
  39.800  39.669  42.170     2.200
  39.800  39.669  43.170     2.122
  39.800  39.669  44.170     2.023
  39.800  39.669  45.170     1.964
  39.800  39.669  46.170     1.693
  39.800  39.669  47.170     1.657
 Average pore radius along the line=      1.398
 Best direction is found to be     3
(1=X,2=Y,3=Z)
 s/r cguess has produced initial values for cpoint &/or cvect:
CPOINT      39.8001     39.6686     42.1701
CVECT        0.0000      0.0000      1.0000
 THESE GUESSES MAY WELL BE WRONG!!!!
 Routine relies on having a reasonably symmetric
 channel oriented along x, y or z vector
 YOU ARE STRONGLY ADVISED TO CHECK THE RESULTS
                       WITH MOLECULAR GRAPHICS
 
 
  Some routines (e.g. conn) need vectors normal to cvect: 
     EAST Zero degrees angle is along vector    1.000   0.000   0.000
     NORTH  90 degrees angle is along vector    0.000  -1.000   0.000
 highest radius point found:
  at point   40.474  39.224  42.170
  closest atom surface    2.473   C11 URE X    1
  2nd closest surface     2.474   C25 URE X    1
  found on step  937
  this is also current point
  no. of rejections          394
 stored as     0

 highest radius point found:
  at point   40.523  39.233  42.370
  closest atom surface    2.460   C25 URE X    1
  2nd closest surface     2.461   C40 URE X    1
  found on step  945
  this is also current point
  no. of rejections          413
 stored as     1

 highest radius point found:
  at point   40.572  39.245  42.570
  closest atom surface    2.458   C25 URE X    1
  2nd closest surface     2.458   C40 URE X    1
  found on step  820
 current point:
  at point   40.571  39.245  42.570
  closest atom surface    2.458   C25 URE X    1
  2nd closest surface     2.459   C40 URE X    1
  found on step  944
  no. of rejections          408
 stored as     2

 highest radius point found:
  at point   40.621  39.258  42.770
  closest atom surface    2.467   C40 URE X    1
  2nd closest surface     2.467   C25 URE X    1
  found on step  996
  this is also current point
  no. of rejections          411
 stored as     3

 highest radius point found:
  at point   40.666  39.272  42.970
  closest atom surface    2.484   C25 URE X    1
  2nd closest surface     2.485   C11 URE X    1
  found on step  955
  this is also current point
  no. of rejections          394
 stored as     4

 highest radius point found:
  at point   40.714  39.262  43.170
  closest atom surface    2.494   C6  URE X    1
  2nd closest surface     2.495   C25 URE X    1
  found on step  977
  this is also current point
  no. of rejections          405
 stored as     5

 highest radius point found:
  at point   40.816  39.225  43.370
  closest atom surface    2.454   N3  URE X    1
  2nd closest surface     2.456   C7  URE X    1
  found on step  974
  this is also current point
  no. of rejections          385
 stored as     6

 highest radius point found:
  at point   40.903  39.221  43.570
  closest atom surface    2.400   C7  URE X    1
  2nd closest surface     2.400   N3  URE X    1
  found on step  986
  this is also current point
  no. of rejections          383
 stored as     7

 highest radius point found:
  at point   40.787  39.292  43.770
  closest atom surface    2.330   H24 URE X    1
  2nd closest surface     2.331   C7  URE X    1
  found on step  924
  this is also current point
  no. of rejections          376
 stored as     8

 highest radius point found:
  at point   40.657  39.369  43.970
  closest atom surface    2.274   C7  URE X    1
  2nd closest surface     2.275   C29 URE X    1
  found on step  975
  this is also current point
  no. of rejections          362
 stored as     9

 highest radius point found:
  at point   40.130  39.593  44.170
  closest atom surface    2.248   C24 URE X    1
  2nd closest surface     2.248   N3  URE X    1
  found on step  982
  this is also current point
  no. of rejections          383
 stored as    10

 highest radius point found:
  at point   40.099  39.634  44.370
  closest atom surface    2.223   H22 URE X    1
  2nd closest surface     2.223   C7  URE X    1
  found on step  959
  this is also current point
  no. of rejections          367
 stored as    11

 highest radius point found:
  at point   40.137  39.656  44.570
  closest atom surface    2.192   H22 URE X    1
  2nd closest surface     2.192   O2  URE X    1
  found on step  773
 current point:
  at point   40.154  39.656  44.570
  closest atom surface    2.188   C7  URE X    1
  2nd closest surface     2.192   C29 URE X    1
  found on step  977
  no. of rejections          370
 stored as    12

 highest radius point found:
  at point   40.052  39.677  44.770
  closest atom surface    2.125   C29 URE X    1
  2nd closest surface     2.125   O2  URE X    1
  found on step  995
  this is also current point
  no. of rejections          421
 stored as    13

 highest radius point found:
  at point   39.992  39.706  44.970
  closest atom surface    2.066   C29 URE X    1
  2nd closest surface     2.066   O2  URE X    1
  found on step  806
 current point:
  at point   39.992  39.706  44.970
  closest atom surface    2.066   C29 URE X    1
  2nd closest surface     2.067   O2  URE X    1
  found on step  935
  no. of rejections          407
 stored as    14

 highest radius point found:
  at point   39.851  39.717  45.170
  closest atom surface    2.023   O2  URE X    1
  2nd closest surface     2.024   C29 URE X    1
  found on step  964
  this is also current point
  no. of rejections          382
 stored as    15

 highest radius point found:
  at point   39.774  39.740  45.370
  closest atom surface    1.988   C29 URE X    1
  2nd closest surface     1.992   O2  URE X    1
  found on step  377
 current point:
  at point   40.426  39.900  45.370
  closest atom surface    1.984   O2  URE X    1
  2nd closest surface     1.985   C29 URE X    1
  found on step  998
  no. of rejections          396
 stored as    16

 highest radius point found:
  at point   39.633  39.752  45.570
  closest atom surface    1.976   C29 URE X    1
  2nd closest surface     1.978   O2  URE X    1
  found on step   13
 current point:
  at point   39.653  39.753  45.570
  closest atom surface    1.970   C29 URE X    1
  2nd closest surface     1.979   O2  URE X    1
  found on step  986
  no. of rejections          371
 stored as    17

 highest radius point found:
  at point   39.501  39.767  45.770
  closest atom surface    1.978   H22 URE X    1
  2nd closest surface     1.978   C29 URE X    1
  found on step 1000
  this is also current point
  no. of rejections          406
 stored as    18

 highest radius point found:
  at point   39.368  39.784  45.970
  closest atom surface    1.992   O2  URE X    1
  2nd closest surface     1.995   C2  URE X    1
  found on step  988
  this is also current point
  no. of rejections          394
 stored as    19

 highest radius point found:
  at point   39.409  39.836  46.170
  closest atom surface    1.989   O2  URE X    1
  2nd closest surface     1.989   C29 URE X    1
  found on step  995
  this is also current point
  no. of rejections          390
 stored as    20

 highest radius point found:
  at point   39.455  39.893  46.370
  closest atom surface    1.994   O2  URE X    1
  2nd closest surface     1.995   C29 URE X    1
  found on step  968
  this is also current point
  no. of rejections          362
 stored as    21

 highest radius point found:
  at point   39.510  39.951  46.570
  closest atom surface    2.011   C29 URE X    1
  2nd closest surface     2.011   O2  URE X    1
  found on step  843
 current point:
  at point   39.486  39.941  46.570
  closest atom surface    2.010   C29 URE X    1
  2nd closest surface     2.012   C2  URE X    1
  found on step  981
  no. of rejections          366
 stored as    22

 highest radius point found:
  at point   39.537  40.004  46.770
  closest atom surface    2.043   C29 URE X    1
  2nd closest surface     2.044   O2  URE X    1
  found on step  920
  this is also current point
  no. of rejections          386
 stored as    23

 highest radius point found:
  at point   39.574  40.062  46.970
  closest atom surface    2.083   C2  URE X    1
  2nd closest surface     2.083   O2  URE X    1
  found on step  823
 current point:
  at point   39.610  40.069  46.970
  closest atom surface    2.081   O2  URE X    1
  2nd closest surface     2.081   C29 URE X    1
  found on step  974
  no. of rejections          426
 stored as    24

 highest radius point found:
  at point   39.617  40.116  47.170
  closest atom surface    2.136   C2  URE X    1
  2nd closest surface     2.137   C29 URE X    1
  found on step  995
  this is also current point
  no. of rejections          397
 stored as    25

 highest radius point found:
  at point   39.668  40.177  47.370
  closest atom surface    2.200   O2  URE X    1
  2nd closest surface     2.201   C29 URE X    1
  found on step  744
 current point:
  at point   39.691  40.183  47.370
  closest atom surface    2.198   O2  URE X    1
  2nd closest surface     2.199   C29 URE X    1
  found on step  970
  no. of rejections          382
 stored as    26

 highest radius point found:
  at point   39.712  40.235  47.570
  closest atom surface    2.274   O2  URE X    1
  2nd closest surface     2.274   C29 URE X    1
  found on step  973
  this is also current point
  no. of rejections          402
 stored as    27

 highest radius point found:
  at point   39.657  40.211  47.770
  closest atom surface    2.293   O7  URE X    1
  2nd closest surface     2.293   C2  URE X    1
  found on step  983
  this is also current point
  no. of rejections          402
 stored as    28

 highest radius point found:
  at point   39.610  40.178  47.970
  closest atom surface    2.302   H1  URE X    1
  2nd closest surface     2.304   O7  URE X    1
  found on step  954
  this is also current point
  no. of rejections          400
 stored as    29

 highest radius point found:
  at point   39.575  40.157  48.170
  closest atom surface    2.313   O7  URE X    1
  2nd closest surface     2.318   H1  URE X    1
  found on step  535
 current point:
  at point   39.658  40.751  48.170
  closest atom surface    2.288   H1  URE X    1
  2nd closest surface     2.289   O7  URE X    1
  found on step  913
  no. of rejections          390
 stored as    30

 highest radius point found:
  at point   39.528  40.097  48.370
  closest atom surface    2.345   O7  URE X    1
  2nd closest surface     2.347   H25 URE X    1
  found on step  996
  this is also current point
  no. of rejections          393
 stored as    31

 highest radius point found:
  at point   39.480  40.060  48.570
  closest atom surface    2.381   H1  URE X    1
  2nd closest surface     2.389   O7  URE X    1
  found on step  416
 current point:
  at point   39.533  40.374  48.570
  closest atom surface    2.348   O7  URE X    1
  2nd closest surface     2.350   H1  URE X    1
  found on step  943
  no. of rejections          359
 stored as    32

 highest radius point found:
  at point   39.624  41.330  48.770
  closest atom surface    2.449   O2  URE X    1
  2nd closest surface     2.450   O7  URE X    1
  found on step  981
  this is also current point
  no. of rejections          366
 stored as    33

 highest radius point found:
  at point   39.609  41.516  48.970
  closest atom surface    2.537   O2  URE X    1
  2nd closest surface     2.540   O7  URE X    1
  found on step  836
 current point:
  at point   39.604  41.492  48.970
  closest atom surface    2.536   H1  URE X    1
  2nd closest surface     2.536   O7  URE X    1
  found on step  931
  no. of rejections          338
 stored as    34

 highest radius point found:
  at point   39.590  41.692  49.170
  closest atom surface    2.645   O2  URE X    1
  2nd closest surface     2.646   O7  URE X    1
  found on step  914
  this is also current point
  no. of rejections          281
 stored as    35

 highest radius point found:
  at point   39.568  41.871  49.370
  closest atom surface    2.766   O2  URE X    1
  2nd closest surface     2.768   H1  URE X    1
  found on step   30
 current point:
  at point   39.567  41.860  49.370
  closest atom surface    2.765   H1  URE X    1
  2nd closest surface     2.765   O7  URE X    1
  found on step  879
  no. of rejections          259
 stored as    36

 highest radius point found:
  at point   39.548  42.047  49.570
  closest atom surface    2.900   O2  URE X    1
  2nd closest surface     2.902   O7  URE X    1
  found on step  793
 current point:
  at point   39.556  42.056  49.570
  closest atom surface    2.898   O2  URE X    1
  2nd closest surface     2.899   O7  URE X    1
  found on step  990
  no. of rejections          330
 stored as    37

 highest radius point found:
  at point   40.903  46.824  49.770
  closest atom surface    4.303   O2  URE X    1
  2nd closest surface     4.503   O8  URE X    1
  found on step  999
  this is also current point
  no. of rejections          191
 stored as    38

 highest radius point found:
  at point   44.703  54.014  49.970
  closest atom surface   10.476   O20 URE X    1
  2nd closest surface    10.537   O8  URE X    1
  found on step  999
  this is also current point
  no. of rejections          250
 stored as    39

 highest radius point found:
  at point   49.589  63.271  50.170
  closest atom surface   19.955   O6  URE X    1
  2nd closest surface    19.966   O20 URE X    1
  found on step 1000
  this is also current point
  no. of rejections          267
 stored as    40

 highest radius point found:
  at point   53.843  72.630  50.370
  closest atom surface   29.809   O20 URE X    1
  2nd closest surface    29.862   O6  URE X    1
  found on step  999
  this is also current point
  no. of rejections          250
 This is an end! (radius above  22.0 angs)
 highest radius point found:
  at point   40.430  39.211  41.970
  closest atom surface    2.494   C40 URE X    1
  2nd closest surface     2.496   C11 URE X    1
  found on step  972
  this is also current point
  no. of rejections          377
 stored as    -1

 highest radius point found:
  at point   40.362  39.108  41.770
  closest atom surface    2.457   C25 URE X    1
  2nd closest surface     2.458   S2  URE X    1
  found on step  985
  this is also current point
  no. of rejections          343
 stored as    -2

 highest radius point found:
  at point   39.875  39.392  41.570
  closest atom surface    2.360   S2  URE X    1
  2nd closest surface     2.382   C26 URE X    1
  found on step  501
 current point:
  at point   40.355  38.924  41.570
  closest atom surface    2.359   S2  URE X    1
  2nd closest surface     2.360   C26 URE X    1
  found on step  896
  no. of rejections          330
 stored as    -3

 highest radius point found:
  at point   39.421  39.780  41.370
  closest atom surface    2.300   C21 URE X    1
  2nd closest surface     2.300   S2  URE X    1
  found on step  923
  this is also current point
  no. of rejections          370
 stored as    -4

 highest radius point found:
  at point   39.100  40.038  41.170
  closest atom surface    2.265   C11 URE X    1
  2nd closest surface     2.268   C21 URE X    1
  found on step  950
  this is also current point
  no. of rejections          360
 stored as    -5

 highest radius point found:
  at point   38.649  40.382  40.970
  closest atom surface    2.286   C21 URE X    1
  2nd closest surface     2.286   C11 URE X    1
  found on step  687
 current point:
  at point   38.760  40.303  40.970
  closest atom surface    2.282   C11 URE X    1
  2nd closest surface     2.282   C21 URE X    1
  found on step  907
  no. of rejections          382
 stored as    -6

 highest radius point found:
  at point   37.889  41.140  40.770
  closest atom surface    2.364   S5  URE X    1
  2nd closest surface     2.365   C3  URE X    1
  found on step  985
  this is also current point
  no. of rejections          328
 stored as    -7

 highest radius point found:
  at point   37.842  41.425  40.570
  closest atom surface    2.321   C11 URE X    1
  2nd closest surface     2.321   S5  URE X    1
  found on step  935
  this is also current point
  no. of rejections          343
 stored as    -8

 highest radius point found:
  at point   37.792  41.695  40.370
  closest atom surface    2.297   S5  URE X    1
  2nd closest surface     2.298   N   URE X    1
  found on step  380
 current point:
  at point   37.766  41.701  40.370
  closest atom surface    2.297   S5  URE X    1
  2nd closest surface     2.298   N   URE X    1
  found on step  969
  no. of rejections          321
 stored as    -9

 highest radius point found:
  at point   37.681  41.973  40.170
  closest atom surface    2.296   S5  URE X    1
  2nd closest surface     2.297   N   URE X    1
  found on step  921
  this is also current point
  no. of rejections          323
 stored as   -10

 highest radius point found:
  at point   37.324  42.196  39.970
  closest atom surface    2.265   O18 URE X    1
  2nd closest surface     2.266   S5  URE X    1
  found on step  802
 current point:
  at point   37.320  42.193  39.970
  closest atom surface    2.263   S5  URE X    1
  2nd closest surface     2.266   C3  URE X    1
  found on step  977
  no. of rejections          285
 stored as   -11

 highest radius point found:
  at point   36.948  42.406  39.770
  closest atom surface    2.277   S5  URE X    1
  2nd closest surface     2.277   C3  URE X    1
  found on step  188
 current point:
  at point   36.068  42.197  39.770
  closest atom surface    2.242   H4  URE X    1
  2nd closest surface     2.243   S5  URE X    1
  found on step  943
  no. of rejections          312
 stored as   -12

 highest radius point found:
  at point   36.592  42.618  39.570
  closest atom surface    2.339   H4  URE X    1
  2nd closest surface     2.340   S5  URE X    1
  found on step  896
  this is also current point
  no. of rejections          304
 stored as   -13

 highest radius point found:
  at point   33.638  43.150  39.370
  closest atom surface    2.854   H4  URE X    1
  2nd closest surface     3.034   C3  URE X    1
  found on step 1000
  this is also current point
  no. of rejections          231
 stored as   -14

 highest radius point found:
  at point   24.727  45.960  39.170
  closest atom surface    9.656   S1  URE X    1
  2nd closest surface     9.807   O15 URE X    1
  found on step  999
  this is also current point
  no. of rejections          238
 stored as   -15

 highest radius point found:
  at point   15.288  50.898  38.970
  closest atom surface   19.495   S1  URE X    1
  2nd closest surface    20.126   O15 URE X    1
  found on step 1000
  this is also current point
  no. of rejections          263
 stored as   -16

 highest radius point found:
  at point    5.094  52.549  38.770
  closest atom surface   29.469   S1  URE X    1
  2nd closest surface    29.607   O15 URE X    1
  found on step 1000
  this is also current point
  no. of rejections          290
 This is an end! (radius above  22.0 angs)
 
 N.b. Graph information routine (HOGRAP) differs 
        markedly from previous versions!
       Information now is written from -ve end
       to +ve in one pass
 
 Explanation of the meaning of each column: 
 First column "cenxyz.cvec" is the coordinate in the
   direction of the channel vector i.e. if the channel
   vector is in z (0 0 1) then it is the z coordinate.
 The second column "radius" is the hole pore radius 
   (as defined in the Biophys J 1993) article).
 The third column "cen_line_D" is the distance 
   measured along the pore centre line - with the 
   first point found set to zero. This was the first
   thing that I used to measure the distance along a pore
   but "cenxyz.cvec" is a much better general measure. 
   However, by comparing changes in this distance to changes in '   "cenxyz.cvec" one can get a measure of how straight a 
   channel is.
 The fourth column "sum{s/(area)}" is useful in conductance
   prediction -
   basically it is the sum of the thickness of each slab
   divided by its area. HOLE uses this measure to estimate
   the macroscopic conductance of a channel.
 If any of this worries you one can see the "raw" results
   of a standard hole run by producing a sphpdb file and 
    directly looking at the results.
 cenxyz.cvec      radius  cen_line_D sum{s/(area point sourc
    38.97012    19.49548   -29.27942     0.00008   (sampled)
    39.07012    14.44949   -23.95240     0.00024 (mid-point)
    39.17012     9.65633   -18.62537     0.00058   (sampled)
    39.27012     5.83968   -13.95244     0.00151 (mid-point)
    39.37012     2.85447    -9.27951     0.00542   (sampled)
    39.47012     2.27729    -7.77538     0.01156 (mid-point)
    39.57012     2.33903    -6.27125     0.01737   (sampled)
    39.67012     2.30219    -6.04108     0.02338 (mid-point)
    39.77012     2.27674    -5.81091     0.02952   (sampled)
    39.87012     2.26455    -5.57353     0.03573 (mid-point)
    39.97012     2.26476    -5.33614     0.04193   (sampled)
    40.07012     2.27470    -5.10320     0.04808 (mid-point)
    40.17012     2.29646    -4.87026     0.05412   (sampled)
    40.27012     2.29288    -4.68993     0.06018 (mid-point)
    40.37012     2.29687    -4.50960     0.06621   (sampled)
    40.47012     2.30563    -4.34004     0.07220 (mid-point)
    40.57012     2.32083    -4.17048     0.07811   (sampled)
    40.67012     2.33898    -3.99479     0.08392 (mid-point)
    40.77012     2.36395    -3.81910     0.08962   (sampled)
    40.87012     2.29032    -3.27349     0.09569 (mid-point)
    40.97012     2.28598    -2.72788     0.10178   (sampled)
    41.07012     2.26467    -2.42685     0.10799 (mid-point)
    41.17012     2.26525    -2.12582     0.11419   (sampled)
    41.27012     2.27741    -1.89703     0.12033 (mid-point)
    41.37012     2.29971    -1.66823     0.12635   (sampled)
    41.47012     2.31877    -1.35327     0.13227 (mid-point)
    41.57012     2.36015    -1.03831     0.13798   (sampled)
    41.67012     2.39936    -0.73906     0.14351 (mid-point)
    41.77012     2.45700    -0.43981     0.14878   (sampled)
    41.87012     2.47557    -0.32252     0.15398 (mid-point)
    41.97012     2.49365    -0.20523     0.15910   (sampled)
    42.07012     2.48330    -0.10261     0.16426 (mid-point)
    42.17012     2.47333    -0.00000     0.16946   (sampled)
    42.27012     2.46543     0.10302     0.17470 (mid-point)
    42.37012     2.45972     0.20604     0.17996   (sampled)
    42.47012     2.45763     0.30918     0.18523 (mid-point)
    42.57012     2.45801     0.41233     0.19050   (sampled)
    42.67012     2.46125     0.51548     0.19575 (mid-point)
    42.77012     2.46669     0.61863     0.20098   (sampled)
    42.87012     2.47415     0.72138     0.20618 (mid-point)
    42.97012     2.48367     0.82414     0.21134   (sampled)
    43.07012     2.48821     0.92707     0.21648 (mid-point)
    43.17012     2.49413     1.02999     0.22160   (sampled)
    43.27012     2.47505     1.14385     0.22680 (mid-point)
    43.37012     2.45392     1.25771     0.23208   (sampled)
    43.47012     2.42584     1.36682     0.23749 (mid-point)
    43.57012     2.39952     1.47593     0.24302   (sampled)
    43.67012     2.36350     1.59686     0.24872 (mid-point)
    43.77012     2.33041     1.71778     0.25458   (sampled)
    43.87012     2.30039     1.84329     0.26060 (mid-point)
    43.97012     2.27371     1.96880     0.26675   (sampled)
    44.07012     2.24972     2.27212     0.27304 (mid-point)
    44.17012     2.24776     2.57543     0.27934   (sampled)
    44.27012     2.23441     2.67863     0.28572 (mid-point)
    44.37012     2.22328     2.78182     0.29216   (sampled)
    44.47012     2.20607     2.88424     0.29870 (mid-point)
    44.57012     2.19207     2.98667     0.30532   (sampled)
    44.67012     2.15732     3.09589     0.31216 (mid-point)
    44.77012     2.12510     3.20512     0.31921   (sampled)
    44.87012     2.09435     3.31058     0.32647 (mid-point)
    44.97012     2.06624     3.41604     0.33392   (sampled)
    45.07012     2.04290     3.53832     0.34155 (mid-point)
    45.17012     2.02344     3.66060     0.34932   (sampled)
    45.27012     2.00486     3.76847     0.35724 (mid-point)
    45.37012     1.98838     3.87635     0.36529   (sampled)
    45.47012     1.98018     3.99890     0.37341 (mid-point)
    45.57012     1.97589     4.12144     0.38157   (sampled)
    45.67012     1.97505     4.24146     0.38973 (mid-point)
    45.77012     1.97784     4.36148     0.39786   (sampled)
    45.87012     1.98288     4.48167     0.40596 (mid-point)
    45.97012     1.99163     4.60186     0.41398   (sampled)
    46.07012     1.98884     4.70716     0.42203 (mid-point)
    46.17012     1.98909     4.81246     0.43008   (sampled)
    46.27012     1.99015     4.91900     0.43811 (mid-point)
    46.37012     1.99432     5.02554     0.44612   (sampled)
    46.47012     2.00131     5.13318     0.45406 (mid-point)
    46.57012     2.01058     5.24083     0.46194   (sampled)
    46.67012     2.02563     5.34513     0.46969 (mid-point)
    46.77012     2.04341     5.44944     0.47732   (sampled)
    46.87012     2.06199     5.55530     0.48480 (mid-point)
    46.97012     2.08293     5.66115     0.49214   (sampled)
    47.07012     2.10830     5.76695     0.49930 (mid-point)
    47.17012     2.13632     5.87275     0.50628   (sampled)
    47.27012     2.16778     5.98036     0.51305 (mid-point)
    47.37012     2.19979     6.08797     0.51963   (sampled)
    47.47012     2.23560     6.19430     0.52600 (mid-point)
    47.57012     2.27397     6.30063     0.53215   (sampled)
    47.67012     2.28480     6.40504     0.53825 (mid-point)
    47.77012     2.29264     6.50944     0.54431   (sampled)
    47.87012     2.29680     6.61356     0.55034 (mid-point)
    47.97012     2.30223     6.71768     0.55635   (sampled)
    48.07012     2.30720     6.81967     0.56233 (mid-point)
    48.17012     2.31334     6.92167     0.56827   (sampled)
    48.27012     2.32798     7.02876     0.57415 (mid-point)
    48.37012     2.34544     7.13585     0.57993   (sampled)
    48.47012     2.36258     7.24029     0.58564 (mid-point)
    48.57012     2.38141     7.34473     0.59125   (sampled)
    48.67012     2.35448     7.99120     0.59699 (mid-point)
    48.77012     2.44877     8.63767     0.60230   (sampled)
    48.87012     2.49106     8.77453     0.60743 (mid-point)
    48.97012     2.53740     8.91138     0.61237   (sampled)
    49.07012     2.58951     9.04508     0.61712 (mid-point)
    49.17012     2.64514     9.17878     0.62167   (sampled)
    49.27012     2.70372     9.31325     0.62602 (mid-point)
    49.37012     2.76562     9.44772     0.63018   (sampled)
    49.47012     2.83111     9.58137     0.63416 (mid-point)
    49.57012     2.89958     9.71502     0.63794   (sampled)
    49.67012     3.02932    12.19975     0.64141 (mid-point)
    49.77012     4.30324    14.68447     0.64313   (sampled)
    49.87012     7.10496    18.75192     0.64376 (mid-point)
    49.97012    10.47627    22.81937     0.64405   (sampled)
    50.07012    15.07537    28.05429     0.64419 (mid-point)
    50.17012    19.95519    33.28921     0.64427   (sampled)

 Minimum radius found:      1.975 angstroms.



 For spherical probe approach, The geometric factor
         F= sum(ds/area) along channel is    0.644 angstroms**-1
 This yields a macroscopic predicted molar conductance of:
   (1/rho)*(100/F)= (160/rho) pS,
   where rho is the conductivity of 1M permeant ion in ohm m.
 N.B. this is a macroscopic conductance - an overestimate 
 Empirically corrected conductances currently only available
 With the CAPSULE option (although its not that stable!)
 For 1M KCl rho= 1/12 (ohm m), So Gmacro= 1900 pS/M.
  (TAG      1   Rmin=     1.97505   Gmacro=  1862.57203 Conn_Gmacro=    -1.00000 ).
 HOLE: normal completion
