 *** Program HOLE ***
 
 If results of this run are reported or published, please
 cite the publication listed below.
 For the HOLE program:
   Smart, O.S., Goodfellow, J.M., Wallace, B.A. (1993). 
   The pore dimensions of gramicidin A. 
   Biophys. J., 65, 2455-2460.
 
 Originally written by Oliver Smart at Birkbeck College from April 1992.
 Copyright 1993-2005 Oliver Smart
 Copyright 2014-2015 SmartSci Limited.
 Copyright 2016 Oliver Smart.
 
 For help on HOLE suite see  http://www.holeprogram.org/
 
 HOLE release 2.2.005 (07 August 2016) 
 
 usage subject to Apache License, Version 2.0 
 see http://www.apache.org/licenses/LICENSE-2.0 

 Control variables read:

! Input file for Oliver Smart's HOLE program
! written by MDAnalysis.analysis.hole2.HoleAnalysis
! for a Universe
! u = mda.Universe(/afs/crc.nd.edu/user/m/mfarshad/Private/ML-new/traj/host-T1+2
!    /afs/crc.nd.edu/user/m/mfarshad/Private/ML-new/traj/host-T1+2B1+2/host_T1+2
!   )
! Frame 44

COORD  /tmp/2550318.1.long/tmpw1uqls74.pdb
RADIUS simple2.rad
SPHPDB hole044.sph
SAMPLE 0.200000
ENDRAD 22.000000
IGNORE SOL WAT TIP HOH K   NA  CL
SHORTO 0
RASEED 31415
CPOINT 40.3775988548 40.0459365229 39.1753520043


 WARNING have not found a CVECT record - will try to guess
 Input pdb filename read as:    '/tmp/2550318.1.long/tmpw1uqls74.pdb'
 Input vdW radius file read as: 'simple2.rad'
 point in channel:   40.378  40.046  39.175
 channel vector:   ************************
 sampling distance between planes:    0.200

 graphics conditions:
 binary plot output file name: NONE
 Dot density:    10
 Draw dots?           T
 Draw close contacts? F
 Draw centre line?    T
 Produce spikes rather than dots? F
 Seed for random number generator:     31415 (0 means value set by program)
 Radius above which a result is regarded as an 'end':  22.000
 Pdb format file for sphere centres: hole044.sph

 Monte Carlo conditions:
  no of steps:  1000
  maximum displacement   0.100 angs
  'kT' initial   0.100 angs
 The spherebox and capsule options are turned off.
 (No molqpt card so will not write qpt file of the molecule)
 IGNORE card read so will ignore residue types: SOL WAT TIP HOH K   NA  CL
 no SHORTO card read so will produce full textual output
 As no PEGRAT card was found will not produce PEG polymer exclusion graph
 (No 2DMAPS card specified so will not produce 2D property maps)
 Have not found a CUT card.  Normal calculation using
   Cutoff lists with a cutsize=       1.000
   (if you wish to turn off option use a CUT -1 card)

 Have read     7 bond radius records and
              16 vdW radius records.
 From file: simple2.rad

 Have read   124 atom records.
 From file: /tmp/2550318.1.long/tmpw1uqls74.pdb
 Will not produce graphical output

 Have opened file for pdb format output of sphere centres:  hole044.sph

  Seed integer used by ran # generator on this run      31415

 
 S/R cguess will try to guess CPOINT and/or CVECT
 
 THESE GUESSES MAY WELL BE WRONG!!!!
 Routine relies on having a reasonably symmetric
 channel oriented along x, y or z vector
 YOU ARE STRONGLY ADVISED TO CHECK THE RESULTS
                       WITH MOLECULAR GRAPHICS
 testing points from cpoint in X, Y then Z direction
   point                   pore radius
direction     1
  35.378  40.046  39.175    -1.259
  36.378  40.046  39.175    -0.547
  37.378  40.046  39.175     0.382
  38.378  40.046  39.175     1.352
  39.378  40.046  39.175     2.007
  40.378  40.046  39.175     2.273
  41.378  40.046  39.175     2.454
  42.378  40.046  39.175     1.909
  43.378  40.046  39.175     1.218
  44.378  40.046  39.175     0.514
  45.378  40.046  39.175     0.107
 Average pore radius along the line=      0.946
direction     2
  40.378  35.046  39.175    -0.026
  40.378  36.046  39.175     0.124
  40.378  37.046  39.175     0.659
  40.378  38.046  39.175     1.420
  40.378  39.046  39.175     2.266
  40.378  40.046  39.175     2.273
  40.378  41.046  39.175     1.575
  40.378  42.046  39.175     0.906
  40.378  43.046  39.175     0.488
  40.378  44.046  39.175    -0.098
  40.378  45.046  39.175    -0.813
 Average pore radius along the line=      0.798
direction     3
  40.378  40.046  34.175     0.962
  40.378  40.046  35.175     1.560
  40.378  40.046  36.175     2.270
  40.378  40.046  37.175     2.961
  40.378  40.046  38.175     2.954
  40.378  40.046  39.175     2.273
  40.378  40.046  40.175     1.488
  40.378  40.046  41.175     0.709
  40.378  40.046  42.175     0.091
  40.378  40.046  43.175    -0.068
  40.378  40.046  44.175    -0.510
 Average pore radius along the line=      1.335
 Best direction is found to be     3
(1=X,2=Y,3=Z)
 s/r cguess has produced initial values for cpoint &/or cvect:
CPOINT      40.3776     40.0459     39.1754
CVECT        0.0000      0.0000      1.0000
 THESE GUESSES MAY WELL BE WRONG!!!!
 Routine relies on having a reasonably symmetric
 channel oriented along x, y or z vector
 YOU ARE STRONGLY ADVISED TO CHECK THE RESULTS
                       WITH MOLECULAR GRAPHICS
 
 
  Some routines (e.g. conn) need vectors normal to cvect: 
     EAST Zero degrees angle is along vector    1.000   0.000   0.000
     NORTH  90 degrees angle is along vector    0.000  -1.000   0.000
 highest radius point found:
  at point   39.719  39.158  39.175
  closest atom surface    2.706   C22 URE X    1
  2nd closest surface     2.706   C6  URE X    1
  found on step  952
  this is also current point
  no. of rejections          366
 stored as     0

 highest radius point found:
  at point   39.637  38.994  39.375
  closest atom surface    2.636   S3  URE X    1
  2nd closest surface     2.636   C22 URE X    1
  found on step  795
 current point:
  at point   39.638  38.994  39.375
  closest atom surface    2.636   C22 URE X    1
  2nd closest surface     2.637   S3  URE X    1
  found on step  963
  no. of rejections          361
 stored as     1

 highest radius point found:
  at point   39.567  38.834  39.575
  closest atom surface    2.578   C22 URE X    1
  2nd closest surface     2.582   C5  URE X    1
  found on step  995
  this is also current point
  no. of rejections          386
 stored as     2

 highest radius point found:
  at point   39.623  38.730  39.775
  closest atom surface    2.499   H3  URE X    1
  2nd closest surface     2.502   C22 URE X    1
  found on step  958
  this is also current point
  no. of rejections          337
 stored as     3

 highest radius point found:
  at point   39.935  38.749  39.975
  closest atom surface    2.357   H3  URE X    1
  2nd closest surface     2.358   C23 URE X    1
  found on step  995
  this is also current point
  no. of rejections          238
 stored as     4

 highest radius point found:
  at point   40.017  38.800  40.175
  closest atom surface    2.189   C2  URE X    1
  2nd closest surface     2.190   H3  URE X    1
  found on step  889
  this is also current point
  no. of rejections          283
 stored as     5

 highest radius point found:
  at point   38.643  36.804  40.375
  closest atom surface    2.286   C22 URE X    1
  2nd closest surface     2.291   H3  URE X    1
  found on step 1000
  this is also current point
  no. of rejections          229
 stored as     6

 highest radius point found:
  at point   38.298  35.971  40.575
  closest atom surface    2.461   H18 URE X    1
  2nd closest surface     2.463   C16 URE X    1
  found on step  590
 current point:
  at point   38.302  35.971  40.575
  closest atom surface    2.459   H18 URE X    1
  2nd closest surface     2.459   C22 URE X    1
  found on step  971
  no. of rejections          316
 stored as     7

 highest radius point found:
  at point   37.735  35.145  40.775
  closest atom surface    2.619   H18 URE X    1
  2nd closest surface     2.619   S4  URE X    1
  found on step  993
  this is also current point
  no. of rejections          333
 stored as     8

 highest radius point found:
  at point   37.581  34.652  40.975
  closest atom surface    2.783   S4  URE X    1
  2nd closest surface     2.783   H18 URE X    1
  found on step  897
  this is also current point
  no. of rejections          303
 stored as     9

 highest radius point found:
  at point   37.546  34.615  41.175
  closest atom surface    2.957   H18 URE X    1
  2nd closest surface     2.958   S4  URE X    1
  found on step  999
  this is also current point
  no. of rejections          262
 stored as    10

 highest radius point found:
  at point   37.509  34.579  41.375
  closest atom surface    3.133   S4  URE X    1
  2nd closest surface     3.136   H18 URE X    1
  found on step   96
 current point:
  at point   37.510  34.585  41.375
  closest atom surface    3.133   S4  URE X    1
  2nd closest surface     3.133   H14 URE X    1
  found on step  998
  no. of rejections          238
 stored as    11

 highest radius point found:
  at point   34.407  31.258  41.575
  closest atom surface    4.545   S4  URE X    1
  2nd closest surface     4.549   H15 URE X    1
  found on step 1000
  this is also current point
  no. of rejections          205
 stored as    12

 highest radius point found:
  at point   27.260  23.142  41.775
  closest atom surface   13.675   O15 URE X    1
  2nd closest surface    13.708   S4  URE X    1
  found on step 1000
  this is also current point
  no. of rejections          258
 stored as    13

 highest radius point found:
  at point   19.912  16.917  41.975
  closest atom surface   22.846   O15 URE X    1
  2nd closest surface    22.851   S4  URE X    1
  found on step  998
  this is also current point
  no. of rejections          262
 This is an end! (radius above  22.0 angs)
 highest radius point found:
  at point   39.751  39.259  38.975
  closest atom surface    2.763   S3  URE X    1
  2nd closest surface     2.763   C22 URE X    1
  found on step  986
  this is also current point
  no. of rejections          369
 stored as    -1

 highest radius point found:
  at point   39.814  39.375  38.775
  closest atom surface    2.828   C22 URE X    1
  2nd closest surface     2.828   C6  URE X    1
  found on step  997
  this is also current point
  no. of rejections          347
 stored as    -2

 highest radius point found:
  at point   39.862  39.477  38.575
  closest atom surface    2.898   C22 URE X    1
  2nd closest surface     2.909   C6  URE X    1
  found on step  189
 current point:
  at point   40.336  39.703  38.575
  closest atom surface    2.891   C22 URE X    1
  2nd closest surface     2.892   C6  URE X    1
  found on step  992
  no. of rejections          347
 stored as    -3

 highest radius point found:
  at point   39.916  39.596  38.375
  closest atom surface    2.991   C6  URE X    1
  2nd closest surface     2.991   C22 URE X    1
  found on step  589
 current point:
  at point   40.123  39.695  38.375
  closest atom surface    2.980   C21 URE X    1
  2nd closest surface     2.981   C6  URE X    1
  found on step  992
  no. of rejections          323
 stored as    -4

 highest radius point found:
  at point   39.963  39.746  38.175
  closest atom surface    3.063   C6  URE X    1
  2nd closest surface     3.065   C21 URE X    1
  found on step  428
 current point:
  at point   40.119  39.821  38.175
  closest atom surface    3.058   C6  URE X    1
  2nd closest surface     3.059   C21 URE X    1
  found on step  926
  no. of rejections          349
 stored as    -5

 highest radius point found:
  at point   40.010  39.894  37.975
  closest atom surface    3.148   C21 URE X    1
  2nd closest surface     3.148   C6  URE X    1
  found on step  140
 current point:
  at point   40.018  39.898  37.975
  closest atom surface    3.147   C7  URE X    1
  2nd closest surface     3.148   C6  URE X    1
  found on step  954
  no. of rejections          356
 stored as    -6

 highest radius point found:
  at point   40.031  39.999  37.775
  closest atom surface    3.210   C7  URE X    1
  2nd closest surface     3.210   C26 URE X    1
  found on step  997
  this is also current point
  no. of rejections          377
 stored as    -7

 highest radius point found:
  at point   40.041  40.122  37.575
  closest atom surface    3.266   C15 URE X    1
  2nd closest surface     3.267   C7  URE X    1
  found on step  974
  this is also current point
  no. of rejections          348
 stored as    -8

 highest radius point found:
  at point   40.074  40.252  37.375
  closest atom surface    3.308   C40 URE X    1
  2nd closest surface     3.308   C46 URE X    1
  found on step  937
  this is also current point
  no. of rejections          364
 stored as    -9

 highest radius point found:
  at point   40.007  40.085  37.175
  closest atom surface    3.226   C46 URE X    1
  2nd closest surface     3.227   C26 URE X    1
  found on step  597
 current point:
  at point   40.007  40.091  37.175
  closest atom surface    3.226   C40 URE X    1
  2nd closest surface     3.227   C46 URE X    1
  found on step  984
  no. of rejections          377
 stored as   -10

 highest radius point found:
  at point   39.938  39.934  36.975
  closest atom surface    3.156   C26 URE X    1
  2nd closest surface     3.156   C46 URE X    1
  found on step  688
 current point:
  at point   39.935  39.948  36.975
  closest atom surface    3.153   C46 URE X    1
  2nd closest surface     3.154   C40 URE X    1
  found on step  986
  no. of rejections          379
 stored as   -11

 highest radius point found:
  at point   39.869  39.784  36.775
  closest atom surface    3.098   C26 URE X    1
  2nd closest surface     3.098   C46 URE X    1
  found on step  927
  this is also current point
  no. of rejections          364
 stored as   -12

 highest radius point found:
  at point   39.824  39.681  36.575
  closest atom surface    3.021   C45 URE X    1
  2nd closest surface     3.021   C40 URE X    1
  found on step  481
 current point:
  at point   39.821  39.693  36.575
  closest atom surface    3.019   C40 URE X    1
  2nd closest surface     3.019   C45 URE X    1
  found on step  960
  no. of rejections          364
 stored as   -13

 highest radius point found:
  at point   39.769  39.615  36.375
  closest atom surface    2.927   O10 URE X    1
  2nd closest surface     2.927   S5  URE X    1
  found on step  887
 current point:
  at point   39.767  39.619  36.375
  closest atom surface    2.926   O10 URE X    1
  2nd closest surface     2.929   S5  URE X    1
  found on step 1000
  no. of rejections          388
 stored as   -14

 highest radius point found:
  at point   39.700  39.559  36.175
  closest atom surface    2.839   S5  URE X    1
  2nd closest surface     2.839   O10 URE X    1
  found on step  961
  this is also current point
  no. of rejections          384
 stored as   -15

 highest radius point found:
  at point   39.634  39.503  35.975
  closest atom surface    2.759   O10 URE X    1
  2nd closest surface     2.760   C45 URE X    1
  found on step  988
  this is also current point
  no. of rejections          367
 stored as   -16

 highest radius point found:
  at point   39.577  39.439  35.775
  closest atom surface    2.687   O10 URE X    1
  2nd closest surface     2.688   S5  URE X    1
  found on step  992
  this is also current point
  no. of rejections          337
 stored as   -17

 highest radius point found:
  at point   39.505  39.386  35.575
  closest atom surface    2.627   C45 URE X    1
  2nd closest surface     2.627   S5  URE X    1
  found on step  817
 current point:
  at point   39.509  39.385  35.575
  closest atom surface    2.626   O10 URE X    1
  2nd closest surface     2.628   S5  URE X    1
  found on step  970
  no. of rejections          376
 stored as   -18

 highest radius point found:
  at point   39.439  39.328  35.375
  closest atom surface    2.575   C45 URE X    1
  2nd closest surface     2.575   S5  URE X    1
  found on step  832
 current point:
  at point   39.437  39.340  35.375
  closest atom surface    2.572   O10 URE X    1
  2nd closest surface     2.573   C45 URE X    1
  found on step  940
  no. of rejections          375
 stored as   -19

 highest radius point found:
  at point   39.386  39.266  35.175
  closest atom surface    2.534   S5  URE X    1
  2nd closest surface     2.534   O10 URE X    1
  found on step  980
  this is also current point
  no. of rejections          353
 stored as   -20

 highest radius point found:
  at point   39.322  39.210  34.975
  closest atom surface    2.504   S5  URE X    1
  2nd closest surface     2.504   O10 URE X    1
  found on step  315
 current point:
  at point   39.330  39.203  34.975
  closest atom surface    2.501   S5  URE X    1
  2nd closest surface     2.504   O10 URE X    1
  found on step  972
  no. of rejections          362
 stored as   -21

 highest radius point found:
  at point   39.281  39.139  34.775
  closest atom surface    2.480   S5  URE X    1
  2nd closest surface     2.481   O10 URE X    1
  found on step  821
 current point:
  at point   39.281  39.142  34.775
  closest atom surface    2.480   O10 URE X    1
  2nd closest surface     2.483   S5  URE X    1
  found on step  984
  no. of rejections          383
 stored as   -22

 highest radius point found:
  at point   39.233  39.075  34.575
  closest atom surface    2.468   C44 URE X    1
  2nd closest surface     2.469   O10 URE X    1
  found on step  991
  this is also current point
  no. of rejections          365
 stored as   -23

 highest radius point found:
  at point   39.192  39.006  34.375
  closest atom surface    2.468   S5  URE X    1
  2nd closest surface     2.468   O10 URE X    1
  found on step  988
  this is also current point
  no. of rejections          386
 stored as   -24

 highest radius point found:
  at point   39.143  38.942  34.175
  closest atom surface    2.474   C44 URE X    1
  2nd closest surface     2.478   O10 URE X    1
  found on step   46
 current point:
  at point   39.814  38.521  34.175
  closest atom surface    2.427   O10 URE X    1
  2nd closest surface     2.428   S5  URE X    1
  found on step  993
  no. of rejections          379
 stored as   -25

 highest radius point found:
  at point   39.112  38.867  33.975
  closest atom surface    2.496   S5  URE X    1
  2nd closest surface     2.496   O10 URE X    1
  found on step  725
 current point:
  at point   39.108  38.873  33.975
  closest atom surface    2.495   O10 URE X    1
  2nd closest surface     2.496   O17 URE X    1
  found on step  897
  no. of rejections          398
 stored as   -26

 highest radius point found:
  at point   39.132  38.760  33.775
  closest atom surface    2.515   S5  URE X    1
  2nd closest surface     2.517   O10 URE X    1
  found on step  977
  this is also current point
  no. of rejections          362
 stored as   -27

 highest radius point found:
  at point   39.142  38.664  33.575
  closest atom surface    2.548   O17 URE X    1
  2nd closest surface     2.548   O10 URE X    1
  found on step  985
  this is also current point
  no. of rejections          371
 stored as   -28

 highest radius point found:
  at point   39.165  38.554  33.375
  closest atom surface    2.592   S5  URE X    1
  2nd closest surface     2.593   O10 URE X    1
  found on step  530
 current point:
  at point   39.172  38.551  33.375
  closest atom surface    2.592   S5  URE X    1
  2nd closest surface     2.592   O10 URE X    1
  found on step  981
  no. of rejections          374
 stored as   -29

 highest radius point found:
  at point   39.174  38.458  33.175
  closest atom surface    2.647   O17 URE X    1
  2nd closest surface     2.648   O10 URE X    1
  found on step   22
 current point:
  at point   39.185  38.452  33.175
  closest atom surface    2.646   O10 URE X    1
  2nd closest surface     2.647   S5  URE X    1
  found on step  992
  no. of rejections          380
 stored as   -30

 highest radius point found:
  at point   39.192  38.355  32.975
  closest atom surface    2.712   S5  URE X    1
  2nd closest surface     2.713   O10 URE X    1
  found on step  968
  this is also current point
  no. of rejections          355
 stored as   -31

 highest radius point found:
  at point   39.236  38.236  32.775
  closest atom surface    2.786   S5  URE X    1
  2nd closest surface     2.787   O10 URE X    1
  found on step  961
  this is also current point
  no. of rejections          360
 stored as   -32

 highest radius point found:
  at point   39.226  38.154  32.575
  closest atom surface    2.872   O10 URE X    1
  2nd closest surface     2.872   S5  URE X    1
  found on step  505
 current point:
  at point   39.249  38.140  32.575
  closest atom surface    2.870   O10 URE X    1
  2nd closest surface     2.872   S5  URE X    1
  found on step  943
  no. of rejections          325
 stored as   -33

 highest radius point found:
  at point   39.252  38.047  32.375
  closest atom surface    2.965   S5  URE X    1
  2nd closest surface     2.966   O10 URE X    1
  found on step  991
  this is also current point
  no. of rejections          336
 stored as   -34

 highest radius point found:
  at point   39.247  37.953  32.175
  closest atom surface    3.063   O17 URE X    1
  2nd closest surface     3.064   S5  URE X    1
  found on step  973
  this is also current point
  no. of rejections          370
 stored as   -35

 highest radius point found:
  at point   39.240  37.842  31.975
  closest atom surface    3.160   O17 URE X    1
  2nd closest surface     3.160   S5  URE X    1
  found on step  996
  this is also current point
  no. of rejections          318
 stored as   -36

 highest radius point found:
  at point   39.236  37.732  31.775
  closest atom surface    3.266   S5  URE X    1
  2nd closest surface     3.266   O9  URE X    1
  found on step  986
  this is also current point
  no. of rejections          316
 stored as   -37

 highest radius point found:
  at point   39.227  37.621  31.575
  closest atom surface    3.378   S5  URE X    1
  2nd closest surface     3.379   O17 URE X    1
  found on step  969
  this is also current point
  no. of rejections          327
 stored as   -38

 highest radius point found:
  at point   39.226  37.507  31.375
  closest atom surface    3.498   S5  URE X    1
  2nd closest surface     3.499   O9  URE X    1
  found on step  951
  this is also current point
  no. of rejections          336
 stored as   -39

 highest radius point found:
  at point   39.218  37.400  31.175
  closest atom surface    3.625   S5  URE X    1
  2nd closest surface     3.626   O9  URE X    1
  found on step  950
  this is also current point
  no. of rejections          324
 stored as   -40

 highest radius point found:
  at point   39.210  37.291  30.975
  closest atom surface    3.758   S5  URE X    1
  2nd closest surface     3.761   O9  URE X    1
  found on step   37
 current point:
  at point   39.222  37.279  30.975
  closest atom surface    3.757   S5  URE X    1
  2nd closest surface     3.759   O9  URE X    1
  found on step  963
  no. of rejections          330
 stored as   -41

 highest radius point found:
  at point   39.200  37.187  30.775
  closest atom surface    3.898   S5  URE X    1
  2nd closest surface     3.899   O17 URE X    1
  found on step  936
  this is also current point
  no. of rejections          297
 stored as   -42

 highest radius point found:
  at point   39.196  37.079  30.575
  closest atom surface    4.044   S5  URE X    1
  2nd closest surface     4.044   O9  URE X    1
  found on step  993
  this is also current point
  no. of rejections          325
 stored as   -43

 highest radius point found:
  at point   39.216  36.941  30.375
  closest atom surface    4.192   S5  URE X    1
  2nd closest surface     4.193   O9  URE X    1
  found on step  999
  this is also current point
  no. of rejections          266
 stored as   -44

 highest radius point found:
  at point   39.185  36.862  30.175
  closest atom surface    4.348   S5  URE X    1
  2nd closest surface     4.349   O9  URE X    1
  found on step  642
 current point:
  at point   39.218  36.825  30.175
  closest atom surface    4.347   S5  URE X    1
  2nd closest surface     4.347   O9  URE X    1
  found on step  925
  no. of rejections          290
 stored as   -45

 highest radius point found:
  at point   39.209  36.721  29.975
  closest atom surface    4.507   S5  URE X    1
  2nd closest surface     4.507   O9  URE X    1
  found on step   75
 current point:
  at point   39.229  36.698  29.975
  closest atom surface    4.506   S5  URE X    1
  2nd closest surface     4.507   O9  URE X    1
  found on step  961
  no. of rejections          284
 stored as   -46

 highest radius point found:
  at point   39.220  36.596  29.775
  closest atom surface    4.670   O9  URE X    1
  2nd closest surface     4.670   S5  URE X    1
  found on step  505
 current point:
  at point   39.214  36.601  29.775
  closest atom surface    4.670   S5  URE X    1
  2nd closest surface     4.671   O9  URE X    1
  found on step  982
  no. of rejections          313
 stored as   -47

 highest radius point found:
  at point   39.171  36.535  29.575
  closest atom surface    4.837   S5  URE X    1
  2nd closest surface     4.837   O9  URE X    1
  found on step   22
 current point:
  at point   39.175  36.532  29.575
  closest atom surface    4.837   O9  URE X    1
  2nd closest surface     4.837   S5  URE X    1
  found on step  939
  no. of rejections          310
 stored as   -48

 highest radius point found:
  at point   39.147  36.437  29.375
  closest atom surface    5.004   O4  URE X    1
  2nd closest surface     5.004   S5  URE X    1
  found on step  886
 current point:
  at point   39.146  36.434  29.375
  closest atom surface    5.003   O4  URE X    1
  2nd closest surface     5.004   S5  URE X    1
  found on step  997
  no. of rejections          308
 stored as   -49

 highest radius point found:
  at point   39.099  36.310  29.175
  closest atom surface    5.165   S5  URE X    1
  2nd closest surface     5.165   O4  URE X    1
  found on step  896
 current point:
  at point   39.100  36.311  29.175
  closest atom surface    5.165   O4  URE X    1
  2nd closest surface     5.166   S5  URE X    1
  found on step  898
  no. of rejections          272
 stored as   -50

 highest radius point found:
  at point   39.046  36.164  28.975
  closest atom surface    5.327   S5  URE X    1
  2nd closest surface     5.329   O4  URE X    1
  found on step  102
 current point:
  at point   38.825  34.890  28.975
  closest atom surface    5.230   S5  URE X    1
  2nd closest surface     5.231   O4  URE X    1
  found on step  964
  no. of rejections          205
 stored as   -51

 highest radius point found:
  at point   39.012  36.063  28.775
  closest atom surface    5.500   O4  URE X    1
  2nd closest surface     5.501   O17 URE X    1
  found on step  988
  this is also current point
  no. of rejections          276
 stored as   -52

 highest radius point found:
  at point   37.142  32.341  28.575
  closest atom surface    6.057   S5  URE X    1
  2nd closest surface     6.057   O15 URE X    1
  found on step  992
  this is also current point
  no. of rejections          208
 stored as   -53

 highest radius point found:
  at point   32.012  29.122  28.375
  closest atom surface    8.741   H16 URE X    1
  2nd closest surface     8.823   O15 URE X    1
  found on step 1000
  this is also current point
  no. of rejections          169
 stored as   -54

 highest radius point found:
  at point   22.977  22.021  28.175
  closest atom surface   18.279   S4  URE X    1
  2nd closest surface    18.288   O15 URE X    1
  found on step  997
  this is also current point
  no. of rejections          219
 stored as   -55

 highest radius point found:
  at point   16.361  16.597  27.975
  closest atom surface   26.298   S4  URE X    1
  2nd closest surface    26.333   O15 URE X    1
  found on step 1000
  this is also current point
  no. of rejections          264
 This is an end! (radius above  22.0 angs)
 
 N.b. Graph information routine (HOGRAP) differs 
        markedly from previous versions!
       Information now is written from -ve end
       to +ve in one pass
 
 Explanation of the meaning of each column: 
 First column "cenxyz.cvec" is the coordinate in the
   direction of the channel vector i.e. if the channel
   vector is in z (0 0 1) then it is the z coordinate.
 The second column "radius" is the hole pore radius 
   (as defined in the Biophys J 1993) article).
 The third column "cen_line_D" is the distance 
   measured along the pore centre line - with the 
   first point found set to zero. This was the first
   thing that I used to measure the distance along a pore
   but "cenxyz.cvec" is a much better general measure. 
   However, by comparing changes in this distance to changes in '   "cenxyz.cvec" one can get a measure of how straight a 
   channel is.
 The fourth column "sum{s/(area)}" is useful in conductance
   prediction -
   basically it is the sum of the thickness of each slab
   divided by its area. HOLE uses this measure to estimate
   the macroscopic conductance of a channel.
 If any of this worries you one can see the "raw" results
   of a standard hole run by producing a sphpdb file and 
    directly looking at the results.
 cenxyz.cvec      radius  cen_line_D sum{s/(area point sourc
    28.17535    18.27869   -33.66344     0.00010   (sampled)
    28.27535    13.20202   -27.91701     0.00028 (mid-point)
    28.37535     8.74085   -22.17058     0.00069   (sampled)
    28.47535     6.98609   -19.14072     0.00135 (mid-point)
    28.57535     6.05692   -16.11086     0.00221   (sampled)
    28.67535     5.50039   -14.02538     0.00327 (mid-point)
    28.77535     5.50001   -11.93991     0.00432   (sampled)
    28.87535     5.41393   -11.82662     0.00540 (mid-point)
    28.97535     5.32737   -11.71334     0.00653   (sampled)
    29.07535     5.24563   -11.58690     0.00768 (mid-point)
    29.17535     5.16518   -11.46047     0.00888   (sampled)
    29.27535     5.08395   -11.33959     0.01011 (mid-point)
    29.37535     5.00388   -11.21870     0.01138   (sampled)
    29.47535     4.91992   -11.10661     0.01269 (mid-point)
    29.57535     4.83660   -10.99451     0.01405   (sampled)
    29.67535     4.75305   -10.88729     0.01546 (mid-point)
    29.77535     4.67006   -10.78007     0.01692   (sampled)
    29.87535     4.58778   -10.66191     0.01844 (mid-point)
    29.97535     4.50653   -10.54375     0.02000   (sampled)
    30.07535     4.42661   -10.42093     0.02163 (mid-point)
    30.17535     4.34805   -10.29811     0.02331   (sampled)
    30.27535     4.26951   -10.18941     0.02506 (mid-point)
    30.37535     4.19189   -10.08072     0.02687   (sampled)
    30.47535     4.11707    -9.95878     0.02875 (mid-point)
    30.57535     4.04378    -9.83684     0.03069   (sampled)
    30.67535     3.97040    -9.72328     0.03271 (mid-point)
    30.77535     3.89830    -9.60972     0.03481   (sampled)
    30.87535     3.82764    -9.49687     0.03698 (mid-point)
    30.97535     3.75832    -9.38402     0.03923   (sampled)
    31.07535     3.69114    -9.26994     0.04157 (mid-point)
    31.17535     3.62547    -9.15586     0.04399   (sampled)
    31.27535     3.56091    -9.04239     0.04650 (mid-point)
    31.37535     3.49793    -8.92892     0.04910   (sampled)
    31.47535     3.43690    -8.81400     0.05180 (mid-point)
    31.57535     3.37763    -8.69908     0.05459   (sampled)
    31.67535     3.32080    -8.58463     0.05747 (mid-point)
    31.77535     3.26585    -8.47018     0.06046   (sampled)
    31.87535     3.21212    -8.35582     0.06354 (mid-point)
    31.97535     3.15974    -8.24147     0.06673   (sampled)
    32.07535     3.11048    -8.12715     0.07002 (mid-point)
    32.17535     3.06348    -8.01283     0.07341   (sampled)
    32.27535     3.01356    -7.90231     0.07692 (mid-point)
    32.37535     2.96543    -7.79180     0.08054   (sampled)
    32.47535     2.91769    -7.67763     0.08428 (mid-point)
    32.57535     2.87199    -7.56346     0.08814   (sampled)
    32.67535     2.82797    -7.45518     0.09212 (mid-point)
    32.77535     2.78553    -7.34690     0.09622   (sampled)
    32.87535     2.74759    -7.22853     0.10044 (mid-point)
    32.97535     2.71233    -7.11016     0.10476   (sampled)
    33.07535     2.67877    -6.99739     0.10920 (mid-point)
    33.17535     2.64677    -6.88462     0.11374   (sampled)
    33.27535     2.61837    -6.77355     0.11839 (mid-point)
    33.37535     2.59151    -6.66248     0.12312   (sampled)
    33.47535     2.56923    -6.54769     0.12795 (mid-point)
    33.57535     2.54823    -6.43291     0.13285   (sampled)
    33.67535     2.53117    -6.32187     0.13782 (mid-point)
    33.77535     2.51547    -6.21083     0.14285   (sampled)
    33.87535     2.50433    -6.09696     0.14792 (mid-point)
    33.97535     2.49604    -5.98310     0.15303   (sampled)
    34.07535     2.48538    -5.87518     0.15819 (mid-point)
    34.17535     2.47373    -5.76726     0.16339   (sampled)
    34.27535     2.46959    -5.65964     0.16861 (mid-point)
    34.37535     2.46756    -5.55201     0.17383   (sampled)
    34.47535     2.46674    -5.44423     0.17907 (mid-point)
    34.57535     2.46804    -5.33645     0.18429   (sampled)
    34.67535     2.47361    -5.22861     0.18949 (mid-point)
    34.77535     2.48043    -5.12077     0.19467   (sampled)
    34.87535     2.49106    -5.01276     0.19980 (mid-point)
    34.97535     2.50425    -4.90475     0.20487   (sampled)
    35.07535     2.51799    -4.79609     0.20989 (mid-point)
    35.17535     2.53429    -4.68743     0.21485   (sampled)
    35.27535     2.55357    -4.57941     0.21973 (mid-point)
    35.37535     2.57473    -4.47139     0.22453   (sampled)
    35.47535     2.59975    -4.36225     0.22924 (mid-point)
    35.57535     2.62729    -4.25310     0.23385   (sampled)
    35.67535     2.65620    -4.14340     0.23836 (mid-point)
    35.77535     2.68710    -4.03371     0.24277   (sampled)
    35.87535     2.72165    -3.92501     0.24707 (mid-point)
    35.97535     2.75862    -3.81631     0.25125   (sampled)
    36.07535     2.79767    -3.70732     0.25532 (mid-point)
    36.17535     2.83869    -3.59833     0.25927   (sampled)
    36.27535     2.88189    -3.48884     0.26310 (mid-point)
    36.37535     2.92698    -3.37936     0.26682   (sampled)
    36.47535     2.97505    -3.27070     0.27041 (mid-point)
    36.57535     3.02101    -3.16204     0.27390   (sampled)
    36.67535     3.05866    -3.04710     0.27730 (mid-point)
    36.77535     3.09777    -2.93215     0.28062   (sampled)
    36.87535     3.12503    -2.80255     0.28388 (mid-point)
    36.97535     3.15550    -2.67294     0.28708   (sampled)
    37.07535     3.18963    -2.54323     0.29021 (mid-point)
    37.17535     3.22617    -2.41352     0.29326   (sampled)
    37.27535     3.26561    -2.27899     0.29625 (mid-point)
    37.37535     3.30758    -2.14445     0.29916   (sampled)
    37.47535     3.29393    -2.02432     0.30209 (mid-point)
    37.57535     3.26608    -1.90418     0.30508   (sampled)
    37.67535     3.23716    -1.78652     0.30811 (mid-point)
    37.77535     3.21015    -1.66887     0.31120   (sampled)
    37.87535     3.17856    -1.55537     0.31435 (mid-point)
    37.97535     3.14777    -1.44188     0.31757   (sampled)
    38.07535     3.10385    -1.31543     0.32087 (mid-point)
    38.17535     3.06263    -1.18899     0.32426   (sampled)
    38.27535     3.02517    -1.06177     0.32774 (mid-point)
    38.37535     2.99077    -0.93455     0.33130   (sampled)
    38.47535     2.94332    -0.81516     0.33497 (mid-point)
    38.57535     2.89836    -0.69577     0.33876   (sampled)
    38.67535     2.86174    -0.58093     0.34265 (mid-point)
    38.77535     2.82766    -0.46608     0.34663   (sampled)
    38.87535     2.79408    -0.34629     0.35071 (mid-point)
    38.97535     2.76320    -0.22650     0.35488   (sampled)
    39.07535     2.73318    -0.11325     0.35914 (mid-point)
    39.17535     2.70562    -0.00000     0.36349   (sampled)
    39.27535     2.66886     0.13566     0.36796 (mid-point)
    39.37535     2.63589     0.27131     0.37254   (sampled)
    39.47535     2.60524     0.40399     0.37723 (mid-point)
    39.57535     2.57833     0.53666     0.38202   (sampled)
    39.67535     2.53855     0.65305     0.38696 (mid-point)
    39.77535     2.49905     0.76944     0.39205   (sampled)
    39.87535     2.42358     0.95491     0.39747 (mid-point)
    39.97535     2.35667     1.14037     0.40320   (sampled)
    40.07535     2.27239     1.25143     0.40937 (mid-point)
    40.17535     2.18944     1.36250     0.41601   (sampled)
    40.27535     2.00434     2.57827     0.42393 (mid-point)
    40.37535     2.28577     3.79404     0.43002   (sampled)
    40.47535     2.35015     4.25584     0.43579 (mid-point)
    40.57535     2.46123     4.71764     0.44104   (sampled)
    40.67535     2.50398     5.22717     0.44612 (mid-point)
    40.77535     2.61868     5.73669     0.45076   (sampled)
    40.87535     2.69154     6.01391     0.45515 (mid-point)
    40.97535     2.78322     6.29113     0.45926   (sampled)
    41.07535     2.86995     6.39428     0.46313 (mid-point)
    41.17535     2.95734     6.49742     0.46677   (sampled)
    41.27535     3.04499     6.60073     0.47020 (mid-point)
    41.37535     3.13306     6.70403     0.47344   (sampled)
    41.47535     3.33436     8.97836     0.47631 (mid-point)
    41.57535     4.54549    11.25268     0.47785   (sampled)
    41.67535     8.74941    16.66077     0.47826 (mid-point)
    41.77535    13.67485    22.06885     0.47843   (sampled)

 Minimum radius found:      2.004 angstroms.



 For spherical probe approach, The geometric factor
         F= sum(ds/area) along channel is    0.478 angstroms**-1
 This yields a macroscopic predicted molar conductance of:
   (1/rho)*(100/F)= (210/rho) pS,
   where rho is the conductivity of 1M permeant ion in ohm m.
 N.B. this is a macroscopic conductance - an overestimate 
 Empirically corrected conductances currently only available
 With the CAPSULE option (although its not that stable!)
 For 1M KCl rho= 1/12 (ohm m), So Gmacro= 2500 pS/M.
  (TAG      1   Rmin=     2.00434   Gmacro=  2508.19536 Conn_Gmacro=    -1.00000 ).
 HOLE: normal completion
