 *** Program HOLE ***
 
 If results of this run are reported or published, please
 cite the publication listed below.
 For the HOLE program:
   Smart, O.S., Goodfellow, J.M., Wallace, B.A. (1993). 
   The pore dimensions of gramicidin A. 
   Biophys. J., 65, 2455-2460.
 
 Originally written by Oliver Smart at Birkbeck College from April 1992.
 Copyright 1993-2005 Oliver Smart
 Copyright 2014-2015 SmartSci Limited.
 Copyright 2016 Oliver Smart.
 
 For help on HOLE suite see  http://www.holeprogram.org/
 
 HOLE release 2.2.005 (07 August 2016) 
 
 usage subject to Apache License, Version 2.0 
 see http://www.apache.org/licenses/LICENSE-2.0 

 Control variables read:

! Input file for Oliver Smart's HOLE program
! written by MDAnalysis.analysis.hole2.HoleAnalysis
! for a Universe
! u = mda.Universe(host_roelen1water.gro
!    host_roelen1water.trr
!   )
! Frame 92

COORD  /tmp/tmpzfxbxu08.pdb
RADIUS simple2.rad
SPHPDB hole092.sph
SAMPLE 0.200000
ENDRAD 22.000000
IGNORE SOL WAT TIP HOH K   NA  CL
SHORTO 0
RASEED 31415
CPOINT 69.5015539935 67.4539219113 72.5039313609


 WARNING have not found a CVECT record - will try to guess
 Input pdb filename read as:    '/tmp/tmpzfxbxu08.pdb'
 Input vdW radius file read as: 'simple2.rad'
 point in channel:   69.502  67.454  72.504
 channel vector:   ************************
 sampling distance between planes:    0.200

 graphics conditions:
 binary plot output file name: NONE
 Dot density:    10
 Draw dots?           T
 Draw close contacts? F
 Draw centre line?    T
 Produce spikes rather than dots? F
 Seed for random number generator:     31415 (0 means value set by program)
 Radius above which a result is regarded as an 'end':  22.000
 Pdb format file for sphere centres: hole092.sph

 Monte Carlo conditions:
  no of steps:  1000
  maximum displacement   0.100 angs
  'kT' initial   0.100 angs
 The spherebox and capsule options are turned off.
 (No molqpt card so will not write qpt file of the molecule)
 IGNORE card read so will ignore residue types: SOL WAT TIP HOH K   NA  CL
 no SHORTO card read so will produce full textual output
 As no PEGRAT card was found will not produce PEG polymer exclusion graph
 (No 2DMAPS card specified so will not produce 2D property maps)
 Have not found a CUT card.  Normal calculation using
   Cutoff lists with a cutsize=       1.000
   (if you wish to turn off option use a CUT -1 card)

 Have read     7 bond radius records and
              16 vdW radius records.
 From file: simple2.rad

 Have read   127 atom records.
 From file: /tmp/tmpzfxbxu08.pdb
 Will not produce graphical output

 Have opened file for pdb format output of sphere centres:  hole092.sph

  Seed integer used by ran # generator on this run      31415

 
 S/R cguess will try to guess CPOINT and/or CVECT
 
 THESE GUESSES MAY WELL BE WRONG!!!!
 Routine relies on having a reasonably symmetric
 channel oriented along x, y or z vector
 YOU ARE STRONGLY ADVISED TO CHECK THE RESULTS
                       WITH MOLECULAR GRAPHICS
 testing points from cpoint in X, Y then Z direction
   point                   pore radius
direction     1
  64.502  67.454  72.504     0.749
  65.502  67.454  72.504     0.858
  66.502  67.454  72.504     1.159
  67.502  67.454  72.504     1.436
  68.502  67.454  72.504     2.034
  69.502  67.454  72.504     1.819
  70.502  67.454  72.504     1.169
  71.502  67.454  72.504     0.860
  72.502  67.454  72.504     0.785
  73.502  67.454  72.504     0.525
  74.502  67.454  72.504     0.684
 Average pore radius along the line=      1.098
direction     2
  69.502  62.454  72.504    -0.912
  69.502  63.454  72.504    -1.181
  69.502  64.454  72.504    -0.477
  69.502  65.454  72.504     0.256
  69.502  66.454  72.504     1.148
  69.502  67.454  72.504     1.819
  69.502  68.454  72.504     1.788
  69.502  69.454  72.504     0.843
  69.502  70.454  72.504    -0.041
  69.502  71.454  72.504    -0.713
  69.502  72.454  72.504    -1.418
 Average pore radius along the line=      0.101
direction     3
  69.502  67.454  67.504    -0.656
  69.502  67.454  68.504    -0.440
  69.502  67.454  69.504     0.282
  69.502  67.454  70.504     0.951
  69.502  67.454  71.504     1.405
  69.502  67.454  72.504     1.819
  69.502  67.454  73.504     1.995
  69.502  67.454  74.504     1.406
  69.502  67.454  75.504     0.892
  69.502  67.454  76.504     0.836
  69.502  67.454  77.504     1.154
 Average pore radius along the line=      0.877
 Best direction is found to be     1
(1=X,2=Y,3=Z)
 s/r cguess has produced initial values for cpoint &/or cvect:
CPOINT      69.5015     67.4539     72.5039
CVECT        1.0000      0.0000      0.0000
 THESE GUESSES MAY WELL BE WRONG!!!!
 Routine relies on having a reasonably symmetric
 channel oriented along x, y or z vector
 YOU ARE STRONGLY ADVISED TO CHECK THE RESULTS
                       WITH MOLECULAR GRAPHICS
 
 
  Some routines (e.g. conn) need vectors normal to cvect: 
     EAST Zero degrees angle is along vector    0.000   1.000   0.000
     NORTH  90 degrees angle is along vector    0.000   0.000  -1.000
 highest radius point found:
  at point   69.502  68.012  72.491
  closest atom surface    2.214   H3  REO X    1
  2nd closest surface     2.214   H19 REO X    1
  found on step  839
 current point:
  at point   69.502  68.011  72.499
  closest atom surface    2.214   H19 REO X    1
  2nd closest surface     2.216   C7  REO X    1
  found on step  997
  no. of rejections          399
 stored as     0

 highest radius point found:
  at point   69.702  68.074  72.509
  closest atom surface    2.134   H3  REO X    1
  2nd closest surface     2.135   H19 REO X    1
  found on step  855
 current point:
  at point   69.702  68.072  72.506
  closest atom surface    2.133   H19 REO X    1
  2nd closest surface     2.135   H3  REO X    1
  found on step  953
  no. of rejections          377
 stored as     1

 highest radius point found:
  at point   69.902  68.129  72.501
  closest atom surface    2.062   H3  REO X    1
  2nd closest surface     2.062   H19 REO X    1
  found on step  947
  this is also current point
  no. of rejections          390
 stored as     2

 highest radius point found:
  at point   70.102  68.182  72.494
  closest atom surface    1.999   H19 REO X    1
  2nd closest surface     2.004   H3  REO X    1
  found on step  954
  this is also current point
  no. of rejections          372
 stored as     3

 highest radius point found:
  at point   70.302  68.241  72.488
  closest atom surface    1.955   H19 REO X    1
  2nd closest surface     1.956   H3  REO X    1
  found on step  985
  this is also current point
  no. of rejections          381
 stored as     4

 highest radius point found:
  at point   70.502  68.297  72.478
  closest atom surface    1.920   C12 REO X    1
  2nd closest surface     1.921   H3  REO X    1
  found on step  963
  this is also current point
  no. of rejections          369
 stored as     5

 highest radius point found:
  at point   70.702  68.349  72.460
  closest atom surface    1.902   H19 REO X    1
  2nd closest surface     1.902   H3  REO X    1
  found on step  738
 current point:
  at point   70.702  68.348  72.461
  closest atom surface    1.901   H19 REO X    1
  2nd closest surface     1.902   C12 REO X    1
  found on step  961
  no. of rejections          399
 stored as     6

 highest radius point found:
  at point   70.902  68.398  72.427
  closest atom surface    1.892   H19 REO X    1
  2nd closest surface     1.892   C13 REO X    1
  found on step  863
 current point:
  at point   70.902  68.396  72.417
  closest atom surface    1.891   H19 REO X    1
  2nd closest surface     1.891   H3  REO X    1
  found on step  989
  no. of rejections          413
 stored as     7

 highest radius point found:
  at point   71.102  68.424  72.309
  closest atom surface    1.880   H19 REO X    1
  2nd closest surface     1.880   C13 REO X    1
  found on step  785
 current point:
  at point   71.102  68.424  72.312
  closest atom surface    1.879   C13 REO X    1
  2nd closest surface     1.879   H19 REO X    1
  found on step  911
  no. of rejections          386
 stored as     8

 highest radius point found:
  at point   71.302  68.451  72.167
  closest atom surface    1.890   H3  REO X    1
  2nd closest surface     1.890   H19 REO X    1
  found on step  936
  this is also current point
  no. of rejections          367
 stored as     9

 highest radius point found:
  at point   71.502  68.356  71.542
  closest atom surface    1.921   H19 REO X    1
  2nd closest surface     1.922   H3  REO X    1
  found on step  453
 current point:
  at point   71.502  68.478  72.040
  closest atom surface    1.916   C13 REO X    1
  2nd closest surface     1.917   H3  REO X    1
  found on step  954
  no. of rejections          396
 stored as    10

 highest radius point found:
  at point   71.702  68.397  71.467
  closest atom surface    1.982   H3  REO X    1
  2nd closest surface     1.983   H19 REO X    1
  found on step  942
  this is also current point
  no. of rejections          391
 stored as    11

 highest radius point found:
  at point   71.902  68.450  71.451
  closest atom surface    2.049   H3  REO X    1
  2nd closest surface     2.049   N6  REO X    1
  found on step  536
 current point:
  at point   71.902  68.451  71.443
  closest atom surface    2.048   H3  REO X    1
  2nd closest surface     2.052   N6  REO X    1
  found on step  985
  no. of rejections          388
 stored as    12

 highest radius point found:
  at point   72.102  68.519  71.418
  closest atom surface    2.116   H3  REO X    1
  2nd closest surface     2.117   N6  REO X    1
  found on step    2
 current point:
  at point   72.102  68.519  71.409
  closest atom surface    2.116   H3  REO X    1
  2nd closest surface     2.116   C88 REO X    1
  found on step  983
  no. of rejections          390
 stored as    13

 highest radius point found:
  at point   72.302  68.590  71.392
  closest atom surface    2.195   N6  REO X    1
  2nd closest surface     2.195   H3  REO X    1
  found on step  849
 current point:
  at point   72.302  68.591  71.395
  closest atom surface    2.195   H3  REO X    1
  2nd closest surface     2.195   N6  REO X    1
  found on step  931
  no. of rejections          393
 stored as    14

 highest radius point found:
  at point   72.502  68.681  71.292
  closest atom surface    2.263   C13 REO X    1
  2nd closest surface     2.263   C88 REO X    1
  found on step  964
  this is also current point
  no. of rejections          347
 stored as    15

 highest radius point found:
  at point   72.702  68.818  71.109
  closest atom surface    2.332   C13 REO X    1
  2nd closest surface     2.332   C88 REO X    1
  found on step  974
  this is also current point
  no. of rejections          338
 stored as    16

 highest radius point found:
  at point   72.902  68.958  70.917
  closest atom surface    2.421   H3  REO X    1
  2nd closest surface     2.421   C88 REO X    1
  found on step  947
  this is also current point
  no. of rejections          345
 stored as    17

 highest radius point found:
  at point   73.102  69.102  70.726
  closest atom surface    2.532   H3  REO X    1
  2nd closest surface     2.533   C88 REO X    1
  found on step  892
  this is also current point
  no. of rejections          387
 stored as    18

 highest radius point found:
  at point   73.302  69.195  70.595
  closest atom surface    2.643   C88 REO X    1
  2nd closest surface     2.643   N2  REO X    1
  found on step  986
  this is also current point
  no. of rejections          348
 stored as    19

 highest radius point found:
  at point   73.502  69.284  70.469
  closest atom surface    2.762   C88 REO X    1
  2nd closest surface     2.763   H7  REO X    1
  found on step  997
  this is also current point
  no. of rejections          353
 stored as    20

 highest radius point found:
  at point   73.702  69.396  70.283
  closest atom surface    2.894   C88 REO X    1
  2nd closest surface     2.895   N2  REO X    1
  found on step  729
 current point:
  at point   73.702  69.389  70.300
  closest atom surface    2.893   C88 REO X    1
  2nd closest surface     2.896   N2  REO X    1
  found on step  968
  no. of rejections          362
 stored as    21

 highest radius point found:
  at point   73.902  69.448  70.211
  closest atom surface    3.019   C88 REO X    1
  2nd closest surface     3.019   H7  REO X    1
  found on step  713
 current point:
  at point   73.902  69.449  70.211
  closest atom surface    3.018   H7  REO X    1
  2nd closest surface     3.020   C88 REO X    1
  found on step  968
  no. of rejections          329
 stored as    22

 highest radius point found:
  at point   74.102  69.502  70.120
  closest atom surface    3.147   C88 REO X    1
  2nd closest surface     3.147   N1  REO X    1
  found on step  671
 current point:
  at point   74.102  69.507  70.124
  closest atom surface    3.146   N1  REO X    1
  2nd closest surface     3.146   H7  REO X    1
  found on step  902
  no. of rejections          334
 stored as    23

 highest radius point found:
  at point   74.302  69.552  70.049
  closest atom surface    3.281   H7  REO X    1
  2nd closest surface     3.282   C88 REO X    1
  found on step  799
 current point:
  at point   74.302  69.551  70.043
  closest atom surface    3.280   C88 REO X    1
  2nd closest surface     3.281   N1  REO X    1
  found on step  985
  no. of rejections          364
 stored as    24

 highest radius point found:
  at point   74.502  69.602  69.969
  closest atom surface    3.421   N1  REO X    1
  2nd closest surface     3.421   C88 REO X    1
  found on step  839
 current point:
  at point   74.502  69.601  69.975
  closest atom surface    3.420   H7  REO X    1
  2nd closest surface     3.422   C88 REO X    1
  found on step  974
  no. of rejections          342
 stored as    25

 highest radius point found:
  at point   74.702  69.651  69.894
  closest atom surface    3.566   N1  REO X    1
  2nd closest surface     3.566   C88 REO X    1
  found on step  947
  this is also current point
  no. of rejections          335
 stored as    26

 highest radius point found:
  at point   74.902  69.702  69.822
  closest atom surface    3.717   N1  REO X    1
  2nd closest surface     3.718   H7  REO X    1
  found on step  968
  this is also current point
  no. of rejections          336
 stored as    27

 highest radius point found:
  at point   75.102  69.466  65.108
  closest atom surface    4.289   C2  REO X    1
  2nd closest surface     4.290   O28 REO X    1
  found on step  988
  this is also current point
  no. of rejections          245
 stored as    28

 highest radius point found:
  at point   75.302  64.695  59.157
  closest atom surface    7.691   C89 REO X    1
  2nd closest surface     7.715   O   REO X    1
  found on step 1000
  this is also current point
  no. of rejections          213
 stored as    29

 highest radius point found:
  at point   75.502  58.383  50.276
  closest atom surface   17.099   O   REO X    1
  2nd closest surface    17.236   C89 REO X    1
  found on step  998
  this is also current point
  no. of rejections          265
 stored as    30

 highest radius point found:
  at point   75.702  51.982  41.660
  closest atom surface   27.423   O   REO X    1
  2nd closest surface    27.530   C89 REO X    1
  found on step  999
  this is also current point
  no. of rejections          242
 This is an end! (radius above  22.0 angs)
 highest radius point found:
  at point   69.302  67.936  72.431
  closest atom surface    2.296   H19 REO X    1
  2nd closest surface     2.302   H3  REO X    1
  found on step  591
 current point:
  at point   69.302  67.939  72.448
  closest atom surface    2.296   C7  REO X    1
  2nd closest surface     2.298   H19 REO X    1
  found on step  994
  no. of rejections          349
 stored as    -1

 highest radius point found:
  at point   69.102  67.851  72.459
  closest atom surface    2.383   H19 REO X    1
  2nd closest surface     2.384   C7  REO X    1
  found on step  944
  this is also current point
  no. of rejections          384
 stored as    -2

 highest radius point found:
  at point   68.902  67.885  72.338
  closest atom surface    2.384   C26 REO X    1
  2nd closest surface     2.385   C8  REO X    1
  found on step  914
  this is also current point
  no. of rejections          370
 stored as    -3

 highest radius point found:
  at point   68.702  67.946  72.139
  closest atom surface    2.363   C8  REO X    1
  2nd closest surface     2.366   H35 REO X    1
  found on step  136
 current point:
  at point   68.702  67.950  72.131
  closest atom surface    2.362   C8  REO X    1
  2nd closest surface     2.365   C26 REO X    1
  found on step  926
  no. of rejections          372
 stored as    -4

 highest radius point found:
  at point   68.502  68.004  71.964
  closest atom surface    2.352   C27 REO X    1
  2nd closest surface     2.352   H35 REO X    1
  found on step  857
 current point:
  at point   68.502  68.006  71.961
  closest atom surface    2.352   C8  REO X    1
  2nd closest surface     2.352   C27 REO X    1
  found on step  968
  no. of rejections          398
 stored as    -5

 highest radius point found:
  at point   68.302  67.967  71.898
  closest atom surface    2.298   H35 REO X    1
  2nd closest surface     2.298   C27 REO X    1
  found on step  954
  this is also current point
  no. of rejections          383
 stored as    -6

 highest radius point found:
  at point   68.102  67.951  71.847
  closest atom surface    2.238   H29 REO X    1
  2nd closest surface     2.238   H35 REO X    1
  found on step  996
  this is also current point
  no. of rejections          387
 stored as    -7

 highest radius point found:
  at point   67.902  67.990  71.786
  closest atom surface    2.181   H29 REO X    1
  2nd closest surface     2.182   H97 REO X    1
  found on step  475
 current point:
  at point   67.902  67.985  71.784
  closest atom surface    2.178   H29 REO X    1
  2nd closest surface     2.180   H97 REO X    1
  found on step  975
  no. of rejections          413
 stored as    -8

 highest radius point found:
  at point   67.702  68.034  71.733
  closest atom surface    2.136   H35 REO X    1
  2nd closest surface     2.141   H29 REO X    1
  found on step  473
 current point:
  at point   67.702  68.131  71.709
  closest atom surface    2.133   H97 REO X    1
  2nd closest surface     2.134   H35 REO X    1
  found on step  961
  no. of rejections          403
 stored as    -9

 highest radius point found:
  at point   67.502  68.485  71.590
  closest atom surface    2.111   H35 REO X    1
  2nd closest surface     2.112   C8  REO X    1
  found on step  893
  this is also current point
  no. of rejections          380
 stored as   -10

 highest radius point found:
  at point   67.302  68.115  71.613
  closest atom surface    2.094   H35 REO X    1
  2nd closest surface     2.096   H97 REO X    1
  found on step  722
 current point:
  at point   67.302  68.243  71.587
  closest atom surface    2.092   H97 REO X    1
  2nd closest surface     2.092   H35 REO X    1
  found on step  983
  no. of rejections          390
 stored as   -11

 highest radius point found:
  at point   67.102  68.175  71.546
  closest atom surface    2.090   N10 REO X    1
  2nd closest surface     2.090   H97 REO X    1
  found on step  252
 current point:
  at point   67.102  68.690  71.401
  closest atom surface    2.082   N10 REO X    1
  2nd closest surface     2.082   H97 REO X    1
  found on step  981
  no. of rejections          376
 stored as   -12

 highest radius point found:
  at point   66.902  68.803  71.301
  closest atom surface    2.092   N10 REO X    1
  2nd closest surface     2.095   H97 REO X    1
  found on step  561
 current point:
  at point   66.902  68.163  71.481
  closest atom surface    2.089   H29 REO X    1
  2nd closest surface     2.089   H97 REO X    1
  found on step  961
  no. of rejections          407
 stored as   -13

 highest radius point found:
  at point   66.702  69.027  71.158
  closest atom surface    2.139   C8  REO X    1
  2nd closest surface     2.139   H97 REO X    1
  found on step  947
  this is also current point
  no. of rejections          400
 stored as   -14

 highest radius point found:
  at point   66.502  69.147  71.051
  closest atom surface    2.194   H97 REO X    1
  2nd closest surface     2.197   N10 REO X    1
  found on step  405
 current point:
  at point   66.502  69.195  71.013
  closest atom surface    2.188   H97 REO X    1
  2nd closest surface     2.193   C8  REO X    1
  found on step  969
  no. of rejections          367
 stored as   -15

 highest radius point found:
  at point   66.302  69.284  70.933
  closest atom surface    2.270   C8  REO X    1
  2nd closest surface     2.270   H97 REO X    1
  found on step  407
 current point:
  at point   66.302  69.375  70.862
  closest atom surface    2.266   C8  REO X    1
  2nd closest surface     2.267   H97 REO X    1
  found on step  884
  no. of rejections          369
 stored as   -16

 highest radius point found:
  at point   66.102  69.581  70.684
  closest atom surface    2.368   H97 REO X    1
  2nd closest surface     2.368   C8  REO X    1
  found on step  442
 current point:
  at point   66.102  69.449  70.788
  closest atom surface    2.362   C8  REO X    1
  2nd closest surface     2.362   H97 REO X    1
  found on step  967
  no. of rejections          360
 stored as   -17

 highest radius point found:
  at point   65.902  69.614  70.640
  closest atom surface    2.474   C8  REO X    1
  2nd closest surface     2.475   H98 REO X    1
  found on step  906
  this is also current point
  no. of rejections          389
 stored as   -18

 highest radius point found:
  at point   65.702  69.624  70.598
  closest atom surface    2.580   H97 REO X    1
  2nd closest surface     2.580   H98 REO X    1
  found on step  599
 current point:
  at point   65.702  69.652  70.600
  closest atom surface    2.579   N10 REO X    1
  2nd closest surface     2.580   H98 REO X    1
  found on step  936
  no. of rejections          343
 stored as   -19

 highest radius point found:
  at point   65.502  69.697  70.523
  closest atom surface    2.667   N10 REO X    1
  2nd closest surface     2.668   H98 REO X    1
  found on step  948
  this is also current point
  no. of rejections          351
 stored as   -20

 highest radius point found:
  at point   65.302  69.961  70.457
  closest atom surface    2.769   H98 REO X    1
  2nd closest surface     2.771   C8  REO X    1
  found on step  560
 current point:
  at point   65.302  71.145  70.080
  closest atom surface    2.749   H98 REO X    1
  2nd closest surface     2.752   C5  REO X    1
  found on step  984
  no. of rejections          348
 stored as   -21

 highest radius point found:
  at point   65.102  70.107  70.382
  closest atom surface    2.885   H98 REO X    1
  2nd closest surface     2.888   C8  REO X    1
  found on step  255
 current point:
  at point   65.102  70.407  70.295
  closest atom surface    2.859   C8  REO X    1
  2nd closest surface     2.860   H98 REO X    1
  found on step  978
  no. of rejections          339
 stored as   -22

 highest radius point found:
  at point   64.902  70.033  70.301
  closest atom surface    2.995   N10 REO X    1
  2nd closest surface     2.998   H98 REO X    1
  found on step  319
 current point:
  at point   64.902  69.870  70.288
  closest atom surface    2.989   H98 REO X    1
  2nd closest surface     2.990   N10 REO X    1
  found on step  972
  no. of rejections          349
 stored as   -23

 highest radius point found:
  at point   64.702  70.313  70.227
  closest atom surface    3.143   H98 REO X    1
  2nd closest surface     3.149   N10 REO X    1
  found on step  991
  this is also current point
  no. of rejections          328
 stored as   -24

 highest radius point found:
  at point   64.502  72.943  68.339
  closest atom surface    3.514   C4  REO X    1
  2nd closest surface     3.518   H165REO X    1
  found on step  994
  this is also current point
  no. of rejections          287
 stored as   -25

 highest radius point found:
  at point   64.302  80.138  66.511
  closest atom surface    7.099   H   REO X    1
  2nd closest surface     7.214   N   REO X    1
  found on step 1000
  this is also current point
  no. of rejections          208
 stored as   -26

 highest radius point found:
  at point   64.102  89.823  67.120
  closest atom surface   15.577   O1  REO X    1
  2nd closest surface    15.717   H   REO X    1
  found on step 1000
  this is also current point
  no. of rejections          252
 stored as   -27

 highest radius point found:
  at point   63.902  99.965  67.276
  closest atom surface   25.346   O1  REO X    1
  2nd closest surface    25.428   N   REO X    1
  found on step 1000
  this is also current point
  no. of rejections          269
 This is an end! (radius above  22.0 angs)
 
 N.b. Graph information routine (HOGRAP) differs 
        markedly from previous versions!
       Information now is written from -ve end
       to +ve in one pass
 
 Explanation of the meaning of each column: 
 First column "cenxyz.cvec" is the coordinate in the
   direction of the channel vector i.e. if the channel
   vector is in z (0 0 1) then it is the z coordinate.
 The second column "radius" is the hole pore radius 
   (as defined in the Biophys J 1993) article).
 The third column "cen_line_D" is the distance 
   measured along the pore centre line - with the 
   first point found set to zero. This was the first
   thing that I used to measure the distance along a pore
   but "cenxyz.cvec" is a much better general measure. 
   However, by comparing changes in this distance to changes in '   "cenxyz.cvec" one can get a measure of how straight a 
   channel is.
 The fourth column "sum{s/(area)}" is useful in conductance
   prediction -
   basically it is the sum of the thickness of each slab
   divided by its area. HOLE uses this measure to estimate
   the macroscopic conductance of a channel.
 If any of this worries you one can see the "raw" results
   of a standard hole run by producing a sphpdb file and 
    directly looking at the results.
 cenxyz.cvec      radius  cen_line_D sum{s/(area point sourc
    64.10155    15.57690   -27.42492     0.00013   (sampled)
    64.20155    11.16947   -22.57194     0.00039 (mid-point)
    64.30155     7.09880   -17.71896     0.00102   (sampled)
    64.40155     4.62277   -14.00537     0.00251 (mid-point)
    64.50155     3.51448   -10.29178     0.00508   (sampled)
    64.60155     3.17791    -8.66986     0.00824 (mid-point)
    64.70155     3.14336    -7.04793     0.01146   (sampled)
    64.80155     3.06764    -6.87198     0.01484 (mid-point)
    64.90155     2.99460    -6.69603     0.01839   (sampled)
    65.00155     2.94047    -6.58190     0.02207 (mid-point)
    65.10155     2.88520    -6.46776     0.02590   (sampled)
    65.20155     2.82539    -6.33835     0.02988 (mid-point)
    65.30155     2.76907    -6.20894     0.03403   (sampled)
    65.40155     2.71486    -6.04014     0.03835 (mid-point)
    65.50155     2.66749    -5.87134     0.04283   (sampled)
    65.60155     2.62239    -5.75864     0.04745 (mid-point)
    65.70155     2.57953    -5.64593     0.05224   (sampled)
    65.80155     2.52642    -5.54357     0.05723 (mid-point)
    65.90155     2.47432    -5.44122     0.06242   (sampled)
    66.00155     2.42035    -5.33753     0.06786 (mid-point)
    66.10155     2.36812    -5.23384     0.07353   (sampled)
    66.20155     2.31212    -5.01576     0.07949 (mid-point)
    66.30155     2.26964    -4.79767     0.08567   (sampled)
    66.40155     2.22945    -4.66276     0.09207 (mid-point)
    66.50155     2.19437    -4.52785     0.09868   (sampled)
    66.60155     2.16411    -4.39969     0.10548 (mid-point)
    66.70155     2.13864    -4.27154     0.11244   (sampled)
    66.80155     2.11272    -4.10525     0.11957 (mid-point)
    66.90155     2.09197    -3.93896     0.12684   (sampled)
    67.00155     2.07272    -3.58724     0.13425 (mid-point)
    67.10155     2.08989    -3.23552     0.14154   (sampled)
    67.20155     2.09121    -3.12599     0.14882 (mid-point)
    67.30155     2.09448    -3.01646     0.15608   (sampled)
    67.40155     2.09586    -2.80613     0.16332 (mid-point)
    67.50155     2.11150    -2.59581     0.17046   (sampled)
    67.60155     2.11299    -2.33930     0.17759 (mid-point)
    67.70155     2.13554    -2.08279     0.18457   (sampled)
    67.80155     2.15834    -1.97696     0.19140 (mid-point)
    67.90155     2.18111    -1.87113     0.19809   (sampled)
    68.00155     2.20784    -1.76483     0.20462 (mid-point)
    68.10155     2.23785    -1.65852     0.21098   (sampled)
    68.20155     2.26660    -1.55504     0.21718 (mid-point)
    68.30155     2.29803    -1.45155     0.22320   (sampled)
    68.40155     2.32362    -1.34457     0.22910 (mid-point)
    68.50155     2.35197    -1.23759     0.23485   (sampled)
    68.60155     2.35579    -1.10180     0.24059 (mid-point)
    68.70155     2.36332    -0.96602     0.24629   (sampled)
    68.80155     2.37149    -0.82159     0.25195 (mid-point)
    68.90155     2.38414    -0.67716     0.25755   (sampled)
    69.00155     2.38384    -0.55916     0.26315 (mid-point)
    69.10155     2.38258    -0.44116     0.26876   (sampled)
    69.20155     2.33794    -0.33160     0.27458 (mid-point)
    69.30155     2.29634    -0.22204     0.28062   (sampled)
    69.40155     2.25365    -0.11102     0.28688 (mid-point)
    69.50155     2.21422    -0.00000     0.29338   (sampled)
    69.60155     2.17284     0.10512     0.30012 (mid-point)
    69.70155     2.13443     0.21023     0.30711   (sampled)
    69.80155     2.09653     0.31409     0.31435 (mid-point)
    69.90155     2.06168     0.41794     0.32184   (sampled)
    70.00155     2.02890     0.52143     0.32957 (mid-point)
    70.10155     1.99923     0.62492     0.33753   (sampled)
    70.20155     1.97554     0.72919     0.34569 (mid-point)
    70.30155     1.95534     0.83347     0.35401   (sampled)
    70.40155     1.93657     0.93745     0.36250 (mid-point)
    70.50155     1.92018     1.04144     0.37113   (sampled)
    70.60155     1.90964     1.14516     0.37986 (mid-point)
    70.70155     1.90172     1.24888     0.38866   (sampled)
    70.80155     1.89501     1.35309     0.39753 (mid-point)
    70.90155     1.89204     1.45729     0.40642   (sampled)
    71.00155     1.88354     1.57412     0.41539 (mid-point)
    71.10155     1.87977     1.69095     0.42440   (sampled)
    71.20155     1.88202     1.81419     0.43339 (mid-point)
    71.30155     1.88951     1.93743     0.44230   (sampled)
    71.40155     1.88618     2.26923     0.45125 (mid-point)
    71.50155     1.92077     2.60104     0.45988   (sampled)
    71.60155     1.95002     2.70973     0.46825 (mid-point)
    71.70155     1.98157     2.81841     0.47636   (sampled)
    71.80155     2.01386     2.92221     0.48420 (mid-point)
    71.90155     2.04934     3.02600     0.49178   (sampled)
    72.00155     2.08110     3.13305     0.49913 (mid-point)
    72.10155     2.11622     3.24010     0.50624   (sampled)
    72.20155     2.15408     3.34701     0.51310 (mid-point)
    72.30155     2.19499     3.45393     0.51971   (sampled)
    72.40155     2.23039     3.57470     0.52611 (mid-point)
    72.50155     2.26306     3.69548     0.53232   (sampled)
    72.60155     2.29480     3.84714     0.53837 (mid-point)
    72.70155     2.33180     3.99881     0.54422   (sampled)
    72.80155     2.37366     4.15415     0.54987 (mid-point)
    72.90155     2.42079     4.30949     0.55530   (sampled)
    73.00155     2.47337     4.46534     0.56050 (mid-point)
    73.10155     2.53205     4.62119     0.56547   (sampled)
    73.20155     2.58638     4.74951     0.57023 (mid-point)
    73.30155     2.64267     4.87783     0.57479   (sampled)
    73.40155     2.70123     5.00403     0.57915 (mid-point)
    73.50155     2.76249     5.13022     0.58332   (sampled)
    73.60155     2.82643     5.27790     0.58730 (mid-point)
    73.70155     2.89411     5.42557     0.59110   (sampled)
    73.80155     2.95561     5.53507     0.59475 (mid-point)
    73.90155     3.01878     5.64457     0.59824   (sampled)
    74.00155     3.08183     5.75761     0.60159 (mid-point)
    74.10155     3.14665     5.87064     0.60481   (sampled)
    74.20155     3.21345     5.97959     0.60789 (mid-point)
    74.30155     3.28129     6.08853     0.61085   (sampled)
    74.40155     3.35065     6.19929     0.61368 (mid-point)
    74.50155     3.42053     6.31004     0.61640   (sampled)
    74.60155     3.49282     6.41948     0.61901 (mid-point)
    74.70155     3.56638     6.52892     0.62151   (sampled)
    74.80155     3.64103     6.63823     0.62391 (mid-point)
    74.90155     3.71685     6.74755     0.62622   (sampled)
    75.00155     3.84012     9.10979     0.62838 (mid-point)
    75.10155     4.28931    11.47204     0.63011   (sampled)
    75.20155     5.28767    15.28699     0.63125 (mid-point)
    75.30155     7.69052    19.10194     0.63178   (sampled)
    75.40155    12.13123    24.55078     0.63200 (mid-point)
    75.50155    17.09869    29.99961     0.63211   (sampled)

 Minimum radius found:      1.880 angstroms.



 For spherical probe approach, The geometric factor
         F= sum(ds/area) along channel is    0.632 angstroms**-1
 This yields a macroscopic predicted molar conductance of:
   (1/rho)*(100/F)= (160/rho) pS,
   where rho is the conductivity of 1M permeant ion in ohm m.
 N.B. this is a macroscopic conductance - an overestimate 
 Empirically corrected conductances currently only available
 With the CAPSULE option (although its not that stable!)
 For 1M KCl rho= 1/12 (ohm m), So Gmacro= 1900 pS/M.
  (TAG      1   Rmin=     1.87977   Gmacro=  1898.40669 Conn_Gmacro=    -1.00000 ).
 HOLE: normal completion
