 *** Program HOLE ***
 
 If results of this run are reported or published, please
 cite the publication listed below.
 For the HOLE program:
   Smart, O.S., Goodfellow, J.M., Wallace, B.A. (1993). 
   The pore dimensions of gramicidin A. 
   Biophys. J., 65, 2455-2460.
 
 Originally written by Oliver Smart at Birkbeck College from April 1992.
 Copyright 1993-2005 Oliver Smart
 Copyright 2014-2015 SmartSci Limited.
 Copyright 2016 Oliver Smart.
 
 For help on HOLE suite see  http://www.holeprogram.org/
 
 HOLE release 2.2.005 (07 August 2016) 
 
 usage subject to Apache License, Version 2.0 
 see http://www.apache.org/licenses/LICENSE-2.0 

 Control variables read:

! Input file for Oliver Smart's HOLE program
! written by MDAnalysis.analysis.hole2.HoleAnalysis
! for a Universe
! u = mda.Universe(host_roelen1water.gro
!    host_roelen1water.trr
!   )
! Frame 85

COORD  /tmp/tmpb3kd7zo3.pdb
RADIUS simple2.rad
SPHPDB hole085.sph
SAMPLE 0.200000
ENDRAD 22.000000
IGNORE SOL WAT TIP HOH K   NA  CL
SHORTO 0
RASEED 31415
CPOINT 70.3148982431 70.8832100095 71.0208808719


 WARNING have not found a CVECT record - will try to guess
 Input pdb filename read as:    '/tmp/tmpb3kd7zo3.pdb'
 Input vdW radius file read as: 'simple2.rad'
 point in channel:   70.315  70.883  71.021
 channel vector:   ************************
 sampling distance between planes:    0.200

 graphics conditions:
 binary plot output file name: NONE
 Dot density:    10
 Draw dots?           T
 Draw close contacts? F
 Draw centre line?    T
 Produce spikes rather than dots? F
 Seed for random number generator:     31415 (0 means value set by program)
 Radius above which a result is regarded as an 'end':  22.000
 Pdb format file for sphere centres: hole085.sph

 Monte Carlo conditions:
  no of steps:  1000
  maximum displacement   0.100 angs
  'kT' initial   0.100 angs
 The spherebox and capsule options are turned off.
 (No molqpt card so will not write qpt file of the molecule)
 IGNORE card read so will ignore residue types: SOL WAT TIP HOH K   NA  CL
 no SHORTO card read so will produce full textual output
 As no PEGRAT card was found will not produce PEG polymer exclusion graph
 (No 2DMAPS card specified so will not produce 2D property maps)
 Have not found a CUT card.  Normal calculation using
   Cutoff lists with a cutsize=       1.000
   (if you wish to turn off option use a CUT -1 card)

 Have read     7 bond radius records and
              16 vdW radius records.
 From file: simple2.rad

 Have read   127 atom records.
 From file: /tmp/tmpb3kd7zo3.pdb
 Will not produce graphical output

 Have opened file for pdb format output of sphere centres:  hole085.sph

  Seed integer used by ran # generator on this run      31415

 
 S/R cguess will try to guess CPOINT and/or CVECT
 
 THESE GUESSES MAY WELL BE WRONG!!!!
 Routine relies on having a reasonably symmetric
 channel oriented along x, y or z vector
 YOU ARE STRONGLY ADVISED TO CHECK THE RESULTS
                       WITH MOLECULAR GRAPHICS
 testing points from cpoint in X, Y then Z direction
   point                   pore radius
direction     1
  65.315  70.883  71.021     0.178
  66.315  70.883  71.021     0.283
  67.315  70.883  71.021     0.663
  68.315  70.883  71.021     1.246
  69.315  70.883  71.021     1.977
  70.315  70.883  71.021     1.882
  71.315  70.883  71.021     1.405
  72.315  70.883  71.021     0.952
  73.315  70.883  71.021     0.828
  74.315  70.883  71.021     0.956
  75.315  70.883  71.021     1.300
 Average pore radius along the line=      1.061
direction     2
  70.315  65.883  71.021    -1.116
  70.315  66.883  71.021    -0.996
  70.315  67.883  71.021    -0.632
  70.315  68.883  71.021     0.179
  70.315  69.883  71.021     1.085
  70.315  70.883  71.021     1.882
  70.315  71.883  71.021     1.806
  70.315  72.883  71.021     1.055
  70.315  73.883  71.021     0.215
  70.315  74.883  71.021    -0.404
  70.315  75.883  71.021    -1.122
 Average pore radius along the line=      0.178
direction     3
  70.315  70.883  66.021    -0.601
  70.315  70.883  67.021    -0.615
  70.315  70.883  68.021    -0.238
  70.315  70.883  69.021     0.564
  70.315  70.883  70.021     1.492
  70.315  70.883  71.021     1.882
  70.315  70.883  72.021     1.695
  70.315  70.883  73.021     1.679
  70.315  70.883  74.021     1.586
  70.315  70.883  75.021     1.685
  70.315  70.883  76.021     1.894
 Average pore radius along the line=      1.002
 Best direction is found to be     1
(1=X,2=Y,3=Z)
 s/r cguess has produced initial values for cpoint &/or cvect:
CPOINT      70.3149     70.8832     71.0209
CVECT        1.0000      0.0000      0.0000
 THESE GUESSES MAY WELL BE WRONG!!!!
 Routine relies on having a reasonably symmetric
 channel oriented along x, y or z vector
 YOU ARE STRONGLY ADVISED TO CHECK THE RESULTS
                       WITH MOLECULAR GRAPHICS
 
 
  Some routines (e.g. conn) need vectors normal to cvect: 
     EAST Zero degrees angle is along vector    0.000   1.000   0.000
     NORTH  90 degrees angle is along vector    0.000   0.000  -1.000
 highest radius point found:
  at point   70.315  71.546  70.680
  closest atom surface    2.232   C26 REO X    1
  2nd closest surface     2.232   H13 REO X    1
  found on step  931
  this is also current point
  no. of rejections          394
 stored as     0

 highest radius point found:
  at point   70.515  71.615  70.614
  closest atom surface    2.161   H97 REO X    1
  2nd closest surface     2.162   C26 REO X    1
  found on step  980
  this is also current point
  no. of rejections          356
 stored as     1

 highest radius point found:
  at point   70.715  71.686  70.557
  closest atom surface    2.100   H13 REO X    1
  2nd closest surface     2.104   H97 REO X    1
  found on step  125
 current point:
  at point   70.715  72.014  70.395
  closest atom surface    2.063   H97 REO X    1
  2nd closest surface     2.066   H13 REO X    1
  found on step  989
  no. of rejections          392
 stored as     2

 highest radius point found:
  at point   70.915  71.750  70.495
  closest atom surface    2.056   H97 REO X    1
  2nd closest surface     2.057   C26 REO X    1
  found on step  979
  this is also current point
  no. of rejections          374
 stored as     3

 highest radius point found:
  at point   71.115  72.515  70.100
  closest atom surface    2.042   H97 REO X    1
  2nd closest surface     2.043   H13 REO X    1
  found on step 1000
  this is also current point
  no. of rejections          391
 stored as     4

 highest radius point found:
  at point   71.315  72.674  69.997
  closest atom surface    2.070   H13 REO X    1
  2nd closest surface     2.070   H97 REO X    1
  found on step  967
  this is also current point
  no. of rejections          369
 stored as     5

 highest radius point found:
  at point   71.515  72.843  69.882
  closest atom surface    2.120   C12 REO X    1
  2nd closest surface     2.120   H97 REO X    1
  found on step  951
  this is also current point
  no. of rejections          373
 stored as     6

 highest radius point found:
  at point   71.715  72.954  69.806
  closest atom surface    2.183   H97 REO X    1
  2nd closest surface     2.184   C13 REO X    1
  found on step  994
  this is also current point
  no. of rejections          373
 stored as     7

 highest radius point found:
  at point   71.915  72.965  69.779
  closest atom surface    2.220   H13 REO X    1
  2nd closest surface     2.220   N16 REO X    1
  found on step  947
  this is also current point
  no. of rejections          394
 stored as     8

 highest radius point found:
  at point   72.115  72.938  69.768
  closest atom surface    2.257   H13 REO X    1
  2nd closest surface     2.258   N16 REO X    1
  found on step  600
 current point:
  at point   72.115  72.972  69.763
  closest atom surface    2.257   N16 REO X    1
  2nd closest surface     2.257   H13 REO X    1
  found on step  960
  no. of rejections          371
 stored as     9

 highest radius point found:
  at point   72.315  72.989  69.747
  closest atom surface    2.304   N16 REO X    1
  2nd closest surface     2.304   H13 REO X    1
  found on step  856
 current point:
  at point   72.315  72.996  69.746
  closest atom surface    2.304   N16 REO X    1
  2nd closest surface     2.304   H13 REO X    1
  found on step  908
  no. of rejections          412
 stored as    10

 highest radius point found:
  at point   72.515  73.146  69.716
  closest atom surface    2.363   H13 REO X    1
  2nd closest surface     2.363   N16 REO X    1
  found on step  140
 current point:
  at point   72.515  73.141  69.717
  closest atom surface    2.363   N16 REO X    1
  2nd closest surface     2.363   H13 REO X    1
  found on step  893
  no. of rejections          377
 stored as    11

 highest radius point found:
  at point   72.715  73.232  69.693
  closest atom surface    2.419   C88 REO X    1
  2nd closest surface     2.419   C13 REO X    1
  found on step 1000
  this is also current point
  no. of rejections          398
 stored as    12

 highest radius point found:
  at point   72.915  73.343  69.625
  closest atom surface    2.471   C88 REO X    1
  2nd closest surface     2.474   C13 REO X    1
  found on step  450
 current point:
  at point   72.915  73.338  69.640
  closest atom surface    2.470   C88 REO X    1
  2nd closest surface     2.471   C13 REO X    1
  found on step  926
  no. of rejections          371
 stored as    13

 highest radius point found:
  at point   73.115  73.454  69.567
  closest atom surface    2.537   C13 REO X    1
  2nd closest surface     2.538   C88 REO X    1
  found on step  960
  this is also current point
  no. of rejections          373
 stored as    14

 highest radius point found:
  at point   73.315  73.568  69.499
  closest atom surface    2.614   N16 REO X    1
  2nd closest surface     2.614   C13 REO X    1
  found on step  881
 current point:
  at point   73.315  73.571  69.497
  closest atom surface    2.612   N16 REO X    1
  2nd closest surface     2.613   C13 REO X    1
  found on step  895
  no. of rejections          366
 stored as    15

 highest radius point found:
  at point   73.515  73.678  69.439
  closest atom surface    2.701   C13 REO X    1
  2nd closest surface     2.701   N16 REO X    1
  found on step  907
  this is also current point
  no. of rejections          348
 stored as    16

 highest radius point found:
  at point   73.715  73.782  69.387
  closest atom surface    2.798   C88 REO X    1
  2nd closest surface     2.799   C13 REO X    1
  found on step  990
  this is also current point
  no. of rejections          363
 stored as    17

 highest radius point found:
  at point   73.915  73.900  69.317
  closest atom surface    2.906   N16 REO X    1
  2nd closest surface     2.906   C13 REO X    1
  found on step  780
 current point:
  at point   73.915  73.892  69.318
  closest atom surface    2.905   N16 REO X    1
  2nd closest surface     2.906   C88 REO X    1
  found on step  934
  no. of rejections          370
 stored as    18

 highest radius point found:
  at point   74.115  74.003  69.261
  closest atom surface    3.024   N16 REO X    1
  2nd closest surface     3.024   C13 REO X    1
  found on step  993
  this is also current point
  no. of rejections          326
 stored as    19

 highest radius point found:
  at point   74.315  74.112  69.202
  closest atom surface    3.148   C13 REO X    1
  2nd closest surface     3.149   C88 REO X    1
  found on step  968
  this is also current point
  no. of rejections          321
 stored as    20

 highest radius point found:
  at point   74.515  74.223  69.139
  closest atom surface    3.282   N16 REO X    1
  2nd closest surface     3.282   C13 REO X    1
  found on step  932
  this is also current point
  no. of rejections          344
 stored as    21

 highest radius point found:
  at point   74.715  74.327  69.094
  closest atom surface    3.417   C13 REO X    1
  2nd closest surface     3.418   C88 REO X    1
  found on step  964
  this is also current point
  no. of rejections          331
 stored as    22

 highest radius point found:
  at point   74.915  78.079  68.386
  closest atom surface    3.728   O1  REO X    1
  2nd closest surface     3.776   C13 REO X    1
  found on step  999
  this is also current point
  no. of rejections          268
 stored as    23

 highest radius point found:
  at point   75.115  80.971  68.151
  closest atom surface    5.042   H10 REO X    1
  2nd closest surface     5.050   O1  REO X    1
  found on step  989
  this is also current point
  no. of rejections          201
 stored as    24

 highest radius point found:
  at point   75.315  91.006  65.977
  closest atom surface   13.419   H167REO X    1
  2nd closest surface    13.447   O1  REO X    1
  found on step  999
  this is also current point
  no. of rejections          243
 stored as    25

 highest radius point found:
  at point   75.515 100.843  64.990
  closest atom surface   22.855   C14 REO X    1
  2nd closest surface    22.871   H10 REO X    1
  found on step  995
  this is also current point
  no. of rejections          299
 This is an end! (radius above  22.0 angs)
 highest radius point found:
  at point   70.115  71.477  70.713
  closest atom surface    2.300   C26 REO X    1
  2nd closest surface     2.300   H97 REO X    1
  found on step  958
  this is also current point
  no. of rejections          359
 stored as    -1

 highest radius point found:
  at point   69.915  71.347  70.697
  closest atom surface    2.313   C26 REO X    1
  2nd closest surface     2.315   C10 REO X    1
  found on step  676
 current point:
  at point   69.915  71.340  70.710
  closest atom surface    2.311   C10 REO X    1
  2nd closest surface     2.313   C26 REO X    1
  found on step  994
  no. of rejections          348
 stored as    -2

 highest radius point found:
  at point   69.715  71.226  70.668
  closest atom surface    2.341   H97 REO X    1
  2nd closest surface     2.341   C26 REO X    1
  found on step  829
 current point:
  at point   69.715  71.224  70.670
  closest atom surface    2.340   C26 REO X    1
  2nd closest surface     2.341   C10 REO X    1
  found on step  937
  no. of rejections          414
 stored as    -3

 highest radius point found:
  at point   69.515  71.069  70.622
  closest atom surface    2.352   C26 REO X    1
  2nd closest surface     2.354   C9  REO X    1
  found on step  628
 current point:
  at point   69.515  71.072  70.616
  closest atom surface    2.352   C26 REO X    1
  2nd closest surface     2.355   C9  REO X    1
  found on step  979
  no. of rejections          389
 stored as    -4

 highest radius point found:
  at point   69.315  71.010  70.466
  closest atom surface    2.311   H97 REO X    1
  2nd closest surface     2.312   H35 REO X    1
  found on step  786
 current point:
  at point   69.315  71.096  70.459
  closest atom surface    2.310   H35 REO X    1
  2nd closest surface     2.311   H97 REO X    1
  found on step  984
  no. of rejections          332
 stored as    -5

 highest radius point found:
  at point   69.115  71.059  70.305
  closest atom surface    2.282   H35 REO X    1
  2nd closest surface     2.282   H97 REO X    1
  found on step  689
 current point:
  at point   69.115  71.107  70.299
  closest atom surface    2.281   H97 REO X    1
  2nd closest surface     2.283   H35 REO X    1
  found on step  925
  no. of rejections          365
 stored as    -6

 highest radius point found:
  at point   68.915  71.051  70.149
  closest atom surface    2.273   H35 REO X    1
  2nd closest surface     2.273   H97 REO X    1
  found on step  944
  this is also current point
  no. of rejections          388
 stored as    -7

 highest radius point found:
  at point   68.715  71.036  70.011
  closest atom surface    2.260   C28 REO X    1
  2nd closest surface     2.262   N10 REO X    1
  found on step  936
  this is also current point
  no. of rejections          367
 stored as    -8

 highest radius point found:
  at point   68.515  71.081  69.743
  closest atom surface    2.252   C28 REO X    1
  2nd closest surface     2.254   H97 REO X    1
  found on step  688
 current point:
  at point   68.515  71.074  69.771
  closest atom surface    2.249   C8  REO X    1
  2nd closest surface     2.249   H29 REO X    1
  found on step  887
  no. of rejections          375
 stored as    -9

 highest radius point found:
  at point   68.315  71.141  69.487
  closest atom surface    2.255   H29 REO X    1
  2nd closest surface     2.255   H97 REO X    1
  found on step  997
  this is also current point
  no. of rejections          356
 stored as   -10

 highest radius point found:
  at point   68.115  71.209  69.219
  closest atom surface    2.285   H97 REO X    1
  2nd closest surface     2.285   C8  REO X    1
  found on step  973
  this is also current point
  no. of rejections          335
 stored as   -11

 highest radius point found:
  at point   67.915  71.209  68.954
  closest atom surface    2.305   H3  REO X    1
  2nd closest surface     2.305   H29 REO X    1
  found on step  944
  this is also current point
  no. of rejections          397
 stored as   -12

 highest radius point found:
  at point   67.715  71.164  68.540
  closest atom surface    2.349   N15 REO X    1
  2nd closest surface     2.349   H3  REO X    1
  found on step  926
  this is also current point
  no. of rejections          356
 stored as   -13

 highest radius point found:
  at point   67.515  71.146  68.273
  closest atom surface    2.416   H3  REO X    1
  2nd closest surface     2.416   N15 REO X    1
  found on step  991
  this is also current point
  no. of rejections          388
 stored as   -14

 highest radius point found:
  at point   67.315  71.125  68.020
  closest atom surface    2.511   H29 REO X    1
  2nd closest surface     2.513   N15 REO X    1
  found on step  902
  this is also current point
  no. of rejections          320
 stored as   -15

 highest radius point found:
  at point   67.115  71.115  67.764
  closest atom surface    2.630   H3  REO X    1
  2nd closest surface     2.632   N15 REO X    1
  found on step  996
  this is also current point
  no. of rejections          359
 stored as   -16

 highest radius point found:
  at point   66.915  69.097  62.855
  closest atom surface    3.899   H94 REO X    1
  2nd closest surface     3.905   C87 REO X    1
  found on step 1000
  this is also current point
  no. of rejections          227
 stored as   -17

 highest radius point found:
  at point   66.715  67.553  53.895
  closest atom surface   10.826   O28 REO X    1
  2nd closest surface    11.365   C87 REO X    1
  found on step 1000
  this is also current point
  no. of rejections          260
 stored as   -18

 highest radius point found:
  at point   66.515  65.420  43.979
  closest atom surface   20.413   C   REO X    1
  2nd closest surface    20.429   O   REO X    1
  found on step 1000
  this is also current point
  no. of rejections          253
 stored as   -19

 highest radius point found:
  at point   66.315  61.828  34.655
  closest atom surface   29.986   N   REO X    1
  2nd closest surface    29.986   O   REO X    1
  found on step  999
  this is also current point
  no. of rejections          264
 This is an end! (radius above  22.0 angs)
 
 N.b. Graph information routine (HOGRAP) differs 
        markedly from previous versions!
       Information now is written from -ve end
       to +ve in one pass
 
 Explanation of the meaning of each column: 
 First column "cenxyz.cvec" is the coordinate in the
   direction of the channel vector i.e. if the channel
   vector is in z (0 0 1) then it is the z coordinate.
 The second column "radius" is the hole pore radius 
   (as defined in the Biophys J 1993) article).
 The third column "cen_line_D" is the distance 
   measured along the pore centre line - with the 
   first point found set to zero. This was the first
   thing that I used to measure the distance along a pore
   but "cenxyz.cvec" is a much better general measure. 
   However, by comparing changes in this distance to changes in '   "cenxyz.cvec" one can get a measure of how straight a 
   channel is.
 The fourth column "sum{s/(area)}" is useful in conductance
   prediction -
   basically it is the sum of the thickness of each slab
   divided by its area. HOLE uses this measure to estimate
   the macroscopic conductance of a channel.
 If any of this worries you one can see the "raw" results
   of a standard hole run by producing a sphpdb file and 
    directly looking at the results.
 cenxyz.cvec      radius  cen_line_D sum{s/(area point sourc
    66.51489    20.41313   -29.30172     0.00008   (sampled)
    66.61489    15.56690   -24.22934     0.00021 (mid-point)
    66.71489    10.82647   -19.15697     0.00048   (sampled)
    66.81489     6.93126   -14.60976     0.00114 (mid-point)
    66.91489     3.89910   -10.06256     0.00324   (sampled)
    67.01489     2.73766    -7.40700     0.00748 (mid-point)
    67.11489     2.63010    -4.75144     0.01208   (sampled)
    67.21489     2.56920    -4.58896     0.01691 (mid-point)
    67.31489     2.51102    -4.42649     0.02195   (sampled)
    67.41489     2.46178    -4.26487     0.02721 (mid-point)
    67.51489     2.41613    -4.10325     0.03266   (sampled)
    67.61489     2.37865    -3.93626     0.03829 (mid-point)
    67.71489     2.34903    -3.76927     0.04405   (sampled)
    67.81489     2.31913    -3.53822     0.04997 (mid-point)
    67.91489     2.30509    -3.30718     0.05596   (sampled)
    68.01489     2.29637    -3.14104     0.06200 (mid-point)
    68.11489     2.28497    -2.97491     0.06810   (sampled)
    68.21489     2.26572    -2.80446     0.07430 (mid-point)
    68.31489     2.25450    -2.63402     0.08056   (sampled)
    68.41489     2.25058    -2.46873     0.08684 (mid-point)
    68.51489     2.25202    -2.30345     0.09312   (sampled)
    68.61489     2.25244    -2.13472     0.09939 (mid-point)
    68.71489     2.25980    -1.96600     0.10563   (sampled)
    68.81489     2.26567    -1.84422     0.11183 (mid-point)
    68.91489     2.27280    -1.72244     0.11799   (sampled)
    69.01489     2.27489    -1.59551     0.12414 (mid-point)
    69.11489     2.28189    -1.46858     0.13025   (sampled)
    69.21489     2.29375    -1.33792     0.13630 (mid-point)
    69.31489     2.31070    -1.20725     0.14227   (sampled)
    69.41489     2.33128    -1.07730     0.14812 (mid-point)
    69.51489     2.35240    -0.94736     0.15387   (sampled)
    69.61489     2.34475    -0.81805     0.15966 (mid-point)
    69.71489     2.34051    -0.68875     0.16548   (sampled)
    69.81489     2.32545    -0.57099     0.17136 (mid-point)
    69.91489     2.31310    -0.45322     0.17731   (sampled)
    70.01489     2.30459    -0.33363     0.18330 (mid-point)
    70.11489     2.29951    -0.21404     0.18932   (sampled)
    70.21489     2.26468    -0.10702     0.19553 (mid-point)
    70.31489     2.23237     0.00000     0.20192   (sampled)
    70.41489     2.19566     0.11079     0.20852 (mid-point)
    70.51489     2.16063     0.22158     0.21534   (sampled)
    70.61489     2.12971     0.33154     0.22236 (mid-point)
    70.71489     2.10008     0.44150     0.22957   (sampled)
    70.81489     2.07771     0.55094     0.23695 (mid-point)
    70.91489     2.05573     0.66039     0.24448   (sampled)
    71.01489     2.01681     1.10222     0.25231 (mid-point)
    71.11489     2.04223     1.54404     0.25994   (sampled)
    71.21489     2.05316     1.68176     0.26749 (mid-point)
    71.31489     2.06976     1.81948     0.27492   (sampled)
    71.41489     2.09194     1.96271     0.28219 (mid-point)
    71.51489     2.11975     2.10593     0.28928   (sampled)
    71.61489     2.14922     2.22649     0.29617 (mid-point)
    71.71489     2.18267     2.34705     0.30285   (sampled)
    71.81489     2.20104     2.44807     0.30942 (mid-point)
    71.91489     2.21989     2.54910     0.31588   (sampled)
    72.01489     2.23674     2.65019     0.32224 (mid-point)
    72.11489     2.25664     2.75128     0.32849   (sampled)
    72.21489     2.27872     2.85505     0.33462 (mid-point)
    72.31489     2.30378     2.95882     0.34062   (sampled)
    72.41489     2.33106     3.08680     0.34648 (mid-point)
    72.51489     2.36287     3.21478     0.35218   (sampled)
    72.61489     2.39592     3.32429     0.35772 (mid-point)
    72.71489     2.41887     3.43380     0.36316   (sampled)
    72.81489     2.44331     3.55308     0.36850 (mid-point)
    72.91489     2.47091     3.67237     0.37371   (sampled)
    73.01489     2.50297     3.79034     0.37879 (mid-point)
    73.11489     2.53672     3.90832     0.38374   (sampled)
    73.21489     2.57383     4.02840     0.38854 (mid-point)
    73.31489     2.61351     4.14848     0.39320   (sampled)
    73.41489     2.65593     4.26658     0.39771 (mid-point)
    73.51489     2.70081     4.38468     0.40208   (sampled)
    73.61489     2.74853     4.50020     0.40629 (mid-point)
    73.71489     2.79845     4.61571     0.41036   (sampled)
    73.81489     2.85107     4.73708     0.41427 (mid-point)
    73.91489     2.90568     4.85845     0.41804   (sampled)
    74.01489     2.96365     4.97446     0.42167 (mid-point)
    74.11489     3.02374     5.09046     0.42515   (sampled)
    74.21489     3.08512     5.20814     0.42849 (mid-point)
    74.31489     3.14830     5.32582     0.43170   (sampled)
    74.41489     3.21421     5.44445     0.43478 (mid-point)
    74.51489     3.28160     5.56307     0.43774   (sampled)
    74.61489     3.34879     5.67804     0.44058 (mid-point)
    74.71489     3.41724     5.79300     0.44330   (sampled)
    74.81489     3.25352     7.70459     0.44631 (mid-point)
    74.91489     3.72777     9.61618     0.44860   (sampled)
    75.01489     4.24859    11.07015     0.45037 (mid-point)
    75.11489     5.04202    12.52413     0.45162   (sampled)
    75.21489     8.83955    17.65933     0.45203 (mid-point)
    75.31489    13.41880    22.79454     0.45220   (sampled)

 Minimum radius found:      2.017 angstroms.



 For spherical probe approach, The geometric factor
         F= sum(ds/area) along channel is    0.452 angstroms**-1
 This yields a macroscopic predicted molar conductance of:
   (1/rho)*(100/F)= (220/rho) pS,
   where rho is the conductivity of 1M permeant ion in ohm m.
 N.B. this is a macroscopic conductance - an overestimate 
 Empirically corrected conductances currently only available
 With the CAPSULE option (although its not that stable!)
 For 1M KCl rho= 1/12 (ohm m), So Gmacro= 2700 pS/M.
  (TAG      1   Rmin=     2.01681   Gmacro=  2653.67972 Conn_Gmacro=    -1.00000 ).
 HOLE: normal completion
