 *** Program HOLE ***
 
 If results of this run are reported or published, please
 cite the publication listed below.
 For the HOLE program:
   Smart, O.S., Goodfellow, J.M., Wallace, B.A. (1993). 
   The pore dimensions of gramicidin A. 
   Biophys. J., 65, 2455-2460.
 
 Originally written by Oliver Smart at Birkbeck College from April 1992.
 Copyright 1993-2005 Oliver Smart
 Copyright 2014-2015 SmartSci Limited.
 Copyright 2016 Oliver Smart.
 
 For help on HOLE suite see  http://www.holeprogram.org/
 
 HOLE release 2.2.005 (07 August 2016) 
 
 usage subject to Apache License, Version 2.0 
 see http://www.apache.org/licenses/LICENSE-2.0 

 Control variables read:

! Input file for Oliver Smart's HOLE program
! written by MDAnalysis.analysis.hole2.HoleAnalysis
! for a Universe
! u = mda.Universe(/afs/crc.nd.edu/user/m/mfarshad/Private/ML-new/traj/host-48/h
!    /afs/crc.nd.edu/user/m/mfarshad/Private/ML-new/traj/host-48/host_48.trr
!   )
! Frame 43

COORD  /tmp/2550193.1.long/tmp2pi5on3h.pdb
RADIUS simple2.rad
SPHPDB hole043.sph
SAMPLE 0.200000
ENDRAD 22.000000
IGNORE SOL WAT TIP HOH K   NA  CL
SHORTO 0
RASEED 31415
CPOINT 48.6435499844 49.7341894385 49.4331006612


 WARNING have not found a CVECT record - will try to guess
 Input pdb filename read as:    '/tmp/2550193.1.long/tmp2pi5on3h.pdb'
 Input vdW radius file read as: 'simple2.rad'
 point in channel:   48.644  49.734  49.433
 channel vector:   ************************
 sampling distance between planes:    0.200

 graphics conditions:
 binary plot output file name: NONE
 Dot density:    10
 Draw dots?           T
 Draw close contacts? F
 Draw centre line?    T
 Produce spikes rather than dots? F
 Seed for random number generator:     31415 (0 means value set by program)
 Radius above which a result is regarded as an 'end':  22.000
 Pdb format file for sphere centres: hole043.sph

 Monte Carlo conditions:
  no of steps:  1000
  maximum displacement   0.100 angs
  'kT' initial   0.100 angs
 The spherebox and capsule options are turned off.
 (No molqpt card so will not write qpt file of the molecule)
 IGNORE card read so will ignore residue types: SOL WAT TIP HOH K   NA  CL
 no SHORTO card read so will produce full textual output
 As no PEGRAT card was found will not produce PEG polymer exclusion graph
 (No 2DMAPS card specified so will not produce 2D property maps)
 Have not found a CUT card.  Normal calculation using
   Cutoff lists with a cutsize=       1.000
   (if you wish to turn off option use a CUT -1 card)

 Have read     7 bond radius records and
              16 vdW radius records.
 From file: simple2.rad

 Have read    73 atom records.
 From file: /tmp/2550193.1.long/tmp2pi5on3h.pdb
 Will not produce graphical output

 Have opened file for pdb format output of sphere centres:  hole043.sph

  Seed integer used by ran # generator on this run      31415

 
 S/R cguess will try to guess CPOINT and/or CVECT
 
 THESE GUESSES MAY WELL BE WRONG!!!!
 Routine relies on having a reasonably symmetric
 channel oriented along x, y or z vector
 YOU ARE STRONGLY ADVISED TO CHECK THE RESULTS
                       WITH MOLECULAR GRAPHICS
 testing points from cpoint in X, Y then Z direction
   point                   pore radius
direction     1
  43.644  49.734  49.433    -0.208
  44.644  49.734  49.433    -0.764
  45.644  49.734  49.433    -1.041
  46.644  49.734  49.433    -0.433
  47.644  49.734  49.433     0.492
  48.644  49.734  49.433     1.040
  49.644  49.734  49.433     0.429
  50.644  49.734  49.433    -0.270
  51.644  49.734  49.433    -0.430
  52.644  49.734  49.433    -0.349
  53.644  49.734  49.433    -0.297
 Average pore radius along the line=     -0.166
direction     2
  48.644  44.734  49.433    -0.599
  48.644  45.734  49.433    -1.422
  48.644  46.734  49.433    -0.955
  48.644  47.734  49.433    -0.187
  48.644  48.734  49.433     0.369
  48.644  49.734  49.433     1.040
  48.644  50.734  49.433     0.769
  48.644  51.734  49.433     0.532
  48.644  52.734  49.433     0.328
  48.644  53.734  49.433     0.407
  48.644  54.734  49.433     0.929
 Average pore radius along the line=      0.110
direction     3
  48.644  49.734  44.433     1.419
  48.644  49.734  45.433     1.021
  48.644  49.734  46.433     0.767
  48.644  49.734  47.433     0.629
  48.644  49.734  48.433     0.788
  48.644  49.734  49.433     1.040
  48.644  49.734  50.433     0.987
  48.644  49.734  51.433     0.764
  48.644  49.734  52.433     0.389
  48.644  49.734  53.433     0.258
  48.644  49.734  54.433     0.022
 Average pore radius along the line=      0.735
 Best direction is found to be     3
(1=X,2=Y,3=Z)
 s/r cguess has produced initial values for cpoint &/or cvect:
CPOINT      48.6435     49.7342     49.4331
CVECT        0.0000      0.0000      1.0000
 THESE GUESSES MAY WELL BE WRONG!!!!
 Routine relies on having a reasonably symmetric
 channel oriented along x, y or z vector
 YOU ARE STRONGLY ADVISED TO CHECK THE RESULTS
                       WITH MOLECULAR GRAPHICS
 
 
  Some routines (e.g. conn) need vectors normal to cvect: 
     EAST Zero degrees angle is along vector    1.000   0.000   0.000
     NORTH  90 degrees angle is along vector    0.000  -1.000   0.000
 highest radius point found:
  at point   48.747  49.870  49.433
  closest atom surface    1.206   O4  48  X    1
  2nd closest surface     1.207   C30 48  X    1
  found on step  985
  this is also current point
  no. of rejections          362
 stored as     0

 highest radius point found:
  at point   48.739  50.009  49.633
  closest atom surface    1.275   C30 48  X    1
  2nd closest surface     1.276   O4  48  X    1
  found on step  972
  this is also current point
  no. of rejections          361
 stored as     1

 highest radius point found:
  at point   48.761  50.127  49.833
  closest atom surface    1.360   O4  48  X    1
  2nd closest surface     1.361   C30 48  X    1
  found on step  913
  this is also current point
  no. of rejections          381
 stored as     2

 highest radius point found:
  at point   48.765  50.260  50.033
  closest atom surface    1.462   O4  48  X    1
  2nd closest surface     1.462   O5  48  X    1
  found on step  949
  this is also current point
  no. of rejections          322
 stored as     3

 highest radius point found:
  at point   48.785  50.380  50.233
  closest atom surface    1.575   O4  48  X    1
  2nd closest surface     1.576   C30 48  X    1
  found on step  950
  this is also current point
  no. of rejections          349
 stored as     4

 highest radius point found:
  at point   48.859  50.460  50.433
  closest atom surface    1.693   O4  48  X    1
  2nd closest surface     1.695   O6  48  X    1
  found on step  869
 current point:
  at point   48.859  50.460  50.433
  closest atom surface    1.693   O4  48  X    1
  2nd closest surface     1.695   O6  48  X    1
  found on step  886
  no. of rejections          331
 stored as     5

 highest radius point found:
  at point   48.912  50.626  50.633
  closest atom surface    1.806   O6  48  X    1
  2nd closest surface     1.806   O4  48  X    1
  found on step  947
  this is also current point
  no. of rejections          346
 stored as     6

 highest radius point found:
  at point   53.041  58.360  50.833
  closest atom surface    6.396   C17 48  X    1
  2nd closest surface     6.445   H14 48  X    1
  found on step  998
  this is also current point
  no. of rejections          209
 stored as     7

 highest radius point found:
  at point   57.184  67.654  51.033
  closest atom surface   15.833   H20 48  X    1
  2nd closest surface    15.847   H14 48  X    1
  found on step 1000
  this is also current point
  no. of rejections          244
 stored as     8

 highest radius point found:
  at point   61.366  76.810  51.233
  closest atom surface   25.681   H20 48  X    1
  2nd closest surface    25.699   H14 48  X    1
  found on step  992
  this is also current point
  no. of rejections          275
 This is an end! (radius above  22.0 angs)
 highest radius point found:
  at point   48.729  49.752  49.233
  closest atom surface    1.155   O4  48  X    1
  2nd closest surface     1.156   C30 48  X    1
  found on step  945
  this is also current point
  no. of rejections          395
 stored as    -1

 highest radius point found:
  at point   48.703  49.640  49.033
  closest atom surface    1.123   O4  48  X    1
  2nd closest surface     1.123   C30 48  X    1
  found on step  955
  this is also current point
  no. of rejections          365
 stored as    -2

 highest radius point found:
  at point   48.671  49.528  48.833
  closest atom surface    1.103   O3  48  X    1
  2nd closest surface     1.104   C30 48  X    1
  found on step  981
  this is also current point
  no. of rejections          384
 stored as    -3

 highest radius point found:
  at point   48.682  49.468  48.633
  closest atom surface    1.061   O4  48  X    1
  2nd closest surface     1.063   H35 48  X    1
  found on step  615
 current point:
  at point   48.682  49.464  48.633
  closest atom surface    1.060   H35 48  X    1
  2nd closest surface     1.063   O4  48  X    1
  found on step  966
  no. of rejections          400
 stored as    -4

 highest radius point found:
  at point   48.702  49.409  48.433
  closest atom surface    1.018   O4  48  X    1
  2nd closest surface     1.018   H35 48  X    1
  found on step  738
 current point:
  at point   48.714  49.397  48.433
  closest atom surface    1.017   H35 48  X    1
  2nd closest surface     1.020   O3  48  X    1
  found on step  994
  no. of rejections          397
 stored as    -5

 highest radius point found:
  at point   48.738  49.335  48.233
  closest atom surface    0.994   H35 48  X    1
  2nd closest surface     0.995   O4  48  X    1
  found on step  979
  this is also current point
  no. of rejections          410
 stored as    -6

 highest radius point found:
  at point   48.760  49.270  48.033
  closest atom surface    0.989   H35 48  X    1
  2nd closest surface     0.990   O4  48  X    1
  found on step 1000
  this is also current point
  no. of rejections          392
 stored as    -7

 highest radius point found:
  at point   48.789  49.192  47.833
  closest atom surface    1.004   H35 48  X    1
  2nd closest surface     1.009   O3  48  X    1
  found on step  132
 current point:
  at point   48.779  49.202  47.833
  closest atom surface    1.003   H35 48  X    1
  2nd closest surface     1.006   O4  48  X    1
  found on step  998
  no. of rejections          381
 stored as    -8

 highest radius point found:
  at point   48.758  49.166  47.633
  closest atom surface    1.026   H35 48  X    1
  2nd closest surface     1.026   C16 48  X    1
  found on step  167
 current point:
  at point   48.779  49.134  47.633
  closest atom surface    1.024   H35 48  X    1
  2nd closest surface     1.025   C16 48  X    1
  found on step  961
  no. of rejections          390
 stored as    -9

 highest radius point found:
  at point   48.871  48.872  47.433
  closest atom surface    1.049   H35 48  X    1
  2nd closest surface     1.052   C16 48  X    1
  found on step  979
  this is also current point
  no. of rejections          365
 stored as   -10

 highest radius point found:
  at point   48.925  48.650  47.233
  closest atom surface    1.109   H35 48  X    1
  2nd closest surface     1.114   O3  48  X    1
  found on step  282
 current point:
  at point   49.009  48.308  47.233
  closest atom surface    1.105   H35 48  X    1
  2nd closest surface     1.105   O3  48  X    1
  found on step  963
  no. of rejections          345
 stored as   -11

 highest radius point found:
  at point   49.017  48.234  47.033
  closest atom surface    1.214   H35 48  X    1
  2nd closest surface     1.215   O3  48  X    1
  found on step  977
  this is also current point
  no. of rejections          368
 stored as   -12

 highest radius point found:
  at point   49.019  48.179  46.833
  closest atom surface    1.335   H35 48  X    1
  2nd closest surface     1.335   O3  48  X    1
  found on step  993
  this is also current point
  no. of rejections          324
 stored as   -13

 highest radius point found:
  at point   49.009  48.070  46.633
  closest atom surface    1.455   O2  48  X    1
  2nd closest surface     1.457   H35 48  X    1
  found on step  994
  this is also current point
  no. of rejections          325
 stored as   -14

 highest radius point found:
  at point   48.980  47.956  46.433
  closest atom surface    1.580   C16 48  X    1
  2nd closest surface     1.580   H35 48  X    1
  found on step   38
 current point:
  at point   48.216  45.975  46.433
  closest atom surface    1.542   C6  48  X    1
  2nd closest surface     1.543   O7  48  X    1
  found on step  972
  no. of rejections          197
 stored as   -15

 highest radius point found:
  at point   48.943  47.819  46.233
  closest atom surface    1.714   H35 48  X    1
  2nd closest surface     1.716   O2  48  X    1
  found on step  507
 current point:
  at point   48.940  47.767  46.233
  closest atom surface    1.698   O2  48  X    1
  2nd closest surface     1.717   H35 48  X    1
  found on step  999
  no. of rejections          312
 stored as   -16

 highest radius point found:
  at point   48.896  47.669  46.033
  closest atom surface    1.859   O2  48  X    1
  2nd closest surface     1.859   H35 48  X    1
  found on step  939
  this is also current point
  no. of rejections          272
 stored as   -17

 highest radius point found:
  at point   48.841  47.508  45.833
  closest atom surface    2.016   O2  48  X    1
  2nd closest surface     2.016   H35 48  X    1
  found on step  962
  this is also current point
  no. of rejections          293
 stored as   -18

 highest radius point found:
  at point   49.122  42.470  45.633
  closest atom surface    3.547   C6  48  X    1
  2nd closest surface     3.586   H6  48  X    1
  found on step 1000
  this is also current point
  no. of rejections          196
 stored as   -19

 highest radius point found:
  at point   46.795  32.095  45.433
  closest atom surface   12.785   C6  48  X    1
  2nd closest surface    12.953   H6  48  X    1
  found on step 1000
  this is also current point
  no. of rejections          253
 stored as   -20

 highest radius point found:
  at point   42.261  21.959  45.233
  closest atom surface   23.410   C6  48  X    1
  2nd closest surface    23.592   H6  48  X    1
  found on step 1000
  this is also current point
  no. of rejections          265
 This is an end! (radius above  22.0 angs)
 
 N.b. Graph information routine (HOGRAP) differs 
        markedly from previous versions!
       Information now is written from -ve end
       to +ve in one pass
 
 Explanation of the meaning of each column: 
 First column "cenxyz.cvec" is the coordinate in the
   direction of the channel vector i.e. if the channel
   vector is in z (0 0 1) then it is the z coordinate.
 The second column "radius" is the hole pore radius 
   (as defined in the Biophys J 1993) article).
 The third column "cen_line_D" is the distance 
   measured along the pore centre line - with the 
   first point found set to zero. This was the first
   thing that I used to measure the distance along a pore
   but "cenxyz.cvec" is a much better general measure. 
   However, by comparing changes in this distance to changes in '   "cenxyz.cvec" one can get a measure of how straight a 
   channel is.
 The fourth column "sum{s/(area)}" is useful in conductance
   prediction -
   basically it is the sum of the thickness of each slab
   divided by its area. HOLE uses this measure to estimate
   the macroscopic conductance of a channel.
 If any of this worries you one can see the "raw" results
   of a standard hole run by producing a sphpdb file and 
    directly looking at the results.
 cenxyz.cvec      radius  cen_line_D sum{s/(area point sourc
    45.43310    12.78503   -20.22320     0.00019   (sampled)
    45.53310     7.81359   -14.90608     0.00072 (mid-point)
    45.63310     3.54715    -9.58896     0.00325   (sampled)
    45.73310     2.29589    -7.06415     0.00928 (mid-point)
    45.83310     2.01561    -4.53934     0.01712   (sampled)
    45.93310     1.93564    -4.40804     0.02562 (mid-point)
    46.03310     1.85931    -4.27674     0.03482   (sampled)
    46.13310     1.78485    -4.14933     0.04481 (mid-point)
    46.23310     1.71430    -4.02193     0.05565   (sampled)
    46.33310     1.64506    -3.89941     0.06741 (mid-point)
    46.43310     1.57968    -3.77689     0.08016   (sampled)
    46.53310     1.51622    -3.66082     0.09401 (mid-point)
    46.63310     1.45520    -3.54475     0.10904   (sampled)
    46.73310     1.39395    -3.43076     0.12542 (mid-point)
    46.83310     1.33528    -3.31676     0.14328   (sampled)
    46.93310     1.27330    -3.21313     0.16291 (mid-point)
    47.03310     1.21445    -3.10950     0.18449   (sampled)
    47.13310     1.14963    -2.87407     0.20858 (mid-point)
    47.23310     1.10924    -2.63864     0.23445   (sampled)
    47.33310     1.07383    -2.48681     0.26205 (mid-point)
    47.43310     1.04908    -2.33499     0.29097   (sampled)
    47.53310     1.02880    -2.14852     0.32105 (mid-point)
    47.63310     1.02556    -1.96205     0.35131   (sampled)
    47.73310     1.01239    -1.86003     0.38237 (mid-point)
    47.83310     1.00433    -1.75801     0.41392   (sampled)
    47.93310     0.99385    -1.64955     0.44615 (mid-point)
    48.03310     0.98924    -1.54108     0.47868   (sampled)
    48.13310     0.98899    -1.43542     0.51122 (mid-point)
    48.23310     0.99434    -1.32977     0.54342   (sampled)
    48.33310     1.00314    -1.22160     0.57505 (mid-point)
    48.43310     1.01762    -1.11343     0.60579   (sampled)
    48.53310     1.03731    -1.00874     0.63537 (mid-point)
    48.63310     1.06089    -0.90404     0.66365   (sampled)
    48.73310     1.08213    -0.79944     0.69083 (mid-point)
    48.83310     1.10280    -0.69483     0.71701   (sampled)
    48.93310     1.11110    -0.57912     0.74279 (mid-point)
    49.03310     1.12257    -0.46341     0.76805   (sampled)
    49.13310     1.13671    -0.34829     0.79268 (mid-point)
    49.23310     1.15550    -0.23317     0.81652   (sampled)
    49.33310     1.17850    -0.11658     0.83944 (mid-point)
    49.43310     1.20609    -0.00000     0.86133   (sampled)
    49.53310     1.23880     0.12184     0.88207 (mid-point)
    49.63310     1.27525     0.24369     0.90164   (sampled)
    49.73310     1.31604     0.36026     0.92002 (mid-point)
    49.83310     1.36042     0.47684     0.93722   (sampled)
    49.93310     1.40907     0.59709     0.95325 (mid-point)
    50.03310     1.46160     0.71734     0.96815   (sampled)
    50.13310     1.51680     0.83425     0.98199 (mid-point)
    50.23310     1.57530     0.95115     0.99481   (sampled)
    50.33310     1.63257     1.06505     1.00675 (mid-point)
    50.43310     1.69275     1.17894     1.01786   (sampled)
    50.53310     1.74736     1.31163     1.02829 (mid-point)
    50.63310     1.80593     1.44431     1.03805   (sampled)
    50.73310     2.85225     5.82874     1.04196 (mid-point)
    50.83310     6.39579    10.21316     1.04274   (sampled)
    50.93310    10.98881    15.30223     1.04300 (mid-point)
    51.03310    15.83299    20.39130     1.04313   (sampled)

 Minimum radius found:      0.989 angstroms.



 For spherical probe approach, The geometric factor
         F= sum(ds/area) along channel is    1.043 angstroms**-1
 This yields a macroscopic predicted molar conductance of:
   (1/rho)*(100/F)= (96/rho) pS,
   where rho is the conductivity of 1M permeant ion in ohm m.
 N.B. this is a macroscopic conductance - an overestimate 
 Empirically corrected conductances currently only available
 With the CAPSULE option (although its not that stable!)
 For 1M KCl rho= 1/12 (ohm m), So Gmacro= 1200 pS/M.
  (TAG      1   Rmin=     0.98899   Gmacro=  1150.38368 Conn_Gmacro=    -1.00000 ).
 HOLE: normal completion
