 *** Program HOLE ***
 
 If results of this run are reported or published, please
 cite the publication listed below.
 For the HOLE program:
   Smart, O.S., Goodfellow, J.M., Wallace, B.A. (1993). 
   The pore dimensions of gramicidin A. 
   Biophys. J., 65, 2455-2460.
 
 Originally written by Oliver Smart at Birkbeck College from April 1992.
 Copyright 1993-2005 Oliver Smart
 Copyright 2014-2015 SmartSci Limited.
 Copyright 2016 Oliver Smart.
 
 For help on HOLE suite see  http://www.holeprogram.org/
 
 HOLE release 2.2.005 (07 August 2016) 
 
 usage subject to Apache License, Version 2.0 
 see http://www.apache.org/licenses/LICENSE-2.0 

 Control variables read:

! Input file for Oliver Smart's HOLE program
! written by MDAnalysis.analysis.hole2.HoleAnalysis
! for a Universe
! u = mda.Universe(/afs/crc.nd.edu/user/m/mfarshad/Private/ML-new/traj/host-48/h
!    /afs/crc.nd.edu/user/m/mfarshad/Private/ML-new/traj/host-48/host_48.trr
!   )
! Frame 94

COORD  /tmp/2550193.1.long/tmp09h7h51q.pdb
RADIUS simple2.rad
SPHPDB hole094.sph
SAMPLE 0.200000
ENDRAD 22.000000
IGNORE SOL WAT TIP HOH K   NA  CL
SHORTO 0
RASEED 31415
CPOINT 51.0424477042 48.6267008324 50.4568735933


 WARNING have not found a CVECT record - will try to guess
 Input pdb filename read as:    '/tmp/2550193.1.long/tmp09h7h51q.pdb'
 Input vdW radius file read as: 'simple2.rad'
 point in channel:   51.042  48.627  50.457
 channel vector:   ************************
 sampling distance between planes:    0.200

 graphics conditions:
 binary plot output file name: NONE
 Dot density:    10
 Draw dots?           T
 Draw close contacts? F
 Draw centre line?    T
 Produce spikes rather than dots? F
 Seed for random number generator:     31415 (0 means value set by program)
 Radius above which a result is regarded as an 'end':  22.000
 Pdb format file for sphere centres: hole094.sph

 Monte Carlo conditions:
  no of steps:  1000
  maximum displacement   0.100 angs
  'kT' initial   0.100 angs
 The spherebox and capsule options are turned off.
 (No molqpt card so will not write qpt file of the molecule)
 IGNORE card read so will ignore residue types: SOL WAT TIP HOH K   NA  CL
 no SHORTO card read so will produce full textual output
 As no PEGRAT card was found will not produce PEG polymer exclusion graph
 (No 2DMAPS card specified so will not produce 2D property maps)
 Have not found a CUT card.  Normal calculation using
   Cutoff lists with a cutsize=       1.000
   (if you wish to turn off option use a CUT -1 card)

 Have read     7 bond radius records and
              16 vdW radius records.
 From file: simple2.rad

 Have read    73 atom records.
 From file: /tmp/2550193.1.long/tmp09h7h51q.pdb
 Will not produce graphical output

 Have opened file for pdb format output of sphere centres:  hole094.sph

  Seed integer used by ran # generator on this run      31415

 
 S/R cguess will try to guess CPOINT and/or CVECT
 
 THESE GUESSES MAY WELL BE WRONG!!!!
 Routine relies on having a reasonably symmetric
 channel oriented along x, y or z vector
 YOU ARE STRONGLY ADVISED TO CHECK THE RESULTS
                       WITH MOLECULAR GRAPHICS
 testing points from cpoint in X, Y then Z direction
   point                   pore radius
direction     1
  46.042  48.627  50.457    -0.439
  47.042  48.627  50.457    -0.936
  48.042  48.627  50.457    -0.798
  49.042  48.627  50.457    -0.116
  50.042  48.627  50.457    -0.228
  51.042  48.627  50.457     0.411
  52.042  48.627  50.457     0.555
  53.042  48.627  50.457     0.161
  54.042  48.627  50.457    -0.514
  55.042  48.627  50.457    -0.611
  56.042  48.627  50.457    -0.048
 Average pore radius along the line=     -0.233
direction     2
  51.042  43.627  50.457    -0.473
  51.042  44.627  50.457    -1.265
  51.042  45.627  50.457    -0.962
  51.042  46.627  50.457    -0.522
  51.042  47.627  50.457     0.320
  51.042  48.627  50.457     0.411
  51.042  49.627  50.457     0.089
  51.042  50.627  50.457     0.006
  51.042  51.627  50.457    -0.059
  51.042  52.627  50.457     0.187
  51.042  53.627  50.457     0.723
 Average pore radius along the line=     -0.140
direction     3
  51.042  48.627  45.457     1.935
  51.042  48.627  46.457     1.781
  51.042  48.627  47.457     1.415
  51.042  48.627  48.457     1.206
  51.042  48.627  49.457     1.094
  51.042  48.627  50.457     0.411
  51.042  48.627  51.457    -0.140
  51.042  48.627  52.457    -0.822
  51.042  48.627  53.457    -0.736
  51.042  48.627  54.457     0.078
  51.042  48.627  55.457     1.021
 Average pore radius along the line=      0.658
 Best direction is found to be     3
(1=X,2=Y,3=Z)
 s/r cguess has produced initial values for cpoint &/or cvect:
CPOINT      51.0424     48.6267     50.4569
CVECT        0.0000      0.0000      1.0000
 THESE GUESSES MAY WELL BE WRONG!!!!
 Routine relies on having a reasonably symmetric
 channel oriented along x, y or z vector
 YOU ARE STRONGLY ADVISED TO CHECK THE RESULTS
                       WITH MOLECULAR GRAPHICS
 
 
  Some routines (e.g. conn) need vectors normal to cvect: 
     EAST Zero degrees angle is along vector    1.000   0.000   0.000
     NORTH  90 degrees angle is along vector    0.000  -1.000   0.000
 highest radius point found:
  at point   51.253  48.060  50.457
  closest atom surface    0.794   O7  48  X    1
  2nd closest surface     0.800   O4  48  X    1
  found on step  995
  this is also current point
  no. of rejections          297
 stored as     0

 highest radius point found:
  at point   51.060  47.939  50.657
  closest atom surface    0.636   O7  48  X    1
  2nd closest surface     0.636   H33 48  X    1
  found on step  672
 current point:
  at point   51.061  47.938  50.657
  closest atom surface    0.636   O7  48  X    1
  2nd closest surface     0.637   H33 48  X    1
  found on step  948
  no. of rejections          276
 stored as     1

 highest radius point found:
  at point   50.869  47.818  50.857
  closest atom surface    0.506   O4  48  X    1
  2nd closest surface     0.508   O7  48  X    1
  found on step  162
 current point:
  at point   51.955  48.142  50.857
  closest atom surface    0.416   O7  48  X    1
  2nd closest surface     0.417   C30 48  X    1
  found on step  933
  no. of rejections          287
 stored as     2

 highest radius point found:
  at point   50.710  47.674  51.057
  closest atom surface    0.397   O4  48  X    1
  2nd closest surface     0.409   O7  48  X    1
  found on step   57
 current point:
  at point   52.580  48.269  51.057
  closest atom surface    0.299   O3  48  X    1
  2nd closest surface     0.300   C30 48  X    1
  found on step  936
  no. of rejections          300
 stored as     3

 highest radius point found:
  at point   50.446  47.607  51.257
  closest atom surface    0.380   O4  48  X    1
  2nd closest surface     0.381   H33 48  X    1
  found on step  874
  this is also current point
  no. of rejections          365
 stored as     4

 highest radius point found:
  at point   50.212  47.514  51.457
  closest atom surface    0.396   O4  48  X    1
  2nd closest surface     0.397   H33 48  X    1
  found on step  749
 current point:
  at point   50.212  47.514  51.457
  closest atom surface    0.396   O4  48  X    1
  2nd closest surface     0.398   O7  48  X    1
  found on step  995
  no. of rejections          361
 stored as     5

 highest radius point found:
  at point   49.968  47.434  51.657
  closest atom surface    0.456   C17 48  X    1
  2nd closest surface     0.462   C27 48  X    1
  found on step  979
  this is also current point
  no. of rejections          369
 stored as     6

 highest radius point found:
  at point   49.842  47.408  51.857
  closest atom surface    0.466   C17 48  X    1
  2nd closest surface     0.467   O7  48  X    1
  found on step  945
  this is also current point
  no. of rejections          360
 stored as     7

 highest radius point found:
  at point   49.711  47.375  52.057
  closest atom surface    0.494   C17 48  X    1
  2nd closest surface     0.500   O7  48  X    1
  found on step   82
 current point:
  at point   49.982  47.091  52.057
  closest atom surface    0.402   O7  48  X    1
  2nd closest surface     0.408   C17 48  X    1
  found on step  981
  no. of rejections          348
 stored as     8

 highest radius point found:
  at point   49.580  47.353  52.257
  closest atom surface    0.554   C17 48  X    1
  2nd closest surface     0.555   C27 48  X    1
  found on step  938
  this is also current point
  no. of rejections          347
 stored as     9

 highest radius point found:
  at point   49.453  47.326  52.457
  closest atom surface    0.632   C27 48  X    1
  2nd closest surface     0.633   C17 48  X    1
  found on step  997
  this is also current point
  no. of rejections          355
 stored as    10

 highest radius point found:
  at point   48.755  47.380  52.657
  closest atom surface    0.743   O5  48  X    1
  2nd closest surface     0.749   C17 48  X    1
  found on step   82
 current point:
  at point   49.296  47.302  52.657
  closest atom surface    0.728   C17 48  X    1
  2nd closest surface     0.729   C27 48  X    1
  found on step  987
  no. of rejections          355
 stored as    11

 highest radius point found:
  at point   45.764  45.587  52.857
  closest atom surface    1.873   C18 48  X    1
  2nd closest surface     1.881   H29 48  X    1
  found on step  998
  this is also current point
  no. of rejections          214
 stored as    12

 highest radius point found:
  at point   40.935  35.743  53.057
  closest atom surface   10.935   H20 48  X    1
  2nd closest surface    10.936   H28 48  X    1
  found on step 1000
  this is also current point
  no. of rejections          268
 stored as    13

 highest radius point found:
  at point   35.796  25.106  53.257
  closest atom surface   22.330   H28 48  X    1
  2nd closest surface    22.439   H20 48  X    1
  found on step  999
  this is also current point
  no. of rejections          256
 This is an end! (radius above  22.0 angs)
 highest radius point found:
  at point   51.369  48.256  50.257
  closest atom surface    0.920   H33 48  X    1
  2nd closest surface     0.920   O3  48  X    1
  found on step  983
  this is also current point
  no. of rejections          324
 stored as    -1

 highest radius point found:
  at point   51.469  48.420  50.057
  closest atom surface    1.024   C30 48  X    1
  2nd closest surface     1.025   C27 48  X    1
  found on step  962
  this is also current point
  no. of rejections          337
 stored as    -2

 highest radius point found:
  at point   51.566  48.572  49.857
  closest atom surface    1.148   O3  48  X    1
  2nd closest surface     1.150   C27 48  X    1
  found on step  974
  this is also current point
  no. of rejections          316
 stored as    -3

 highest radius point found:
  at point   51.666  48.850  49.657
  closest atom surface    1.252   C28 48  X    1
  2nd closest surface     1.255   H15 48  X    1
  found on step  993
  this is also current point
  no. of rejections          298
 stored as    -4

 highest radius point found:
  at point   53.024  50.661  49.457
  closest atom surface    1.698   H9  48  X    1
  2nd closest surface     1.698   C3  48  X    1
  found on step  941
  this is also current point
  no. of rejections          333
 stored as    -5

 highest radius point found:
  at point   57.181  51.657  49.257
  closest atom surface    3.063   H4  48  X    1
  2nd closest surface     3.160   C7  48  X    1
  found on step 1000
  this is also current point
  no. of rejections          236
 stored as    -6

 highest radius point found:
  at point   67.524  53.780  49.057
  closest atom surface   11.672   C11 48  X    1
  2nd closest surface    11.794   H2  48  X    1
  found on step 1000
  this is also current point
  no. of rejections          250
 stored as    -7

 highest radius point found:
  at point   75.936  55.898  48.857
  closest atom surface   19.924   H2  48  X    1
  2nd closest surface    19.970   C11 48  X    1
  found on step  998
  this is also current point
  no. of rejections          285
 stored as    -8

 highest radius point found:
  at point   87.161  57.810  48.657
  closest atom surface   31.012   C11 48  X    1
  2nd closest surface    31.119   H12 48  X    1
  found on step 1000
  this is also current point
  no. of rejections          250
 This is an end! (radius above  22.0 angs)
 
 N.b. Graph information routine (HOGRAP) differs 
        markedly from previous versions!
       Information now is written from -ve end
       to +ve in one pass
 
 Explanation of the meaning of each column: 
 First column "cenxyz.cvec" is the coordinate in the
   direction of the channel vector i.e. if the channel
   vector is in z (0 0 1) then it is the z coordinate.
 The second column "radius" is the hole pore radius 
   (as defined in the Biophys J 1993) article).
 The third column "cen_line_D" is the distance 
   measured along the pore centre line - with the 
   first point found set to zero. This was the first
   thing that I used to measure the distance along a pore
   but "cenxyz.cvec" is a much better general measure. 
   However, by comparing changes in this distance to changes in '   "cenxyz.cvec" one can get a measure of how straight a 
   channel is.
 The fourth column "sum{s/(area)}" is useful in conductance
   prediction -
   basically it is the sum of the thickness of each slab
   divided by its area. HOLE uses this measure to estimate
   the macroscopic conductance of a channel.
 If any of this worries you one can see the "raw" results
   of a standard hole run by producing a sphpdb file and 
    directly looking at the results.
 cenxyz.cvec      radius  cen_line_D sum{s/(area point sourc
    48.85688    19.92432   -26.99537     0.00008   (sampled)
    48.95688    15.77537   -22.65661     0.00021 (mid-point)
    49.05688    11.67244   -18.31785     0.00044   (sampled)
    49.15688     7.11394   -13.03790     0.00107 (mid-point)
    49.25688     3.06303    -7.75795     0.00446   (sampled)
    49.35688     2.03632    -5.61832     0.01214 (mid-point)
    49.45688     1.69794    -3.47868     0.02318   (sampled)
    49.55688     1.31818    -2.34264     0.04150 (mid-point)
    49.65688     1.25242    -1.20659     0.06179   (sampled)
    49.75688     1.19917    -1.02801     0.08393 (mid-point)
    49.85688     1.14774    -0.84943     0.10809   (sampled)
    49.95688     1.08445    -0.71497     0.13516 (mid-point)
    50.05688     1.02359    -0.58051     0.16554   (sampled)
    50.15688     0.97013    -0.44169     0.19936 (mid-point)
    50.25688     0.91981    -0.30287     0.23698   (sampled)
    50.35688     0.85748    -0.15144     0.28028 (mid-point)
    50.45688     0.79391    -0.00000     0.33078   (sampled)
    50.55688     0.71128     0.15149     0.39369 (mid-point)
    50.65688     0.63573     0.30298     0.47246   (sampled)
    50.75688     0.56760     0.45407     0.57126 (mid-point)
    50.85688     0.50583     0.60517     0.69566   (sampled)
    50.95688     0.44689     0.75171     0.85504 (mid-point)
    51.05688     0.39677     0.89825     1.05724   (sampled)
    51.15688     0.38127     1.06729     1.27621 (mid-point)
    51.25688     0.37978     1.23633     1.49690   (sampled)
    51.35688     0.37961     1.39721     1.71779 (mid-point)
    51.45688     0.39628     1.55810     1.92048   (sampled)
    51.55688     0.42575     1.72049     2.09609 (mid-point)
    51.65688     0.45626     1.88288     2.24900   (sampled)
    51.75688     0.45808     2.00201     2.40069 (mid-point)
    51.85688     0.46604     2.12114     2.54725   (sampled)
    51.95688     0.47694     2.24177     2.68718 (mid-point)
    52.05688     0.49402     2.36240     2.81761   (sampled)
    52.15688     0.52103     2.48234     2.93486 (mid-point)
    52.25688     0.55373     2.60227     3.03867   (sampled)
    52.35688     0.59052     2.72168     3.12995 (mid-point)
    52.45688     0.63248     2.84109     3.20952   (sampled)
    52.55688     0.66525     3.20482     3.28145 (mid-point)
    52.65688     0.74284     3.56856     3.33913   (sampled)
    52.75688     0.86748     5.31491     3.38143 (mid-point)
    52.85688     1.87307     7.06126     3.39051   (sampled)
    52.95688     5.89057    12.54486     3.39142 (mid-point)
    53.05688    10.93469    18.02846     3.39169   (sampled)

 Minimum radius found:      0.380 angstroms.



 For spherical probe approach, The geometric factor
         F= sum(ds/area) along channel is    3.392 angstroms**-1
 This yields a macroscopic predicted molar conductance of:
   (1/rho)*(100/F)= (29/rho) pS,
   where rho is the conductivity of 1M permeant ion in ohm m.
 N.B. this is a macroscopic conductance - an overestimate 
 Empirically corrected conductances currently only available
 With the CAPSULE option (although its not that stable!)
 For 1M KCl rho= 1/12 (ohm m), So Gmacro= 350 pS/M.
  (TAG      1   Rmin=     0.37961   Gmacro=   353.80588 Conn_Gmacro=    -1.00000 ).
 HOLE: normal completion
