 *** Program HOLE ***
 
 If results of this run are reported or published, please
 cite the publication listed below.
 For the HOLE program:
   Smart, O.S., Goodfellow, J.M., Wallace, B.A. (1993). 
   The pore dimensions of gramicidin A. 
   Biophys. J., 65, 2455-2460.
 
 Originally written by Oliver Smart at Birkbeck College from April 1992.
 Copyright 1993-2005 Oliver Smart
 Copyright 2014-2015 SmartSci Limited.
 Copyright 2016 Oliver Smart.
 
 For help on HOLE suite see  http://www.holeprogram.org/
 
 HOLE release 2.2.005 (07 August 2016) 
 
 usage subject to Apache License, Version 2.0 
 see http://www.apache.org/licenses/LICENSE-2.0 

 Control variables read:

! Input file for Oliver Smart's HOLE program
! written by MDAnalysis.analysis.hole2.HoleAnalysis
! for a Universe
! u = mda.Universe(/afs/crc.nd.edu/user/m/mfarshad/Private/ML-new/traj/host-cyc/
!    /afs/crc.nd.edu/user/m/mfarshad/Private/ML-new/traj/host-cyc/host_cyc.trr
!   )
! Frame 339

COORD  /tmp/2550285.1.long/tmpvdp55etk.pdb
RADIUS simple2.rad
SPHPDB hole339.sph
SAMPLE 0.200000
ENDRAD 22.000000
IGNORE SOL WAT TIP HOH K   NA  CL
SHORTO 0
RASEED 31415
CPOINT 31.0459528384 29.7347627723 30.1198038433


 WARNING have not found a CVECT record - will try to guess
 Input pdb filename read as:    '/tmp/2550285.1.long/tmpvdp55etk.pdb'
 Input vdW radius file read as: 'simple2.rad'
 point in channel:   31.046  29.735  30.120
 channel vector:   ************************
 sampling distance between planes:    0.200

 graphics conditions:
 binary plot output file name: NONE
 Dot density:    10
 Draw dots?           T
 Draw close contacts? F
 Draw centre line?    T
 Produce spikes rather than dots? F
 Seed for random number generator:     31415 (0 means value set by program)
 Radius above which a result is regarded as an 'end':  22.000
 Pdb format file for sphere centres: hole339.sph

 Monte Carlo conditions:
  no of steps:  1000
  maximum displacement   0.100 angs
  'kT' initial   0.100 angs
 The spherebox and capsule options are turned off.
 (No molqpt card so will not write qpt file of the molecule)
 IGNORE card read so will ignore residue types: SOL WAT TIP HOH K   NA  CL
 no SHORTO card read so will produce full textual output
 As no PEGRAT card was found will not produce PEG polymer exclusion graph
 (No 2DMAPS card specified so will not produce 2D property maps)
 Have not found a CUT card.  Normal calculation using
   Cutoff lists with a cutsize=       1.000
   (if you wish to turn off option use a CUT -1 card)

 Have read     7 bond radius records and
              16 vdW radius records.
 From file: simple2.rad

 Have read    46 atom records.
 From file: /tmp/2550285.1.long/tmpvdp55etk.pdb
 Will not produce graphical output

 Have opened file for pdb format output of sphere centres:  hole339.sph

  Seed integer used by ran # generator on this run      31415

 
 S/R cguess will try to guess CPOINT and/or CVECT
 
 THESE GUESSES MAY WELL BE WRONG!!!!
 Routine relies on having a reasonably symmetric
 channel oriented along x, y or z vector
 YOU ARE STRONGLY ADVISED TO CHECK THE RESULTS
                       WITH MOLECULAR GRAPHICS
 testing points from cpoint in X, Y then Z direction
   point                   pore radius
direction     1
  26.046  29.735  30.120    -1.481
  27.046  29.735  30.120    -0.566
  28.046  29.735  30.120    -0.760
  29.046  29.735  30.120    -0.534
  30.046  29.735  30.120    -0.790
  31.046  29.735  30.120    -1.247
  32.046  29.735  30.120    -0.491
  33.046  29.735  30.120    -0.335
  34.046  29.735  30.120    -0.038
  35.046  29.735  30.120    -0.707
  36.046  29.735  30.120    -0.665
 Average pore radius along the line=     -0.692
direction     2
  31.046  24.735  30.120     1.180
  31.046  25.735  30.120     1.142
  31.046  26.735  30.120     0.371
  31.046  27.735  30.120    -0.154
  31.046  28.735  30.120    -0.621
  31.046  29.735  30.120    -1.247
  31.046  30.735  30.120    -1.197
  31.046  31.735  30.120    -0.993
  31.046  32.735  30.120    -1.217
  31.046  33.735  30.120    -0.528
  31.046  34.735  30.120    -0.227
 Average pore radius along the line=     -0.317
direction     3
  31.046  29.735  25.120     2.354
  31.046  29.735  26.120     1.687
  31.046  29.735  27.120     1.215
  31.046  29.735  28.120     0.279
  31.046  29.735  29.120    -0.661
  31.046  29.735  30.120    -1.247
  31.046  29.735  31.120    -1.293
  31.046  29.735  32.120    -0.776
  31.046  29.735  33.120     0.048
  31.046  29.735  34.120     0.997
  31.046  29.735  35.120     1.857
 Average pore radius along the line=      0.405
 Best direction is found to be     3
(1=X,2=Y,3=Z)
 s/r cguess has produced initial values for cpoint &/or cvect:
CPOINT      31.0459     29.7348     30.1198
CVECT        0.0000      0.0000      1.0000
 THESE GUESSES MAY WELL BE WRONG!!!!
 Routine relies on having a reasonably symmetric
 channel oriented along x, y or z vector
 YOU ARE STRONGLY ADVISED TO CHECK THE RESULTS
                       WITH MOLECULAR GRAPHICS
 
 
  Some routines (e.g. conn) need vectors normal to cvect: 
     EAST Zero degrees angle is along vector    1.000   0.000   0.000
     NORTH  90 degrees angle is along vector    0.000  -1.000   0.000
 highest radius point found:
  at point   31.046  29.735  30.120
  closest atom surface   -0.639   N2  U53 X    1
  2nd closest surface    -0.639   C4  U53 X    1
  found on step    1
  this is also current point
  no. of rejections          999
 stored as     0

 highest radius point found:
  at point   32.549  29.821  30.320
  closest atom surface   -0.200   N3  U53 X    1
  2nd closest surface    -0.200   C3  U53 X    1
  found on step  855
  this is also current point
  no. of rejections          368
 stored as     1

 highest radius point found:
  at point   33.868  29.823  30.520
  closest atom surface    0.037   N3  U53 X    1
  2nd closest surface     0.040   O5  U53 X    1
  found on step  768
 current point:
  at point   33.874  29.817  30.520
  closest atom surface    0.034   N3  U53 X    1
  2nd closest surface     0.035   O5  U53 X    1
  found on step  860
  no. of rejections          402
 stored as     2

 highest radius point found:
  at point   33.813  29.802  30.720
  closest atom surface    0.031   C15 U53 X    1
  2nd closest surface     0.031   O1  U53 X    1
  found on step  685
 current point:
  at point   33.809  29.801  30.720
  closest atom surface    0.029   O1  U53 X    1
  2nd closest surface     0.033   C15 U53 X    1
  found on step  935
  no. of rejections          388
 stored as     3

 highest radius point found:
  at point   33.728  29.770  30.920
  closest atom surface    0.038   O1  U53 X    1
  2nd closest surface     0.041   N3  U53 X    1
  found on step  931
  this is also current point
  no. of rejections          401
 stored as     4

 highest radius point found:
  at point   33.674  29.767  31.120
  closest atom surface    0.064   O1  U53 X    1
  2nd closest surface     0.065   C15 U53 X    1
  found on step  969
  this is also current point
  no. of rejections          384
 stored as     5

 highest radius point found:
  at point   33.681  29.822  31.320
  closest atom surface    0.092   C15 U53 X    1
  2nd closest surface     0.094   C12 U53 X    1
  found on step  997
  this is also current point
  no. of rejections          391
 stored as     6

 highest radius point found:
  at point   38.898  34.669  31.520
  closest atom surface    4.060   S1  U53 X    1
  2nd closest surface     4.182   O5  U53 X    1
  found on step  998
  this is also current point
  no. of rejections          254
 stored as     7

 highest radius point found:
  at point   48.260  39.494  31.720
  closest atom surface   14.051   S1  U53 X    1
  2nd closest surface    14.292   O5  U53 X    1
  found on step  998
  this is also current point
  no. of rejections          259
 stored as     8

 highest radius point found:
  at point   55.402  46.621  31.920
  closest atom surface   23.589   S1  U53 X    1
  2nd closest surface    24.317   O5  U53 X    1
  found on step  999
  this is also current point
  no. of rejections          262
 This is an end! (radius above  22.0 angs)
 highest radius point found:
  at point   33.873  29.910  29.920
  closest atom surface    0.109   N3  U53 X    1
  2nd closest surface     0.110   H21 U53 X    1
  found on step  972
  this is also current point
  no. of rejections          371
 stored as    -1

 highest radius point found:
  at point   33.861  29.939  29.720
  closest atom surface    0.168   H21 U53 X    1
  2nd closest surface     0.170   N3  U53 X    1
  found on step  869
  this is also current point
  no. of rejections          394
 stored as    -2

 highest radius point found:
  at point   33.853  29.971  29.520
  closest atom surface    0.252   N3  U53 X    1
  2nd closest surface     0.253   O1  U53 X    1
  found on step  965
  this is also current point
  no. of rejections          404
 stored as    -3

 highest radius point found:
  at point   33.851  30.002  29.320
  closest atom surface    0.354   N3  U53 X    1
  2nd closest surface     0.355   O1  U53 X    1
  found on step  953
  this is also current point
  no. of rejections          356
 stored as    -4

 highest radius point found:
  at point   33.869  30.031  29.120
  closest atom surface    0.472   H21 U53 X    1
  2nd closest surface     0.475   N3  U53 X    1
  found on step  442
 current point:
  at point   34.283  30.810  29.120
  closest atom surface    0.424   H21 U53 X    1
  2nd closest surface     0.425   O1  U53 X    1
  found on step  994
  no. of rejections          358
 stored as    -5

 highest radius point found:
  at point   33.876  30.067  28.920
  closest atom surface    0.609   H21 U53 X    1
  2nd closest surface     0.609   N3  U53 X    1
  found on step  875
  this is also current point
  no. of rejections          325
 stored as    -6

 highest radius point found:
  at point   33.894  30.097  28.720
  closest atom surface    0.752   H21 U53 X    1
  2nd closest surface     0.752   N3  U53 X    1
  found on step  883
  this is also current point
  no. of rejections          298
 stored as    -7

 highest radius point found:
  at point   33.909  30.133  28.520
  closest atom surface    0.906   O1  U53 X    1
  2nd closest surface     0.907   N3  U53 X    1
  found on step  974
  this is also current point
  no. of rejections          295
 stored as    -8

 highest radius point found:
  at point   33.927  30.167  28.320
  closest atom surface    1.066   O1  U53 X    1
  2nd closest surface     1.066   N3  U53 X    1
  found on step  574
 current point:
  at point   33.924  30.166  28.320
  closest atom surface    1.064   N3  U53 X    1
  2nd closest surface     1.065   O1  U53 X    1
  found on step  906
  no. of rejections          311
 stored as    -9

 highest radius point found:
  at point   33.959  30.205  28.120
  closest atom surface    1.233   H21 U53 X    1
  2nd closest surface     1.234   O1  U53 X    1
  found on step  782
 current point:
  at point   33.959  30.207  28.120
  closest atom surface    1.233   H21 U53 X    1
  2nd closest surface     1.233   O1  U53 X    1
  found on step  990
  no. of rejections          339
 stored as   -10

 highest radius point found:
  at point   34.009  30.142  27.920
  closest atom surface    1.353   C13 U53 X    1
  2nd closest surface     1.354   S1  U53 X    1
  found on step  972
  this is also current point
  no. of rejections          341
 stored as   -11

 highest radius point found:
  at point   41.092  31.297  27.720
  closest atom surface    4.920   O5  U53 X    1
  2nd closest surface     5.403   C15 U53 X    1
  found on step  998
  this is also current point
  no. of rejections          201
 stored as   -12

 highest radius point found:
  at point   50.125  32.171  27.520
  closest atom surface   13.518   O5  U53 X    1
  2nd closest surface    13.835   C15 U53 X    1
  found on step 1000
  this is also current point
  no. of rejections          256
 stored as   -13

 highest radius point found:
  at point   60.707  33.350  27.320
  closest atom surface   24.030   O5  U53 X    1
  2nd closest surface    24.243   O4  U53 X    1
  found on step 1000
  this is also current point
  no. of rejections          250
 This is an end! (radius above  22.0 angs)
 
 N.b. Graph information routine (HOGRAP) differs 
        markedly from previous versions!
       Information now is written from -ve end
       to +ve in one pass
 
 Explanation of the meaning of each column: 
 First column "cenxyz.cvec" is the coordinate in the
   direction of the channel vector i.e. if the channel
   vector is in z (0 0 1) then it is the z coordinate.
 The second column "radius" is the hole pore radius 
   (as defined in the Biophys J 1993) article).
 The third column "cen_line_D" is the distance 
   measured along the pore centre line - with the 
   first point found set to zero. This was the first
   thing that I used to measure the distance along a pore
   but "cenxyz.cvec" is a much better general measure. 
   However, by comparing changes in this distance to changes in '   "cenxyz.cvec" one can get a measure of how straight a 
   channel is.
 The fourth column "sum{s/(area)}" is useful in conductance
   prediction -
   basically it is the sum of the thickness of each slab
   divided by its area. HOLE uses this measure to estimate
   the macroscopic conductance of a channel.
 If any of this worries you one can see the "raw" results
   of a standard hole run by producing a sphpdb file and 
    directly looking at the results.
 cenxyz.cvec      radius  cen_line_D sum{s/(area point sourc
    27.51980    13.51821   -21.14131     0.00017   (sampled)
    27.61980     9.12144   -16.60294     0.00056 (mid-point)
    27.71980     4.92014   -12.06457     0.00187   (sampled)
    27.81980     2.13244    -8.47482     0.00887 (mid-point)
    27.91980     1.35312    -4.88506     0.02626   (sampled)
    28.01980     1.29864    -4.77719     0.04513 (mid-point)
    28.11980     1.23307    -4.66932     0.06607   (sampled)
    28.21980     1.14916    -4.56626     0.09017 (mid-point)
    28.31980     1.06569    -4.46321     0.11820   (sampled)
    28.41980     0.98507    -4.36144     0.15100 (mid-point)
    28.51980     0.90597    -4.25968     0.18978   (sampled)
    28.61980     0.82820    -4.15776     0.23619 (mid-point)
    28.71980     0.75163    -4.05585     0.29253   (sampled)
    28.81980     0.67867    -3.95429     0.36164 (mid-point)
    28.91980     0.60881    -3.85273     0.44752   (sampled)
    29.01980     0.53837    -3.75106     0.55734 (mid-point)
    29.11980     0.47159    -3.64938     0.70047   (sampled)
    29.21980     0.41326    -3.54798     0.88686 (mid-point)
    29.31980     0.35414    -3.44658     1.14066   (sampled)
    29.41980     0.30145    -3.34536     1.49093 (mid-point)
    29.51980     0.25250    -3.24413     1.99019   (sampled)
    29.61980     0.20799    -3.14281     2.72599 (mid-point)
    29.71980     0.16823    -3.04149     3.85073   (sampled)
    29.81980     0.13481    -2.94027     5.60220 (mid-point)
    29.91980     0.10945    -2.83905     8.25957   (sampled)
    30.01980    -0.25098    -1.41953     8.76489 (mid-point)
    30.11980    -0.63907    -0.00000     8.84283   (sampled)
    30.21980    -0.72811     0.75923     8.90287 (mid-point)
    30.31980    -0.19972     1.51846     9.70091   (sampled)
    30.41980    -0.22165     2.18574    10.34881 (mid-point)
    30.51980     0.03683     2.85303    33.81044   (sampled)
    30.61980     0.03365     2.95731    61.92475 (mid-point)
    30.71980     0.03065     3.06159    95.80111   (sampled)
    30.81980     0.03093     3.17137   129.06535 (mid-point)
    30.91980     0.03825     3.28115   150.82559   (sampled)
    31.01980     0.04820     3.38471   164.52574 (mid-point)
    31.11980     0.06437     3.48827   172.20891   (sampled)
    31.21980     0.07561     3.59207   177.77707 (mid-point)
    31.31980     0.09212     3.69587   181.52827   (sampled)
    31.41980     0.81546     7.25783   181.57614 (mid-point)
    31.51980     4.06023    10.81979   181.57807   (sampled)
    31.61980     8.92851    16.08669   181.57847 (mid-point)
    31.71980    14.05050    21.35358   181.57863   (sampled)

 Minimum radius found:     -0.728 angstroms.



 For spherical probe approach, The geometric factor
         F= sum(ds/area) along channel is ******** angstroms**-1
 This yields a macroscopic predicted molar conductance of:
   (1/rho)*(100/F)= (1.0e-6/rho) pS,
   where rho is the conductivity of 1M permeant ion in ohm m.
 N.B. this is a macroscopic conductance - an overestimate 
 Empirically corrected conductances currently only available
 With the CAPSULE option (although its not that stable!)
 For 1M KCl rho= 1/12 (ohm m), So Gmacro= 1.2e-5 pS/M.
  (TAG      1   Rmin=    -0.72811   Gmacro=     0.00001 Conn_Gmacro=    -1.00000 ).
 HOLE: normal completion
