 *** Program HOLE ***
 
 If results of this run are reported or published, please
 cite the publication listed below.
 For the HOLE program:
   Smart, O.S., Goodfellow, J.M., Wallace, B.A. (1993). 
   The pore dimensions of gramicidin A. 
   Biophys. J., 65, 2455-2460.
 
 Originally written by Oliver Smart at Birkbeck College from April 1992.
 Copyright 1993-2005 Oliver Smart
 Copyright 2014-2015 SmartSci Limited.
 Copyright 2016 Oliver Smart.
 
 For help on HOLE suite see  http://www.holeprogram.org/
 
 HOLE release 2.2.005 (07 August 2016) 
 
 usage subject to Apache License, Version 2.0 
 see http://www.apache.org/licenses/LICENSE-2.0 

 Control variables read:

! Input file for Oliver Smart's HOLE program
! written by MDAnalysis.analysis.hole2.HoleAnalysis
! for a Universe
! u = mda.Universe(/afs/crc.nd.edu/user/m/mfarshad/Private/ML-new/traj/host-cyc/
!    /afs/crc.nd.edu/user/m/mfarshad/Private/ML-new/traj/host-cyc/host_cyc.trr
!   )
! Frame 469

COORD  /tmp/2550285.1.long/tmppz7lfh7h.pdb
RADIUS simple2.rad
SPHPDB hole469.sph
SAMPLE 0.200000
ENDRAD 22.000000
IGNORE SOL WAT TIP HOH K   NA  CL
SHORTO 0
RASEED 31415
CPOINT 30.7220500448 29.6227914561 29.9589058005


 WARNING have not found a CVECT record - will try to guess
 Input pdb filename read as:    '/tmp/2550285.1.long/tmppz7lfh7h.pdb'
 Input vdW radius file read as: 'simple2.rad'
 point in channel:   30.722  29.623  29.959
 channel vector:   ************************
 sampling distance between planes:    0.200

 graphics conditions:
 binary plot output file name: NONE
 Dot density:    10
 Draw dots?           T
 Draw close contacts? F
 Draw centre line?    T
 Produce spikes rather than dots? F
 Seed for random number generator:     31415 (0 means value set by program)
 Radius above which a result is regarded as an 'end':  22.000
 Pdb format file for sphere centres: hole469.sph

 Monte Carlo conditions:
  no of steps:  1000
  maximum displacement   0.100 angs
  'kT' initial   0.100 angs
 The spherebox and capsule options are turned off.
 (No molqpt card so will not write qpt file of the molecule)
 IGNORE card read so will ignore residue types: SOL WAT TIP HOH K   NA  CL
 no SHORTO card read so will produce full textual output
 As no PEGRAT card was found will not produce PEG polymer exclusion graph
 (No 2DMAPS card specified so will not produce 2D property maps)
 Have not found a CUT card.  Normal calculation using
   Cutoff lists with a cutsize=       1.000
   (if you wish to turn off option use a CUT -1 card)

 Have read     7 bond radius records and
              16 vdW radius records.
 From file: simple2.rad

 Have read    46 atom records.
 From file: /tmp/2550285.1.long/tmppz7lfh7h.pdb
 Will not produce graphical output

 Have opened file for pdb format output of sphere centres:  hole469.sph

  Seed integer used by ran # generator on this run      31415

 
 S/R cguess will try to guess CPOINT and/or CVECT
 
 THESE GUESSES MAY WELL BE WRONG!!!!
 Routine relies on having a reasonably symmetric
 channel oriented along x, y or z vector
 YOU ARE STRONGLY ADVISED TO CHECK THE RESULTS
                       WITH MOLECULAR GRAPHICS
 testing points from cpoint in X, Y then Z direction
   point                   pore radius
direction     1
  25.722  29.623  29.959    -1.407
  26.722  29.623  29.959    -0.746
  27.722  29.623  29.959    -0.662
  28.722  29.623  29.959    -0.632
  29.722  29.623  29.959    -0.806
  30.722  29.623  29.959    -1.293
  31.722  29.623  29.959    -0.514
  32.722  29.623  29.959    -0.248
  33.722  29.623  29.959    -0.108
  34.722  29.623  29.959    -0.425
  35.722  29.623  29.959    -0.153
 Average pore radius along the line=     -0.636
direction     2
  30.722  24.623  29.959     1.314
  30.722  25.623  29.959     0.828
  30.722  26.623  29.959     0.030
  30.722  27.623  29.959    -0.473
  30.722  28.623  29.959    -0.695
  30.722  29.623  29.959    -1.293
  30.722  30.623  29.959    -1.156
  30.722  31.623  29.959    -1.155
  30.722  32.623  29.959    -1.460
  30.722  33.623  29.959    -0.878
  30.722  34.623  29.959    -0.507
 Average pore radius along the line=     -0.495
direction     3
  30.722  29.623  24.959     2.661
  30.722  29.623  25.959     2.020
  30.722  29.623  26.959     1.281
  30.722  29.623  27.959     0.298
  30.722  29.623  28.959    -0.654
  30.722  29.623  29.959    -1.293
  30.722  29.623  30.959    -1.237
  30.722  29.623  31.959    -0.738
  30.722  29.623  32.959     0.072
  30.722  29.623  33.959     0.850
  30.722  29.623  34.959     1.528
 Average pore radius along the line=      0.435
 Best direction is found to be     3
(1=X,2=Y,3=Z)
 s/r cguess has produced initial values for cpoint &/or cvect:
CPOINT      30.7221     29.6228     29.9589
CVECT        0.0000      0.0000      1.0000
 THESE GUESSES MAY WELL BE WRONG!!!!
 Routine relies on having a reasonably symmetric
 channel oriented along x, y or z vector
 YOU ARE STRONGLY ADVISED TO CHECK THE RESULTS
                       WITH MOLECULAR GRAPHICS
 
 
  Some routines (e.g. conn) need vectors normal to cvect: 
     EAST Zero degrees angle is along vector    1.000   0.000   0.000
     NORTH  90 degrees angle is along vector    0.000  -1.000   0.000
 highest radius point found:
  at point   30.722  29.623  29.959
  closest atom surface   -0.620   N2  U53 X    1
  2nd closest surface    -0.620   C4  U53 X    1
  found on step    1
  this is also current point
  no. of rejections          999
 stored as     0

 highest radius point found:
  at point   32.175  29.723  30.159
  closest atom surface   -0.093   N2  U53 X    1
  2nd closest surface    -0.092   O1  U53 X    1
  found on step  998
  this is also current point
  no. of rejections          368
 stored as     1

 highest radius point found:
  at point   33.160  29.788  30.359
  closest atom surface   -0.041   N3  U53 X    1
  2nd closest surface    -0.041   O1  U53 X    1
  found on step  993
  this is also current point
  no. of rejections          398
 stored as     2

 highest radius point found:
  at point   33.137  29.763  30.559
  closest atom surface   -0.047   N3  U53 X    1
  2nd closest surface    -0.046   H21 U53 X    1
  found on step  930
  this is also current point
  no. of rejections          404
 stored as     3

 highest radius point found:
  at point   33.121  29.742  30.759
  closest atom surface   -0.026   H21 U53 X    1
  2nd closest surface    -0.026   O1  U53 X    1
  found on step  798
 current point:
  at point   33.116  29.740  30.759
  closest atom surface   -0.026   O1  U53 X    1
  2nd closest surface    -0.025   N3  U53 X    1
  found on step  993
  no. of rejections          423
 stored as     4

 highest radius point found:
  at point   33.127  29.750  30.959
  closest atom surface    0.001   C12 U53 X    1
  2nd closest surface     0.003   O1  U53 X    1
  found on step  981
  this is also current point
  no. of rejections          405
 stored as     5

 highest radius point found:
  at point   33.166  29.798  31.159
  closest atom surface    0.031   C12 U53 X    1
  2nd closest surface     0.032   H21 U53 X    1
  found on step  696
 current point:
  at point   33.164  29.798  31.159
  closest atom surface    0.029   C12 U53 X    1
  2nd closest surface     0.033   O1  U53 X    1
  found on step  979
  no. of rejections          409
 stored as     6

 highest radius point found:
  at point   33.154  29.860  31.359
  closest atom surface    0.057   O1  U53 X    1
  2nd closest surface     0.059   C12 U53 X    1
  found on step  903
  this is also current point
  no. of rejections          391
 stored as     7

 highest radius point found:
  at point   39.368  34.343  31.559
  closest atom surface    4.737   O5  U53 X    1
  2nd closest surface     4.770   S1  U53 X    1
  found on step  998
  this is also current point
  no. of rejections          280
 stored as     8

 highest radius point found:
  at point   49.179  38.002  31.759
  closest atom surface   14.749   O4  U53 X    1
  2nd closest surface    14.782   S1  U53 X    1
  found on step  997
  this is also current point
  no. of rejections          256
 stored as     9

 highest radius point found:
  at point   59.400  43.040  31.959
  closest atom surface   25.965   S1  U53 X    1
  2nd closest surface    26.028   O4  U53 X    1
  found on step 1000
  this is also current point
  no. of rejections          245
 This is an end! (radius above  22.0 angs)
 highest radius point found:
  at point   30.722  29.623  29.759
  closest atom surface    0.473   N2  U53 X    1
  2nd closest surface    -0.442   C4  U53 X    1
  found on step    1
  this is also current point
  no. of rejections          999
 stored as    -1

 highest radius point found:
  at point   30.252  24.749  29.559
  closest atom surface    1.574   S2  U53 X    1
  2nd closest surface     1.582   C5  U53 X    1
  found on step  998
  this is also current point
  no. of rejections          282
 stored as    -2

 highest radius point found:
  at point   24.420  16.075  29.359
  closest atom surface   11.105   S2  U53 X    1
  2nd closest surface    11.136   C5  U53 X    1
  found on step  999
  this is also current point
  no. of rejections          261
 stored as    -3

 highest radius point found:
  at point   18.622   7.001  29.159
  closest atom surface   21.723   S2  U53 X    1
  2nd closest surface    21.775   C6  U53 X    1
  found on step  998
  this is also current point
  no. of rejections          277
 stored as    -4

 highest radius point found:
  at point   14.092  -3.380  28.959
  closest atom surface   32.758   S2  U53 X    1
  2nd closest surface    33.099   C6  U53 X    1
  found on step 1000
  this is also current point
  no. of rejections          258
 This is an end! (radius above  22.0 angs)
 
 N.b. Graph information routine (HOGRAP) differs 
        markedly from previous versions!
       Information now is written from -ve end
       to +ve in one pass
 
 Explanation of the meaning of each column: 
 First column "cenxyz.cvec" is the coordinate in the
   direction of the channel vector i.e. if the channel
   vector is in z (0 0 1) then it is the z coordinate.
 The second column "radius" is the hole pore radius 
   (as defined in the Biophys J 1993) article).
 The third column "cen_line_D" is the distance 
   measured along the pore centre line - with the 
   first point found set to zero. This was the first
   thing that I used to measure the distance along a pore
   but "cenxyz.cvec" is a much better general measure. 
   However, by comparing changes in this distance to changes in '   "cenxyz.cvec" one can get a measure of how straight a 
   channel is.
 The fourth column "sum{s/(area)}" is useful in conductance
   prediction -
   basically it is the sum of the thickness of each slab
   divided by its area. HOLE uses this measure to estimate
   the macroscopic conductance of a channel.
 If any of this worries you one can see the "raw" results
   of a standard hole run by producing a sphpdb file and 
    directly looking at the results.
 cenxyz.cvec      radius  cen_line_D sum{s/(area point sourc
    29.15890    21.72327   -26.32468     0.00007   (sampled)
    29.25890    16.39191   -20.93958     0.00019 (mid-point)
    29.35890    11.10459   -15.55448     0.00044   (sampled)
    29.45890     6.05820   -10.32773     0.00131 (mid-point)
    29.55890     1.57446    -5.10099     0.01415   (sampled)
    29.65890    -0.36092    -2.65049     0.25851 (mid-point)
    29.75890     0.47294    -0.20000     0.40082   (sampled)
    29.85890    -1.28321    -0.10000     0.42015 (mid-point)
    29.95890    -0.61970     0.00000     0.50304   (sampled)
    30.05890    -0.78177     0.73479     0.55512 (mid-point)
    30.15890    -0.09286     1.46958     4.24615   (sampled)
    30.25890    -0.14847     1.97352     5.69015 (mid-point)
    30.35890    -0.04122     2.47747    24.42245   (sampled)
    30.45890    -0.04694     2.57890    38.87185 (mid-point)
    30.55890    -0.04662     2.68032    53.51875   (sampled)
    30.65890    -0.04152     2.78120    71.98641 (mid-point)
    30.75890    -0.02632     2.88209   117.93734   (sampled)
    30.85890    -0.01669     2.98222   232.17453 (mid-point)
    30.95890     0.00135     3.08235 17818.25020   (sampled)
    31.05890     0.01200     3.18705 18039.46051 (mid-point)
    31.15890     0.03059     3.29174 18073.47397   (sampled)
    31.25890     0.04177     3.39661 18091.71976 (mid-point)
    31.35890     0.05729     3.50148 18101.41826   (sampled)
    31.45890     1.02849     7.33389 18101.44835 (mid-point)
    31.55890     4.73744    11.16630 18101.44977   (sampled)
    31.65890     9.67483    16.40305 18101.45011 (mid-point)
    31.75890    14.74890    21.63980 18101.45026   (sampled)

 Minimum radius found:     -1.283 angstroms.



 For spherical probe approach, The geometric factor
         F= sum(ds/area) along channel is ******** angstroms**-1
 This yields a macroscopic predicted molar conductance of:
   (1/rho)*(100/F)= (1.0e-6/rho) pS,
   where rho is the conductivity of 1M permeant ion in ohm m.
 N.B. this is a macroscopic conductance - an overestimate 
 Empirically corrected conductances currently only available
 With the CAPSULE option (although its not that stable!)
 For 1M KCl rho= 1/12 (ohm m), So Gmacro= 1.2e-5 pS/M.
  (TAG      1   Rmin=    -1.28321   Gmacro=     0.00001 Conn_Gmacro=    -1.00000 ).
 HOLE: normal completion
