 *** Program HOLE ***
 
 If results of this run are reported or published, please
 cite the publication listed below.
 For the HOLE program:
   Smart, O.S., Goodfellow, J.M., Wallace, B.A. (1993). 
   The pore dimensions of gramicidin A. 
   Biophys. J., 65, 2455-2460.
 
 Originally written by Oliver Smart at Birkbeck College from April 1992.
 Copyright 1993-2005 Oliver Smart
 Copyright 2014-2015 SmartSci Limited.
 Copyright 2016 Oliver Smart.
 
 For help on HOLE suite see  http://www.holeprogram.org/
 
 HOLE release 2.2.005 (07 August 2016) 
 
 usage subject to Apache License, Version 2.0 
 see http://www.apache.org/licenses/LICENSE-2.0 

 Control variables read:

! Input file for Oliver Smart's HOLE program
! written by MDAnalysis.analysis.hole2.HoleAnalysis
! for a Universe
! u = mda.Universe(/afs/crc.nd.edu/user/m/mfarshad/Private/ML-new/traj/host-cyc/
!    /afs/crc.nd.edu/user/m/mfarshad/Private/ML-new/traj/host-cyc/host_cyc.trr
!   )
! Frame 71

COORD  /tmp/2550285.1.long/tmpi98mg15e.pdb
RADIUS simple2.rad
SPHPDB hole071.sph
SAMPLE 0.200000
ENDRAD 22.000000
IGNORE SOL WAT TIP HOH K   NA  CL
SHORTO 0
RASEED 31415
CPOINT 30.7575311661 29.4518418519 30.0984115601


 WARNING have not found a CVECT record - will try to guess
 Input pdb filename read as:    '/tmp/2550285.1.long/tmpi98mg15e.pdb'
 Input vdW radius file read as: 'simple2.rad'
 point in channel:   30.758  29.452  30.098
 channel vector:   ************************
 sampling distance between planes:    0.200

 graphics conditions:
 binary plot output file name: NONE
 Dot density:    10
 Draw dots?           T
 Draw close contacts? F
 Draw centre line?    T
 Produce spikes rather than dots? F
 Seed for random number generator:     31415 (0 means value set by program)
 Radius above which a result is regarded as an 'end':  22.000
 Pdb format file for sphere centres: hole071.sph

 Monte Carlo conditions:
  no of steps:  1000
  maximum displacement   0.100 angs
  'kT' initial   0.100 angs
 The spherebox and capsule options are turned off.
 (No molqpt card so will not write qpt file of the molecule)
 IGNORE card read so will ignore residue types: SOL WAT TIP HOH K   NA  CL
 no SHORTO card read so will produce full textual output
 As no PEGRAT card was found will not produce PEG polymer exclusion graph
 (No 2DMAPS card specified so will not produce 2D property maps)
 Have not found a CUT card.  Normal calculation using
   Cutoff lists with a cutsize=       1.000
   (if you wish to turn off option use a CUT -1 card)

 Have read     7 bond radius records and
              16 vdW radius records.
 From file: simple2.rad

 Have read    46 atom records.
 From file: /tmp/2550285.1.long/tmpi98mg15e.pdb
 Will not produce graphical output

 Have opened file for pdb format output of sphere centres:  hole071.sph

  Seed integer used by ran # generator on this run      31415

 
 S/R cguess will try to guess CPOINT and/or CVECT
 
 THESE GUESSES MAY WELL BE WRONG!!!!
 Routine relies on having a reasonably symmetric
 channel oriented along x, y or z vector
 YOU ARE STRONGLY ADVISED TO CHECK THE RESULTS
                       WITH MOLECULAR GRAPHICS
 testing points from cpoint in X, Y then Z direction
   point                   pore radius
direction     1
  25.758  29.452  30.098    -1.232
  26.758  29.452  30.098    -0.712
  27.758  29.452  30.098    -0.616
  28.758  29.452  30.098    -0.563
  29.758  29.452  30.098    -0.780
  30.758  29.452  30.098    -1.196
  31.758  29.452  30.098    -0.456
  32.758  29.452  30.098    -0.418
  33.758  29.452  30.098    -0.129
  34.758  29.452  30.098    -0.332
  35.758  29.452  30.098    -0.159
 Average pore radius along the line=     -0.599
direction     2
  30.758  24.452  30.098     1.138
  30.758  25.452  30.098     0.814
  30.758  26.452  30.098     0.045
  30.758  27.452  30.098    -0.357
  30.758  28.452  30.098    -0.753
  30.758  29.452  30.098    -1.196
  30.758  30.452  30.098    -1.239
  30.758  31.452  30.098    -1.116
  30.758  32.452  30.098    -1.595
  30.758  33.452  30.098    -0.910
  30.758  34.452  30.098    -0.616
 Average pore radius along the line=     -0.526
direction     3
  30.758  29.452  25.098     2.849
  30.758  29.452  26.098     2.166
  30.758  29.452  27.098     1.302
  30.758  29.452  28.098     0.327
  30.758  29.452  29.098    -0.605
  30.758  29.452  30.098    -1.196
  30.758  29.452  31.098    -1.296
  30.758  29.452  32.098    -0.698
  30.758  29.452  33.098     0.090
  30.758  29.452  34.098     1.069
  30.758  29.452  35.098     2.061
 Average pore radius along the line=      0.552
 Best direction is found to be     3
(1=X,2=Y,3=Z)
 s/r cguess has produced initial values for cpoint &/or cvect:
CPOINT      30.7575     29.4518     30.0984
CVECT        0.0000      0.0000      1.0000
 THESE GUESSES MAY WELL BE WRONG!!!!
 Routine relies on having a reasonably symmetric
 channel oriented along x, y or z vector
 YOU ARE STRONGLY ADVISED TO CHECK THE RESULTS
                       WITH MOLECULAR GRAPHICS
 
 
  Some routines (e.g. conn) need vectors normal to cvect: 
     EAST Zero degrees angle is along vector    1.000   0.000   0.000
     NORTH  90 degrees angle is along vector    0.000  -1.000   0.000
 highest radius point found:
  at point   32.239  29.619  30.098
  closest atom surface   -0.141   C3  U53 X    1
  2nd closest surface    -0.141   N3  U53 X    1
  found on step  985
  this is also current point
  no. of rejections          373
 stored as     0

 highest radius point found:
  at point   32.159  29.616  30.298
  closest atom surface   -0.187   C12 U53 X    1
  2nd closest surface    -0.184   C3  U53 X    1
  found on step  774
 current point:
  at point   32.350  29.588  30.298
  closest atom surface   -0.191   O1  U53 X    1
  2nd closest surface    -0.188   C12 U53 X    1
  found on step  938
  no. of rejections          392
 stored as     1

 highest radius point found:
  at point   33.369  29.657  30.498
  closest atom surface   -0.062   N3  U53 X    1
  2nd closest surface    -0.061   H21 U53 X    1
  found on step  809
 current point:
  at point   33.371  29.658  30.498
  closest atom surface   -0.063   H21 U53 X    1
  2nd closest surface    -0.060   N3  U53 X    1
  found on step  979
  no. of rejections          373
 stored as     2

 highest radius point found:
  at point   33.322  29.610  30.698
  closest atom surface   -0.052   O1  U53 X    1
  2nd closest surface    -0.052   N3  U53 X    1
  found on step  935
  this is also current point
  no. of rejections          391
 stored as     3

 highest radius point found:
  at point   33.295  29.560  30.898
  closest atom surface   -0.015   N3  U53 X    1
  2nd closest surface    -0.014   H21 U53 X    1
  found on step  967
  this is also current point
  no. of rejections          423
 stored as     4

 highest radius point found:
  at point   33.298  29.589  31.098
  closest atom surface    0.004   H21 U53 X    1
  2nd closest surface     0.005   C12 U53 X    1
  found on step  994
  this is also current point
  no. of rejections          406
 stored as     5

 highest radius point found:
  at point   33.285  29.635  31.298
  closest atom surface    0.030   O5  U53 X    1
  2nd closest surface     0.030   C12 U53 X    1
  found on step  988
  this is also current point
  no. of rejections          365
 stored as     6

 highest radius point found:
  at point   33.250  29.680  31.498
  closest atom surface    0.065   C12 U53 X    1
  2nd closest surface     0.066   O5  U53 X    1
  found on step  843
 current point:
  at point   33.249  29.679  31.498
  closest atom surface    0.063   C12 U53 X    1
  2nd closest surface     0.067   O5  U53 X    1
  found on step  995
  no. of rejections          384
 stored as     7

 highest radius point found:
  at point   39.618  34.445  31.698
  closest atom surface    4.990   S1  U53 X    1
  2nd closest surface     4.991   O5  U53 X    1
  found on step 1000
  this is also current point
  no. of rejections          258
 stored as     8

 highest radius point found:
  at point   47.334  40.583  31.898
  closest atom surface   14.013   S1  U53 X    1
  2nd closest surface    14.823   O5  U53 X    1
  found on step 1000
  this is also current point
  no. of rejections          251
 stored as     9

 highest radius point found:
  at point   56.147  46.736  32.098
  closest atom surface   24.606   S1  U53 X    1
  2nd closest surface    25.532   O5  U53 X    1
  found on step  999
  this is also current point
  no. of rejections          236
 This is an end! (radius above  22.0 angs)
 highest radius point found:
  at point   32.239  29.619  29.898
  closest atom surface    0.065   N3  U53 X    1
  2nd closest surface    -0.112   C3  U53 X    1
  found on step    1
 current point:
  at point   32.322  29.672  29.898
  closest atom surface   -0.113   O1  U53 X    1
  2nd closest surface    -0.113   N3  U53 X    1
  found on step  949
  no. of rejections          383
 stored as    -1

 highest radius point found:
  at point   33.135  29.809  29.698
  closest atom surface   -0.006   O1  U53 X    1
  2nd closest surface    -0.002   N3  U53 X    1
  found on step  236
 current point:
  at point   32.474  29.732  29.698
  closest atom surface   -0.066   N3  U53 X    1
  2nd closest surface    -0.065   O1  U53 X    1
  found on step  996
  no. of rejections          380
 stored as    -2

 highest radius point found:
  at point   38.842  32.791  29.498
  closest atom surface    3.641   O5  U53 X    1
  2nd closest surface     3.658   S1  U53 X    1
  found on step 1000
  this is also current point
  no. of rejections          220
 stored as    -3

 highest radius point found:
  at point   49.366  36.496  29.298
  closest atom surface   14.330   O4  U53 X    1
  2nd closest surface    14.377   S1  U53 X    1
  found on step 1000
  this is also current point
  no. of rejections          283
 stored as    -4

 highest radius point found:
  at point   59.309  39.479  29.098
  closest atom surface   24.407   O4  U53 X    1
  2nd closest surface    24.679   O5  U53 X    1
  found on step  998
  this is also current point
  no. of rejections          269
 This is an end! (radius above  22.0 angs)
 
 N.b. Graph information routine (HOGRAP) differs 
        markedly from previous versions!
       Information now is written from -ve end
       to +ve in one pass
 
 Explanation of the meaning of each column: 
 First column "cenxyz.cvec" is the coordinate in the
   direction of the channel vector i.e. if the channel
   vector is in z (0 0 1) then it is the z coordinate.
 The second column "radius" is the hole pore radius 
   (as defined in the Biophys J 1993) article).
 The third column "cen_line_D" is the distance 
   measured along the pore centre line - with the 
   first point found set to zero. This was the first
   thing that I used to measure the distance along a pore
   but "cenxyz.cvec" is a much better general measure. 
   However, by comparing changes in this distance to changes in '   "cenxyz.cvec" one can get a measure of how straight a 
   channel is.
 The fourth column "sum{s/(area)}" is useful in conductance
   prediction -
   basically it is the sum of the thickness of each slab
   divided by its area. HOLE uses this measure to estimate
   the macroscopic conductance of a channel.
 If any of this worries you one can see the "raw" results
   of a standard hole run by producing a sphpdb file and 
    directly looking at the results.
 cenxyz.cvec      radius  cen_line_D sum{s/(area point sourc
    29.29841    14.33002   -18.73858     0.00016   (sampled)
    29.39841     8.90774   -13.15927     0.00056 (mid-point)
    29.49841     3.64146    -7.57996     0.00296   (sampled)
    29.59841     0.93802    -4.35900     0.03913 (mid-point)
    29.69841    -0.00628    -1.13805   806.90119   (sampled)
    29.79841    -0.09964    -0.66902   810.10726 (mid-point)
    29.89841     0.06504    -0.20000   817.63292   (sampled)
    29.99841    -0.14096    -0.10000   819.23497 (mid-point)
    30.09841    -0.14071     0.00000   820.84260   (sampled)
    30.19841    -0.16556     0.10774   822.00391 (mid-point)
    30.29841    -0.18747     0.21547   822.90964   (sampled)
    30.39841    -0.24829     0.82940   823.42597 (mid-point)
    30.49841    -0.06164     1.44332   831.80232   (sampled)
    30.59841    -0.06214     1.54865   840.04442 (mid-point)
    30.69841    -0.05222     1.65398   851.71840   (sampled)
    30.79841    -0.03844     1.75803   873.26174 (mid-point)
    30.89841    -0.01455     1.86207  1023.62418   (sampled)
    30.99841    -0.00995     1.96319  1345.16561 (mid-point)
    31.09841     0.00450     2.06431  2917.39936   (sampled)
    31.19841     0.01477     2.16705  3063.22979 (mid-point)
    31.29841     0.03018     2.26979  3098.17788   (sampled)
    31.39841     0.04471     2.37382  3114.09923 (mid-point)
    31.49841     0.06460     2.47785  3121.72685   (sampled)
    31.59841     1.12541     6.45585  3121.75199 (mid-point)
    31.69841     4.99039    10.43384  3121.75326   (sampled)
    31.79841     9.32825    15.36466  3121.75363 (mid-point)
    31.89841    14.01308    20.29549  3121.75379   (sampled)

 Minimum radius found:     -0.248 angstroms.



 For spherical probe approach, The geometric factor
         F= sum(ds/area) along channel is ******** angstroms**-1
 This yields a macroscopic predicted molar conductance of:
   (1/rho)*(100/F)= (1.0e-6/rho) pS,
   where rho is the conductivity of 1M permeant ion in ohm m.
 N.B. this is a macroscopic conductance - an overestimate 
 Empirically corrected conductances currently only available
 With the CAPSULE option (although its not that stable!)
 For 1M KCl rho= 1/12 (ohm m), So Gmacro= 1.2e-5 pS/M.
  (TAG      1   Rmin=    -0.24829   Gmacro=     0.00001 Conn_Gmacro=    -1.00000 ).
 HOLE: normal completion
