 *** Program HOLE ***
 
 If results of this run are reported or published, please
 cite the publication listed below.
 For the HOLE program:
   Smart, O.S., Goodfellow, J.M., Wallace, B.A. (1993). 
   The pore dimensions of gramicidin A. 
   Biophys. J., 65, 2455-2460.
 
 Originally written by Oliver Smart at Birkbeck College from April 1992.
 Copyright 1993-2005 Oliver Smart
 Copyright 2014-2015 SmartSci Limited.
 Copyright 2016 Oliver Smart.
 
 For help on HOLE suite see  http://www.holeprogram.org/
 
 HOLE release 2.2.005 (07 August 2016) 
 
 usage subject to Apache License, Version 2.0 
 see http://www.apache.org/licenses/LICENSE-2.0 

 Control variables read:

! Input file for Oliver Smart's HOLE program
! written by MDAnalysis.analysis.hole2.HoleAnalysis
! for a Universe
! u = mda.Universe(/afs/crc.nd.edu/user/m/mfarshad/Private/ML-new/traj/host-cyc/
!    /afs/crc.nd.edu/user/m/mfarshad/Private/ML-new/traj/host-cyc/host_cyc.trr
!   )
! Frame 232

COORD  /tmp/2550285.1.long/tmpoox0r4ub.pdb
RADIUS simple2.rad
SPHPDB hole232.sph
SAMPLE 0.200000
ENDRAD 22.000000
IGNORE SOL WAT TIP HOH K   NA  CL
SHORTO 0
RASEED 31415
CPOINT 30.7254646550 29.4834351332 30.1009894661


 WARNING have not found a CVECT record - will try to guess
 Input pdb filename read as:    '/tmp/2550285.1.long/tmpoox0r4ub.pdb'
 Input vdW radius file read as: 'simple2.rad'
 point in channel:   30.725  29.483  30.101
 channel vector:   ************************
 sampling distance between planes:    0.200

 graphics conditions:
 binary plot output file name: NONE
 Dot density:    10
 Draw dots?           T
 Draw close contacts? F
 Draw centre line?    T
 Produce spikes rather than dots? F
 Seed for random number generator:     31415 (0 means value set by program)
 Radius above which a result is regarded as an 'end':  22.000
 Pdb format file for sphere centres: hole232.sph

 Monte Carlo conditions:
  no of steps:  1000
  maximum displacement   0.100 angs
  'kT' initial   0.100 angs
 The spherebox and capsule options are turned off.
 (No molqpt card so will not write qpt file of the molecule)
 IGNORE card read so will ignore residue types: SOL WAT TIP HOH K   NA  CL
 no SHORTO card read so will produce full textual output
 As no PEGRAT card was found will not produce PEG polymer exclusion graph
 (No 2DMAPS card specified so will not produce 2D property maps)
 Have not found a CUT card.  Normal calculation using
   Cutoff lists with a cutsize=       1.000
   (if you wish to turn off option use a CUT -1 card)

 Have read     7 bond radius records and
              16 vdW radius records.
 From file: simple2.rad

 Have read    46 atom records.
 From file: /tmp/2550285.1.long/tmpoox0r4ub.pdb
 Will not produce graphical output

 Have opened file for pdb format output of sphere centres:  hole232.sph

  Seed integer used by ran # generator on this run      31415

 
 S/R cguess will try to guess CPOINT and/or CVECT
 
 THESE GUESSES MAY WELL BE WRONG!!!!
 Routine relies on having a reasonably symmetric
 channel oriented along x, y or z vector
 YOU ARE STRONGLY ADVISED TO CHECK THE RESULTS
                       WITH MOLECULAR GRAPHICS
 testing points from cpoint in X, Y then Z direction
   point                   pore radius
direction     1
  25.725  29.483  30.101    -1.292
  26.725  29.483  30.101    -0.599
  27.725  29.483  30.101    -0.556
  28.725  29.483  30.101    -0.480
  29.725  29.483  30.101    -0.740
  30.725  29.483  30.101    -1.071
  31.725  29.483  30.101    -0.371
  32.725  29.483  30.101    -0.431
  33.725  29.483  30.101    -0.135
  34.725  29.483  30.101    -0.471
  35.725  29.483  30.101    -0.277
 Average pore radius along the line=     -0.584
direction     2
  30.725  24.483  30.101     1.546
  30.725  25.483  30.101     0.905
  30.725  26.483  30.101     0.084
  30.725  27.483  30.101    -0.350
  30.725  28.483  30.101    -0.630
  30.725  29.483  30.101    -1.071
  30.725  30.483  30.101    -1.243
  30.725  31.483  30.101    -1.193
  30.725  32.483  30.101    -1.530
  30.725  33.483  30.101    -0.849
  30.725  34.483  30.101    -0.570
 Average pore radius along the line=     -0.446
direction     3
  30.725  29.483  25.101     2.789
  30.725  29.483  26.101     2.112
  30.725  29.483  27.101     1.537
  30.725  29.483  28.101     0.564
  30.725  29.483  29.101    -0.368
  30.725  29.483  30.101    -1.071
  30.725  29.483  31.101    -1.259
  30.725  29.483  32.101    -0.809
  30.725  29.483  33.101    -0.036
  30.725  29.483  34.101     0.907
  30.725  29.483  35.101     1.889
 Average pore radius along the line=      0.569
 Best direction is found to be     3
(1=X,2=Y,3=Z)
 s/r cguess has produced initial values for cpoint &/or cvect:
CPOINT      30.7255     29.4834     30.1010
CVECT        0.0000      0.0000      1.0000
 THESE GUESSES MAY WELL BE WRONG!!!!
 Routine relies on having a reasonably symmetric
 channel oriented along x, y or z vector
 YOU ARE STRONGLY ADVISED TO CHECK THE RESULTS
                       WITH MOLECULAR GRAPHICS
 
 
  Some routines (e.g. conn) need vectors normal to cvect: 
     EAST Zero degrees angle is along vector    1.000   0.000   0.000
     NORTH  90 degrees angle is along vector    0.000  -1.000   0.000
 highest radius point found:
  at point   33.150  29.910  30.101
  closest atom surface    0.047   O1  U53 X    1
  2nd closest surface     0.048   H21 U53 X    1
  found on step  628
 current point:
  at point   33.146  29.908  30.101
  closest atom surface    0.046   O1  U53 X    1
  2nd closest surface     0.049   N3  U53 X    1
  found on step  999
  no. of rejections          369
 stored as     0

 highest radius point found:
  at point   33.074  29.849  30.301
  closest atom surface   -0.031   H21 U53 X    1
  2nd closest surface    -0.030   O1  U53 X    1
  found on step  673
 current point:
  at point   33.067  29.848  30.301
  closest atom surface   -0.033   O1  U53 X    1
  2nd closest surface    -0.027   N3  U53 X    1
  found on step  985
  no. of rejections          350
 stored as     1

 highest radius point found:
  at point   33.011  29.786  30.501
  closest atom surface   -0.076   H21 U53 X    1
  2nd closest surface    -0.074   N3  U53 X    1
  found on step  113
 current point:
  at point   33.001  29.784  30.501
  closest atom surface   -0.078   N3  U53 X    1
  2nd closest surface    -0.076   O1  U53 X    1
  found on step  953
  no. of rejections          394
 stored as     2

 highest radius point found:
  at point   32.965  29.733  30.701
  closest atom surface   -0.087   O1  U53 X    1
  2nd closest surface    -0.087   H21 U53 X    1
  found on step  965
  this is also current point
  no. of rejections          399
 stored as     3

 highest radius point found:
  at point   32.949  29.704  30.901
  closest atom surface   -0.085   H21 U53 X    1
  2nd closest surface    -0.084   C12 U53 X    1
  found on step  879
 current point:
  at point   32.949  29.706  30.901
  closest atom surface   -0.085   H21 U53 X    1
  2nd closest surface    -0.085   O1  U53 X    1
  found on step  925
  no. of rejections          412
 stored as     4

 highest radius point found:
  at point   32.949  29.704  31.101
  closest atom surface   -0.127   C12 U53 X    1
  2nd closest surface    -0.073   O1  U53 X    1
  found on step    1
 current point:
  at point   33.333  29.294  31.101
  closest atom surface   -0.173   N3  U53 X    1
  2nd closest surface    -0.171   H21 U53 X    1
  found on step  946
  no. of rejections          398
 stored as     5

 highest radius point found:
  at point   33.011  29.762  31.301
  closest atom surface   -0.065   C12 U53 X    1
  2nd closest surface    -0.063   O1  U53 X    1
  found on step  988
  this is also current point
  no. of rejections          381
 stored as     6

 highest radius point found:
  at point   33.066  29.792  31.501
  closest atom surface   -0.006   H21 U53 X    1
  2nd closest surface    -0.006   C12 U53 X    1
  found on step  995
  this is also current point
  no. of rejections          373
 stored as     7

 highest radius point found:
  at point   33.103  29.826  31.701
  closest atom surface    0.067   C12 U53 X    1
  2nd closest surface     0.067   O1  U53 X    1
  found on step  782
 current point:
  at point   33.111  29.825  31.701
  closest atom surface    0.064   O5  U53 X    1
  2nd closest surface     0.071   O1  U53 X    1
  found on step  993
  no. of rejections          397
 stored as     8

 highest radius point found:
  at point   33.101  29.863  31.901
  closest atom surface    0.138   O1  U53 X    1
  2nd closest surface     0.139   C12 U53 X    1
  found on step  899
  this is also current point
  no. of rejections          386
 stored as     9

 highest radius point found:
  at point   33.099  29.904  32.101
  closest atom surface    0.227   O1  U53 X    1
  2nd closest surface     0.228   O5  U53 X    1
  found on step  857
 current point:
  at point   33.098  29.905  32.101
  closest atom surface    0.226   O1  U53 X    1
  2nd closest surface     0.228   O5  U53 X    1
  found on step  916
  no. of rejections          397
 stored as    10

 highest radius point found:
  at point   33.093  29.941  32.301
  closest atom surface    0.334   O1  U53 X    1
  2nd closest surface     0.336   C12 U53 X    1
  found on step  736
 current point:
  at point   33.094  29.942  32.301
  closest atom surface    0.334   O1  U53 X    1
  2nd closest surface     0.335   O5  U53 X    1
  found on step  954
  no. of rejections          353
 stored as    11

 highest radius point found:
  at point   33.122  30.040  32.501
  closest atom surface    0.435   O5  U53 X    1
  2nd closest surface     0.435   O1  U53 X    1
  found on step  986
  this is also current point
  no. of rejections          347
 stored as    12

 highest radius point found:
  at point   33.145  30.138  32.701
  closest atom surface    0.552   O1  U53 X    1
  2nd closest surface     0.555   O3  U53 X    1
  found on step  326
 current point:
  at point   33.153  30.144  32.701
  closest atom surface    0.552   O5  U53 X    1
  2nd closest surface     0.552   O1  U53 X    1
  found on step  992
  no. of rejections          330
 stored as    13

 highest radius point found:
  at point   36.846  34.247  32.901
  closest atom surface    3.478   S1  U53 X    1
  2nd closest surface     3.490   O5  U53 X    1
  found on step  994
  this is also current point
  no. of rejections          240
 stored as    14

 highest radius point found:
  at point   45.940  37.270  33.101
  closest atom surface   11.878   S1  U53 X    1
  2nd closest surface    11.896   O5  U53 X    1
  found on step  998
  this is also current point
  no. of rejections          229
 stored as    15

 highest radius point found:
  at point   56.944  42.184  33.301
  closest atom surface   23.581   S1  U53 X    1
  2nd closest surface    23.651   O4  U53 X    1
  found on step  998
  this is also current point
  no. of rejections          270
 This is an end! (radius above  22.0 angs)
 highest radius point found:
  at point   33.150  29.910  29.901
  closest atom surface    0.426   N3  U53 X    1
  2nd closest surface     0.152   O1  U53 X    1
  found on step    1
 current point:
  at point   33.246  29.979  29.901
  closest atom surface    0.154   O1  U53 X    1
  2nd closest surface     0.155   H21 U53 X    1
  found on step  977
  no. of rejections          356
 stored as    -1

 highest radius point found:
  at point   34.076  31.189  29.701
  closest atom surface    0.475   H6  U53 X    1
  2nd closest surface     0.475   O5  U53 X    1
  found on step  999
  this is also current point
  no. of rejections          280
 stored as    -2

 highest radius point found:
  at point   34.003  31.039  29.501
  closest atom surface    0.560   H6  U53 X    1
  2nd closest surface     0.561   O1  U53 X    1
  found on step  845
 current point:
  at point   34.014  31.041  29.501
  closest atom surface    0.559   O5  U53 X    1
  2nd closest surface     0.559   H6  U53 X    1
  found on step  884
  no. of rejections          340
 stored as    -3

 highest radius point found:
  at point   33.959  30.899  29.301
  closest atom surface    0.669   O5  U53 X    1
  2nd closest surface     0.671   H6  U53 X    1
  found on step  978
  this is also current point
  no. of rejections          320
 stored as    -4

 highest radius point found:
  at point   43.994  34.249  29.101
  closest atom surface    8.778   S1  U53 X    1
  2nd closest surface     8.785   O4  U53 X    1
  found on step  999
  this is also current point
  no. of rejections          251
 stored as    -5

 highest radius point found:
  at point   53.205  37.766  28.901
  closest atom surface   18.293   O4  U53 X    1
  2nd closest surface    18.383   S1  U53 X    1
  found on step  994
  this is also current point
  no. of rejections          249
 stored as    -6

 highest radius point found:
  at point   64.018  41.100  28.701
  closest atom surface   29.389   O4  U53 X    1
  2nd closest surface    29.664   S1  U53 X    1
  found on step 1000
  this is also current point
  no. of rejections          230
 This is an end! (radius above  22.0 angs)
 
 N.b. Graph information routine (HOGRAP) differs 
        markedly from previous versions!
       Information now is written from -ve end
       to +ve in one pass
 
 Explanation of the meaning of each column: 
 First column "cenxyz.cvec" is the coordinate in the
   direction of the channel vector i.e. if the channel
   vector is in z (0 0 1) then it is the z coordinate.
 The second column "radius" is the hole pore radius 
   (as defined in the Biophys J 1993) article).
 The third column "cen_line_D" is the distance 
   measured along the pore centre line - with the 
   first point found set to zero. This was the first
   thing that I used to measure the distance along a pore
   but "cenxyz.cvec" is a much better general measure. 
   However, by comparing changes in this distance to changes in '   "cenxyz.cvec" one can get a measure of how straight a 
   channel is.
 The fourth column "sum{s/(area)}" is useful in conductance
   prediction -
   basically it is the sum of the thickness of each slab
   divided by its area. HOLE uses this measure to estimate
   the macroscopic conductance of a channel.
 If any of this worries you one can see the "raw" results
   of a standard hole run by producing a sphpdb file and 
    directly looking at the results.
 cenxyz.cvec      radius  cen_line_D sum{s/(area point sourc
    28.90099    18.29321   -22.74282     0.00010   (sampled)
    29.00099    13.48282   -17.81228     0.00027 (mid-point)
    29.10099     8.77849   -12.88174     0.00068   (sampled)
    29.20099     3.75647    -7.59086     0.00294 (mid-point)
    29.30099     0.66894    -2.29999     0.07407   (sampled)
    29.40099     0.61161    -2.17608     0.15917 (mid-point)
    29.50099     0.55962    -2.05218     0.26081   (sampled)
    29.60099     0.51217    -1.92191     0.38215 (mid-point)
    29.70099     0.47473    -1.79165     0.52339   (sampled)
    29.80099     0.16445    -0.99582     1.70040 (mid-point)
    29.90099     0.42629    -0.20000     1.87556   (sampled)
    30.00099     0.06054    -0.10000    10.55993 (mid-point)
    30.10099     0.04650     0.00000    25.27829   (sampled)
    30.20099     0.00312     0.11133  3290.93526 (mid-point)
    30.30099    -0.03137     0.22266  3323.28133   (sampled)
    30.40099    -0.05958     0.33196  3332.24920 (mid-point)
    30.50099    -0.07564     0.44127  3337.81266   (sampled)
    30.60099    -0.08727     0.54735  3341.99191 (mid-point)
    30.70099    -0.08672     0.65343  3346.22477   (sampled)
    30.80099    -0.09130     0.75474  3350.04335 (mid-point)
    30.90099    -0.08469     0.85604  3354.48093   (sampled)
    31.00099    -0.10848     0.95604  3357.18572 (mid-point)
    31.10099    -0.12701     1.05604  3359.15882   (sampled)
    31.20099    -0.09902     1.16465  3362.40510 (mid-point)
    31.30099    -0.06485     1.27326  3369.97373   (sampled)
    31.40099    -0.03983     1.37802  3390.04153 (mid-point)
    31.50099    -0.00645     1.48279  4154.64668   (sampled)
    31.60099     0.02773     1.58589  4196.03052 (mid-point)
    31.70099     0.06659     1.68899  4203.20840   (sampled)
    31.80099     0.10000     1.79070  4206.39161 (mid-point)
    31.90099     0.13841     1.89240  4208.05314   (sampled)
    32.00099     0.18028     1.99456  4209.03250 (mid-point)
    32.10099     0.22679     2.09672  4209.65140   (sampled)
    32.20099     0.27849     2.19840  4210.06183 (mid-point)
    32.30099     0.33406     2.30008  4210.34707   (sampled)
    32.40099     0.38194     2.41265  4210.56527 (mid-point)
    32.50099     0.43454     2.52522  4210.73385   (sampled)
    32.60099     0.49126     2.63729  4210.86574 (mid-point)
    32.70099     0.55197     2.74935  4210.97022   (sampled)
    32.80099     1.17663     5.51610  4210.99321 (mid-point)
    32.90099     3.47799     8.28285  4210.99584   (sampled)
    33.00099     7.39853    13.07537  4210.99642 (mid-point)
    33.10099    11.87779    17.86790  4210.99665   (sampled)

 Minimum radius found:     -0.127 angstroms.



 For spherical probe approach, The geometric factor
         F= sum(ds/area) along channel is ******** angstroms**-1
 This yields a macroscopic predicted molar conductance of:
   (1/rho)*(100/F)= (1.0e-6/rho) pS,
   where rho is the conductivity of 1M permeant ion in ohm m.
 N.B. this is a macroscopic conductance - an overestimate 
 Empirically corrected conductances currently only available
 With the CAPSULE option (although its not that stable!)
 For 1M KCl rho= 1/12 (ohm m), So Gmacro= 1.2e-5 pS/M.
  (TAG      1   Rmin=    -0.12701   Gmacro=     0.00001 Conn_Gmacro=    -1.00000 ).
 HOLE: normal completion
