 *** Program HOLE ***
 
 If results of this run are reported or published, please
 cite the publication listed below.
 For the HOLE program:
   Smart, O.S., Goodfellow, J.M., Wallace, B.A. (1993). 
   The pore dimensions of gramicidin A. 
   Biophys. J., 65, 2455-2460.
 
 Originally written by Oliver Smart at Birkbeck College from April 1992.
 Copyright 1993-2005 Oliver Smart
 Copyright 2014-2015 SmartSci Limited.
 Copyright 2016 Oliver Smart.
 
 For help on HOLE suite see  http://www.holeprogram.org/
 
 HOLE release 2.2.005 (07 August 2016) 
 
 usage subject to Apache License, Version 2.0 
 see http://www.apache.org/licenses/LICENSE-2.0 

 Control variables read:

! Input file for Oliver Smart's HOLE program
! written by MDAnalysis.analysis.hole2.HoleAnalysis
! for a Universe
! u = mda.Universe(/afs/crc.nd.edu/user/m/mfarshad/Private/ML-new/traj/host-cyc/
!    /afs/crc.nd.edu/user/m/mfarshad/Private/ML-new/traj/host-cyc/host_cyc.trr
!   )
! Frame 224

COORD  /tmp/2550285.1.long/tmps9hpi3y5.pdb
RADIUS simple2.rad
SPHPDB hole224.sph
SAMPLE 0.200000
ENDRAD 22.000000
IGNORE SOL WAT TIP HOH K   NA  CL
SHORTO 0
RASEED 31415
CPOINT 30.8795547900 29.2794601606 30.1074639196


 WARNING have not found a CVECT record - will try to guess
 Input pdb filename read as:    '/tmp/2550285.1.long/tmps9hpi3y5.pdb'
 Input vdW radius file read as: 'simple2.rad'
 point in channel:   30.880  29.279  30.107
 channel vector:   ************************
 sampling distance between planes:    0.200

 graphics conditions:
 binary plot output file name: NONE
 Dot density:    10
 Draw dots?           T
 Draw close contacts? F
 Draw centre line?    T
 Produce spikes rather than dots? F
 Seed for random number generator:     31415 (0 means value set by program)
 Radius above which a result is regarded as an 'end':  22.000
 Pdb format file for sphere centres: hole224.sph

 Monte Carlo conditions:
  no of steps:  1000
  maximum displacement   0.100 angs
  'kT' initial   0.100 angs
 The spherebox and capsule options are turned off.
 (No molqpt card so will not write qpt file of the molecule)
 IGNORE card read so will ignore residue types: SOL WAT TIP HOH K   NA  CL
 no SHORTO card read so will produce full textual output
 As no PEGRAT card was found will not produce PEG polymer exclusion graph
 (No 2DMAPS card specified so will not produce 2D property maps)
 Have not found a CUT card.  Normal calculation using
   Cutoff lists with a cutsize=       1.000
   (if you wish to turn off option use a CUT -1 card)

 Have read     7 bond radius records and
              16 vdW radius records.
 From file: simple2.rad

 Have read    46 atom records.
 From file: /tmp/2550285.1.long/tmps9hpi3y5.pdb
 Will not produce graphical output

 Have opened file for pdb format output of sphere centres:  hole224.sph

  Seed integer used by ran # generator on this run      31415

 
 S/R cguess will try to guess CPOINT and/or CVECT
 
 THESE GUESSES MAY WELL BE WRONG!!!!
 Routine relies on having a reasonably symmetric
 channel oriented along x, y or z vector
 YOU ARE STRONGLY ADVISED TO CHECK THE RESULTS
                       WITH MOLECULAR GRAPHICS
 testing points from cpoint in X, Y then Z direction
   point                   pore radius
direction     1
  25.880  29.279  30.107    -1.388
  26.880  29.279  30.107    -0.648
  27.880  29.279  30.107    -0.549
  28.880  29.279  30.107    -0.497
  29.880  29.279  30.107    -0.657
  30.880  29.279  30.107    -1.100
  31.880  29.279  30.107    -0.466
  32.880  29.279  30.107    -0.460
  33.880  29.279  30.107    -0.193
  34.880  29.279  30.107    -0.334
  35.880  29.279  30.107    -0.213
 Average pore radius along the line=     -0.591
direction     2
  30.880  24.279  30.107     1.618
  30.880  25.279  30.107     0.838
  30.880  26.279  30.107     0.050
  30.880  27.279  30.107    -0.395
  30.880  28.279  30.107    -0.625
  30.880  29.279  30.107    -1.100
  30.880  30.279  30.107    -1.265
  30.880  31.279  30.107    -1.018
  30.880  32.279  30.107    -1.576
  30.880  33.279  30.107    -0.783
  30.880  34.279  30.107    -0.469
 Average pore radius along the line=     -0.429
direction     3
  30.880  29.279  25.107     2.652
  30.880  29.279  26.107     1.946
  30.880  29.279  27.107     1.404
  30.880  29.279  28.107     0.570
  30.880  29.279  29.107    -0.371
  30.880  29.279  30.107    -1.100
  30.880  29.279  31.107    -1.177
  30.880  29.279  32.107    -0.786
  30.880  29.279  33.107    -0.115
  30.880  29.279  34.107     0.847
  30.880  29.279  35.107     1.836
 Average pore radius along the line=      0.519
 Best direction is found to be     3
(1=X,2=Y,3=Z)
 s/r cguess has produced initial values for cpoint &/or cvect:
CPOINT      30.8796     29.2795     30.1075
CVECT        0.0000      0.0000      1.0000
 THESE GUESSES MAY WELL BE WRONG!!!!
 Routine relies on having a reasonably symmetric
 channel oriented along x, y or z vector
 YOU ARE STRONGLY ADVISED TO CHECK THE RESULTS
                       WITH MOLECULAR GRAPHICS
 
 
  Some routines (e.g. conn) need vectors normal to cvect: 
     EAST Zero degrees angle is along vector    1.000   0.000   0.000
     NORTH  90 degrees angle is along vector    0.000  -1.000   0.000
 highest radius point found:
  at point   30.880  29.279  30.107
  closest atom surface   -0.518   N2  U53 X    1
  2nd closest surface    -0.518   C4  U53 X    1
  found on step    1
  this is also current point
  no. of rejections          999
 stored as     0

 highest radius point found:
  at point   32.341  29.451  30.307
  closest atom surface   -0.201   N3  U53 X    1
  2nd closest surface    -0.201   C3  U53 X    1
  found on step  957
  this is also current point
  no. of rejections          383
 stored as     1

 highest radius point found:
  at point   32.259  29.405  30.507
  closest atom surface   -0.187   N3  U53 X    1
  2nd closest surface    -0.186   C3  U53 X    1
  found on step  943
  this is also current point
  no. of rejections          406
 stored as     2

 highest radius point found:
  at point   33.498  29.430  30.707
  closest atom surface   -0.098   N3  U53 X    1
  2nd closest surface    -0.097   H21 U53 X    1
  found on step  966
  this is also current point
  no. of rejections          410
 stored as     3

 highest radius point found:
  at point   33.478  29.396  30.907
  closest atom surface   -0.069   H21 U53 X    1
  2nd closest surface    -0.068   O1  U53 X    1
  found on step  791
 current point:
  at point   33.479  29.397  30.907
  closest atom surface   -0.070   H21 U53 X    1
  2nd closest surface    -0.069   O1  U53 X    1
  found on step  987
  no. of rejections          372
 stored as     4

 highest radius point found:
  at point   33.469  29.354  31.107
  closest atom surface   -0.006   O1  U53 X    1
  2nd closest surface    -0.006   N3  U53 X    1
  found on step  993
  this is also current point
  no. of rejections          389
 stored as     5

 highest radius point found:
  at point   33.426  29.343  31.307
  closest atom surface    0.036   C12 U53 X    1
  2nd closest surface     0.036   O5  U53 X    1
  found on step  996
  this is also current point
  no. of rejections          396
 stored as     6

 highest radius point found:
  at point   37.749  33.686  31.507
  closest atom surface    3.241   S1  U53 X    1
  2nd closest surface     3.279   O5  U53 X    1
  found on step  999
  this is also current point
  no. of rejections          253
 stored as     7

 highest radius point found:
  at point   47.472  37.735  31.707
  closest atom surface   13.118   S1  U53 X    1
  2nd closest surface    13.199   O5  U53 X    1
  found on step  999
  this is also current point
  no. of rejections          269
 stored as     8

 highest radius point found:
  at point   55.574  44.241  31.907
  closest atom surface   22.983   S1  U53 X    1
  2nd closest surface    23.566   O5  U53 X    1
  found on step  999
  this is also current point
  no. of rejections          253
 This is an end! (radius above  22.0 angs)
 highest radius point found:
  at point   29.627  22.230  29.907
  closest atom surface    3.563   C5  U53 X    1
  2nd closest surface     3.567   S2  U53 X    1
  found on step  999
  this is also current point
  no. of rejections          269
 stored as    -1

 highest radius point found:
  at point   25.102  13.575  29.707
  closest atom surface   12.906   C5  U53 X    1
  2nd closest surface    12.920   S2  U53 X    1
  found on step  999
  this is also current point
  no. of rejections          265
 stored as    -2

 highest radius point found:
  at point   21.064   4.997  29.507
  closest atom surface   22.278   S2  U53 X    1
  2nd closest surface    22.307   C11 U53 X    1
  found on step 1000
  this is also current point
  no. of rejections          287
 This is an end! (radius above  22.0 angs)
 
 N.b. Graph information routine (HOGRAP) differs 
        markedly from previous versions!
       Information now is written from -ve end
       to +ve in one pass
 
 Explanation of the meaning of each column: 
 First column "cenxyz.cvec" is the coordinate in the
   direction of the channel vector i.e. if the channel
   vector is in z (0 0 1) then it is the z coordinate.
 The second column "radius" is the hole pore radius 
   (as defined in the Biophys J 1993) article).
 The third column "cen_line_D" is the distance 
   measured along the pore centre line - with the 
   first point found set to zero. This was the first
   thing that I used to measure the distance along a pore
   but "cenxyz.cvec" is a much better general measure. 
   However, by comparing changes in this distance to changes in '   "cenxyz.cvec" one can get a measure of how straight a 
   channel is.
 The fourth column "sum{s/(area)}" is useful in conductance
   prediction -
   basically it is the sum of the thickness of each slab
   divided by its area. HOLE uses this measure to estimate
   the macroscopic conductance of a channel.
 If any of this worries you one can see the "raw" results
   of a standard hole run by producing a sphpdb file and 
    directly looking at the results.
 cenxyz.cvec      radius  cen_line_D sum{s/(area point sourc
    29.70746    12.90601   -16.93104     0.00019   (sampled)
    29.80746     8.13324   -12.04664     0.00067 (mid-point)
    29.90746     3.56341    -7.16224     0.00318   (sampled)
    30.00746     0.23126    -3.58112     0.59835 (mid-point)
    30.10746    -0.51831    -0.00000     0.71684   (sampled)
    30.20746    -0.29581     0.74238     1.08061 (mid-point)
    30.30746    -0.20063     1.48477     1.87138   (sampled)
    30.40746    -0.19772     1.59516     2.68558 (mid-point)
    30.50746    -0.18700     1.70555     3.59580   (sampled)
    30.60746    -0.26953     2.33312     4.03397 (mid-point)
    30.70746    -0.09824     2.96068     7.33213   (sampled)
    30.80746    -0.08850     3.06253    11.39585 (mid-point)
    30.90746    -0.06933     3.16437    18.01814   (sampled)
    31.00746    -0.04236     3.26667    35.75531 (mid-point)
    31.10746    -0.00587     3.36898   958.63593   (sampled)
    31.20746     0.01326     3.47143  1139.71277 (mid-point)
    31.30746     0.03588     3.57389  1164.43204   (sampled)
    31.40746     0.39269     6.63947  1164.63846 (mid-point)
    31.50746     3.24100     9.70506  1164.64149   (sampled)
    31.60746     8.01314    14.97230  1164.64198 (mid-point)
    31.70746    13.11772    20.23955  1164.64217   (sampled)

 Minimum radius found:     -0.518 angstroms.



 For spherical probe approach, The geometric factor
         F= sum(ds/area) along channel is ******** angstroms**-1
 This yields a macroscopic predicted molar conductance of:
   (1/rho)*(100/F)= (1.0e-6/rho) pS,
   where rho is the conductivity of 1M permeant ion in ohm m.
 N.B. this is a macroscopic conductance - an overestimate 
 Empirically corrected conductances currently only available
 With the CAPSULE option (although its not that stable!)
 For 1M KCl rho= 1/12 (ohm m), So Gmacro= 1.2e-5 pS/M.
  (TAG      1   Rmin=    -0.51831   Gmacro=     0.00001 Conn_Gmacro=    -1.00000 ).
 HOLE: normal completion
