 *** Program HOLE ***
 
 If results of this run are reported or published, please
 cite the publication listed below.
 For the HOLE program:
   Smart, O.S., Goodfellow, J.M., Wallace, B.A. (1993). 
   The pore dimensions of gramicidin A. 
   Biophys. J., 65, 2455-2460.
 
 Originally written by Oliver Smart at Birkbeck College from April 1992.
 Copyright 1993-2005 Oliver Smart
 Copyright 2014-2015 SmartSci Limited.
 Copyright 2016 Oliver Smart.
 
 For help on HOLE suite see  http://www.holeprogram.org/
 
 HOLE release 2.2.005 (07 August 2016) 
 
 usage subject to Apache License, Version 2.0 
 see http://www.apache.org/licenses/LICENSE-2.0 

 Control variables read:

! Input file for Oliver Smart's HOLE program
! written by MDAnalysis.analysis.hole2.HoleAnalysis
! for a Universe
! u = mda.Universe(/afs/crc.nd.edu/user/m/mfarshad/Private/ML-new/traj/host-cyc/
!    /afs/crc.nd.edu/user/m/mfarshad/Private/ML-new/traj/host-cyc/host_cyc.trr
!   )
! Frame 216

COORD  /tmp/2550285.1.long/tmpbsg9wj40.pdb
RADIUS simple2.rad
SPHPDB hole216.sph
SAMPLE 0.200000
ENDRAD 22.000000
IGNORE SOL WAT TIP HOH K   NA  CL
SHORTO 0
RASEED 31415
CPOINT 30.9310663887 29.4552264421 30.0565774752


 WARNING have not found a CVECT record - will try to guess
 Input pdb filename read as:    '/tmp/2550285.1.long/tmpbsg9wj40.pdb'
 Input vdW radius file read as: 'simple2.rad'
 point in channel:   30.931  29.455  30.057
 channel vector:   ************************
 sampling distance between planes:    0.200

 graphics conditions:
 binary plot output file name: NONE
 Dot density:    10
 Draw dots?           T
 Draw close contacts? F
 Draw centre line?    T
 Produce spikes rather than dots? F
 Seed for random number generator:     31415 (0 means value set by program)
 Radius above which a result is regarded as an 'end':  22.000
 Pdb format file for sphere centres: hole216.sph

 Monte Carlo conditions:
  no of steps:  1000
  maximum displacement   0.100 angs
  'kT' initial   0.100 angs
 The spherebox and capsule options are turned off.
 (No molqpt card so will not write qpt file of the molecule)
 IGNORE card read so will ignore residue types: SOL WAT TIP HOH K   NA  CL
 no SHORTO card read so will produce full textual output
 As no PEGRAT card was found will not produce PEG polymer exclusion graph
 (No 2DMAPS card specified so will not produce 2D property maps)
 Have not found a CUT card.  Normal calculation using
   Cutoff lists with a cutsize=       1.000
   (if you wish to turn off option use a CUT -1 card)

 Have read     7 bond radius records and
              16 vdW radius records.
 From file: simple2.rad

 Have read    46 atom records.
 From file: /tmp/2550285.1.long/tmpbsg9wj40.pdb
 Will not produce graphical output

 Have opened file for pdb format output of sphere centres:  hole216.sph

  Seed integer used by ran # generator on this run      31415

 
 S/R cguess will try to guess CPOINT and/or CVECT
 
 THESE GUESSES MAY WELL BE WRONG!!!!
 Routine relies on having a reasonably symmetric
 channel oriented along x, y or z vector
 YOU ARE STRONGLY ADVISED TO CHECK THE RESULTS
                       WITH MOLECULAR GRAPHICS
 testing points from cpoint in X, Y then Z direction
   point                   pore radius
direction     1
  25.931  29.455  30.057    -1.562
  26.931  29.455  30.057    -0.676
  27.931  29.455  30.057    -0.653
  28.931  29.455  30.057    -0.603
  29.931  29.455  30.057    -0.762
  30.931  29.455  30.057    -1.212
  31.931  29.455  30.057    -0.484
  32.931  29.455  30.057    -0.190
  33.931  29.455  30.057    -0.095
  34.931  29.455  30.057    -0.396
  35.931  29.455  30.057    -0.060
 Average pore radius along the line=     -0.608
direction     2
  30.931  24.455  30.057     1.566
  30.931  25.455  30.057     0.886
  30.931  26.455  30.057     0.096
  30.931  27.455  30.057    -0.403
  30.931  28.455  30.057    -0.765
  30.931  29.455  30.057    -1.212
  30.931  30.455  30.057    -1.231
  30.931  31.455  30.057    -1.106
  30.931  32.455  30.057    -1.244
  30.931  33.455  30.057    -0.858
  30.931  34.455  30.057    -0.627
 Average pore radius along the line=     -0.445
direction     3
  30.931  29.455  25.057     2.477
  30.931  29.455  26.057     1.833
  30.931  29.455  27.057     1.229
  30.931  29.455  28.057     0.253
  30.931  29.455  29.057    -0.678
  30.931  29.455  30.057    -1.212
  30.931  29.455  31.057    -1.274
  30.931  29.455  32.057    -0.691
  30.931  29.455  33.057     0.185
  30.931  29.455  34.057     1.155
  30.931  29.455  35.057     1.848
 Average pore radius along the line=      0.466
 Best direction is found to be     3
(1=X,2=Y,3=Z)
 s/r cguess has produced initial values for cpoint &/or cvect:
CPOINT      30.9311     29.4552     30.0566
CVECT        0.0000      0.0000      1.0000
 THESE GUESSES MAY WELL BE WRONG!!!!
 Routine relies on having a reasonably symmetric
 channel oriented along x, y or z vector
 YOU ARE STRONGLY ADVISED TO CHECK THE RESULTS
                       WITH MOLECULAR GRAPHICS
 
 
  Some routines (e.g. conn) need vectors normal to cvect: 
     EAST Zero degrees angle is along vector    1.000   0.000   0.000
     NORTH  90 degrees angle is along vector    0.000  -1.000   0.000
 highest radius point found:
  at point   30.931  29.455  30.057
  closest atom surface   -0.701   N2  U53 X    1
  2nd closest surface    -0.701   C4  U53 X    1
  found on step    1
  this is also current point
  no. of rejections          999
 stored as     0

 highest radius point found:
  at point   33.300  29.588  30.257
  closest atom surface   -0.020   H21 U53 X    1
  2nd closest surface    -0.020   O1  U53 X    1
  found on step  903
  this is also current point
  no. of rejections          366
 stored as     1

 highest radius point found:
  at point   33.210  29.543  30.457
  closest atom surface   -0.056   O1  U53 X    1
  2nd closest surface    -0.053   N3  U53 X    1
  found on step  161
 current point:
  at point   33.206  29.541  30.457
  closest atom surface   -0.056   O1  U53 X    1
  2nd closest surface    -0.055   N3  U53 X    1
  found on step  952
  no. of rejections          382
 stored as     2

 highest radius point found:
  at point   33.160  29.519  30.657
  closest atom surface   -0.071   H21 U53 X    1
  2nd closest surface    -0.068   O1  U53 X    1
  found on step  804
 current point:
  at point   33.161  29.517  30.657
  closest atom surface   -0.071   H21 U53 X    1
  2nd closest surface    -0.069   C12 U53 X    1
  found on step  976
  no. of rejections          395
 stored as     3

 highest radius point found:
  at point   33.147  29.561  30.857
  closest atom surface   -0.104   C12 U53 X    1
  2nd closest surface    -0.103   O1  U53 X    1
  found on step  500
 current point:
  at point   33.155  29.555  30.857
  closest atom surface   -0.106   H21 U53 X    1
  2nd closest surface    -0.103   C12 U53 X    1
  found on step  957
  no. of rejections          400
 stored as     4

 highest radius point found:
  at point   33.156  29.602  31.057
  closest atom surface   -0.104   C12 U53 X    1
  2nd closest surface    -0.103   H21 U53 X    1
  found on step  951
  this is also current point
  no. of rejections          407
 stored as     5

 highest radius point found:
  at point   33.176  29.645  31.257
  closest atom surface   -0.074   O1  U53 X    1
  2nd closest surface    -0.073   C12 U53 X    1
  found on step  914
  this is also current point
  no. of rejections          371
 stored as     6

 highest radius point found:
  at point   33.211  29.686  31.457
  closest atom surface   -0.013   O1  U53 X    1
  2nd closest surface    -0.012   C12 U53 X    1
  found on step  882
  this is also current point
  no. of rejections          356
 stored as     7

 highest radius point found:
  at point   38.288  33.841  31.657
  closest atom surface    3.768   S1  U53 X    1
  2nd closest surface     3.777   O5  U53 X    1
  found on step 1000
  this is also current point
  no. of rejections          269
 stored as     8

 highest radius point found:
  at point   47.561  36.833  31.857
  closest atom surface   12.854   S1  U53 X    1
  2nd closest surface    12.940   O5  U53 X    1
  found on step 1000
  this is also current point
  no. of rejections          262
 stored as     9

 highest radius point found:
  at point   58.525  40.823  32.057
  closest atom surface   24.329   S1  U53 X    1
  2nd closest surface    24.371   O4  U53 X    1
  found on step  996
  this is also current point
  no. of rejections          247
 This is an end! (radius above  22.0 angs)
 highest radius point found:
  at point   30.931  29.455  29.857
  closest atom surface    0.466   N2  U53 X    1
  2nd closest surface    -0.524   C4  U53 X    1
  found on step    1
  this is also current point
  no. of rejections          999
 stored as    -1

 highest radius point found:
  at point   30.936  25.121  29.657
  closest atom surface    1.265   H9  U53 X    1
  2nd closest surface     1.277   S2  U53 X    1
  found on step 1000
  this is also current point
  no. of rejections          293
 stored as    -2

 highest radius point found:
  at point   24.666  14.418  29.457
  closest atom surface   12.457   S2  U53 X    1
  2nd closest surface    12.524   C5  U53 X    1
  found on step 1000
  this is also current point
  no. of rejections          265
 stored as    -3

 highest radius point found:
  at point   19.590   4.019  29.257
  closest atom surface   23.812   S2  U53 X    1
  2nd closest surface    24.000   C11 U53 X    1
  found on step 1000
  this is also current point
  no. of rejections          283
 This is an end! (radius above  22.0 angs)
 
 N.b. Graph information routine (HOGRAP) differs 
        markedly from previous versions!
       Information now is written from -ve end
       to +ve in one pass
 
 Explanation of the meaning of each column: 
 First column "cenxyz.cvec" is the coordinate in the
   direction of the channel vector i.e. if the channel
   vector is in z (0 0 1) then it is the z coordinate.
 The second column "radius" is the hole pore radius 
   (as defined in the Biophys J 1993) article).
 The third column "cen_line_D" is the distance 
   measured along the pore centre line - with the 
   first point found set to zero. This was the first
   thing that I used to measure the distance along a pore
   but "cenxyz.cvec" is a much better general measure. 
   However, by comparing changes in this distance to changes in '   "cenxyz.cvec" one can get a measure of how straight a 
   channel is.
 The fourth column "sum{s/(area)}" is useful in conductance
   prediction -
   basically it is the sum of the thickness of each slab
   divided by its area. HOLE uses this measure to estimate
   the macroscopic conductance of a channel.
 If any of this worries you one can see the "raw" results
   of a standard hole run by producing a sphpdb file and 
    directly looking at the results.
 cenxyz.cvec      radius  cen_line_D sum{s/(area point sourc
    29.45658    12.45738   -16.94472     0.00021   (sampled)
    29.55658     6.45002   -10.74203     0.00097 (mid-point)
    29.65658     1.26482    -4.53933     0.02087   (sampled)
    29.75658    -0.18477    -2.36967     0.95328 (mid-point)
    29.85658     0.46615    -0.20000     1.09976   (sampled)
    29.95658    -1.21571    -0.10000     1.12130 (mid-point)
    30.05658    -0.70073    -0.00000     1.18613   (sampled)
    30.15658    -0.32724     1.19030     1.48337 (mid-point)
    30.25658    -0.01996     2.38061    81.35096   (sampled)
    30.35658    -0.04164     2.49251    99.70589 (mid-point)
    30.45658    -0.05584     2.60442   109.91588   (sampled)
    30.55658    -0.06600     2.70814   117.22227 (mid-point)
    30.65658    -0.07082     2.81187   123.56850   (sampled)
    30.75658    -0.09071     2.91419   127.43688 (mid-point)
    30.85658    -0.10381     3.01652   130.39060   (sampled)
    30.95658    -0.10719     3.11871   133.16088 (mid-point)
    31.05658    -0.10415     3.22091   136.09513   (sampled)
    31.15658    -0.09341     3.32371   139.74325 (mid-point)
    31.25658    -0.07416     3.42652   145.53098   (sampled)
    31.35658    -0.04671     3.53014   160.12216 (mid-point)
    31.45658    -0.01261     3.63377   360.20716   (sampled)
    31.55658     0.66865     6.91531   360.27836 (mid-point)
    31.65658     3.76755    10.19685   360.28060   (sampled)
    31.75658     8.15942    15.06977   360.28108 (mid-point)
    31.85658    12.85441    19.94268   360.28127   (sampled)

 Minimum radius found:     -1.216 angstroms.



 For spherical probe approach, The geometric factor
         F= sum(ds/area) along channel is ******** angstroms**-1
 This yields a macroscopic predicted molar conductance of:
   (1/rho)*(100/F)= (1.0e-6/rho) pS,
   where rho is the conductivity of 1M permeant ion in ohm m.
 N.B. this is a macroscopic conductance - an overestimate 
 Empirically corrected conductances currently only available
 With the CAPSULE option (although its not that stable!)
 For 1M KCl rho= 1/12 (ohm m), So Gmacro= 1.2e-5 pS/M.
  (TAG      1   Rmin=    -1.21571   Gmacro=     0.00001 Conn_Gmacro=    -1.00000 ).
 HOLE: normal completion
