 *** Program HOLE ***
 
 If results of this run are reported or published, please
 cite the publication listed below.
 For the HOLE program:
   Smart, O.S., Goodfellow, J.M., Wallace, B.A. (1993). 
   The pore dimensions of gramicidin A. 
   Biophys. J., 65, 2455-2460.
 
 Originally written by Oliver Smart at Birkbeck College from April 1992.
 Copyright 1993-2005 Oliver Smart
 Copyright 2014-2015 SmartSci Limited.
 Copyright 2016 Oliver Smart.
 
 For help on HOLE suite see  http://www.holeprogram.org/
 
 HOLE release 2.2.005 (07 August 2016) 
 
 usage subject to Apache License, Version 2.0 
 see http://www.apache.org/licenses/LICENSE-2.0 

 Control variables read:

! Input file for Oliver Smart's HOLE program
! written by MDAnalysis.analysis.hole2.HoleAnalysis
! for a Universe
! u = mda.Universe(/afs/crc.nd.edu/user/m/mfarshad/Private/ML-new/traj/host-20/h
!    /afs/crc.nd.edu/user/m/mfarshad/Private/ML-new/traj/host-20/host_20.trr
!   )
! Frame 49

COORD  /tmp/2550156.1.long/tmp1pdbvzuu.pdb
RADIUS simple2.rad
SPHPDB hole049.sph
SAMPLE 0.200000
ENDRAD 22.000000
IGNORE SOL WAT TIP HOH K   NA  CL
SHORTO 0
RASEED 31415
CPOINT 40.0549979891 39.9108247530 40.0967835018


 WARNING have not found a CVECT record - will try to guess
 Input pdb filename read as:    '/tmp/2550156.1.long/tmp1pdbvzuu.pdb'
 Input vdW radius file read as: 'simple2.rad'
 point in channel:   40.055  39.911  40.097
 channel vector:   ************************
 sampling distance between planes:    0.200

 graphics conditions:
 binary plot output file name: NONE
 Dot density:    10
 Draw dots?           T
 Draw close contacts? F
 Draw centre line?    T
 Produce spikes rather than dots? F
 Seed for random number generator:     31415 (0 means value set by program)
 Radius above which a result is regarded as an 'end':  22.000
 Pdb format file for sphere centres: hole049.sph

 Monte Carlo conditions:
  no of steps:  1000
  maximum displacement   0.100 angs
  'kT' initial   0.100 angs
 The spherebox and capsule options are turned off.
 (No molqpt card so will not write qpt file of the molecule)
 IGNORE card read so will ignore residue types: SOL WAT TIP HOH K   NA  CL
 no SHORTO card read so will produce full textual output
 As no PEGRAT card was found will not produce PEG polymer exclusion graph
 (No 2DMAPS card specified so will not produce 2D property maps)
 Have not found a CUT card.  Normal calculation using
   Cutoff lists with a cutsize=       1.000
   (if you wish to turn off option use a CUT -1 card)

 Have read     7 bond radius records and
              16 vdW radius records.
 From file: simple2.rad

 Have read    84 atom records.
 From file: /tmp/2550156.1.long/tmp1pdbvzuu.pdb
 Will not produce graphical output

 Have opened file for pdb format output of sphere centres:  hole049.sph

  Seed integer used by ran # generator on this run      31415

 
 S/R cguess will try to guess CPOINT and/or CVECT
 
 THESE GUESSES MAY WELL BE WRONG!!!!
 Routine relies on having a reasonably symmetric
 channel oriented along x, y or z vector
 YOU ARE STRONGLY ADVISED TO CHECK THE RESULTS
                       WITH MOLECULAR GRAPHICS
 testing points from cpoint in X, Y then Z direction
   point                   pore radius
direction     1
  35.055  39.911  40.097     2.346
  36.055  39.911  40.097     2.131
  37.055  39.911  40.097     1.816
  38.055  39.911  40.097     1.685
  39.055  39.911  40.097     1.798
  40.055  39.911  40.097     2.105
  41.055  39.911  40.097     2.039
  42.055  39.911  40.097     1.932
  43.055  39.911  40.097     2.053
  44.055  39.911  40.097     2.413
  45.055  39.911  40.097     2.737
 Average pore radius along the line=      2.096
direction     2
  40.055  34.911  40.097    -0.696
  40.055  35.911  40.097    -0.401
  40.055  36.911  40.097     0.356
  40.055  37.911  40.097     1.254
  40.055  38.911  40.097     1.884
  40.055  39.911  40.097     2.105
  40.055  40.911  40.097     1.980
  40.055  41.911  40.097     1.223
  40.055  42.911  40.097     0.296
  40.055  43.911  40.097    -0.522
  40.055  44.911  40.097    -0.889
 Average pore radius along the line=      0.599
direction     3
  40.055  39.911  35.097    -0.743
  40.055  39.911  36.097    -1.311
  40.055  39.911  37.097    -0.685
  40.055  39.911  38.097     0.253
  40.055  39.911  39.097     1.230
  40.055  39.911  40.097     2.105
  40.055  39.911  41.097     1.228
  40.055  39.911  42.097     0.284
  40.055  39.911  43.097    -0.634
  40.055  39.911  44.097    -1.215
  40.055  39.911  45.097    -0.697
 Average pore radius along the line=     -0.017
 Best direction is found to be     1
(1=X,2=Y,3=Z)
 s/r cguess has produced initial values for cpoint &/or cvect:
CPOINT      40.0550     39.9108     40.0968
CVECT        1.0000      0.0000      0.0000
 THESE GUESSES MAY WELL BE WRONG!!!!
 Routine relies on having a reasonably symmetric
 channel oriented along x, y or z vector
 YOU ARE STRONGLY ADVISED TO CHECK THE RESULTS
                       WITH MOLECULAR GRAPHICS
 
 
  Some routines (e.g. conn) need vectors normal to cvect: 
     EAST Zero degrees angle is along vector    0.000   1.000   0.000
     NORTH  90 degrees angle is along vector    0.000   0.000  -1.000
 highest radius point found:
  at point   40.055  40.182  40.014
  closest atom surface    2.176   C36 20  X    1
  2nd closest surface     2.177   C14 20  X    1
  found on step  807
 current point:
  at point   40.055  40.191  40.016
  closest atom surface    2.174   C36 20  X    1
  2nd closest surface     2.178   C26 20  X    1
  found on step  998
  no. of rejections          363
 stored as     0

 highest radius point found:
  at point   40.255  40.115  40.073
  closest atom surface    2.212   C26 20  X    1
  2nd closest surface     2.213   C36 20  X    1
  found on step  871
 current point:
  at point   40.255  40.115  40.072
  closest atom surface    2.212   C36 20  X    1
  2nd closest surface     2.213   C26 20  X    1
  found on step  877
  no. of rejections          388
 stored as     1

 highest radius point found:
  at point   40.455  40.106  40.132
  closest atom surface    2.227   C38 20  X    1
  2nd closest surface     2.228   C3  20  X    1
  found on step  894
  this is also current point
  no. of rejections          398
 stored as     2

 highest radius point found:
  at point   40.655  40.128  40.160
  closest atom surface    2.195   C3  20  X    1
  2nd closest surface     2.197   C37 20  X    1
  found on step  964
  this is also current point
  no. of rejections          395
 stored as     3

 highest radius point found:
  at point   40.855  40.054  40.181
  closest atom surface    2.165   C3  20  X    1
  2nd closest surface     2.167   C37 20  X    1
  found on step  531
 current point:
  at point   40.855  40.455  40.262
  closest atom surface    2.160   C3  20  X    1
  2nd closest surface     2.160   C36 20  X    1
  found on step  982
  no. of rejections          381
 stored as     4

 highest radius point found:
  at point   41.055  40.894  40.416
  closest atom surface    2.153   C3  20  X    1
  2nd closest surface     2.153   C36 20  X    1
  found on step  862
 current point:
  at point   41.055  40.905  40.420
  closest atom surface    2.153   C3  20  X    1
  2nd closest surface     2.154   C36 20  X    1
  found on step  947
  no. of rejections          398
 stored as     5

 highest radius point found:
  at point   41.255  41.407  40.565
  closest atom surface    2.195   C36 20  X    1
  2nd closest surface     2.197   C1  20  X    1
  found on step  847
 current point:
  at point   41.255  41.337  40.552
  closest atom surface    2.192   C36 20  X    1
  2nd closest surface     2.192   C2  20  X    1
  found on step  965
  no. of rejections          408
 stored as     6

 highest radius point found:
  at point   41.455  41.413  40.603
  closest atom surface    2.244   C1  20  X    1
  2nd closest surface     2.245   C36 20  X    1
  found on step  981
  this is also current point
  no. of rejections          396
 stored as     7

 highest radius point found:
  at point   41.655  41.509  40.641
  closest atom surface    2.293   C1  20  X    1
  2nd closest surface     2.293   C36 20  X    1
  found on step  948
  this is also current point
  no. of rejections          394
 stored as     8

 highest radius point found:
  at point   41.855  41.589  40.680
  closest atom surface    2.352   C1  20  X    1
  2nd closest surface     2.356   C36 20  X    1
  found on step  722
 current point:
  at point   41.855  41.628  40.679
  closest atom surface    2.351   C1  20  X    1
  2nd closest surface     2.351   C36 20  X    1
  found on step  969
  no. of rejections          383
 stored as     9

 highest radius point found:
  at point   42.055  41.673  40.716
  closest atom surface    2.425   C1  20  X    1
  2nd closest surface     2.425   C36 20  X    1
  found on step  856
 current point:
  at point   42.055  41.673  40.716
  closest atom surface    2.425   C36 20  X    1
  2nd closest surface     2.425   C1  20  X    1
  found on step  969
  no. of rejections          366
 stored as    10

 highest radius point found:
  at point   42.255  41.823  40.762
  closest atom surface    2.499   C1  20  X    1
  2nd closest surface     2.500   C37 20  X    1
  found on step  529
 current point:
  at point   42.255  41.801  40.764
  closest atom surface    2.497   C1  20  X    1
  2nd closest surface     2.498   C37 20  X    1
  found on step  983
  no. of rejections          382
 stored as    11

 highest radius point found:
  at point   42.455  41.885  40.789
  closest atom surface    2.550   O1  20  X    1
  2nd closest surface     2.550   C37 20  X    1
  found on step  545
 current point:
  at point   42.455  41.839  40.797
  closest atom surface    2.549   C37 20  X    1
  2nd closest surface     2.549   O1  20  X    1
  found on step  977
  no. of rejections          380
 stored as    12

 highest radius point found:
  at point   42.655  41.961  40.811
  closest atom surface    2.608   C37 20  X    1
  2nd closest surface     2.608   O1  20  X    1
  found on step  906
  this is also current point
  no. of rejections          378
 stored as    13

 highest radius point found:
  at point   42.855  41.965  40.847
  closest atom surface    2.672   O1  20  X    1
  2nd closest surface     2.673   C37 20  X    1
  found on step  649
 current point:
  at point   42.855  41.804  40.877
  closest atom surface    2.671   O1  20  X    1
  2nd closest surface     2.672   C37 20  X    1
  found on step  936
  no. of rejections          378
 stored as    14

 highest radius point found:
  at point   43.055  41.950  40.886
  closest atom surface    2.746   O1  20  X    1
  2nd closest surface     2.746   C37 20  X    1
  found on step  790
 current point:
  at point   43.055  41.950  40.886
  closest atom surface    2.745   C37 20  X    1
  2nd closest surface     2.746   O1  20  X    1
  found on step  911
  no. of rejections          367
 stored as    15

 highest radius point found:
  at point   43.255  41.929  40.927
  closest atom surface    2.826   C37 20  X    1
  2nd closest surface     2.827   O1  20  X    1
  found on step  416
 current point:
  at point   43.255  41.788  40.952
  closest atom surface    2.826   C37 20  X    1
  2nd closest surface     2.827   O1  20  X    1
  found on step  992
  no. of rejections          387
 stored as    16

 highest radius point found:
  at point   43.455  41.889  40.972
  closest atom surface    2.914   O1  20  X    1
  2nd closest surface     2.916   C37 20  X    1
  found on step  173
 current point:
  at point   43.455  43.147  41.205
  closest atom surface    2.733   O1  20  X    1
  2nd closest surface     2.734   O9  20  X    1
  found on step  972
  no. of rejections          357
 stored as    17

 highest radius point found:
  at point   43.655  41.821  41.021
  closest atom surface    3.011   O1  20  X    1
  2nd closest surface     3.011   C37 20  X    1
  found on step  933
  this is also current point
  no. of rejections          370
 stored as    18

 highest radius point found:
  at point   43.855  41.807  41.062
  closest atom surface    3.114   O1  20  X    1
  2nd closest surface     3.114   C37 20  X    1
  found on step  802
 current point:
  at point   43.855  41.897  41.045
  closest atom surface    3.113   O1  20  X    1
  2nd closest surface     3.113   C37 20  X    1
  found on step  990
  no. of rejections          375
 stored as    19

 highest radius point found:
  at point   44.055  41.822  41.097
  closest atom surface    3.222   O1  20  X    1
  2nd closest surface     3.223   C37 20  X    1
  found on step  519
 current point:
  at point   44.055  41.882  41.085
  closest atom surface    3.222   O1  20  X    1
  2nd closest surface     3.222   C37 20  X    1
  found on step  923
  no. of rejections          371
 stored as    20

 highest radius point found:
  at point   44.255  41.830  41.133
  closest atom surface    3.337   C37 20  X    1
  2nd closest surface     3.337   O1  20  X    1
  found on step  743
 current point:
  at point   44.255  41.834  41.132
  closest atom surface    3.337   C37 20  X    1
  2nd closest surface     3.337   O1  20  X    1
  found on step  953
  no. of rejections          349
 stored as    21

 highest radius point found:
  at point   44.455  41.837  41.169
  closest atom surface    3.457   C37 20  X    1
  2nd closest surface     3.457   O1  20  X    1
  found on step  956
  this is also current point
  no. of rejections          365
 stored as    22

 highest radius point found:
  at point   44.655  41.858  41.203
  closest atom surface    3.582   C37 20  X    1
  2nd closest surface     3.582   O1  20  X    1
  found on step  921
  this is also current point
  no. of rejections          320
 stored as    23

 highest radius point found:
  at point   44.855  41.841  41.245
  closest atom surface    3.712   O1  20  X    1
  2nd closest surface     3.712   C37 20  X    1
  found on step  973
  this is also current point
  no. of rejections          357
 stored as    24

 highest radius point found:
  at point   45.055  41.854  41.280
  closest atom surface    3.846   C37 20  X    1
  2nd closest surface     3.846   O1  20  X    1
  found on step  947
  this is also current point
  no. of rejections          353
 stored as    25

 highest radius point found:
  at point   45.255  41.853  41.319
  closest atom surface    3.984   O1  20  X    1
  2nd closest surface     3.985   C37 20  X    1
  found on step   75
 current point:
  at point   45.255  41.846  41.322
  closest atom surface    3.984   O1  20  X    1
  2nd closest surface     3.986   C3  20  X    1
  found on step  988
  no. of rejections          349
 stored as    26

 highest radius point found:
  at point   45.455  41.849  41.358
  closest atom surface    4.127   C37 20  X    1
  2nd closest surface     4.127   C3  20  X    1
  found on step  951
  this is also current point
  no. of rejections          351
 stored as    27

 highest radius point found:
  at point   45.655  41.858  41.404
  closest atom surface    4.268   O1  20  X    1
  2nd closest surface     4.269   C3  20  X    1
  found on step  971
  this is also current point
  no. of rejections          316
 stored as    28

 highest radius point found:
  at point   45.855  41.860  41.452
  closest atom surface    4.411   C3  20  X    1
  2nd closest surface     4.412   O1  20  X    1
  found on step  957
  this is also current point
  no. of rejections          319
 stored as    29

 highest radius point found:
  at point   46.055  41.878  41.499
  closest atom surface    4.558   O1  20  X    1
  2nd closest surface     4.559   H20 20  X    1
  found on step  932
  this is also current point
  no. of rejections          316
 stored as    30

 highest radius point found:
  at point   46.255  41.900  41.545
  closest atom surface    4.708   H20 20  X    1
  2nd closest surface     4.708   O1  20  X    1
  found on step    2
 current point:
  at point   46.255  41.889  41.548
  closest atom surface    4.708   O1  20  X    1
  2nd closest surface     4.709   H20 20  X    1
  found on step  966
  no. of rejections          321
 stored as    31

 highest radius point found:
  at point   46.455  41.937  41.589
  closest atom surface    4.861   O1  20  X    1
  2nd closest surface     4.861   H20 20  X    1
  found on step  954
  this is also current point
  no. of rejections          315
 stored as    32

 highest radius point found:
  at point   46.655  44.236  42.099
  closest atom surface    5.027   O1  20  X    1
  2nd closest surface     5.042   O9  20  X    1
  found on step  997
  this is also current point
  no. of rejections          291
 stored as    33

 highest radius point found:
  at point   46.855  44.482  42.182
  closest atom surface    5.243   O1  20  X    1
  2nd closest surface     5.244   C33 20  X    1
  found on step  954
  this is also current point
  no. of rejections          284
 stored as    34

 highest radius point found:
  at point   47.055  46.602  46.520
  closest atom surface    6.137   O7  20  X    1
  2nd closest surface     6.171   O1  20  X    1
  found on step  999
  this is also current point
  no. of rejections          179
 stored as    35

 highest radius point found:
  at point   47.255  51.867  53.846
  closest atom surface   11.462   H16 20  X    1
  2nd closest surface    11.489   O7  20  X    1
  found on step  999
  this is also current point
  no. of rejections          191
 stored as    36

 highest radius point found:
  at point   47.455  56.325  61.019
  closest atom surface   18.979   O7  20  X    1
  2nd closest surface    18.980   H16 20  X    1
  found on step 1000
  this is also current point
  no. of rejections          237
 stored as    37

 highest radius point found:
  at point   47.655  62.337  69.421
  closest atom surface   28.807   O7  20  X    1
  2nd closest surface    28.823   H16 20  X    1
  found on step  994
  this is also current point
  no. of rejections          255
 This is an end! (radius above  22.0 angs)
 highest radius point found:
  at point   39.855  39.995  39.980
  closest atom surface    2.131   C26 20  X    1
  2nd closest surface     2.131   C15 20  X    1
  found on step  673
 current point:
  at point   39.855  39.620  40.010
  closest atom surface    2.126   C14 20  X    1
  2nd closest surface     2.127   C26 20  X    1
  found on step  997
  no. of rejections          401
 stored as    -1

 highest radius point found:
  at point   39.655  39.762  39.948
  closest atom surface    2.102   C14 20  X    1
  2nd closest surface     2.102   C26 20  X    1
  found on step  461
 current point:
  at point   39.655  40.358  39.975
  closest atom surface    2.076   C15 20  X    1
  2nd closest surface     2.078   C26 20  X    1
  found on step  990
  no. of rejections          383
 stored as    -2

 highest radius point found:
  at point   39.455  39.744  39.921
  closest atom surface    2.069   C15 20  X    1
  2nd closest surface     2.070   C26 20  X    1
  found on step   70
 current point:
  at point   39.455  39.578  39.882
  closest atom surface    2.065   C15 20  X    1
  2nd closest surface     2.065   C27 20  X    1
  found on step  885
  no. of rejections          366
 stored as    -3

 highest radius point found:
  at point   39.255  39.804  39.900
  closest atom surface    2.034   C15 20  X    1
  2nd closest surface     2.036   C26 20  X    1
  found on step  339
 current point:
  at point   39.255  40.526  39.938
  closest atom surface    2.020   C16 20  X    1
  2nd closest surface     2.020   C26 20  X    1
  found on step  936
  no. of rejections          395
 stored as    -4

 highest radius point found:
  at point   39.055  38.439  39.649
  closest atom surface    2.068   C27 20  X    1
  2nd closest surface     2.069   C13 20  X    1
  found on step  963
  this is also current point
  no. of rejections          408
 stored as    -5

 highest radius point found:
  at point   38.855  38.463  39.588
  closest atom surface    2.078   C27 20  X    1
  2nd closest surface     2.079   C13 20  X    1
  found on step  175
 current point:
  at point   38.855  38.470  39.588
  closest atom surface    2.077   C27 20  X    1
  2nd closest surface     2.080   C13 20  X    1
  found on step  965
  no. of rejections          403
 stored as    -6

 highest radius point found:
  at point   38.655  37.980  39.576
  closest atom surface    2.105   C13 20  X    1
  2nd closest surface     2.108   C8  20  X    1
  found on step  550
 current point:
  at point   38.655  38.075  39.569
  closest atom surface    2.101   C13 20  X    1
  2nd closest surface     2.102   C27 20  X    1
  found on step  992
  no. of rejections          391
 stored as    -7

 highest radius point found:
  at point   38.455  37.852  39.534
  closest atom surface    2.150   C9  20  X    1
  2nd closest surface     2.150   C13 20  X    1
  found on step  987
  this is also current point
  no. of rejections          377
 stored as    -8

 highest radius point found:
  at point   38.255  37.760  39.486
  closest atom surface    2.202   C9  20  X    1
  2nd closest surface     2.202   C13 20  X    1
  found on step  532
 current point:
  at point   38.255  37.757  39.487
  closest atom surface    2.199   C9  20  X    1
  2nd closest surface     2.202   C27 20  X    1
  found on step  969
  no. of rejections          366
 stored as    -9

 highest radius point found:
  at point   38.055  37.645  39.460
  closest atom surface    2.249   C27 20  X    1
  2nd closest surface     2.250   C9  20  X    1
  found on step  263
 current point:
  at point   38.055  37.706  39.446
  closest atom surface    2.247   O3  20  X    1
  2nd closest surface     2.247   C27 20  X    1
  found on step  957
  no. of rejections          395
 stored as   -10

 highest radius point found:
  at point   37.855  37.511  39.450
  closest atom surface    2.297   C9  20  X    1
  2nd closest surface     2.298   O3  20  X    1
  found on step  921
  this is also current point
  no. of rejections          417
 stored as   -11

 highest radius point found:
  at point   37.655  37.379  39.443
  closest atom surface    2.359   C27 20  X    1
  2nd closest surface     2.359   O3  20  X    1
  found on step  899
  this is also current point
  no. of rejections          343
 stored as   -12

 highest radius point found:
  at point   37.455  37.348  39.417
  closest atom surface    2.415   C27 20  X    1
  2nd closest surface     2.416   O3  20  X    1
  found on step  990
  this is also current point
  no. of rejections          356
 stored as   -13

 highest radius point found:
  at point   37.255  37.321  39.385
  closest atom surface    2.477   O3  20  X    1
  2nd closest surface     2.477   O6  20  X    1
  found on step  756
 current point:
  at point   37.255  37.323  39.388
  closest atom surface    2.476   O6  20  X    1
  2nd closest surface     2.479   O3  20  X    1
  found on step  904
  no. of rejections          395
 stored as   -14

 highest radius point found:
  at point   37.055  37.323  39.356
  closest atom surface    2.549   O3  20  X    1
  2nd closest surface     2.551   C27 20  X    1
  found on step  988
  this is also current point
  no. of rejections          356
 stored as   -15

 highest radius point found:
  at point   36.855  37.278  39.319
  closest atom surface    2.624   O3  20  X    1
  2nd closest surface     2.626   O6  20  X    1
  found on step    9
 current point:
  at point   36.855  38.314  39.144
  closest atom surface    2.600   C15 20  X    1
  2nd closest surface     2.601   C27 20  X    1
  found on step  988
  no. of rejections          363
 stored as   -16

 highest radius point found:
  at point   36.655  37.313  39.294
  closest atom surface    2.715   C27 20  X    1
  2nd closest surface     2.715   O3  20  X    1
  found on step  937
  this is also current point
  no. of rejections          326
 stored as   -17

 highest radius point found:
  at point   36.455  37.288  39.269
  closest atom surface    2.809   C27 20  X    1
  2nd closest surface     2.812   O6  20  X    1
  found on step  440
 current point:
  at point   36.455  36.416  39.078
  closest atom surface    2.755   O3  20  X    1
  2nd closest surface     2.756   O6  20  X    1
  found on step  919
  no. of rejections          346
 stored as   -18

 highest radius point found:
  at point   36.255  37.378  39.219
  closest atom surface    2.898   C27 20  X    1
  2nd closest surface     2.903   O3  20  X    1
  found on step   14
 current point:
  at point   36.255  38.324  39.045
  closest atom surface    2.884   C15 20  X    1
  2nd closest surface     2.885   C27 20  X    1
  found on step  880
  no. of rejections          368
 stored as   -19

 highest radius point found:
  at point   36.055  37.251  39.204
  closest atom surface    3.022   O6  20  X    1
  2nd closest surface     3.022   O3  20  X    1
  found on step  970
  this is also current point
  no. of rejections          353
 stored as   -20

 highest radius point found:
  at point   35.855  35.908  38.885
  closest atom surface    3.141   O3  20  X    1
  2nd closest surface     3.142   C42 20  X    1
  found on step  994
  this is also current point
  no. of rejections          359
 stored as   -21

 highest radius point found:
  at point   35.655  35.790  38.839
  closest atom surface    3.264   C42 20  X    1
  2nd closest surface     3.278   O6  20  X    1
  found on step   25
 current point:
  at point   35.655  37.232  39.141
  closest atom surface    3.257   O3  20  X    1
  2nd closest surface     3.259   C27 20  X    1
  found on step  956
  no. of rejections          341
 stored as   -22

 highest radius point found:
  at point   35.455  35.733  38.792
  closest atom surface    3.420   C42 20  X    1
  2nd closest surface     3.421   O3  20  X    1
  found on step  984
  this is also current point
  no. of rejections          345
 stored as   -23

 highest radius point found:
  at point   35.255  35.649  38.747
  closest atom surface    3.569   C42 20  X    1
  2nd closest surface     3.570   O6  20  X    1
  found on step  950
  this is also current point
  no. of rejections          317
 stored as   -24

 highest radius point found:
  at point   35.055  35.572  38.701
  closest atom surface    3.722   O3  20  X    1
  2nd closest surface     3.723   O6  20  X    1
  found on step  602
 current point:
  at point   35.055  35.573  38.703
  closest atom surface    3.721   O6  20  X    1
  2nd closest surface     3.723   O3  20  X    1
  found on step  993
  no. of rejections          347
 stored as   -25

 highest radius point found:
  at point   34.855  35.523  38.661
  closest atom surface    3.871   O3  20  X    1
  2nd closest surface     3.873   C43 20  X    1
  found on step  123
 current point:
  at point   34.855  35.515  38.656
  closest atom surface    3.870   C43 20  X    1
  2nd closest surface     3.871   O3  20  X    1
  found on step  983
  no. of rejections          333
 stored as   -26

 highest radius point found:
  at point   34.655  35.481  38.626
  closest atom surface    4.025   O3  20  X    1
  2nd closest surface     4.026   O6  20  X    1
  found on step  892
  this is also current point
  no. of rejections          318
 stored as   -27

 highest radius point found:
  at point   34.455  35.443  38.590
  closest atom surface    4.181   O3  20  X    1
  2nd closest surface     4.181   O6  20  X    1
  found on step  920
  this is also current point
  no. of rejections          274
 stored as   -28

 highest radius point found:
  at point   34.255  35.380  38.549
  closest atom surface    4.344   C43 20  X    1
  2nd closest surface     4.345   O3  20  X    1
  found on step  976
  this is also current point
  no. of rejections          272
 stored as   -29

 highest radius point found:
  at point   34.055  35.321  38.498
  closest atom surface    4.505   C43 20  X    1
  2nd closest surface     4.506   O3  20  X    1
  found on step  967
  this is also current point
  no. of rejections          237
 stored as   -30

 highest radius point found:
  at point   33.855  33.764  35.282
  closest atom surface    4.748   C41 20  X    1
  2nd closest surface     4.768   O3  20  X    1
  found on step 1000
  this is also current point
  no. of rejections          194
 stored as   -31

 highest radius point found:
  at point   33.655  27.370  33.952
  closest atom surface    7.351   H21 20  X    1
  2nd closest surface     7.396   H22 20  X    1
  found on step 1000
  this is also current point
  no. of rejections          142
 stored as   -32

 highest radius point found:
  at point   33.455  18.419  32.158
  closest atom surface   14.939   H21 20  X    1
  2nd closest surface    14.966   H22 20  X    1
  found on step  999
  this is also current point
  no. of rejections          250
 stored as   -33

 highest radius point found:
  at point   33.255   9.393  30.374
  closest atom surface   23.668   H21 20  X    1
  2nd closest surface    23.685   H22 20  X    1
  found on step 1000
  this is also current point
  no. of rejections          257
 This is an end! (radius above  22.0 angs)
 
 N.b. Graph information routine (HOGRAP) differs 
        markedly from previous versions!
       Information now is written from -ve end
       to +ve in one pass
 
 Explanation of the meaning of each column: 
 First column "cenxyz.cvec" is the coordinate in the
   direction of the channel vector i.e. if the channel
   vector is in z (0 0 1) then it is the z coordinate.
 The second column "radius" is the hole pore radius 
   (as defined in the Biophys J 1993) article).
 The third column "cen_line_D" is the distance 
   measured along the pore centre line - with the 
   first point found set to zero. This was the first
   thing that I used to measure the distance along a pore
   but "cenxyz.cvec" is a much better general measure. 
   However, by comparing changes in this distance to changes in '   "cenxyz.cvec" one can get a measure of how straight a 
   channel is.
 The fourth column "sum{s/(area)}" is useful in conductance
   prediction -
   basically it is the sum of the thickness of each slab
   divided by its area. HOLE uses this measure to estimate
   the macroscopic conductance of a channel.
 If any of this worries you one can see the "raw" results
   of a standard hole run by producing a sphpdb file and 
    directly looking at the results.
 cenxyz.cvec      radius  cen_line_D sum{s/(area point sourc
    33.45500    14.93883   -28.58194     0.00014   (sampled)
    33.55500    10.87636   -24.01646     0.00041 (mid-point)
    33.65500     7.35086   -19.45097     0.00100   (sampled)
    33.75500     5.54675   -16.18409     0.00204 (mid-point)
    33.85500     4.74823   -12.91720     0.00345   (sampled)
    33.95500     4.37831   -11.12769     0.00511 (mid-point)
    34.05500     4.50526    -9.33818     0.00668   (sampled)
    34.15500     4.42426    -9.23092     0.00830 (mid-point)
    34.25500     4.34405    -9.12367     0.00999   (sampled)
    34.35500     4.26229    -9.01681     0.01174 (mid-point)
    34.45500     4.18078    -8.90996     0.01356   (sampled)
    34.55500     4.10264    -8.80662     0.01545 (mid-point)
    34.65500     4.02531    -8.70327     0.01742   (sampled)
    34.75500     3.94787    -8.59962     0.01946 (mid-point)
    34.85500     3.87129    -8.49597     0.02158   (sampled)
    34.95500     3.79603    -8.39103     0.02379 (mid-point)
    35.05500     3.72178    -8.28608     0.02609   (sampled)
    35.15500     3.64534    -8.17646     0.02849 (mid-point)
    35.25500     3.56948    -8.06683     0.03098   (sampled)
    35.35500     3.49420    -7.95619     0.03359 (mid-point)
    35.45500     3.42017    -7.84555     0.03631   (sampled)
    35.55500     3.34175    -7.73887     0.03916 (mid-point)
    35.65500     3.26435    -7.63218     0.04215   (sampled)
    35.75500     3.20198    -7.51391     0.04526 (mid-point)
    35.85500     3.14072    -7.39563     0.04848   (sampled)
    35.95500     3.03023    -6.69806     0.05195 (mid-point)
    36.05500     3.02226    -6.00048     0.05543   (sampled)
    36.15500     2.96060    -5.88187     0.05906 (mid-point)
    36.25500     2.89752    -5.76326     0.06286   (sampled)
    36.35500     2.85217    -5.65092     0.06677 (mid-point)
    36.45500     2.80909    -5.53858     0.07080   (sampled)
    36.55500     2.76118    -5.43699     0.07498 (mid-point)
    36.65500     2.71502    -5.33541     0.07930   (sampled)
    36.75500     2.66851    -5.23308     0.08377 (mid-point)
    36.85500     2.62354    -5.13075     0.08839   (sampled)
    36.95500     2.58517    -5.02661     0.09315 (mid-point)
    37.05500     2.54904    -4.92247     0.09805   (sampled)
    37.15500     2.51184    -4.82138     0.10310 (mid-point)
    37.25500     2.47678    -4.72030     0.10829   (sampled)
    37.35500     2.44510    -4.61810     0.11361 (mid-point)
    37.45500     2.41482    -4.51591     0.11907   (sampled)
    37.55500     2.38554    -4.41388     0.12466 (mid-point)
    37.65500     2.35854    -4.31184     0.13039   (sampled)
    37.75500     2.32651    -4.19221     0.13627 (mid-point)
    37.85500     2.29742    -4.07259     0.14230   (sampled)
    37.95500     2.27190    -3.95195     0.14846 (mid-point)
    38.05500     2.24903    -3.83131     0.15476   (sampled)
    38.15500     2.22407    -3.71534     0.16119 (mid-point)
    38.25500     2.20152    -3.59938     0.16776   (sampled)
    38.35500     2.17419    -3.48661     0.17449 (mid-point)
    38.45500     2.14984    -3.37385     0.18138   (sampled)
    38.55500     2.12550    -3.25336     0.18843 (mid-point)
    38.65500     2.10453    -3.13287     0.19561   (sampled)
    38.75500     2.08286    -2.87125     0.20295 (mid-point)
    38.85500     2.07831    -2.60963     0.21032   (sampled)
    38.95500     2.07174    -2.50436     0.21774 (mid-point)
    39.05500     2.06799    -2.39910     0.22518   (sampled)
    39.15500     1.98920    -1.69805     0.23322 (mid-point)
    39.25500     2.03393    -0.99701     0.24092   (sampled)
    39.35500     2.05009    -0.89215     0.24849 (mid-point)
    39.45500     2.06899    -0.78729     0.25593   (sampled)
    39.55500     2.08508    -0.68597     0.26325 (mid-point)
    39.65500     2.10210    -0.58465     0.27045   (sampled)
    39.75500     2.11344    -0.43025     0.27758 (mid-point)
    39.85500     2.13064    -0.27585     0.28459   (sampled)
    39.95500     2.15238    -0.13793     0.29146 (mid-point)
    40.05500     2.17616    -0.00000     0.29818   (sampled)
    40.15500     2.19301     0.10956     0.30480 (mid-point)
    40.25500     2.21216     0.21911     0.31131   (sampled)
    40.35500     2.22115     0.32335     0.31776 (mid-point)
    40.45500     2.22661     0.42759     0.32418   (sampled)
    40.55500     2.20997     0.52920     0.33070 (mid-point)
    40.65500     2.19453     0.63081     0.33731   (sampled)
    40.75500     2.17830     0.73790     0.34401 (mid-point)
    40.85500     2.16487     0.84499     0.35081   (sampled)
    40.95500     2.13383     1.29195     0.35780 (mid-point)
    41.05500     2.15277     1.73891     0.36466   (sampled)
    41.15500     2.16373     2.02445     0.37146 (mid-point)
    41.25500     2.19454     2.30999     0.37807   (sampled)
    41.35500     2.21863     2.41183     0.38454 (mid-point)
    41.45500     2.24363     2.51367     0.39086   (sampled)
    41.55500     2.26673     2.62603     0.39706 (mid-point)
    41.65500     2.29274     2.73839     0.40311   (sampled)
    41.75500     2.32103     2.84801     0.40902 (mid-point)
    41.85500     2.35199     2.95763     0.41478   (sampled)
    41.95500     2.38706     3.06747     0.42036 (mid-point)
    42.05500     2.42466     3.17732     0.42578   (sampled)
    42.15500     2.46003     3.30464     0.43104 (mid-point)
    42.25500     2.49884     3.43196     0.43613   (sampled)
    42.35500     2.52360     3.53746     0.44113 (mid-point)
    42.45500     2.54953     3.64295     0.44603   (sampled)
    42.55500     2.57733     3.75053     0.45082 (mid-point)
    42.65500     2.60764     3.85812     0.45550   (sampled)
    42.75500     2.63899     3.95976     0.46007 (mid-point)
    42.85500     2.67246     4.06141     0.46453   (sampled)
    42.95500     2.70805     4.16359     0.46887 (mid-point)
    43.05500     2.74572     4.26577     0.47309   (sampled)
    43.15500     2.78513     4.36832     0.47720 (mid-point)
    43.25500     2.82645     4.47087     0.48118   (sampled)
    43.35500     2.86943     4.57535     0.48505 (mid-point)
    43.45500     2.91421     4.67984     0.48879   (sampled)
    43.55500     2.96153     4.78829     0.49242 (mid-point)
    43.65500     3.01089     4.89674     0.49594   (sampled)
    43.75500     3.06143     4.99897     0.49933 (mid-point)
    43.85500     3.11363     5.10120     0.50262   (sampled)
    43.95500     3.16704     5.20301     0.50579 (mid-point)
    44.05500     3.22198     5.30481     0.50885   (sampled)
    44.15500     3.27878     5.40647     0.51182 (mid-point)
    44.25500     3.33686     5.50812     0.51467   (sampled)
    44.35500     3.39622     5.60984     0.51743 (mid-point)
    44.45500     3.45686     5.71156     0.52010   (sampled)
    44.55500     3.51873     5.81355     0.52267 (mid-point)
    44.65500     3.58180     5.91554     0.52515   (sampled)
    44.75500     3.64633     6.01807     0.52754 (mid-point)
    44.85500     3.71192     6.12061     0.52985   (sampled)
    44.95500     3.77850     6.22240     0.53208 (mid-point)
    45.05500     3.84607     6.32419     0.53424   (sampled)
    45.15500     3.91479     6.42605     0.53631 (mid-point)
    45.25500     3.98444     6.52790     0.53832   (sampled)
    45.35500     4.05521     6.62979     0.54025 (mid-point)
    45.45500     4.12667     6.73168     0.54212   (sampled)
    45.55500     4.19687     6.83437     0.54393 (mid-point)
    45.65500     4.26780     6.93705     0.54568   (sampled)
    45.75500     4.33941     7.03992     0.54737 (mid-point)
    45.85500     4.41121     7.14279     0.54900   (sampled)
    45.95500     4.48475     7.24590     0.55059 (mid-point)
    46.05500     4.55844     7.34901     0.55212   (sampled)
    46.15500     4.63287     7.45220     0.55360 (mid-point)
    46.25500     4.70793     7.55539     0.55504   (sampled)
    46.35500     4.78405     7.65947     0.55643 (mid-point)
    46.45500     4.86079     7.76356     0.55777   (sampled)
    46.55500     4.83768     8.94550     0.55914 (mid-point)
    46.65500     5.02710    10.12744     0.56039   (sampled)
    46.75500     5.13404    10.29117     0.56160 (mid-point)
    46.85500     5.24321    10.45491     0.56276   (sampled)
    46.95500     5.31473    12.87081     0.56389 (mid-point)
    47.05500     6.13664    15.28671     0.56473   (sampled)
    47.15500     8.16227    19.79874     0.56521 (mid-point)
    47.25500    11.46213    24.31076     0.56545   (sampled)
    47.35500    15.10622    28.53487     0.56559 (mid-point)
    47.45500    18.97888    32.75897     0.56568   (sampled)

 Minimum radius found:      1.989 angstroms.



 For spherical probe approach, The geometric factor
         F= sum(ds/area) along channel is    0.566 angstroms**-1
 This yields a macroscopic predicted molar conductance of:
   (1/rho)*(100/F)= (180/rho) pS,
   where rho is the conductivity of 1M permeant ion in ohm m.
 N.B. this is a macroscopic conductance - an overestimate 
 Empirically corrected conductances currently only available
 With the CAPSULE option (although its not that stable!)
 For 1M KCl rho= 1/12 (ohm m), So Gmacro= 2100 pS/M.
  (TAG      1   Rmin=     1.98920   Gmacro=  2121.34003 Conn_Gmacro=    -1.00000 ).
 HOLE: normal completion
