 *** Program HOLE ***
 
 If results of this run are reported or published, please
 cite the publication listed below.
 For the HOLE program:
   Smart, O.S., Goodfellow, J.M., Wallace, B.A. (1993). 
   The pore dimensions of gramicidin A. 
   Biophys. J., 65, 2455-2460.
 
 Originally written by Oliver Smart at Birkbeck College from April 1992.
 Copyright 1993-2005 Oliver Smart
 Copyright 2014-2015 SmartSci Limited.
 Copyright 2016 Oliver Smart.
 
 For help on HOLE suite see  http://www.holeprogram.org/
 
 HOLE release 2.2.005 (07 August 2016) 
 
 usage subject to Apache License, Version 2.0 
 see http://www.apache.org/licenses/LICENSE-2.0 

 Control variables read:

! Input file for Oliver Smart's HOLE program
! written by MDAnalysis.analysis.hole2.HoleAnalysis
! for a Universe
! u = mda.Universe(/afs/crc.nd.edu/user/m/mfarshad/Private/ML-new/traj/host-urea
!    /afs/crc.nd.edu/user/m/mfarshad/Private/ML-new/traj/host-urea+AMTA+cage2/ho
!   )
! Frame 26

COORD  /tmp/2550324.1.long/tmp1qik2glr.pdb
RADIUS simple2.rad
SPHPDB hole026.sph
SAMPLE 0.200000
ENDRAD 22.000000
IGNORE SOL WAT TIP HOH K   NA  CL
SHORTO 0
RASEED 31415
CPOINT 40.6120374753 40.3002497600 41.4497989875


 WARNING have not found a CVECT record - will try to guess
 Input pdb filename read as:    '/tmp/2550324.1.long/tmp1qik2glr.pdb'
 Input vdW radius file read as: 'simple2.rad'
 point in channel:   40.612  40.300  41.450
 channel vector:   ************************
 sampling distance between planes:    0.200

 graphics conditions:
 binary plot output file name: NONE
 Dot density:    10
 Draw dots?           T
 Draw close contacts? F
 Draw centre line?    T
 Produce spikes rather than dots? F
 Seed for random number generator:     31415 (0 means value set by program)
 Radius above which a result is regarded as an 'end':  22.000
 Pdb format file for sphere centres: hole026.sph

 Monte Carlo conditions:
  no of steps:  1000
  maximum displacement   0.100 angs
  'kT' initial   0.100 angs
 The spherebox and capsule options are turned off.
 (No molqpt card so will not write qpt file of the molecule)
 IGNORE card read so will ignore residue types: SOL WAT TIP HOH K   NA  CL
 no SHORTO card read so will produce full textual output
 As no PEGRAT card was found will not produce PEG polymer exclusion graph
 (No 2DMAPS card specified so will not produce 2D property maps)
 Have not found a CUT card.  Normal calculation using
   Cutoff lists with a cutsize=       1.000
   (if you wish to turn off option use a CUT -1 card)

 Have read     7 bond radius records and
              16 vdW radius records.
 From file: simple2.rad

 Have read   156 atom records.
 From file: /tmp/2550324.1.long/tmp1qik2glr.pdb
 Will not produce graphical output

 Have opened file for pdb format output of sphere centres:  hole026.sph

  Seed integer used by ran # generator on this run      31415

 
 S/R cguess will try to guess CPOINT and/or CVECT
 
 THESE GUESSES MAY WELL BE WRONG!!!!
 Routine relies on having a reasonably symmetric
 channel oriented along x, y or z vector
 YOU ARE STRONGLY ADVISED TO CHECK THE RESULTS
                       WITH MOLECULAR GRAPHICS
 testing points from cpoint in X, Y then Z direction
   point                   pore radius
direction     1
  35.612  40.300  41.450     0.282
  36.612  40.300  41.450     0.328
  37.612  40.300  41.450     0.762
  38.612  40.300  41.450     1.441
  39.612  40.300  41.450     2.073
  40.612  40.300  41.450     2.289
  41.612  40.300  41.450     2.433
  42.612  40.300  41.450     1.498
  43.612  40.300  41.450     0.643
  44.612  40.300  41.450    -0.032
  45.612  40.300  41.450    -0.553
 Average pore radius along the line=      1.015
direction     2
  40.612  35.300  41.450    -0.487
  40.612  36.300  41.450     0.079
  40.612  37.300  41.450     0.702
  40.612  38.300  41.450     1.504
  40.612  39.300  41.450     2.389
  40.612  40.300  41.450     2.289
  40.612  41.300  41.450     1.339
  40.612  42.300  41.450     0.340
  40.612  43.300  41.450    -0.657
  40.612  44.300  41.450    -1.540
  40.612  45.300  41.450    -0.631
 Average pore radius along the line=      0.484
direction     3
  40.612  40.300  36.450     0.440
  40.612  40.300  37.450     1.019
  40.612  40.300  38.450     1.798
  40.612  40.300  39.450     2.668
  40.612  40.300  40.450     2.486
  40.612  40.300  41.450     2.289
  40.612  40.300  42.450     1.505
  40.612  40.300  43.450     0.860
  40.612  40.300  44.450     0.464
  40.612  40.300  45.450     0.441
  40.612  40.300  46.450    -0.174
 Average pore radius along the line=      1.254
 Best direction is found to be     3
(1=X,2=Y,3=Z)
 s/r cguess has produced initial values for cpoint &/or cvect:
CPOINT      40.6120     40.3002     41.4498
CVECT        0.0000      0.0000      1.0000
 THESE GUESSES MAY WELL BE WRONG!!!!
 Routine relies on having a reasonably symmetric
 channel oriented along x, y or z vector
 YOU ARE STRONGLY ADVISED TO CHECK THE RESULTS
                       WITH MOLECULAR GRAPHICS
 
 
  Some routines (e.g. conn) need vectors normal to cvect: 
     EAST Zero degrees angle is along vector    1.000   0.000   0.000
     NORTH  90 degrees angle is along vector    0.000  -1.000   0.000
 highest radius point found:
  at point   40.854  39.622  41.450
  closest atom surface    2.715   S2  URE X    1
  2nd closest surface     2.716   S10 URE X    1
  found on step  985
  this is also current point
  no. of rejections          354
 stored as     0

 highest radius point found:
  at point   40.824  39.577  41.650
  closest atom surface    2.594   S2  URE X    1
  2nd closest surface     2.594   O20 URE X    1
  found on step  965
  this is also current point
  no. of rejections          337
 stored as     1

 highest radius point found:
  at point   40.785  39.528  41.850
  closest atom surface    2.482   O20 URE X    1
  2nd closest surface     2.482   S2  URE X    1
  found on step  844
 current point:
  at point   40.784  39.528  41.850
  closest atom surface    2.481   S2  URE X    1
  2nd closest surface     2.483   O20 URE X    1
  found on step  982
  no. of rejections          378
 stored as     2

 highest radius point found:
  at point   40.771  39.473  42.050
  closest atom surface    2.358   O20 URE X    1
  2nd closest surface     2.358   O4  URE X    1
  found on step  978
  this is also current point
  no. of rejections          345
 stored as     3

 highest radius point found:
  at point   40.770  39.431  42.250
  closest atom surface    2.233   O20 URE X    1
  2nd closest surface     2.233   O4  URE X    1
  found on step  928
  this is also current point
  no. of rejections          350
 stored as     4

 highest radius point found:
  at point   40.748  39.316  42.450
  closest atom surface    2.118   O20 URE X    1
  2nd closest surface     2.119   O4  URE X    1
  found on step  796
 current point:
  at point   40.743  39.315  42.450
  closest atom surface    2.116   O4  URE X    1
  2nd closest surface     2.122   O20 URE X    1
  found on step  945
  no. of rejections          370
 stored as     5

 highest radius point found:
  at point   40.737  39.238  42.650
  closest atom surface    2.011   O20 URE X    1
  2nd closest surface     2.012   O4  URE X    1
  found on step  487
 current point:
  at point   40.739  39.245  42.650
  closest atom surface    2.010   O20 URE X    1
  2nd closest surface     2.011   O4  URE X    1
  found on step  950
  no. of rejections          368
 stored as     6

 highest radius point found:
  at point   40.726  39.158  42.850
  closest atom surface    1.913   O20 URE X    1
  2nd closest surface     1.916   S10 URE X    1
  found on step  999
  this is also current point
  no. of rejections          352
 stored as     7

 highest radius point found:
  at point   40.715  39.087  43.050
  closest atom surface    1.827   O20 URE X    1
  2nd closest surface     1.828   O4  URE X    1
  found on step  993
  this is also current point
  no. of rejections          381
 stored as     8

 highest radius point found:
  at point   40.703  39.013  43.250
  closest atom surface    1.750   O4  URE X    1
  2nd closest surface     1.753   S10 URE X    1
  found on step  951
  this is also current point
  no. of rejections          373
 stored as     9

 highest radius point found:
  at point   40.705  38.985  43.450
  closest atom surface    1.677   O4  URE X    1
  2nd closest surface     1.682   O20 URE X    1
  found on step  234
 current point:
  at point   40.773  39.206  43.450
  closest atom surface    1.647   O4  URE X    1
  2nd closest surface     1.647   O20 URE X    1
  found on step  989
  no. of rejections          398
 stored as    10

 highest radius point found:
  at point   40.689  38.880  43.650
  closest atom surface    1.633   O20 URE X    1
  2nd closest surface     1.633   O4  URE X    1
  found on step  958
  this is also current point
  no. of rejections          397
 stored as    11

 highest radius point found:
  at point   40.787  39.168  43.850
  closest atom surface    1.526   O20 URE X    1
  2nd closest surface     1.527   N10 URE X    1
  found on step  973
  this is also current point
  no. of rejections          362
 stored as    12

 highest radius point found:
  at point   40.845  39.410  44.050
  closest atom surface    1.439   N10 URE X    1
  2nd closest surface     1.442   S2  URE X    1
  found on step  982
  this is also current point
  no. of rejections          348
 stored as    13

 highest radius point found:
  at point   40.793  39.466  44.250
  closest atom surface    1.333   N10 URE X    1
  2nd closest surface     1.333   S2  URE X    1
  found on step  983
  this is also current point
  no. of rejections          355
 stored as    14

 highest radius point found:
  at point   40.061  38.361  44.450
  closest atom surface    1.250   C46 URE X    1
  2nd closest surface     1.250   O4  URE X    1
  found on step  906
  this is also current point
  no. of rejections          338
 stored as    15

 highest radius point found:
  at point   39.661  38.101  44.650
  closest atom surface    1.167   O4  URE X    1
  2nd closest surface     1.169   C46 URE X    1
  found on step  929
  this is also current point
  no. of rejections          346
 stored as    16

 highest radius point found:
  at point   36.493  34.938  44.850
  closest atom surface    1.977   S10 URE X    1
  2nd closest surface     2.022   O8  URE X    1
  found on step  998
  this is also current point
  no. of rejections          310
 stored as    17

 highest radius point found:
  at point   32.040  26.727  45.050
  closest atom surface    9.197   S9  URE X    1
  2nd closest surface     9.243   O7  URE X    1
  found on step 1000
  this is also current point
  no. of rejections          255
 stored as    18

 highest radius point found:
  at point   27.025  16.480  45.250
  closest atom surface   20.014   S9  URE X    1
  2nd closest surface    20.187   O7  URE X    1
  found on step  997
  this is also current point
  no. of rejections          268
 stored as    19

 highest radius point found:
  at point   22.202   7.918  45.450
  closest atom surface   29.725   S9  URE X    1
  2nd closest surface    29.790   O7  URE X    1
  found on step  995
  this is also current point
  no. of rejections          269
 This is an end! (radius above  22.0 angs)
 highest radius point found:
  at point   40.896  39.669  41.250
  closest atom surface    2.841   S2  URE X    1
  2nd closest surface     2.841   O20 URE X    1
  found on step  985
  this is also current point
  no. of rejections          337
 stored as    -1

 highest radius point found:
  at point   40.940  39.707  41.050
  closest atom surface    2.966   O2  URE X    1
  2nd closest surface     2.967   O20 URE X    1
  found on step  996
  this is also current point
  no. of rejections          369
 stored as    -2

 highest radius point found:
  at point   41.051  39.665  40.850
  closest atom surface    3.041   O2  URE X    1
  2nd closest surface     3.041   O20 URE X    1
  found on step  936
  this is also current point
  no. of rejections          390
 stored as    -3

 highest radius point found:
  at point   41.046  39.631  40.650
  closest atom surface    3.108   O2  URE X    1
  2nd closest surface     3.108   S10 URE X    1
  found on step   54
 current point:
  at point   41.040  39.631  40.650
  closest atom surface    3.107   S10 URE X    1
  2nd closest surface     3.108   O2  URE X    1
  found on step  993
  no. of rejections          411
 stored as    -4

 highest radius point found:
  at point   40.931  39.604  40.450
  closest atom surface    3.168   O2  URE X    1
  2nd closest surface     3.169   S10 URE X    1
  found on step  777
 current point:
  at point   40.935  39.600  40.450
  closest atom surface    3.166   S10 URE X    1
  2nd closest surface     3.169   S7  URE X    1
  found on step  917
  no. of rejections          378
 stored as    -5

 highest radius point found:
  at point   40.832  39.720  40.250
  closest atom surface    3.099   S6  URE X    1
  2nd closest surface     3.099   S7  URE X    1
  found on step  951
  this is also current point
  no. of rejections          363
 stored as    -6

 highest radius point found:
  at point   40.729  39.882  40.050
  closest atom surface    3.002   S6  URE X    1
  2nd closest surface     3.004   O2  URE X    1
  found on step 1000
  this is also current point
  no. of rejections          346
 stored as    -7

 highest radius point found:
  at point   40.647  40.042  39.850
  closest atom surface    2.922   S6  URE X    1
  2nd closest surface     2.923   O2  URE X    1
  found on step  980
  this is also current point
  no. of rejections          349
 stored as    -8

 highest radius point found:
  at point   39.694  40.316  39.650
  closest atom surface    2.856   O2  URE X    1
  2nd closest surface     2.857   S6  URE X    1
  found on step  726
 current point:
  at point   39.684  40.314  39.650
  closest atom surface    2.856   S6  URE X    1
  2nd closest surface     2.857   S3  URE X    1
  found on step  930
  no. of rejections          383
 stored as    -9

 highest radius point found:
  at point   39.428  40.502  39.450
  closest atom surface    2.849   O2  URE X    1
  2nd closest surface     2.850   S6  URE X    1
  found on step  240
 current point:
  at point   39.443  40.500  39.450
  closest atom surface    2.847   S6  URE X    1
  2nd closest surface     2.847   O2  URE X    1
  found on step  998
  no. of rejections          349
 stored as   -10

 highest radius point found:
  at point   39.162  40.690  39.250
  closest atom surface    2.873   O2  URE X    1
  2nd closest surface     2.874   S6  URE X    1
  found on step  962
  this is also current point
  no. of rejections          351
 stored as   -11

 highest radius point found:
  at point   38.768  40.975  39.050
  closest atom surface    2.909   O2  URE X    1
  2nd closest surface     2.913   S3  URE X    1
  found on step   65
 current point:
  at point   38.171  41.412  39.050
  closest atom surface    2.889   S3  URE X    1
  2nd closest surface     2.899   O2  URE X    1
  found on step  984
  no. of rejections          311
 stored as   -12

 highest radius point found:
  at point   37.658  41.823  38.850
  closest atom surface    3.078   O2  URE X    1
  2nd closest surface     3.082   O15 URE X    1
  found on step  996
  this is also current point
  no. of rejections          356
 stored as   -13

 highest radius point found:
  at point   32.187  43.113  38.650
  closest atom surface    4.334   H14 URE X    1
  2nd closest surface     4.521   H15 URE X    1
  found on step 1000
  this is also current point
  no. of rejections          263
 stored as   -14

 highest radius point found:
  at point   23.265  45.452  38.450
  closest atom surface   10.536   C16 URE X    1
  2nd closest surface    10.598   C15 URE X    1
  found on step 1000
  this is also current point
  no. of rejections          218
 stored as   -15

 highest radius point found:
  at point   14.397  47.752  38.250
  closest atom surface   18.178   C15 URE X    1
  2nd closest surface    18.276   C14 URE X    1
  found on step 1000
  this is also current point
  no. of rejections          219
 stored as   -16

 highest radius point found:
  at point    1.866  47.639  38.050
  closest atom surface   29.752   C15 URE X    1
  2nd closest surface    29.987   C14 URE X    1
  found on step 1000
  this is also current point
  no. of rejections          231
 This is an end! (radius above  22.0 angs)
 
 N.b. Graph information routine (HOGRAP) differs 
        markedly from previous versions!
       Information now is written from -ve end
       to +ve in one pass
 
 Explanation of the meaning of each column: 
 First column "cenxyz.cvec" is the coordinate in the
   direction of the channel vector i.e. if the channel
   vector is in z (0 0 1) then it is the z coordinate.
 The second column "radius" is the hole pore radius 
   (as defined in the Biophys J 1993) article).
 The third column "cen_line_D" is the distance 
   measured along the pore centre line - with the 
   first point found set to zero. This was the first
   thing that I used to measure the distance along a pore
   but "cenxyz.cvec" is a much better general measure. 
   However, by comparing changes in this distance to changes in '   "cenxyz.cvec" one can get a measure of how straight a 
   channel is.
 The fourth column "sum{s/(area)}" is useful in conductance
   prediction -
   basically it is the sum of the thickness of each slab
   divided by its area. HOLE uses this measure to estimate
   the macroscopic conductance of a channel.
 If any of this worries you one can see the "raw" results
   of a standard hole run by producing a sphpdb file and 
    directly looking at the results.
 cenxyz.cvec      radius  cen_line_D sum{s/(area point sourc
    38.24980    18.17838   -29.60845     0.00010   (sampled)
    38.34980    14.18293   -25.02677     0.00025 (mid-point)
    38.44980    10.53588   -20.44509     0.00054   (sampled)
    38.54980     7.05745   -15.83251     0.00118 (mid-point)
    38.64980     4.33396   -11.21993     0.00288   (sampled)
    38.74980     3.41221    -8.40753     0.00561 (mid-point)
    38.84980     3.07779    -5.59513     0.00897   (sampled)
    38.94980     2.94027    -4.88944     0.01265 (mid-point)
    39.04980     2.90908    -4.18375     0.01641   (sampled)
    39.14980     2.88347    -3.92106     0.02024 (mid-point)
    39.24980     2.87301    -3.65836     0.02410   (sampled)
    39.34980     2.85701    -3.46714     0.02800 (mid-point)
    39.44980     2.84910    -3.27591     0.03192   (sampled)
    39.54980     2.84866    -3.08529     0.03584 (mid-point)
    39.64980     2.85629    -2.89467     0.03974   (sampled)
    39.74980     2.86144    -2.38894     0.04363 (mid-point)
    39.84980     2.92225    -1.88322     0.04736   (sampled)
    39.94980     2.96062    -1.74862     0.05099 (mid-point)
    40.04980     3.00232    -1.61401     0.05452   (sampled)
    40.14980     3.04887    -1.47549     0.05794 (mid-point)
    40.24980     3.09876    -1.33697     0.06126   (sampled)
    40.34980     3.13279    -1.21123     0.06450 (mid-point)
    40.44980     3.16845    -1.08549     0.06767   (sampled)
    40.54980     3.13687    -0.96930     0.07091 (mid-point)
    40.64980     3.10791    -0.85311     0.07420   (sampled)
    40.74980     3.07344    -0.75164     0.07757 (mid-point)
    40.84980     3.04090    -0.65017     0.08102   (sampled)
    40.94980     3.00228    -0.53412     0.08455 (mid-point)
    41.04980     2.96625    -0.41806     0.08816   (sampled)
    41.14980     2.90341    -0.31389     0.09194 (mid-point)
    41.24980     2.84102    -0.20973     0.09588   (sampled)
    41.34980     2.77726    -0.10486     0.10001 (mid-point)
    41.44980     2.71497    -0.00000     0.10433   (sampled)
    41.54980     2.65372     0.10358     0.10885 (mid-point)
    41.64980     2.59398     0.20717     0.11358   (sampled)
    41.74980     2.53705     0.31199     0.11853 (mid-point)
    41.84980     2.48198     0.41680     0.12369   (sampled)
    41.94980     2.41890     0.52063     0.12913 (mid-point)
    42.04980     2.35752     0.62445     0.13486   (sampled)
    42.14980     2.29421     0.72664     0.14091 (mid-point)
    42.24980     2.23256     0.82883     0.14729   (sampled)
    42.34980     2.17399     0.94485     0.15403 (mid-point)
    42.44980     2.11807     1.06087     0.16112   (sampled)
    42.54980     2.06340     1.16826     0.16860 (mid-point)
    42.64980     2.01106     1.27565     0.17647   (sampled)
    42.74980     1.96072     1.38354     0.18475 (mid-point)
    42.84980     1.91294     1.49143     0.19345   (sampled)
    42.94980     1.86873     1.59771     0.20256 (mid-point)
    43.04980     1.82720     1.70399     0.21210   (sampled)
    43.14980     1.78724     1.81081     0.22206 (mid-point)
    43.24980     1.74977     1.91764     0.23246   (sampled)
    43.34980     1.71185     2.01860     0.24332 (mid-point)
    43.44980     1.67656     2.11956     0.25465   (sampled)
    43.54980     1.65303     2.23274     0.26630 (mid-point)
    43.64980     1.63300     2.34592     0.27823   (sampled)
    43.74980     1.57484     2.52806     0.29107 (mid-point)
    43.84980     1.52608     2.71019     0.30473   (sampled)
    43.94980     1.47948     2.86979     0.31928 (mid-point)
    44.04980     1.43921     3.02938     0.33464   (sampled)
    44.14980     1.38470     3.13644     0.35125 (mid-point)
    44.24980     1.33295     3.24350     0.36916   (sampled)
    44.34980     1.21527     3.91367     0.39071 (mid-point)
    44.44980     1.25031     4.58384     0.41107   (sampled)
    44.54980     1.19747     4.84226     0.43327 (mid-point)
    44.64980     1.16740     5.10068     0.45663   (sampled)
    44.74980     0.81490     7.34129     0.50456 (mid-point)
    44.84980     1.97661     9.58191     0.51271   (sampled)
    44.94980     5.18199    14.25349     0.51390 (mid-point)
    45.04980     9.19728    18.92508     0.51427   (sampled)
    45.14980    14.50581    24.63023     0.51442 (mid-point)
    45.24980    20.01367    30.33538     0.51450   (sampled)

 Minimum radius found:      0.815 angstroms.



 For spherical probe approach, The geometric factor
         F= sum(ds/area) along channel is    0.515 angstroms**-1
 This yields a macroscopic predicted molar conductance of:
   (1/rho)*(100/F)= (190/rho) pS,
   where rho is the conductivity of 1M permeant ion in ohm m.
 N.B. this is a macroscopic conductance - an overestimate 
 Empirically corrected conductances currently only available
 With the CAPSULE option (although its not that stable!)
 For 1M KCl rho= 1/12 (ohm m), So Gmacro= 2300 pS/M.
  (TAG      1   Rmin=     0.81490   Gmacro=  2332.34910 Conn_Gmacro=    -1.00000 ).
 HOLE: normal completion
