 *** Program HOLE ***
 
 If results of this run are reported or published, please
 cite the publication listed below.
 For the HOLE program:
   Smart, O.S., Goodfellow, J.M., Wallace, B.A. (1993). 
   The pore dimensions of gramicidin A. 
   Biophys. J., 65, 2455-2460.
 
 Originally written by Oliver Smart at Birkbeck College from April 1992.
 Copyright 1993-2005 Oliver Smart
 Copyright 2014-2015 SmartSci Limited.
 Copyright 2016 Oliver Smart.
 
 For help on HOLE suite see  http://www.holeprogram.org/
 
 HOLE release 2.2.005 (07 August 2016) 
 
 usage subject to Apache License, Version 2.0 
 see http://www.apache.org/licenses/LICENSE-2.0 

 Control variables read:

! Input file for Oliver Smart's HOLE program
! written by MDAnalysis.analysis.hole2.HoleAnalysis
! for a Universe
! u = mda.Universe(/afs/crc.nd.edu/user/m/mfarshad/Private/ML-new/traj/host-M3/h
!    /afs/crc.nd.edu/user/m/mfarshad/Private/ML-new/traj/host-M3/host_M3.trr
!   )
! Frame 120

COORD  /tmp/2550304.1.long/tmpcbjg2px3.pdb
RADIUS simple2.rad
SPHPDB hole120.sph
SAMPLE 0.200000
ENDRAD 22.000000
IGNORE SOL WAT TIP HOH K   NA  CL
SHORTO 0
RASEED 31415
CPOINT 49.5572378046 51.8763628567 51.6134200601


 WARNING have not found a CVECT record - will try to guess
 Input pdb filename read as:    '/tmp/2550304.1.long/tmpcbjg2px3.pdb'
 Input vdW radius file read as: 'simple2.rad'
 point in channel:   49.557  51.876  51.613
 channel vector:   ************************
 sampling distance between planes:    0.200

 graphics conditions:
 binary plot output file name: NONE
 Dot density:    10
 Draw dots?           T
 Draw close contacts? F
 Draw centre line?    T
 Produce spikes rather than dots? F
 Seed for random number generator:     31415 (0 means value set by program)
 Radius above which a result is regarded as an 'end':  22.000
 Pdb format file for sphere centres: hole120.sph

 Monte Carlo conditions:
  no of steps:  1000
  maximum displacement   0.100 angs
  'kT' initial   0.100 angs
 The spherebox and capsule options are turned off.
 (No molqpt card so will not write qpt file of the molecule)
 IGNORE card read so will ignore residue types: SOL WAT TIP HOH K   NA  CL
 no SHORTO card read so will produce full textual output
 As no PEGRAT card was found will not produce PEG polymer exclusion graph
 (No 2DMAPS card specified so will not produce 2D property maps)
 Have not found a CUT card.  Normal calculation using
   Cutoff lists with a cutsize=       1.000
   (if you wish to turn off option use a CUT -1 card)

 Have read     7 bond radius records and
              16 vdW radius records.
 From file: simple2.rad

 Have read   170 atom records.
 From file: /tmp/2550304.1.long/tmpcbjg2px3.pdb
 Will not produce graphical output

 Have opened file for pdb format output of sphere centres:  hole120.sph

  Seed integer used by ran # generator on this run      31415

 
 S/R cguess will try to guess CPOINT and/or CVECT
 
 THESE GUESSES MAY WELL BE WRONG!!!!
 Routine relies on having a reasonably symmetric
 channel oriented along x, y or z vector
 YOU ARE STRONGLY ADVISED TO CHECK THE RESULTS
                       WITH MOLECULAR GRAPHICS
 testing points from cpoint in X, Y then Z direction
   point                   pore radius
direction     1
  44.557  51.876  51.613    -1.074
  45.557  51.876  51.613    -1.322
  46.557  51.876  51.613    -1.244
  47.557  51.876  51.613    -0.341
  48.557  51.876  51.613     0.134
  49.557  51.876  51.613     0.643
  50.557  51.876  51.613     1.123
  51.557  51.876  51.613     1.365
  52.557  51.876  51.613     1.869
  53.557  51.876  51.613     2.547
  54.557  51.876  51.613     3.003
 Average pore radius along the line=      0.609
direction     2
  49.557  46.876  51.613    -0.049
  49.557  47.876  51.613     0.148
  49.557  48.876  51.613    -0.016
  49.557  49.876  51.613    -0.282
  49.557  50.876  51.613    -0.008
  49.557  51.876  51.613     0.643
  49.557  52.876  51.613     0.370
  49.557  53.876  51.613     0.198
  49.557  54.876  51.613    -0.678
  49.557  55.876  51.613    -1.185
  49.557  56.876  51.613    -0.743
 Average pore radius along the line=     -0.146
direction     3
  49.557  51.876  46.613     1.565
  49.557  51.876  47.613     1.152
  49.557  51.876  48.613     0.927
  49.557  51.876  49.613     0.517
  49.557  51.876  50.613     0.415
  49.557  51.876  51.613     0.643
  49.557  51.876  52.613     0.276
  49.557  51.876  53.613    -0.544
  49.557  51.876  54.613    -0.908
  49.557  51.876  55.613    -0.452
  49.557  51.876  56.613    -0.685
 Average pore radius along the line=      0.264
 Best direction is found to be     1
(1=X,2=Y,3=Z)
 s/r cguess has produced initial values for cpoint &/or cvect:
CPOINT      49.5572     51.8764     51.6134
CVECT        1.0000      0.0000      0.0000
 THESE GUESSES MAY WELL BE WRONG!!!!
 Routine relies on having a reasonably symmetric
 channel oriented along x, y or z vector
 YOU ARE STRONGLY ADVISED TO CHECK THE RESULTS
                       WITH MOLECULAR GRAPHICS
 
 
  Some routines (e.g. conn) need vectors normal to cvect: 
     EAST Zero degrees angle is along vector    0.000   1.000   0.000
     NORTH  90 degrees angle is along vector    0.000   0.000  -1.000
 highest radius point found:
  at point   49.557  52.134  51.920
  closest atom surface    0.868   C33 M   X    1
  2nd closest surface     0.869   S5  M   X    1
  found on step  796
 current point:
  at point   49.557  52.130  51.929
  closest atom surface    0.867   S5  M   X    1
  2nd closest surface     0.867   C62 M   X    1
  found on step  991
  no. of rejections          399
 stored as     0

 highest radius point found:
  at point   49.757  52.088  51.804
  closest atom surface    0.945   C62 M   X    1
  2nd closest surface     0.946   S5  M   X    1
  found on step  788
 current point:
  at point   49.757  52.092  51.803
  closest atom surface    0.943   C29 M   X    1
  2nd closest surface     0.946   C62 M   X    1
  found on step  902
  no. of rejections          360
 stored as     1

 highest radius point found:
  at point   49.957  52.042  51.684
  closest atom surface    1.037   C62 M   X    1
  2nd closest surface     1.038   S5  M   X    1
  found on step  674
 current point:
  at point   49.957  52.045  51.683
  closest atom surface    1.036   C29 M   X    1
  2nd closest surface     1.037   C62 M   X    1
  found on step  979
  no. of rejections          367
 stored as     2

 highest radius point found:
  at point   50.157  51.993  51.555
  closest atom surface    1.143   S5  M   X    1
  2nd closest surface     1.144   C29 M   X    1
  found on step  250
 current point:
  at point   50.157  51.993  51.550
  closest atom surface    1.141   C29 M   X    1
  2nd closest surface     1.144   S5  M   X    1
  found on step  972
  no. of rejections          345
 stored as     3

 highest radius point found:
  at point   50.357  51.951  51.444
  closest atom surface    1.267   C62 M   X    1
  2nd closest surface     1.267   S5  M   X    1
  found on step  209
 current point:
  at point   50.357  51.948  51.439
  closest atom surface    1.266   S5  M   X    1
  2nd closest surface     1.268   C29 M   X    1
  found on step  977
  no. of rejections          346
 stored as     4

 highest radius point found:
  at point   50.557  49.191  45.203
  closest atom surface    4.650   S6  M   X    1
  2nd closest surface     4.689   H27 M   X    1
  found on step  999
  this is also current point
  no. of rejections          262
 stored as     5

 highest radius point found:
  at point   50.757  42.910  36.650
  closest atom surface   13.491   S6  M   X    1
  2nd closest surface    13.492   H23 M   X    1
  found on step  999
  this is also current point
  no. of rejections          289
 stored as     6

 highest radius point found:
  at point   50.957  36.026  28.747
  closest atom surface   23.210   O15 M   X    1
  2nd closest surface    23.212   H21 M   X    1
  found on step  997
  this is also current point
  no. of rejections          295
 This is an end! (radius above  22.0 angs)
 highest radius point found:
  at point   49.357  52.122  51.882
  closest atom surface    0.739   C33 M   X    1
  2nd closest surface     0.739   C29 M   X    1
  found on step  822
 current point:
  at point   49.357  52.121  51.879
  closest atom surface    0.738   C29 M   X    1
  2nd closest surface     0.738   S5  M   X    1
  found on step  974
  no. of rejections          342
 stored as    -1

 highest radius point found:
  at point   49.157  52.098  51.814
  closest atom surface    0.605   S5  M   X    1
  2nd closest surface     0.606   C29 M   X    1
  found on step  979
  this is also current point
  no. of rejections          298
 stored as    -2

 highest radius point found:
  at point   48.957  52.070  51.727
  closest atom surface    0.474   C29 M   X    1
  2nd closest surface     0.476   N5  M   X    1
  found on step  939
  this is also current point
  no. of rejections          362
 stored as    -3

 highest radius point found:
  at point   48.757  52.039  51.639
  closest atom surface    0.358   C29 M   X    1
  2nd closest surface     0.359   S5  M   X    1
  found on step  817
 current point:
  at point   48.757  52.041  51.641
  closest atom surface    0.358   N5  M   X    1
  2nd closest surface     0.359   C29 M   X    1
  found on step  986
  no. of rejections          369
 stored as    -4

 highest radius point found:
  at point   48.557  52.009  51.553
  closest atom surface    0.258   S5  M   X    1
  2nd closest surface     0.259   N5  M   X    1
  found on step  992
  this is also current point
  no. of rejections          345
 stored as    -5

 highest radius point found:
  at point   48.357  51.982  51.467
  closest atom surface    0.177   S5  M   X    1
  2nd closest surface     0.178   N5  M   X    1
  found on step  925
  this is also current point
  no. of rejections          397
 stored as    -6

 highest radius point found:
  at point   48.157  51.960  51.384
  closest atom surface    0.115   C29 M   X    1
  2nd closest surface     0.116   N5  M   X    1
  found on step  330
 current point:
  at point   48.157  51.967  51.387
  closest atom surface    0.112   C29 M   X    1
  2nd closest surface     0.113   N5  M   X    1
  found on step  926
  no. of rejections          394
 stored as    -7

 highest radius point found:
  at point   47.957  48.029  43.245
  closest atom surface    5.726   H24 M   X    1
  2nd closest surface     5.732   S6  M   X    1
  found on step  999
  this is also current point
  no. of rejections          305
 stored as    -8

 highest radius point found:
  at point   47.757  41.563  35.568
  closest atom surface   14.637   S6  M   X    1
  2nd closest surface    14.779   H23 M   X    1
  found on step  997
  this is also current point
  no. of rejections          289
 stored as    -9

 highest radius point found:
  at point   47.557  35.579  28.279
  closest atom surface   23.730   H21 M   X    1
  2nd closest surface    23.733   O15 M   X    1
  found on step 1000
  this is also current point
  no. of rejections          285
 This is an end! (radius above  22.0 angs)
 
 N.b. Graph information routine (HOGRAP) differs 
        markedly from previous versions!
       Information now is written from -ve end
       to +ve in one pass
 
 Explanation of the meaning of each column: 
 First column "cenxyz.cvec" is the coordinate in the
   direction of the channel vector i.e. if the channel
   vector is in z (0 0 1) then it is the z coordinate.
 The second column "radius" is the hole pore radius 
   (as defined in the Biophys J 1993) article).
 The third column "cen_line_D" is the distance 
   measured along the pore centre line - with the 
   first point found set to zero. This was the first
   thing that I used to measure the distance along a pore
   but "cenxyz.cvec" is a much better general measure. 
   However, by comparing changes in this distance to changes in '   "cenxyz.cvec" one can get a measure of how straight a 
   channel is.
 The fourth column "sum{s/(area)}" is useful in conductance
   prediction -
   basically it is the sum of the thickness of each slab
   divided by its area. HOLE uses this measure to estimate
   the macroscopic conductance of a channel.
 If any of this worries you one can see the "raw" results
   of a standard hole run by producing a sphpdb file and 
    directly looking at the results.
 cenxyz.cvec      radius  cen_line_D sum{s/(area point sourc
    47.75724    14.63720   -20.59381     0.00015   (sampled)
    47.85724     9.96224   -15.57405     0.00047 (mid-point)
    47.95724     5.72597   -10.55430     0.00144   (sampled)
    48.05724     2.22290    -6.03414     0.00788 (mid-point)
    48.15724     0.11549    -1.51398     2.39449   (sampled)
    48.25724     0.14420    -1.40500     3.92536 (mid-point)
    48.35724     0.17735    -1.29603     4.93733   (sampled)
    48.45724     0.21541    -1.18647     5.62332 (mid-point)
    48.55724     0.25815    -1.07690     6.10098   (sampled)
    48.65724     0.30656    -0.96703     6.43968 (mid-point)
    48.75724     0.35832    -0.85717     6.68760   (sampled)
    48.85724     0.41433    -0.74686     6.87302 (mid-point)
    48.95724     0.47423    -0.63655     7.01455   (sampled)
    49.05724     0.53841    -0.52645     7.12436 (mid-point)
    49.15724     0.60531    -0.41635     7.21123   (sampled)
    49.25724     0.67106    -0.31009     7.28192 (mid-point)
    49.35724     0.73853    -0.20384     7.34028   (sampled)
    49.45724     0.80229    -0.10192     7.38973 (mid-point)
    49.55724     0.86838     0.00000     7.43194   (sampled)
    49.65724     0.90517     0.11772     7.47079 (mid-point)
    49.75724     0.94510     0.23544     7.50643   (sampled)
    49.85724     0.98892     0.35442     7.53898 (mid-point)
    49.95724     1.03699     0.47340     7.56858   (sampled)
    50.05724     1.08843     0.59498     7.59545 (mid-point)
    50.15724     1.14323     0.71655     7.61980   (sampled)
    50.25724     1.20383     0.83280     7.64176 (mid-point)
    50.35724     1.26697     0.94904     7.66159   (sampled)
    50.45724     2.19771     4.36242     7.66818 (mid-point)
    50.55724     4.64965     7.77581     7.66966   (sampled)
    50.65724     8.67393    13.08233     7.67008 (mid-point)
    50.75724    13.49084    18.38886     7.67025   (sampled)

 Minimum radius found:      0.115 angstroms.



 For spherical probe approach, The geometric factor
         F= sum(ds/area) along channel is    7.670 angstroms**-1
 This yields a macroscopic predicted molar conductance of:
   (1/rho)*(100/F)= (13/rho) pS,
   where rho is the conductivity of 1M permeant ion in ohm m.
 N.B. this is a macroscopic conductance - an overestimate 
 Empirically corrected conductances currently only available
 With the CAPSULE option (although its not that stable!)
 For 1M KCl rho= 1/12 (ohm m), So Gmacro= 160 pS/M.
  (TAG      1   Rmin=     0.11549   Gmacro=   156.44852 Conn_Gmacro=    -1.00000 ).
 HOLE: normal completion
