 *** Program HOLE ***
 
 If results of this run are reported or published, please
 cite the publication listed below.
 For the HOLE program:
   Smart, O.S., Goodfellow, J.M., Wallace, B.A. (1993). 
   The pore dimensions of gramicidin A. 
   Biophys. J., 65, 2455-2460.
 
 Originally written by Oliver Smart at Birkbeck College from April 1992.
 Copyright 1993-2005 Oliver Smart
 Copyright 2014-2015 SmartSci Limited.
 Copyright 2016 Oliver Smart.
 
 For help on HOLE suite see  http://www.holeprogram.org/
 
 HOLE release 2.2.005 (07 August 2016) 
 
 usage subject to Apache License, Version 2.0 
 see http://www.apache.org/licenses/LICENSE-2.0 

 Control variables read:

! Input file for Oliver Smart's HOLE program
! written by MDAnalysis.analysis.hole2.HoleAnalysis
! for a Universe
! u = mda.Universe(/afs/crc.nd.edu/user/m/mfarshad/Private/ML-new/traj/host-M3/h
!    /afs/crc.nd.edu/user/m/mfarshad/Private/ML-new/traj/host-M3/host_M3.trr
!   )
! Frame 160

COORD  /tmp/2550304.1.long/tmpndaltui5.pdb
RADIUS simple2.rad
SPHPDB hole160.sph
SAMPLE 0.200000
ENDRAD 22.000000
IGNORE SOL WAT TIP HOH K   NA  CL
SHORTO 0
RASEED 31415
CPOINT 50.1420985054 50.5048264223 50.6694834541


 WARNING have not found a CVECT record - will try to guess
 Input pdb filename read as:    '/tmp/2550304.1.long/tmpndaltui5.pdb'
 Input vdW radius file read as: 'simple2.rad'
 point in channel:   50.142  50.505  50.669
 channel vector:   ************************
 sampling distance between planes:    0.200

 graphics conditions:
 binary plot output file name: NONE
 Dot density:    10
 Draw dots?           T
 Draw close contacts? F
 Draw centre line?    T
 Produce spikes rather than dots? F
 Seed for random number generator:     31415 (0 means value set by program)
 Radius above which a result is regarded as an 'end':  22.000
 Pdb format file for sphere centres: hole160.sph

 Monte Carlo conditions:
  no of steps:  1000
  maximum displacement   0.100 angs
  'kT' initial   0.100 angs
 The spherebox and capsule options are turned off.
 (No molqpt card so will not write qpt file of the molecule)
 IGNORE card read so will ignore residue types: SOL WAT TIP HOH K   NA  CL
 no SHORTO card read so will produce full textual output
 As no PEGRAT card was found will not produce PEG polymer exclusion graph
 (No 2DMAPS card specified so will not produce 2D property maps)
 Have not found a CUT card.  Normal calculation using
   Cutoff lists with a cutsize=       1.000
   (if you wish to turn off option use a CUT -1 card)

 Have read     7 bond radius records and
              16 vdW radius records.
 From file: simple2.rad

 Have read   170 atom records.
 From file: /tmp/2550304.1.long/tmpndaltui5.pdb
 Will not produce graphical output

 Have opened file for pdb format output of sphere centres:  hole160.sph

  Seed integer used by ran # generator on this run      31415

 
 S/R cguess will try to guess CPOINT and/or CVECT
 
 THESE GUESSES MAY WELL BE WRONG!!!!
 Routine relies on having a reasonably symmetric
 channel oriented along x, y or z vector
 YOU ARE STRONGLY ADVISED TO CHECK THE RESULTS
                       WITH MOLECULAR GRAPHICS
 testing points from cpoint in X, Y then Z direction
   point                   pore radius
direction     1
  45.142  50.505  50.669    -0.247
  46.142  50.505  50.669    -0.543
  47.142  50.505  50.669    -0.801
  48.142  50.505  50.669    -0.341
  49.142  50.505  50.669     0.463
  50.142  50.505  50.669     0.397
  51.142  50.505  50.669    -0.358
  52.142  50.505  50.669    -1.026
  53.142  50.505  50.669    -0.597
  54.142  50.505  50.669    -0.238
  55.142  50.505  50.669    -0.396
 Average pore radius along the line=     -0.335
direction     2
  50.142  45.505  50.669     2.442
  50.142  46.505  50.669     1.538
  50.142  47.505  50.669     0.655
  50.142  48.505  50.669     0.018
  50.142  49.505  50.669     0.080
  50.142  50.505  50.669     0.397
  50.142  51.505  50.669     0.539
  50.142  52.505  50.669    -0.303
  50.142  53.505  50.669    -0.815
  50.142  54.505  50.669    -0.953
  50.142  55.505  50.669    -0.257
 Average pore radius along the line=      0.304
direction     3
  50.142  50.505  45.669     3.169
  50.142  50.505  46.669     2.715
  50.142  50.505  47.669     2.240
  50.142  50.505  48.669     1.471
  50.142  50.505  49.669     0.869
  50.142  50.505  50.669     0.397
  50.142  50.505  51.669    -0.341
  50.142  50.505  52.669    -0.624
  50.142  50.505  53.669    -0.504
  50.142  50.505  54.669    -1.357
  50.142  50.505  55.669    -1.029
 Average pore radius along the line=      0.637
 Best direction is found to be     3
(1=X,2=Y,3=Z)
 s/r cguess has produced initial values for cpoint &/or cvect:
CPOINT      50.1421     50.5048     50.6695
CVECT        0.0000      0.0000      1.0000
 THESE GUESSES MAY WELL BE WRONG!!!!
 Routine relies on having a reasonably symmetric
 channel oriented along x, y or z vector
 YOU ARE STRONGLY ADVISED TO CHECK THE RESULTS
                       WITH MOLECULAR GRAPHICS
 
 
  Some routines (e.g. conn) need vectors normal to cvect: 
     EAST Zero degrees angle is along vector    1.000   0.000   0.000
     NORTH  90 degrees angle is along vector    0.000  -1.000   0.000
 highest radius point found:
  at point   49.893  51.015  50.669
  closest atom surface    0.746   N10 M   X    1
  2nd closest surface     0.747   C29 M   X    1
  found on step  942
  this is also current point
  no. of rejections          377
 stored as     0

 highest radius point found:
  at point   49.955  51.131  50.869
  closest atom surface    0.670   N10 M   X    1
  2nd closest surface     0.672   C29 M   X    1
  found on step    8
 current point:
  at point   49.949  51.126  50.869
  closest atom surface    0.669   C29 M   X    1
  2nd closest surface     0.669   N10 M   X    1
  found on step  879
  no. of rejections          365
 stored as     1

 highest radius point found:
  at point   50.024  51.252  51.069
  closest atom surface    0.617   N10 M   X    1
  2nd closest surface     0.620   C29 M   X    1
  found on step  996
  this is also current point
  no. of rejections          377
 stored as     2

 highest radius point found:
  at point   49.991  51.307  51.269
  closest atom surface    0.553   C30 M   X    1
  2nd closest surface     0.553   N10 M   X    1
  found on step  904
  this is also current point
  no. of rejections          357
 stored as     3

 highest radius point found:
  at point   49.995  51.442  51.469
  closest atom surface    0.483   C30 M   X    1
  2nd closest surface     0.483   N10 M   X    1
  found on step   79
 current point:
  at point   49.187  50.849  51.469
  closest atom surface    0.433   C29 M   X    1
  2nd closest surface     0.434   N10 M   X    1
  found on step  994
  no. of rejections          379
 stored as     4

 highest radius point found:
  at point   49.815  51.342  51.669
  closest atom surface    0.442   N10 M   X    1
  2nd closest surface     0.446   C30 M   X    1
  found on step  996
  this is also current point
  no. of rejections          370
 stored as     5

 highest radius point found:
  at point   49.751  51.388  51.869
  closest atom surface    0.417   C30 M   X    1
  2nd closest surface     0.417   N10 M   X    1
  found on step  965
  this is also current point
  no. of rejections          336
 stored as     6

 highest radius point found:
  at point   49.641  51.377  52.069
  closest atom surface    0.417   C30 M   X    1
  2nd closest surface     0.418   C29 M   X    1
  found on step  975
  this is also current point
  no. of rejections          368
 stored as     7

 highest radius point found:
  at point   49.584  51.438  52.269
  closest atom surface    0.431   C30 M   X    1
  2nd closest surface     0.431   N10 M   X    1
  found on step  679
 current point:
  at point   49.584  51.438  52.269
  closest atom surface    0.431   N10 M   X    1
  2nd closest surface     0.431   C30 M   X    1
  found on step  976
  no. of rejections          401
 stored as     8

 highest radius point found:
  at point   49.751  51.790  52.469
  closest atom surface    0.454   N10 M   X    1
  2nd closest surface     0.454   C30 M   X    1
  found on step  898
  this is also current point
  no. of rejections          408
 stored as     9

 highest radius point found:
  at point   49.739  51.944  52.669
  closest atom surface    0.430   C31 M   X    1
  2nd closest surface     0.434   C2  M   X    1
  found on step  878
 current point:
  at point   49.733  51.931  52.669
  closest atom surface    0.429   C31 M   X    1
  2nd closest surface     0.431   C2  M   X    1
  found on step  970
  no. of rejections          373
 stored as    10

 highest radius point found:
  at point   49.682  52.036  52.869
  closest atom surface    0.392   C2  M   X    1
  2nd closest surface     0.396   C31 M   X    1
  found on step  976
  this is also current point
  no. of rejections          373
 stored as    11

 highest radius point found:
  at point   49.633  52.129  53.069
  closest atom surface    0.379   C31 M   X    1
  2nd closest surface     0.380   C2  M   X    1
  found on step  838
 current point:
  at point   49.634  52.132  53.069
  closest atom surface    0.377   O24 M   X    1
  2nd closest surface     0.380   C31 M   X    1
  found on step  979
  no. of rejections          391
 stored as    12

 highest radius point found:
  at point   49.580  52.218  53.269
  closest atom surface    0.386   C31 M   X    1
  2nd closest surface     0.387   C2  M   X    1
  found on step  764
 current point:
  at point   49.583  52.221  53.269
  closest atom surface    0.385   C31 M   X    1
  2nd closest surface     0.387   O24 M   X    1
  found on step  999
  no. of rejections          388
 stored as    13

 highest radius point found:
  at point   49.530  52.314  53.469
  closest atom surface    0.417   C31 M   X    1
  2nd closest surface     0.417   O24 M   X    1
  found on step  274
 current point:
  at point   49.526  52.316  53.469
  closest atom surface    0.415   C2  M   X    1
  2nd closest surface     0.417   O24 M   X    1
  found on step  967
  no. of rejections          380
 stored as    14

 highest radius point found:
  at point   49.458  52.435  53.669
  closest atom surface    0.453   O24 M   X    1
  2nd closest surface     0.454   C32 M   X    1
  found on step  866
 current point:
  at point   49.455  52.433  53.669
  closest atom surface    0.453   C2  M   X    1
  2nd closest surface     0.453   C32 M   X    1
  found on step  992
  no. of rejections          381
 stored as    15

 highest radius point found:
  at point   49.363  52.586  53.869
  closest atom surface    0.501   O24 M   X    1
  2nd closest surface     0.501   C2  M   X    1
  found on step  876
  this is also current point
  no. of rejections          352
 stored as    16

 highest radius point found:
  at point   49.275  52.734  54.069
  closest atom surface    0.579   C32 M   X    1
  2nd closest surface     0.580   O24 M   X    1
  found on step  946
  this is also current point
  no. of rejections          342
 stored as    17

 highest radius point found:
  at point   49.197  52.887  54.269
  closest atom surface    0.679   C32 M   X    1
  2nd closest surface     0.679   C1  M   X    1
  found on step  925
  this is also current point
  no. of rejections          364
 stored as    18

 highest radius point found:
  at point   52.879  56.023  54.469
  closest atom surface    2.672   O24 M   X    1
  2nd closest surface     2.686   O13 M   X    1
  found on step  999
  this is also current point
  no. of rejections          253
 stored as    19

 highest radius point found:
  at point   55.261  66.368  54.669
  closest atom surface   10.899   H42 M   X    1
  2nd closest surface    11.130   C43 M   X    1
  found on step 1000
  this is also current point
  no. of rejections          231
 stored as    20

 highest radius point found:
  at point   56.467  77.478  54.869
  closest atom surface   21.228   H42 M   X    1
  2nd closest surface    21.315   O22 M   X    1
  found on step  999
  this is also current point
  no. of rejections          248
 stored as    21

 highest radius point found:
  at point   55.122  88.433  55.069
  closest atom surface   30.942   O22 M   X    1
  2nd closest surface    31.370   O23 M   X    1
  found on step  995
  this is also current point
  no. of rejections          281
 This is an end! (radius above  22.0 angs)
 highest radius point found:
  at point   49.823  50.895  50.469
  closest atom surface    0.840   N10 M   X    1
  2nd closest surface     0.841   C29 M   X    1
  found on step  366
 current point:
  at point   49.801  50.880  50.469
  closest atom surface    0.838   N10 M   X    1
  2nd closest surface     0.838   C29 M   X    1
  found on step  969
  no. of rejections          357
 stored as    -1

 highest radius point found:
  at point   49.764  50.781  50.269
  closest atom surface    0.954   C29 M   X    1
  2nd closest surface     0.955   O12 M   X    1
  found on step  933
  this is also current point
  no. of rejections          340
 stored as    -2

 highest radius point found:
  at point   49.551  50.569  50.069
  closest atom surface    1.084   N10 M   X    1
  2nd closest surface     1.085   C29 M   X    1
  found on step  812
 current point:
  at point   49.672  50.647  50.069
  closest atom surface    1.082   C29 M   X    1
  2nd closest surface     1.082   N10 M   X    1
  found on step  883
  no. of rejections          352
 stored as    -3

 highest radius point found:
  at point   49.598  50.527  49.869
  closest atom surface    1.225   S1  M   X    1
  2nd closest surface     1.226   N10 M   X    1
  found on step  837
 current point:
  at point   49.615  50.538  49.869
  closest atom surface    1.225   N10 M   X    1
  2nd closest surface     1.225   C29 M   X    1
  found on step  984
  no. of rejections          340
 stored as    -4

 highest radius point found:
  at point   49.606  50.505  49.669
  closest atom surface    1.337   S1  M   X    1
  2nd closest surface     1.338   O12 M   X    1
  found on step  967
  this is also current point
  no. of rejections          357
 stored as    -5

 highest radius point found:
  at point   49.666  50.181  49.469
  closest atom surface    1.448   S1  M   X    1
  2nd closest surface     1.449   O12 M   X    1
  found on step  816
 current point:
  at point   49.664  50.190  49.469
  closest atom surface    1.448   S1  M   X    1
  2nd closest surface     1.448   O12 M   X    1
  found on step  913
  no. of rejections          323
 stored as    -6

 highest radius point found:
  at point   49.704  49.953  49.269
  closest atom surface    1.585   S1  M   X    1
  2nd closest surface     1.585   O12 M   X    1
  found on step  777
 current point:
  at point   49.705  49.934  49.269
  closest atom surface    1.584   S1  M   X    1
  2nd closest surface     1.586   C29 M   X    1
  found on step  928
  no. of rejections          327
 stored as    -7

 highest radius point found:
  at point   49.743  49.727  49.069
  closest atom surface    1.742   C29 M   X    1
  2nd closest surface     1.742   S1  M   X    1
  found on step  923
  this is also current point
  no. of rejections          343
 stored as    -8

 highest radius point found:
  at point   51.050  45.439  48.869
  closest atom surface    3.393   O16 M   X    1
  2nd closest surface     3.419   H28 M   X    1
  found on step  999
  this is also current point
  no. of rejections          223
 stored as    -9

 highest radius point found:
  at point   52.297  39.879  48.669
  closest atom surface    6.366   O5  M   X    1
  2nd closest surface     6.424   O16 M   X    1
  found on step 1000
  this is also current point
  no. of rejections          298
 stored as   -10

 highest radius point found:
  at point   55.060  30.370  48.469
  closest atom surface   15.164   O5  M   X    1
  2nd closest surface    15.166   O16 M   X    1
  found on step  997
  this is also current point
  no. of rejections          284
 stored as   -11

 highest radius point found:
  at point   57.165  20.001  48.269
  closest atom surface   25.243   O5  M   X    1
  2nd closest surface    25.447   O8  M   X    1
  found on step  998
  this is also current point
  no. of rejections          277
 This is an end! (radius above  22.0 angs)
 
 N.b. Graph information routine (HOGRAP) differs 
        markedly from previous versions!
       Information now is written from -ve end
       to +ve in one pass
 
 Explanation of the meaning of each column: 
 First column "cenxyz.cvec" is the coordinate in the
   direction of the channel vector i.e. if the channel
   vector is in z (0 0 1) then it is the z coordinate.
 The second column "radius" is the hole pore radius 
   (as defined in the Biophys J 1993) article).
 The third column "cen_line_D" is the distance 
   measured along the pore centre line - with the 
   first point found set to zero. This was the first
   thing that I used to measure the distance along a pore
   but "cenxyz.cvec" is a much better general measure. 
   However, by comparing changes in this distance to changes in '   "cenxyz.cvec" one can get a measure of how straight a 
   channel is.
 The fourth column "sum{s/(area)}" is useful in conductance
   prediction -
   basically it is the sum of the thickness of each slab
   divided by its area. HOLE uses this measure to estimate
   the macroscopic conductance of a channel.
 If any of this worries you one can see the "raw" results
   of a standard hole run by producing a sphpdb file and 
    directly looking at the results.
 cenxyz.cvec      radius  cen_line_D sum{s/(area point sourc
    48.46949    15.16360   -22.34224     0.00014   (sampled)
    48.56949    10.55452   -17.39020     0.00042 (mid-point)
    48.66949     6.36554   -12.43815     0.00121   (sampled)
    48.76949     4.44761    -9.58688     0.00282 (mid-point)
    48.86949     3.39262    -6.73560     0.00558   (sampled)
    48.96949     1.91591    -4.49198     0.01426 (mid-point)
    49.06949     1.74151    -2.24837     0.02475   (sampled)
    49.16949     1.66102    -2.09634     0.03629 (mid-point)
    49.26949     1.58496    -1.94432     0.04896   (sampled)
    49.36949     1.51403    -1.79132     0.06285 (mid-point)
    49.46949     1.44844    -1.63831     0.07802   (sampled)
    49.56949     1.38788    -1.44585     0.09454 (mid-point)
    49.66949     1.33734    -1.25338     0.11234   (sampled)
    49.76949     1.28008    -1.15272     0.13177 (mid-point)
    49.86949     1.22496    -1.05205     0.15298   (sampled)
    49.96949     1.15396    -0.94711     0.17688 (mid-point)
    50.06949     1.08446    -0.84216     0.20395   (sampled)
    50.16949     1.01452    -0.66153     0.23488 (mid-point)
    50.26949     0.95371    -0.48090     0.26987   (sampled)
    50.36949     0.89539    -0.36213     0.30958 (mid-point)
    50.46949     0.84048    -0.24336     0.35464   (sampled)
    50.56949     0.79091    -0.12168     0.40552 (mid-point)
    50.66949     0.74630    -0.00000     0.46267   (sampled)
    50.76949     0.70529     0.11982     0.52666 (mid-point)
    50.86949     0.66954     0.23964     0.59767   (sampled)
    50.96949     0.64051     0.36148     0.67526 (mid-point)
    51.06949     0.61741     0.48332     0.75876   (sampled)
    51.16949     0.58295     0.58821     0.85243 (mid-point)
    51.26949     0.55271     0.69309     0.95662   (sampled)
    51.36949     0.51513     0.81385     1.07658 (mid-point)
    51.46949     0.48321     0.93461     1.21290   (sampled)
    51.56949     0.45833     1.07836     1.36443 (mid-point)
    51.66949     0.44233     1.22212     1.52712   (sampled)
    51.76949     0.42707     1.32955     1.70164 (mid-point)
    51.86949     0.41656     1.43698     1.88508   (sampled)
    51.96949     0.41408     1.55126     2.07073 (mid-point)
    52.06949     0.41736     1.66553     2.25347   (sampled)
    52.16949     0.42143     1.77387     2.43269 (mid-point)
    52.26949     0.43064     1.88221     2.60434   (sampled)
    52.36949     0.43135     2.10093     2.77541 (mid-point)
    52.46949     0.45366     2.31965     2.93008   (sampled)
    52.56949     0.44746     2.44620     3.08905 (mid-point)
    52.66949     0.43013     2.57276     3.26110   (sampled)
    52.76949     0.40994     2.68645     3.45051 (mid-point)
    52.86949     0.39151     2.80013     3.65818   (sampled)
    52.96949     0.38274     2.91310     3.87547 (mid-point)
    53.06949     0.37907     3.02606     4.09698   (sampled)
    53.16949     0.37954     3.13856     4.31795 (mid-point)
    53.26949     0.38567     3.25106     4.53196   (sampled)
    53.36949     0.39862     3.36497     4.73228 (mid-point)
    53.46949     0.41723     3.47889     4.91513   (sampled)
    53.56949     0.43188     3.60113     5.08579 (mid-point)
    53.66949     0.45339     3.72337     5.24064   (sampled)
    53.76949     0.47289     3.85744     5.38298 (mid-point)
    53.86949     0.50058     3.99151     5.51001   (sampled)
    53.96949     0.53646     4.12338     5.62061 (mid-point)
    54.06949     0.57936     4.25525     5.71544   (sampled)
    54.16949     0.62609     4.38718     5.79664 (mid-point)
    54.26949     0.67885     4.51912     5.86572   (sampled)
    54.36949     0.84036     6.93922     5.91079 (mid-point)
    54.46949     2.67243     9.35933     5.91525   (sampled)
    54.56949     7.00944    14.66830     5.91590 (mid-point)
    54.66949    10.89861    19.97726     5.91616   (sampled)
    54.76949    15.92943    25.56575     5.91629 (mid-point)
    54.86949    21.22829    31.15424     5.91636   (sampled)

 Minimum radius found:      0.379 angstroms.



 For spherical probe approach, The geometric factor
         F= sum(ds/area) along channel is    5.916 angstroms**-1
 This yields a macroscopic predicted molar conductance of:
   (1/rho)*(100/F)= (17/rho) pS,
   where rho is the conductivity of 1M permeant ion in ohm m.
 N.B. this is a macroscopic conductance - an overestimate 
 Empirically corrected conductances currently only available
 With the CAPSULE option (although its not that stable!)
 For 1M KCl rho= 1/12 (ohm m), So Gmacro= 200 pS/M.
  (TAG      1   Rmin=     0.37907   Gmacro=   202.82744 Conn_Gmacro=    -1.00000 ).
 HOLE: normal completion
