 *** Program HOLE ***
 
 If results of this run are reported or published, please
 cite the publication listed below.
 For the HOLE program:
   Smart, O.S., Goodfellow, J.M., Wallace, B.A. (1993). 
   The pore dimensions of gramicidin A. 
   Biophys. J., 65, 2455-2460.
 
 Originally written by Oliver Smart at Birkbeck College from April 1992.
 Copyright 1993-2005 Oliver Smart
 Copyright 2014-2015 SmartSci Limited.
 Copyright 2016 Oliver Smart.
 
 For help on HOLE suite see  http://www.holeprogram.org/
 
 HOLE release 2.2.005 (07 August 2016) 
 
 usage subject to Apache License, Version 2.0 
 see http://www.apache.org/licenses/LICENSE-2.0 

 Control variables read:

! Input file for Oliver Smart's HOLE program
! written by MDAnalysis.analysis.hole2.HoleAnalysis
! for a Universe
! u = mda.Universe(/afs/crc.nd.edu/user/m/mfarshad/Private/ML-new/traj/host-M3/h
!    /afs/crc.nd.edu/user/m/mfarshad/Private/ML-new/traj/host-M3/host_M3.trr
!   )
! Frame 448

COORD  /tmp/2550304.1.long/tmpwtgubo2_.pdb
RADIUS simple2.rad
SPHPDB hole448.sph
SAMPLE 0.200000
ENDRAD 22.000000
IGNORE SOL WAT TIP HOH K   NA  CL
SHORTO 0
RASEED 31415
CPOINT 50.4508904625 50.9587750828 49.3970250747


 WARNING have not found a CVECT record - will try to guess
 Input pdb filename read as:    '/tmp/2550304.1.long/tmpwtgubo2_.pdb'
 Input vdW radius file read as: 'simple2.rad'
 point in channel:   50.451  50.959  49.397
 channel vector:   ************************
 sampling distance between planes:    0.200

 graphics conditions:
 binary plot output file name: NONE
 Dot density:    10
 Draw dots?           T
 Draw close contacts? F
 Draw centre line?    T
 Produce spikes rather than dots? F
 Seed for random number generator:     31415 (0 means value set by program)
 Radius above which a result is regarded as an 'end':  22.000
 Pdb format file for sphere centres: hole448.sph

 Monte Carlo conditions:
  no of steps:  1000
  maximum displacement   0.100 angs
  'kT' initial   0.100 angs
 The spherebox and capsule options are turned off.
 (No molqpt card so will not write qpt file of the molecule)
 IGNORE card read so will ignore residue types: SOL WAT TIP HOH K   NA  CL
 no SHORTO card read so will produce full textual output
 As no PEGRAT card was found will not produce PEG polymer exclusion graph
 (No 2DMAPS card specified so will not produce 2D property maps)
 Have not found a CUT card.  Normal calculation using
   Cutoff lists with a cutsize=       1.000
   (if you wish to turn off option use a CUT -1 card)

 Have read     7 bond radius records and
              16 vdW radius records.
 From file: simple2.rad

 Have read   170 atom records.
 From file: /tmp/2550304.1.long/tmpwtgubo2_.pdb
 Will not produce graphical output

 Have opened file for pdb format output of sphere centres:  hole448.sph

  Seed integer used by ran # generator on this run      31415

 
 S/R cguess will try to guess CPOINT and/or CVECT
 
 THESE GUESSES MAY WELL BE WRONG!!!!
 Routine relies on having a reasonably symmetric
 channel oriented along x, y or z vector
 YOU ARE STRONGLY ADVISED TO CHECK THE RESULTS
                       WITH MOLECULAR GRAPHICS
 testing points from cpoint in X, Y then Z direction
   point                   pore radius
direction     1
  45.451  50.959  49.397    -0.729
  46.451  50.959  49.397    -0.058
  47.451  50.959  49.397    -0.512
  48.451  50.959  49.397    -1.168
  49.451  50.959  49.397    -1.027
  50.451  50.959  49.397    -0.355
  51.451  50.959  49.397     0.455
  52.451  50.959  49.397     1.210
  53.451  50.959  49.397     2.075
  54.451  50.959  49.397     1.327
  55.451  50.959  49.397     0.743
 Average pore radius along the line=      0.178
direction     2
  50.451  45.959  49.397     2.014
  50.451  46.959  49.397     1.162
  50.451  47.959  49.397     0.447
  50.451  48.959  49.397     0.048
  50.451  49.959  49.397     0.049
  50.451  50.959  49.397    -0.355
  50.451  51.959  49.397    -0.426
  50.451  52.959  49.397    -0.380
  50.451  53.959  49.397    -0.687
  50.451  54.959  49.397    -0.789
  50.451  55.959  49.397    -0.778
 Average pore radius along the line=      0.028
direction     3
  50.451  50.959  44.397     0.544
  50.451  50.959  45.397     0.283
  50.451  50.959  46.397    -0.392
  50.451  50.959  47.397    -1.139
  50.451  50.959  48.397    -0.909
  50.451  50.959  49.397    -0.355
  50.451  50.959  50.397     0.201
  50.451  50.959  51.397     0.742
  50.451  50.959  52.397     1.182
  50.451  50.959  53.397     1.027
  50.451  50.959  54.397     0.248
 Average pore radius along the line=      0.130
 Best direction is found to be     1
(1=X,2=Y,3=Z)
 s/r cguess has produced initial values for cpoint &/or cvect:
CPOINT      50.4509     50.9588     49.3970
CVECT        1.0000      0.0000      0.0000
 THESE GUESSES MAY WELL BE WRONG!!!!
 Routine relies on having a reasonably symmetric
 channel oriented along x, y or z vector
 YOU ARE STRONGLY ADVISED TO CHECK THE RESULTS
                       WITH MOLECULAR GRAPHICS
 
 
  Some routines (e.g. conn) need vectors normal to cvect: 
     EAST Zero degrees angle is along vector    0.000   1.000   0.000
     NORTH  90 degrees angle is along vector    0.000   0.000  -1.000
 highest radius point found:
  at point   50.451  51.854  52.798
  closest atom surface    1.591   C28 M   X    1
  2nd closest surface     1.592   N8  M   X    1
  found on step  473
 current point:
  at point   50.451  51.867  52.790
  closest atom surface    1.589   S6  M   X    1
  2nd closest surface     1.592   N8  M   X    1
  found on step  901
  no. of rejections          368
 stored as     0

 highest radius point found:
  at point   50.651  51.914  52.631
  closest atom surface    1.672   N8  M   X    1
  2nd closest surface     1.674   C28 M   X    1
  found on step  351
 current point:
  at point   50.651  51.907  52.633
  closest atom surface    1.670   N8  M   X    1
  2nd closest surface     1.672   C28 M   X    1
  found on step  999
  no. of rejections          337
 stored as     1

 highest radius point found:
  at point   50.851  51.971  52.465
  closest atom surface    1.770   N8  M   X    1
  2nd closest surface     1.771   S6  M   X    1
  found on step  994
  this is also current point
  no. of rejections          340
 stored as     2

 highest radius point found:
  at point   51.051  52.001  52.310
  closest atom surface    1.878   C28 M   X    1
  2nd closest surface     1.881   N8  M   X    1
  found on step  983
  this is also current point
  no. of rejections          366
 stored as     3

 highest radius point found:
  at point   51.251  51.814  52.194
  closest atom surface    1.951   N8  M   X    1
  2nd closest surface     1.952   N7  M   X    1
  found on step  992
  this is also current point
  no. of rejections          356
 stored as     4

 highest radius point found:
  at point   51.451  52.223  52.169
  closest atom surface    1.967   N7  M   X    1
  2nd closest surface     1.971   C28 M   X    1
  found on step  314
 current point:
  at point   51.451  51.920  52.064
  closest atom surface    1.949   C23 M   X    1
  2nd closest surface     1.950   N7  M   X    1
  found on step  976
  no. of rejections          362
 stored as     5

 highest radius point found:
  at point   51.651  52.449  52.106
  closest atom surface    2.018   S6  M   X    1
  2nd closest surface     2.021   C23 M   X    1
  found on step  995
  this is also current point
  no. of rejections          361
 stored as     6

 highest radius point found:
  at point   51.851  52.650  52.000
  closest atom surface    2.072   C23 M   X    1
  2nd closest surface     2.074   N7  M   X    1
  found on step  947
  this is also current point
  no. of rejections          339
 stored as     7

 highest radius point found:
  at point   52.051  52.855  51.894
  closest atom surface    2.148   N7  M   X    1
  2nd closest surface     2.149   S6  M   X    1
  found on step 1000
  this is also current point
  no. of rejections          325
 stored as     8

 highest radius point found:
  at point   52.251  53.057  51.790
  closest atom surface    2.244   C23 M   X    1
  2nd closest surface     2.245   N7  M   X    1
  found on step  959
  this is also current point
  no. of rejections          326
 stored as     9

 highest radius point found:
  at point   52.451  53.263  51.680
  closest atom surface    2.359   N7  M   X    1
  2nd closest surface     2.362   S6  M   X    1
  found on step  512
 current point:
  at point   52.451  53.268  51.680
  closest atom surface    2.359   S6  M   X    1
  2nd closest surface     2.360   N7  M   X    1
  found on step  938
  no. of rejections          336
 stored as    10

 highest radius point found:
  at point   52.651  53.673  51.590
  closest atom surface    2.419   C41 M   X    1
  2nd closest surface     2.420   S6  M   X    1
  found on step  727
 current point:
  at point   52.651  53.680  51.590
  closest atom surface    2.418   S6  M   X    1
  2nd closest surface     2.419   C41 M   X    1
  found on step  925
  no. of rejections          332
 stored as    11

 highest radius point found:
  at point   52.851  54.171  51.618
  closest atom surface    2.449   C26 M   X    1
  2nd closest surface     2.449   C40 M   X    1
  found on step  967
  this is also current point
  no. of rejections          326
 stored as    12

 highest radius point found:
  at point   53.051  54.648  51.669
  closest atom surface    2.521   C26 M   X    1
  2nd closest surface     2.541   C40 M   X    1
  found on step   37
 current point:
  at point   53.051  54.119  51.284
  closest atom surface    2.453   C40 M   X    1
  2nd closest surface     2.453   C26 M   X    1
  found on step  997
  no. of rejections          317
 stored as    13

 highest radius point found:
  at point   53.251  56.398  51.836
  closest atom surface    2.841   H38 M   X    1
  2nd closest surface     2.842   S6  M   X    1
  found on step  956
  this is also current point
  no. of rejections          260
 stored as    14

 highest radius point found:
  at point   53.451  56.990  52.363
  closest atom surface    3.058   H38 M   X    1
  2nd closest surface     3.058   S6  M   X    1
  found on step  942
  this is also current point
  no. of rejections          251
 stored as    15

 highest radius point found:
  at point   53.651  67.307  50.867
  closest atom surface    8.681   O16 M   X    1
  2nd closest surface     9.542   H39 M   X    1
  found on step 1000
  this is also current point
  no. of rejections          186
 stored as    16

 highest radius point found:
  at point   53.851  79.110  49.383
  closest atom surface   19.532   O16 M   X    1
  2nd closest surface    20.090   H39 M   X    1
  found on step  999
  this is also current point
  no. of rejections          239
 stored as    17

 highest radius point found:
  at point   54.051  90.214  48.185
  closest atom surface   30.410   O16 M   X    1
  2nd closest surface    30.882   H39 M   X    1
  found on step  997
  this is also current point
  no. of rejections          262
 This is an end! (radius above  22.0 angs)
 highest radius point found:
  at point   50.251  51.799  52.960
  closest atom surface    1.530   N8  M   X    1
  2nd closest surface     1.531   C28 M   X    1
  found on step  859
 current point:
  at point   50.251  51.799  52.962
  closest atom surface    1.530   C28 M   X    1
  2nd closest surface     1.531   N8  M   X    1
  found on step  948
  no. of rejections          354
 stored as    -1

 highest radius point found:
  at point   50.051  51.748  53.123
  closest atom surface    1.490   N8  M   X    1
  2nd closest surface     1.490   S6  M   X    1
  found on step  980
  this is also current point
  no. of rejections          378
 stored as    -2

 highest radius point found:
  at point   49.851  51.755  53.192
  closest atom surface    1.417   H47 M   X    1
  2nd closest surface     1.417   S6  M   X    1
  found on step  931
  this is also current point
  no. of rejections          339
 stored as    -3

 highest radius point found:
  at point   49.651  51.849  53.127
  closest atom surface    1.286   N8  M   X    1
  2nd closest surface     1.287   C49 M   X    1
  found on step  116
 current point:
  at point   49.651  51.845  53.162
  closest atom surface    1.286   C49 M   X    1
  2nd closest surface     1.287   S6  M   X    1
  found on step  995
  no. of rejections          352
 stored as    -4

 highest radius point found:
  at point   49.451  51.965  53.033
  closest atom surface    1.153   C49 M   X    1
  2nd closest surface     1.154   N8  M   X    1
  found on step  526
 current point:
  at point   49.451  51.953  53.133
  closest atom surface    1.148   C49 M   X    1
  2nd closest surface     1.149   S6  M   X    1
  found on step  997
  no. of rejections          336
 stored as    -5

 highest radius point found:
  at point   49.251  52.081  52.946
  closest atom surface    1.033   S6  M   X    1
  2nd closest surface     1.033   C49 M   X    1
  found on step  953
  this is also current point
  no. of rejections          329
 stored as    -6

 highest radius point found:
  at point   49.051  51.925  54.579
  closest atom surface    1.025   C29 M   X    1
  2nd closest surface     1.026   S5  M   X    1
  found on step  843
 current point:
  at point   49.051  51.923  54.571
  closest atom surface    1.024   H47 M   X    1
  2nd closest surface     1.030   S5  M   X    1
  found on step  970
  no. of rejections          323
 stored as    -7

 highest radius point found:
  at point   48.851  46.528  58.858
  closest atom surface    4.633   C29 M   X    1
  2nd closest surface     4.679   O19 M   X    1
  found on step 1000
  this is also current point
  no. of rejections          278
 stored as    -8

 highest radius point found:
  at point   48.651  38.975  63.870
  closest atom surface   12.913   H46 M   X    1
  2nd closest surface    12.948   O19 M   X    1
  found on step 1000
  this is also current point
  no. of rejections          283
 stored as    -9

 highest radius point found:
  at point   48.451  28.528  71.885
  closest atom surface   25.707   O12 M   X    1
  2nd closest surface    25.743   H46 M   X    1
  found on step  999
  this is also current point
  no. of rejections          245
 This is an end! (radius above  22.0 angs)
 
 N.b. Graph information routine (HOGRAP) differs 
        markedly from previous versions!
       Information now is written from -ve end
       to +ve in one pass
 
 Explanation of the meaning of each column: 
 First column "cenxyz.cvec" is the coordinate in the
   direction of the channel vector i.e. if the channel
   vector is in z (0 0 1) then it is the z coordinate.
 The second column "radius" is the hole pore radius 
   (as defined in the Biophys J 1993) article).
 The third column "cen_line_D" is the distance 
   measured along the pore centre line - with the 
   first point found set to zero. This was the first
   thing that I used to measure the distance along a pore
   but "cenxyz.cvec" is a much better general measure. 
   However, by comparing changes in this distance to changes in '   "cenxyz.cvec" one can get a measure of how straight a 
   channel is.
 The fourth column "sum{s/(area)}" is useful in conductance
   prediction -
   basically it is the sum of the thickness of each slab
   divided by its area. HOLE uses this measure to estimate
   the macroscopic conductance of a channel.
 If any of this worries you one can see the "raw" results
   of a standard hole run by producing a sphpdb file and 
    directly looking at the results.
 cenxyz.cvec      radius  cen_line_D sum{s/(area point sourc
    48.65089    12.91283   -19.07546     0.00019   (sampled)
    48.75089     8.64681   -14.54180     0.00062 (mid-point)
    48.85089     4.63275   -10.00814     0.00210   (sampled)
    48.95089     1.79399    -6.56309     0.01199 (mid-point)
    49.05089     1.02540    -3.11804     0.04226   (sampled)
    49.15089     0.92261    -2.29155     0.07966 (mid-point)
    49.25089     1.03344    -1.46506     0.10946   (sampled)
    49.35089     1.09099    -1.34146     0.13621 (mid-point)
    49.45089     1.15252    -1.21786     0.16017   (sampled)
    49.55089     1.21789    -1.09314     0.18163 (mid-point)
    49.65089     1.28629    -0.96842     0.20087   (sampled)
    49.75089     1.35063    -0.85326     0.21832 (mid-point)
    49.85089     1.41676    -0.73809     0.23418   (sampled)
    49.95089     1.45189    -0.63230     0.24928 (mid-point)
    50.05089     1.48981    -0.52652     0.26362   (sampled)
    50.15089     1.50725    -0.39501     0.27763 (mid-point)
    50.25089     1.52987    -0.26351     0.29123   (sampled)
    50.35089     1.55825    -0.13175     0.30434 (mid-point)
    50.45089     1.59081     0.00000     0.31692   (sampled)
    50.55089     1.62936     0.13370     0.32891 (mid-point)
    50.65089     1.67195     0.26739     0.34029   (sampled)
    50.75089     1.71892     0.40054     0.35107 (mid-point)
    50.85089     1.77031     0.53370     0.36122   (sampled)
    50.95089     1.82364     0.66103     0.37079 (mid-point)
    51.05089     1.87821     0.78836     0.37982   (sampled)
    51.15089     1.91311     0.93684     0.38851 (mid-point)
    51.25089     1.95124     1.08533     0.39687   (sampled)
    51.35089     1.95250     1.31298     0.40522 (mid-point)
    51.45089     1.96693     1.54063     0.41345   (sampled)
    51.55089     1.99175     1.69493     0.42148 (mid-point)
    51.65089     2.01822     1.84923     0.42929   (sampled)
    51.75089     2.04340     2.00062     0.43691 (mid-point)
    51.85089     2.07242     2.15201     0.44432   (sampled)
    51.95089     2.10795     2.30481     0.45149 (mid-point)
    52.05089     2.14797     2.45761     0.45839   (sampled)
    52.15089     2.19379     2.60893     0.46500 (mid-point)
    52.25089     2.24369     2.76025     0.47132   (sampled)
    52.35089     2.29972     2.91389     0.47734 (mid-point)
    52.45089     2.35934     3.06752     0.48306   (sampled)
    52.55089     2.38453     3.30015     0.48866 (mid-point)
    52.65089     2.41923     3.53279     0.49410   (sampled)
    52.75089     2.42691     3.80148     0.49950 (mid-point)
    52.85089     2.44924     4.07016     0.50481   (sampled)
    52.95089     2.47744     4.32972     0.50999 (mid-point)
    53.05089     2.52090     4.58927     0.51500   (sampled)
    53.15089     2.61112     5.47397     0.51967 (mid-point)
    53.25089     2.84132     6.35867     0.52362   (sampled)
    53.35089     2.92975     6.76741     0.52732 (mid-point)
    53.45089     3.05762     7.17614     0.53073   (sampled)
    53.55089     5.14651    12.38954     0.53193 (mid-point)
    53.65089     8.68136    17.60294     0.53235   (sampled)
    53.75089    13.91634    23.55169     0.53252 (mid-point)
    53.85089    19.53159    29.50043     0.53260   (sampled)

 Minimum radius found:      0.923 angstroms.



 For spherical probe approach, The geometric factor
         F= sum(ds/area) along channel is    0.533 angstroms**-1
 This yields a macroscopic predicted molar conductance of:
   (1/rho)*(100/F)= (190/rho) pS,
   where rho is the conductivity of 1M permeant ion in ohm m.
 N.B. this is a macroscopic conductance - an overestimate 
 Empirically corrected conductances currently only available
 With the CAPSULE option (although its not that stable!)
 For 1M KCl rho= 1/12 (ohm m), So Gmacro= 2300 pS/M.
  (TAG      1   Rmin=     0.92261   Gmacro=  2253.09732 Conn_Gmacro=    -1.00000 ).
 HOLE: normal completion
