 *** Program HOLE ***
 
 If results of this run are reported or published, please
 cite the publication listed below.
 For the HOLE program:
   Smart, O.S., Goodfellow, J.M., Wallace, B.A. (1993). 
   The pore dimensions of gramicidin A. 
   Biophys. J., 65, 2455-2460.
 
 Originally written by Oliver Smart at Birkbeck College from April 1992.
 Copyright 1993-2005 Oliver Smart
 Copyright 2014-2015 SmartSci Limited.
 Copyright 2016 Oliver Smart.
 
 For help on HOLE suite see  http://www.holeprogram.org/
 
 HOLE release 2.2.005 (07 August 2016) 
 
 usage subject to Apache License, Version 2.0 
 see http://www.apache.org/licenses/LICENSE-2.0 

 Control variables read:

! Input file for Oliver Smart's HOLE program
! written by MDAnalysis.analysis.hole2.HoleAnalysis
! for a Universe
! u = mda.Universe(/afs/crc.nd.edu/user/m/mfarshad/Private/ML-new/traj/host-M3/h
!    /afs/crc.nd.edu/user/m/mfarshad/Private/ML-new/traj/host-M3/host_M3.trr
!   )
! Frame 336

COORD  /tmp/2550304.1.long/tmpnd95gzr0.pdb
RADIUS simple2.rad
SPHPDB hole336.sph
SAMPLE 0.200000
ENDRAD 22.000000
IGNORE SOL WAT TIP HOH K   NA  CL
SHORTO 0
RASEED 31415
CPOINT 50.4577976676 49.0201104557 50.6587828692


 WARNING have not found a CVECT record - will try to guess
 Input pdb filename read as:    '/tmp/2550304.1.long/tmpnd95gzr0.pdb'
 Input vdW radius file read as: 'simple2.rad'
 point in channel:   50.458  49.020  50.659
 channel vector:   ************************
 sampling distance between planes:    0.200

 graphics conditions:
 binary plot output file name: NONE
 Dot density:    10
 Draw dots?           T
 Draw close contacts? F
 Draw centre line?    T
 Produce spikes rather than dots? F
 Seed for random number generator:     31415 (0 means value set by program)
 Radius above which a result is regarded as an 'end':  22.000
 Pdb format file for sphere centres: hole336.sph

 Monte Carlo conditions:
  no of steps:  1000
  maximum displacement   0.100 angs
  'kT' initial   0.100 angs
 The spherebox and capsule options are turned off.
 (No molqpt card so will not write qpt file of the molecule)
 IGNORE card read so will ignore residue types: SOL WAT TIP HOH K   NA  CL
 no SHORTO card read so will produce full textual output
 As no PEGRAT card was found will not produce PEG polymer exclusion graph
 (No 2DMAPS card specified so will not produce 2D property maps)
 Have not found a CUT card.  Normal calculation using
   Cutoff lists with a cutsize=       1.000
   (if you wish to turn off option use a CUT -1 card)

 Have read     7 bond radius records and
              16 vdW radius records.
 From file: simple2.rad

 Have read   170 atom records.
 From file: /tmp/2550304.1.long/tmpnd95gzr0.pdb
 Will not produce graphical output

 Have opened file for pdb format output of sphere centres:  hole336.sph

  Seed integer used by ran # generator on this run      31415

 
 S/R cguess will try to guess CPOINT and/or CVECT
 
 THESE GUESSES MAY WELL BE WRONG!!!!
 Routine relies on having a reasonably symmetric
 channel oriented along x, y or z vector
 YOU ARE STRONGLY ADVISED TO CHECK THE RESULTS
                       WITH MOLECULAR GRAPHICS
 testing points from cpoint in X, Y then Z direction
   point                   pore radius
direction     1
  45.458  49.020  50.659     0.931
  46.458  49.020  50.659     1.365
  47.458  49.020  50.659     1.783
  48.458  49.020  50.659     1.679
  49.458  49.020  50.659     1.869
  50.458  49.020  50.659     2.176
  51.458  49.020  50.659     1.422
  52.458  49.020  50.659     0.836
  53.458  49.020  50.659     0.361
  54.458  49.020  50.659     0.245
  55.458  49.020  50.659     0.294
 Average pore radius along the line=      1.178
direction     2
  50.458  44.020  50.659    -0.114
  50.458  45.020  50.659     0.740
  50.458  46.020  50.659     1.696
  50.458  47.020  50.659     2.670
  50.458  48.020  50.659     2.823
  50.458  49.020  50.659     2.176
  50.458  50.020  50.659     1.516
  50.458  51.020  50.659     0.707
  50.458  52.020  50.659    -0.117
  50.458  53.020  50.659    -1.009
  50.458  54.020  50.659    -1.209
 Average pore radius along the line=      0.898
direction     3
  50.458  49.020  45.659     0.716
  50.458  49.020  46.659     0.705
  50.458  49.020  47.659     1.087
  50.458  49.020  48.659     1.732
  50.458  49.020  49.659     2.347
  50.458  49.020  50.659     2.176
  50.458  49.020  51.659     2.166
  50.458  49.020  52.659     2.178
  50.458  49.020  53.659     1.765
  50.458  49.020  54.659     1.616
  50.458  49.020  55.659     1.767
 Average pore radius along the line=      1.659
 Best direction is found to be     3
(1=X,2=Y,3=Z)
 s/r cguess has produced initial values for cpoint &/or cvect:
CPOINT      50.4578     49.0201     50.6588
CVECT        0.0000      0.0000      1.0000
 THESE GUESSES MAY WELL BE WRONG!!!!
 Routine relies on having a reasonably symmetric
 channel oriented along x, y or z vector
 YOU ARE STRONGLY ADVISED TO CHECK THE RESULTS
                       WITH MOLECULAR GRAPHICS
 
 
  Some routines (e.g. conn) need vectors normal to cvect: 
     EAST Zero degrees angle is along vector    1.000   0.000   0.000
     NORTH  90 degrees angle is along vector    0.000  -1.000   0.000
 highest radius point found:
  at point   50.024  47.771  50.659
  closest atom surface    3.228   O4  M   X    1
  2nd closest surface     3.231   O17 M   X    1
  found on step  997
  this is also current point
  no. of rejections          373
 stored as     0

 highest radius point found:
  at point   50.094  47.761  50.859
  closest atom surface    3.243   C22 M   X    1
  2nd closest surface     3.244   C59 M   X    1
  found on step  846
 current point:
  at point   50.130  47.726  50.859
  closest atom surface    3.242   C59 M   X    1
  2nd closest surface     3.243   N4  M   X    1
  found on step  903
  no. of rejections          391
 stored as     1

 highest radius point found:
  at point   50.158  47.704  51.059
  closest atom surface    3.226   N4  M   X    1
  2nd closest surface     3.230   C59 M   X    1
  found on step  985
  this is also current point
  no. of rejections          389
 stored as     2

 highest radius point found:
  at point   50.199  47.678  51.259
  closest atom surface    3.217   C22 M   X    1
  2nd closest surface     3.218   C59 M   X    1
  found on step  868
  this is also current point
  no. of rejections          381
 stored as     3

 highest radius point found:
  at point   50.245  47.649  51.459
  closest atom surface    3.213   C22 M   X    1
  2nd closest surface     3.214   C59 M   X    1
  found on step  918
  this is also current point
  no. of rejections          410
 stored as     4

 highest radius point found:
  at point   50.294  47.619  51.659
  closest atom surface    3.216   C17 M   X    1
  2nd closest surface     3.217   C59 M   X    1
  found on step  689
 current point:
  at point   50.292  47.618  51.659
  closest atom surface    3.216   C17 M   X    1
  2nd closest surface     3.219   C59 M   X    1
  found on step  893
  no. of rejections          420
 stored as     5

 highest radius point found:
  at point   50.334  47.594  51.859
  closest atom surface    3.230   C59 M   X    1
  2nd closest surface     3.231   C22 M   X    1
  found on step  889
  this is also current point
  no. of rejections          394
 stored as     6

 highest radius point found:
  at point   50.377  47.569  52.059
  closest atom surface    3.250   C22 M   X    1
  2nd closest surface     3.251   C59 M   X    1
  found on step  351
 current point:
  at point   50.384  47.563  52.059
  closest atom surface    3.249   C17 M   X    1
  2nd closest surface     3.250   C59 M   X    1
  found on step  970
  no. of rejections          432
 stored as     7

 highest radius point found:
  at point   50.497  47.499  52.259
  closest atom surface    3.263   C17 M   X    1
  2nd closest surface     3.263   C59 M   X    1
  found on step  955
  this is also current point
  no. of rejections          379
 stored as     8

 highest radius point found:
  at point   50.605  47.424  52.459
  closest atom surface    3.276   C17 M   X    1
  2nd closest surface     3.284   O16 M   X    1
  found on step  349
 current point:
  at point   50.957  47.247  52.459
  closest atom surface    3.236   C59 M   X    1
  2nd closest surface     3.236   C17 M   X    1
  found on step  983
  no. of rejections          353
 stored as     9

 highest radius point found:
  at point   50.746  47.358  52.659
  closest atom surface    3.319   C59 M   X    1
  2nd closest surface     3.319   C17 M   X    1
  found on step  946
  this is also current point
  no. of rejections          400
 stored as    10

 highest radius point found:
  at point   50.864  47.292  52.859
  closest atom surface    3.364   C59 M   X    1
  2nd closest surface     3.366   C17 M   X    1
  found on step  972
  this is also current point
  no. of rejections          369
 stored as    11

 highest radius point found:
  at point   52.845  46.206  53.059
  closest atom surface    3.662   C17 M   X    1
  2nd closest surface     3.675   C59 M   X    1
  found on step  999
  this is also current point
  no. of rejections          351
 stored as    12

 highest radius point found:
  at point   58.490  44.229  53.259
  closest atom surface    5.721   O7  M   X    1
  2nd closest surface     5.777   C56 M   X    1
  found on step 1000
  this is also current point
  no. of rejections          272
 stored as    13

 highest radius point found:
  at point   66.190  42.233  53.459
  closest atom surface   10.233   O1  M   X    1
  2nd closest surface    10.794   O2  M   X    1
  found on step 1000
  this is also current point
  no. of rejections          231
 stored as    14

 highest radius point found:
  at point   75.157  38.789  53.659
  closest atom surface   18.100   O2  M   X    1
  2nd closest surface    18.266   O1  M   X    1
  found on step  999
  this is also current point
  no. of rejections          247
 stored as    15

 highest radius point found:
  at point   85.485  36.115  53.859
  closest atom surface   27.747   O2  M   X    1
  2nd closest surface    28.274   O1  M   X    1
  found on step 1000
  this is also current point
  no. of rejections          240
 This is an end! (radius above  22.0 angs)
 highest radius point found:
  at point   49.815  47.788  50.459
  closest atom surface    3.134   O4  M   X    1
  2nd closest surface     3.135   O17 M   X    1
  found on step  842
 current point:
  at point   49.815  47.787  50.459
  closest atom surface    3.134   O4  M   X    1
  2nd closest surface     3.135   C22 M   X    1
  found on step  883
  no. of rejections          348
 stored as    -1

 highest radius point found:
  at point   49.615  47.810  50.259
  closest atom surface    3.050   C22 M   X    1
  2nd closest surface     3.053   O17 M   X    1
  found on step  455
 current point:
  at point   49.620  47.795  50.259
  closest atom surface    3.049   O4  M   X    1
  2nd closest surface     3.049   C22 M   X    1
  found on step  936
  no. of rejections          347
 stored as    -2

 highest radius point found:
  at point   49.418  47.832  50.059
  closest atom surface    2.983   C22 M   X    1
  2nd closest surface     2.986   O4  M   X    1
  found on step  987
  this is also current point
  no. of rejections          362
 stored as    -3

 highest radius point found:
  at point   49.226  47.852  49.859
  closest atom surface    2.932   O4  M   X    1
  2nd closest surface     2.933   C22 M   X    1
  found on step  928
  this is also current point
  no. of rejections          365
 stored as    -4

 highest radius point found:
  at point   49.062  47.903  49.659
  closest atom surface    2.881   O4  M   X    1
  2nd closest surface     2.883   O9  M   X    1
  found on step  881
 current point:
  at point   49.051  47.903  49.659
  closest atom surface    2.880   O9  M   X    1
  2nd closest surface     2.883   O17 M   X    1
  found on step  990
  no. of rejections          366
 stored as    -5

 highest radius point found:
  at point   48.898  47.950  49.459
  closest atom surface    2.843   O9  M   X    1
  2nd closest surface     2.845   O4  M   X    1
  found on step  966
  this is also current point
  no. of rejections          374
 stored as    -6

 highest radius point found:
  at point   48.741  48.003  49.259
  closest atom surface    2.820   O4  M   X    1
  2nd closest surface     2.820   O17 M   X    1
  found on step  711
 current point:
  at point   48.628  48.004  49.259
  closest atom surface    2.809   O17 M   X    1
  2nd closest surface     2.810   O9  M   X    1
  found on step  953
  no. of rejections          391
 stored as    -7

 highest radius point found:
  at point   48.570  48.044  49.059
  closest atom surface    2.809   O9  M   X    1
  2nd closest surface     2.818   O4  M   X    1
  found on step  999
  this is also current point
  no. of rejections          384
 stored as    -8

 highest radius point found:
  at point   48.399  48.097  48.859
  closest atom surface    2.820   O9  M   X    1
  2nd closest surface     2.821   O17 M   X    1
  found on step  616
 current point:
  at point   48.152  48.105  48.859
  closest atom surface    2.816   O9  M   X    1
  2nd closest surface     2.816   O17 M   X    1
  found on step  896
  no. of rejections          396
 stored as    -9

 highest radius point found:
  at point   47.763  48.161  48.659
  closest atom surface    2.862   O17 M   X    1
  2nd closest surface     2.863   H23 M   X    1
  found on step  961
  this is also current point
  no. of rejections          378
 stored as   -10

 highest radius point found:
  at point   47.563  48.211  48.459
  closest atom surface    2.922   O17 M   X    1
  2nd closest surface     2.924   H23 M   X    1
  found on step  575
 current point:
  at point   47.557  48.212  48.459
  closest atom surface    2.921   H23 M   X    1
  2nd closest surface     2.922   O17 M   X    1
  found on step  984
  no. of rejections          403
 stored as   -11

 highest radius point found:
  at point   47.113  48.364  48.259
  closest atom surface    2.952   O5  M   X    1
  2nd closest surface     2.958   H23 M   X    1
  found on step  999
  this is also current point
  no. of rejections          334
 stored as   -12

 highest radius point found:
  at point   45.489  49.021  48.059
  closest atom surface    3.241   C23 M   X    1
  2nd closest surface     3.241   O17 M   X    1
  found on step  954
  this is also current point
  no. of rejections          344
 stored as   -13

 highest radius point found:
  at point   38.134  49.961  47.859
  closest atom surface    5.768   H28 M   X    1
  2nd closest surface     5.771   C29 M   X    1
  found on step 1000
  this is also current point
  no. of rejections          202
 stored as   -14

 highest radius point found:
  at point   28.892  49.592  47.659
  closest atom surface   12.726   H28 M   X    1
  2nd closest surface    12.910   C29 M   X    1
  found on step  998
  this is also current point
  no. of rejections          221
 stored as   -15

 highest radius point found:
  at point   18.224  48.912  47.459
  closest atom surface   22.402   O12 M   X    1
  2nd closest surface    22.794   H28 M   X    1
  found on step 1000
  this is also current point
  no. of rejections          217
 This is an end! (radius above  22.0 angs)
 
 N.b. Graph information routine (HOGRAP) differs 
        markedly from previous versions!
       Information now is written from -ve end
       to +ve in one pass
 
 Explanation of the meaning of each column: 
 First column "cenxyz.cvec" is the coordinate in the
   direction of the channel vector i.e. if the channel
   vector is in z (0 0 1) then it is the z coordinate.
 The second column "radius" is the hole pore radius 
   (as defined in the Biophys J 1993) article).
 The third column "cen_line_D" is the distance 
   measured along the pore centre line - with the 
   first point found set to zero. This was the first
   thing that I used to measure the distance along a pore
   but "cenxyz.cvec" is a much better general measure. 
   However, by comparing changes in this distance to changes in '   "cenxyz.cvec" one can get a measure of how straight a 
   channel is.
 The fourth column "sum{s/(area)}" is useful in conductance
   prediction -
   basically it is the sum of the thickness of each slab
   divided by its area. HOLE uses this measure to estimate
   the macroscopic conductance of a channel.
 If any of this worries you one can see the "raw" results
   of a standard hole run by producing a sphpdb file and 
    directly looking at the results.
 cenxyz.cvec      radius  cen_line_D sum{s/(area point sourc
    47.65879    12.72609   -22.35912     0.00020   (sampled)
    47.75879     8.78306   -17.73328     0.00061 (mid-point)
    47.85879     5.76814   -13.10744     0.00157   (sampled)
    47.95879     4.13171    -9.39854     0.00343 (mid-point)
    48.05879     3.24070    -5.68963     0.00646   (sampled)
    48.15879     3.00974    -4.80809     0.00998 (mid-point)
    48.25879     2.95164    -3.92655     0.01363   (sampled)
    48.35879     2.93239    -3.66871     0.01733 (mid-point)
    48.45879     2.92175    -3.41087     0.02106   (sampled)
    48.55879     2.88990    -3.26712     0.02487 (mid-point)
    48.65879     2.86241    -3.12337     0.02876   (sampled)
    48.75879     2.82928    -2.78869     0.03273 (mid-point)
    48.85879     2.82015    -2.45401     0.03673   (sampled)
    48.95879     2.81232    -2.31979     0.04076 (mid-point)
    49.05879     2.80851    -2.18556     0.04479   (sampled)
    49.15879     2.81476    -2.05234     0.04881 (mid-point)
    49.25879     2.81966    -1.91912     0.05282   (sampled)
    49.35879     2.83049    -1.78942     0.05679 (mid-point)
    49.45879     2.84257    -1.65972     0.06073   (sampled)
    49.55879     2.86079    -1.52815     0.06462 (mid-point)
    49.65879     2.88108    -1.39658     0.06845   (sampled)
    49.75879     2.90470    -1.26496     0.07223 (mid-point)
    49.85879     2.93198    -1.13334     0.07593   (sampled)
    49.95879     2.95574    -0.99404     0.07957 (mid-point)
    50.05879     2.98258    -0.85474     0.08315   (sampled)
    50.15879     3.01451    -0.71401     0.08665 (mid-point)
    50.25879     3.05028    -0.57329     0.09007   (sampled)
    50.35879     3.09109    -0.43155     0.09340 (mid-point)
    50.45879     3.13449    -0.28980     0.09664   (sampled)
    50.55879     3.17947    -0.14490     0.09979 (mid-point)
    50.65879     3.22833    -0.00000     0.10285   (sampled)
    50.75879     3.23835     0.10602     0.10588 (mid-point)
    50.85879     3.24339     0.21204     0.10891   (sampled)
    50.95879     3.23449     0.32091     0.11195 (mid-point)
    51.05879     3.22635     0.42979     0.11501   (sampled)
    51.15879     3.22261     0.53266     0.11807 (mid-point)
    51.25879     3.21668     0.63553     0.12115   (sampled)
    51.35879     3.21391     0.73918     0.12423 (mid-point)
    51.45879     3.21327     0.84282     0.12732   (sampled)
    51.55879     3.21421     0.94687     0.13040 (mid-point)
    51.65879     3.21632     1.05092     0.13347   (sampled)
    51.75879     3.22242     1.15366     0.13654 (mid-point)
    51.85879     3.22995     1.25640     0.13959   (sampled)
    51.95879     3.23930     1.35948     0.14262 (mid-point)
    52.05879     3.25035     1.46255     0.14564   (sampled)
    52.15879     3.25539     1.58437     0.14864 (mid-point)
    52.25879     3.26278     1.70619     0.15163   (sampled)
    52.35879     3.26813     1.82571     0.15461 (mid-point)
    52.45879     3.27626     1.94523     0.15758   (sampled)
    52.55879     3.29622     2.07182     0.16051 (mid-point)
    52.65879     3.31908     2.19841     0.16339   (sampled)
    52.75879     3.34031     2.31937     0.16625 (mid-point)
    52.85879     3.36426     2.44032     0.16906   (sampled)
    52.95879     3.39466     3.57413     0.17182 (mid-point)
    53.05879     3.66154     4.70793     0.17420   (sampled)
    53.15879     4.45979     7.70043     0.17580 (mid-point)
    53.25879     5.72088    10.69293     0.17677   (sampled)
    53.35879     7.78706    14.67137     0.17729 (mid-point)
    53.45879    10.23347    18.64981     0.17760   (sampled)
    53.55879    14.02975    23.45372     0.17776 (mid-point)
    53.65879    18.10016    28.25762     0.17786   (sampled)

 Minimum radius found:      2.809 angstroms.



 For spherical probe approach, The geometric factor
         F= sum(ds/area) along channel is    0.178 angstroms**-1
 This yields a macroscopic predicted molar conductance of:
   (1/rho)*(100/F)= (560/rho) pS,
   where rho is the conductivity of 1M permeant ion in ohm m.
 N.B. this is a macroscopic conductance - an overestimate 
 Empirically corrected conductances currently only available
 With the CAPSULE option (although its not that stable!)
 For 1M KCl rho= 1/12 (ohm m), So Gmacro= 6700 pS/M.
  (TAG      1   Rmin=     2.80851   Gmacro=  6746.98760 Conn_Gmacro=    -1.00000 ).
 HOLE: normal completion
