 *** Program HOLE ***
 
 If results of this run are reported or published, please
 cite the publication listed below.
 For the HOLE program:
   Smart, O.S., Goodfellow, J.M., Wallace, B.A. (1993). 
   The pore dimensions of gramicidin A. 
   Biophys. J., 65, 2455-2460.
 
 Originally written by Oliver Smart at Birkbeck College from April 1992.
 Copyright 1993-2005 Oliver Smart
 Copyright 2014-2015 SmartSci Limited.
 Copyright 2016 Oliver Smart.
 
 For help on HOLE suite see  http://www.holeprogram.org/
 
 HOLE release 2.2.005 (07 August 2016) 
 
 usage subject to Apache License, Version 2.0 
 see http://www.apache.org/licenses/LICENSE-2.0 

 Control variables read:

! Input file for Oliver Smart's HOLE program
! written by MDAnalysis.analysis.hole2.HoleAnalysis
! for a Universe
! u = mda.Universe(/afs/crc.nd.edu/user/m/mfarshad/Private/ML-new/traj/host-M3/h
!    /afs/crc.nd.edu/user/m/mfarshad/Private/ML-new/traj/host-M3/host_M3.trr
!   )
! Frame 27

COORD  /tmp/2550304.1.long/tmpxrpw8tjb.pdb
RADIUS simple2.rad
SPHPDB hole027.sph
SAMPLE 0.200000
ENDRAD 22.000000
IGNORE SOL WAT TIP HOH K   NA  CL
SHORTO 0
RASEED 31415
CPOINT 48.9510998670 50.9387059156 50.1824208203


 WARNING have not found a CVECT record - will try to guess
 Input pdb filename read as:    '/tmp/2550304.1.long/tmpxrpw8tjb.pdb'
 Input vdW radius file read as: 'simple2.rad'
 point in channel:   48.951  50.939  50.182
 channel vector:   ************************
 sampling distance between planes:    0.200

 graphics conditions:
 binary plot output file name: NONE
 Dot density:    10
 Draw dots?           T
 Draw close contacts? F
 Draw centre line?    T
 Produce spikes rather than dots? F
 Seed for random number generator:     31415 (0 means value set by program)
 Radius above which a result is regarded as an 'end':  22.000
 Pdb format file for sphere centres: hole027.sph

 Monte Carlo conditions:
  no of steps:  1000
  maximum displacement   0.100 angs
  'kT' initial   0.100 angs
 The spherebox and capsule options are turned off.
 (No molqpt card so will not write qpt file of the molecule)
 IGNORE card read so will ignore residue types: SOL WAT TIP HOH K   NA  CL
 no SHORTO card read so will produce full textual output
 As no PEGRAT card was found will not produce PEG polymer exclusion graph
 (No 2DMAPS card specified so will not produce 2D property maps)
 Have not found a CUT card.  Normal calculation using
   Cutoff lists with a cutsize=       1.000
   (if you wish to turn off option use a CUT -1 card)

 Have read     7 bond radius records and
              16 vdW radius records.
 From file: simple2.rad

 Have read   170 atom records.
 From file: /tmp/2550304.1.long/tmpxrpw8tjb.pdb
 Will not produce graphical output

 Have opened file for pdb format output of sphere centres:  hole027.sph

  Seed integer used by ran # generator on this run      31415

 
 S/R cguess will try to guess CPOINT and/or CVECT
 
 THESE GUESSES MAY WELL BE WRONG!!!!
 Routine relies on having a reasonably symmetric
 channel oriented along x, y or z vector
 YOU ARE STRONGLY ADVISED TO CHECK THE RESULTS
                       WITH MOLECULAR GRAPHICS
 testing points from cpoint in X, Y then Z direction
   point                   pore radius
direction     1
  43.951  50.939  50.182     0.096
  44.951  50.939  50.182     0.053
  45.951  50.939  50.182     0.329
  46.951  50.939  50.182     0.327
  47.951  50.939  50.182     0.266
  48.951  50.939  50.182    -0.323
  49.951  50.939  50.182    -0.371
  50.951  50.939  50.182    -0.190
  51.951  50.939  50.182     0.141
  52.951  50.939  50.182     0.032
  53.951  50.939  50.182    -0.254
 Average pore radius along the line=      0.010
direction     2
  48.951  45.939  50.182     2.198
  48.951  46.939  50.182     1.572
  48.951  47.939  50.182     1.162
  48.951  48.939  50.182     0.810
  48.951  49.939  50.182     0.251
  48.951  50.939  50.182    -0.323
  48.951  51.939  50.182    -0.457
  48.951  52.939  50.182     0.031
  48.951  53.939  50.182    -0.696
  48.951  54.939  50.182    -1.169
  48.951  55.939  50.182    -1.220
 Average pore radius along the line=      0.196
direction     3
  48.951  50.939  45.182     0.576
  48.951  50.939  46.182    -0.132
  48.951  50.939  47.182    -0.894
  48.951  50.939  48.182    -1.385
  48.951  50.939  49.182    -1.004
  48.951  50.939  50.182    -0.323
  48.951  50.939  51.182     0.589
  48.951  50.939  52.182     0.858
  48.951  50.939  53.182     0.925
  48.951  50.939  54.182     1.323
  48.951  50.939  55.182     1.858
 Average pore radius along the line=      0.218
 Best direction is found to be     3
(1=X,2=Y,3=Z)
 s/r cguess has produced initial values for cpoint &/or cvect:
CPOINT      48.9511     50.9387     50.1824
CVECT        0.0000      0.0000      1.0000
 THESE GUESSES MAY WELL BE WRONG!!!!
 Routine relies on having a reasonably symmetric
 channel oriented along x, y or z vector
 YOU ARE STRONGLY ADVISED TO CHECK THE RESULTS
                       WITH MOLECULAR GRAPHICS
 
 
  Some routines (e.g. conn) need vectors normal to cvect: 
     EAST Zero degrees angle is along vector    1.000   0.000   0.000
     NORTH  90 degrees angle is along vector    0.000  -1.000   0.000
 highest radius point found:
  at point   51.048  54.187  50.182
  closest atom surface    0.671   O17 M   X    1
  2nd closest surface     0.674   C33 M   X    1
  found on step  845
 current point:
  at point   51.045  54.191  50.182
  closest atom surface    0.669   C33 M   X    1
  2nd closest surface     0.672   O17 M   X    1
  found on step  927
  no. of rejections          350
 stored as     0

 highest radius point found:
  at point   51.048  54.140  50.382
  closest atom surface    0.739   C33 M   X    1
  2nd closest surface     0.740   H58 M   X    1
  found on step  953
  this is also current point
  no. of rejections          375
 stored as     1

 highest radius point found:
  at point   51.053  54.094  50.582
  closest atom surface    0.821   O17 M   X    1
  2nd closest surface     0.821   C33 M   X    1
  found on step  917
  this is also current point
  no. of rejections          367
 stored as     2

 highest radius point found:
  at point   51.052  54.038  50.782
  closest atom surface    0.917   C33 M   X    1
  2nd closest surface     0.918   H58 M   X    1
  found on step  980
  this is also current point
  no. of rejections          357
 stored as     3

 highest radius point found:
  at point   51.163  53.903  50.982
  closest atom surface    0.979   H58 M   X    1
  2nd closest surface     0.980   O17 M   X    1
  found on step 1000
  this is also current point
  no. of rejections          383
 stored as     4

 highest radius point found:
  at point   51.285  53.748  51.182
  closest atom surface    1.063   O17 M   X    1
  2nd closest surface     1.064   H58 M   X    1
  found on step  837
 current point:
  at point   51.282  53.752  51.182
  closest atom surface    1.062   C29 M   X    1
  2nd closest surface     1.063   O17 M   X    1
  found on step  958
  no. of rejections          378
 stored as     5

 highest radius point found:
  at point   52.239  52.827  51.382
  closest atom surface    1.239   O17 M   X    1
  2nd closest surface     1.240   C61 M   X    1
  found on step  787
 current point:
  at point   52.237  52.826  51.382
  closest atom surface    1.238   C61 M   X    1
  2nd closest surface     1.241   O17 M   X    1
  found on step  990
  no. of rejections          314
 stored as     6

 highest radius point found:
  at point   52.202  52.809  51.582
  closest atom surface    1.388   O17 M   X    1
  2nd closest surface     1.388   C61 M   X    1
  found on step  948
  this is also current point
  no. of rejections          317
 stored as     7

 highest radius point found:
  at point   52.177  52.785  51.782
  closest atom surface    1.543   H55 M   X    1
  2nd closest surface     1.544   O17 M   X    1
  found on step  991
  this is also current point
  no. of rejections          290
 stored as     8

 highest radius point found:
  at point   52.143  52.764  51.982
  closest atom surface    1.703   C61 M   X    1
  2nd closest surface     1.704   O17 M   X    1
  found on step  927
  this is also current point
  no. of rejections          321
 stored as     9

 highest radius point found:
  at point   52.114  52.743  52.182
  closest atom surface    1.868   C61 M   X    1
  2nd closest surface     1.869   O17 M   X    1
  found on step  945
  this is also current point
  no. of rejections          309
 stored as    10

 highest radius point found:
  at point   52.090  52.719  52.382
  closest atom surface    2.037   H55 M   X    1
  2nd closest surface     2.037   O17 M   X    1
  found on step  991
  this is also current point
  no. of rejections          314
 stored as    11

 highest radius point found:
  at point   52.140  52.698  52.582
  closest atom surface    2.176   H55 M   X    1
  2nd closest surface     2.176   C29 M   X    1
  found on step  724
 current point:
  at point   52.152  52.710  52.582
  closest atom surface    2.175   H55 M   X    1
  2nd closest surface     2.176   O17 M   X    1
  found on step  938
  no. of rejections          296
 stored as    12

 highest radius point found:
  at point   52.189  46.194  52.782
  closest atom surface    5.079   C60 M   X    1
  2nd closest surface     5.112   C65 M   X    1
  found on step  999
  this is also current point
  no. of rejections          193
 stored as    13

 highest radius point found:
  at point   56.725  40.737  52.982
  closest atom surface   10.263   H9  M   X    1
  2nd closest surface    10.269   O5  M   X    1
  found on step 1000
  this is also current point
  no. of rejections          296
 stored as    14

 highest radius point found:
  at point   62.575  34.795  53.182
  closest atom surface   17.070   O5  M   X    1
  2nd closest surface    17.116   O22 M   X    1
  found on step 1000
  this is also current point
  no. of rejections          311
 stored as    15

 highest radius point found:
  at point   68.061  26.822  53.382
  closest atom surface   25.426   O5  M   X    1
  2nd closest surface    25.468   H52 M   X    1
  found on step 1000
  this is also current point
  no. of rejections          279
 This is an end! (radius above  22.0 angs)
 highest radius point found:
  at point   51.043  54.221  49.982
  closest atom surface    0.626   O17 M   X    1
  2nd closest surface     0.627   H58 M   X    1
  found on step  750
 current point:
  at point   51.042  54.224  49.982
  closest atom surface    0.625   C33 M   X    1
  2nd closest surface     0.626   O17 M   X    1
  found on step  985
  no. of rejections          406
 stored as    -1

 highest radius point found:
  at point   51.041  54.254  49.782
  closest atom surface    0.597   O17 M   X    1
  2nd closest surface     0.599   C33 M   X    1
  found on step  994
  this is also current point
  no. of rejections          409
 stored as    -2

 highest radius point found:
  at point   51.038  54.278  49.582
  closest atom surface    0.589   O17 M   X    1
  2nd closest surface     0.589   H58 M   X    1
  found on step  981
  this is also current point
  no. of rejections          384
 stored as    -3

 highest radius point found:
  at point   51.064  54.283  49.382
  closest atom surface    0.577   O17 M   X    1
  2nd closest surface     0.577   O12 M   X    1
  found on step  996
  this is also current point
  no. of rejections          377
 stored as    -4

 highest radius point found:
  at point   51.117  54.258  49.182
  closest atom surface    0.567   O17 M   X    1
  2nd closest surface     0.569   O12 M   X    1
  found on step  866
 current point:
  at point   51.108  54.249  49.182
  closest atom surface    0.564   H58 M   X    1
  2nd closest surface     0.565   O12 M   X    1
  found on step  875
  no. of rejections          389
 stored as    -5

 highest radius point found:
  at point   51.149  54.236  48.982
  closest atom surface    0.558   C61 M   X    1
  2nd closest surface     0.560   H41 M   X    1
  found on step  996
  this is also current point
  no. of rejections          382
 stored as    -6

 highest radius point found:
  at point   51.422  56.393  48.782
  closest atom surface    0.787   H31 M   X    1
  2nd closest surface     0.790   O17 M   X    1
  found on step  994
  this is also current point
  no. of rejections          323
 stored as    -7

 highest radius point found:
  at point   51.790  57.748  48.582
  closest atom surface    1.146   H36 M   X    1
  2nd closest surface     1.147   H31 M   X    1
  found on step  997
  this is also current point
  no. of rejections          373
 stored as    -8

 highest radius point found:
  at point   52.355  67.086  48.382
  closest atom surface    7.438   S6  M   X    1
  2nd closest surface     7.457   O13 M   X    1
  found on step  999
  this is also current point
  no. of rejections          248
 stored as    -9

 highest radius point found:
  at point   52.972  77.775  48.182
  closest atom surface   17.504   O19 M   X    1
  2nd closest surface    17.567   O13 M   X    1
  found on step  999
  this is also current point
  no. of rejections          294
 stored as   -10

 highest radius point found:
  at point   52.386  87.984  47.982
  closest atom surface   27.399   O19 M   X    1
  2nd closest surface    27.417   O13 M   X    1
  found on step  996
  this is also current point
  no. of rejections          274
 This is an end! (radius above  22.0 angs)
 
 N.b. Graph information routine (HOGRAP) differs 
        markedly from previous versions!
       Information now is written from -ve end
       to +ve in one pass
 
 Explanation of the meaning of each column: 
 First column "cenxyz.cvec" is the coordinate in the
   direction of the channel vector i.e. if the channel
   vector is in z (0 0 1) then it is the z coordinate.
 The second column "radius" is the hole pore radius 
   (as defined in the Biophys J 1993) article).
 The third column "cen_line_D" is the distance 
   measured along the pore centre line - with the 
   first point found set to zero. This was the first
   thing that I used to measure the distance along a pore
   but "cenxyz.cvec" is a much better general measure. 
   However, by comparing changes in this distance to changes in '   "cenxyz.cvec" one can get a measure of how straight a 
   channel is.
 The fourth column "sum{s/(area)}" is useful in conductance
   prediction -
   basically it is the sum of the thickness of each slab
   divided by its area. HOLE uses this measure to estimate
   the macroscopic conductance of a channel.
 If any of this worries you one can see the "raw" results
   of a standard hole run by producing a sphpdb file and 
    directly looking at the results.
 cenxyz.cvec      radius  cen_line_D sum{s/(area point sourc
    48.18242    17.50365   -24.88828     0.00010   (sampled)
    48.28242    12.40170   -19.53370     0.00031 (mid-point)
    48.38242     7.43771   -14.17911     0.00089   (sampled)
    48.48242     3.30759    -9.50077     0.00380 (mid-point)
    48.58242     1.14635    -4.82244     0.02802   (sampled)
    48.68242     0.84364    -4.11303     0.07274 (mid-point)
    48.78242     0.78743    -3.40362     0.12408   (sampled)
    48.88242     0.42489    -2.31229     0.30040 (mid-point)
    48.98242     0.55827    -1.22095     0.40253   (sampled)
    49.08242     0.56213    -1.11908     0.50326 (mid-point)
    49.18242     0.56712    -1.01721     0.60223   (sampled)
    49.28242     0.56954    -0.91306     0.70036 (mid-point)
    49.38242     0.57684    -0.80891     0.79602   (sampled)
    49.48242     0.58073    -0.70801     0.89041 (mid-point)
    49.58242     0.58916    -0.60711     0.98211   (sampled)
    49.68242     0.59075    -0.50635     1.07332 (mid-point)
    49.78242     0.59686    -0.40559     1.16268   (sampled)
    49.88242     0.60934    -0.30424     1.24840 (mid-point)
    49.98242     0.62628    -0.20288     1.32956   (sampled)
    50.08242     0.64661    -0.10144     1.40569 (mid-point)
    50.18242     0.67120     0.00000     1.47635   (sampled)
    50.28242     0.70384     0.10267     1.54060 (mid-point)
    50.38242     0.73851     0.20535     1.59896   (sampled)
    50.48242     0.77800     0.30798     1.65155 (mid-point)
    50.58242     0.82084     0.41061     1.69879   (sampled)
    50.68242     0.86740     0.51451     1.74110 (mid-point)
    50.78242     0.91707     0.61841     1.77895   (sampled)
    50.88242     0.94458     0.75125     1.81463 (mid-point)
    50.98242     0.97940     0.88409     1.84781   (sampled)
    51.08242     1.01701     1.02468     1.87858 (mid-point)
    51.18242     1.06262     1.16527     1.90677   (sampled)
    51.28242     1.05697     1.83536     1.93527 (mid-point)
    51.38242     1.23880     2.50546     1.95601   (sampled)
    51.48242     1.31242     2.60751     1.97449 (mid-point)
    51.58242     1.38769     2.70957     1.99102   (sampled)
    51.68242     1.46496     2.81114     2.00585 (mid-point)
    51.78242     1.54274     2.91271     2.01922   (sampled)
    51.88242     1.62307     3.01461     2.03131 (mid-point)
    51.98242     1.70349     3.11652     2.04228   (sampled)
    52.08242     1.78551     3.21813     2.05226 (mid-point)
    52.18242     1.86849     3.31974     2.06138   (sampled)
    52.28242     1.95240     3.42113     2.06973 (mid-point)
    52.38242     2.03654     3.52252     2.07740   (sampled)
    52.48242     2.10523     3.62609     2.08459 (mid-point)
    52.58242     2.17580     3.72967     2.09131   (sampled)
    52.68242     2.87551     6.98323     2.09516 (mid-point)
    52.78242     5.07947    10.23680     2.09639   (sampled)
    52.88242     7.47292    13.78599     2.09696 (mid-point)
    52.98242    10.26305    17.33517     2.09727   (sampled)
    53.08242    13.47797    21.50597     2.09744 (mid-point)
    53.18242    17.06995    25.67678     2.09755   (sampled)

 Minimum radius found:      0.425 angstroms.



 For spherical probe approach, The geometric factor
         F= sum(ds/area) along channel is    2.098 angstroms**-1
 This yields a macroscopic predicted molar conductance of:
   (1/rho)*(100/F)= (48/rho) pS,
   where rho is the conductivity of 1M permeant ion in ohm m.
 N.B. this is a macroscopic conductance - an overestimate 
 Empirically corrected conductances currently only available
 With the CAPSULE option (although its not that stable!)
 For 1M KCl rho= 1/12 (ohm m), So Gmacro= 570 pS/M.
  (TAG      1   Rmin=     0.42489   Gmacro=   572.09612 Conn_Gmacro=    -1.00000 ).
 HOLE: normal completion
