 *** Program HOLE ***
 
 If results of this run are reported or published, please
 cite the publication listed below.
 For the HOLE program:
   Smart, O.S., Goodfellow, J.M., Wallace, B.A. (1993). 
   The pore dimensions of gramicidin A. 
   Biophys. J., 65, 2455-2460.
 
 Originally written by Oliver Smart at Birkbeck College from April 1992.
 Copyright 1993-2005 Oliver Smart
 Copyright 2014-2015 SmartSci Limited.
 Copyright 2016 Oliver Smart.
 
 For help on HOLE suite see  http://www.holeprogram.org/
 
 HOLE release 2.2.005 (07 August 2016) 
 
 usage subject to Apache License, Version 2.0 
 see http://www.apache.org/licenses/LICENSE-2.0 

 Control variables read:

! Input file for Oliver Smart's HOLE program
! written by MDAnalysis.analysis.hole2.HoleAnalysis
! for a Universe
! u = mda.Universe(/afs/crc.nd.edu/user/m/mfarshad/Private/ML-new/traj/host-M3/h
!    /afs/crc.nd.edu/user/m/mfarshad/Private/ML-new/traj/host-M3/host_M3.trr
!   )
! Frame 181

COORD  /tmp/2550304.1.long/tmpmz6sx_x6.pdb
RADIUS simple2.rad
SPHPDB hole181.sph
SAMPLE 0.200000
ENDRAD 22.000000
IGNORE SOL WAT TIP HOH K   NA  CL
SHORTO 0
RASEED 31415
CPOINT 50.8160885082 48.5399857241 49.9298032648


 WARNING have not found a CVECT record - will try to guess
 Input pdb filename read as:    '/tmp/2550304.1.long/tmpmz6sx_x6.pdb'
 Input vdW radius file read as: 'simple2.rad'
 point in channel:   50.816  48.540  49.930
 channel vector:   ************************
 sampling distance between planes:    0.200

 graphics conditions:
 binary plot output file name: NONE
 Dot density:    10
 Draw dots?           T
 Draw close contacts? F
 Draw centre line?    T
 Produce spikes rather than dots? F
 Seed for random number generator:     31415 (0 means value set by program)
 Radius above which a result is regarded as an 'end':  22.000
 Pdb format file for sphere centres: hole181.sph

 Monte Carlo conditions:
  no of steps:  1000
  maximum displacement   0.100 angs
  'kT' initial   0.100 angs
 The spherebox and capsule options are turned off.
 (No molqpt card so will not write qpt file of the molecule)
 IGNORE card read so will ignore residue types: SOL WAT TIP HOH K   NA  CL
 no SHORTO card read so will produce full textual output
 As no PEGRAT card was found will not produce PEG polymer exclusion graph
 (No 2DMAPS card specified so will not produce 2D property maps)
 Have not found a CUT card.  Normal calculation using
   Cutoff lists with a cutsize=       1.000
   (if you wish to turn off option use a CUT -1 card)

 Have read     7 bond radius records and
              16 vdW radius records.
 From file: simple2.rad

 Have read   170 atom records.
 From file: /tmp/2550304.1.long/tmpmz6sx_x6.pdb
 Will not produce graphical output

 Have opened file for pdb format output of sphere centres:  hole181.sph

  Seed integer used by ran # generator on this run      31415

 
 S/R cguess will try to guess CPOINT and/or CVECT
 
 THESE GUESSES MAY WELL BE WRONG!!!!
 Routine relies on having a reasonably symmetric
 channel oriented along x, y or z vector
 YOU ARE STRONGLY ADVISED TO CHECK THE RESULTS
                       WITH MOLECULAR GRAPHICS
 testing points from cpoint in X, Y then Z direction
   point                   pore radius
direction     1
  45.816  48.540  49.930     2.562
  46.816  48.540  49.930     2.710
  47.816  48.540  49.930     2.458
  48.816  48.540  49.930     1.863
  49.816  48.540  49.930     1.460
  50.816  48.540  49.930     1.237
  51.816  48.540  49.930     0.618
  52.816  48.540  49.930     0.189
  53.816  48.540  49.930    -0.769
  54.816  48.540  49.930    -1.426
  55.816  48.540  49.930    -0.759
 Average pore radius along the line=      0.922
direction     2
  50.816  43.540  49.930    -0.497
  50.816  44.540  49.930    -1.250
  50.816  45.540  49.930    -1.581
  50.816  46.540  49.930    -0.662
  50.816  47.540  49.930     0.325
  50.816  48.540  49.930     1.237
  50.816  49.540  49.930     1.552
  50.816  50.540  49.930     0.798
  50.816  51.540  49.930     0.161
  50.816  52.540  49.930    -0.343
  50.816  53.540  49.930    -0.657
 Average pore radius along the line=     -0.083
direction     3
  50.816  48.540  44.930     1.101
  50.816  48.540  45.930     0.585
  50.816  48.540  46.930     0.394
  50.816  48.540  47.930     0.464
  50.816  48.540  48.930     0.688
  50.816  48.540  49.930     1.237
  50.816  48.540  50.930     0.918
  50.816  48.540  51.930     0.324
  50.816  48.540  52.930     0.081
  50.816  48.540  53.930     0.199
  50.816  48.540  54.930     0.324
 Average pore radius along the line=      0.574
 Best direction is found to be     1
(1=X,2=Y,3=Z)
 s/r cguess has produced initial values for cpoint &/or cvect:
CPOINT      50.8161     48.5400     49.9298
CVECT        1.0000      0.0000      0.0000
 THESE GUESSES MAY WELL BE WRONG!!!!
 Routine relies on having a reasonably symmetric
 channel oriented along x, y or z vector
 YOU ARE STRONGLY ADVISED TO CHECK THE RESULTS
                       WITH MOLECULAR GRAPHICS
 
 
  Some routines (e.g. conn) need vectors normal to cvect: 
     EAST Zero degrees angle is along vector    0.000   1.000   0.000
     NORTH  90 degrees angle is along vector    0.000   0.000  -1.000
 highest radius point found:
  at point   50.816  49.432  50.102
  closest atom surface    1.648   C29 M   X    1
  2nd closest surface     1.648   O16 M   X    1
  found on step  896
  this is also current point
  no. of rejections          369
 stored as     0

 highest radius point found:
  at point   51.016  49.516  50.107
  closest atom surface    1.567   C29 M   X    1
  2nd closest surface     1.568   H60 M   X    1
  found on step  965
  this is also current point
  no. of rejections          361
 stored as     1

 highest radius point found:
  at point   51.216  49.544  50.114
  closest atom surface    1.467   H60 M   X    1
  2nd closest surface     1.468   S5  M   X    1
  found on step  945
  this is also current point
  no. of rejections          384
 stored as     2

 highest radius point found:
  at point   51.416  49.573  50.129
  closest atom surface    1.376   H60 M   X    1
  2nd closest surface     1.378   S5  M   X    1
  found on step  963
  this is also current point
  no. of rejections          376
 stored as     3

 highest radius point found:
  at point   51.616  49.586  50.135
  closest atom surface    1.296   H60 M   X    1
  2nd closest surface     1.302   S5  M   X    1
  found on step  689
 current point:
  at point   51.616  49.874  50.377
  closest atom surface    1.294   S5  M   X    1
  2nd closest surface     1.295   C64 M   X    1
  found on step  963
  no. of rejections          380
 stored as     4

 highest radius point found:
  at point   51.816  49.634  50.167
  closest atom surface    1.231   H60 M   X    1
  2nd closest surface     1.232   S5  M   X    1
  found on step  999
  this is also current point
  no. of rejections          358
 stored as     5

 highest radius point found:
  at point   52.016  49.634  50.166
  closest atom surface    1.181   H60 M   X    1
  2nd closest surface     1.182   S5  M   X    1
  found on step  380
 current point:
  at point   52.016  49.851  50.353
  closest atom surface    1.179   H60 M   X    1
  2nd closest surface     1.181   S5  M   X    1
  found on step  991
  no. of rejections          376
 stored as     6

 highest radius point found:
  at point   52.216  49.846  50.348
  closest atom surface    1.144   S5  M   X    1
  2nd closest surface     1.145   C64 M   X    1
  found on step  590
 current point:
  at point   52.216  49.825  50.333
  closest atom surface    1.143   H60 M   X    1
  2nd closest surface     1.144   S5  M   X    1
  found on step  962
  no. of rejections          381
 stored as     7

 highest radius point found:
  at point   52.416  50.148  50.550
  closest atom surface    1.108   C64 M   X    1
  2nd closest surface     1.109   S5  M   X    1
  found on step   39
 current point:
  at point   52.416  50.034  50.473
  closest atom surface    1.107   C64 M   X    1
  2nd closest surface     1.107   S5  M   X    1
  found on step  925
  no. of rejections          366
 stored as     8

 highest radius point found:
  at point   52.616  50.178  50.568
  closest atom surface    1.095   H38 M   X    1
  2nd closest surface     1.096   C64 M   X    1
  found on step  920
  this is also current point
  no. of rejections          392
 stored as     9

 highest radius point found:
  at point   52.816  50.247  50.688
  closest atom surface    1.039   H38 M   X    1
  2nd closest surface     1.040   N5  M   X    1
  found on step  363
 current point:
  at point   52.816  50.247  50.688
  closest atom surface    1.039   H38 M   X    1
  2nd closest surface     1.040   N5  M   X    1
  found on step  965
  no. of rejections          377
 stored as    10

 highest radius point found:
  at point   53.016  50.339  50.834
  closest atom surface    0.981   N5  M   X    1
  2nd closest surface     0.981   C65 M   X    1
  found on step  943
  this is also current point
  no. of rejections          374
 stored as    11

 highest radius point found:
  at point   53.216  50.456  50.958
  closest atom surface    0.939   N5  M   X    1
  2nd closest surface     0.940   C65 M   X    1
  found on step  987
  this is also current point
  no. of rejections          379
 stored as    12

 highest radius point found:
  at point   53.416  50.344  51.078
  closest atom surface    0.860   O17 M   X    1
  2nd closest surface     0.860   N5  M   X    1
  found on step  857
 current point:
  at point   53.416  50.344  51.076
  closest atom surface    0.859   N5  M   X    1
  2nd closest surface     0.860   O17 M   X    1
  found on step  948
  no. of rejections          340
 stored as    13

 highest radius point found:
  at point   53.616  50.233  51.198
  closest atom surface    0.803   O17 M   X    1
  2nd closest surface     0.804   C64 M   X    1
  found on step  981
  this is also current point
  no. of rejections          370
 stored as    14

 highest radius point found:
  at point   53.816  50.188  51.266
  closest atom surface    0.738   O17 M   X    1
  2nd closest surface     0.740   O12 M   X    1
  found on step  930
  this is also current point
  no. of rejections          375
 stored as    15

 highest radius point found:
  at point   54.016  50.196  51.294
  closest atom surface    0.664   O17 M   X    1
  2nd closest surface     0.665   O12 M   X    1
  found on step   39
 current point:
  at point   54.016  51.604  50.211
  closest atom surface    0.614   C36 M   X    1
  2nd closest surface     0.614   O17 M   X    1
  found on step  934
  no. of rejections          388
 stored as    16

 highest radius point found:
  at point   54.216  50.021  51.759
  closest atom surface    0.616   O12 M   X    1
  2nd closest surface     0.619   C64 M   X    1
  found on step  592
 current point:
  at point   54.216  50.202  51.325
  closest atom surface    0.605   O12 M   X    1
  2nd closest surface     0.605   O17 M   X    1
  found on step  884
  no. of rejections          371
 stored as    17

 highest radius point found:
  at point   54.416  49.959  51.969
  closest atom surface    0.617   O17 M   X    1
  2nd closest surface     0.617   C64 M   X    1
  found on step  946
  this is also current point
  no. of rejections          368
 stored as    18

 highest radius point found:
  at point   54.616  49.896  52.170
  closest atom surface    0.652   C64 M   X    1
  2nd closest surface     0.652   O17 M   X    1
  found on step  862
 current point:
  at point   54.616  49.897  52.172
  closest atom surface    0.650   O17 M   X    1
  2nd closest surface     0.652   C64 M   X    1
  found on step  871
  no. of rejections          387
 stored as    19

 highest radius point found:
  at point   54.816  49.839  52.393
  closest atom surface    0.718   O17 M   X    1
  2nd closest surface     0.718   C64 M   X    1
  found on step  909
  this is also current point
  no. of rejections          357
 stored as    20

 highest radius point found:
  at point   55.016  49.773  52.571
  closest atom surface    0.819   C64 M   X    1
  2nd closest surface     0.823   O17 M   X    1
  found on step  103
 current point:
  at point   55.016  49.792  52.682
  closest atom surface    0.816   C64 M   X    1
  2nd closest surface     0.817   O17 M   X    1
  found on step  963
  no. of rejections          225
 stored as    21

 highest radius point found:
  at point   55.216  49.736  52.907
  closest atom surface    0.951   C64 M   X    1
  2nd closest surface     0.951   C65 M   X    1
  found on step  997
  this is also current point
  no. of rejections          277
 stored as    22

 highest radius point found:
  at point   55.416  49.910  53.952
  closest atom surface    1.121   C65 M   X    1
  2nd closest surface     1.122   C61 M   X    1
  found on step  982
  this is also current point
  no. of rejections          249
 stored as    23

 highest radius point found:
  at point   55.616  49.755  53.796
  closest atom surface    1.293   C65 M   X    1
  2nd closest surface     1.301   C61 M   X    1
  found on step  775
 current point:
  at point   55.616  49.629  53.309
  closest atom surface    1.288   C65 M   X    1
  2nd closest surface     1.289   O17 M   X    1
  found on step  972
  no. of rejections          258
 stored as    24

 highest radius point found:
  at point   55.816  49.560  53.530
  closest atom surface    1.482   C65 M   X    1
  2nd closest surface     1.482   C64 M   X    1
  found on step  807
 current point:
  at point   55.816  49.565  53.537
  closest atom surface    1.481   C65 M   X    1
  2nd closest surface     1.485   C64 M   X    1
  found on step  945
  no. of rejections          347
 stored as    25

 highest radius point found:
  at point   56.016  49.500  53.469
  closest atom surface    1.614   O17 M   X    1
  2nd closest surface     1.614   C62 M   X    1
  found on step  915
  this is also current point
  no. of rejections          360
 stored as    26

 highest radius point found:
  at point   56.216  49.476  53.520
  closest atom surface    1.718   H41 M   X    1
  2nd closest surface     1.719   O12 M   X    1
  found on step  931
  this is also current point
  no. of rejections          372
 stored as    27

 highest radius point found:
  at point   56.416  49.401  53.569
  closest atom surface    1.811   H41 M   X    1
  2nd closest surface     1.811   C62 M   X    1
  found on step  897
  this is also current point
  no. of rejections          336
 stored as    28

 highest radius point found:
  at point   56.616  49.329  53.617
  closest atom surface    1.914   C62 M   X    1
  2nd closest surface     1.915   H41 M   X    1
  found on step  737
 current point:
  at point   56.616  49.325  53.615
  closest atom surface    1.913   O12 M   X    1
  2nd closest surface     1.913   C62 M   X    1
  found on step  926
  no. of rejections          381
 stored as    29

 highest radius point found:
  at point   56.816  49.259  53.662
  closest atom surface    2.028   O12 M   X    1
  2nd closest surface     2.028   C62 M   X    1
  found on step  931
  this is also current point
  no. of rejections          360
 stored as    30

 highest radius point found:
  at point   57.016  49.194  53.713
  closest atom surface    2.151   C62 M   X    1
  2nd closest surface     2.151   H41 M   X    1
  found on step  844
 current point:
  at point   57.016  49.195  53.712
  closest atom surface    2.150   H41 M   X    1
  2nd closest surface     2.152   C62 M   X    1
  found on step  949
  no. of rejections          353
 stored as    31

 highest radius point found:
  at point   57.216  49.122  53.756
  closest atom surface    2.281   C62 M   X    1
  2nd closest surface     2.282   O12 M   X    1
  found on step  965
  this is also current point
  no. of rejections          320
 stored as    32

 highest radius point found:
  at point   57.416  49.063  53.802
  closest atom surface    2.422   O12 M   X    1
  2nd closest surface     2.423   C62 M   X    1
  found on step  972
  this is also current point
  no. of rejections          319
 stored as    33

 highest radius point found:
  at point   57.616  49.001  53.853
  closest atom surface    2.567   C62 M   X    1
  2nd closest surface     2.568   H41 M   X    1
  found on step  990
  this is also current point
  no. of rejections          296
 stored as    34

 highest radius point found:
  at point   57.816  48.939  53.897
  closest atom surface    2.719   C62 M   X    1
  2nd closest surface     2.720   H41 M   X    1
  found on step  967
  this is also current point
  no. of rejections          324
 stored as    35

 highest radius point found:
  at point   58.016  48.879  53.945
  closest atom surface    2.876   H41 M   X    1
  2nd closest surface     2.876   C62 M   X    1
  found on step  949
  this is also current point
  no. of rejections          289
 stored as    36

 highest radius point found:
  at point   58.216  47.931  58.759
  closest atom surface    4.044   C61 M   X    1
  2nd closest surface     4.103   C62 M   X    1
  found on step 1000
  this is also current point
  no. of rejections          183
 stored as    37

 highest radius point found:
  at point   58.416  45.908  68.299
  closest atom surface   11.939   H58 M   X    1
  2nd closest surface    12.099   C61 M   X    1
  found on step 1000
  this is also current point
  no. of rejections          238
 stored as    38

 highest radius point found:
  at point   58.616  42.112  79.828
  closest atom surface   23.610   H58 M   X    1
  2nd closest surface    23.740   C59 M   X    1
  found on step 1000
  this is also current point
  no. of rejections          241
 This is an end! (radius above  22.0 angs)
 highest radius point found:
  at point   50.616  49.299  50.112
  closest atom surface    1.728   O16 M   X    1
  2nd closest surface     1.729   C29 M   X    1
  found on step  948
  this is also current point
  no. of rejections          382
 stored as    -1

 highest radius point found:
  at point   50.416  49.159  50.121
  closest atom surface    1.821   H60 M   X    1
  2nd closest surface     1.821   C29 M   X    1
  found on step  970
  this is also current point
  no. of rejections          324
 stored as    -2

 highest radius point found:
  at point   50.216  49.076  50.080
  closest atom surface    1.909   O16 M   X    1
  2nd closest surface     1.910   S1  M   X    1
  found on step  918
  this is also current point
  no. of rejections          382
 stored as    -3

 highest radius point found:
  at point   50.016  49.109  49.866
  closest atom surface    1.959   S1  M   X    1
  2nd closest surface     1.960   O16 M   X    1
  found on step  948
  this is also current point
  no. of rejections          346
 stored as    -4

 highest radius point found:
  at point   49.816  49.150  49.643
  closest atom surface    2.030   C29 M   X    1
  2nd closest surface     2.030   O16 M   X    1
  found on step  941
  this is also current point
  no. of rejections          379
 stored as    -5

 highest radius point found:
  at point   49.616  49.178  49.443
  closest atom surface    2.122   S1  M   X    1
  2nd closest surface     2.122   O16 M   X    1
  found on step  996
  this is also current point
  no. of rejections          339
 stored as    -6

 highest radius point found:
  at point   49.416  49.220  49.223
  closest atom surface    2.233   C29 M   X    1
  2nd closest surface     2.233   O16 M   X    1
  found on step  858
 current point:
  at point   49.416  49.235  49.203
  closest atom surface    2.231   O16 M   X    1
  2nd closest surface     2.232   C29 M   X    1
  found on step  975
  no. of rejections          334
 stored as    -7

 highest radius point found:
  at point   49.216  49.255  49.014
  closest atom surface    2.362   C29 M   X    1
  2nd closest surface     2.362   O16 M   X    1
  found on step  933
  this is also current point
  no. of rejections          312
 stored as    -8

 highest radius point found:
  at point   49.016  49.320  48.770
  closest atom surface    2.508   C29 M   X    1
  2nd closest surface     2.508   O16 M   X    1
  found on step  996
  this is also current point
  no. of rejections          270
 stored as    -9

 highest radius point found:
  at point   48.816  49.303  48.562
  closest atom surface    2.652   S5  M   X    1
  2nd closest surface     2.652   S1  M   X    1
  found on step  944
  this is also current point
  no. of rejections          339
 stored as   -10

 highest radius point found:
  at point   48.616  49.307  48.349
  closest atom surface    2.794   S5  M   X    1
  2nd closest surface     2.797   S1  M   X    1
  found on step  709
 current point:
  at point   48.616  49.317  48.052
  closest atom surface    2.772   S5  M   X    1
  2nd closest surface     2.779   H9  M   X    1
  found on step  989
  no. of rejections          325
 stored as   -11

 highest radius point found:
  at point   48.416  50.222  44.781
  closest atom surface    3.536   S5  M   X    1
  2nd closest surface     3.632   H27 M   X    1
  found on step  999
  this is also current point
  no. of rejections          269
 stored as   -12

 highest radius point found:
  at point   48.216  54.465  39.282
  closest atom surface    7.889   O8  M   X    1
  2nd closest surface     7.905   S6  M   X    1
  found on step 1000
  this is also current point
  no. of rejections          296
 stored as   -13

 highest radius point found:
  at point   48.016  60.749  31.801
  closest atom surface   16.387   S6  M   X    1
  2nd closest surface    16.395   O8  M   X    1
  found on step 1000
  this is also current point
  no. of rejections          307
 stored as   -14

 highest radius point found:
  at point   47.816  67.977  22.949
  closest atom surface   27.354   O8  M   X    1
  2nd closest surface    27.368   S6  M   X    1
  found on step  999
  this is also current point
  no. of rejections          237
 This is an end! (radius above  22.0 angs)
 
 N.b. Graph information routine (HOGRAP) differs 
        markedly from previous versions!
       Information now is written from -ve end
       to +ve in one pass
 
 Explanation of the meaning of each column: 
 First column "cenxyz.cvec" is the coordinate in the
   direction of the channel vector i.e. if the channel
   vector is in z (0 0 1) then it is the z coordinate.
 The second column "radius" is the hole pore radius 
   (as defined in the Biophys J 1993) article).
 The third column "cen_line_D" is the distance 
   measured along the pore centre line - with the 
   first point found set to zero. This was the first
   thing that I used to measure the distance along a pore
   but "cenxyz.cvec" is a much better general measure. 
   However, by comparing changes in this distance to changes in '   "cenxyz.cvec" one can get a measure of how straight a 
   channel is.
 The fourth column "sum{s/(area)}" is useful in conductance
   prediction -
   basically it is the sum of the thickness of each slab
   divided by its area. HOLE uses this measure to estimate
   the macroscopic conductance of a channel.
 If any of this worries you one can see the "raw" results
   of a standard hole run by producing a sphpdb file and 
    directly looking at the results.
 cenxyz.cvec      radius  cen_line_D sum{s/(area point sourc
    48.01609    16.38661   -23.49113     0.00012   (sampled)
    48.11609    11.93047   -18.60519     0.00034 (mid-point)
    48.21609     7.88885   -13.71925     0.00085   (sampled)
    48.31609     5.36299   -10.24491     0.00196 (mid-point)
    48.41609     3.53592    -6.77058     0.00451   (sampled)
    48.51609     2.83890    -4.92625     0.00846 (mid-point)
    48.61609     2.79443    -3.08192     0.01253   (sampled)
    48.71609     2.72138    -2.93566     0.01683 (mid-point)
    48.81609     2.65178    -2.78940     0.02136   (sampled)
    48.91609     2.57860    -2.64510     0.02614 (mid-point)
    49.01609     2.50828    -2.50079     0.03120   (sampled)
    49.11609     2.43258    -2.33942     0.03658 (mid-point)
    49.21609     2.36170    -2.17805     0.04229   (sampled)
    49.31609     2.29523    -2.03259     0.04833 (mid-point)
    49.41609     2.23285    -1.88713     0.05472   (sampled)
    49.51609     2.17514    -1.73702     0.06144 (mid-point)
    49.61609     2.12178    -1.58690     0.06851   (sampled)
    49.71609     2.07346    -1.44472     0.07592 (mid-point)
    49.81609     2.02958    -1.30254     0.08365   (sampled)
    49.91609     1.99169    -1.15151     0.09167 (mid-point)
    50.01609     1.95857    -1.00047     0.09997   (sampled)
    50.11609     1.93126    -0.85285     0.10850 (mid-point)
    50.21609     1.90870    -0.70522     0.11724   (sampled)
    50.31609     1.86720    -0.59511     0.12637 (mid-point)
    50.41609     1.82094    -0.48500     0.13597   (sampled)
    50.51609     1.77275    -0.36275     0.14610 (mid-point)
    50.61609     1.72816    -0.24049     0.15676   (sampled)
    50.71609     1.68632    -0.12025     0.16795 (mid-point)
    50.81609     1.64783     0.00000     0.17967   (sampled)
    50.91609     1.60616     0.10853     0.19201 (mid-point)
    51.01609     1.56743     0.21706     0.20497   (sampled)
    51.11609     1.51602     0.31803     0.21882 (mid-point)
    51.21609     1.46740     0.41901     0.23360   (sampled)
    51.31609     1.41984     0.52041     0.24939 (mid-point)
    51.41609     1.37567     0.62180     0.26621   (sampled)
    51.51609     1.33410     0.72204     0.28409 (mid-point)
    51.61609     1.29616     0.82227     0.30304   (sampled)
    51.71609     1.26159     0.92637     0.32304 (mid-point)
    51.81609     1.23134     1.03047     0.34403   (sampled)
    51.91609     1.20426     1.13047     0.36598 (mid-point)
    52.01609     1.18144     1.23047     0.38879   (sampled)
    52.11609     1.15688     1.40234     0.41257 (mid-point)
    52.21609     1.14363     1.57420     0.43691   (sampled)
    52.31609     1.11895     1.78157     0.46233 (mid-point)
    52.41609     1.10773     1.98894     0.48827   (sampled)
    52.51609     1.09993     2.09051     0.51458 (mid-point)
    52.61609     1.09537     2.19207     0.54111   (sampled)
    52.71609     1.06375     2.31353     0.56924 (mid-point)
    52.81609     1.03888     2.43499     0.59874   (sampled)
    52.91609     1.00746     2.56689     0.63010 (mid-point)
    53.01609     0.98088     2.69880     0.66318   (sampled)
    53.11609     0.95672     2.83040     0.69796 (mid-point)
    53.21609     0.93880     2.96200     0.73407   (sampled)
    53.31609     0.89656     3.09137     0.77367 (mid-point)
    53.41609     0.85960     3.22075     0.81675   (sampled)
    53.51609     0.82806     3.34972     0.86317 (mid-point)
    53.61609     0.80291     3.47869     0.91255   (sampled)
    53.71609     0.76837     3.58661     0.96646 (mid-point)
    53.81609     0.73821     3.69453     1.02488   (sampled)
    53.91609     0.69917     3.79559     1.08999 (mid-point)
    54.01609     0.66389     3.89666     1.16221   (sampled)
    54.11609     0.62465     4.16454     1.24379 (mid-point)
    54.21609     0.61567     4.43241     1.32777   (sampled)
    54.31609     0.61246     4.58068     1.41263 (mid-point)
    54.41609     0.61671     4.72895     1.49632   (sampled)
    54.51609     0.62985     4.87425     1.57656 (mid-point)
    54.61609     0.65180     5.01956     1.65148   (sampled)
    54.71609     0.68005     5.17203     1.72031 (mid-point)
    54.81609     0.71751     5.32450     1.78214   (sampled)
    54.91609     0.76521     5.46221     1.83650 (mid-point)
    55.01609     0.81874     5.59991     1.88399   (sampled)
    55.11609     0.87872     5.79652     1.92521 (mid-point)
    55.21609     0.95125     5.99314     1.96039   (sampled)
    55.31609     0.98669     6.53170     1.99308 (mid-point)
    55.41609     1.12095     7.07026     2.01842   (sampled)
    55.51609     1.20451     7.21871     2.04036 (mid-point)
    55.61609     1.29287     7.36716     2.05940   (sampled)
    55.71609     1.38283     7.56008     2.07604 (mid-point)
    55.81609     1.48154     7.75300     2.09055   (sampled)
    55.91609     1.54843     7.86173     2.10382 (mid-point)
    56.01609     1.61362     7.97047     2.11605   (sampled)
    56.11609     1.66590     8.07444     2.12752 (mid-point)
    56.21609     1.71761     8.17841     2.13831   (sampled)
    56.31609     1.76244     8.28797     2.14855 (mid-point)
    56.41609     1.81082     8.39752     2.15826   (sampled)
    56.51609     1.86119     8.50648     2.16745 (mid-point)
    56.61609     1.91388     8.61543     2.17614   (sampled)
    56.71609     1.97003     8.72368     2.18434 (mid-point)
    56.81609     2.02830     8.83193     2.19208   (sampled)
    56.91609     2.08868     8.94025     2.19938 (mid-point)
    57.01609     2.15100     9.04856     2.20626   (sampled)
    57.11609     2.21528     9.15699     2.21274 (mid-point)
    57.21609     2.28141     9.26542     2.21886   (sampled)
    57.31609     2.35136     9.37209     2.22461 (mid-point)
    57.41609     2.42245     9.47876     2.23004   (sampled)
    57.51609     2.49433     9.58659     2.23516 (mid-point)
    57.61609     2.56731     9.69442     2.23998   (sampled)
    57.71609     2.64275     9.80133     2.24454 (mid-point)
    57.81609     2.71945     9.90823     2.24885   (sampled)
    57.91609     2.79710    10.01533     2.25291 (mid-point)
    58.01609     2.87586    10.12243     2.25676   (sampled)
    58.11609     2.93053    12.57801     2.26047 (mid-point)
    58.21609     4.04351    15.03358     2.26242   (sampled)
    58.31609     7.59634    19.91063     2.26297 (mid-point)
    58.41609    11.93922    24.78767     2.26319   (sampled)

 Minimum radius found:      0.612 angstroms.



 For spherical probe approach, The geometric factor
         F= sum(ds/area) along channel is    2.263 angstroms**-1
 This yields a macroscopic predicted molar conductance of:
   (1/rho)*(100/F)= (44/rho) pS,
   where rho is the conductivity of 1M permeant ion in ohm m.
 N.B. this is a macroscopic conductance - an overestimate 
 Empirically corrected conductances currently only available
 With the CAPSULE option (although its not that stable!)
 For 1M KCl rho= 1/12 (ohm m), So Gmacro= 530 pS/M.
  (TAG      1   Rmin=     0.61246   Gmacro=   530.22463 Conn_Gmacro=    -1.00000 ).
 HOLE: normal completion
