 *** Program HOLE ***
 
 If results of this run are reported or published, please
 cite the publication listed below.
 For the HOLE program:
   Smart, O.S., Goodfellow, J.M., Wallace, B.A. (1993). 
   The pore dimensions of gramicidin A. 
   Biophys. J., 65, 2455-2460.
 
 Originally written by Oliver Smart at Birkbeck College from April 1992.
 Copyright 1993-2005 Oliver Smart
 Copyright 2014-2015 SmartSci Limited.
 Copyright 2016 Oliver Smart.
 
 For help on HOLE suite see  http://www.holeprogram.org/
 
 HOLE release 2.2.005 (07 August 2016) 
 
 usage subject to Apache License, Version 2.0 
 see http://www.apache.org/licenses/LICENSE-2.0 

 Control variables read:

! Input file for Oliver Smart's HOLE program
! written by MDAnalysis.analysis.hole2.HoleAnalysis
! for a Universe
! u = mda.Universe(/afs/crc.nd.edu/user/m/mfarshad/Private/ML-new/traj/host-183/
!    /afs/crc.nd.edu/user/m/mfarshad/Private/ML-new/traj/host-183/host_183.trr
!   )
! Frame 66

COORD  /tmp/2550139.1.long/tmpt71x955u.pdb
RADIUS simple2.rad
SPHPDB hole066.sph
SAMPLE 0.200000
ENDRAD 22.000000
IGNORE SOL WAT TIP HOH K   NA  CL
SHORTO 0
RASEED 31415
CPOINT 49.5196097957 48.7583449417 49.9580584102


 WARNING have not found a CVECT record - will try to guess
 Input pdb filename read as:    '/tmp/2550139.1.long/tmpt71x955u.pdb'
 Input vdW radius file read as: 'simple2.rad'
 point in channel:   49.520  48.758  49.958
 channel vector:   ************************
 sampling distance between planes:    0.200

 graphics conditions:
 binary plot output file name: NONE
 Dot density:    10
 Draw dots?           T
 Draw close contacts? F
 Draw centre line?    T
 Produce spikes rather than dots? F
 Seed for random number generator:     31415 (0 means value set by program)
 Radius above which a result is regarded as an 'end':  22.000
 Pdb format file for sphere centres: hole066.sph

 Monte Carlo conditions:
  no of steps:  1000
  maximum displacement   0.100 angs
  'kT' initial   0.100 angs
 The spherebox and capsule options are turned off.
 (No molqpt card so will not write qpt file of the molecule)
 IGNORE card read so will ignore residue types: SOL WAT TIP HOH K   NA  CL
 no SHORTO card read so will produce full textual output
 As no PEGRAT card was found will not produce PEG polymer exclusion graph
 (No 2DMAPS card specified so will not produce 2D property maps)
 Have not found a CUT card.  Normal calculation using
   Cutoff lists with a cutsize=       1.000
   (if you wish to turn off option use a CUT -1 card)

 Have read     7 bond radius records and
              16 vdW radius records.
 From file: simple2.rad

 Have read   144 atom records.
 From file: /tmp/2550139.1.long/tmpt71x955u.pdb
 Will not produce graphical output

 Have opened file for pdb format output of sphere centres:  hole066.sph

  Seed integer used by ran # generator on this run      31415

 
 S/R cguess will try to guess CPOINT and/or CVECT
 
 THESE GUESSES MAY WELL BE WRONG!!!!
 Routine relies on having a reasonably symmetric
 channel oriented along x, y or z vector
 YOU ARE STRONGLY ADVISED TO CHECK THE RESULTS
                       WITH MOLECULAR GRAPHICS
 testing points from cpoint in X, Y then Z direction
   point                   pore radius
direction     1
  44.520  48.758  49.958     0.399
  45.520  48.758  49.958     1.150
  46.520  48.758  49.958     1.689
  47.520  48.758  49.958     1.909
  48.520  48.758  49.958     1.852
  49.520  48.758  49.958     1.840
  50.520  48.758  49.958     1.859
  51.520  48.758  49.958     1.806
  52.520  48.758  49.958     1.797
  53.520  48.758  49.958     1.902
  54.520  48.758  49.958     2.008
 Average pore radius along the line=      1.656
direction     2
  49.520  43.758  49.958     0.120
  49.520  44.758  49.958    -0.546
  49.520  45.758  49.958    -0.566
  49.520  46.758  49.958     0.082
  49.520  47.758  49.958     0.953
  49.520  48.758  49.958     1.840
  49.520  49.758  49.958     1.389
  49.520  50.758  49.958     0.759
  49.520  51.758  49.958    -0.165
  49.520  52.758  49.958    -1.131
  49.520  53.758  49.958    -1.409
 Average pore radius along the line=      0.121
direction     3
  49.520  48.758  44.958    -0.388
  49.520  48.758  45.958    -0.007
  49.520  48.758  46.958     0.745
  49.520  48.758  47.958     1.072
  49.520  48.758  48.958     1.593
  49.520  48.758  49.958     1.840
  49.520  48.758  50.958     1.492
  49.520  48.758  51.958     1.155
  49.520  48.758  52.958     0.734
  49.520  48.758  53.958    -0.163
  49.520  48.758  54.958    -0.843
 Average pore radius along the line=      0.657
 Best direction is found to be     1
(1=X,2=Y,3=Z)
 s/r cguess has produced initial values for cpoint &/or cvect:
CPOINT      49.5196     48.7583     49.9581
CVECT        1.0000      0.0000      0.0000
 THESE GUESSES MAY WELL BE WRONG!!!!
 Routine relies on having a reasonably symmetric
 channel oriented along x, y or z vector
 YOU ARE STRONGLY ADVISED TO CHECK THE RESULTS
                       WITH MOLECULAR GRAPHICS
 
 
  Some routines (e.g. conn) need vectors normal to cvect: 
     EAST Zero degrees angle is along vector    0.000   1.000   0.000
     NORTH  90 degrees angle is along vector    0.000   0.000  -1.000
 highest radius point found:
  at point   49.520  49.530  51.043
  closest atom surface    2.229   C9  183 X    1
  2nd closest surface     2.231   C34 183 X    1
  found on step  344
 current point:
  at point   49.520  49.763  51.596
  closest atom surface    2.216   C50 183 X    1
  2nd closest surface     2.217   C34 183 X    1
  found on step  965
  no. of rejections          416
 stored as     0

 highest radius point found:
  at point   49.720  49.560  51.080
  closest atom surface    2.232   C34 183 X    1
  2nd closest surface     2.232   C50 183 X    1
  found on step  981
  this is also current point
  no. of rejections          356
 stored as     1

 highest radius point found:
  at point   49.920  49.581  51.083
  closest atom surface    2.239   C34 183 X    1
  2nd closest surface     2.245   C50 183 X    1
  found on step  186
 current point:
  at point   49.920  49.753  51.488
  closest atom surface    2.226   C34 183 X    1
  2nd closest surface     2.226   C50 183 X    1
  found on step  940
  no. of rejections          377
 stored as     2

 highest radius point found:
  at point   50.120  49.640  51.184
  closest atom surface    2.254   C34 183 X    1
  2nd closest surface     2.254   C33 183 X    1
  found on step  952
  this is also current point
  no. of rejections          384
 stored as     3

 highest radius point found:
  at point   50.320  49.727  51.349
  closest atom surface    2.278   C50 183 X    1
  2nd closest surface     2.278   C34 183 X    1
  found on step  969
  this is also current point
  no. of rejections          369
 stored as     4

 highest radius point found:
  at point   50.520  49.624  51.187
  closest atom surface    2.279   H52 183 X    1
  2nd closest surface     2.279   C50 183 X    1
  found on step  904
  this is also current point
  no. of rejections          378
 stored as     5

 highest radius point found:
  at point   50.720  49.532  51.016
  closest atom surface    2.285   C9  183 X    1
  2nd closest surface     2.285   C33 183 X    1
  found on step  729
 current point:
  at point   50.720  49.537  51.053
  closest atom surface    2.284   C9  183 X    1
  2nd closest surface     2.284   H52 183 X    1
  found on step  943
  no. of rejections          388
 stored as     6

 highest radius point found:
  at point   50.920  49.470  50.886
  closest atom surface    2.290   C9  183 X    1
  2nd closest surface     2.291   H52 183 X    1
  found on step  617
 current point:
  at point   50.920  49.462  50.843
  closest atom surface    2.289   C33 183 X    1
  2nd closest surface     2.291   C9  183 X    1
  found on step  946
  no. of rejections          391
 stored as     7

 highest radius point found:
  at point   51.120  49.438  50.709
  closest atom surface    2.286   H52 183 X    1
  2nd closest surface     2.288   C8  183 X    1
  found on step  945
  this is also current point
  no. of rejections          368
 stored as     8

 highest radius point found:
  at point   51.320  49.417  50.612
  closest atom surface    2.279   C8  183 X    1
  2nd closest surface     2.281   C53 183 X    1
  found on step  888
 current point:
  at point   51.320  49.420  50.627
  closest atom surface    2.279   H52 183 X    1
  2nd closest surface     2.279   C53 183 X    1
  found on step  995
  no. of rejections          376
 stored as     9

 highest radius point found:
  at point   51.520  49.441  50.690
  closest atom surface    2.230   H53 183 X    1
  2nd closest surface     2.231   C53 183 X    1
  found on step  981
  this is also current point
  no. of rejections          379
 stored as    10

 highest radius point found:
  at point   51.720  49.467  50.769
  closest atom surface    2.191   H52 183 X    1
  2nd closest surface     2.192   C53 183 X    1
  found on step  976
  this is also current point
  no. of rejections          415
 stored as    11

 highest radius point found:
  at point   51.920  49.498  50.840
  closest atom surface    2.159   H53 183 X    1
  2nd closest surface     2.160   C52 183 X    1
  found on step  971
  this is also current point
  no. of rejections          402
 stored as    12

 highest radius point found:
  at point   52.120  49.535  50.908
  closest atom surface    2.134   C52 183 X    1
  2nd closest surface     2.134   H53 183 X    1
  found on step  886
  this is also current point
  no. of rejections          413
 stored as    13

 highest radius point found:
  at point   52.320  49.576  50.979
  closest atom surface    2.121   C52 183 X    1
  2nd closest surface     2.124   H53 183 X    1
  found on step  454
 current point:
  at point   52.320  49.582  50.990
  closest atom surface    2.120   C52 183 X    1
  2nd closest surface     2.121   H52 183 X    1
  found on step  885
  no. of rejections          401
 stored as    14

 highest radius point found:
  at point   52.520  48.455  47.939
  closest atom surface    2.318   S3  183 X    1
  2nd closest surface     2.319   H53 183 X    1
  found on step  858
 current point:
  at point   52.520  48.455  47.939
  closest atom surface    2.318   S3  183 X    1
  2nd closest surface     2.319   H53 183 X    1
  found on step  994
  no. of rejections          367
 stored as    15

 highest radius point found:
  at point   52.720  48.468  48.067
  closest atom surface    2.271   H53 183 X    1
  2nd closest surface     2.272   S3  183 X    1
  found on step  995
  this is also current point
  no. of rejections          387
 stored as    16

 highest radius point found:
  at point   52.920  48.486  48.181
  closest atom surface    2.231   C7  183 X    1
  2nd closest surface     2.235   S3  183 X    1
  found on step  122
 current point:
  at point   52.920  49.361  50.712
  closest atom surface    2.068   H53 183 X    1
  2nd closest surface     2.069   C53 183 X    1
  found on step  997
  no. of rejections          377
 stored as    17

 highest radius point found:
  at point   53.120  48.522  48.249
  closest atom surface    2.201   S3  183 X    1
  2nd closest surface     2.208   H53 183 X    1
  found on step   30
 current point:
  at point   53.120  48.679  47.834
  closest atom surface    2.130   S3  183 X    1
  2nd closest surface     2.144   H53 183 X    1
  found on step 1000
  no. of rejections          398
 stored as    18

 highest radius point found:
  at point   53.320  48.540  48.396
  closest atom surface    2.203   H53 183 X    1
  2nd closest surface     2.205   C7  183 X    1
  found on step  629
 current point:
  at point   53.320  48.538  48.394
  closest atom surface    2.203   S3  183 X    1
  2nd closest surface     2.204   C7  183 X    1
  found on step  891
  no. of rejections          414
 stored as    19

 highest radius point found:
  at point   53.520  48.568  48.520
  closest atom surface    2.207   C7  183 X    1
  2nd closest surface     2.208   H53 183 X    1
  found on step  926
  this is also current point
  no. of rejections          379
 stored as    20

 highest radius point found:
  at point   53.720  48.597  48.616
  closest atom surface    2.230   S3  183 X    1
  2nd closest surface     2.231   C7  183 X    1
  found on step  983
  this is also current point
  no. of rejections          390
 stored as    21

 highest radius point found:
  at point   53.920  48.628  48.729
  closest atom surface    2.265   C7  183 X    1
  2nd closest surface     2.266   S3  183 X    1
  found on step  630
 current point:
  at point   53.920  48.629  48.728
  closest atom surface    2.265   S3  183 X    1
  2nd closest surface     2.265   H53 183 X    1
  found on step  916
  no. of rejections          369
 stored as    22

 highest radius point found:
  at point   54.120  48.665  48.833
  closest atom surface    2.310   C54 183 X    1
  2nd closest surface     2.311   S3  183 X    1
  found on step  830
 current point:
  at point   54.120  48.665  48.831
  closest atom surface    2.310   S3  183 X    1
  2nd closest surface     2.311   C54 183 X    1
  found on step  969
  no. of rejections          384
 stored as    23

 highest radius point found:
  at point   54.320  48.721  48.893
  closest atom surface    2.354   H53 183 X    1
  2nd closest surface     2.354   S3  183 X    1
  found on step  951
  this is also current point
  no. of rejections          372
 stored as    24

 highest radius point found:
  at point   54.520  48.777  48.957
  closest atom surface    2.408   H53 183 X    1
  2nd closest surface     2.409   C54 183 X    1
  found on step  859
  this is also current point
  no. of rejections          388
 stored as    25

 highest radius point found:
  at point   54.720  48.836  49.021
  closest atom surface    2.473   H53 183 X    1
  2nd closest surface     2.475   C54 183 X    1
  found on step  961
  this is also current point
  no. of rejections          396
 stored as    26

 highest radius point found:
  at point   54.920  48.963  48.882
  closest atom surface    2.479   H8  183 X    1
  2nd closest surface     2.481   H53 183 X    1
  found on step  418
 current point:
  at point   54.920  48.960  48.884
  closest atom surface    2.476   H8  183 X    1
  2nd closest surface     2.481   S3  183 X    1
  found on step  996
  no. of rejections          328
 stored as    27

 highest radius point found:
  at point   55.120  49.107  48.715
  closest atom surface    2.497   H53 183 X    1
  2nd closest surface     2.498   C47 183 X    1
  found on step  912
  this is also current point
  no. of rejections          368
 stored as    28

 highest radius point found:
  at point   55.320  49.218  48.565
  closest atom surface    2.513   C47 183 X    1
  2nd closest surface     2.515   H8  183 X    1
  found on step  916
  this is also current point
  no. of rejections          360
 stored as    29

 highest radius point found:
  at point   55.520  49.324  48.416
  closest atom surface    2.548   S3  183 X    1
  2nd closest surface     2.548   C47 183 X    1
  found on step  574
 current point:
  at point   55.520  49.324  48.416
  closest atom surface    2.547   C47 183 X    1
  2nd closest surface     2.548   S3  183 X    1
  found on step  994
  no. of rejections          381
 stored as    30

 highest radius point found:
  at point   55.720  49.433  48.275
  closest atom surface    2.597   C47 183 X    1
  2nd closest surface     2.599   H8  183 X    1
  found on step  885
  this is also current point
  no. of rejections          368
 stored as    31

 highest radius point found:
  at point   55.920  50.877  44.304
  closest atom surface    3.587   C47 183 X    1
  2nd closest surface     3.594   C26 183 X    1
  found on step  997
  this is also current point
  no. of rejections          288
 stored as    32

 highest radius point found:
  at point   56.120  55.481  36.897
  closest atom surface    8.809   S2  183 X    1
  2nd closest surface     9.004   H26 183 X    1
  found on step  998
  this is also current point
  no. of rejections          243
 stored as    33

 highest radius point found:
  at point   56.320  57.013  27.774
  closest atom surface   16.805   C25 183 X    1
  2nd closest surface    16.815   S2  183 X    1
  found on step 1000
  this is also current point
  no. of rejections          258
 stored as    34

 highest radius point found:
  at point   56.520  60.309  18.260
  closest atom surface   26.452   S2  183 X    1
  2nd closest surface    26.533   C25 183 X    1
  found on step  999
  this is also current point
  no. of rejections          251
 This is an end! (radius above  22.0 angs)
 highest radius point found:
  at point   49.320  49.517  51.083
  closest atom surface    2.231   C35 183 X    1
  2nd closest surface     2.232   C50 183 X    1
  found on step  540
 current point:
  at point   49.320  49.520  51.090
  closest atom surface    2.231   C35 183 X    1
  2nd closest surface     2.232   C50 183 X    1
  found on step  979
  no. of rejections          392
 stored as    -1

 highest radius point found:
  at point   49.120  49.667  51.517
  closest atom surface    2.215   C50 183 X    1
  2nd closest surface     2.216   C35 183 X    1
  found on step  975
  this is also current point
  no. of rejections          371
 stored as    -2

 highest radius point found:
  at point   48.920  49.760  51.830
  closest atom surface    2.240   C50 183 X    1
  2nd closest surface     2.241   C35 183 X    1
  found on step   78
 current point:
  at point   48.920  49.462  51.205
  closest atom surface    2.206   C50 183 X    1
  2nd closest surface     2.209   C35 183 X    1
  found on step  987
  no. of rejections          379
 stored as    -3

 highest radius point found:
  at point   48.720  49.735  51.888
  closest atom surface    2.250   C35 183 X    1
  2nd closest surface     2.252   C59 183 X    1
  found on step  997
  this is also current point
  no. of rejections          382
 stored as    -4

 highest radius point found:
  at point   48.520  49.689  51.915
  closest atom surface    2.268   C50 183 X    1
  2nd closest surface     2.268   C35 183 X    1
  found on step  952
  this is also current point
  no. of rejections          400
 stored as    -5

 highest radius point found:
  at point   48.320  49.656  51.957
  closest atom surface    2.295   C59 183 X    1
  2nd closest surface     2.295   C35 183 X    1
  found on step  893
  this is also current point
  no. of rejections          374
 stored as    -6

 highest radius point found:
  at point   48.120  49.610  51.983
  closest atom surface    2.334   C35 183 X    1
  2nd closest surface     2.334   C50 183 X    1
  found on step  959
  this is also current point
  no. of rejections          390
 stored as    -7

 highest radius point found:
  at point   47.920  49.568  52.012
  closest atom surface    2.381   C35 183 X    1
  2nd closest surface     2.381   C50 183 X    1
  found on step  819
 current point:
  at point   47.920  49.567  52.011
  closest atom surface    2.381   C50 183 X    1
  2nd closest surface     2.381   C35 183 X    1
  found on step  976
  no. of rejections          379
 stored as    -8

 highest radius point found:
  at point   47.720  49.530  52.050
  closest atom surface    2.439   C59 183 X    1
  2nd closest surface     2.439   C50 183 X    1
  found on step  987
  this is also current point
  no. of rejections          410
 stored as    -9

 highest radius point found:
  at point   47.520  49.481  52.093
  closest atom surface    2.493   C59 183 X    1
  2nd closest surface     2.494   C19 183 X    1
  found on step  900
  this is also current point
  no. of rejections          369
 stored as   -10

 highest radius point found:
  at point   47.320  49.279  51.931
  closest atom surface    2.489   C19 183 X    1
  2nd closest surface     2.490   C50 183 X    1
  found on step  898
  this is also current point
  no. of rejections          323
 stored as   -11

 highest radius point found:
  at point   47.120  49.003  51.559
  closest atom surface    2.430   N1  183 X    1
  2nd closest surface     2.430   S1  183 X    1
  found on step  982
  this is also current point
  no. of rejections          336
 stored as   -12

 highest radius point found:
  at point   46.920  48.996  51.384
  closest atom surface    2.278   C13 183 X    1
  2nd closest surface     2.278   S1  183 X    1
  found on step  943
  this is also current point
  no. of rejections          327
 stored as   -13

 highest radius point found:
  at point   46.720  48.672  52.926
  closest atom surface    2.215   H68 183 X    1
  2nd closest surface     2.216   S1  183 X    1
  found on step  958
  this is also current point
  no. of rejections          273
 stored as   -14

 highest radius point found:
  at point   46.520  48.581  53.207
  closest atom surface    2.144   C13 183 X    1
  2nd closest surface     2.145   S1  183 X    1
  found on step  998
  this is also current point
  no. of rejections          272
 stored as   -15

 highest radius point found:
  at point   46.320  48.487  53.508
  closest atom surface    2.109   H68 183 X    1
  2nd closest surface     2.111   S1  183 X    1
  found on step  957
  this is also current point
  no. of rejections          302
 stored as   -16

 highest radius point found:
  at point   46.120  50.934  61.312
  closest atom surface    5.785   H69 183 X    1
  2nd closest surface     5.801   C41 183 X    1
  found on step 1000
  this is also current point
  no. of rejections          249
 stored as   -17

 highest radius point found:
  at point   45.920  52.366  70.373
  closest atom surface   14.110   H69 183 X    1
  2nd closest surface    14.123   H38 183 X    1
  found on step  999
  this is also current point
  no. of rejections          280
 stored as   -18

 highest radius point found:
  at point   45.720  53.140  80.977
  closest atom surface   24.366   H62 183 X    1
  2nd closest surface    24.409   H69 183 X    1
  found on step  999
  this is also current point
  no. of rejections          285
 This is an end! (radius above  22.0 angs)
 
 N.b. Graph information routine (HOGRAP) differs 
        markedly from previous versions!
       Information now is written from -ve end
       to +ve in one pass
 
 Explanation of the meaning of each column: 
 First column "cenxyz.cvec" is the coordinate in the
   direction of the channel vector i.e. if the channel
   vector is in z (0 0 1) then it is the z coordinate.
 The second column "radius" is the hole pore radius 
   (as defined in the Biophys J 1993) article).
 The third column "cen_line_D" is the distance 
   measured along the pore centre line - with the 
   first point found set to zero. This was the first
   thing that I used to measure the distance along a pore
   but "cenxyz.cvec" is a much better general measure. 
   However, by comparing changes in this distance to changes in '   "cenxyz.cvec" one can get a measure of how straight a 
   channel is.
 The fourth column "sum{s/(area)}" is useful in conductance
   prediction -
   basically it is the sum of the thickness of each slab
   divided by its area. HOLE uses this measure to estimate
   the macroscopic conductance of a channel.
 If any of this worries you one can see the "raw" results
   of a standard hole run by producing a sphpdb file and 
    directly looking at the results.
 cenxyz.cvec      radius  cen_line_D sum{s/(area point sourc
    45.91961    14.10951   -23.31495     0.00016   (sampled)
    46.01961     9.77600   -18.72716     0.00049 (mid-point)
    46.11961     5.78547   -14.13938     0.00144   (sampled)
    46.21961     2.72176   -10.04907     0.00574 (mid-point)
    46.31961     2.10944    -5.95875     0.01289   (sampled)
    46.41961     2.12311    -5.77230     0.01996 (mid-point)
    46.51961     2.14445    -5.58586     0.02688   (sampled)
    46.61961     2.17664    -5.40739     0.03360 (mid-point)
    46.71961     2.21515    -5.22892     0.04008   (sampled)
    46.81961     2.16996    -4.43464     0.04684 (mid-point)
    46.91961     2.27756    -3.64036     0.05298   (sampled)
    47.01961     2.35287    -3.50743     0.05873 (mid-point)
    47.11961     2.42960    -3.37450     0.06412   (sampled)
    47.21961     2.45374    -3.12222     0.06941 (mid-point)
    47.31961     2.48918    -2.86994     0.07455   (sampled)
    47.41961     2.48847    -2.70628     0.07969 (mid-point)
    47.51961     2.49344    -2.54262     0.08481   (sampled)
    47.61961     2.46480    -2.43747     0.09005 (mid-point)
    47.71961     2.43855    -2.33232     0.09540   (sampled)
    47.81961     2.40879    -2.22875     0.10088 (mid-point)
    47.91961     2.38128    -2.12519     0.10650   (sampled)
    48.01961     2.35661    -2.02198     0.11223 (mid-point)
    48.11961     2.33435    -1.91877     0.11807   (sampled)
    48.21961     2.31361    -1.81531     0.12402 (mid-point)
    48.31961     2.29492    -1.71185     0.13006   (sampled)
    48.41961     2.28063    -1.60833     0.13618 (mid-point)
    48.51961     2.26817    -1.50482     0.14237   (sampled)
    48.61961     2.25798    -1.40141     0.14861 (mid-point)
    48.71961     2.25006    -1.29800     0.15490   (sampled)
    48.81961     2.24413    -1.19299     0.16122 (mid-point)
    48.91961     2.24050    -1.08799     0.16756   (sampled)
    49.01961     2.22344    -0.89669     0.17400 (mid-point)
    49.11961     2.21533    -0.70538     0.18048   (sampled)
    49.21961     2.21592    -0.45483     0.18697 (mid-point)
    49.31961     2.23150    -0.20428     0.19336   (sampled)
    49.41961     2.23098    -0.10214     0.19976 (mid-point)
    49.51961     2.22865    -0.00000     0.20616   (sampled)
    49.61961     2.23022     0.10278     0.21256 (mid-point)
    49.71961     2.23158     0.20557     0.21896   (sampled)
    49.81961     2.23422     0.30616     0.22533 (mid-point)
    49.91961     2.23934     0.40675     0.23168   (sampled)
    50.01961     2.24509     0.52239     0.23799 (mid-point)
    50.11961     2.25409     0.63804     0.24426   (sampled)
    50.21961     2.26377     0.77472     0.25047 (mid-point)
    50.31961     2.27793     0.91140     0.25661   (sampled)
    50.41961     2.27611     1.04989     0.26275 (mid-point)
    50.51961     2.27866     1.18839     0.26888   (sampled)
    50.61961     2.28050     1.32789     0.27500 (mid-point)
    50.71961     2.28480     1.46740     0.28110   (sampled)
    50.81961     2.28566     1.59049     0.28719 (mid-point)
    50.91961     2.29019     1.71358     0.29326   (sampled)
    51.01961     2.28595     1.84801     0.29935 (mid-point)
    51.11961     2.28612     1.98243     0.30544   (sampled)
    51.21961     2.28228     2.09411     0.31155 (mid-point)
    51.31961     2.27940     2.20579     0.31768   (sampled)
    51.41961     2.25440     2.31368     0.32394 (mid-point)
    51.51961     2.23021     2.42156     0.33034   (sampled)
    51.61961     2.20964     2.53001     0.33686 (mid-point)
    51.71961     2.19145     2.63846     0.34349   (sampled)
    51.81961     2.17425     2.74560     0.35022 (mid-point)
    51.91961     2.15940     2.85274     0.35705   (sampled)
    52.01961     2.14513     2.96002     0.36397 (mid-point)
    52.11961     2.13412     3.06729     0.37096   (sampled)
    52.21961     2.12616     3.17529     0.37800 (mid-point)
    52.31961     2.12111     3.28328     0.38507   (sampled)
    52.41961     1.78437     4.90601     0.39507 (mid-point)
    52.51961     2.31816     6.52874     0.40099   (sampled)
    52.61961     2.29286     6.64746     0.40705 (mid-point)
    52.71961     2.27103     6.76617     0.41322   (sampled)
    52.81961     2.25135     6.88181     0.41950 (mid-point)
    52.91961     2.23128     6.99746     0.42589   (sampled)
    53.01961     2.21687     7.10457     0.43237 (mid-point)
    53.11961     2.20093     7.21168     0.43894   (sampled)
    53.21961     2.20146     7.33621     0.44551 (mid-point)
    53.31961     2.20287     7.46073     0.45207   (sampled)
    53.41961     2.20321     7.57922     0.45862 (mid-point)
    53.51961     2.20668     7.69771     0.46516   (sampled)
    53.61961     2.21721     7.80952     0.47164 (mid-point)
    53.71961     2.23029     7.92132     0.47804   (sampled)
    53.81961     2.24638     8.03727     0.48434 (mid-point)
    53.91961     2.26538     8.15322     0.49055   (sampled)
    54.01961     2.28672     8.26726     0.49663 (mid-point)
    54.11961     2.31007     8.38131     0.50260   (sampled)
    54.21961     2.33109     8.48942     0.50846 (mid-point)
    54.31961     2.35352     8.59754     0.51420   (sampled)
    54.41961     2.37898     8.70629     0.51983 (mid-point)
    54.51961     2.40772     8.81504     0.52532   (sampled)
    54.61961     2.43876     8.92403     0.53067 (mid-point)
    54.71961     2.47294     9.03303     0.53587   (sampled)
    54.81961     2.47406     9.17050     0.54108 (mid-point)
    54.91961     2.47871     9.30796     0.54626   (sampled)
    55.01961     2.48581     9.45703     0.55141 (mid-point)
    55.11961     2.49734     9.60609     0.55651   (sampled)
    55.21961     2.50331     9.74250     0.56159 (mid-point)
    55.31961     2.51286     9.87891     0.56663   (sampled)
    55.41961     2.52828    10.01446     0.57161 (mid-point)
    55.51961     2.54768    10.15001     0.57652   (sampled)
    55.61961     2.57045    10.28397     0.58133 (mid-point)
    55.71961     2.59701    10.41792     0.58605   (sampled)
    55.81961     2.64398    12.53307     0.59061 (mid-point)
    55.91961     3.58725    14.64822     0.59308   (sampled)
    56.01961     5.63170    19.01016     0.59408 (mid-point)
    56.11961     8.80906    23.37211     0.59449   (sampled)
    56.21961    12.62926    27.99838     0.59469 (mid-point)
    56.31961    16.80532    32.62464     0.59481   (sampled)

 Minimum radius found:      1.784 angstroms.



 For spherical probe approach, The geometric factor
         F= sum(ds/area) along channel is    0.595 angstroms**-1
 This yields a macroscopic predicted molar conductance of:
   (1/rho)*(100/F)= (170/rho) pS,
   where rho is the conductivity of 1M permeant ion in ohm m.
 N.B. this is a macroscopic conductance - an overestimate 
 Empirically corrected conductances currently only available
 With the CAPSULE option (although its not that stable!)
 For 1M KCl rho= 1/12 (ohm m), So Gmacro= 2000 pS/M.
  (TAG      1   Rmin=     1.78437   Gmacro=  2017.46565 Conn_Gmacro=    -1.00000 ).
 HOLE: normal completion
