 *** Program HOLE ***
 
 If results of this run are reported or published, please
 cite the publication listed below.
 For the HOLE program:
   Smart, O.S., Goodfellow, J.M., Wallace, B.A. (1993). 
   The pore dimensions of gramicidin A. 
   Biophys. J., 65, 2455-2460.
 
 Originally written by Oliver Smart at Birkbeck College from April 1992.
 Copyright 1993-2005 Oliver Smart
 Copyright 2014-2015 SmartSci Limited.
 Copyright 2016 Oliver Smart.
 
 For help on HOLE suite see  http://www.holeprogram.org/
 
 HOLE release 2.2.005 (07 August 2016) 
 
 usage subject to Apache License, Version 2.0 
 see http://www.apache.org/licenses/LICENSE-2.0 

 Control variables read:

! Input file for Oliver Smart's HOLE program
! written by MDAnalysis.analysis.hole2.HoleAnalysis
! for a Universe
! u = mda.Universe(/afs/crc.nd.edu/user/m/mfarshad/Private/ML-new/traj/host-asb8
!    /afs/crc.nd.edu/user/m/mfarshad/Private/ML-new/traj/host-asb8/host_asb8.trr
!   )
! Frame 40

COORD  /tmp/2550283.1.long/tmpc_h0cu4z.pdb
RADIUS simple2.rad
SPHPDB hole040.sph
SAMPLE 0.200000
ENDRAD 22.000000
IGNORE SOL WAT TIP HOH K   NA  CL
SHORTO 0
RASEED 31415
CPOINT 40.3539889319 40.0080552017 40.2730846070


 WARNING have not found a CVECT record - will try to guess
 Input pdb filename read as:    '/tmp/2550283.1.long/tmpc_h0cu4z.pdb'
 Input vdW radius file read as: 'simple2.rad'
 point in channel:   40.354  40.008  40.273
 channel vector:   ************************
 sampling distance between planes:    0.200

 graphics conditions:
 binary plot output file name: NONE
 Dot density:    10
 Draw dots?           T
 Draw close contacts? F
 Draw centre line?    T
 Produce spikes rather than dots? F
 Seed for random number generator:     31415 (0 means value set by program)
 Radius above which a result is regarded as an 'end':  22.000
 Pdb format file for sphere centres: hole040.sph

 Monte Carlo conditions:
  no of steps:  1000
  maximum displacement   0.100 angs
  'kT' initial   0.100 angs
 The spherebox and capsule options are turned off.
 (No molqpt card so will not write qpt file of the molecule)
 IGNORE card read so will ignore residue types: SOL WAT TIP HOH K   NA  CL
 no SHORTO card read so will produce full textual output
 As no PEGRAT card was found will not produce PEG polymer exclusion graph
 (No 2DMAPS card specified so will not produce 2D property maps)
 Have not found a CUT card.  Normal calculation using
   Cutoff lists with a cutsize=       1.000
   (if you wish to turn off option use a CUT -1 card)

 Have read     7 bond radius records and
              16 vdW radius records.
 From file: simple2.rad

 Have read   114 atom records.
 From file: /tmp/2550283.1.long/tmpc_h0cu4z.pdb
 Will not produce graphical output

 Have opened file for pdb format output of sphere centres:  hole040.sph

  Seed integer used by ran # generator on this run      31415

 
 S/R cguess will try to guess CPOINT and/or CVECT
 
 THESE GUESSES MAY WELL BE WRONG!!!!
 Routine relies on having a reasonably symmetric
 channel oriented along x, y or z vector
 YOU ARE STRONGLY ADVISED TO CHECK THE RESULTS
                       WITH MOLECULAR GRAPHICS
 testing points from cpoint in X, Y then Z direction
   point                   pore radius
direction     1
  35.354  40.008  40.273     0.180
  36.354  40.008  40.273     0.722
  37.354  40.008  40.273     1.278
  38.354  40.008  40.273     1.400
  39.354  40.008  40.273     1.577
  40.354  40.008  40.273     1.863
  41.354  40.008  40.273     1.745
  42.354  40.008  40.273     1.527
  43.354  40.008  40.273     1.422
  44.354  40.008  40.273     1.090
  45.354  40.008  40.273     0.111
 Average pore radius along the line=      1.174
direction     2
  40.354  35.008  40.273    -1.219
  40.354  36.008  40.273    -0.359
  40.354  37.008  40.273     0.095
  40.354  38.008  40.273     0.446
  40.354  39.008  40.273     1.070
  40.354  40.008  40.273     1.863
  40.354  41.008  40.273     1.281
  40.354  42.008  40.273     0.736
  40.354  43.008  40.273     0.510
  40.354  44.008  40.273     0.500
  40.354  45.008  40.273     0.263
 Average pore radius along the line=      0.471
direction     3
  40.354  40.008  35.273     0.508
  40.354  40.008  36.273     0.722
  40.354  40.008  37.273     0.905
  40.354  40.008  38.273     1.138
  40.354  40.008  39.273     1.592
  40.354  40.008  40.273     1.863
  40.354  40.008  41.273     1.642
  40.354  40.008  42.273     1.487
  40.354  40.008  43.273     1.288
  40.354  40.008  44.273     1.399
  40.354  40.008  45.273     1.672
 Average pore radius along the line=      1.292
 Best direction is found to be     3
(1=X,2=Y,3=Z)
 s/r cguess has produced initial values for cpoint &/or cvect:
CPOINT      40.3540     40.0081     40.2731
CVECT        0.0000      0.0000      1.0000
 THESE GUESSES MAY WELL BE WRONG!!!!
 Routine relies on having a reasonably symmetric
 channel oriented along x, y or z vector
 YOU ARE STRONGLY ADVISED TO CHECK THE RESULTS
                       WITH MOLECULAR GRAPHICS
 
 
  Some routines (e.g. conn) need vectors normal to cvect: 
     EAST Zero degrees angle is along vector    1.000   0.000   0.000
     NORTH  90 degrees angle is along vector    0.000  -1.000   0.000
 highest radius point found:
  at point   39.723  40.404  40.273
  closest atom surface    2.010   C13 ASB X    1
  2nd closest surface     2.010   C36 ASB X    1
  found on step  977
  this is also current point
  no. of rejections          371
 stored as     0

 highest radius point found:
  at point   39.590  40.578  40.473
  closest atom surface    2.075   C36 ASB X    1
  2nd closest surface     2.075   C33 ASB X    1
  found on step  979
  this is also current point
  no. of rejections          290
 stored as     1

 highest radius point found:
  at point   39.449  40.742  40.673
  closest atom surface    2.161   C36 ASB X    1
  2nd closest surface     2.163   C13 ASB X    1
  found on step  936
  this is also current point
  no. of rejections          387
 stored as     2

 highest radius point found:
  at point   39.314  40.912  40.873
  closest atom surface    2.267   C36 ASB X    1
  2nd closest surface     2.268   C33 ASB X    1
  found on step  982
  this is also current point
  no. of rejections          345
 stored as     3

 highest radius point found:
  at point   39.167  41.080  41.073
  closest atom surface    2.390   C36 ASB X    1
  2nd closest surface     2.393   C13 ASB X    1
  found on step  836
 current point:
  at point   39.156  41.077  41.073
  closest atom surface    2.389   C36 ASB X    1
  2nd closest surface     2.389   C13 ASB X    1
  found on step  916
  no. of rejections          335
 stored as     4

 highest radius point found:
  at point   39.093  41.242  41.273
  closest atom surface    2.499   C38 ASB X    1
  2nd closest surface     2.499   C33 ASB X    1
  found on step  932
  this is also current point
  no. of rejections          395
 stored as     5

 highest radius point found:
  at point   39.175  41.293  41.473
  closest atom surface    2.560   C33 ASB X    1
  2nd closest surface     2.561   C1  ASB X    1
  found on step  295
 current point:
  at point   39.178  41.290  41.473
  closest atom surface    2.560   C33 ASB X    1
  2nd closest surface     2.561   C12 ASB X    1
  found on step  995
  no. of rejections          392
 stored as     6

 highest radius point found:
  at point   39.280  41.330  41.673
  closest atom surface    2.624   C33 ASB X    1
  2nd closest surface     2.625   C13 ASB X    1
  found on step  970
  this is also current point
  no. of rejections          358
 stored as     7

 highest radius point found:
  at point   39.386  41.380  41.873
  closest atom surface    2.693   C33 ASB X    1
  2nd closest surface     2.695   C13 ASB X    1
  found on step  983
  this is also current point
  no. of rejections          370
 stored as     8

 highest radius point found:
  at point   39.506  41.427  42.073
  closest atom surface    2.767   C33 ASB X    1
  2nd closest surface     2.767   H2  ASB X    1
  found on step  943
  this is also current point
  no. of rejections          359
 stored as     9

 highest radius point found:
  at point   39.623  41.464  42.273
  closest atom surface    2.854   H2  ASB X    1
  2nd closest surface     2.856   C13 ASB X    1
  found on step  539
 current point:
  at point   39.636  41.458  42.273
  closest atom surface    2.852   C33 ASB X    1
  2nd closest surface     2.853   C13 ASB X    1
  found on step  952
  no. of rejections          347
 stored as    10

 highest radius point found:
  at point   39.744  41.510  42.473
  closest atom surface    2.951   C33 ASB X    1
  2nd closest surface     2.952   H2  ASB X    1
  found on step  973
  this is also current point
  no. of rejections          345
 stored as    11

 highest radius point found:
  at point   39.861  41.635  42.673
  closest atom surface    3.033   H2  ASB X    1
  2nd closest surface     3.033   C33 ASB X    1
  found on step  957
  this is also current point
  no. of rejections          331
 stored as    12

 highest radius point found:
  at point   39.980  41.796  42.873
  closest atom surface    3.116   C16 ASB X    1
  2nd closest surface     3.117   C33 ASB X    1
  found on step  985
  this is also current point
  no. of rejections          340
 stored as    13

 highest radius point found:
  at point   40.092  41.964  43.073
  closest atom surface    3.216   H2  ASB X    1
  2nd closest surface     3.217   C33 ASB X    1
  found on step  783
 current point:
  at point   40.095  41.962  43.073
  closest atom surface    3.216   C33 ASB X    1
  2nd closest surface     3.219   C16 ASB X    1
  found on step  941
  no. of rejections          338
 stored as    14

 highest radius point found:
  at point   40.208  42.125  43.273
  closest atom surface    3.331   C33 ASB X    1
  2nd closest surface     3.332   C16 ASB X    1
  found on step  968
  this is also current point
  no. of rejections          328
 stored as    15

 highest radius point found:
  at point   40.317  42.289  43.473
  closest atom surface    3.458   C33 ASB X    1
  2nd closest surface     3.460   H2  ASB X    1
  found on step  938
  this is also current point
  no. of rejections          291
 stored as    16

 highest radius point found:
  at point   40.184  44.549  43.673
  closest atom surface    3.629   H37 ASB X    1
  2nd closest surface     3.629   H32 ASB X    1
  found on step  979
  this is also current point
  no. of rejections          292
 stored as    17

 highest radius point found:
  at point   40.292  44.601  43.873
  closest atom surface    3.802   H32 ASB X    1
  2nd closest surface     3.803   H37 ASB X    1
  found on step  973
  this is also current point
  no. of rejections          261
 stored as    18

 highest radius point found:
  at point   43.513  46.080  44.073
  closest atom surface    4.664   H37 ASB X    1
  2nd closest surface     4.699   H31 ASB X    1
  found on step  999
  this is also current point
  no. of rejections          164
 stored as    19

 highest radius point found:
  at point   46.635  54.665  44.273
  closest atom surface   10.837   C40 ASB X    1
  2nd closest surface    10.898   H26 ASB X    1
  found on step  995
  this is also current point
  no. of rejections          235
 stored as    20

 highest radius point found:
  at point   50.078  65.584  44.473
  closest atom surface   21.346   C40 ASB X    1
  2nd closest surface    21.612   H26 ASB X    1
  found on step 1000
  this is also current point
  no. of rejections          260
 stored as    21

 highest radius point found:
  at point   53.310  75.210  44.673
  closest atom surface   31.215   C40 ASB X    1
  2nd closest surface    31.489   H38 ASB X    1
  found on step  998
  this is also current point
  no. of rejections          279
 This is an end! (radius above  22.0 angs)
 highest radius point found:
  at point   39.869  40.236  40.073
  closest atom surface    1.968   C13 ASB X    1
  2nd closest surface     1.969   C33 ASB X    1
  found on step  945
  this is also current point
  no. of rejections          351
 stored as    -1

 highest radius point found:
  at point   41.412  39.385  39.873
  closest atom surface    2.120   C19 ASB X    1
  2nd closest surface     2.121   C33 ASB X    1
  found on step  748
 current point:
  at point   41.420  39.388  39.873
  closest atom surface    2.118   C33 ASB X    1
  2nd closest surface     2.120   C19 ASB X    1
  found on step  984
  no. of rejections          387
 stored as    -2

 highest radius point found:
  at point   41.361  39.308  39.673
  closest atom surface    2.133   C33 ASB X    1
  2nd closest surface     2.135   C19 ASB X    1
  found on step  634
 current point:
  at point   41.366  39.303  39.673
  closest atom surface    2.130   C19 ASB X    1
  2nd closest surface     2.136   C13 ASB X    1
  found on step  912
  no. of rejections          366
 stored as    -3

 highest radius point found:
  at point   41.315  39.228  39.473
  closest atom surface    2.158   C33 ASB X    1
  2nd closest surface     2.159   C19 ASB X    1
  found on step  929
  this is also current point
  no. of rejections          372
 stored as    -4

 highest radius point found:
  at point   41.269  39.150  39.273
  closest atom surface    2.195   C19 ASB X    1
  2nd closest surface     2.195   C33 ASB X    1
  found on step  923
  this is also current point
  no. of rejections          383
 stored as    -5

 highest radius point found:
  at point   41.263  39.076  39.073
  closest atom surface    2.232   H13 ASB X    1
  2nd closest surface     2.232   C33 ASB X    1
  found on step  919
  this is also current point
  no. of rejections          398
 stored as    -6

 highest radius point found:
  at point   41.256  38.971  38.873
  closest atom surface    2.258   C34 ASB X    1
  2nd closest surface     2.258   C19 ASB X    1
  found on step  957
  this is also current point
  no. of rejections          374
 stored as    -7

 highest radius point found:
  at point   41.216  38.811  38.673
  closest atom surface    2.259   H13 ASB X    1
  2nd closest surface     2.259   C44 ASB X    1
  found on step  978
  this is also current point
  no. of rejections          373
 stored as    -8

 highest radius point found:
  at point   41.193  38.641  38.473
  closest atom surface    2.277   C19 ASB X    1
  2nd closest surface     2.277   C44 ASB X    1
  found on step  960
  this is also current point
  no. of rejections          360
 stored as    -9

 highest radius point found:
  at point   41.151  38.477  38.273
  closest atom surface    2.315   H13 ASB X    1
  2nd closest surface     2.315   C44 ASB X    1
  found on step  893
  this is also current point
  no. of rejections          346
 stored as   -10

 highest radius point found:
  at point   41.108  38.309  38.073
  closest atom surface    2.368   H13 ASB X    1
  2nd closest surface     2.369   C19 ASB X    1
  found on step  785
 current point:
  at point   41.103  38.317  38.073
  closest atom surface    2.368   C44 ASB X    1
  2nd closest surface     2.368   H13 ASB X    1
  found on step  986
  no. of rejections          347
 stored as   -11

 highest radius point found:
  at point   41.063  38.147  37.873
  closest atom surface    2.440   C44 ASB X    1
  2nd closest surface     2.441   H13 ASB X    1
  found on step  986
  this is also current point
  no. of rejections          327
 stored as   -12

 highest radius point found:
  at point   41.013  37.981  37.673
  closest atom surface    2.528   C19 ASB X    1
  2nd closest surface     2.528   H13 ASB X    1
  found on step  789
 current point:
  at point   41.014  37.982  37.673
  closest atom surface    2.527   C19 ASB X    1
  2nd closest surface     2.528   C44 ASB X    1
  found on step  976
  no. of rejections          306
 stored as   -13

 highest radius point found:
  at point   40.951  37.824  37.473
  closest atom surface    2.629   C44 ASB X    1
  2nd closest surface     2.629   H13 ASB X    1
  found on step  158
 current point:
  at point   40.965  37.818  37.473
  closest atom surface    2.628   C44 ASB X    1
  2nd closest surface     2.629   C19 ASB X    1
  found on step  985
  no. of rejections          329
 stored as   -14

 highest radius point found:
  at point   40.809  37.727  37.273
  closest atom surface    2.724   H13 ASB X    1
  2nd closest surface     2.724   H19 ASB X    1
  found on step  974
  this is also current point
  no. of rejections          225
 stored as   -15

 highest radius point found:
  at point   40.582  37.694  37.073
  closest atom surface    2.816   H13 ASB X    1
  2nd closest surface     2.817   C44 ASB X    1
  found on step  925
  this is also current point
  no. of rejections          342
 stored as   -16

 highest radius point found:
  at point   37.747  37.412  36.873
  closest atom surface    2.998   C12 ASB X    1
  2nd closest surface     2.999   C13 ASB X    1
  found on step  988
  this is also current point
  no. of rejections          251
 stored as   -17

 highest radius point found:
  at point   33.829  31.117  36.673
  closest atom surface    6.677   H6  ASB X    1
  2nd closest surface     6.702   C20 ASB X    1
  found on step  999
  this is also current point
  no. of rejections          215
 stored as   -18

 highest radius point found:
  at point   29.807  21.654  36.473
  closest atom surface   15.472   C20 ASB X    1
  2nd closest surface    15.479   H6  ASB X    1
  found on step 1000
  this is also current point
  no. of rejections          260
 stored as   -19

 highest radius point found:
  at point   25.466  11.807  36.273
  closest atom surface   25.815   H6  ASB X    1
  2nd closest surface    25.816   C20 ASB X    1
  found on step  996
  this is also current point
  no. of rejections          286
 This is an end! (radius above  22.0 angs)
 
 N.b. Graph information routine (HOGRAP) differs 
        markedly from previous versions!
       Information now is written from -ve end
       to +ve in one pass
 
 Explanation of the meaning of each column: 
 First column "cenxyz.cvec" is the coordinate in the
   direction of the channel vector i.e. if the channel
   vector is in z (0 0 1) then it is the z coordinate.
 The second column "radius" is the hole pore radius 
   (as defined in the Biophys J 1993) article).
 The third column "cen_line_D" is the distance 
   measured along the pore centre line - with the 
   first point found set to zero. This was the first
   thing that I used to measure the distance along a pore
   but "cenxyz.cvec" is a much better general measure. 
   However, by comparing changes in this distance to changes in '   "cenxyz.cvec" one can get a measure of how straight a 
   channel is.
 The fourth column "sum{s/(area)}" is useful in conductance
   prediction -
   basically it is the sum of the thickness of each slab
   divided by its area. HOLE uses this measure to estimate
   the macroscopic conductance of a channel.
 If any of this worries you one can see the "raw" results
   of a standard hole run by producing a sphpdb file and 
    directly looking at the results.
 cenxyz.cvec      radius  cen_line_D sum{s/(area point sourc
    36.47308    15.47239   -26.13472     0.00013   (sampled)
    36.57308    10.78219   -20.99288     0.00041 (mid-point)
    36.67308     6.67749   -15.85104     0.00112   (sampled)
    36.77308     4.14969   -12.14216     0.00297 (mid-point)
    36.87308     2.99841    -8.43328     0.00651   (sampled)
    36.97308     2.67597    -7.00531     0.01095 (mid-point)
    37.07308     2.81640    -5.57734     0.01497   (sampled)
    37.17308     2.76727    -5.42525     0.01912 (mid-point)
    37.27308     2.72371    -5.27317     0.02342   (sampled)
    37.37308     2.67435    -5.14106     0.02787 (mid-point)
    37.47308     2.62859    -5.00895     0.03247   (sampled)
    37.57308     2.57644    -4.87817     0.03727 (mid-point)
    37.67308     2.52767    -4.74738     0.04225   (sampled)
    37.77308     2.48193    -4.61506     0.04742 (mid-point)
    37.87308     2.44033    -4.48273     0.05276   (sampled)
    37.97308     2.40184    -4.35201     0.05828 (mid-point)
    38.07308     2.36778    -4.22128     0.06396   (sampled)
    38.17308     2.33877    -4.08919     0.06978 (mid-point)
    38.27308     2.31477    -3.95710     0.07572   (sampled)
    38.37308     2.29419    -3.82609     0.08177 (mid-point)
    38.47308     2.27712    -3.69508     0.08790   (sampled)
    38.57308     2.26620    -3.56325     0.09410 (mid-point)
    38.67308     2.25912    -3.43142     0.10034   (sampled)
    38.77308     2.25668    -3.30185     0.10659 (mid-point)
    38.87308     2.25751    -3.17229     0.11284   (sampled)
    38.97308     2.24361    -3.05926     0.11916 (mid-point)
    39.07308     2.23178    -2.94624     0.12555   (sampled)
    39.17308     2.21162    -2.83957     0.13206 (mid-point)
    39.27308     2.19480    -2.73290     0.13866   (sampled)
    39.37308     2.17514    -2.62299     0.14539 (mid-point)
    39.47308     2.15840    -2.51308     0.15223   (sampled)
    39.57308     2.14416    -2.40307     0.15915 (mid-point)
    39.67308     2.13291    -2.29305     0.16615   (sampled)
    39.77308     2.12553    -2.18283     0.17319 (mid-point)
    39.87308     2.11995    -2.07261     0.18027   (sampled)
    39.97308     1.94357    -1.18607     0.18870 (mid-point)
    40.07308     1.96847    -0.29954     0.19692   (sampled)
    40.17308     1.98644    -0.14977     0.20498 (mid-point)
    40.27308     2.01015    -0.00000     0.21286   (sampled)
    40.37308     2.03982     0.14829     0.22051 (mid-point)
    40.47308     2.07459     0.29657     0.22791   (sampled)
    40.57308     2.11554     0.44399     0.23502 (mid-point)
    40.67308     2.16149     0.59141     0.24183   (sampled)
    40.77308     2.21191     0.73888     0.24834 (mid-point)
    40.87308     2.26700     0.88634     0.25453   (sampled)
    40.97308     2.32607     1.03607     0.26041 (mid-point)
    41.07308     2.38960     1.18579     0.26599   (sampled)
    41.17308     2.44612     1.31971     0.27131 (mid-point)
    41.27308     2.49885     1.45363     0.27641   (sampled)
    41.37308     2.52833     1.56471     0.28139 (mid-point)
    41.47308     2.56034     1.67579     0.28624   (sampled)
    41.57308     2.59087     1.79025     0.29098 (mid-point)
    41.67308     2.62413     1.90470     0.29561   (sampled)
    41.77308     2.65739     2.02055     0.30011 (mid-point)
    41.87308     2.69335     2.13640     0.30450   (sampled)
    41.97308     2.72886     2.25527     0.30878 (mid-point)
    42.07308     2.76716     2.37415     0.31293   (sampled)
    42.17308     2.80899     2.49167     0.31697 (mid-point)
    42.27308     2.85383     2.60919     0.32088   (sampled)
    42.37308     2.90144     2.72811     0.32466 (mid-point)
    42.47308     2.95080     2.84703     0.32831   (sampled)
    42.57308     2.99016     2.97873     0.33187 (mid-point)
    42.67308     3.03263     3.11042     0.33533   (sampled)
    42.77308     3.07289     3.25213     0.33870 (mid-point)
    42.87308     3.11619     3.39383     0.34198   (sampled)
    42.97308     3.16528     3.53589     0.34516 (mid-point)
    43.07308     3.21632     3.67794     0.34824   (sampled)
    43.17308     3.27218     3.81870     0.35121 (mid-point)
    43.27308     3.33061     3.95946     0.35408   (sampled)
    43.37308     3.39298     4.09979     0.35684 (mid-point)
    43.47308     3.45833     4.24012     0.35950   (sampled)
    43.57308     3.40087     5.37691     0.36226 (mid-point)
    43.67308     3.62916     6.51370     0.36467   (sampled)
    43.77308     3.71515     6.63009     0.36698 (mid-point)
    43.87308     3.80234     6.74647     0.36918   (sampled)
    43.97308     3.94206     8.52163     0.37123 (mid-point)
    44.07308     4.66428    10.29679     0.37269   (sampled)
    44.17308     7.21229    14.86517     0.37331 (mid-point)
    44.27308    10.83737    19.43356     0.37358   (sampled)
    44.37308    15.94694    25.15913     0.37370 (mid-point)
    44.47308    21.34605    30.88469     0.37377   (sampled)

 Minimum radius found:      1.944 angstroms.



 For spherical probe approach, The geometric factor
         F= sum(ds/area) along channel is    0.374 angstroms**-1
 This yields a macroscopic predicted molar conductance of:
   (1/rho)*(100/F)= (270/rho) pS,
   where rho is the conductivity of 1M permeant ion in ohm m.
 N.B. this is a macroscopic conductance - an overestimate 
 Empirically corrected conductances currently only available
 With the CAPSULE option (although its not that stable!)
 For 1M KCl rho= 1/12 (ohm m), So Gmacro= 3200 pS/M.
  (TAG      1   Rmin=     1.94357   Gmacro=  3210.52143 Conn_Gmacro=    -1.00000 ).
 HOLE: normal completion
