 *** Program HOLE ***
 
 If results of this run are reported or published, please
 cite the publication listed below.
 For the HOLE program:
   Smart, O.S., Goodfellow, J.M., Wallace, B.A. (1993). 
   The pore dimensions of gramicidin A. 
   Biophys. J., 65, 2455-2460.
 
 Originally written by Oliver Smart at Birkbeck College from April 1992.
 Copyright 1993-2005 Oliver Smart
 Copyright 2014-2015 SmartSci Limited.
 Copyright 2016 Oliver Smart.
 
 For help on HOLE suite see  http://www.holeprogram.org/
 
 HOLE release 2.2.005 (07 August 2016) 
 
 usage subject to Apache License, Version 2.0 
 see http://www.apache.org/licenses/LICENSE-2.0 

 Control variables read:

! Input file for Oliver Smart's HOLE program
! written by MDAnalysis.analysis.hole2.HoleAnalysis
! for a Universe
! u = mda.Universe(/afs/crc.nd.edu/user/m/mfarshad/Private/ML-new/traj/host-dcdd
!    /afs/crc.nd.edu/user/m/mfarshad/Private/ML-new/traj/host-dcddc1/host_dcddc1
!   )
! Frame 235

COORD  /tmp/2550295.1.long/tmpm_b0ig23.pdb
RADIUS simple2.rad
SPHPDB hole235.sph
SAMPLE 0.200000
ENDRAD 22.000000
IGNORE SOL WAT TIP HOH K   NA  CL
SHORTO 0
RASEED 31415
CPOINT 50.0730964436 49.9335724775 51.1909989301


 WARNING have not found a CVECT record - will try to guess
 Input pdb filename read as:    '/tmp/2550295.1.long/tmpm_b0ig23.pdb'
 Input vdW radius file read as: 'simple2.rad'
 point in channel:   50.073  49.934  51.191
 channel vector:   ************************
 sampling distance between planes:    0.200

 graphics conditions:
 binary plot output file name: NONE
 Dot density:    10
 Draw dots?           T
 Draw close contacts? F
 Draw centre line?    T
 Produce spikes rather than dots? F
 Seed for random number generator:     31415 (0 means value set by program)
 Radius above which a result is regarded as an 'end':  22.000
 Pdb format file for sphere centres: hole235.sph

 Monte Carlo conditions:
  no of steps:  1000
  maximum displacement   0.100 angs
  'kT' initial   0.100 angs
 The spherebox and capsule options are turned off.
 (No molqpt card so will not write qpt file of the molecule)
 IGNORE card read so will ignore residue types: SOL WAT TIP HOH K   NA  CL
 no SHORTO card read so will produce full textual output
 As no PEGRAT card was found will not produce PEG polymer exclusion graph
 (No 2DMAPS card specified so will not produce 2D property maps)
 Have not found a CUT card.  Normal calculation using
   Cutoff lists with a cutsize=       1.000
   (if you wish to turn off option use a CUT -1 card)

 Have read     7 bond radius records and
              16 vdW radius records.
 From file: simple2.rad

 Have read   170 atom records.
 From file: /tmp/2550295.1.long/tmpm_b0ig23.pdb
 Will not produce graphical output

 Have opened file for pdb format output of sphere centres:  hole235.sph

  Seed integer used by ran # generator on this run      31415

 
 S/R cguess will try to guess CPOINT and/or CVECT
 
 THESE GUESSES MAY WELL BE WRONG!!!!
 Routine relies on having a reasonably symmetric
 channel oriented along x, y or z vector
 YOU ARE STRONGLY ADVISED TO CHECK THE RESULTS
                       WITH MOLECULAR GRAPHICS
 testing points from cpoint in X, Y then Z direction
   point                   pore radius
direction     1
  45.073  49.934  51.191    -0.587
  46.073  49.934  51.191     0.315
  47.073  49.934  51.191     0.472
  48.073  49.934  51.191     0.776
  49.073  49.934  51.191     1.219
  50.073  49.934  51.191     0.481
  51.073  49.934  51.191    -0.124
  52.073  49.934  51.191    -0.194
  53.073  49.934  51.191    -0.344
  54.073  49.934  51.191    -1.109
  55.073  49.934  51.191    -1.288
 Average pore radius along the line=     -0.035
direction     2
  50.073  44.934  51.191     0.256
  50.073  45.934  51.191    -0.456
  50.073  46.934  51.191    -0.370
  50.073  47.934  51.191     0.203
  50.073  48.934  51.191     0.088
  50.073  49.934  51.191     0.481
  50.073  50.934  51.191     0.528
  50.073  51.934  51.191     0.213
  50.073  52.934  51.191    -0.385
  50.073  53.934  51.191    -0.478
  50.073  54.934  51.191     0.006
 Average pore radius along the line=      0.008
direction     3
  50.073  49.934  46.191    -0.420
  50.073  49.934  47.191    -0.522
  50.073  49.934  48.191    -0.203
  50.073  49.934  49.191    -0.059
  50.073  49.934  50.191     0.279
  50.073  49.934  51.191     0.481
  50.073  49.934  52.191     0.696
  50.073  49.934  53.191     0.736
  50.073  49.934  54.191     1.116
  50.073  49.934  55.191     1.660
  50.073  49.934  56.191     1.833
 Average pore radius along the line=      0.509
 Best direction is found to be     3
(1=X,2=Y,3=Z)
 s/r cguess has produced initial values for cpoint &/or cvect:
CPOINT      50.0731     49.9336     51.1910
CVECT        0.0000      0.0000      1.0000
 THESE GUESSES MAY WELL BE WRONG!!!!
 Routine relies on having a reasonably symmetric
 channel oriented along x, y or z vector
 YOU ARE STRONGLY ADVISED TO CHECK THE RESULTS
                       WITH MOLECULAR GRAPHICS
 
 
  Some routines (e.g. conn) need vectors normal to cvect: 
     EAST Zero degrees angle is along vector    1.000   0.000   0.000
     NORTH  90 degrees angle is along vector    0.000  -1.000   0.000
 highest radius point found:
  at point   48.959  49.785  51.191
  closest atom surface    1.343   O15 DCD X    1
  2nd closest surface     1.345   C34 DCD X    1
  found on step  987
  this is also current point
  no. of rejections          367
 stored as     0

 highest radius point found:
  at point   48.725  49.358  51.391
  closest atom surface    1.455   C34 DCD X    1
  2nd closest surface     1.458   O15 DCD X    1
  found on step  614
 current point:
  at point   48.794  49.499  51.391
  closest atom surface    1.453   O15 DCD X    1
  2nd closest surface     1.453   C34 DCD X    1
  found on step  998
  no. of rejections          316
 stored as     1

 highest radius point found:
  at point   48.695  49.387  51.591
  closest atom surface    1.579   O15 DCD X    1
  2nd closest surface     1.581   O12 DCD X    1
  found on step  941
  this is also current point
  no. of rejections          358
 stored as     2

 highest radius point found:
  at point   48.628  49.377  51.791
  closest atom surface    1.700   O15 DCD X    1
  2nd closest surface     1.708   O12 DCD X    1
  found on step   48
 current point:
  at point   48.804  49.839  51.791
  closest atom surface    1.679   O15 DCD X    1
  2nd closest surface     1.680   O12 DCD X    1
  found on step  882
  no. of rejections          341
 stored as     3

 highest radius point found:
  at point   48.569  49.365  51.991
  closest atom surface    1.835   O15 DCD X    1
  2nd closest surface     1.836   O12 DCD X    1
  found on step  959
  this is also current point
  no. of rejections          335
 stored as     4

 highest radius point found:
  at point   48.510  49.366  52.191
  closest atom surface    1.973   O12 DCD X    1
  2nd closest surface     1.974   O15 DCD X    1
  found on step  875
 current point:
  at point   48.511  49.375  52.191
  closest atom surface    1.971   O15 DCD X    1
  2nd closest surface     1.974   O12 DCD X    1
  found on step  984
  no. of rejections          297
 stored as     5

 highest radius point found:
  at point   48.444  49.354  52.391
  closest atom surface    2.119   O15 DCD X    1
  2nd closest surface     2.121   O12 DCD X    1
  found on step  989
  this is also current point
  no. of rejections          340
 stored as     6

 highest radius point found:
  at point   48.516  49.461  52.591
  closest atom surface    2.182   C60 DCD X    1
  2nd closest surface     2.182   O12 DCD X    1
  found on step  737
 current point:
  at point   48.515  49.461  52.591
  closest atom surface    2.181   C60 DCD X    1
  2nd closest surface     2.182   O12 DCD X    1
  found on step  928
  no. of rejections          367
 stored as     7

 highest radius point found:
  at point   48.555  49.149  52.791
  closest atom surface    2.206   C60 DCD X    1
  2nd closest surface     2.208   O12 DCD X    1
  found on step  863
 current point:
  at point   48.568  49.201  52.791
  closest atom surface    2.205   O12 DCD X    1
  2nd closest surface     2.207   C60 DCD X    1
  found on step  949
  no. of rejections          366
 stored as     8

 highest radius point found:
  at point   48.641  49.054  52.991
  closest atom surface    2.249   O12 DCD X    1
  2nd closest surface     2.251   C60 DCD X    1
  found on step  444
 current point:
  at point   48.648  49.102  52.991
  closest atom surface    2.247   C60 DCD X    1
  2nd closest surface     2.249   O12 DCD X    1
  found on step  956
  no. of rejections          401
 stored as     9

 highest radius point found:
  at point   48.728  48.895  53.191
  closest atom surface    2.299   O12 DCD X    1
  2nd closest surface     2.299   C59 DCD X    1
  found on step  807
 current point:
  at point   48.734  48.945  53.191
  closest atom surface    2.297   O12 DCD X    1
  2nd closest surface     2.298   C59 DCD X    1
  found on step  943
  no. of rejections          357
 stored as    10

 highest radius point found:
  at point   48.851  48.710  53.391
  closest atom surface    2.340   O12 DCD X    1
  2nd closest surface     2.341   N8  DCD X    1
  found on step 1000
  this is also current point
  no. of rejections          356
 stored as    11

 highest radius point found:
  at point   49.001  48.731  53.591
  closest atom surface    2.382   C58 DCD X    1
  2nd closest surface     2.383   O12 DCD X    1
  found on step  416
 current point:
  at point   49.000  48.750  53.591
  closest atom surface    2.380   C59 DCD X    1
  2nd closest surface     2.380   S2  DCD X    1
  found on step  966
  no. of rejections          370
 stored as    12

 highest radius point found:
  at point   49.102  48.697  53.791
  closest atom surface    2.383   C58 DCD X    1
  2nd closest surface     2.386   N3  DCD X    1
  found on step  979
  this is also current point
  no. of rejections          371
 stored as    13

 highest radius point found:
  at point   49.152  48.780  53.991
  closest atom surface    2.363   N3  DCD X    1
  2nd closest surface     2.367   C58 DCD X    1
  found on step  695
 current point:
  at point   49.149  48.767  53.991
  closest atom surface    2.362   C58 DCD X    1
  2nd closest surface     2.364   N3  DCD X    1
  found on step  903
  no. of rejections          418
 stored as    14

 highest radius point found:
  at point   49.198  48.835  54.191
  closest atom surface    2.349   C10 DCD X    1
  2nd closest surface     2.349   C59 DCD X    1
  found on step  591
 current point:
  at point   49.202  48.864  54.191
  closest atom surface    2.348   S2  DCD X    1
  2nd closest surface     2.348   C59 DCD X    1
  found on step  898
  no. of rejections          398
 stored as    15

 highest radius point found:
  at point   49.250  48.950  54.391
  closest atom surface    2.335   C59 DCD X    1
  2nd closest surface     2.335   C10 DCD X    1
  found on step  543
 current point:
  at point   49.247  48.942  54.391
  closest atom surface    2.333   C59 DCD X    1
  2nd closest surface     2.334   C10 DCD X    1
  found on step  982
  no. of rejections          379
 stored as    16

 highest radius point found:
  at point   49.285  49.082  54.591
  closest atom surface    2.315   C59 DCD X    1
  2nd closest surface     2.319   H15 DCD X    1
  found on step   81
 current point:
  at point   49.283  49.071  54.591
  closest atom surface    2.314   C59 DCD X    1
  2nd closest surface     2.316   H15 DCD X    1
  found on step  995
  no. of rejections          382
 stored as    17

 highest radius point found:
  at point   49.326  49.208  54.791
  closest atom surface    2.314   H15 DCD X    1
  2nd closest surface     2.314   C59 DCD X    1
  found on step 1000
  this is also current point
  no. of rejections          405
 stored as    18

 highest radius point found:
  at point   49.366  49.336  54.991
  closest atom surface    2.326   S2  DCD X    1
  2nd closest surface     2.327   H15 DCD X    1
  found on step  968
  this is also current point
  no. of rejections          384
 stored as    19

 highest radius point found:
  at point   49.398  49.441  55.191
  closest atom surface    2.347   C59 DCD X    1
  2nd closest surface     2.348   O4  DCD X    1
  found on step  401
 current point:
  at point   49.399  49.451  55.191
  closest atom surface    2.346   O4  DCD X    1
  2nd closest surface     2.347   C59 DCD X    1
  found on step  994
  no. of rejections          362
 stored as    20

 highest radius point found:
  at point   49.402  49.456  55.391
  closest atom surface    2.351   C59 DCD X    1
  2nd closest surface     2.352   O4  DCD X    1
  found on step  142
 current point:
  at point   49.395  49.684  55.391
  closest atom surface    2.346   C59 DCD X    1
  2nd closest surface     2.346   O4  DCD X    1
  found on step  968
  no. of rejections          400
 stored as    21

 highest radius point found:
  at point   49.408  49.443  55.591
  closest atom surface    2.366   O4  DCD X    1
  2nd closest surface     2.366   C59 DCD X    1
  found on step  885
 current point:
  at point   49.407  49.444  55.591
  closest atom surface    2.366   C59 DCD X    1
  2nd closest surface     2.367   O4  DCD X    1
  found on step  988
  no. of rejections          389
 stored as    22

 highest radius point found:
  at point   49.394  50.029  55.791
  closest atom surface    2.400   O4  DCD X    1
  2nd closest surface     2.402   C59 DCD X    1
  found on step  419
 current point:
  at point   49.409  49.544  55.791
  closest atom surface    2.386   C59 DCD X    1
  2nd closest surface     2.387   O4  DCD X    1
  found on step  970
  no. of rejections          373
 stored as    23

 highest radius point found:
  at point   49.385  50.474  55.991
  closest atom surface    2.496   S2  DCD X    1
  2nd closest surface     2.497   C59 DCD X    1
  found on step  853
 current point:
  at point   49.381  50.487  55.991
  closest atom surface    2.495   S2  DCD X    1
  2nd closest surface     2.495   C59 DCD X    1
  found on step  931
  no. of rejections          395
 stored as    24

 highest radius point found:
  at point   49.264  51.077  56.191
  closest atom surface    2.591   S2  DCD X    1
  2nd closest surface     2.592   C59 DCD X    1
  found on step  984
  this is also current point
  no. of rejections          335
 stored as    25

 highest radius point found:
  at point   49.364  51.009  56.391
  closest atom surface    2.704   S2  DCD X    1
  2nd closest surface     2.704   C59 DCD X    1
  found on step  756
 current point:
  at point   49.375  50.975  56.391
  closest atom surface    2.703   C59 DCD X    1
  2nd closest surface     2.703   S2  DCD X    1
  found on step  907
  no. of rejections          385
 stored as    26

 highest radius point found:
  at point   49.387  51.057  56.591
  closest atom surface    2.791   H9  DCD X    1
  2nd closest surface     2.793   C59 DCD X    1
  found on step  980
  this is also current point
  no. of rejections          376
 stored as    27

 highest radius point found:
  at point   49.390  51.114  56.791
  closest atom surface    2.874   H9  DCD X    1
  2nd closest surface     2.875   C59 DCD X    1
  found on step  825
 current point:
  at point   49.391  51.105  56.791
  closest atom surface    2.873   C59 DCD X    1
  2nd closest surface     2.875   O4  DCD X    1
  found on step  984
  no. of rejections          381
 stored as    28

 highest radius point found:
  at point   49.394  51.170  56.991
  closest atom surface    2.965   C59 DCD X    1
  2nd closest surface     2.966   H9  DCD X    1
  found on step  542
 current point:
  at point   49.397  51.154  56.991
  closest atom surface    2.962   O4  DCD X    1
  2nd closest surface     2.962   C59 DCD X    1
  found on step  932
  no. of rejections          370
 stored as    29

 highest radius point found:
  at point   49.400  51.231  57.191
  closest atom surface    3.063   H9  DCD X    1
  2nd closest surface     3.065   C59 DCD X    1
  found on step  558
 current point:
  at point   49.398  51.229  57.191
  closest atom surface    3.063   C59 DCD X    1
  2nd closest surface     3.065   H9  DCD X    1
  found on step  999
  no. of rejections          354
 stored as    30

 highest radius point found:
  at point   49.403  51.290  57.391
  closest atom surface    3.169   C59 DCD X    1
  2nd closest surface     3.171   H9  DCD X    1
  found on step  994
  this is also current point
  no. of rejections          355
 stored as    31

 highest radius point found:
  at point   49.412  51.347  57.591
  closest atom surface    3.283   C59 DCD X    1
  2nd closest surface     3.284   O4  DCD X    1
  found on step  925
  this is also current point
  no. of rejections          331
 stored as    32

 highest radius point found:
  at point   49.414  51.415  57.791
  closest atom surface    3.402   C59 DCD X    1
  2nd closest surface     3.402   H9  DCD X    1
  found on step  928
  this is also current point
  no. of rejections          346
 stored as    33

 highest radius point found:
  at point   49.420  51.480  57.991
  closest atom surface    3.527   H9  DCD X    1
  2nd closest surface     3.528   C59 DCD X    1
  found on step  613
 current point:
  at point   49.421  51.474  57.991
  closest atom surface    3.526   C59 DCD X    1
  2nd closest surface     3.530   H9  DCD X    1
  found on step  911
  no. of rejections          346
 stored as    34

 highest radius point found:
  at point   49.428  51.539  58.191
  closest atom surface    3.658   C59 DCD X    1
  2nd closest surface     3.660   O4  DCD X    1
  found on step  466
 current point:
  at point   49.422  51.552  58.191
  closest atom surface    3.655   H9  DCD X    1
  2nd closest surface     3.659   C59 DCD X    1
  found on step 1000
  no. of rejections          322
 stored as    35

 highest radius point found:
  at point   49.435  51.607  58.391
  closest atom surface    3.795   H9  DCD X    1
  2nd closest surface     3.796   O4  DCD X    1
  found on step  466
 current point:
  at point   49.429  51.612  58.391
  closest atom surface    3.794   H9  DCD X    1
  2nd closest surface     3.794   C59 DCD X    1
  found on step  942
  no. of rejections          356
 stored as    36

 highest radius point found:
  at point   49.439  51.673  58.591
  closest atom surface    3.936   H9  DCD X    1
  2nd closest surface     3.936   C59 DCD X    1
  found on step  667
 current point:
  at point   49.434  51.679  58.591
  closest atom surface    3.935   C59 DCD X    1
  2nd closest surface     3.935   H9  DCD X    1
  found on step  990
  no. of rejections          337
 stored as    37

 highest radius point found:
  at point   49.445  51.739  58.791
  closest atom surface    4.081   C59 DCD X    1
  2nd closest surface     4.082   H9  DCD X    1
  found on step  821
 current point:
  at point   49.444  51.745  58.791
  closest atom surface    4.080   H9  DCD X    1
  2nd closest surface     4.083   C59 DCD X    1
  found on step  959
  no. of rejections          325
 stored as    38

 highest radius point found:
  at point   49.451  51.806  58.991
  closest atom surface    4.231   C59 DCD X    1
  2nd closest surface     4.231   O4  DCD X    1
  found on step  948
  this is also current point
  no. of rejections          310
 stored as    39

 highest radius point found:
  at point   49.459  51.877  59.191
  closest atom surface    4.384   H9  DCD X    1
  2nd closest surface     4.385   O4  DCD X    1
  found on step  994
  this is also current point
  no. of rejections          332
 stored as    40

 highest radius point found:
  at point   49.451  51.963  59.391
  closest atom surface    4.540   H9  DCD X    1
  2nd closest surface     4.541   C59 DCD X    1
  found on step  954
  this is also current point
  no. of rejections          297
 stored as    41

 highest radius point found:
  at point   49.466  52.021  59.591
  closest atom surface    4.702   H9  DCD X    1
  2nd closest surface     4.702   C59 DCD X    1
  found on step  993
  this is also current point
  no. of rejections          300
 stored as    42

 highest radius point found:
  at point   49.475  52.091  59.791
  closest atom surface    4.864   H65 DCD X    1
  2nd closest surface     4.865   H9  DCD X    1
  found on step  831
 current point:
  at point   49.476  52.100  59.791
  closest atom surface    4.862   H9  DCD X    1
  2nd closest surface     4.867   H65 DCD X    1
  found on step  977
  no. of rejections          314
 stored as    43

 highest radius point found:
  at point   49.495  52.165  59.991
  closest atom surface    5.028   H9  DCD X    1
  2nd closest surface     5.028   O4  DCD X    1
  found on step  998
  this is also current point
  no. of rejections          289
 stored as    44

 highest radius point found:
  at point   49.508  52.245  60.191
  closest atom surface    5.193   H9  DCD X    1
  2nd closest surface     5.195   H65 DCD X    1
  found on step  989
  this is also current point
  no. of rejections          302
 stored as    45

 highest radius point found:
  at point   49.524  52.314  60.391
  closest atom surface    5.362   H65 DCD X    1
  2nd closest surface     5.363   O4  DCD X    1
  found on step  972
  this is also current point
  no. of rejections          257
 stored as    46

 highest radius point found:
  at point   49.053  53.160  60.591
  closest atom surface    5.534   H65 DCD X    1
  2nd closest surface     5.540   O22 DCD X    1
  found on step  252
 current point:
  at point   49.542  52.397  60.591
  closest atom surface    5.534   H9  DCD X    1
  2nd closest surface     5.534   O4  DCD X    1
  found on step  980
  no. of rejections          266
 stored as    47

 highest radius point found:
  at point   49.068  53.256  60.791
  closest atom surface    5.720   O22 DCD X    1
  2nd closest surface     5.721   H9  DCD X    1
  found on step 1000
  this is also current point
  no. of rejections          219
 stored as    48

 highest radius point found:
  at point   49.086  53.324  60.991
  closest atom surface    5.905   H9  DCD X    1
  2nd closest surface     5.907   H65 DCD X    1
  found on step  965
  this is also current point
  no. of rejections          223
 stored as    49

 highest radius point found:
  at point   49.109  53.384  61.191
  closest atom surface    6.089   H65 DCD X    1
  2nd closest surface     6.089   H9  DCD X    1
  found on step   46
 current point:
  at point   49.343  53.004  61.191
  closest atom surface    6.061   H65 DCD X    1
  2nd closest surface     6.063   H9  DCD X    1
  found on step  995
  no. of rejections          257
 stored as    50

 highest radius point found:
  at point   49.109  53.485  61.391
  closest atom surface    6.279   H9  DCD X    1
  2nd closest surface     6.279   H65 DCD X    1
  found on step  794
 current point:
  at point   49.100  53.494  61.391
  closest atom surface    6.278   O22 DCD X    1
  2nd closest surface     6.278   H65 DCD X    1
  found on step  951
  no. of rejections          205
 stored as    51

 highest radius point found:
  at point   49.114  53.617  61.591
  closest atom surface    6.462   O22 DCD X    1
  2nd closest surface     6.469   H9  DCD X    1
  found on step  107
 current point:
  at point   49.230  54.875  61.591
  closest atom surface    6.441   H8  DCD X    1
  2nd closest surface     6.441   O22 DCD X    1
  found on step  900
  no. of rejections          182
 stored as    52

 highest radius point found:
  at point   47.018  57.704  61.791
  closest atom surface    7.205   O22 DCD X    1
  2nd closest surface     7.212   O3  DCD X    1
  found on step  998
  this is also current point
  no. of rejections          160
 stored as    53

 highest radius point found:
  at point   40.252  61.349  61.991
  closest atom surface   10.779   O21 DCD X    1
  2nd closest surface    10.815   C48 DCD X    1
  found on step 1000
  this is also current point
  no. of rejections          173
 stored as    54

 highest radius point found:
  at point   32.680  65.094  62.191
  closest atom surface   16.116   O21 DCD X    1
  2nd closest surface    16.552   C49 DCD X    1
  found on step  996
  this is also current point
  no. of rejections          220
 stored as    55

 highest radius point found:
  at point   26.340  71.274  62.391
  closest atom surface   23.575   O21 DCD X    1
  2nd closest surface    24.205   C49 DCD X    1
  found on step 1000
  this is also current point
  no. of rejections          233
 This is an end! (radius above  22.0 angs)
 highest radius point found:
  at point   48.991  49.797  50.991
  closest atom surface    1.228   C34 DCD X    1
  2nd closest surface     1.229   H45 DCD X    1
  found on step  972
  this is also current point
  no. of rejections          362
 stored as    -1

 highest radius point found:
  at point   49.017  49.804  50.791
  closest atom surface    1.123   C34 DCD X    1
  2nd closest surface     1.124   O15 DCD X    1
  found on step  952
  this is also current point
  no. of rejections          374
 stored as    -2

 highest radius point found:
  at point   49.041  49.831  50.591
  closest atom surface    1.023   O15 DCD X    1
  2nd closest surface     1.024   H45 DCD X    1
  found on step   25
 current point:
  at point   48.743  49.214  50.591
  closest atom surface    1.015   C34 DCD X    1
  2nd closest surface     1.016   O15 DCD X    1
  found on step  963
  no. of rejections          403
 stored as    -3

 highest radius point found:
  at point   49.043  49.770  50.391
  closest atom surface    0.938   O15 DCD X    1
  2nd closest surface     0.938   C34 DCD X    1
  found on step   19
 current point:
  at point   48.752  49.190  50.391
  closest atom surface    0.931   O15 DCD X    1
  2nd closest surface     0.931   C34 DCD X    1
  found on step  991
  no. of rejections          380
 stored as    -4

 highest radius point found:
  at point   49.110  49.866  50.191
  closest atom surface    0.882   O15 DCD X    1
  2nd closest surface     0.883   H45 DCD X    1
  found on step  988
  this is also current point
  no. of rejections          374
 stored as    -5

 highest radius point found:
  at point   49.141  49.891  49.991
  closest atom surface    0.828   O15 DCD X    1
  2nd closest surface     0.834   C34 DCD X    1
  found on step  161
 current point:
  at point   48.729  49.063  49.991
  closest atom surface    0.814   H38 DCD X    1
  2nd closest surface     0.816   C34 DCD X    1
  found on step  979
  no. of rejections          382
 stored as    -6

 highest radius point found:
  at point   49.181  49.924  49.791
  closest atom surface    0.796   C34 DCD X    1
  2nd closest surface     0.797   O15 DCD X    1
  found on step  965
  this is also current point
  no. of rejections          377
 stored as    -7

 highest radius point found:
  at point   49.217  49.963  49.591
  closest atom surface    0.778   O15 DCD X    1
  2nd closest surface     0.781   C34 DCD X    1
  found on step  775
 current point:
  at point   49.228  49.970  49.591
  closest atom surface    0.777   C34 DCD X    1
  2nd closest surface     0.777   H45 DCD X    1
  found on step  982
  no. of rejections          377
 stored as    -8

 highest radius point found:
  at point   48.680  48.862  49.391
  closest atom surface    0.768   H38 DCD X    1
  2nd closest surface     0.768   O15 DCD X    1
  found on step  991
  this is also current point
  no. of rejections          396
 stored as    -9

 highest radius point found:
  at point   48.662  48.785  49.191
  closest atom surface    0.794   C34 DCD X    1
  2nd closest surface     0.794   O15 DCD X    1
  found on step  998
  this is also current point
  no. of rejections          372
 stored as   -10

 highest radius point found:
  at point   48.625  48.693  48.991
  closest atom surface    0.837   O15 DCD X    1
  2nd closest surface     0.838   H38 DCD X    1
  found on step  985
  this is also current point
  no. of rejections          373
 stored as   -11

 highest radius point found:
  at point   45.603  45.043  48.791
  closest atom surface    2.571   N8  DCD X    1
  2nd closest surface     2.601   O19 DCD X    1
  found on step  999
  this is also current point
  no. of rejections          307
 stored as   -12

 highest radius point found:
  at point   38.043  36.722  48.591
  closest atom surface   11.660   H30 DCD X    1
  2nd closest surface    11.696   H62 DCD X    1
  found on step 1000
  this is also current point
  no. of rejections          232
 stored as   -13

 highest radius point found:
  at point   29.826  31.394  48.391
  closest atom surface   20.630   C56 DCD X    1
  2nd closest surface    20.733   H62 DCD X    1
  found on step  996
  this is also current point
  no. of rejections          274
 stored as   -14

 highest radius point found:
  at point   22.036  24.950  48.191
  closest atom surface   30.449   H30 DCD X    1
  2nd closest surface    30.534   C56 DCD X    1
  found on step  997
  this is also current point
  no. of rejections          253
 This is an end! (radius above  22.0 angs)
 
 N.b. Graph information routine (HOGRAP) differs 
        markedly from previous versions!
       Information now is written from -ve end
       to +ve in one pass
 
 Explanation of the meaning of each column: 
 First column "cenxyz.cvec" is the coordinate in the
   direction of the channel vector i.e. if the channel
   vector is in z (0 0 1) then it is the z coordinate.
 The second column "radius" is the hole pore radius 
   (as defined in the Biophys J 1993) article).
 The third column "cen_line_D" is the distance 
   measured along the pore centre line - with the 
   first point found set to zero. This was the first
   thing that I used to measure the distance along a pore
   but "cenxyz.cvec" is a much better general measure. 
   However, by comparing changes in this distance to changes in '   "cenxyz.cvec" one can get a measure of how straight a 
   channel is.
 The fourth column "sum{s/(area)}" is useful in conductance
   prediction -
   basically it is the sum of the thickness of each slab
   divided by its area. HOLE uses this measure to estimate
   the macroscopic conductance of a channel.
 If any of this worries you one can see the "raw" results
   of a standard hole run by producing a sphpdb file and 
    directly looking at the results.
 cenxyz.cvec      radius  cen_line_D sum{s/(area point sourc
    48.39099    20.63020   -29.12743     0.00007   (sampled)
    48.49099    16.06068   -24.23022     0.00020 (mid-point)
    48.59099    11.66044   -19.33301     0.00043   (sampled)
    48.69099     6.62950   -13.71060     0.00116 (mid-point)
    48.79099     2.57051    -8.08820     0.00597   (sampled)
    48.89099     0.91630    -5.71656     0.04389 (mid-point)
    48.99099     0.83682    -3.34492     0.08934   (sampled)
    49.09099     0.81312    -3.23340     0.13749 (mid-point)
    49.19099     0.79429    -3.12188     0.18794   (sampled)
    49.29099     0.77861    -3.01439     0.24045 (mid-point)
    49.39099     0.76829    -2.90690     0.29437   (sampled)
    49.49099     0.69232    -2.28637     0.36078 (mid-point)
    49.59099     0.77783    -1.66583     0.41339   (sampled)
    49.69099     0.78502    -1.56235     0.46504 (mid-point)
    49.79099     0.79618    -1.45887     0.51526   (sampled)
    49.89099     0.81027    -1.35568     0.56374 (mid-point)
    49.99099     0.82818    -1.25249     0.61015   (sampled)
    50.09099     0.85328    -1.15049     0.65387 (mid-point)
    50.19099     0.88224    -1.04849     0.69477   (sampled)
    50.29099     0.90766    -0.93268     0.73340 (mid-point)
    50.39099     0.93802    -0.81687     0.76958   (sampled)
    50.49099     0.97890    -0.71238     0.80280 (mid-point)
    50.59099     1.02324    -0.60789     0.83320   (sampled)
    50.69099     1.07232    -0.50628     0.86088 (mid-point)
    50.79099     1.12311    -0.40466     0.88611   (sampled)
    50.89099     1.17437    -0.30382     0.90919 (mid-point)
    50.99099     1.22808    -0.20298     0.93030   (sampled)
    51.09099     1.28536    -0.10149     0.94957 (mid-point)
    51.19099     1.34260    -0.00000     0.96723   (sampled)
    51.29099     1.38941     0.26348     0.98371 (mid-point)
    51.39099     1.45504     0.52696     0.99875   (sampled)
    51.49099     1.51728     0.62914     1.01258 (mid-point)
    51.59099     1.57877     0.73132     1.02535   (sampled)
    51.69099     1.63844     0.83698     1.03720 (mid-point)
    51.79099     1.70038     0.94265     1.04821   (sampled)
    51.89099     1.76690     1.04708     1.05841 (mid-point)
    51.99099     1.83529     1.15151     1.06786   (sampled)
    52.09099     1.90339     1.25573     1.07665 (mid-point)
    52.19099     1.97290     1.35995     1.08482   (sampled)
    52.29099     2.04547     1.46538     1.09243 (mid-point)
    52.39099     2.11896     1.57082     1.09952   (sampled)
    52.49099     2.14937     1.68965     1.10641 (mid-point)
    52.59099     2.18165     1.80848     1.11310   (sampled)
    52.69099     2.18942     1.99464     1.11974 (mid-point)
    52.79099     2.20573     2.18080     1.12628   (sampled)
    52.89099     2.22674     2.29962     1.13270 (mid-point)
    52.99099     2.24930     2.41844     1.13899   (sampled)
    53.09099     2.27191     2.55320     1.14516 (mid-point)
    53.19099     2.29900     2.68796     1.15118   (sampled)
    53.29099     2.31698     2.83749     1.15711 (mid-point)
    53.39099     2.34048     2.98703     1.16292   (sampled)
    53.49099     2.35998     3.11243     1.16864 (mid-point)
    53.59099     2.38198     3.23784     1.17425   (sampled)
    53.69099     2.38121     3.35124     1.17986 (mid-point)
    53.79099     2.38348     3.46464     1.18546   (sampled)
    53.89099     2.37273     3.57587     1.19112 (mid-point)
    53.99099     2.36278     3.68709     1.19682   (sampled)
    54.09099     2.35618     3.79329     1.20255 (mid-point)
    54.19099     2.34875     3.89949     1.20832   (sampled)
    54.29099     2.34005     4.01763     1.21414 (mid-point)
    54.39099     2.33459     4.13577     1.21998   (sampled)
    54.49099     2.32297     4.25686     1.22588 (mid-point)
    54.59099     2.31484     4.37794     1.23182   (sampled)
    54.69099     2.31281     4.49786     1.23777 (mid-point)
    54.79099     2.31382     4.61778     1.24371   (sampled)
    54.89099     2.31837     4.73836     1.24963 (mid-point)
    54.99099     2.32619     4.85894     1.25552   (sampled)
    55.09099     2.33552     4.97306     1.26135 (mid-point)
    55.19099     2.34672     5.08717     1.26713   (sampled)
    55.29099     2.34743     5.18744     1.27291 (mid-point)
    55.39099     2.35054     5.28772     1.27867   (sampled)
    55.49099     2.35733     5.38797     1.28440 (mid-point)
    55.59099     2.36612     5.48822     1.29008   (sampled)
    55.69099     2.37135     5.79815     1.29574 (mid-point)
    55.79099     2.40036     6.10807     1.30127   (sampled)
    55.89099     2.44195     6.35197     1.30661 (mid-point)
    55.99099     2.49568     6.59586     1.31172   (sampled)
    56.09099     2.53209     6.91920     1.31668 (mid-point)
    56.19099     2.59104     7.24254     1.32142   (sampled)
    56.29099     2.64614     7.35940     1.32597 (mid-point)
    56.39099     2.70350     7.47625     1.33032   (sampled)
    56.49099     2.74780     7.57977     1.33454 (mid-point)
    56.59099     2.79075     7.68329     1.33863   (sampled)
    56.69099     2.83094     7.78732     1.34260 (mid-point)
    56.79099     2.87351     7.89135     1.34645   (sampled)
    56.89099     2.91865     7.99521     1.35019 (mid-point)
    56.99099     2.96454     8.09908     1.35381   (sampled)
    57.09099     3.01347     8.20367     1.35732 (mid-point)
    57.19099     3.06309     8.30826     1.36071   (sampled)
    57.29099     3.11593     8.41250     1.36399 (mid-point)
    57.39099     3.16898     8.51675     1.36716   (sampled)
    57.49099     3.22528     8.62083     1.37022 (mid-point)
    57.59099     3.28308     8.72491     1.37317   (sampled)
    57.69099     3.34168     8.83061     1.37602 (mid-point)
    57.79099     3.40175     8.93631     1.37877   (sampled)
    57.89099     3.46368     9.04149     1.38143 (mid-point)
    57.99099     3.52675     9.14668     1.38399   (sampled)
    58.09099     3.59260     9.25093     1.38645 (mid-point)
    58.19099     3.65833     9.35519     1.38883   (sampled)
    58.29099     3.72663     9.46086     1.39112 (mid-point)
    58.39099     3.79463     9.56653     1.39333   (sampled)
    58.49099     3.86477     9.67188     1.39546 (mid-point)
    58.59099     3.93616     9.77722     1.39752   (sampled)
    58.69099     4.00827     9.88254     1.39950 (mid-point)
    58.79099     4.08124     9.98786     1.40141   (sampled)
    58.89099     4.15565    10.09344     1.40325 (mid-point)
    58.99099     4.23097    10.19902     1.40503   (sampled)
    59.09099     4.30751    10.30526     1.40675 (mid-point)
    59.19099     4.38414    10.41150     1.40840   (sampled)
    59.29099     4.46137    10.52025     1.41000 (mid-point)
    59.39099     4.53965    10.62900     1.41155   (sampled)
    59.49099     4.62034    10.73341     1.41304 (mid-point)
    59.59099     4.70180    10.83783     1.41448   (sampled)
    59.69099     4.78288    10.94392     1.41587 (mid-point)
    59.79099     4.86371    11.05001     1.41722   (sampled)
    59.89099     4.94579    11.15702     1.41852 (mid-point)
    59.99099     5.02764    11.26402     1.41978   (sampled)
    60.09099     5.11016    11.37197     1.42099 (mid-point)
    60.19099     5.19347    11.47993     1.42218   (sampled)
    60.29099     5.27836    11.58605     1.42332 (mid-point)
    60.39099     5.36245    11.69218     1.42442   (sampled)
    60.49099     5.43004    12.18651     1.42550 (mid-point)
    60.59099     5.53442    12.68084     1.42654   (sampled)
    60.69099     5.62931    12.79194     1.42755 (mid-point)
    60.79099     5.72014    12.90304     1.42852   (sampled)
    60.89099     5.81279    13.00909     1.42946 (mid-point)
    60.99099     5.90480    13.11514     1.43038   (sampled)
    61.09099     5.99679    13.22008     1.43126 (mid-point)
    61.19099     6.08881    13.32502     1.43212   (sampled)
    61.29099     6.18364    13.43707     1.43295 (mid-point)
    61.39099     6.27890    13.54911     1.43376   (sampled)
    61.49099     6.37063    13.66913     1.43454 (mid-point)
    61.59099     6.46199    13.78915     1.43531   (sampled)
    61.69099     6.52484    16.08756     1.43605 (mid-point)
    61.79099     7.20534    18.38596     1.43667   (sampled)
    61.89099     8.74933    22.23034     1.43708 (mid-point)
    61.99099    10.77880    26.07473     1.43736   (sampled)
    62.09099    13.08807    30.29941     1.43754 (mid-point)
    62.19099    16.11632    34.52409     1.43766   (sampled)

 Minimum radius found:      0.692 angstroms.



 For spherical probe approach, The geometric factor
         F= sum(ds/area) along channel is    1.438 angstroms**-1
 This yields a macroscopic predicted molar conductance of:
   (1/rho)*(100/F)= (70/rho) pS,
   where rho is the conductivity of 1M permeant ion in ohm m.
 N.B. this is a macroscopic conductance - an overestimate 
 Empirically corrected conductances currently only available
 With the CAPSULE option (although its not that stable!)
 For 1M KCl rho= 1/12 (ohm m), So Gmacro= 830 pS/M.
  (TAG      1   Rmin=     0.69232   Gmacro=   834.68698 Conn_Gmacro=    -1.00000 ).
 HOLE: normal completion
