 *** Program HOLE ***
 
 If results of this run are reported or published, please
 cite the publication listed below.
 For the HOLE program:
   Smart, O.S., Goodfellow, J.M., Wallace, B.A. (1993). 
   The pore dimensions of gramicidin A. 
   Biophys. J., 65, 2455-2460.
 
 Originally written by Oliver Smart at Birkbeck College from April 1992.
 Copyright 1993-2005 Oliver Smart
 Copyright 2014-2015 SmartSci Limited.
 Copyright 2016 Oliver Smart.
 
 For help on HOLE suite see  http://www.holeprogram.org/
 
 HOLE release 2.2.005 (07 August 2016) 
 
 usage subject to Apache License, Version 2.0 
 see http://www.apache.org/licenses/LICENSE-2.0 

 Control variables read:

! Input file for Oliver Smart's HOLE program
! written by MDAnalysis.analysis.hole2.HoleAnalysis
! for a Universe
! u = mda.Universe(/afs/crc.nd.edu/user/m/mfarshad/Private/ML-new/traj/host-dcdd
!    /afs/crc.nd.edu/user/m/mfarshad/Private/ML-new/traj/host-dcddc1/host_dcddc1
!   )
! Frame 284

COORD  /tmp/2550295.1.long/tmpqlft6eny.pdb
RADIUS simple2.rad
SPHPDB hole284.sph
SAMPLE 0.200000
ENDRAD 22.000000
IGNORE SOL WAT TIP HOH K   NA  CL
SHORTO 0
RASEED 31415
CPOINT 51.2755645303 48.6684793136 50.7535993913


 WARNING have not found a CVECT record - will try to guess
 Input pdb filename read as:    '/tmp/2550295.1.long/tmpqlft6eny.pdb'
 Input vdW radius file read as: 'simple2.rad'
 point in channel:   51.276  48.668  50.754
 channel vector:   ************************
 sampling distance between planes:    0.200

 graphics conditions:
 binary plot output file name: NONE
 Dot density:    10
 Draw dots?           T
 Draw close contacts? F
 Draw centre line?    T
 Produce spikes rather than dots? F
 Seed for random number generator:     31415 (0 means value set by program)
 Radius above which a result is regarded as an 'end':  22.000
 Pdb format file for sphere centres: hole284.sph

 Monte Carlo conditions:
  no of steps:  1000
  maximum displacement   0.100 angs
  'kT' initial   0.100 angs
 The spherebox and capsule options are turned off.
 (No molqpt card so will not write qpt file of the molecule)
 IGNORE card read so will ignore residue types: SOL WAT TIP HOH K   NA  CL
 no SHORTO card read so will produce full textual output
 As no PEGRAT card was found will not produce PEG polymer exclusion graph
 (No 2DMAPS card specified so will not produce 2D property maps)
 Have not found a CUT card.  Normal calculation using
   Cutoff lists with a cutsize=       1.000
   (if you wish to turn off option use a CUT -1 card)

 Have read     7 bond radius records and
              16 vdW radius records.
 From file: simple2.rad

 Have read   170 atom records.
 From file: /tmp/2550295.1.long/tmpqlft6eny.pdb
 Will not produce graphical output

 Have opened file for pdb format output of sphere centres:  hole284.sph

  Seed integer used by ran # generator on this run      31415

 
 S/R cguess will try to guess CPOINT and/or CVECT
 
 THESE GUESSES MAY WELL BE WRONG!!!!
 Routine relies on having a reasonably symmetric
 channel oriented along x, y or z vector
 YOU ARE STRONGLY ADVISED TO CHECK THE RESULTS
                       WITH MOLECULAR GRAPHICS
 testing points from cpoint in X, Y then Z direction
   point                   pore radius
direction     1
  46.276  48.668  50.754    -0.689
  47.276  48.668  50.754    -0.733
  48.276  48.668  50.754    -1.294
  49.276  48.668  50.754    -0.975
  50.276  48.668  50.754    -0.102
  51.276  48.668  50.754     0.855
  52.276  48.668  50.754     1.102
  53.276  48.668  50.754     0.841
  54.276  48.668  50.754     0.964
  55.276  48.668  50.754     1.427
  56.276  48.668  50.754     1.930
 Average pore radius along the line=      0.302
direction     2
  51.276  43.668  50.754    -1.216
  51.276  44.668  50.754    -0.961
  51.276  45.668  50.754    -0.743
  51.276  46.668  50.754    -0.107
  51.276  47.668  50.754     0.769
  51.276  48.668  50.754     0.855
  51.276  49.668  50.754     0.808
  51.276  50.668  50.754     0.813
  51.276  51.668  50.754     0.259
  51.276  52.668  50.754    -0.292
  51.276  53.668  50.754    -0.339
 Average pore radius along the line=     -0.014
direction     3
  51.276  48.668  45.754    -0.581
  51.276  48.668  46.754    -0.526
  51.276  48.668  47.754    -1.145
  51.276  48.668  48.754    -0.684
  51.276  48.668  49.754     0.148
  51.276  48.668  50.754     0.855
  51.276  48.668  51.754     0.805
  51.276  48.668  52.754     1.096
  51.276  48.668  53.754     1.001
  51.276  48.668  54.754     0.505
  51.276  48.668  55.754     0.175
 Average pore radius along the line=      0.150
 Best direction is found to be     1
(1=X,2=Y,3=Z)
 s/r cguess has produced initial values for cpoint &/or cvect:
CPOINT      51.2756     48.6685     50.7536
CVECT        1.0000      0.0000      0.0000
 THESE GUESSES MAY WELL BE WRONG!!!!
 Routine relies on having a reasonably symmetric
 channel oriented along x, y or z vector
 YOU ARE STRONGLY ADVISED TO CHECK THE RESULTS
                       WITH MOLECULAR GRAPHICS
 
 
  Some routines (e.g. conn) need vectors normal to cvect: 
     EAST Zero degrees angle is along vector    0.000   1.000   0.000
     NORTH  90 degrees angle is along vector    0.000   0.000  -1.000
 highest radius point found:
  at point   51.276  51.480  54.376
  closest atom surface    2.531   H15 DCD X    1
  2nd closest surface     2.534   H9  DCD X    1
  found on step  921
  this is also current point
  no. of rejections          321
 stored as     0

 highest radius point found:
  at point   51.476  51.293  54.176
  closest atom surface    2.482   H15 DCD X    1
  2nd closest surface     2.482   C58 DCD X    1
  found on step  975
  this is also current point
  no. of rejections          339
 stored as     1

 highest radius point found:
  at point   51.676  51.064  53.956
  closest atom surface    2.469   H15 DCD X    1
  2nd closest surface     2.469   H9  DCD X    1
  found on step  939
  this is also current point
  no. of rejections          382
 stored as     2

 highest radius point found:
  at point   51.876  50.763  53.623
  closest atom surface    2.453   C57 DCD X    1
  2nd closest surface     2.453   H15 DCD X    1
  found on step  977
  this is also current point
  no. of rejections          348
 stored as     3

 highest radius point found:
  at point   52.076  50.623  53.331
  closest atom surface    2.433   C57 DCD X    1
  2nd closest surface     2.433   S2  DCD X    1
  found on step  973
  this is also current point
  no. of rejections          332
 stored as     4

 highest radius point found:
  at point   52.276  50.501  52.957
  closest atom surface    2.402   C56 DCD X    1
  2nd closest surface     2.403   H15 DCD X    1
  found on step  961
  this is also current point
  no. of rejections          290
 stored as     5

 highest radius point found:
  at point   52.476  50.378  52.560
  closest atom surface    2.413   S2  DCD X    1
  2nd closest surface     2.415   C56 DCD X    1
  found on step  990
  this is also current point
  no. of rejections          303
 stored as     6

 highest radius point found:
  at point   52.676  49.797  52.492
  closest atom surface    2.317   H39 DCD X    1
  2nd closest surface     2.317   C56 DCD X    1
  found on step  931
  this is also current point
  no. of rejections          327
 stored as     7

 highest radius point found:
  at point   52.876  51.067  52.407
  closest atom surface    2.236   N8  DCD X    1
  2nd closest surface     2.237   C56 DCD X    1
  found on step 1000
  this is also current point
  no. of rejections          351
 stored as     8

 highest radius point found:
  at point   53.076  51.328  52.342
  closest atom surface    2.178   C12 DCD X    1
  2nd closest surface     2.179   C56 DCD X    1
  found on step  806
 current point:
  at point   53.076  51.323  52.339
  closest atom surface    2.178   N8  DCD X    1
  2nd closest surface     2.179   C56 DCD X    1
  found on step  933
  no. of rejections          365
 stored as     9

 highest radius point found:
  at point   53.276  51.420  52.262
  closest atom surface    2.106   C56 DCD X    1
  2nd closest surface     2.107   N8  DCD X    1
  found on step   30
 current point:
  at point   53.276  51.420  52.262
  closest atom surface    2.106   C56 DCD X    1
  2nd closest surface     2.107   N8  DCD X    1
  found on step  958
  no. of rejections          368
 stored as    10

 highest radius point found:
  at point   53.476  51.454  52.182
  closest atom surface    2.030   C56 DCD X    1
  2nd closest surface     2.030   O6  DCD X    1
  found on step  401
 current point:
  at point   53.476  51.446  52.180
  closest atom surface    2.028   C56 DCD X    1
  2nd closest surface     2.030   N8  DCD X    1
  found on step  980
  no. of rejections          348
 stored as    11

 highest radius point found:
  at point   53.676  51.526  52.122
  closest atom surface    1.961   C56 DCD X    1
  2nd closest surface     1.962   O6  DCD X    1
  found on step  129
 current point:
  at point   53.676  51.550  52.135
  closest atom surface    1.960   C56 DCD X    1
  2nd closest surface     1.960   O6  DCD X    1
  found on step  985
  no. of rejections          372
 stored as    12

 highest radius point found:
  at point   53.876  51.529  52.025
  closest atom surface    1.910   O6  DCD X    1
  2nd closest surface     1.910   C56 DCD X    1
  found on step  995
  this is also current point
  no. of rejections          388
 stored as    13

 highest radius point found:
  at point   54.076  51.545  51.933
  closest atom surface    1.870   O6  DCD X    1
  2nd closest surface     1.871   C56 DCD X    1
  found on step  977
  this is also current point
  no. of rejections          363
 stored as    14

 highest radius point found:
  at point   54.276  51.593  51.859
  closest atom surface    1.840   O6  DCD X    1
  2nd closest surface     1.841   C56 DCD X    1
  found on step  702
 current point:
  at point   54.276  51.606  51.866
  closest atom surface    1.839   O6  DCD X    1
  2nd closest surface     1.840   C56 DCD X    1
  found on step  951
  no. of rejections          380
 stored as    15

 highest radius point found:
  at point   54.476  55.981  53.673
  closest atom surface    2.951   O5  DCD X    1
  2nd closest surface     2.953   H63 DCD X    1
  found on step  998
  this is also current point
  no. of rejections          334
 stored as    16

 highest radius point found:
  at point   54.676  65.715  58.442
  closest atom surface   12.217   O5  DCD X    1
  2nd closest surface    12.265   H64 DCD X    1
  found on step 1000
  this is also current point
  no. of rejections          259
 stored as    17

 highest radius point found:
  at point   54.876  75.946  63.730
  closest atom surface   23.352   H64 DCD X    1
  2nd closest surface    23.355   H30 DCD X    1
  found on step 1000
  this is also current point
  no. of rejections          248
 This is an end! (radius above  22.0 angs)
 highest radius point found:
  at point   51.076  55.753  57.371
  closest atom surface    3.974   H64 DCD X    1
  2nd closest surface     3.979   C58 DCD X    1
  found on step 1000
  this is also current point
  no. of rejections          266
 stored as    -1

 highest radius point found:
  at point   50.876  63.675  61.709
  closest atom surface   11.716   H64 DCD X    1
  2nd closest surface    11.734   O8  DCD X    1
  found on step 1000
  this is also current point
  no. of rejections          226
 stored as    -2

 highest radius point found:
  at point   50.676  74.208  67.841
  closest atom surface   23.572   H64 DCD X    1
  2nd closest surface    23.576   O8  DCD X    1
  found on step 1000
  this is also current point
  no. of rejections          260
 This is an end! (radius above  22.0 angs)
 
 N.b. Graph information routine (HOGRAP) differs 
        markedly from previous versions!
       Information now is written from -ve end
       to +ve in one pass
 
 Explanation of the meaning of each column: 
 First column "cenxyz.cvec" is the coordinate in the
   direction of the channel vector i.e. if the channel
   vector is in z (0 0 1) then it is the z coordinate.
 The second column "radius" is the hole pore radius 
   (as defined in the Biophys J 1993) article).
 The third column "cen_line_D" is the distance 
   measured along the pore centre line - with the 
   first point found set to zero. This was the first
   thing that I used to measure the distance along a pore
   but "cenxyz.cvec" is a much better general measure. 
   However, by comparing changes in this distance to changes in '   "cenxyz.cvec" one can get a measure of how straight a 
   channel is.
 The fourth column "sum{s/(area)}" is useful in conductance
   prediction -
   basically it is the sum of the thickness of each slab
   divided by its area. HOLE uses this measure to estimate
   the macroscopic conductance of a channel.
 If any of this worries you one can see the "raw" results
   of a standard hole run by producing a sphpdb file and 
    directly looking at the results.
 cenxyz.cvec      radius  cen_line_D sum{s/(area point sourc
    50.87557    11.71600   -14.25632     0.00023   (sampled)
    50.97557     7.53317    -9.73916     0.00079 (mid-point)
    51.07557     3.97421    -5.22200     0.00281   (sampled)
    51.17557     2.59917    -2.61100     0.00752 (mid-point)
    51.27557     2.53139     0.00000     0.01249   (sampled)
    51.37557     2.50274     0.16952     0.01757 (mid-point)
    51.47557     2.48212     0.33904     0.02274   (sampled)
    51.57557     2.47061     0.52673     0.02795 (mid-point)
    51.67557     2.46922     0.71443     0.03317   (sampled)
    51.77557     2.45256     0.96029     0.03846 (mid-point)
    51.87557     2.45310     1.20615     0.04375   (sampled)
    51.97557     2.43862     1.39623     0.04911 (mid-point)
    52.07557     2.43254     1.58630     0.05448   (sampled)
    52.17557     2.41147     1.80693     0.05996 (mid-point)
    52.27557     2.40185     2.02755     0.06548   (sampled)
    52.37557     2.40200     2.25825     0.07099 (mid-point)
    52.47557     2.41277     2.48896     0.07646   (sampled)
    52.57557     2.35493     2.79770     0.08220 (mid-point)
    52.67557     2.31717     3.10644     0.08813   (sampled)
    52.77557     2.22680     3.75032     0.09455 (mid-point)
    52.87557     2.23624     4.39421     0.10091   (sampled)
    52.97557     2.20442     4.56189     0.10746 (mid-point)
    53.07557     2.17845     4.72957     0.11417   (sampled)
    53.17557     2.14087     4.84671     0.12112 (mid-point)
    53.27557     2.10629     4.96384     0.12829   (sampled)
    53.37557     2.06666     5.07289     0.13574 (mid-point)
    53.47557     2.02968     5.18194     0.14347   (sampled)
    53.57557     1.99408     5.29237     0.15148 (mid-point)
    53.67557     1.96135     5.40279     0.15975   (sampled)
    53.77557     1.93416     5.51407     0.16826 (mid-point)
    53.87557     1.91005     5.62534     0.17698   (sampled)
    53.97557     1.88849     5.73558     0.18591 (mid-point)
    54.07557     1.87026     5.84581     0.19501   (sampled)
    54.17557     1.85355     5.95517     0.20427 (mid-point)
    54.27557     1.84019     6.06452     0.21367   (sampled)
    54.37557     1.85760     8.44058     0.22290 (mid-point)
    54.47557     2.95118    10.81665     0.22655   (sampled)
    54.57557     7.14437    16.23765     0.22718 (mid-point)
    54.67557    12.21671    21.65865     0.22739   (sampled)

 Minimum radius found:      1.840 angstroms.



 For spherical probe approach, The geometric factor
         F= sum(ds/area) along channel is    0.227 angstroms**-1
 This yields a macroscopic predicted molar conductance of:
   (1/rho)*(100/F)= (440/rho) pS,
   where rho is the conductivity of 1M permeant ion in ohm m.
 N.B. this is a macroscopic conductance - an overestimate 
 Empirically corrected conductances currently only available
 With the CAPSULE option (although its not that stable!)
 For 1M KCl rho= 1/12 (ohm m), So Gmacro= 5300 pS/M.
  (TAG      1   Rmin=     1.84019   Gmacro=  5277.27315 Conn_Gmacro=    -1.00000 ).
 HOLE: normal completion
