 *** Program HOLE ***
 
 If results of this run are reported or published, please
 cite the publication listed below.
 For the HOLE program:
   Smart, O.S., Goodfellow, J.M., Wallace, B.A. (1993). 
   The pore dimensions of gramicidin A. 
   Biophys. J., 65, 2455-2460.
 
 Originally written by Oliver Smart at Birkbeck College from April 1992.
 Copyright 1993-2005 Oliver Smart
 Copyright 2014-2015 SmartSci Limited.
 Copyright 2016 Oliver Smart.
 
 For help on HOLE suite see  http://www.holeprogram.org/
 
 HOLE release 2.2.005 (07 August 2016) 
 
 usage subject to Apache License, Version 2.0 
 see http://www.apache.org/licenses/LICENSE-2.0 

 Control variables read:

! Input file for Oliver Smart's HOLE program
! written by MDAnalysis.analysis.hole2.HoleAnalysis
! for a Universe
! u = mda.Universe(/afs/crc.nd.edu/user/m/mfarshad/Private/ML-new/traj/host-dcdd
!    /afs/crc.nd.edu/user/m/mfarshad/Private/ML-new/traj/host-dcddc1/host_dcddc1
!   )
! Frame 181

COORD  /tmp/2550295.1.long/tmp2d8ao56h.pdb
RADIUS simple2.rad
SPHPDB hole181.sph
SAMPLE 0.200000
ENDRAD 22.000000
IGNORE SOL WAT TIP HOH K   NA  CL
SHORTO 0
RASEED 31415
CPOINT 51.5369271671 50.8819605883 51.8508470872


 WARNING have not found a CVECT record - will try to guess
 Input pdb filename read as:    '/tmp/2550295.1.long/tmp2d8ao56h.pdb'
 Input vdW radius file read as: 'simple2.rad'
 point in channel:   51.537  50.882  51.851
 channel vector:   ************************
 sampling distance between planes:    0.200

 graphics conditions:
 binary plot output file name: NONE
 Dot density:    10
 Draw dots?           T
 Draw close contacts? F
 Draw centre line?    T
 Produce spikes rather than dots? F
 Seed for random number generator:     31415 (0 means value set by program)
 Radius above which a result is regarded as an 'end':  22.000
 Pdb format file for sphere centres: hole181.sph

 Monte Carlo conditions:
  no of steps:  1000
  maximum displacement   0.100 angs
  'kT' initial   0.100 angs
 The spherebox and capsule options are turned off.
 (No molqpt card so will not write qpt file of the molecule)
 IGNORE card read so will ignore residue types: SOL WAT TIP HOH K   NA  CL
 no SHORTO card read so will produce full textual output
 As no PEGRAT card was found will not produce PEG polymer exclusion graph
 (No 2DMAPS card specified so will not produce 2D property maps)
 Have not found a CUT card.  Normal calculation using
   Cutoff lists with a cutsize=       1.000
   (if you wish to turn off option use a CUT -1 card)

 Have read     7 bond radius records and
              16 vdW radius records.
 From file: simple2.rad

 Have read   170 atom records.
 From file: /tmp/2550295.1.long/tmp2d8ao56h.pdb
 Will not produce graphical output

 Have opened file for pdb format output of sphere centres:  hole181.sph

  Seed integer used by ran # generator on this run      31415

 
 S/R cguess will try to guess CPOINT and/or CVECT
 
 THESE GUESSES MAY WELL BE WRONG!!!!
 Routine relies on having a reasonably symmetric
 channel oriented along x, y or z vector
 YOU ARE STRONGLY ADVISED TO CHECK THE RESULTS
                       WITH MOLECULAR GRAPHICS
 testing points from cpoint in X, Y then Z direction
   point                   pore radius
direction     1
  46.537  50.882  51.851     1.259
  47.537  50.882  51.851     1.209
  48.537  50.882  51.851     1.494
  49.537  50.882  51.851     1.264
  50.537  50.882  51.851     1.013
  51.537  50.882  51.851     0.678
  52.537  50.882  51.851     0.157
  53.537  50.882  51.851    -0.222
  54.537  50.882  51.851    -0.085
  55.537  50.882  51.851    -0.392
  56.537  50.882  51.851    -0.980
 Average pore radius along the line=      0.491
direction     2
  51.537  45.882  51.851    -0.526
  51.537  46.882  51.851    -0.575
  51.537  47.882  51.851    -0.569
  51.537  48.882  51.851    -0.413
  51.537  49.882  51.851     0.323
  51.537  50.882  51.851     0.678
  51.537  51.882  51.851     0.618
  51.537  52.882  51.851     0.871
  51.537  53.882  51.851     1.130
  51.537  54.882  51.851     1.165
  51.537  55.882  51.851     1.427
 Average pore radius along the line=      0.375
direction     3
  51.537  50.882  46.851    -0.551
  51.537  50.882  47.851    -0.498
  51.537  50.882  48.851    -0.081
  51.537  50.882  49.851     0.556
  51.537  50.882  50.851     0.768
  51.537  50.882  51.851     0.678
  51.537  50.882  52.851    -0.246
  51.537  50.882  53.851    -0.982
  51.537  50.882  54.851    -0.883
  51.537  50.882  55.851    -0.429
  51.537  50.882  56.851    -0.170
 Average pore radius along the line=     -0.167
 Best direction is found to be     1
(1=X,2=Y,3=Z)
 s/r cguess has produced initial values for cpoint &/or cvect:
CPOINT      51.5369     50.8820     51.8509
CVECT        1.0000      0.0000      0.0000
 THESE GUESSES MAY WELL BE WRONG!!!!
 Routine relies on having a reasonably symmetric
 channel oriented along x, y or z vector
 YOU ARE STRONGLY ADVISED TO CHECK THE RESULTS
                       WITH MOLECULAR GRAPHICS
 
 
  Some routines (e.g. conn) need vectors normal to cvect: 
     EAST Zero degrees angle is along vector    0.000   1.000   0.000
     NORTH  90 degrees angle is along vector    0.000   0.000  -1.000
 highest radius point found:
  at point   51.537  53.454  50.993
  closest atom surface    1.836   C11 DCD X    1
  2nd closest surface     1.837   H36 DCD X    1
  found on step  999
  this is also current point
  no. of rejections          369
 stored as     0

 highest radius point found:
  at point   51.737  55.580  50.462
  closest atom surface    1.804   N8  DCD X    1
  2nd closest surface     1.804   H36 DCD X    1
  found on step  995
  this is also current point
  no. of rejections          352
 stored as     1

 highest radius point found:
  at point   51.937  55.499  50.400
  closest atom surface    1.693   H17 DCD X    1
  2nd closest surface     1.694   N8  DCD X    1
  found on step  751
 current point:
  at point   51.937  55.502  50.401
  closest atom surface    1.692   N8  DCD X    1
  2nd closest surface     1.694   H36 DCD X    1
  found on step  984
  no. of rejections          400
 stored as     2

 highest radius point found:
  at point   52.137  55.417  50.344
  closest atom surface    1.595   H36 DCD X    1
  2nd closest surface     1.595   N8  DCD X    1
  found on step  559
 current point:
  at point   52.137  55.416  50.344
  closest atom surface    1.594   H36 DCD X    1
  2nd closest surface     1.596   N8  DCD X    1
  found on step  972
  no. of rejections          350
 stored as     3

 highest radius point found:
  at point   52.337  55.317  50.277
  closest atom surface    1.497   N7  DCD X    1
  2nd closest surface     1.497   H38 DCD X    1
  found on step  991
  this is also current point
  no. of rejections          378
 stored as     4

 highest radius point found:
  at point   52.537  55.216  50.186
  closest atom surface    1.402   H17 DCD X    1
  2nd closest surface     1.403   N7  DCD X    1
  found on step  448
 current point:
  at point   52.537  55.224  50.180
  closest atom surface    1.401   H17 DCD X    1
  2nd closest surface     1.403   H38 DCD X    1
  found on step  951
  no. of rejections          382
 stored as     5

 highest radius point found:
  at point   52.737  55.129  50.094
  closest atom surface    1.328   N7  DCD X    1
  2nd closest surface     1.329   H17 DCD X    1
  found on step  986
  this is also current point
  no. of rejections          389
 stored as     6

 highest radius point found:
  at point   52.937  55.044  49.993
  closest atom surface    1.272   H17 DCD X    1
  2nd closest surface     1.272   H38 DCD X    1
  found on step  772
 current point:
  at point   52.937  55.044  50.002
  closest atom surface    1.270   N7  DCD X    1
  2nd closest surface     1.272   H38 DCD X    1
  found on step  984
  no. of rejections          358
 stored as     7

 highest radius point found:
  at point   53.137  55.009  49.970
  closest atom surface    1.184   O10 DCD X    1
  2nd closest surface     1.184   N7  DCD X    1
  found on step  916
  this is also current point
  no. of rejections          372
 stored as     8

 highest radius point found:
  at point   53.337  55.022  49.976
  closest atom surface    1.077   O10 DCD X    1
  2nd closest surface     1.082   H38 DCD X    1
  found on step  558
 current point:
  at point   53.337  54.433  50.030
  closest atom surface    1.008   O10 DCD X    1
  2nd closest surface     1.012   N7  DCD X    1
  found on step  962
  no. of rejections          359
 stored as     9

 highest radius point found:
  at point   53.537  55.030  49.990
  closest atom surface    0.987   N7  DCD X    1
  2nd closest surface     0.987   O10 DCD X    1
  found on step  925
  this is also current point
  no. of rejections          376
 stored as    10

 highest radius point found:
  at point   53.737  55.042  49.999
  closest atom surface    0.906   O10 DCD X    1
  2nd closest surface     0.907   N7  DCD X    1
  found on step  474
 current point:
  at point   53.737  54.535  50.045
  closest atom surface    0.830   N7  DCD X    1
  2nd closest surface     0.830   O10 DCD X    1
  found on step  999
  no. of rejections          376
 stored as    11

 highest radius point found:
  at point   53.937  55.068  50.010
  closest atom surface    0.840   N7  DCD X    1
  2nd closest surface     0.842   H38 DCD X    1
  found on step  830
 current point:
  at point   53.937  55.071  50.010
  closest atom surface    0.839   H38 DCD X    1
  2nd closest surface     0.841   N7  DCD X    1
  found on step  932
  no. of rejections          392
 stored as    12

 highest radius point found:
  at point   54.137  55.108  50.013
  closest atom surface    0.775   H34 DCD X    1
  2nd closest surface     0.775   H38 DCD X    1
  found on step  982
  this is also current point
  no. of rejections          360
 stored as    13

 highest radius point found:
  at point   54.337  55.175  49.936
  closest atom surface    0.704   H34 DCD X    1
  2nd closest surface     0.707   O10 DCD X    1
  found on step  620
 current point:
  at point   54.337  55.176  49.939
  closest atom surface    0.704   H34 DCD X    1
  2nd closest surface     0.708   H38 DCD X    1
  found on step  917
  no. of rejections          384
 stored as    14

 highest radius point found:
  at point   54.537  55.248  49.883
  closest atom surface    0.657   O10 DCD X    1
  2nd closest surface     0.658   H34 DCD X    1
  found on step  849
 current point:
  at point   54.537  55.251  49.891
  closest atom surface    0.656   H38 DCD X    1
  2nd closest surface     0.657   H34 DCD X    1
  found on step  999
  no. of rejections          370
 stored as    15

 highest radius point found:
  at point   54.737  55.326  49.843
  closest atom surface    0.635   H38 DCD X    1
  2nd closest surface     0.637   H34 DCD X    1
  found on step  704
 current point:
  at point   54.737  55.326  49.849
  closest atom surface    0.634   H38 DCD X    1
  2nd closest surface     0.635   H34 DCD X    1
  found on step  972
  no. of rejections          400
 stored as    16

 highest radius point found:
  at point   54.937  55.382  49.795
  closest atom surface    0.628   O10 DCD X    1
  2nd closest surface     0.631   H34 DCD X    1
  found on step  994
  this is also current point
  no. of rejections          384
 stored as    17

 highest radius point found:
  at point   55.137  55.426  49.757
  closest atom surface    0.637   H34 DCD X    1
  2nd closest surface     0.638   O10 DCD X    1
  found on step  866
  this is also current point
  no. of rejections          396
 stored as    18

 highest radius point found:
  at point   55.337  55.468  49.722
  closest atom surface    0.666   N8  DCD X    1
  2nd closest surface     0.666   O10 DCD X    1
  found on step  914
  this is also current point
  no. of rejections          391
 stored as    19

 highest radius point found:
  at point   55.537  57.824  47.273
  closest atom surface    1.800   C17 DCD X    1
  2nd closest surface     1.804   N8  DCD X    1
  found on step 1000
  this is also current point
  no. of rejections          313
 stored as    20

 highest radius point found:
  at point   55.737  67.090  44.077
  closest atom surface    9.882   C19 DCD X    1
  2nd closest surface     9.903   N8  DCD X    1
  found on step 1000
  this is also current point
  no. of rejections          258
 stored as    21

 highest radius point found:
  at point   55.937  76.968  40.670
  closest atom surface   20.029   C19 DCD X    1
  2nd closest surface    20.072   C20 DCD X    1
  found on step  999
  this is also current point
  no. of rejections          283
 stored as    22

 highest radius point found:
  at point   56.137  86.777  38.290
  closest atom surface   30.023   N8  DCD X    1
  2nd closest surface    30.101   C20 DCD X    1
  found on step  999
  this is also current point
  no. of rejections          249
 This is an end! (radius above  22.0 angs)
 highest radius point found:
  at point   51.337  53.585  51.061
  closest atom surface    1.900   C11 DCD X    1
  2nd closest surface     1.901   H36 DCD X    1
  found on step  901
  this is also current point
  no. of rejections          363
 stored as    -1

 highest radius point found:
  at point   51.137  53.531  51.077
  closest atom surface    1.929   O15 DCD X    1
  2nd closest surface     1.930   C11 DCD X    1
  found on step  231
 current point:
  at point   51.137  54.227  51.025
  closest atom surface    1.889   O5  DCD X    1
  2nd closest surface     1.889   H36 DCD X    1
  found on step  993
  no. of rejections          365
 stored as    -2

 highest radius point found:
  at point   50.937  53.407  51.095
  closest atom surface    1.946   O5  DCD X    1
  2nd closest surface     1.946   H45 DCD X    1
  found on step  944
  this is also current point
  no. of rejections          369
 stored as    -3

 highest radius point found:
  at point   50.737  56.352  51.159
  closest atom surface    2.393   N8  DCD X    1
  2nd closest surface     2.397   O5  DCD X    1
  found on step  993
  this is also current point
  no. of rejections          397
 stored as    -4

 highest radius point found:
  at point   50.537  56.629  51.223
  closest atom surface    2.521   N8  DCD X    1
  2nd closest surface     2.523   O15 DCD X    1
  found on step  986
  this is also current point
  no. of rejections          233
 stored as    -5

 highest radius point found:
  at point   50.337  64.323  51.967
  closest atom surface    6.248   H40 DCD X    1
  2nd closest surface     6.373   N8  DCD X    1
  found on step  998
  this is also current point
  no. of rejections          201
 stored as    -6

 highest radius point found:
  at point   50.137  75.268  48.849
  closest atom surface   16.284   O14 DCD X    1
  2nd closest surface    16.375   H40 DCD X    1
  found on step 1000
  this is also current point
  no. of rejections          242
 stored as    -7

 highest radius point found:
  at point   49.937  86.231  45.352
  closest atom surface   27.432   O14 DCD X    1
  2nd closest surface    27.574   H40 DCD X    1
  found on step 1000
  this is also current point
  no. of rejections          264
 This is an end! (radius above  22.0 angs)
 
 N.b. Graph information routine (HOGRAP) differs 
        markedly from previous versions!
       Information now is written from -ve end
       to +ve in one pass
 
 Explanation of the meaning of each column: 
 First column "cenxyz.cvec" is the coordinate in the
   direction of the channel vector i.e. if the channel
   vector is in z (0 0 1) then it is the z coordinate.
 The second column "radius" is the hole pore radius 
   (as defined in the Biophys J 1993) article).
 The third column "cen_line_D" is the distance 
   measured along the pore centre line - with the 
   first point found set to zero. This was the first
   thing that I used to measure the distance along a pore
   but "cenxyz.cvec" is a much better general measure. 
   However, by comparing changes in this distance to changes in '   "cenxyz.cvec" one can get a measure of how straight a 
   channel is.
 The fourth column "sum{s/(area)}" is useful in conductance
   prediction -
   basically it is the sum of the thickness of each slab
   divided by its area. HOLE uses this measure to estimate
   the macroscopic conductance of a channel.
 If any of this worries you one can see the "raw" results
   of a standard hole run by producing a sphpdb file and 
    directly looking at the results.
 cenxyz.cvec      radius  cen_line_D sum{s/(area point sourc
    50.13693    16.28403   -23.10721     0.00012   (sampled)
    50.23693    11.02639   -17.41584     0.00038 (mid-point)
    50.33693     6.24791   -11.72446     0.00120   (sampled)
    50.43693     3.46229    -7.85841     0.00385 (mid-point)
    50.53693     2.52140    -3.99236     0.00886   (sampled)
    50.63693     2.45429    -3.81829     0.01414 (mid-point)
    50.73693     2.39341    -3.64423     0.01970   (sampled)
    50.83693     1.88240    -2.16834     0.02868 (mid-point)
    50.93693     1.94623    -0.69246     0.03709   (sampled)
    51.03693     1.93651    -0.57458     0.04558 (mid-point)
    51.13693     1.92945    -0.45671     0.05413   (sampled)
    51.23693     1.91347    -0.35278     0.06282 (mid-point)
    51.33693     1.89989    -0.24886     0.07164   (sampled)
    51.43693     1.86589    -0.12443     0.08078 (mid-point)
    51.53693     1.83577     0.00000     0.09023   (sampled)
    51.63693     1.59703     1.10054     0.10271 (mid-point)
    51.73693     1.80403     2.20109     0.11249   (sampled)
    51.83693     1.74760     2.31335     0.12291 (mid-point)
    51.93693     1.69287     2.42562     0.13402   (sampled)
    52.03693     1.64268     2.53736     0.14581 (mid-point)
    52.13693     1.59461     2.64910     0.15833   (sampled)
    52.23693     1.54741     2.76574     0.17162 (mid-point)
    52.33693     1.49723     2.88237     0.18582   (sampled)
    52.43693     1.44805     3.00329     0.20100 (mid-point)
    52.53693     1.40212     3.12421     0.21720   (sampled)
    52.63693     1.36293     3.24253     0.23433 (mid-point)
    52.73693     1.32753     3.36085     0.25239   (sampled)
    52.83693     1.29739     3.48070     0.27130 (mid-point)
    52.93693     1.27158     3.60054     0.29099   (sampled)
    53.03693     1.22881     3.70270     0.31207 (mid-point)
    53.13693     1.18372     3.80485     0.33479   (sampled)
    53.23693     1.12929     3.90510     0.35975 (mid-point)
    53.33693     1.07745     4.00534     0.38717   (sampled)
    53.43693     1.03072     4.10566     0.41713 (mid-point)
    53.53693     0.98684     4.20598     0.44981   (sampled)
    53.63693     0.94492     4.30626     0.48546 (mid-point)
    53.73693     0.90611     4.40654     0.52423   (sampled)
    53.83693     0.87181     4.50751     0.56611 (mid-point)
    53.93693     0.84001     4.60849     0.61122   (sampled)
    54.03693     0.80616     4.71053     0.66020 (mid-point)
    54.13693     0.77452     4.81256     0.71326   (sampled)
    54.23693     0.73623     4.92487     0.77199 (mid-point)
    54.33693     0.70449     5.03717     0.83612   (sampled)
    54.43693     0.67759     5.14684     0.90545 (mid-point)
    54.53693     0.65745     5.25652     0.97909   (sampled)
    54.63693     0.64378     5.36556     1.05590 (mid-point)
    54.73693     0.63470     5.47461     1.13491   (sampled)
    54.83693     0.63071     5.58124     1.21493 (mid-point)
    54.93693     0.62847     5.68786     1.29552   (sampled)
    55.03693     0.63069     5.79195     1.37554 (mid-point)
    55.13693     0.63733     5.89604     1.45391   (sampled)
    55.23693     0.64920     5.99980     1.52944 (mid-point)
    55.33693     0.66551     6.10356     1.60131   (sampled)
    55.43693     0.76723     7.80524     1.65538 (mid-point)
    55.53693     1.79972     9.50692     1.66521   (sampled)
    55.63693     5.33384    14.40891     1.66633 (mid-point)
    55.73693     9.88190    19.31090     1.66665   (sampled)
    55.83693    14.90877    24.53657     1.66680 (mid-point)
    55.93693    20.02900    29.76225     1.66688   (sampled)

 Minimum radius found:      0.628 angstroms.



 For spherical probe approach, The geometric factor
         F= sum(ds/area) along channel is    1.667 angstroms**-1
 This yields a macroscopic predicted molar conductance of:
   (1/rho)*(100/F)= (60/rho) pS,
   where rho is the conductivity of 1M permeant ion in ohm m.
 N.B. this is a macroscopic conductance - an overestimate 
 Empirically corrected conductances currently only available
 With the CAPSULE option (although its not that stable!)
 For 1M KCl rho= 1/12 (ohm m), So Gmacro= 720 pS/M.
  (TAG      1   Rmin=     0.62847   Gmacro=   719.90967 Conn_Gmacro=    -1.00000 ).
 HOLE: normal completion
