 *** Program HOLE ***
 
 If results of this run are reported or published, please
 cite the publication listed below.
 For the HOLE program:
   Smart, O.S., Goodfellow, J.M., Wallace, B.A. (1993). 
   The pore dimensions of gramicidin A. 
   Biophys. J., 65, 2455-2460.
 
 Originally written by Oliver Smart at Birkbeck College from April 1992.
 Copyright 1993-2005 Oliver Smart
 Copyright 2014-2015 SmartSci Limited.
 Copyright 2016 Oliver Smart.
 
 For help on HOLE suite see  http://www.holeprogram.org/
 
 HOLE release 2.2.005 (07 August 2016) 
 
 usage subject to Apache License, Version 2.0 
 see http://www.apache.org/licenses/LICENSE-2.0 

 Control variables read:

! Input file for Oliver Smart's HOLE program
! written by MDAnalysis.analysis.hole2.HoleAnalysis
! for a Universe
! u = mda.Universe(/afs/crc.nd.edu/user/m/mfarshad/Private/ML-new/traj/host-new_
!    /afs/crc.nd.edu/user/m/mfarshad/Private/ML-new/traj/host-new_anthracene/hos
!   )
! Frame 46

COORD  /tmp/2550309.1.long/tmp5qj3r__y.pdb
RADIUS simple2.rad
SPHPDB hole046.sph
SAMPLE 0.200000
ENDRAD 22.000000
IGNORE SOL WAT TIP HOH K   NA  CL
SHORTO 0
RASEED 31415
CPOINT 40.5605318748 40.1670803781 39.6765374652


 WARNING have not found a CVECT record - will try to guess
 Input pdb filename read as:    '/tmp/2550309.1.long/tmp5qj3r__y.pdb'
 Input vdW radius file read as: 'simple2.rad'
 point in channel:   40.561  40.167  39.677
 channel vector:   ************************
 sampling distance between planes:    0.200

 graphics conditions:
 binary plot output file name: NONE
 Dot density:    10
 Draw dots?           T
 Draw close contacts? F
 Draw centre line?    T
 Produce spikes rather than dots? F
 Seed for random number generator:     31415 (0 means value set by program)
 Radius above which a result is regarded as an 'end':  22.000
 Pdb format file for sphere centres: hole046.sph

 Monte Carlo conditions:
  no of steps:  1000
  maximum displacement   0.100 angs
  'kT' initial   0.100 angs
 The spherebox and capsule options are turned off.
 (No molqpt card so will not write qpt file of the molecule)
 IGNORE card read so will ignore residue types: SOL WAT TIP HOH K   NA  CL
 no SHORTO card read so will produce full textual output
 As no PEGRAT card was found will not produce PEG polymer exclusion graph
 (No 2DMAPS card specified so will not produce 2D property maps)
 Have not found a CUT card.  Normal calculation using
   Cutoff lists with a cutsize=       1.000
   (if you wish to turn off option use a CUT -1 card)

 Have read     7 bond radius records and
              16 vdW radius records.
 From file: simple2.rad

 Have read   118 atom records.
 From file: /tmp/2550309.1.long/tmp5qj3r__y.pdb
 Will not produce graphical output

 Have opened file for pdb format output of sphere centres:  hole046.sph

  Seed integer used by ran # generator on this run      31415

 
 S/R cguess will try to guess CPOINT and/or CVECT
 
 THESE GUESSES MAY WELL BE WRONG!!!!
 Routine relies on having a reasonably symmetric
 channel oriented along x, y or z vector
 YOU ARE STRONGLY ADVISED TO CHECK THE RESULTS
                       WITH MOLECULAR GRAPHICS
 testing points from cpoint in X, Y then Z direction
   point                   pore radius
direction     1
  35.561  40.167  39.677     0.444
  36.561  40.167  39.677     0.615
  37.561  40.167  39.677     1.115
  38.561  40.167  39.677     1.638
  39.561  40.167  39.677     2.035
  40.561  40.167  39.677     1.832
  41.561  40.167  39.677     1.603
  42.561  40.167  39.677     1.318
  43.561  40.167  39.677     1.009
  44.561  40.167  39.677     0.300
  45.561  40.167  39.677    -0.299
 Average pore radius along the line=      1.056
direction     2
  40.561  35.167  39.677    -0.929
  40.561  36.167  39.677    -0.681
  40.561  37.167  39.677    -0.013
  40.561  38.167  39.677     0.649
  40.561  39.167  39.677     1.402
  40.561  40.167  39.677     1.832
  40.561  41.167  39.677     0.980
  40.561  42.167  39.677     0.125
  40.561  43.167  39.677    -0.722
  40.561  44.167  39.677    -1.064
  40.561  45.167  39.677    -1.070
 Average pore radius along the line=      0.046
direction     3
  40.561  40.167  34.677     0.365
  40.561  40.167  35.677     0.647
  40.561  40.167  36.677     1.189
  40.561  40.167  37.677     1.341
  40.561  40.167  38.677     1.752
  40.561  40.167  39.677     1.832
  40.561  40.167  40.677     1.276
  40.561  40.167  41.677     0.754
  40.561  40.167  42.677     0.127
  40.561  40.167  43.677    -0.177
  40.561  40.167  44.677     0.071
 Average pore radius along the line=      0.834
 Best direction is found to be     1
(1=X,2=Y,3=Z)
 s/r cguess has produced initial values for cpoint &/or cvect:
CPOINT      40.5605     40.1671     39.6765
CVECT        1.0000      0.0000      0.0000
 THESE GUESSES MAY WELL BE WRONG!!!!
 Routine relies on having a reasonably symmetric
 channel oriented along x, y or z vector
 YOU ARE STRONGLY ADVISED TO CHECK THE RESULTS
                       WITH MOLECULAR GRAPHICS
 
 
  Some routines (e.g. conn) need vectors normal to cvect: 
     EAST Zero degrees angle is along vector    0.000   1.000   0.000
     NORTH  90 degrees angle is along vector    0.000   0.000  -1.000
 highest radius point found:
  at point   40.561  39.961  39.513
  closest atom surface    2.092   H31 URE X    1
  2nd closest surface     2.094   H10 URE X    1
  found on step  939
  this is also current point
  no. of rejections          405
 stored as     0

 highest radius point found:
  at point   40.761  39.996  39.483
  closest atom surface    2.049   C32 URE X    1
  2nd closest surface     2.049   H10 URE X    1
  found on step    2
 current point:
  at point   40.761  39.978  39.262
  closest atom surface    2.037   H31 URE X    1
  2nd closest surface     2.038   H10 URE X    1
  found on step  982
  no. of rejections          367
 stored as     1

 highest radius point found:
  at point   40.961  39.991  38.913
  closest atom surface    2.018   H31 URE X    1
  2nd closest surface     2.023   C20 URE X    1
  found on step  155
 current point:
  at point   40.961  40.027  39.378
  closest atom surface    2.015   H10 URE X    1
  2nd closest surface     2.016   C32 URE X    1
  found on step  980
  no. of rejections          382
 stored as     2

 highest radius point found:
  at point   41.161  40.008  38.752
  closest atom surface    2.025   H10 URE X    1
  2nd closest surface     2.031   C20 URE X    1
  found on step  289
 current point:
  at point   41.161  40.037  39.044
  closest atom surface    2.000   H10 URE X    1
  2nd closest surface     2.000   H31 URE X    1
  found on step  949
  no. of rejections          373
 stored as     3

 highest radius point found:
  at point   41.361  40.036  38.573
  closest atom surface    2.058   H31 URE X    1
  2nd closest surface     2.059   C20 URE X    1
  found on step  987
  this is also current point
  no. of rejections          399
 stored as     4

 highest radius point found:
  at point   41.561  40.061  38.417
  closest atom surface    2.107   H31 URE X    1
  2nd closest surface     2.108   H10 URE X    1
  found on step  577
 current point:
  at point   41.561  40.060  38.418
  closest atom surface    2.106   H10 URE X    1
  2nd closest surface     2.108   H31 URE X    1
  found on step  892
  no. of rejections          372
 stored as     5

 highest radius point found:
  at point   41.761  40.090  38.251
  closest atom surface    2.175   H31 URE X    1
  2nd closest surface     2.176   C20 URE X    1
  found on step  938
  this is also current point
  no. of rejections          377
 stored as     6

 highest radius point found:
  at point   41.961  40.113  38.110
  closest atom surface    2.260   C20 URE X    1
  2nd closest surface     2.260   H31 URE X    1
  found on step  929
  this is also current point
  no. of rejections          406
 stored as     7

 highest radius point found:
  at point   42.161  40.145  38.054
  closest atom surface    2.324   C19 URE X    1
  2nd closest surface     2.327   H10 URE X    1
  found on step  370
 current point:
  at point   42.161  40.300  37.694
  closest atom surface    2.315   C19 URE X    1
  2nd closest surface     2.315   H31 URE X    1
  found on step  944
  no. of rejections          385
 stored as     8

 highest radius point found:
  at point   42.361  40.304  37.684
  closest atom surface    2.378   C19 URE X    1
  2nd closest surface     2.379   C18 URE X    1
  found on step  396
 current point:
  at point   42.361  40.293  37.708
  closest atom surface    2.377   C19 URE X    1
  2nd closest surface     2.378   C44 URE X    1
  found on step  985
  no. of rejections          368
 stored as     9

 highest radius point found:
  at point   42.561  40.249  37.660
  closest atom surface    2.391   C44 URE X    1
  2nd closest surface     2.392   C18 URE X    1
  found on step  970
  this is also current point
  no. of rejections          389
 stored as    10

 highest radius point found:
  at point   42.761  40.897  36.640
  closest atom surface    2.457   C44 URE X    1
  2nd closest surface     2.458   C18 URE X    1
  found on step  798
 current point:
  at point   42.761  41.021  36.303
  closest atom surface    2.450   O9  URE X    1
  2nd closest surface     2.450   C18 URE X    1
  found on step  915
  no. of rejections          370
 stored as    11

 highest radius point found:
  at point   42.961  42.473  31.244
  closest atom surface    4.392   O8  URE X    1
  2nd closest surface     4.395   H16 URE X    1
  found on step  999
  this is also current point
  no. of rejections          294
 stored as    12

 highest radius point found:
  at point   43.161  45.053  22.209
  closest atom surface   12.428   O8  URE X    1
  2nd closest surface    12.459   H16 URE X    1
  found on step 1000
  this is also current point
  no. of rejections          230
 stored as    13

 highest radius point found:
  at point   43.361  47.403  14.301
  closest atom surface   20.383   O8  URE X    1
  2nd closest surface    20.398   O10 URE X    1
  found on step  999
  this is also current point
  no. of rejections          275
 stored as    14

 highest radius point found:
  at point   43.561  50.290   2.785
  closest atom surface   31.826   O10 URE X    1
  2nd closest surface    32.114   O8  URE X    1
  found on step  999
  this is also current point
  no. of rejections          272
 This is an end! (radius above  22.0 angs)
 highest radius point found:
  at point   40.361  39.951  39.518
  closest atom surface    2.116   C7  URE X    1
  2nd closest surface     2.117   H31 URE X    1
  found on step  961
  this is also current point
  no. of rejections          393
 stored as    -1

 highest radius point found:
  at point   40.161  39.981  39.527
  closest atom surface    2.115   H31 URE X    1
  2nd closest surface     2.118   C33 URE X    1
  found on step  281
 current point:
  at point   40.161  39.981  39.521
  closest atom surface    2.115   H31 URE X    1
  2nd closest surface     2.117   C7  URE X    1
  found on step  986
  no. of rejections          409
 stored as    -2

 highest radius point found:
  at point   39.961  40.009  39.537
  closest atom surface    2.129   C7  URE X    1
  2nd closest surface     2.130   C33 URE X    1
  found on step  726
 current point:
  at point   39.961  40.010  39.535
  closest atom surface    2.129   H31 URE X    1
  2nd closest surface     2.130   C7  URE X    1
  found on step  902
  no. of rejections          398
 stored as    -3

 highest radius point found:
  at point   39.761  40.087  39.555
  closest atom surface    2.105   O9  URE X    1
  2nd closest surface     2.105   C13 URE X    1
  found on step   89
 current point:
  at point   39.761  40.078  39.574
  closest atom surface    2.104   C13 URE X    1
  2nd closest surface     2.104   C33 URE X    1
  found on step  946
  no. of rejections          388
 stored as    -4

 highest radius point found:
  at point   39.561  40.167  39.620
  closest atom surface    2.064   O9  URE X    1
  2nd closest surface     2.070   C13 URE X    1
  found on step  366
 current point:
  at point   39.561  40.097  39.730
  closest atom surface    2.046   C13 URE X    1
  2nd closest surface     2.053   C33 URE X    1
  found on step  995
  no. of rejections          370
 stored as    -5

 highest radius point found:
  at point   39.361  40.234  39.699
  closest atom surface    2.040   C13 URE X    1
  2nd closest surface     2.044   C33 URE X    1
  found on step  243
 current point:
  at point   39.361  39.831  40.387
  closest atom surface    1.983   C8  URE X    1
  2nd closest surface     1.988   C33 URE X    1
  found on step  992
  no. of rejections          384
 stored as    -6

 highest radius point found:
  at point   39.161  40.320  39.756
  closest atom surface    2.032   C13 URE X    1
  2nd closest surface     2.032   C33 URE X    1
  found on step  366
 current point:
  at point   39.161  40.319  39.753
  closest atom surface    2.030   C13 URE X    1
  2nd closest surface     2.032   O9  URE X    1
  found on step  980
  no. of rejections          395
 stored as    -7

 highest radius point found:
  at point   38.961  40.397  39.823
  closest atom surface    2.032   C33 URE X    1
  2nd closest surface     2.032   C13 URE X    1
  found on step  970
  this is also current point
  no. of rejections          408
 stored as    -8

 highest radius point found:
  at point   38.761  39.920  40.808
  closest atom surface    2.018   C34 URE X    1
  2nd closest surface     2.019   C13 URE X    1
  found on step  500
 current point:
  at point   38.761  39.871  40.861
  closest atom surface    2.014   C13 URE X    1
  2nd closest surface     2.014   C34 URE X    1
  found on step  997
  no. of rejections          373
 stored as    -9

 highest radius point found:
  at point   38.561  40.017  40.840
  closest atom surface    2.045   C13 URE X    1
  2nd closest surface     2.045   C34 URE X    1
  found on step  288
 current point:
  at point   38.561  40.224  40.506
  closest atom surface    2.027   C13 URE X    1
  2nd closest surface     2.028   C33 URE X    1
  found on step  969
  no. of rejections          373
 stored as   -10

 highest radius point found:
  at point   38.361  40.140  40.842
  closest atom surface    2.085   C12 URE X    1
  2nd closest surface     2.086   C13 URE X    1
  found on step   31
 current point:
  at point   38.361  40.148  40.828
  closest atom surface    2.085   C13 URE X    1
  2nd closest surface     2.086   C33 URE X    1
  found on step  905
  no. of rejections          373
 stored as   -11

 highest radius point found:
  at point   38.161  40.176  41.021
  closest atom surface    2.079   C12 URE X    1
  2nd closest surface     2.084   C34 URE X    1
  found on step  156
 current point:
  at point   38.161  40.170  41.030
  closest atom surface    2.079   C12 URE X    1
  2nd closest surface     2.081   C34 URE X    1
  found on step  933
  no. of rejections          355
 stored as   -12

 highest radius point found:
  at point   37.961  40.187  41.239
  closest atom surface    2.091   C34 URE X    1
  2nd closest surface     2.091   C12 URE X    1
  found on step  871
 current point:
  at point   37.961  40.189  41.237
  closest atom surface    2.091   C34 URE X    1
  2nd closest surface     2.092   C12 URE X    1
  found on step  887
  no. of rejections          347
 stored as   -13

 highest radius point found:
  at point   37.761  40.188  41.466
  closest atom surface    2.121   C34 URE X    1
  2nd closest surface     2.122   C12 URE X    1
  found on step   86
 current point:
  at point   37.761  40.166  41.493
  closest atom surface    2.120   C34 URE X    1
  2nd closest surface     2.121   C12 URE X    1
  found on step  890
  no. of rejections          361
 stored as   -14

 highest radius point found:
  at point   37.561  39.328  43.790
  closest atom surface    2.415   C34 URE X    1
  2nd closest surface     2.437   C10 URE X    1
  found on step  999
  this is also current point
  no. of rejections          319
 stored as   -15

 highest radius point found:
  at point   37.361  39.113  50.900
  closest atom surface    5.626   C   URE X    1
  2nd closest surface     5.720   H3  URE X    1
  found on step 1000
  this is also current point
  no. of rejections          210
 stored as   -16

 highest radius point found:
  at point   37.161  39.567  58.907
  closest atom surface   12.619   H3  URE X    1
  2nd closest surface    12.665   C   URE X    1
  found on step  998
  this is also current point
  no. of rejections          277
 stored as   -17

 highest radius point found:
  at point   36.961  39.561  69.837
  closest atom surface   23.068   O   URE X    1
  2nd closest surface    23.128   H3  URE X    1
  found on step  998
  this is also current point
  no. of rejections          247
 This is an end! (radius above  22.0 angs)
 
 N.b. Graph information routine (HOGRAP) differs 
        markedly from previous versions!
       Information now is written from -ve end
       to +ve in one pass
 
 Explanation of the meaning of each column: 
 First column "cenxyz.cvec" is the coordinate in the
   direction of the channel vector i.e. if the channel
   vector is in z (0 0 1) then it is the z coordinate.
 The second column "radius" is the hole pore radius 
   (as defined in the Biophys J 1993) article).
 The third column "cen_line_D" is the distance 
   measured along the pore centre line - with the 
   first point found set to zero. This was the first
   thing that I used to measure the distance along a pore
   but "cenxyz.cvec" is a much better general measure. 
   However, by comparing changes in this distance to changes in '   "cenxyz.cvec" one can get a measure of how straight a 
   channel is.
 The fourth column "sum{s/(area)}" is useful in conductance
   prediction -
   basically it is the sum of the thickness of each slab
   divided by its area. HOLE uses this measure to estimate
   the macroscopic conductance of a channel.
 If any of this worries you one can see the "raw" results
   of a standard hole run by producing a sphpdb file and 
    directly looking at the results.
 cenxyz.cvec      radius  cen_line_D sum{s/(area point sourc
    37.16052    12.61934   -21.78670     0.00020   (sampled)
    37.26052     8.96169   -17.77542     0.00060 (mid-point)
    37.36052     5.62634   -13.76414     0.00160   (sampled)
    37.46052     3.55183   -10.20595     0.00412 (mid-point)
    37.56052     2.41503    -6.64776     0.00958   (sampled)
    37.66052     2.07880    -5.40472     0.01695 (mid-point)
    37.76052     2.12123    -4.16168     0.02402   (sampled)
    37.86052     2.10311    -4.01069     0.03122 (mid-point)
    37.96052     2.09071    -3.85969     0.03850   (sampled)
    38.06052     2.08227    -3.71135     0.04584 (mid-point)
    38.16052     2.07900    -3.56301     0.05321   (sampled)
    38.26052     2.07988    -3.42755     0.06057 (mid-point)
    38.36052     2.08543    -3.29209     0.06788   (sampled)
    38.46052     2.06375    -3.17472     0.07536 (mid-point)
    38.56052     2.04467    -3.05735     0.08297   (sampled)
    38.66052     2.02985    -2.94514     0.09070 (mid-point)
    38.76052     2.01808    -2.83293     0.09851   (sampled)
    38.86052     1.98557    -2.27651     0.10659 (mid-point)
    38.96052     2.03225    -1.72010     0.11429   (sampled)
    39.06052     2.03039    -1.60782     0.12202 (mid-point)
    39.16052     2.03169    -1.49554     0.12973   (sampled)
    39.26052     2.03425    -1.38317     0.13742 (mid-point)
    39.36052     2.04005    -1.27079     0.14507   (sampled)
    39.46052     2.05338    -1.15818     0.15262 (mid-point)
    39.56052     2.06423    -1.04557     0.16009   (sampled)
    39.66052     2.08300    -0.93298     0.16742 (mid-point)
    39.76052     2.10504    -0.82038     0.17461   (sampled)
    39.86052     2.11831    -0.71267     0.18170 (mid-point)
    39.96052     2.12946    -0.60496     0.18872   (sampled)
    40.06052     2.12127    -0.50391     0.19579 (mid-point)
    40.16052     2.11547    -0.40287     0.20291   (sampled)
    40.26052     2.11468    -0.30160     0.21002 (mid-point)
    40.36052     2.11561    -0.20033     0.21714   (sampled)
    40.46052     2.10319    -0.10017     0.22433 (mid-point)
    40.56052     2.09236    -0.00000     0.23160   (sampled)
    40.66052     2.06986     0.10262     0.23903 (mid-point)
    40.76052     2.04917     0.20525     0.24661   (sampled)
    40.86052     2.02005     0.50709     0.25441 (mid-point)
    40.96052     2.01828     0.80894     0.26223   (sampled)
    41.06052     2.02222     0.93783     0.27001 (mid-point)
    41.16052     2.02475     1.06673     0.27778   (sampled)
    41.26052     2.03918     1.20139     0.28543 (mid-point)
    41.36052     2.05850     1.33606     0.29294   (sampled)
    41.46052     2.08017     1.46373     0.30030 (mid-point)
    41.56052     2.10694     1.59140     0.30747   (sampled)
    41.66052     2.13838     1.72188     0.31443 (mid-point)
    41.76052     2.17487     1.85236     0.32116   (sampled)
    41.86052     2.21557     1.97550     0.32764 (mid-point)
    41.96052     2.26031     2.09864     0.33388   (sampled)
    42.06052     2.29257     2.20368     0.33993 (mid-point)
    42.16052     2.32359     2.30871     0.34583   (sampled)
    42.26052     2.34504     2.53341     0.35162 (mid-point)
    42.36052     2.37834     2.75811     0.35724   (sampled)
    42.46052     2.38423     2.86260     0.36284 (mid-point)
    42.56052     2.39090     2.96708     0.36841   (sampled)
    42.66052     2.37979     3.57938     0.37403 (mid-point)
    42.76052     2.45661     4.19167     0.37931   (sampled)
    42.86052     2.82520     7.00415     0.38329 (mid-point)
    42.96052     4.39155     9.81662     0.38494   (sampled)
    43.06052     8.11058    14.51551     0.38543 (mid-point)
    43.16052    12.42823    19.21439     0.38563   (sampled)
    43.26052    16.37208    23.34052     0.38575 (mid-point)
    43.36052    20.38280    27.46665     0.38583   (sampled)

 Minimum radius found:      1.986 angstroms.



 For spherical probe approach, The geometric factor
         F= sum(ds/area) along channel is    0.386 angstroms**-1
 This yields a macroscopic predicted molar conductance of:
   (1/rho)*(100/F)= (260/rho) pS,
   where rho is the conductivity of 1M permeant ion in ohm m.
 N.B. this is a macroscopic conductance - an overestimate 
 Empirically corrected conductances currently only available
 With the CAPSULE option (although its not that stable!)
 For 1M KCl rho= 1/12 (ohm m), So Gmacro= 3100 pS/M.
  (TAG      1   Rmin=     1.98557   Gmacro=  3110.18284 Conn_Gmacro=    -1.00000 ).
 HOLE: normal completion
